$ vitest run --run
[33mThe CJS build of Vite's Node API is deprecated. See https://vite.dev/guide/troubleshooting.html#vite-cjs-node-api-deprecated for more details.[39m

 RUN  v2.1.9 /Users/BYKHD/Documents/GitHub/ui-syncup

stdout | src/server/auth/__tests__/rbac.test.ts > RBAC - Property-Based Tests > Property 18: Verified users receive default roles
[2025-12-02T17:11:08.359Z] [App] [INFO] rbac.assign_role.success {
  userId: 'b5afeddc-4ec9-493b-82c6-5630e89f42bd',
  role: 'TEAM_MEMBER',
  resourceType: 'team',
  resourceId: 'ba30a19d-5699-4e05-8baa-041756f49eb1',
  roleId: '79349e0d-6c4c-4c30-801a-6bc3039eaa58'
}

stdout | src/server/auth/__tests__/rbac.test.ts > RBAC - Property-Based Tests > Property 18: Verified users receive default roles
[2025-12-02T17:11:08.680Z] [App] [INFO] rbac.assign_role.success {
  userId: 'ad100681-c2cb-40e2-804f-0baa6cd73b75',
  role: 'TEAM_MEMBER',
  resourceType: 'team',
  resourceId: 'cb0beb70-1657-4bbe-a81e-0c88667564d2',
  roleId: '04f51a32-10f9-4938-89d9-23f765649608'
}

stdout | src/server/auth/__tests__/rbac.test.ts > RBAC - Property-Based Tests > Property 18: Verified users receive default roles
[2025-12-02T17:11:09.100Z] [App] [INFO] rbac.assign_role.success {
  userId: '1485a71a-22bc-4b72-8c02-16c59819823e',
  role: 'TEAM_MEMBER',
  resourceType: 'team',
  resourceId: '2411562c-9df8-4542-b4bf-5370e8b5951f',
  roleId: 'c37e02b8-cf16-4da9-b8bf-146c82909b4b'
}

stdout | src/server/auth/__tests__/rbac.test.ts > RBAC - Property-Based Tests > Property 18: Verified users receive default roles
[2025-12-02T17:11:09.334Z] [App] [INFO] rbac.assign_role.success {
  userId: 'e754ad01-d869-4e83-9c2b-2c3ac4cda928',
  role: 'TEAM_MEMBER',
  resourceType: 'team',
  resourceId: '36c3196e-40b4-48f6-b2a1-22d3cb98e370',
  roleId: '94c1d02f-2877-4260-ba51-e471036f6147'
}

stdout | src/server/auth/__tests__/rbac.test.ts > RBAC - Property-Based Tests > Property 18: Verified users receive default roles
[2025-12-02T17:11:09.533Z] [App] [INFO] rbac.assign_role.success {
  userId: 'e481cf7a-60ac-4c51-9b67-7a140989ae0c',
  role: 'TEAM_MEMBER',
  resourceType: 'team',
  resourceId: 'e0802ba3-9949-4858-a604-a9a69e04fdd9',
  roleId: '109979c8-9094-4a99-84a1-dbefade59343'
}

stdout | src/server/auth/__tests__/rbac.test.ts > RBAC - Property-Based Tests > Property 18: Verified users receive default roles
[2025-12-02T17:11:09.828Z] [App] [INFO] rbac.assign_role.success {
  userId: 'e80a6d8d-5394-42db-bfb1-3b107c15630c',
  role: 'TEAM_MEMBER',
  resourceType: 'team',
  resourceId: '4c6cfa81-7d47-45e8-ab23-8a9eccc98a52',
  roleId: 'd26efbb5-c7b0-44c5-91ee-c974fceef71c'
}

stdout | src/server/auth/__tests__/rbac.test.ts > RBAC - Property-Based Tests > Property 18: Verified users receive default roles
[2025-12-02T17:11:10.058Z] [App] [INFO] rbac.assign_role.success {
  userId: '133859af-8bc4-4ac1-bc8f-47569d627212',
  role: 'TEAM_MEMBER',
  resourceType: 'team',
  resourceId: '7b5ea667-7c2f-41f7-ac8a-34282b34f980',
  roleId: 'ee759c0a-4d39-41d5-9e67-f3c9c3257352'
}

stdout | src/server/auth/__tests__/rbac.test.ts > RBAC - Property-Based Tests > Property 18: Verified users receive default roles
[2025-12-02T17:11:10.242Z] [App] [INFO] rbac.assign_role.success {
  userId: '6636cc65-b0c3-4203-8ab0-3d7e017fa24a',
  role: 'TEAM_MEMBER',
  resourceType: 'team',
  resourceId: '966829d4-5cbc-4613-a393-077436520b0e',
  roleId: 'f114c550-6e23-4207-a406-807e86306914'
}

stdout | src/app/api/projects/[id]/__tests__/route.property.test.ts > Project Detail API - Property Tests > Property 9: Visibility change preserves members
[2025-12-02T17:11:09.632Z] [App] [INFO] project.updated {
  projectId: 'be44d0d5-536a-48d0-a267-5acea951b7f1',
  updates: [ 'updatedAt', 'visibility' ]
}
[2025-12-02T17:11:09.667Z] [App] [INFO] project.updated {
  projectId: '583fedb0-6347-4159-9f8d-e60299539837',
  updates: [ 'updatedAt', 'visibility' ]
}
[2025-12-02T17:11:09.684Z] [App] [INFO] project.updated {
  projectId: '57cb8eae-4c26-4d6a-8655-0c50c3cd48ea',
  updates: [ 'updatedAt', 'visibility' ]
}
[2025-12-02T17:11:09.701Z] [App] [INFO] project.updated {
  projectId: 'e68e08ab-b50c-4ac5-afa9-089f624d8713',
  updates: [ 'updatedAt', 'visibility' ]
}
[2025-12-02T17:11:09.707Z] [App] [INFO] project.updated {
  projectId: '171b5963-72d8-4662-b35b-bbfd1c0b1feb',
  updates: [ 'updatedAt', 'visibility' ]
}
[2025-12-02T17:11:09.719Z] [App] [INFO] project.updated {
  projectId: '4443ab1e-207e-4ac6-b81c-36c54ab212d1',
  updates: [ 'updatedAt', 'visibility' ]
}
[2025-12-02T17:11:09.731Z] [App] [INFO] project.updated {
  projectId: 'e5717c07-8c24-4e9b-bf38-839c88fe74a6',
  updates: [ 'updatedAt', 'visibility' ]
}
[2025-12-02T17:11:09.754Z] [App] [INFO] project.updated {
  projectId: '0a5e6bad-632d-4a1f-923c-7fec43f5107b',
  updates: [ 'updatedAt', 'visibility' ]
}
[2025-12-02T17:11:09.783Z] [App] [INFO] project.updated {
  projectId: '23f40829-1ef4-47de-b47f-b11f6dcb8106',
  updates: [ 'updatedAt', 'visibility' ]
}
[2025-12-02T17:11:09.788Z] [App] [INFO] project.updated {
  projectId: '8099a8ab-b8ac-496c-a447-5c4500b0c6c8',
  updates: [ 'updatedAt', 'visibility' ]
}
[2025-12-02T17:11:09.792Z] [App] [INFO] project.updated {
  projectId: '6fbdbde6-1fa8-4453-a574-3447a4c77ab9',
  updates: [ 'updatedAt', 'visibility' ]
}
[2025-12-02T17:11:09.816Z] [App] [INFO] project.updated {
  projectId: '060f4f51-1861-448a-b016-6ed9677bea7d',
  updates: [ 'updatedAt', 'visibility' ]
}
[2025-12-02T17:11:09.821Z] [App] [INFO] project.updated {
  projectId: '4ff9d333-fc16-402c-a564-735ff9a25241',
  updates: [ 'updatedAt', 'visibility' ]
}
[2025-12-02T17:11:09.836Z] [App] [INFO] project.updated {
  projectId: '28971eb0-22a2-48bb-a49f-df4b27587129',
  updates: [ 'updatedAt', 'visibility' ]
}
[2025-12-02T17:11:09.853Z] [App] [INFO] project.updated {
  projectId: '1890c7a1-f501-4b34-86d9-a7f0254a2ae0',
  updates: [ 'updatedAt', 'visibility' ]
}
[2025-12-02T17:11:09.877Z] [App] [INFO] project.updated {
  projectId: '45705e51-8d5e-4dba-a717-848c12627268',
  updates: [ 'updatedAt', 'visibility' ]
}
[2025-12-02T17:11:09.891Z] [App] [INFO] project.updated {
  projectId: '23e120a3-95f9-451a-b88b-42ed3e89544b',
  updates: [ 'updatedAt', 'visibility' ]
}
[2025-12-02T17:11:09.961Z] [App] [INFO] project.updated {
  projectId: 'cd69e897-9d9b-4a03-b556-1880412c3fc0',
  updates: [ 'updatedAt', 'visibility' ]
}
[2025-12-02T17:11:09.999Z] [App] [INFO] project.updated {
  projectId: 'e10b3a22-12f4-4483-abe1-dcaa5d442cac',
  updates: [ 'updatedAt', 'visibility' ]
}
[2025-12-02T17:11:10.048Z] [App] [INFO] project.updated {
  projectId: '7b299c00-6403-4d51-bbbd-e1c5e8414198',
  updates: [ 'updatedAt', 'visibility' ]
}

stdout | src/app/api/projects/[id]/__tests__/route.property.test.ts > Project Detail API - Property Tests > Property 9: Public to private preserves members
[2025-12-02T17:11:10.127Z] [App] [INFO] project.updated {
  projectId: '39b7c6da-c5b0-4a3f-b5aa-565501b220a2',
  updates: [ 'updatedAt', 'visibility' ]
}

stdout | src/app/api/projects/[id]/__tests__/route.property.test.ts > Project Detail API - Property Tests > Property 9: Private to public preserves members
[2025-12-02T17:11:10.231Z] [App] [INFO] project.updated {
  projectId: '406258b0-0dbc-4e78-a434-ac6ef53ea851',
  updates: [ 'updatedAt', 'visibility' ]
}

 ✓ src/app/api/projects/[id]/__tests__/route.property.test.ts (7 tests) 2446ms
   ✓ Project Detail API - Property Tests > Property 5: Project detail response correctness 658ms
   ✓ Project Detail API - Property Tests > Property 5: canJoin is true only for public non-member projects 314ms
   ✓ Project Detail API - Property Tests > Property 5: canJoin is false for public projects where user is a member 336ms
   ✓ Project Detail API - Property Tests > Property 9: Visibility change preserves members 643ms
stdout | src/server/auth/__tests__/rbac.test.ts > RBAC - Property-Based Tests > Property 18: Verified users receive default roles
[2025-12-02T17:11:10.459Z] [App] [INFO] rbac.assign_role.success {
  userId: 'cad666e6-60a4-44ee-ba70-6e5994713968',
  role: 'TEAM_MEMBER',
  resourceType: 'team',
  resourceId: 'b8ee3ca2-5416-49dd-a3e5-8e589a847fcb',
  roleId: 'fc9ad277-2812-49c2-88c2-2b15eb1976ea'
}

stderr | src/server/auth/__tests__/auth-integration.test.ts > Integration Test: Password Reset Flow > should complete full password reset flow
{"eventId":"888f8e9a-dcfc-4e07-8286-d44795c6273b","eventType":"auth.session.tampered","timestamp":"2025-12-02T17:11:10.570Z","outcome":"failure","errorCode":"INVALID_SESSION","errorMessage":"Session token is invalid or expired","metadata":{"reason":"session_not_found_or_expired"}}

stdout | src/server/auth/__tests__/rbac.test.ts > RBAC - Property-Based Tests > Property 18: Verified users receive default roles
[2025-12-02T17:11:10.737Z] [App] [INFO] rbac.assign_role.success {
  userId: 'aab9145c-0819-4fe1-b095-13afedf7bbb1',
  role: 'TEAM_MEMBER',
  resourceType: 'team',
  resourceId: 'beb2efd2-d95d-4124-b3c0-1d817e03dbb1',
  roleId: '2f5f719d-1d67-46c3-83b0-27a54c801d0f'
}

stdout | src/server/auth/__tests__/rbac.test.ts > RBAC - Property-Based Tests > Property 18: Verified users receive default roles
[2025-12-02T17:11:10.916Z] [App] [INFO] rbac.assign_role.success {
  userId: '3d04c7f3-a1c3-4c23-a9c7-94a28b670888',
  role: 'TEAM_MEMBER',
  resourceType: 'team',
  resourceId: '3804ab63-b4d8-46b3-98ee-ec3ceb507231',
  roleId: '451becf6-b2b9-4835-90f4-c04523984bb7'
}

stdout | src/server/auth/__tests__/rbac.test.ts > RBAC - Property-Based Tests > Property 18: Verified users receive default roles
[2025-12-02T17:11:11.099Z] [App] [INFO] rbac.assign_role.success {
  userId: 'a12c19a2-fdb2-4ef1-9561-a93b0357b5de',
  role: 'TEAM_MEMBER',
  resourceType: 'team',
  resourceId: '9817b6da-1bd7-4392-b481-deb2dfe38d64',
  roleId: 'f9621a3b-3d2a-41bd-94ca-32ac8a091598'
}

stdout | src/server/auth/__tests__/rbac.test.ts > RBAC - Property-Based Tests > Property 18: Verified users receive default roles
[2025-12-02T17:11:11.290Z] [App] [INFO] rbac.assign_role.success {
  userId: 'b2f23114-8dfe-4395-96fb-d882b56ab3f8',
  role: 'TEAM_MEMBER',
  resourceType: 'team',
  resourceId: '610820f7-bc55-4519-a273-c6112326e3ff',
  roleId: '2e5072ce-f13b-456f-9ab7-690a789457ba'
}

stdout | src/server/auth/__tests__/rbac.test.ts > RBAC - Property-Based Tests > Property 18: Verified users receive default roles
[2025-12-02T17:11:11.477Z] [App] [INFO] rbac.assign_role.success {
  userId: 'f1f6bb2d-3493-42a6-82c1-11553f1cee36',
  role: 'TEAM_MEMBER',
  resourceType: 'team',
  resourceId: '5e16e75e-2591-428c-a8b9-b6ad8b7a06f6',
  roleId: 'fcaa83a8-da5a-4466-b3e9-e3523a76d7f8'
}

stdout | src/server/auth/__tests__/rbac.test.ts > RBAC - Property-Based Tests > Property 18: Verified users receive default roles
[2025-12-02T17:11:11.683Z] [App] [INFO] rbac.assign_role.success {
  userId: '9f222d12-53e0-42a3-a491-43e78255027b',
  role: 'TEAM_MEMBER',
  resourceType: 'team',
  resourceId: '142625bf-fe7c-42e6-a154-43e6c3b71577',
  roleId: '88f23f73-1913-4f0c-847a-51fc7a64c1b2'
}

stdout | src/server/auth/__tests__/rbac.test.ts > RBAC - Property-Based Tests > Property 18: Verified users receive default roles
[2025-12-02T17:11:11.882Z] [App] [INFO] rbac.assign_role.success {
  userId: 'b711260d-db39-4d81-bd9f-884a030c70b2',
  role: 'TEAM_MEMBER',
  resourceType: 'team',
  resourceId: '1ac8a22f-14a9-44e7-83a1-29b84b23cc06',
  roleId: '062257a0-ba6f-409c-8bee-aff0e20d69e2'
}

stderr | src/server/auth/__tests__/auth-integration.test.ts > Integration Test: Session Validation and Renewal > should reject expired session
{"eventId":"03c11327-7548-4216-b3ab-d7929d99cf7d","eventType":"auth.session.tampered","timestamp":"2025-12-02T17:11:11.865Z","outcome":"failure","errorCode":"INVALID_SESSION","errorMessage":"Session token is invalid or expired","metadata":{"reason":"session_not_found_or_expired"}}

stdout | src/server/auth/__tests__/rbac.test.ts > RBAC - Property-Based Tests > Property 18: Verified users receive default roles
[2025-12-02T17:11:12.097Z] [App] [INFO] rbac.assign_role.success {
  userId: 'edeef60b-ebfc-48be-acb8-693dec15a32e',
  role: 'TEAM_MEMBER',
  resourceType: 'team',
  resourceId: '471c3187-893b-477d-a16d-5518e8aec0a6',
  roleId: 'c7ed65e1-2ee0-4945-93ca-973b91954472'
}

 ✓ scripts/__tests__/migrate.property.test.ts (31 tests) 4127ms
stdout | src/server/auth/__tests__/rbac.test.ts > RBAC - Property-Based Tests > Property 18: Verified users receive default roles
[2025-12-02T17:11:12.240Z] [App] [INFO] rbac.assign_role.success {
  userId: '3e971941-b8bb-4832-b221-9f4d422fca9c',
  role: 'TEAM_MEMBER',
  resourceType: 'team',
  resourceId: '5698448f-3eee-4e46-bee7-4886ed596a86',
  roleId: '2950fa40-1c88-4d3f-b80e-2a04422bdf56'
}

stderr | src/server/auth/__tests__/auth-integration.test.ts > Integration Test: Session Validation and Renewal > should reject tampered session token
{"eventId":"532550e2-ce1f-44aa-b91f-f6b4ed984ebc","eventType":"auth.session.tampered","timestamp":"2025-12-02T17:11:12.097Z","outcome":"failure","errorCode":"INVALID_SESSION","errorMessage":"Session token is invalid or expired","metadata":{"reason":"session_not_found_or_expired"}}

stderr | src/server/auth/__tests__/auth-integration.test.ts > Integration Test: Rate Limiting Behavior > should enforce IP-based rate limiting
{"eventId":"c3429713-4ce4-4d2a-8210-f223447aaa13","eventType":"auth.rate_limit.exceeded","timestamp":"2025-12-02T17:11:12.140Z","outcome":"failure","metadata":{"key":"ip:192.168.1.9","limit":5,"windowMs":60000,"count":5,"resetAt":"2025-12-02T17:12:12.140Z"}}

stderr | src/server/auth/__tests__/auth-integration.test.ts > Integration Test: Rate Limiting Behavior > should enforce email-based rate limiting
{"eventId":"be33bd33-698f-4736-8804-6097861cb1a2","eventType":"auth.rate_limit.exceeded","timestamp":"2025-12-02T17:11:12.200Z","outcome":"failure","metadata":{"key":"email:ratelimit-1764695472200@example.com","limit":3,"windowMs":900000,"count":3,"resetAt":"2025-12-02T17:26:12.200Z"}}

stderr | src/server/auth/__tests__/auth-integration.test.ts > Integration Test: Rate Limiting Behavior > should track separate rate limits for different keys
{"eventId":"f69db560-8a2a-4ff8-b563-8999258f5d16","eventType":"auth.rate_limit.exceeded","timestamp":"2025-12-02T17:11:12.258Z","outcome":"failure","metadata":{"key":"ip:192.168.1.117","limit":5,"windowMs":60000,"count":5,"resetAt":"2025-12-02T17:12:12.258Z"}}

stdout | src/server/auth/__tests__/rbac.test.ts > RBAC - Property-Based Tests > Property 18: Verified users receive default roles
[2025-12-02T17:11:12.402Z] [App] [INFO] rbac.assign_role.success {
  userId: '6c15deb1-5d80-455f-b9b7-003994642b01',
  role: 'TEAM_MEMBER',
  resourceType: 'team',
  resourceId: '3d29b2f1-adc0-4353-8013-c3333eb54052',
  roleId: 'f20904a8-851b-480b-88e9-943a40203cfa'
}

stdout | src/server/auth/__tests__/rbac.test.ts > RBAC - Property-Based Tests > Property 18: Verified users receive default roles
[2025-12-02T17:11:12.742Z] [App] [INFO] rbac.assign_role.success {
  userId: 'a4bf11bd-8235-455b-83b7-d1cdb39e3f20',
  role: 'TEAM_MEMBER',
  resourceType: 'team',
  resourceId: 'e03c4ce0-c701-487c-8825-488a83fa5be8',
  roleId: 'd5306efb-be0b-48f9-9014-48a685f82e44'
}

stderr | src/server/auth/__tests__/auth-integration.test.ts > Integration Test: Concurrent Session Handling > should delete only specific session on sign-out
{"eventId":"c90f23da-7438-47c8-be53-46820b3c9b7c","eventType":"auth.session.tampered","timestamp":"2025-12-02T17:11:12.868Z","outcome":"failure","errorCode":"INVALID_SESSION","errorMessage":"Session token is invalid or expired","metadata":{"reason":"session_not_found_or_expired"}}

stdout | src/server/auth/__tests__/rbac.test.ts > RBAC - Property-Based Tests > Property 18: Verified users receive default roles
[2025-12-02T17:11:12.947Z] [App] [INFO] rbac.assign_role.success {
  userId: 'a282a218-8b0c-497d-8518-29f34de9bef5',
  role: 'TEAM_MEMBER',
  resourceType: 'team',
  resourceId: '10d27ab5-f965-4552-bea7-6af6a8b07d37',
  roleId: '23ebf1a3-dd95-4aba-969a-f67e1241c9d2'
}

stdout | src/server/auth/__tests__/rbac.test.ts > RBAC - Property-Based Tests > Property 18: Verified users receive default roles
[2025-12-02T17:11:13.285Z] [App] [INFO] rbac.assign_role.success {
  userId: '21e6178b-c420-4627-9927-fde85e40be81',
  role: 'TEAM_MEMBER',
  resourceType: 'team',
  resourceId: '2544e6e8-2b7f-40fe-bacf-3471d07d3b5d',
  roleId: 'f58367aa-f500-4a32-818b-26a0baf97e79'
}

stderr | src/server/auth/__tests__/auth-integration.test.ts > Integration Test: Concurrent Session Handling > should delete all sessions on password reset
{"eventId":"ec24e17b-7979-47f2-854d-049e73f7ca20","eventType":"auth.session.tampered","timestamp":"2025-12-02T17:11:13.263Z","outcome":"failure","errorCode":"INVALID_SESSION","errorMessage":"Session token is invalid or expired","metadata":{"reason":"session_not_found_or_expired"}}
{"eventId":"27f80e52-8b70-4199-9f6b-4fd06ceaed3d","eventType":"auth.session.tampered","timestamp":"2025-12-02T17:11:13.264Z","outcome":"failure","errorCode":"INVALID_SESSION","errorMessage":"Session token is invalid or expired","metadata":{"reason":"session_not_found_or_expired"}}
{"eventId":"e47ada36-d3c5-4260-bce0-c695a145cc62","eventType":"auth.session.tampered","timestamp":"2025-12-02T17:11:13.264Z","outcome":"failure","errorCode":"INVALID_SESSION","errorMessage":"Session token is invalid or expired","metadata":{"reason":"session_not_found_or_expired"}}

 ✓ src/server/auth/__tests__/auth-integration.test.ts (15 tests) 5346ms
   ✓ Integration Test: Complete Registration → Verification → Sign-in Flow > should complete full registration and sign-in flow 607ms
   ✓ Integration Test: Complete Registration → Verification → Sign-in Flow > should reject sign-in with unverified email 432ms
   ✓ Integration Test: Sign-in with Invalid Credentials > should reject sign-in with wrong password 793ms
   ✓ Integration Test: Password Reset Flow > should complete full password reset flow 1095ms
   ✓ Integration Test: Session Validation and Renewal > should validate and extend session 461ms
   ✓ Integration Test: Session Validation and Renewal > should reject expired session 304ms
   ✓ Integration Test: Concurrent Session Handling > should delete only specific session on sign-out 349ms
   ✓ Integration Test: Concurrent Session Handling > should delete all sessions on password reset 408ms
stdout | src/server/auth/__tests__/rbac.test.ts > RBAC - Property-Based Tests > Property 18: Verified users receive default roles
[2025-12-02T17:11:13.515Z] [App] [INFO] rbac.assign_role.success {
  userId: '50036837-8424-427f-b142-fd0e5b7c475f',
  role: 'TEAM_MEMBER',
  resourceType: 'team',
  resourceId: '6cc75a2b-8283-4118-b59e-79e0f275777e',
  roleId: '0003fe6c-49b7-4d21-bf34-61be7a81d1cc'
}

stdout | src/server/auth/__tests__/rbac.test.ts > RBAC - Property-Based Tests > Property 18: Verified users receive default roles
[2025-12-02T17:11:13.665Z] [App] [INFO] rbac.assign_role.success {
  userId: '886dbaf2-963f-4a1a-8518-36961455d4d0',
  role: 'TEAM_MEMBER',
  resourceType: 'team',
  resourceId: '44ba9380-abcb-4394-bb6c-2e594c37b297',
  roleId: '081e4e77-5640-4c14-a91e-cc4046e3f6b6'
}

stdout | src/server/auth/__tests__/rbac.test.ts > RBAC - Property-Based Tests > Property 18: Verified users receive default roles
[2025-12-02T17:11:13.847Z] [App] [INFO] rbac.assign_role.success {
  userId: '5b134ace-69e2-4191-9c5d-2443bb48cb22',
  role: 'TEAM_MEMBER',
  resourceType: 'team',
  resourceId: '4a807865-a571-4bcd-8fce-3a6c88d2ae9a',
  roleId: 'f98010b4-4318-4d14-9d21-1c971ef395c0'
}

stdout | src/server/auth/__tests__/rbac.test.ts > RBAC - Property-Based Tests > Property 18: Verified users receive default roles
[2025-12-02T17:11:14.051Z] [App] [INFO] rbac.assign_role.success {
  userId: '5021152d-c9a8-47df-a3dc-461641f6477e',
  role: 'TEAM_MEMBER',
  resourceType: 'team',
  resourceId: 'a98773a1-f103-4033-82ca-c03c241759d0',
  roleId: '2621ad70-e098-4cc5-859c-dd6fefdf1633'
}

stdout | src/server/auth/__tests__/rbac.test.ts > RBAC - Property-Based Tests > Property 18: Verified users receive default roles
[2025-12-02T17:11:14.264Z] [App] [INFO] rbac.assign_role.success {
  userId: '645efb3a-4e38-466b-a1b8-76f1e70b68e0',
  role: 'TEAM_MEMBER',
  resourceType: 'team',
  resourceId: '3ebc2b45-d0ac-4577-9979-537d26aeb2ce',
  roleId: '103dc11d-7ece-4ae1-89a8-ef5ba6e2d94d'
}

stdout | src/server/auth/__tests__/rbac.test.ts > RBAC - Property-Based Tests > Property 18: Verified users receive default roles
[2025-12-02T17:11:14.551Z] [App] [INFO] rbac.assign_role.success {
  userId: '34c6d0ae-3886-4119-b407-cfe7776287ee',
  role: 'TEAM_MEMBER',
  resourceType: 'team',
  resourceId: '9b1ee543-b67d-45ff-a12c-d762ba227975',
  roleId: 'c39f05e9-b282-4322-ab89-f4609bdd7bab'
}

stdout | src/server/auth/__tests__/rbac.test.ts > RBAC - Property-Based Tests > Property 18: Verified users receive default roles
[2025-12-02T17:11:14.748Z] [App] [INFO] rbac.assign_role.success {
  userId: '776e2e04-238d-4fb4-a2ee-1fdd7dc7c7ba',
  role: 'TEAM_MEMBER',
  resourceType: 'team',
  resourceId: '695b583b-6e64-48c6-b33b-ef5ace0f4155',
  roleId: '35e30cf6-9ebd-42f2-8ac0-8a9fc40ea36d'
}

stdout | src/server/teams/__tests__/team-context.property.test.ts > Property 36: Last active team loads from database first > database value is used when both database and cookie are set
[2025-12-02T17:11:09.122Z] [App] [INFO] {"eventId":"c90b61c2-1364-49ee-84b8-e6758e49a187","eventType":"team.create.success","timestamp":"2025-12-02T17:11:09.122Z","outcome":"success","userId":"a3f04f14-3a39-448e-bfd7-a249796c76da","teamId":"199d9902-ca83-4384-abb6-aa177992537b","teamName":"GpdoAdX.Il~vAn","metadata":{"slug":"gpdoadxilvan","planId":"free"}}
[2025-12-02T17:11:09.138Z] [App] [INFO] {"eventId":"bc0630d7-530a-4c3c-a47d-fc3f8598ccbd","eventType":"team.create.success","timestamp":"2025-12-02T17:11:09.138Z","outcome":"success","userId":"a3f04f14-3a39-448e-bfd7-a249796c76da","teamId":"10ebce5e-6922-490e-baf5-23b7a46d8d8b","teamName":"0+NPEwW","metadata":{"slug":"0npeww","planId":"free"}}
[2025-12-02T17:11:09.171Z] [App] [INFO] {"eventId":"b55ec9e0-e304-4d7e-a024-acd791e4b376","eventType":"team.create.success","timestamp":"2025-12-02T17:11:09.171Z","outcome":"success","userId":"6aab44ac-ab60-4650-a44c-a9bd458f2f3a","teamId":"1e2aee53-dd11-41db-aef0-71e146ed05fb","teamName":"I#K'z kVL55}","metadata":{"slug":"ikz-kvl55","planId":"free"}}
[2025-12-02T17:11:09.172Z] [App] [INFO] {"eventId":"dfa0ec1d-3511-4266-89b8-0f872332ef4a","eventType":"team.create.success","timestamp":"2025-12-02T17:11:09.172Z","outcome":"success","userId":"6aab44ac-ab60-4650-a44c-a9bd458f2f3a","teamId":"1fd53aed-105a-4708-af10-e19aefbcd956","teamName":"KY","metadata":{"slug":"ky","planId":"free"}}
[2025-12-02T17:11:09.188Z] [App] [INFO] {"eventId":"efdf86e9-3696-4e38-9e42-b5eb4ad1f534","eventType":"team.create.success","timestamp":"2025-12-02T17:11:09.188Z","outcome":"success","userId":"68bc0faa-41d3-4c09-9427-6346899fe829","teamId":"c4ff4f03-9d66-46ea-a381-403b90c836ce","teamName":"2V[sVfY","metadata":{"slug":"2vsvfy","planId":"free"}}
[2025-12-02T17:11:09.210Z] [App] [INFO] {"eventId":"5532147c-fd73-4219-9162-b4b85c50acf9","eventType":"team.create.success","timestamp":"2025-12-02T17:11:09.210Z","outcome":"success","userId":"68bc0faa-41d3-4c09-9427-6346899fe829","teamId":"1f051fee-245f-4a6f-bf29-0ef0b9eea4a8","teamName":"r&\"\"&~%!w","metadata":{"slug":"rw","planId":"free"}}
[2025-12-02T17:11:09.223Z] [App] [INFO] {"eventId":"1c6948f5-d73b-400a-a701-7957fe972595","eventType":"team.create.success","timestamp":"2025-12-02T17:11:09.223Z","outcome":"success","userId":"eedc9c5c-1171-4040-b02c-0f2934049fa7","teamId":"e95b94f7-3065-40fd-bc34-2f4230db74f9","teamName":"ZzXHxJ%]","metadata":{"slug":"zzxhxj","planId":"free"}}
[2025-12-02T17:11:09.232Z] [App] [INFO] {"eventId":"a79487b9-04e1-4ac3-af69-8d30d1866184","eventType":"team.create.success","timestamp":"2025-12-02T17:11:09.232Z","outcome":"success","userId":"eedc9c5c-1171-4040-b02c-0f2934049fa7","teamId":"76fddbde-2d9e-4361-bc0b-987ad988ff5d","teamName":"Q?a%-x|z","metadata":{"slug":"qa-xz","planId":"free"}}
[2025-12-02T17:11:09.240Z] [App] [INFO] {"eventId":"f957b4cf-a2b5-42fc-b622-4d81f8c20224","eventType":"team.create.success","timestamp":"2025-12-02T17:11:09.240Z","outcome":"success","userId":"1e9d75e7-ab28-4461-a13f-8e62837e24b8","teamId":"d7d14e68-fdf3-4221-9b27-f0f6b34f3f58","teamName":"vLJg=P","metadata":{"slug":"vljgp","planId":"free"}}
[2025-12-02T17:11:09.248Z] [App] [INFO] {"eventId":"3879c19d-66d5-4da6-8752-0dcc5ab0442d","eventType":"team.create.success","timestamp":"2025-12-02T17:11:09.248Z","outcome":"success","userId":"1e9d75e7-ab28-4461-a13f-8e62837e24b8","teamId":"10a24fbd-3a50-4916-ab63-f78e7d6fcbcc","teamName":"UU~h`9}V","metadata":{"slug":"uuh9v","planId":"free"}}
[2025-12-02T17:11:09.269Z] [App] [INFO] {"eventId":"cba7ff04-bfad-4ec9-a9e0-2eddecc1645e","eventType":"team.create.success","timestamp":"2025-12-02T17:11:09.269Z","outcome":"success","userId":"5dbfdd12-88cc-4ad3-a815-36c328f5ecb1","teamId":"1adfa0e0-1a58-4a25-8c2a-c081128aebcd","teamName":"/CJX?ZWH","metadata":{"slug":"cjxzwh","planId":"free"}}
[2025-12-02T17:11:09.304Z] [App] [INFO] {"eventId":"a560cd2a-8a63-4b72-8b59-827540130881","eventType":"team.create.success","timestamp":"2025-12-02T17:11:09.304Z","outcome":"success","userId":"5dbfdd12-88cc-4ad3-a815-36c328f5ecb1","teamId":"4257519e-fb49-4c59-907e-7e9bf3c97b37","teamName":"ref","metadata":{"slug":"ref","planId":"free"}}
[2025-12-02T17:11:09.377Z] [App] [INFO] {"eventId":"4d4b1dae-e4bf-4527-8106-4579f3300c81","eventType":"team.create.success","timestamp":"2025-12-02T17:11:09.377Z","outcome":"success","userId":"5eb10a68-2af4-4d1f-b39f-9ef5c39c6181","teamId":"0ef4b720-f0ee-4a61-bdea-c6bb8f49ce89","teamName":"?@<a8w~cq&w","metadata":{"slug":"a8wcqw","planId":"free"}}
[2025-12-02T17:11:09.381Z] [App] [INFO] {"eventId":"2ed9c242-16c8-41da-a5ab-50828bfb4f18","eventType":"team.create.success","timestamp":"2025-12-02T17:11:09.381Z","outcome":"success","userId":"5eb10a68-2af4-4d1f-b39f-9ef5c39c6181","teamId":"cea7cc66-b5c4-4585-94d2-bfcc51e887ac","teamName":"jC{ZS@@XDb.","metadata":{"slug":"jczsxdb","planId":"free"}}
[2025-12-02T17:11:09.386Z] [App] [INFO] {"eventId":"9f1f10e6-4b96-4007-8dc4-2b17e00034b5","eventType":"team.create.success","timestamp":"2025-12-02T17:11:09.386Z","outcome":"success","userId":"e0cb9595-5f4b-43b9-b006-e6078fe278fe","teamId":"fd5c8121-a3a5-4982-983d-7b94487ea681","teamName":"j7:tA#N#B9`z","metadata":{"slug":"j7tanb9z","planId":"free"}}
[2025-12-02T17:11:09.387Z] [App] [INFO] {"eventId":"146acb5a-bcb1-4516-8612-6edc6e0f0d52","eventType":"team.create.success","timestamp":"2025-12-02T17:11:09.387Z","outcome":"success","userId":"e0cb9595-5f4b-43b9-b006-e6078fe278fe","teamId":"3a88843a-4d36-46bf-93be-99bfa9131f27","teamName":":KLF~cwIX","metadata":{"slug":"klfcwix","planId":"free"}}
[2025-12-02T17:11:09.397Z] [App] [INFO] {"eventId":"42f091aa-e6f0-41c6-9eaf-1c91f12269cd","eventType":"team.create.success","timestamp":"2025-12-02T17:11:09.397Z","outcome":"success","userId":"6de8d00a-3930-4dd6-a3ce-ffa9fbc6d149","teamId":"3abc55d8-09b3-46d0-a07b-7a72e5d630be","teamName":"Yz MYGRyZC-","metadata":{"slug":"yz-mygryzc","planId":"free"}}
[2025-12-02T17:11:09.399Z] [App] [INFO] {"eventId":"ff21ba4e-f857-4b96-b243-f913100489d7","eventType":"team.create.success","timestamp":"2025-12-02T17:11:09.399Z","outcome":"success","userId":"6de8d00a-3930-4dd6-a3ce-ffa9fbc6d149","teamId":"e306ce68-87ce-49a1-94e4-64d704e82c6d","teamName":"zyPwH","metadata":{"slug":"zypwh","planId":"free"}}
[2025-12-02T17:11:09.415Z] [App] [INFO] {"eventId":"cc960991-f2bd-465d-8720-8aded3998ab3","eventType":"team.create.success","timestamp":"2025-12-02T17:11:09.415Z","outcome":"success","userId":"4536f37d-0554-4432-8d38-ffdcecf53305","teamId":"57a72959-0a36-4927-a47c-e3d3b8a798bb","teamName":"Rrn~^~eq#{","metadata":{"slug":"rrneq","planId":"free"}}
[2025-12-02T17:11:09.424Z] [App] [INFO] {"eventId":"fa194dd1-da6c-418b-ba3a-44209348275b","eventType":"team.create.success","timestamp":"2025-12-02T17:11:09.424Z","outcome":"success","userId":"4536f37d-0554-4432-8d38-ffdcecf53305","teamId":"c2bcbfa0-67d4-4991-b004-80a1a0c6556b","teamName":"O:5{QX'tf`","metadata":{"slug":"o5qxtf","planId":"free"}}
[2025-12-02T17:11:09.462Z] [App] [INFO] {"eventId":"40c6ea40-839f-4b1b-b42a-536f0706c0e8","eventType":"team.create.success","timestamp":"2025-12-02T17:11:09.462Z","outcome":"success","userId":"9212b0d1-76b3-462b-afae-e8fd26246f69","teamId":"3c397b0e-b4db-4b06-beb7-82a8344ac28c","teamName":"M<zM'4+/6mz","metadata":{"slug":"mzm46mz","planId":"free"}}
[2025-12-02T17:11:09.466Z] [App] [INFO] {"eventId":"3d729419-9a0b-4227-ae89-ce110e17d03b","eventType":"team.create.success","timestamp":"2025-12-02T17:11:09.466Z","outcome":"success","userId":"9212b0d1-76b3-462b-afae-e8fd26246f69","teamId":"322707c0-e48f-4e0f-81ef-91b1489ce809","teamName":"2 KRGV","metadata":{"slug":"2-krgv","planId":"free"}}
[2025-12-02T17:11:09.487Z] [App] [INFO] {"eventId":"925a8b75-04f0-4846-ae18-0bed771132d2","eventType":"team.create.success","timestamp":"2025-12-02T17:11:09.487Z","outcome":"success","userId":"4101be8e-dafb-4b8a-b29c-cd96adbc810f","teamId":"726557f0-e86a-4b59-94aa-522609099b31","teamName":"a5~zh'e2rV2~","metadata":{"slug":"a5zhe2rv2","planId":"free"}}
[2025-12-02T17:11:09.488Z] [App] [INFO] {"eventId":"fb428ee5-b406-4ff3-93db-98f0b9847742","eventType":"team.create.success","timestamp":"2025-12-02T17:11:09.488Z","outcome":"success","userId":"4101be8e-dafb-4b8a-b29c-cd96adbc810f","teamId":"494d3d2b-eaf4-4610-b943-4ce68cc9d772","teamName":"D!LBSp","metadata":{"slug":"dlbsp","planId":"free"}}
[2025-12-02T17:11:09.496Z] [App] [INFO] {"eventId":"dcef423e-c044-40ad-ab60-a532f53e9ea8","eventType":"team.create.success","timestamp":"2025-12-02T17:11:09.496Z","outcome":"success","userId":"29f0ff8d-59cb-42f4-814a-43697645a7a0","teamId":"1a6c1361-d52b-43e1-94f5-a0402a6cdcc1","teamName":"call","metadata":{"slug":"call","planId":"free"}}
[2025-12-02T17:11:09.498Z] [App] [INFO] {"eventId":"9bdd7e2f-bc72-4a6e-bf3e-73ef56e1d5a5","eventType":"team.create.success","timestamp":"2025-12-02T17:11:09.498Z","outcome":"success","userId":"29f0ff8d-59cb-42f4-814a-43697645a7a0","teamId":"a6063e87-70dc-4afd-8ca6-303196fd1e9b","teamName":"lg!PbWIpaO!}","metadata":{"slug":"lgpbwipao","planId":"free"}}
[2025-12-02T17:11:09.502Z] [App] [INFO] {"eventId":"1646a221-96aa-46eb-85d6-a25d7f1b67b7","eventType":"team.create.success","timestamp":"2025-12-02T17:11:09.502Z","outcome":"success","userId":"ed09d0a4-a2fd-4e04-b104-4cded96d27dc","teamId":"e07d931a-942f-46fa-a153-63f7cfd47727","teamName":"F;0ep","metadata":{"slug":"f0ep","planId":"free"}}
[2025-12-02T17:11:09.503Z] [App] [INFO] {"eventId":"64d60e00-5bac-46e2-8252-f370007567e7","eventType":"team.create.success","timestamp":"2025-12-02T17:11:09.503Z","outcome":"success","userId":"ed09d0a4-a2fd-4e04-b104-4cded96d27dc","teamId":"dca672c8-4d66-47df-9eb2-881f8897eb4d","teamName":"$73","metadata":{"slug":"73","planId":"free"}}
[2025-12-02T17:11:09.513Z] [App] [INFO] {"eventId":"7cc3e047-d816-4b6e-bc91-d91c5d596312","eventType":"team.create.success","timestamp":"2025-12-02T17:11:09.513Z","outcome":"success","userId":"d4db9841-3226-4564-8370-f6a94b4a7bf9","teamId":"55e879a9-5905-4c25-bee8-d3e7d9f6c4d1","teamName":"m]v5","metadata":{"slug":"mv5","planId":"free"}}
[2025-12-02T17:11:09.515Z] [App] [INFO] {"eventId":"38b27b36-ee7e-4826-9a7b-ae09cc4e134a","eventType":"team.create.success","timestamp":"2025-12-02T17:11:09.515Z","outcome":"success","userId":"d4db9841-3226-4564-8370-f6a94b4a7bf9","teamId":"662a9049-70d1-4ca7-a863-c69e9b7b0313","teamName":"_T5jI","metadata":{"slug":"t5ji","planId":"free"}}
[2025-12-02T17:11:09.526Z] [App] [INFO] {"eventId":"b9b89213-d6b6-4c4d-883b-d1af766a0ec6","eventType":"team.create.success","timestamp":"2025-12-02T17:11:09.526Z","outcome":"success","userId":"6fa6284a-a664-4e69-8c81-c68c861a49d6","teamId":"d825da0f-85b3-40b4-93ed-df5c1b150508","teamName":")iBX","metadata":{"slug":"ibx","planId":"free"}}
[2025-12-02T17:11:09.543Z] [App] [INFO] {"eventId":"eabcfb6c-1488-4410-9148-eeca2ded9335","eventType":"team.create.success","timestamp":"2025-12-02T17:11:09.543Z","outcome":"success","userId":"6fa6284a-a664-4e69-8c81-c68c861a49d6","teamId":"482a38ad-c48c-4ffe-bc8f-003a8bef0d85","teamName":"6#-A5|kg=","metadata":{"slug":"6-a5kg","planId":"free"}}
[2025-12-02T17:11:09.622Z] [App] [INFO] {"eventId":"a6f038ed-b317-401d-9e6d-cca0284a7b15","eventType":"team.create.success","timestamp":"2025-12-02T17:11:09.622Z","outcome":"success","userId":"51d2599b-5a58-4c4b-a172-eb9f52a8baf0","teamId":"b5492cdb-0302-46ce-9c05-49dbcdcdc93e","teamName":")iz1kd","metadata":{"slug":"iz1kd","planId":"free"}}
[2025-12-02T17:11:09.631Z] [App] [INFO] {"eventId":"b14d95fe-4ab6-4ec8-a4a4-8a17d9395977","eventType":"team.create.success","timestamp":"2025-12-02T17:11:09.631Z","outcome":"success","userId":"51d2599b-5a58-4c4b-a172-eb9f52a8baf0","teamId":"5f207074-3cf7-4698-9236-e0c8a54ec10c","teamName":"08EvZ0","metadata":{"slug":"08evz0","planId":"free"}}
[2025-12-02T17:11:09.698Z] [App] [INFO] {"eventId":"3444353b-8f55-49f7-985f-4f4283f23044","eventType":"team.create.success","timestamp":"2025-12-02T17:11:09.698Z","outcome":"success","userId":"1b968260-8726-4865-9fbf-60f3a8f2997a","teamId":"3c5c60bb-c608-4d76-b0a1-3b0429881720","teamName":"Aappl","metadata":{"slug":"aappl","planId":"free"}}
[2025-12-02T17:11:09.719Z] [App] [INFO] {"eventId":"3a6116ea-d4e1-4e55-ab78-f225e9421e74","eventType":"team.create.success","timestamp":"2025-12-02T17:11:09.719Z","outcome":"success","userId":"1b968260-8726-4865-9fbf-60f3a8f2997a","teamId":"c6f0c104-1041-4273-b4d7-de75f60c1b08","teamName":"dtcpzu2h","metadata":{"slug":"dtcpzu2h","planId":"free"}}
[2025-12-02T17:11:09.726Z] [App] [INFO] {"eventId":"0d160dab-1405-4b3a-93ec-94886df4c12a","eventType":"team.create.success","timestamp":"2025-12-02T17:11:09.726Z","outcome":"success","userId":"ed38f7b0-aa30-46bf-b9a3-ffb4fef9a49c","teamId":"886e38d0-3835-472d-94d9-af4c2006c400","teamName":" t M","metadata":{"slug":"t-m","planId":"free"}}
[2025-12-02T17:11:09.728Z] [App] [INFO] {"eventId":"9222ba19-dfd1-487c-8921-b51bef6acdb5","eventType":"team.create.success","timestamp":"2025-12-02T17:11:09.728Z","outcome":"success","userId":"ed38f7b0-aa30-46bf-b9a3-ffb4fef9a49c","teamId":"8b3e3551-70a6-4bd6-aff4-1c1ba6716cda","teamName":"JQ~/JVpw8\"o5c","metadata":{"slug":"jqjvpw8o5c","planId":"free"}}
[2025-12-02T17:11:09.759Z] [App] [INFO] {"eventId":"6d31cb89-5fe7-4dc1-85ab-893b0332e9a4","eventType":"team.create.success","timestamp":"2025-12-02T17:11:09.759Z","outcome":"success","userId":"3c5e2103-883f-4da3-8a7a-b0eebc573797","teamId":"6f0b27dc-d676-4a15-99db-125299ed97ad","teamName":"p<2ktmPp=","metadata":{"slug":"p2ktmpp","planId":"free"}}
[2025-12-02T17:11:09.760Z] [App] [INFO] {"eventId":"929af2fa-e9b9-44a8-8cd1-04fb0f9ebc98","eventType":"team.create.success","timestamp":"2025-12-02T17:11:09.760Z","outcome":"success","userId":"3c5e2103-883f-4da3-8a7a-b0eebc573797","teamId":"9b79b799-79f0-479e-a151-9f65355a9bd2","teamName":"!}8q6","metadata":{"slug":"8q6","planId":"free"}}

stdout | src/server/teams/__tests__/team-context.property.test.ts > Property 36: Last active team loads from database first > cookie value is used as fallback when database value is null
[2025-12-02T17:11:09.910Z] [App] [INFO] {"eventId":"a6bf0ff4-e306-46a4-b209-9d3f2b8236e7","eventType":"team.create.success","timestamp":"2025-12-02T17:11:09.910Z","outcome":"success","userId":"98132cf8-b32e-4dbc-9bc0-35da83616da6","teamId":"cdbcd595-a103-45dd-8b85-e7e32d6d52bd","teamName":" xG","metadata":{"slug":"xg","planId":"free"}}
[2025-12-02T17:11:09.929Z] [App] [INFO] {"eventId":"5a36dce1-5e77-433d-a35a-0554ccbde0fb","eventType":"team.create.success","timestamp":"2025-12-02T17:11:09.929Z","outcome":"success","userId":"c9ca0ff5-0bb1-4a5f-8645-a6302f8ecd6a","teamId":"74dd9048-063d-4315-b08f-0abefe725261","teamName":"is","metadata":{"slug":"is","planId":"free"}}
[2025-12-02T17:11:09.940Z] [App] [INFO] {"eventId":"aaebe6cb-0669-4676-b402-6c7491258e15","eventType":"team.create.success","timestamp":"2025-12-02T17:11:09.940Z","outcome":"success","userId":"cb81e0dd-3381-4d6c-babd-a830d2d3d7bc","teamId":"73b16e94-934f-4f51-9b8e-c6eabb2b2a2a","teamName":"f)jl+N~","metadata":{"slug":"fjln","planId":"free"}}
[2025-12-02T17:11:09.943Z] [App] [INFO] {"eventId":"39868a66-c641-4e2d-b720-fea141ddefb8","eventType":"team.create.success","timestamp":"2025-12-02T17:11:09.943Z","outcome":"success","userId":"23ae3641-2478-4e1c-b213-fa6455133c3c","teamId":"3fdd524e-0c58-4edf-8186-5e9d72bfa2e9","teamName":"+keytoLo","metadata":{"slug":"keytolo","planId":"free"}}
[2025-12-02T17:11:09.955Z] [App] [INFO] {"eventId":"ee14e631-29dc-46d1-b2e6-5ae4a4706711","eventType":"team.create.success","timestamp":"2025-12-02T17:11:09.955Z","outcome":"success","userId":"310c4228-2945-497f-b484-9b5055ff5833","teamId":"419c9428-b481-4cc8-b4f7-c83f36d14024","teamName":"isPrototypeOf","metadata":{"slug":"isprototypeof","planId":"free"}}
[2025-12-02T17:11:09.981Z] [App] [INFO] {"eventId":"3af3b745-b261-44ed-9d78-4c5573a9da04","eventType":"team.create.success","timestamp":"2025-12-02T17:11:09.981Z","outcome":"success","userId":"33425185-8830-4112-9021-92a4e4ba61da","teamId":"929b7989-8d9f-429d-98ca-23c44787fc93","teamName":"u6LhAgi<a[","metadata":{"slug":"u6lhagia","planId":"free"}}
[2025-12-02T17:11:10.002Z] [App] [INFO] {"eventId":"54e79d34-c78f-4d0b-8265-ac1c84a7e10f","eventType":"team.create.success","timestamp":"2025-12-02T17:11:10.002Z","outcome":"success","userId":"7b4ee787-a1ef-4e3a-a2f2-6f5ab0ee5c37","teamId":"b5032ebe-f8f7-4fbe-bde3-333be12c8f40","teamName":"*~+qA","metadata":{"slug":"qa","planId":"free"}}
[2025-12-02T17:11:10.013Z] [App] [INFO] {"eventId":"a211ed05-dba2-4de9-9b4b-f55cedf1ce39","eventType":"team.create.success","timestamp":"2025-12-02T17:11:10.013Z","outcome":"success","userId":"e2dae3e5-23a9-4b34-b3ad-eaa6205995e5","teamId":"43e9f752-52d9-478e-8d7f-e2fd5a82f7cf","teamName":"Xdh","metadata":{"slug":"xdh","planId":"free"}}
[2025-12-02T17:11:10.022Z] [App] [INFO] {"eventId":"4af55339-8c34-4ebd-944f-0af7acca7631","eventType":"team.create.success","timestamp":"2025-12-02T17:11:10.022Z","outcome":"success","userId":"f1b0b64b-9f36-4309-9ad9-d45fbd8e0786","teamId":"344a7308-4b68-46ac-a2cb-e6fb50210ebc","teamName":",!g!\"x#QM]zh","metadata":{"slug":"gxqmzh","planId":"free"}}
[2025-12-02T17:11:10.027Z] [App] [INFO] {"eventId":"92140060-bf25-42b2-a2a3-a7d09a4c60bf","eventType":"team.create.success","timestamp":"2025-12-02T17:11:10.027Z","outcome":"success","userId":"1e2df70c-90c4-429e-ad14-a7f505919072","teamId":"29665d9e-bec8-410d-83b6-f1935300aaf2","teamName":"-\"8yB$'B<dLS","metadata":{"slug":"8ybbdls","planId":"free"}}
[2025-12-02T17:11:10.039Z] [App] [INFO] {"eventId":"e4ff78ef-dcdf-4980-aaa7-763b4c5f0bd5","eventType":"team.create.success","timestamp":"2025-12-02T17:11:10.039Z","outcome":"success","userId":"e3dd8b18-ab00-435f-90b0-7606ee23f39d","teamId":"a85b4cc4-6070-4d39-9399-8b9ac3797e25","teamName":"Ch,\"_&mXB4","metadata":{"slug":"chmxb4","planId":"free"}}
[2025-12-02T17:11:10.054Z] [App] [INFO] {"eventId":"08feca2f-a5e2-4adf-9d77-bb9a5f67a28e","eventType":"team.create.success","timestamp":"2025-12-02T17:11:10.054Z","outcome":"success","userId":"170bf293-ab12-405c-babb-7a465e1a513b","teamId":"2060d9fd-7c2e-45f0-8b3f-19b515ca614b","teamName":"np&~SMwv&","metadata":{"slug":"npsmwv","planId":"free"}}
[2025-12-02T17:11:10.071Z] [App] [INFO] {"eventId":"fef63e7c-df1c-435e-a519-09957a87aa21","eventType":"team.create.success","timestamp":"2025-12-02T17:11:10.071Z","outcome":"success","userId":"5ff59d74-db15-4aca-8d90-a1068a89f532","teamId":"fb75abbc-2f6f-4a7a-a9ce-49c84d1a5f0e","teamName":"egMIa]&@@,","metadata":{"slug":"egmia","planId":"free"}}
[2025-12-02T17:11:10.082Z] [App] [INFO] {"eventId":"2cd8a1ca-af48-47c3-8fdd-5e85c07785e2","eventType":"team.create.success","timestamp":"2025-12-02T17:11:10.082Z","outcome":"success","userId":"02540149-28be-46cc-848d-660a53e3e672","teamId":"01d9f55b-ef57-4c72-8ef5-5be362e3e885","teamName":"!call","metadata":{"slug":"call","planId":"free"}}
[2025-12-02T17:11:10.086Z] [App] [INFO] {"eventId":"6cba70c2-188e-4960-9329-d01ef9bfcfe2","eventType":"team.create.success","timestamp":"2025-12-02T17:11:10.086Z","outcome":"success","userId":"ad4eb70d-a077-412f-bf90-4a9eefe5899f","teamId":"a5d8de10-b4ce-4c63-a0dd-4ca8b787fa92","teamName":"XLzn","metadata":{"slug":"xlzn","planId":"free"}}
[2025-12-02T17:11:10.093Z] [App] [INFO] {"eventId":"27339d43-b081-42a8-9885-4900c14d35da","eventType":"team.create.success","timestamp":"2025-12-02T17:11:10.093Z","outcome":"success","userId":"fcbcc45f-226f-49d8-b76f-947a55ce7410","teamId":"9faf4574-37db-4de2-9fb6-be05bf1cdfbc","teamName":"{\"#5x$\"","metadata":{"slug":"5x","planId":"free"}}
[2025-12-02T17:11:10.099Z] [App] [INFO] {"eventId":"3c74a504-c9ad-40a0-a6fe-29939782b8ea","eventType":"team.create.success","timestamp":"2025-12-02T17:11:10.099Z","outcome":"success","userId":"82f48c26-3a97-4b1f-a7b4-4e477a3c44d4","teamId":"d7147d79-8287-4d90-aaa4-ecc49999660c","teamName":"l&K>x","metadata":{"slug":"lkx","planId":"free"}}
[2025-12-02T17:11:10.108Z] [App] [INFO] {"eventId":"f9e98205-d0fd-4d37-938e-c609831158ed","eventType":"team.create.success","timestamp":"2025-12-02T17:11:10.108Z","outcome":"success","userId":"f56d8a21-68c4-4842-b200-e288ad7dea23","teamId":"133248e6-f80d-473b-a610-a4da6860a6b8","teamName":"+propertyIs","metadata":{"slug":"propertyis","planId":"free"}}
[2025-12-02T17:11:10.115Z] [App] [INFO] {"eventId":"a446323c-d3b1-49b2-b953-e296b51ecbf6","eventType":"team.create.success","timestamp":"2025-12-02T17:11:10.115Z","outcome":"success","userId":"04daf484-29f2-4278-8077-571f4f926f92","teamId":"7d18e16a-a1c2-477b-b2b0-0fcb20be6a42","teamName":"%j[%|1>7OOIS7","metadata":{"slug":"j17oois7","planId":"free"}}
[2025-12-02T17:11:10.119Z] [App] [INFO] {"eventId":"c0c338c9-a65e-4fdd-901f-0ac0cf17b350","eventType":"team.create.success","timestamp":"2025-12-02T17:11:10.119Z","outcome":"success","userId":"efe8a657-6b62-482c-a145-118442ae7a27","teamId":"c83146e5-c966-4fd0-bd30-9a71984b882a","teamName":"5y*%u74':","metadata":{"slug":"5yu74","planId":"free"}}

stdout | src/server/teams/__tests__/team-context.property.test.ts > Property 36: Last active team loads from database first > database value is prioritized over cookie when both exist
[2025-12-02T17:11:10.200Z] [App] [INFO] {"eventId":"0e6edf66-cb80-46c4-ac34-14049e5b41b7","eventType":"team.create.success","timestamp":"2025-12-02T17:11:10.200Z","outcome":"success","userId":"7f7e37a9-aaa3-476f-845d-66d6a04714de","teamId":"c24b3593-ec40-4ade-a454-8573d4b8d8a2","teamName":"na","metadata":{"slug":"na","planId":"free"}}
[2025-12-02T17:11:10.201Z] [App] [INFO] {"eventId":"08116e72-96cc-4f67-9ab0-173a40d0ddd4","eventType":"team.create.success","timestamp":"2025-12-02T17:11:10.201Z","outcome":"success","userId":"7f7e37a9-aaa3-476f-845d-66d6a04714de","teamId":"8800d046-5dd5-406d-932b-31c6992393b7","teamName":"!val","metadata":{"slug":"val","planId":"free"}}
[2025-12-02T17:11:10.207Z] [App] [INFO] {"eventId":"63667cf2-5d92-49cb-93e3-5876e1aeb12f","eventType":"team.create.success","timestamp":"2025-12-02T17:11:10.207Z","outcome":"success","userId":"13c5a2af-c714-4e09-9611-97d8154257d8","teamId":"7a26ea4e-5130-422c-a14a-50fdc0376f71","teamName":"WCO!Rf1=fdM$B","metadata":{"slug":"wcorf1fdmb","planId":"free"}}
[2025-12-02T17:11:10.208Z] [App] [INFO] {"eventId":"24d9f053-6db6-4b07-9771-c74632128357","eventType":"team.create.success","timestamp":"2025-12-02T17:11:10.208Z","outcome":"success","userId":"13c5a2af-c714-4e09-9611-97d8154257d8","teamId":"eb6fcf07-5fdf-48f4-b51e-5559b2fdd5e1","teamName":"toLocaleString","metadata":{"slug":"tolocalestring","planId":"free"}}
[2025-12-02T17:11:10.215Z] [App] [INFO] {"eventId":"93262961-3444-412f-80de-bd575d9c0ebc","eventType":"team.create.success","timestamp":"2025-12-02T17:11:10.215Z","outcome":"success","userId":"8a8edf59-028c-475b-b43d-fa1b20c785d3","teamId":"8efcfd18-c50a-4874-8888-99e6eace76ac","teamName":"*PZ:","metadata":{"slug":"pz","planId":"free"}}
[2025-12-02T17:11:10.216Z] [App] [INFO] {"eventId":"5f6f854a-363a-4072-8ed8-b479b9db623f","eventType":"team.create.success","timestamp":"2025-12-02T17:11:10.216Z","outcome":"success","userId":"8a8edf59-028c-475b-b43d-fa1b20c785d3","teamId":"be37c2fb-0a60-4545-a79c-ab51373cd0a3","teamName":"Ck`V(Sc@d;w:2Z","metadata":{"slug":"ckvscdw2z","planId":"free"}}
[2025-12-02T17:11:10.220Z] [App] [INFO] {"eventId":"9918be9e-7551-464a-a5f2-48aae28be805","eventType":"team.create.success","timestamp":"2025-12-02T17:11:10.220Z","outcome":"success","userId":"304f1f78-6836-4160-a8a2-329f79764fb3","teamId":"515b3d0f-0256-49a6-9c33-0448e79eb373","teamName":"or","metadata":{"slug":"or","planId":"free"}}
[2025-12-02T17:11:10.221Z] [App] [INFO] {"eventId":"7c63b6a7-515d-40f9-83d2-c87323557303","eventType":"team.create.success","timestamp":"2025-12-02T17:11:10.221Z","outcome":"success","userId":"304f1f78-6836-4160-a8a2-329f79764fb3","teamId":"7c86a16b-6f3f-4b26-9f25-30fe61f82388","teamName":"^fZPr","metadata":{"slug":"fzpr","planId":"free"}}
[2025-12-02T17:11:10.234Z] [App] [INFO] {"eventId":"5a8d1269-8885-4d15-a6a2-302134f94932","eventType":"team.create.success","timestamp":"2025-12-02T17:11:10.234Z","outcome":"success","userId":"a3d133e2-0778-4c15-ada4-a04dbcd0e628","teamId":"5d6937c2-9da2-4f99-b934-c85e9cdba886","teamName":"N5z","metadata":{"slug":"n5z","planId":"free"}}
[2025-12-02T17:11:10.235Z] [App] [INFO] {"eventId":"b5da7dbe-5d19-4472-90c9-200a0e03cd8e","eventType":"team.create.success","timestamp":"2025-12-02T17:11:10.235Z","outcome":"success","userId":"a3d133e2-0778-4c15-ada4-a04dbcd0e628","teamId":"f0c74c13-0659-4bf5-88a9-3d8dddf56c32","teamName":"HY","metadata":{"slug":"hy","planId":"free"}}
[2025-12-02T17:11:10.238Z] [App] [INFO] {"eventId":"78fcc59b-8384-44aa-ad18-d44975fbcfca","eventType":"team.create.success","timestamp":"2025-12-02T17:11:10.238Z","outcome":"success","userId":"7cc0d87c-7ff9-466b-8de7-cee4f8947ac6","teamId":"2558cfe8-7c8b-4845-b12f-965ff0a75108","teamName":"|\"$R~}8J$","metadata":{"slug":"r8j","planId":"free"}}
[2025-12-02T17:11:10.258Z] [App] [INFO] {"eventId":"3765583b-e2ee-457d-8da9-7864f88a10ec","eventType":"team.create.success","timestamp":"2025-12-02T17:11:10.258Z","outcome":"success","userId":"7cc0d87c-7ff9-466b-8de7-cee4f8947ac6","teamId":"569930d3-240f-4dea-ab16-fe68fedddc81","teamName":" to","metadata":{"slug":"to","planId":"free"}}
[2025-12-02T17:11:10.275Z] [App] [INFO] {"eventId":"fa4e1aec-85a3-4914-8c27-327d4997091c","eventType":"team.create.success","timestamp":"2025-12-02T17:11:10.275Z","outcome":"success","userId":"93cd4828-68fa-4fe6-924f-d306266b9f72","teamId":"ee06e413-2be9-428b-b94b-29e51d27663b","teamName":"\"nf<$t","metadata":{"slug":"nft","planId":"free"}}
[2025-12-02T17:11:10.277Z] [App] [INFO] {"eventId":"d1052abe-ac24-4bc1-933e-ea42dc6ee8c7","eventType":"team.create.success","timestamp":"2025-12-02T17:11:10.277Z","outcome":"success","userId":"93cd4828-68fa-4fe6-924f-d306266b9f72","teamId":"cbf3819a-fe0d-4b57-bbb6-2dff3bb624ca","teamName":"MP","metadata":{"slug":"mp","planId":"free"}}
[2025-12-02T17:11:10.286Z] [App] [INFO] {"eventId":"73410538-e534-47a4-b602-986d132f2fb2","eventType":"team.create.success","timestamp":"2025-12-02T17:11:10.286Z","outcome":"success","userId":"60975f8c-ef2a-4447-8e39-cf07377741a1","teamId":"14d8b131-82ea-4d96-bd3c-241b337daff3","teamName":"bf","metadata":{"slug":"bf","planId":"free"}}
[2025-12-02T17:11:10.288Z] [App] [INFO] {"eventId":"c6082290-3e50-4934-9a82-dd17b83502c3","eventType":"team.create.success","timestamp":"2025-12-02T17:11:10.288Z","outcome":"success","userId":"60975f8c-ef2a-4447-8e39-cf07377741a1","teamId":"63b20f78-14b3-45d3-a8ee-d69ecd5c636d","teamName":"4SoTg]|@?<f;4","metadata":{"slug":"4sotgf4","planId":"free"}}
[2025-12-02T17:11:10.298Z] [App] [INFO] {"eventId":"668f8250-3cc5-4856-85a1-3377c0956950","eventType":"team.create.success","timestamp":"2025-12-02T17:11:10.298Z","outcome":"success","userId":"89a0ca63-bcac-4cbe-8a43-b3be281a740b","teamId":"03f0b1d1-b77e-438f-ac8d-0470d2a3e79e","teamName":"7B'-v","metadata":{"slug":"7b-v","planId":"free"}}
[2025-12-02T17:11:10.306Z] [App] [INFO] {"eventId":"8f1bbf95-bb91-4f6b-a43d-bba13f330555","eventType":"team.create.success","timestamp":"2025-12-02T17:11:10.306Z","outcome":"success","userId":"89a0ca63-bcac-4cbe-8a43-b3be281a740b","teamId":"e818bd6e-32eb-47ff-b2e9-b5320eb5c6de","teamName":"H;A|\"","metadata":{"slug":"ha","planId":"free"}}
[2025-12-02T17:11:10.319Z] [App] [INFO] {"eventId":"bb9eb50b-b73b-4eeb-8bbd-90effe906b40","eventType":"team.create.success","timestamp":"2025-12-02T17:11:10.319Z","outcome":"success","userId":"52bc13f8-f23d-4451-9b6e-33f405b3fa28","teamId":"f1d1bad1-c6e9-41a2-afa6-f4c93eaf9e28","teamName":"j=m8L{@']m","metadata":{"slug":"jm8lm","planId":"free"}}
[2025-12-02T17:11:10.326Z] [App] [INFO] {"eventId":"f4052ad8-3e0e-48fb-a2ce-8d9b98e2d1cb","eventType":"team.create.success","timestamp":"2025-12-02T17:11:10.326Z","outcome":"success","userId":"52bc13f8-f23d-4451-9b6e-33f405b3fa28","teamId":"00244e13-dcd5-415c-bd22-ebbb2ffbff0a","teamName":"AQdB?JX;wXlC0","metadata":{"slug":"aqdbjxwxlc0","planId":"free"}}
[2025-12-02T17:11:10.342Z] [App] [INFO] {"eventId":"feb2f287-d295-4115-8f40-bd768e64431d","eventType":"team.create.success","timestamp":"2025-12-02T17:11:10.342Z","outcome":"success","userId":"54c08c7a-1499-46f3-948c-497ad71170e8","teamId":"99a0570a-e2bd-4411-bc3c-e90add331da4","teamName":"XVCL$)LD","metadata":{"slug":"xvclld","planId":"free"}}
[2025-12-02T17:11:10.356Z] [App] [INFO] {"eventId":"a370f5b6-71e9-4faa-a02d-1ac9961e2d4c","eventType":"team.create.success","timestamp":"2025-12-02T17:11:10.356Z","outcome":"success","userId":"54c08c7a-1499-46f3-948c-497ad71170e8","teamId":"b27583cc-372b-4ae0-9acb-6b42ca968480","teamName":"PvalueOf?__pro","metadata":{"slug":"pvalueofpro","planId":"free"}}
[2025-12-02T17:11:10.375Z] [App] [INFO] {"eventId":"7acb4228-a5be-4238-b283-31c3c38469d2","eventType":"team.create.success","timestamp":"2025-12-02T17:11:10.374Z","outcome":"success","userId":"e2ebfe34-3e3b-4bd5-b278-5718b9713102","teamId":"e363476c-a0f2-4104-a637-932dcabf3693","teamName":"up=HvIf'zb<\"","metadata":{"slug":"uphvifzb","planId":"free"}}
[2025-12-02T17:11:10.382Z] [App] [INFO] {"eventId":"3aa126dd-83c8-41f4-bc9a-f887618735d3","eventType":"team.create.success","timestamp":"2025-12-02T17:11:10.382Z","outcome":"success","userId":"e2ebfe34-3e3b-4bd5-b278-5718b9713102","teamId":"824d0cb4-716c-431f-b218-adcaabe17449","teamName":"1f","metadata":{"slug":"1f","planId":"free"}}
[2025-12-02T17:11:10.387Z] [App] [INFO] {"eventId":"cde96d75-9371-4510-bedb-37d387c3a17d","eventType":"team.create.success","timestamp":"2025-12-02T17:11:10.387Z","outcome":"success","userId":"4bd1bb8d-316f-4a9f-88fd-5790e8f31a09","teamId":"5e82768b-57fe-44e2-99b9-a4b81adbc87b","teamName":"FqAS","metadata":{"slug":"fqas","planId":"free"}}
[2025-12-02T17:11:10.388Z] [App] [INFO] {"eventId":"7bd0890a-f51f-47fe-b451-7b3d96236d1a","eventType":"team.create.success","timestamp":"2025-12-02T17:11:10.388Z","outcome":"success","userId":"4bd1bb8d-316f-4a9f-88fd-5790e8f31a09","teamId":"df1aba36-3ef8-4cd6-866f-1615a72280ce","teamName":"^$!lueObmh","metadata":{"slug":"lueobmh","planId":"free"}}
[2025-12-02T17:11:10.396Z] [App] [INFO] {"eventId":"502481a1-8ae2-41f6-9a79-ae448f9b5597","eventType":"team.create.success","timestamp":"2025-12-02T17:11:10.396Z","outcome":"success","userId":"43946253-375a-4cb1-a05b-57742ac574a2","teamId":"3c1c42f5-42e3-46b4-ac5f-5c5608d7fd12","teamName":"Pd >&5!(?p}Bz!","metadata":{"slug":"pd-5pbz","planId":"free"}}
[2025-12-02T17:11:10.398Z] [App] [INFO] {"eventId":"87720c71-ec9f-418c-b591-df1fb652e729","eventType":"team.create.success","timestamp":"2025-12-02T17:11:10.398Z","outcome":"success","userId":"43946253-375a-4cb1-a05b-57742ac574a2","teamId":"bab257d7-eca8-4a1e-887b-8c4ff6ac5450","teamName":",)6H*9$<","metadata":{"slug":"6h9","planId":"free"}}
[2025-12-02T17:11:10.402Z] [App] [INFO] {"eventId":"c2d35aa6-4b22-4b3b-9cd9-4215246f72da","eventType":"team.create.success","timestamp":"2025-12-02T17:11:10.402Z","outcome":"success","userId":"dae8014a-e5da-491e-86ff-035b7dc6b4f0","teamId":"bb211a73-db8e-4a16-86b1-1fbeaf2ea626","teamName":"q$$|)kGA5l!qw5","metadata":{"slug":"qkga5lqw5","planId":"free"}}
[2025-12-02T17:11:10.403Z] [App] [INFO] {"eventId":"41f4f14d-b7dc-4138-8c5a-dabd4bdead3b","eventType":"team.create.success","timestamp":"2025-12-02T17:11:10.403Z","outcome":"success","userId":"dae8014a-e5da-491e-86ff-035b7dc6b4f0","teamId":"a47e0f1d-0a26-4cf4-b9eb-b40e0f4c76c2","teamName":"gc","metadata":{"slug":"gc","planId":"free"}}
[2025-12-02T17:11:10.414Z] [App] [INFO] {"eventId":"ef51f207-1603-4816-a7ed-ea6cf88890f6","eventType":"team.create.success","timestamp":"2025-12-02T17:11:10.414Z","outcome":"success","userId":"8f9eb2fe-d45b-425e-bc95-41af5da2a54a","teamId":"9f0b219d-f698-4076-aeb0-4103d461a6a4","teamName":"t%8*JAZ8L#Z","metadata":{"slug":"t8jaz8lz","planId":"free"}}
[2025-12-02T17:11:10.418Z] [App] [INFO] {"eventId":"c6683636-9b88-4b5b-8498-52577e812e6f","eventType":"team.create.success","timestamp":"2025-12-02T17:11:10.418Z","outcome":"success","userId":"8f9eb2fe-d45b-425e-bc95-41af5da2a54a","teamId":"eee9b351-f971-4abf-93a7-ede02bdf6e91","teamName":"cN0m$","metadata":{"slug":"cn0m","planId":"free"}}
[2025-12-02T17:11:10.437Z] [App] [INFO] {"eventId":"9c460c0c-b709-49d0-832d-04e677063cd4","eventType":"team.create.success","timestamp":"2025-12-02T17:11:10.437Z","outcome":"success","userId":"9f0abb1c-73a3-462b-adb7-7ec4f4e318a1","teamId":"9f21f25c-f399-4084-93d9-79875009911e","teamName":"$sR/p=b:","metadata":{"slug":"srpb","planId":"free"}}
[2025-12-02T17:11:10.438Z] [App] [INFO] {"eventId":"a74923c2-a148-4d35-902a-ce15cd04830f","eventType":"team.create.success","timestamp":"2025-12-02T17:11:10.438Z","outcome":"success","userId":"9f0abb1c-73a3-462b-adb7-7ec4f4e318a1","teamId":"69c51a1d-9815-417f-945f-edf34a035680","teamName":"$tPQ@","metadata":{"slug":"tpq","planId":"free"}}
[2025-12-02T17:11:10.453Z] [App] [INFO] {"eventId":"acd939d6-3f87-4efa-abbe-d06af1c601ca","eventType":"team.create.success","timestamp":"2025-12-02T17:11:10.453Z","outcome":"success","userId":"f64650d4-2101-47e0-ab4f-69776acb947f","teamId":"9c4c6cdf-3509-4eca-8424-fb6673f45801","teamName":"key","metadata":{"slug":"key","planId":"free"}}
[2025-12-02T17:11:10.456Z] [App] [INFO] {"eventId":"04e35de7-5e42-4607-8657-53ba954c9e2d","eventType":"team.create.success","timestamp":"2025-12-02T17:11:10.456Z","outcome":"success","userId":"f64650d4-2101-47e0-ab4f-69776acb947f","teamId":"fb0808b5-d272-4dd1-849a-02d319e81b72","teamName":"VN","metadata":{"slug":"vn","planId":"free"}}
[2025-12-02T17:11:10.469Z] [App] [INFO] {"eventId":"49b5df0d-3e1a-46c8-83a9-98d5fd05b5ba","eventType":"team.create.success","timestamp":"2025-12-02T17:11:10.469Z","outcome":"success","userId":"d19aee6a-22c0-4e1e-9ef7-111b30d08c25","teamId":"f2bf353b-c39f-4ef8-a8d1-a2f437c1b026","teamName":"|]#&_d$1C}e","metadata":{"slug":"d1ce","planId":"free"}}
[2025-12-02T17:11:10.475Z] [App] [INFO] {"eventId":"dabbd209-eda0-425c-a731-1539d1b6dc26","eventType":"team.create.success","timestamp":"2025-12-02T17:11:10.475Z","outcome":"success","userId":"d19aee6a-22c0-4e1e-9ef7-111b30d08c25","teamId":"ad520d49-8203-4544-a7eb-8d7c5cc4f427","teamName":"[#rxk}V8]Tl<","metadata":{"slug":"rxkv8tl","planId":"free"}}
[2025-12-02T17:11:10.498Z] [App] [INFO] {"eventId":"b7c699b4-83c2-4bd1-896f-630c3cff5082","eventType":"team.create.success","timestamp":"2025-12-02T17:11:10.498Z","outcome":"success","userId":"8ff8ab3a-1534-4814-b0a3-2639f49cd295","teamId":"89e4f6bb-b878-4d57-a48a-cb390f2a5418","teamName":"exVJyyEKWL","metadata":{"slug":"exvjyyekwl","planId":"free"}}
[2025-12-02T17:11:10.501Z] [App] [INFO] {"eventId":"6f479928-12af-497e-aabb-36b99f80ddfd","eventType":"team.create.success","timestamp":"2025-12-02T17:11:10.501Z","outcome":"success","userId":"8ff8ab3a-1534-4814-b0a3-2639f49cd295","teamId":"208d3420-c50a-47e1-bbdc-63b106594b36","teamName":"jZ#pAb4A7^c","metadata":{"slug":"jzpab4a7c","planId":"free"}}

stdout | src/server/teams/__tests__/team-context.property.test.ts > Property 36: Last active team loads from database first > setActiveTeam updates both database and cookie
[2025-12-02T17:11:10.790Z] [App] [INFO] {"eventId":"973cc5e1-d5a9-4b1b-81a4-e28b179dc522","eventType":"team.create.success","timestamp":"2025-12-02T17:11:10.788Z","outcome":"success","userId":"cd61f67c-10cc-450e-a857-86f63491da6d","teamId":"dded6865-3ef4-4adc-b88a-53dbd2c85fd2","teamName":"do+Rnm}","metadata":{"slug":"dornm","planId":"free"}}
[2025-12-02T17:11:10.805Z] [App] [INFO] {"eventId":"f3bfc09f-29de-49c1-bfb2-ca4613165b30","eventType":"team.create.success","timestamp":"2025-12-02T17:11:10.805Z","outcome":"success","userId":"30fb7e20-0239-4598-a00e-8606e84f9018","teamId":"1fa3cba2-28b1-4e97-ad97-3a511634b6ba","teamName":"& ;|h\"$*!)}n!","metadata":{"slug":"hn","planId":"free"}}
[2025-12-02T17:11:10.811Z] [App] [INFO] {"eventId":"af0cd590-0ba4-4137-8e40-c63f5ed8cfc7","eventType":"team.create.success","timestamp":"2025-12-02T17:11:10.811Z","outcome":"success","userId":"d2b55b85-0e01-4082-9ff5-bef9b0182999","teamId":"5cbd70a6-fa10-4c69-af2b-2668ac01d5cd","teamName":"-6xeAYSWrLl^","metadata":{"slug":"6xeayswrll","planId":"free"}}
[2025-12-02T17:11:10.820Z] [App] [INFO] {"eventId":"a61d3b4e-fc19-4692-a46c-087e2f061520","eventType":"team.create.success","timestamp":"2025-12-02T17:11:10.820Z","outcome":"success","userId":"fe42253c-5269-4b1e-a100-cd01fab22d8f","teamId":"041d4289-ab7c-47d9-a66c-dd29361e8911","teamName":"{$Y}\"Cz}#R%l!|","metadata":{"slug":"yczrl","planId":"free"}}
[2025-12-02T17:11:10.833Z] [App] [INFO] {"eventId":"876e3359-3f07-4b35-92fb-578cd5cb11f6","eventType":"team.create.success","timestamp":"2025-12-02T17:11:10.833Z","outcome":"success","userId":"376a4b01-d0ea-4065-929e-137aedd9afdc","teamId":"beb7dabd-4387-47b7-9453-bfbd4b579096","teamName":"apply","metadata":{"slug":"apply","planId":"free"}}
[2025-12-02T17:11:10.849Z] [App] [INFO] {"eventId":"c44760c7-8678-4fa6-8454-36dd712d6629","eventType":"team.create.success","timestamp":"2025-12-02T17:11:10.849Z","outcome":"success","userId":"0c9fabbc-dc22-48bb-854b-d976ce7e336a","teamId":"505dc0cd-19a8-4e94-a240-09994224579a","teamName":"#$^N#$$Z^{x/z","metadata":{"slug":"nzxz","planId":"free"}}
[2025-12-02T17:11:10.860Z] [App] [INFO] {"eventId":"13b5101a-04ad-4232-aa66-11533bbea3f7","eventType":"team.create.success","timestamp":"2025-12-02T17:11:10.860Z","outcome":"success","userId":"8f046dda-ba50-4df2-b3bc-ee770f9c7148","teamId":"002bdb87-d8f1-447d-9007-90d0a76a16d9","teamName":"^-#lIPPK1-|-","metadata":{"slug":"lippk1","planId":"free"}}
[2025-12-02T17:11:10.866Z] [App] [INFO] {"eventId":"b67b0883-3cd0-48b4-996e-0fa671540e9e","eventType":"team.create.success","timestamp":"2025-12-02T17:11:10.866Z","outcome":"success","userId":"26a85150-8cb3-44a1-b014-ce55b336ece7","teamId":"d021a9f1-6787-4bab-921c-6b66fb233b4e","teamName":"lbMc0Q/0Uin%n","metadata":{"slug":"lbmc0q0uinn","planId":"free"}}
[2025-12-02T17:11:10.870Z] [App] [INFO] {"eventId":"36b5611b-e57c-434b-9ebb-86659b587a99","eventType":"team.create.success","timestamp":"2025-12-02T17:11:10.870Z","outcome":"success","userId":"6ddb2b41-828e-406b-9c86-bac64a45ebbf","teamId":"d63b6fb2-932f-4177-a567-9dbcb3ae6103","teamName":"JP","metadata":{"slug":"jp","planId":"free"}}
[2025-12-02T17:11:10.882Z] [App] [INFO] {"eventId":"af1ddd81-d86b-44fc-b269-a7c2f2cab0eb","eventType":"team.create.success","timestamp":"2025-12-02T17:11:10.882Z","outcome":"success","userId":"83492818-89c5-4fc7-b8d4-0b426e8330b7","teamId":"dc4bb539-32c9-49b6-b6a2-876dc9fae8a2","teamName":"j9gj7Mqd&G@iM>","metadata":{"slug":"j9gj7mqdgim","planId":"free"}}
[2025-12-02T17:11:10.887Z] [App] [INFO] {"eventId":"0e1025dc-6406-4c90-8fe6-79efd36ab732","eventType":"team.create.success","timestamp":"2025-12-02T17:11:10.887Z","outcome":"success","userId":"9dad7041-ddcd-4382-a82d-ab6c737dbf8b","teamId":"0345bb4f-3719-452e-92df-8a3cdd5931a9","teamName":"__defineGette","metadata":{"slug":"definegette","planId":"free"}}
[2025-12-02T17:11:10.892Z] [App] [INFO] {"eventId":"6e8ce015-8414-447e-996f-219966b99b1f","eventType":"team.create.success","timestamp":"2025-12-02T17:11:10.892Z","outcome":"success","userId":"d4e637ac-7bf3-467a-a0c3-3a2bdc096f32","teamId":"f17cdb47-dddc-45cd-b0df-6716103db86a","teamName":"cTt","metadata":{"slug":"ctt","planId":"free"}}
[2025-12-02T17:11:10.927Z] [App] [INFO] {"eventId":"589e1a5e-2cb3-44f4-bedd-f7f8f488d883","eventType":"team.create.success","timestamp":"2025-12-02T17:11:10.926Z","outcome":"success","userId":"e7c7d49c-34e2-41bc-98c9-9c9c3660bbe6","teamId":"404f2b78-a628-46fb-87ed-f32bb3675d77","teamName":";eH$","metadata":{"slug":"eh","planId":"free"}}
[2025-12-02T17:11:10.969Z] [App] [INFO] {"eventId":"917a27f6-932b-4cb2-bc6f-105947f34797","eventType":"team.create.success","timestamp":"2025-12-02T17:11:10.969Z","outcome":"success","userId":"b86129e0-5207-470f-8eb7-d3db6d931593","teamId":"3c3b1ad7-0603-4971-86c7-17c14e993f2c","teamName":"O~K%nK7","metadata":{"slug":"oknk7","planId":"free"}}
[2025-12-02T17:11:10.982Z] [App] [INFO] {"eventId":"3e723b46-e2ad-4ec0-b0bb-ce1102c7e9a7","eventType":"team.create.success","timestamp":"2025-12-02T17:11:10.982Z","outcome":"success","userId":"f521cc18-2121-40cd-b9d0-590dcea4b56a","teamId":"6e4edf9e-e1ca-42a6-8bc6-132772a8ed82","teamName":"KSw5b,T(H~","metadata":{"slug":"ksw5bth","planId":"free"}}
[2025-12-02T17:11:10.999Z] [App] [INFO] {"eventId":"55015900-70e7-4952-8dfd-e4d74e9ae5de","eventType":"team.create.success","timestamp":"2025-12-02T17:11:10.999Z","outcome":"success","userId":"c4365f64-bc8f-4bc8-8f65-0d552641a0a3","teamId":"1bba0a29-b7b9-43c3-885f-4559a275d8dd","teamName":"eo|","metadata":{"slug":"eo","planId":"free"}}
[2025-12-02T17:11:11.020Z] [App] [INFO] {"eventId":"e74d608f-e8e6-4009-9417-ae377d2aab75","eventType":"team.create.success","timestamp":"2025-12-02T17:11:11.020Z","outcome":"success","userId":"ca14bd68-92f3-4911-becd-28b76e8c47b8","teamId":"46ca7007-15f7-4411-a1f9-de7388dcd6df","teamName":"we~xoTD#g","metadata":{"slug":"wexotdg","planId":"free"}}
[2025-12-02T17:11:11.031Z] [App] [INFO] {"eventId":"241664e9-0186-458c-92c8-b53f64c00e9d","eventType":"team.create.success","timestamp":"2025-12-02T17:11:11.031Z","outcome":"success","userId":"3bbdabf0-a048-4cab-b219-92466bab48c8","teamId":"6851d665-19d5-4c64-8e92-26421498bb38","teamName":"y~IqzDDleXhR","metadata":{"slug":"yiqzddlexhr","planId":"free"}}
[2025-12-02T17:11:11.035Z] [App] [INFO] {"eventId":"3d595224-616c-492c-9828-3247f8a26f34","eventType":"team.create.success","timestamp":"2025-12-02T17:11:11.035Z","outcome":"success","userId":"6ef961b4-0e9a-43b0-917e-6a044090caf3","teamId":"649b91ec-35e9-47dd-b91c-ef8d0e369ce8","teamName":"X^a&{y","metadata":{"slug":"xay","planId":"free"}}
[2025-12-02T17:11:11.047Z] [App] [INFO] {"eventId":"b7931921-7436-4d59-be36-949dbeda09f7","eventType":"team.create.success","timestamp":"2025-12-02T17:11:11.047Z","outcome":"success","userId":"e1762220-ef74-4cfc-8a90-04f88b650aff","teamId":"d8a8121f-4357-4cc1-a895-bb9c36129c3b","teamName":" `\"4Y~|25$$$","metadata":{"slug":"4y25","planId":"free"}}

stdout | src/server/teams/__tests__/team-context.property.test.ts > Property 36: Last active team loads from database first > getActiveTeam returns correct source indicator
[2025-12-02T17:11:11.102Z] [App] [INFO] {"eventId":"c327c7fc-7a1d-4b60-9010-26aed82145af","eventType":"team.create.success","timestamp":"2025-12-02T17:11:11.102Z","outcome":"success","userId":"14a313a8-af5d-40c4-9afb-5416020a0e7d","teamId":"e33fa98d-18a9-4c57-a021-f6a0d4b7db4e","teamName":"#BIAP&a&a$}Q&","metadata":{"slug":"biapaaq","planId":"free"}}
[2025-12-02T17:11:11.118Z] [App] [INFO] {"eventId":"615355f7-8fcf-4039-ae44-58ad55d66d2f","eventType":"team.create.success","timestamp":"2025-12-02T17:11:11.118Z","outcome":"success","userId":"b637fefe-4900-4df0-aabe-6f837381a88d","teamId":"2d777437-a77e-4774-974e-f127244efdd2","teamName":"%nam","metadata":{"slug":"nam","planId":"free"}}
[2025-12-02T17:11:11.123Z] [App] [INFO] {"eventId":"5ad02672-e774-46c1-80ec-4892212ed71c","eventType":"team.create.success","timestamp":"2025-12-02T17:11:11.123Z","outcome":"success","userId":"6c8f9286-358a-455f-a989-ca50c230c885","teamId":"46316761-074c-4f3f-b0a6-a6e661da4821","teamName":"OWM0","metadata":{"slug":"owm0","planId":"free"}}
[2025-12-02T17:11:11.131Z] [App] [INFO] {"eventId":"e534a847-2bbe-4a6b-a2d3-8d4c11b6123b","eventType":"team.create.success","timestamp":"2025-12-02T17:11:11.131Z","outcome":"success","userId":"741b7c91-0c78-4881-bc9f-cfab89f0b136","teamId":"883e09f2-4961-4c7a-9528-9ba81f1d5973","teamName":"dqt7.S[+vd","metadata":{"slug":"dqt7svd","planId":"free"}}
[2025-12-02T17:11:11.138Z] [App] [INFO] {"eventId":"0c89c897-3280-46c4-b9d5-82897ea69533","eventType":"team.create.success","timestamp":"2025-12-02T17:11:11.138Z","outcome":"success","userId":"b0e55463-b666-4ee9-91c7-266bd48639af","teamId":"05902152-9b2b-4410-8a21-fd4ed4d91c30","teamName":"&6z2Ex","metadata":{"slug":"6z2ex","planId":"free"}}
[2025-12-02T17:11:11.143Z] [App] [INFO] {"eventId":"1b9dc38c-c9b3-4ed9-a49b-3666b0bb123f","eventType":"team.create.success","timestamp":"2025-12-02T17:11:11.143Z","outcome":"success","userId":"9787de7b-8fcc-4263-81f7-83cbfaf0c92f","teamId":"55487af4-5e09-44f7-9adc-facd5536c90b","teamName":"namen-terdk","metadata":{"slug":"namen-terdk","planId":"free"}}
[2025-12-02T17:11:11.148Z] [App] [INFO] {"eventId":"fcc98c91-ea11-4cd3-8f8a-0323d2f3eb86","eventType":"team.create.success","timestamp":"2025-12-02T17:11:11.148Z","outcome":"success","userId":"0f63143a-6219-4f25-b592-76e4f2a7a8fc","teamId":"b4af1ddf-de0f-40aa-b633-cbbe71253f56","teamName":"4R==10Th8wJtw","metadata":{"slug":"4r10th8wjtw","planId":"free"}}
[2025-12-02T17:11:11.151Z] [App] [INFO] {"eventId":"5a1130b2-ca79-4194-b896-72c8be63076e","eventType":"team.create.success","timestamp":"2025-12-02T17:11:11.151Z","outcome":"success","userId":"2924ff19-7854-4012-836e-a0d81060541c","teamId":"c4a08e6d-7904-4576-b97a-978aa5884038","teamName":"sSF\"A7!g=A@Xs","metadata":{"slug":"ssfa7gaxs","planId":"free"}}
[2025-12-02T17:11:11.159Z] [App] [INFO] {"eventId":"d8ba2515-7588-4292-90c9-55790b07b84a","eventType":"team.create.success","timestamp":"2025-12-02T17:11:11.159Z","outcome":"success","userId":"bc54ad22-c7ca-4593-ab32-79fed3b31b59","teamId":"e31ec083-839b-4093-a82d-ac84d0c1fa88","teamName":"Qp#}a]$$(KdO","metadata":{"slug":"qpakdo","planId":"free"}}
[2025-12-02T17:11:11.208Z] [App] [INFO] {"eventId":"49276539-3b46-472b-9cb1-17fe51b2c5ef","eventType":"team.create.success","timestamp":"2025-12-02T17:11:11.208Z","outcome":"success","userId":"2ce6429a-7f99-498c-a3bc-dbfabb60823a","teamId":"eaf9a55c-9f49-4b7e-a3c6-bbb603f2adea","teamName":"{|g7i_BqM,{%","metadata":{"slug":"g7ibqm","planId":"free"}}
[2025-12-02T17:11:11.232Z] [App] [INFO] {"eventId":"92d84c66-60cd-4a51-a280-33db149ef0f4","eventType":"team.create.success","timestamp":"2025-12-02T17:11:11.232Z","outcome":"success","userId":"8fb3ddde-e7c9-4b86-8054-d038792d1ede","teamId":"c5dd3374-c4e4-40b1-bbc6-7be50691b542","teamName":"Cpj):|}","metadata":{"slug":"cpj","planId":"free"}}
[2025-12-02T17:11:11.236Z] [App] [INFO] {"eventId":"48aa299f-a84f-4c97-b1f1-57fc2b153fb6","eventType":"team.create.success","timestamp":"2025-12-02T17:11:11.236Z","outcome":"success","userId":"f8178942-1de9-4619-8589-09232e432126","teamId":"24e16a84-0d47-42cb-97df-1d960749023f","teamName":"__lo","metadata":{"slug":"lo","planId":"free"}}
[2025-12-02T17:11:11.240Z] [App] [INFO] {"eventId":"eb4bb308-7011-467b-964b-0375b6bf785c","eventType":"team.create.success","timestamp":"2025-12-02T17:11:11.240Z","outcome":"success","userId":"68f7db9a-c5a2-4199-9e2b-de17a17139fd","teamId":"4ce94682-3ee2-42b7-87e7-624e221a5477","teamName":"}CEGgXS%","metadata":{"slug":"ceggxs","planId":"free"}}
[2025-12-02T17:11:11.255Z] [App] [INFO] {"eventId":"0b03ff0f-2866-4238-b243-7b107e166937","eventType":"team.create.success","timestamp":"2025-12-02T17:11:11.255Z","outcome":"success","userId":"f5420c90-d35d-4a51-a743-652da8c4f8b0","teamId":"9179b9ba-82f5-46c0-8868-61116f750623","teamName":"VR","metadata":{"slug":"vr","planId":"free"}}
[2025-12-02T17:11:11.310Z] [App] [INFO] {"eventId":"84acfeb5-d836-4a39-b2af-4ffc1ba0456c","eventType":"team.create.success","timestamp":"2025-12-02T17:11:11.310Z","outcome":"success","userId":"3d55a49b-4236-415b-9fd7-dae117458327","teamId":"c0c21caf-692c-473b-adee-0783e89ac30d","teamName":"SLrK't1ZX?t","metadata":{"slug":"slrkt1zxt","planId":"free"}}
[2025-12-02T17:11:11.333Z] [App] [INFO] {"eventId":"d0164909-aced-4a1f-acc1-3db1707826ef","eventType":"team.create.success","timestamp":"2025-12-02T17:11:11.333Z","outcome":"success","userId":"fe1d17b8-44a2-43fa-852f-2fdf341c6b67","teamId":"25bc9ae4-303a-45fc-914c-c39b9f222bda","teamName":"hasOwnProperty","metadata":{"slug":"hasownproperty","planId":"free"}}
[2025-12-02T17:11:11.349Z] [App] [INFO] {"eventId":"407e09ea-aaf0-4c5b-bdb3-e8e7f0e60897","eventType":"team.create.success","timestamp":"2025-12-02T17:11:11.349Z","outcome":"success","userId":"ae49a09f-287e-4109-a071-40620163297c","teamId":"fea351cd-438b-444e-99da-6d354cd33ea7","teamName":"A|bpH#/y","metadata":{"slug":"abphy","planId":"free"}}
[2025-12-02T17:11:11.385Z] [App] [INFO] {"eventId":"61bff85c-5a8a-48cd-a736-fb5fd394ff19","eventType":"team.create.success","timestamp":"2025-12-02T17:11:11.385Z","outcome":"success","userId":"e5a03b76-f6c8-47f3-9622-0f058bdb6583","teamId":"648acdbb-6ffa-47b0-b74d-c208f947e950","teamName":"`Ev*SJB,","metadata":{"slug":"evsjb","planId":"free"}}
[2025-12-02T17:11:11.398Z] [App] [INFO] {"eventId":"d6237614-ced6-4701-b375-129442cbb859","eventType":"team.create.success","timestamp":"2025-12-02T17:11:11.398Z","outcome":"success","userId":"71753daf-c419-4b2b-bd15-6e2ad37977d1","teamId":"c2ef12a7-406d-412b-a1f7-70b93fcee8d8","teamName":"*\"I4;x4","metadata":{"slug":"i4x4","planId":"free"}}
[2025-12-02T17:11:11.402Z] [App] [INFO] {"eventId":"9bba0fae-e327-400a-b607-395bbd7af178","eventType":"team.create.success","timestamp":"2025-12-02T17:11:11.402Z","outcome":"success","userId":"27d39696-c6ce-4a81-9920-4667c95fc2d3","teamId":"d5481d32-7dff-4390-892d-e9b69767600f","teamName":"2k)0X3^W_","metadata":{"slug":"2k0x3w","planId":"free"}}

stdout | src/server/teams/__tests__/team-context.property.test.ts > Property 37: Deleted active team triggers auto-switch > auto-switches to first available team when active team is deleted
[2025-12-02T17:11:11.560Z] [App] [INFO] {"eventId":"aabda0ef-31ca-4bab-a499-0c0bb9f08e05","eventType":"team.create.success","timestamp":"2025-12-02T17:11:11.560Z","outcome":"success","userId":"9e30e26f-497d-4565-9a92-bd14a96c96ee","teamId":"e66abc6b-552f-430e-bd9f-3e5e18b9baf7","teamName":"8r'__l/u^","metadata":{"slug":"8rlu","planId":"free"}}
[2025-12-02T17:11:11.565Z] [App] [INFO] {"eventId":"6de47036-e7ee-4f56-8f29-5de430e558b5","eventType":"team.create.success","timestamp":"2025-12-02T17:11:11.565Z","outcome":"success","userId":"9e30e26f-497d-4565-9a92-bd14a96c96ee","teamId":"eaa4c0f1-da9e-43fd-8c66-6c5f04866323","teamName":"Jy","metadata":{"slug":"jy","planId":"free"}}
[2025-12-02T17:11:11.579Z] [App] [INFO] {"eventId":"fe181ed9-1d52-465c-ba98-8bcedbbbc016","eventType":"team.context.auto_switch","timestamp":"2025-12-02T17:11:11.579Z","outcome":"success","userId":"9e30e26f-497d-4565-9a92-bd14a96c96ee","teamId":"eaa4c0f1-da9e-43fd-8c66-6c5f04866323","metadata":{"previousTeamId":"e66abc6b-552f-430e-bd9f-3e5e18b9baf7","reason":"Active team deleted or access lost"}}
[2025-12-02T17:11:11.583Z] [App] [INFO] {"eventId":"d26568fe-325a-4fab-8c57-c6836396e502","eventType":"team.create.success","timestamp":"2025-12-02T17:11:11.583Z","outcome":"success","userId":"43e34e48-fc23-479a-b83d-fa1770f1cd53","teamId":"2fd67b7f-fc69-47d6-b507-da81ab447651","teamName":"WF+","metadata":{"slug":"wf","planId":"free"}}
[2025-12-02T17:11:11.586Z] [App] [INFO] {"eventId":"d9e2cfe8-e974-4c53-9474-65bc2e550fe8","eventType":"team.create.success","timestamp":"2025-12-02T17:11:11.586Z","outcome":"success","userId":"43e34e48-fc23-479a-b83d-fa1770f1cd53","teamId":"bb5c9c18-dd2a-479d-8447-0e11508ca92b","teamName":"uH?y+$`(G{","metadata":{"slug":"uhyg","planId":"free"}}
[2025-12-02T17:11:11.597Z] [App] [INFO] {"eventId":"72194afd-7261-44f1-8848-def7310f316b","eventType":"team.context.auto_switch","timestamp":"2025-12-02T17:11:11.597Z","outcome":"success","userId":"43e34e48-fc23-479a-b83d-fa1770f1cd53","teamId":"bb5c9c18-dd2a-479d-8447-0e11508ca92b","metadata":{"previousTeamId":"2fd67b7f-fc69-47d6-b507-da81ab447651","reason":"Active team deleted or access lost"}}
[2025-12-02T17:11:11.605Z] [App] [INFO] {"eventId":"556c8f0d-2a63-40fe-932a-320f95d85624","eventType":"team.create.success","timestamp":"2025-12-02T17:11:11.605Z","outcome":"success","userId":"6ef06559-5968-4b74-8e08-5495bbb067ce","teamId":"87b7ad61-acf0-4dc4-8f0c-8117ebc2f088","teamName":"|y)x~~G+\"zZS{","metadata":{"slug":"yxgzzs","planId":"free"}}
[2025-12-02T17:11:11.608Z] [App] [INFO] {"eventId":"b9776a8e-84d4-4018-8a53-d9bfd4c0b068","eventType":"team.create.success","timestamp":"2025-12-02T17:11:11.608Z","outcome":"success","userId":"6ef06559-5968-4b74-8e08-5495bbb067ce","teamId":"7c1c5426-cf94-4a58-80e7-6d9315c90257","teamName":"[p>{EmT_","metadata":{"slug":"pemt","planId":"free"}}
[2025-12-02T17:11:11.612Z] [App] [INFO] {"eventId":"20877908-fc99-44b0-87a3-14de3182669e","eventType":"team.context.auto_switch","timestamp":"2025-12-02T17:11:11.612Z","outcome":"success","userId":"6ef06559-5968-4b74-8e08-5495bbb067ce","teamId":"7c1c5426-cf94-4a58-80e7-6d9315c90257","metadata":{"previousTeamId":"87b7ad61-acf0-4dc4-8f0c-8117ebc2f088","reason":"Active team deleted or access lost"}}
[2025-12-02T17:11:11.618Z] [App] [INFO] {"eventId":"aaec3071-2242-46d9-b70c-7028f0b2b349","eventType":"team.create.success","timestamp":"2025-12-02T17:11:11.618Z","outcome":"success","userId":"a265876e-6673-4293-a1bb-0a6b7f067673","teamId":"e1d4b06d-ea34-46b1-81c6-03898fda2ed0","teamName":"/%6z_","metadata":{"slug":"6z","planId":"free"}}
[2025-12-02T17:11:11.620Z] [App] [INFO] {"eventId":"0283cd22-1f95-4921-acc6-6148f93d6160","eventType":"team.create.success","timestamp":"2025-12-02T17:11:11.620Z","outcome":"success","userId":"a265876e-6673-4293-a1bb-0a6b7f067673","teamId":"99ba9a70-6b93-4beb-807c-e1a5f6d01a85","teamName":"XgU+-e{","metadata":{"slug":"xgu-e","planId":"free"}}
[2025-12-02T17:11:11.633Z] [App] [INFO] {"eventId":"a9e66a63-72eb-4615-9040-e7b550b035dd","eventType":"team.context.auto_switch","timestamp":"2025-12-02T17:11:11.633Z","outcome":"success","userId":"a265876e-6673-4293-a1bb-0a6b7f067673","teamId":"99ba9a70-6b93-4beb-807c-e1a5f6d01a85","metadata":{"previousTeamId":"e1d4b06d-ea34-46b1-81c6-03898fda2ed0","reason":"Active team deleted or access lost"}}
[2025-12-02T17:11:11.638Z] [App] [INFO] {"eventId":"dc3aa5f5-9531-4f8a-bed5-e115bf0fb6cf","eventType":"team.create.success","timestamp":"2025-12-02T17:11:11.638Z","outcome":"success","userId":"6541883a-bb31-405c-bf7d-082ea003f0f7","teamId":"8f675a3f-a008-452f-822a-839d409234a8","teamName":"kuo","metadata":{"slug":"kuo","planId":"free"}}
[2025-12-02T17:11:11.639Z] [App] [INFO] {"eventId":"28ec1d9b-49a5-4d82-91ed-6095d53cac4b","eventType":"team.create.success","timestamp":"2025-12-02T17:11:11.639Z","outcome":"success","userId":"6541883a-bb31-405c-bf7d-082ea003f0f7","teamId":"485e56c2-957b-407b-ac47-fd43d4947793","teamName":"\"wV%","metadata":{"slug":"wv","planId":"free"}}
[2025-12-02T17:11:11.643Z] [App] [INFO] {"eventId":"a4d7eeb0-1b93-4f8d-a640-1ac96fcd3280","eventType":"team.context.auto_switch","timestamp":"2025-12-02T17:11:11.643Z","outcome":"success","userId":"6541883a-bb31-405c-bf7d-082ea003f0f7","teamId":"485e56c2-957b-407b-ac47-fd43d4947793","metadata":{"previousTeamId":"8f675a3f-a008-452f-822a-839d409234a8","reason":"Active team deleted or access lost"}}
[2025-12-02T17:11:11.655Z] [App] [INFO] {"eventId":"04445037-f87a-4cbf-b736-b7d23785d961","eventType":"team.create.success","timestamp":"2025-12-02T17:11:11.655Z","outcome":"success","userId":"5218532c-acb4-406f-8fc5-6f0aaa89353e","teamId":"b8b8fa9b-0423-4530-a006-52c514bc4a97","teamName":"9^9/~rm7kP","metadata":{"slug":"99rm7kp","planId":"free"}}
[2025-12-02T17:11:11.667Z] [App] [INFO] {"eventId":"14188691-2fcb-49af-b3a8-c34e312c98ee","eventType":"team.create.success","timestamp":"2025-12-02T17:11:11.667Z","outcome":"success","userId":"5218532c-acb4-406f-8fc5-6f0aaa89353e","teamId":"3d752df4-cca2-4523-9c4d-e92c3fd2a0e2","teamName":";7W#;}","metadata":{"slug":"7w","planId":"free"}}
[2025-12-02T17:11:11.750Z] [App] [INFO] {"eventId":"f32cc3e3-0a51-4115-984f-a425dd1d7a88","eventType":"team.context.auto_switch","timestamp":"2025-12-02T17:11:11.750Z","outcome":"success","userId":"5218532c-acb4-406f-8fc5-6f0aaa89353e","teamId":"3d752df4-cca2-4523-9c4d-e92c3fd2a0e2","metadata":{"previousTeamId":"b8b8fa9b-0423-4530-a006-52c514bc4a97","reason":"Active team deleted or access lost"}}
[2025-12-02T17:11:11.777Z] [App] [INFO] {"eventId":"ac10ca2e-6692-4ee7-8c19-e479f989114c","eventType":"team.create.success","timestamp":"2025-12-02T17:11:11.777Z","outcome":"success","userId":"0df401d4-086e-41bd-b501-c12be260a24d","teamId":"854d9f5b-e691-4a6c-94e6-ff1d02f7f5e3","teamName":"sJXD%O?k_fR^","metadata":{"slug":"sjxdokfr","planId":"free"}}
[2025-12-02T17:11:11.785Z] [App] [INFO] {"eventId":"773519de-2f28-4626-a4c8-a2a35eb3b5f6","eventType":"team.create.success","timestamp":"2025-12-02T17:11:11.785Z","outcome":"success","userId":"0df401d4-086e-41bd-b501-c12be260a24d","teamId":"59ee64df-3701-4a5c-bdd3-4b283ec12ccf","teamName":"rhY53@N#N.U","metadata":{"slug":"rhy53nnu","planId":"free"}}
[2025-12-02T17:11:11.797Z] [App] [INFO] {"eventId":"cc65ef65-c5b0-418f-a86f-7402bb0529a7","eventType":"team.context.auto_switch","timestamp":"2025-12-02T17:11:11.797Z","outcome":"success","userId":"0df401d4-086e-41bd-b501-c12be260a24d","teamId":"59ee64df-3701-4a5c-bdd3-4b283ec12ccf","metadata":{"previousTeamId":"854d9f5b-e691-4a6c-94e6-ff1d02f7f5e3","reason":"Active team deleted or access lost"}}
[2025-12-02T17:11:11.813Z] [App] [INFO] {"eventId":"7c89265c-73ef-444f-9acd-30d7c106e61b","eventType":"team.create.success","timestamp":"2025-12-02T17:11:11.813Z","outcome":"success","userId":"03c69e04-d937-4a21-8af6-648e93faf99d","teamId":"59ba43dd-1866-410b-8730-f045018abed5","teamName":"w+`1_","metadata":{"slug":"w1","planId":"free"}}
[2025-12-02T17:11:11.817Z] [App] [INFO] {"eventId":"00e8999f-497f-4e96-9be5-7fa87525572e","eventType":"team.create.success","timestamp":"2025-12-02T17:11:11.817Z","outcome":"success","userId":"03c69e04-d937-4a21-8af6-648e93faf99d","teamId":"213a1497-3627-459b-962a-9e217a1676b4","teamName":"zW62A|)*","metadata":{"slug":"zw62a","planId":"free"}}
[2025-12-02T17:11:11.825Z] [App] [INFO] {"eventId":"d63aa2f5-104d-4bc1-8748-fd2c94359c01","eventType":"team.context.auto_switch","timestamp":"2025-12-02T17:11:11.825Z","outcome":"success","userId":"03c69e04-d937-4a21-8af6-648e93faf99d","teamId":"213a1497-3627-459b-962a-9e217a1676b4","metadata":{"previousTeamId":"59ba43dd-1866-410b-8730-f045018abed5","reason":"Active team deleted or access lost"}}
[2025-12-02T17:11:11.842Z] [App] [INFO] {"eventId":"895ed18c-942a-436b-85f6-fdb46131ee87","eventType":"team.create.success","timestamp":"2025-12-02T17:11:11.842Z","outcome":"success","userId":"e0938de6-9479-4133-9cd9-bd647bf15e3c","teamId":"36da1d75-0889-4e96-85f0-4e287529014f","teamName":"4$2u+xx<O3","metadata":{"slug":"42uxxo3","planId":"free"}}
[2025-12-02T17:11:11.847Z] [App] [INFO] {"eventId":"a5cc1cfc-d824-4b35-9a04-68f5dcd0bb6e","eventType":"team.create.success","timestamp":"2025-12-02T17:11:11.847Z","outcome":"success","userId":"e0938de6-9479-4133-9cd9-bd647bf15e3c","teamId":"206cceb7-a84c-4071-a114-25323cf6751e","teamName":"a$engter__","metadata":{"slug":"aengter","planId":"free"}}
[2025-12-02T17:11:11.850Z] [App] [INFO] {"eventId":"6c495eae-189a-4596-a941-3894d38d928e","eventType":"team.context.auto_switch","timestamp":"2025-12-02T17:11:11.850Z","outcome":"success","userId":"e0938de6-9479-4133-9cd9-bd647bf15e3c","teamId":"206cceb7-a84c-4071-a114-25323cf6751e","metadata":{"previousTeamId":"36da1d75-0889-4e96-85f0-4e287529014f","reason":"Active team deleted or access lost"}}
[2025-12-02T17:11:11.853Z] [App] [INFO] {"eventId":"9e65cdef-22e3-4cd6-ae5d-ed97d2e70ccf","eventType":"team.create.success","timestamp":"2025-12-02T17:11:11.853Z","outcome":"success","userId":"470ef198-cffd-4762-ac43-5df1e4e3bb2c","teamId":"45f46041-abac-45ac-bd96-2020e915e501","teamName":"8(LC","metadata":{"slug":"8lc","planId":"free"}}
[2025-12-02T17:11:11.854Z] [App] [INFO] {"eventId":"21f62900-385b-4d7d-b7b9-8dd839aa0046","eventType":"team.create.success","timestamp":"2025-12-02T17:11:11.854Z","outcome":"success","userId":"470ef198-cffd-4762-ac43-5df1e4e3bb2c","teamId":"6f0536af-109d-4ef3-b07b-70078749406d","teamName":"toLoca","metadata":{"slug":"toloca","planId":"free"}}
[2025-12-02T17:11:11.857Z] [App] [INFO] {"eventId":"b91727b4-0ede-48eb-bbe7-856d9c90b053","eventType":"team.context.auto_switch","timestamp":"2025-12-02T17:11:11.857Z","outcome":"success","userId":"470ef198-cffd-4762-ac43-5df1e4e3bb2c","teamId":"6f0536af-109d-4ef3-b07b-70078749406d","metadata":{"previousTeamId":"45f46041-abac-45ac-bd96-2020e915e501","reason":"Active team deleted or access lost"}}
[2025-12-02T17:11:11.862Z] [App] [INFO] {"eventId":"18a97688-dd87-4590-9750-310c7e7d2145","eventType":"team.create.success","timestamp":"2025-12-02T17:11:11.862Z","outcome":"success","userId":"0cd2584e-e567-46e3-8567-46c04236978b","teamId":"eddf1ea2-b79c-4170-8194-a2f9266160ba","teamName":"I)O\"9r","metadata":{"slug":"io9r","planId":"free"}}
[2025-12-02T17:11:11.864Z] [App] [INFO] {"eventId":"eaf64426-be25-4af6-b887-cb1090b2f049","eventType":"team.create.success","timestamp":"2025-12-02T17:11:11.864Z","outcome":"success","userId":"0cd2584e-e567-46e3-8567-46c04236978b","teamId":"a4c24d9a-f89d-4e27-9da9-92beb1fb9748","teamName":" ;X8B$J#[X[x%I","metadata":{"slug":"x8bjxxi","planId":"free"}}
[2025-12-02T17:11:11.868Z] [App] [INFO] {"eventId":"ba33d56e-f06a-4fee-a9c7-053e8c1e60d9","eventType":"team.context.auto_switch","timestamp":"2025-12-02T17:11:11.868Z","outcome":"success","userId":"0cd2584e-e567-46e3-8567-46c04236978b","teamId":"a4c24d9a-f89d-4e27-9da9-92beb1fb9748","metadata":{"previousTeamId":"eddf1ea2-b79c-4170-8194-a2f9266160ba","reason":"Active team deleted or access lost"}}
[2025-12-02T17:11:11.871Z] [App] [INFO] {"eventId":"f9e41ba7-f910-4967-bb76-7ddc8671cb69","eventType":"team.create.success","timestamp":"2025-12-02T17:11:11.871Z","outcome":"success","userId":"5135d2e7-98ab-405a-b8bc-0bfc280f4674","teamId":"6d7d9eae-c7a1-4116-83be-0720065f34c4","teamName":"H;#}Xr ","metadata":{"slug":"hxr","planId":"free"}}
[2025-12-02T17:11:11.872Z] [App] [INFO] {"eventId":"30febcf8-306d-4095-9a26-ccb7b2bac5a8","eventType":"team.create.success","timestamp":"2025-12-02T17:11:11.872Z","outcome":"success","userId":"5135d2e7-98ab-405a-b8bc-0bfc280f4674","teamId":"8e58fcd3-44e9-4a3d-9fdf-fc796f318276","teamName":"C2)1Tyi-l{*Y:r","metadata":{"slug":"c21tyi-lyr","planId":"free"}}
[2025-12-02T17:11:11.880Z] [App] [INFO] {"eventId":"ac50ff81-ade4-45b2-ac47-ee74cf2e2db2","eventType":"team.context.auto_switch","timestamp":"2025-12-02T17:11:11.880Z","outcome":"success","userId":"5135d2e7-98ab-405a-b8bc-0bfc280f4674","teamId":"8e58fcd3-44e9-4a3d-9fdf-fc796f318276","metadata":{"previousTeamId":"6d7d9eae-c7a1-4116-83be-0720065f34c4","reason":"Active team deleted or access lost"}}
[2025-12-02T17:11:11.897Z] [App] [INFO] {"eventId":"2d30b6c9-058d-4357-b44e-46f77290151a","eventType":"team.create.success","timestamp":"2025-12-02T17:11:11.897Z","outcome":"success","userId":"716d1114-b644-457f-a021-f9da06d92ce2","teamId":"2bd68c7d-47f4-4b43-844e-78f21fd6d593","teamName":"7un@`HonKm/Yr-","metadata":{"slug":"7unhonkmyr","planId":"free"}}
[2025-12-02T17:11:11.899Z] [App] [INFO] {"eventId":"400ac3ee-99c8-46f2-8410-7b944e3b9b51","eventType":"team.create.success","timestamp":"2025-12-02T17:11:11.899Z","outcome":"success","userId":"716d1114-b644-457f-a021-f9da06d92ce2","teamId":"45282b4a-8c0f-451d-bb10-b91157504b17","teamName":"4 $DyL><# l^","metadata":{"slug":"4-dyl-l","planId":"free"}}
[2025-12-02T17:11:11.902Z] [App] [INFO] {"eventId":"a7f621a3-1e6b-4c5b-bace-d483682e5e32","eventType":"team.context.auto_switch","timestamp":"2025-12-02T17:11:11.902Z","outcome":"success","userId":"716d1114-b644-457f-a021-f9da06d92ce2","teamId":"45282b4a-8c0f-451d-bb10-b91157504b17","metadata":{"previousTeamId":"2bd68c7d-47f4-4b43-844e-78f21fd6d593","reason":"Active team deleted or access lost"}}
[2025-12-02T17:11:11.905Z] [App] [INFO] {"eventId":"53a01fd7-5236-432b-b8ae-691c1cf2d90e","eventType":"team.create.success","timestamp":"2025-12-02T17:11:11.905Z","outcome":"success","userId":"292d7c46-a479-4865-891e-52f1de85b2b6","teamId":"66624505-200d-42a5-a11f-351e301f878b","teamName":"uygrABh","metadata":{"slug":"uygrabh","planId":"free"}}
[2025-12-02T17:11:11.911Z] [App] [INFO] {"eventId":"db29b253-cc38-4ab7-9b28-3e9e43677a10","eventType":"team.create.success","timestamp":"2025-12-02T17:11:11.911Z","outcome":"success","userId":"292d7c46-a479-4865-891e-52f1de85b2b6","teamId":"4605a78a-2890-44ae-a738-26c0800611a6","teamName":"P|a'}n;L|q","metadata":{"slug":"panlq","planId":"free"}}
[2025-12-02T17:11:11.921Z] [App] [INFO] {"eventId":"8716dbfe-920a-4f92-b4f0-e1606c4e0835","eventType":"team.context.auto_switch","timestamp":"2025-12-02T17:11:11.921Z","outcome":"success","userId":"292d7c46-a479-4865-891e-52f1de85b2b6","teamId":"4605a78a-2890-44ae-a738-26c0800611a6","metadata":{"previousTeamId":"66624505-200d-42a5-a11f-351e301f878b","reason":"Active team deleted or access lost"}}
[2025-12-02T17:11:11.924Z] [App] [INFO] {"eventId":"06cd9599-1ae7-4ade-9dea-5d42a47b58d3","eventType":"team.create.success","timestamp":"2025-12-02T17:11:11.924Z","outcome":"success","userId":"a30a4aab-8d6f-4f15-a3d1-c745b32be3f8","teamId":"7b3ccef9-8b57-4d6e-afc9-f8b6212c3c83","teamName":"constructor","metadata":{"slug":"constructor","planId":"free"}}
[2025-12-02T17:11:11.925Z] [App] [INFO] {"eventId":"082f6c89-d230-47f6-b47f-2aadf9417ca0","eventType":"team.create.success","timestamp":"2025-12-02T17:11:11.925Z","outcome":"success","userId":"a30a4aab-8d6f-4f15-a3d1-c745b32be3f8","teamId":"41f6974e-9a51-4a57-8cea-7770dce12914","teamName":"ALQ{=c=","metadata":{"slug":"alqc","planId":"free"}}
[2025-12-02T17:11:11.932Z] [App] [INFO] {"eventId":"9714d99a-d3a6-45d3-923c-14bbd29fefad","eventType":"team.context.auto_switch","timestamp":"2025-12-02T17:11:11.932Z","outcome":"success","userId":"a30a4aab-8d6f-4f15-a3d1-c745b32be3f8","teamId":"41f6974e-9a51-4a57-8cea-7770dce12914","metadata":{"previousTeamId":"7b3ccef9-8b57-4d6e-afc9-f8b6212c3c83","reason":"Active team deleted or access lost"}}
[2025-12-02T17:11:11.934Z] [App] [INFO] {"eventId":"18df97b3-20ad-4bf6-87f8-425b806da67e","eventType":"team.create.success","timestamp":"2025-12-02T17:11:11.934Z","outcome":"success","userId":"cfd6e040-31d9-4b87-bcdc-0ff7cdb9317b","teamId":"ac90799a-0753-4231-9f58-f32418cf6a41","teamName":"J-$g","metadata":{"slug":"j-g","planId":"free"}}
[2025-12-02T17:11:11.936Z] [App] [INFO] {"eventId":"0d7e3340-6f97-4a03-9295-c354ca92cb2e","eventType":"team.create.success","timestamp":"2025-12-02T17:11:11.936Z","outcome":"success","userId":"cfd6e040-31d9-4b87-bcdc-0ff7cdb9317b","teamId":"c984188c-d1a7-4453-84d4-269546c26364","teamName":"/}3NtAc","metadata":{"slug":"3ntac","planId":"free"}}
[2025-12-02T17:11:11.945Z] [App] [INFO] {"eventId":"0bca2452-306d-4b19-92be-b8b30b7734b3","eventType":"team.context.auto_switch","timestamp":"2025-12-02T17:11:11.945Z","outcome":"success","userId":"cfd6e040-31d9-4b87-bcdc-0ff7cdb9317b","teamId":"c984188c-d1a7-4453-84d4-269546c26364","metadata":{"previousTeamId":"ac90799a-0753-4231-9f58-f32418cf6a41","reason":"Active team deleted or access lost"}}
[2025-12-02T17:11:11.953Z] [App] [INFO] {"eventId":"8598334f-31bd-4695-8ad5-119a702526c1","eventType":"team.create.success","timestamp":"2025-12-02T17:11:11.953Z","outcome":"success","userId":"4eaab24c-0ebd-4eba-9067-11b63e6a458c","teamId":"93014073-13d8-4a4e-9bbe-56d55403fa84","teamName":"_jrA1Q","metadata":{"slug":"jra1q","planId":"free"}}
[2025-12-02T17:11:11.955Z] [App] [INFO] {"eventId":"0e1658c7-4510-4601-8749-92d625e803e4","eventType":"team.create.success","timestamp":"2025-12-02T17:11:11.955Z","outcome":"success","userId":"4eaab24c-0ebd-4eba-9067-11b63e6a458c","teamId":"8aab2c11-0296-4449-b6d5-f2905750aa25","teamName":",xR{Rm5Is4:","metadata":{"slug":"xrrm5is4","planId":"free"}}
[2025-12-02T17:11:11.965Z] [App] [INFO] {"eventId":"442417bc-63cb-4790-a881-0d43b0b3efad","eventType":"team.context.auto_switch","timestamp":"2025-12-02T17:11:11.965Z","outcome":"success","userId":"4eaab24c-0ebd-4eba-9067-11b63e6a458c","teamId":"8aab2c11-0296-4449-b6d5-f2905750aa25","metadata":{"previousTeamId":"93014073-13d8-4a4e-9bbe-56d55403fa84","reason":"Active team deleted or access lost"}}
[2025-12-02T17:11:12.016Z] [App] [INFO] {"eventId":"697826b1-6334-4bdf-bb01-521329016c91","eventType":"team.create.success","timestamp":"2025-12-02T17:11:12.015Z","outcome":"success","userId":"571df63c-09cb-4fc6-a2b7-aa4e581f631e","teamId":"a4bb9459-2f94-4db2-b306-335aa366e374","teamName":"az A~3%","metadata":{"slug":"az-a3","planId":"free"}}
[2025-12-02T17:11:12.018Z] [App] [INFO] {"eventId":"0d85953f-fd6a-43d7-b5ba-b871941484c2","eventType":"team.create.success","timestamp":"2025-12-02T17:11:12.018Z","outcome":"success","userId":"571df63c-09cb-4fc6-a2b7-aa4e581f631e","teamId":"f3f9cd0e-3efe-49f9-a2e4-093904202ee8","teamName":"FcXz6SnU7vW%c","metadata":{"slug":"fcxz6snu7vwc","planId":"free"}}
[2025-12-02T17:11:12.021Z] [App] [INFO] {"eventId":"8c22125a-8c8d-4624-bfb5-ab0828fc4bce","eventType":"team.context.auto_switch","timestamp":"2025-12-02T17:11:12.021Z","outcome":"success","userId":"571df63c-09cb-4fc6-a2b7-aa4e581f631e","teamId":"f3f9cd0e-3efe-49f9-a2e4-093904202ee8","metadata":{"previousTeamId":"a4bb9459-2f94-4db2-b306-335aa366e374","reason":"Active team deleted or access lost"}}
[2025-12-02T17:11:12.024Z] [App] [INFO] {"eventId":"0ddc1cfc-cb6f-4eab-95f4-4d3df247c33a","eventType":"team.create.success","timestamp":"2025-12-02T17:11:12.024Z","outcome":"success","userId":"ab33a2f8-4119-454d-b120-14bf5231c306","teamId":"b4e6cab4-cbb9-4a69-84e7-4a5644408664","teamName":"$0%?6","metadata":{"slug":"06","planId":"free"}}
[2025-12-02T17:11:12.025Z] [App] [INFO] {"eventId":"93c669b1-218f-4232-911f-9c4ac94ca34b","eventType":"team.create.success","timestamp":"2025-12-02T17:11:12.025Z","outcome":"success","userId":"ab33a2f8-4119-454d-b120-14bf5231c306","teamId":"7ba594b6-7061-439a-b566-8c8446ece25f","teamName":"[sv","metadata":{"slug":"sv","planId":"free"}}
[2025-12-02T17:11:12.029Z] [App] [INFO] {"eventId":"d0c9ed7c-1148-4a67-b1d4-04e2f2f910cd","eventType":"team.context.auto_switch","timestamp":"2025-12-02T17:11:12.029Z","outcome":"success","userId":"ab33a2f8-4119-454d-b120-14bf5231c306","teamId":"7ba594b6-7061-439a-b566-8c8446ece25f","metadata":{"previousTeamId":"b4e6cab4-cbb9-4a69-84e7-4a5644408664","reason":"Active team deleted or access lost"}}
[2025-12-02T17:11:12.032Z] [App] [INFO] {"eventId":"b5494952-724f-468a-95d4-149ac650dd77","eventType":"team.create.success","timestamp":"2025-12-02T17:11:12.032Z","outcome":"success","userId":"e90ae7b9-ea97-485c-abea-b34517b7d3d6","teamId":"f86faeee-e5c8-430f-b2f1-05a3b5a0705b","teamName":"caller","metadata":{"slug":"caller","planId":"free"}}
[2025-12-02T17:11:12.043Z] [App] [INFO] {"eventId":"ff47f111-bc0b-44c0-b8b6-7fd0c64b099a","eventType":"team.create.success","timestamp":"2025-12-02T17:11:12.043Z","outcome":"success","userId":"e90ae7b9-ea97-485c-abea-b34517b7d3d6","teamId":"93855039-8a17-49b2-8473-4c210ee8405f","teamName":"$${CG!;","metadata":{"slug":"cg","planId":"free"}}
[2025-12-02T17:11:12.062Z] [App] [INFO] {"eventId":"9dfb010e-b837-44df-9d44-d010b175ff5e","eventType":"team.context.auto_switch","timestamp":"2025-12-02T17:11:12.062Z","outcome":"success","userId":"e90ae7b9-ea97-485c-abea-b34517b7d3d6","teamId":"93855039-8a17-49b2-8473-4c210ee8405f","metadata":{"previousTeamId":"f86faeee-e5c8-430f-b2f1-05a3b5a0705b","reason":"Active team deleted or access lost"}}

stdout | src/server/teams/__tests__/team-context.property.test.ts > Property 37: Deleted active team triggers auto-switch > clears context when active team is deleted and no other teams exist
[2025-12-02T17:11:12.182Z] [App] [INFO] {"eventId":"4ad5f29d-60c6-4808-bc6c-89cfc6a02326","eventType":"team.create.success","timestamp":"2025-12-02T17:11:12.182Z","outcome":"success","userId":"ddea0d2c-3b96-49c5-b055-172fc5e02c24","teamId":"88815a2f-ad6c-4e46-8588-57699c0312bd","teamName":"{ I|B\"kxR&&\"","metadata":{"slug":"ibkxr","planId":"free"}}
[2025-12-02T17:11:12.184Z] [App] [INFO] {"eventId":"755b2fb5-82e8-4a04-a2b3-7d8860205308","eventType":"team.context.cleared","timestamp":"2025-12-02T17:11:12.184Z","outcome":"success","userId":"ddea0d2c-3b96-49c5-b055-172fc5e02c24","teamId":"88815a2f-ad6c-4e46-8588-57699c0312bd","metadata":{"reason":"no_teams_available"}}
[2025-12-02T17:11:12.187Z] [App] [INFO] {"eventId":"78802e43-7428-4d2d-aa25-95a3df5cac60","eventType":"team.create.success","timestamp":"2025-12-02T17:11:12.187Z","outcome":"success","userId":"27d39659-4846-4b08-a042-0cf21b4c77e1","teamId":"21f27045-ee2b-4388-ad06-b2d1ec0c04e4","teamName":"]{lN^EPb!fXjl","metadata":{"slug":"lnepbfxjl","planId":"free"}}
[2025-12-02T17:11:12.188Z] [App] [INFO] {"eventId":"a15c1361-4820-4f7c-a1ff-725c2d66e288","eventType":"team.context.cleared","timestamp":"2025-12-02T17:11:12.188Z","outcome":"success","userId":"27d39659-4846-4b08-a042-0cf21b4c77e1","teamId":"21f27045-ee2b-4388-ad06-b2d1ec0c04e4","metadata":{"reason":"no_teams_available"}}
[2025-12-02T17:11:12.190Z] [App] [INFO] {"eventId":"0fe0e32f-1165-4f98-a957-6a495bfab625","eventType":"team.create.success","timestamp":"2025-12-02T17:11:12.190Z","outcome":"success","userId":"c72a024d-439b-4ec4-b61e-d5d0691fc8dd","teamId":"130f2776-117e-4ef3-99c8-98ebf57d8276","teamName":" fw","metadata":{"slug":"fw","planId":"free"}}
[2025-12-02T17:11:12.191Z] [App] [INFO] {"eventId":"9fe39a07-6675-4adc-91eb-57e8e63b4288","eventType":"team.context.cleared","timestamp":"2025-12-02T17:11:12.191Z","outcome":"success","userId":"c72a024d-439b-4ec4-b61e-d5d0691fc8dd","teamId":"130f2776-117e-4ef3-99c8-98ebf57d8276","metadata":{"reason":"no_teams_available"}}
[2025-12-02T17:11:12.194Z] [App] [INFO] {"eventId":"900eeaab-363f-4870-bca7-2a3ed1ea6b28","eventType":"team.create.success","timestamp":"2025-12-02T17:11:12.194Z","outcome":"success","userId":"114c1684-186e-40f6-b774-dcac04037935","teamId":"3eb13c6c-bd62-4f5b-bcbb-29453bd9979a","teamName":"n*+NJqT","metadata":{"slug":"nnjqt","planId":"free"}}
[2025-12-02T17:11:12.198Z] [App] [INFO] {"eventId":"55891b59-0392-469b-910e-9162d9bc32bd","eventType":"team.context.cleared","timestamp":"2025-12-02T17:11:12.198Z","outcome":"success","userId":"114c1684-186e-40f6-b774-dcac04037935","teamId":"3eb13c6c-bd62-4f5b-bcbb-29453bd9979a","metadata":{"reason":"no_teams_available"}}
[2025-12-02T17:11:12.201Z] [App] [INFO] {"eventId":"e8a43b82-0c06-4b8f-90bc-faae8cb257c7","eventType":"team.create.success","timestamp":"2025-12-02T17:11:12.201Z","outcome":"success","userId":"ea1340d1-5fb1-4cc3-a1ff-035ca4d0ef00","teamId":"49e5abd3-a9c1-43f4-9a16-ede20a56765d","teamName":"$*%E]J>K`S","metadata":{"slug":"ejks","planId":"free"}}
[2025-12-02T17:11:12.202Z] [App] [INFO] {"eventId":"9b8edf09-58af-4ac1-889b-10539ba08854","eventType":"team.context.cleared","timestamp":"2025-12-02T17:11:12.202Z","outcome":"success","userId":"ea1340d1-5fb1-4cc3-a1ff-035ca4d0ef00","teamId":"49e5abd3-a9c1-43f4-9a16-ede20a56765d","metadata":{"reason":"no_teams_available"}}
[2025-12-02T17:11:12.204Z] [App] [INFO] {"eventId":"eafad027-fa41-44a2-9540-9ba1cbc83437","eventType":"team.create.success","timestamp":"2025-12-02T17:11:12.204Z","outcome":"success","userId":"261fe804-eacb-4aa9-8c60-adf24663992c","teamId":"f5188847-330d-4296-a518-be21529b2656","teamName":":'Y;$431","metadata":{"slug":"y431","planId":"free"}}
[2025-12-02T17:11:12.205Z] [App] [INFO] {"eventId":"c68bd086-8378-46e1-be28-22ae1355176b","eventType":"team.context.cleared","timestamp":"2025-12-02T17:11:12.205Z","outcome":"success","userId":"261fe804-eacb-4aa9-8c60-adf24663992c","teamId":"f5188847-330d-4296-a518-be21529b2656","metadata":{"reason":"no_teams_available"}}
[2025-12-02T17:11:12.233Z] [App] [INFO] {"eventId":"ac8046aa-99bc-404d-97de-48fda1b90b8e","eventType":"team.create.success","timestamp":"2025-12-02T17:11:12.233Z","outcome":"success","userId":"b4306075-4081-4c4c-b3d4-713f1d142299","teamId":"38b68ffd-5fc6-4173-af0f-46a02ee95d33","teamName":"toStrin","metadata":{"slug":"tostrin","planId":"free"}}
[2025-12-02T17:11:12.234Z] [App] [INFO] {"eventId":"4f0ed6d2-bec9-49f3-909b-0f00b87af438","eventType":"team.context.cleared","timestamp":"2025-12-02T17:11:12.234Z","outcome":"success","userId":"b4306075-4081-4c4c-b3d4-713f1d142299","teamId":"38b68ffd-5fc6-4173-af0f-46a02ee95d33","metadata":{"reason":"no_teams_available"}}
[2025-12-02T17:11:12.242Z] [App] [INFO] {"eventId":"e6551807-21b4-4c4c-bb74-9a9316573574","eventType":"team.create.success","timestamp":"2025-12-02T17:11:12.242Z","outcome":"success","userId":"3d547a26-229f-4a38-be72-5dcf2a921e09","teamId":"4f674563-f62e-4a3a-b5ed-ba7caae714d7","teamName":"isPrototypeOf","metadata":{"slug":"isprototypeof","planId":"free"}}
[2025-12-02T17:11:12.244Z] [App] [INFO] {"eventId":"d539c13d-ca4c-424c-ada2-9a98bf891d93","eventType":"team.context.cleared","timestamp":"2025-12-02T17:11:12.244Z","outcome":"success","userId":"3d547a26-229f-4a38-be72-5dcf2a921e09","teamId":"4f674563-f62e-4a3a-b5ed-ba7caae714d7","metadata":{"reason":"no_teams_available"}}
[2025-12-02T17:11:12.253Z] [App] [INFO] {"eventId":"b1c6d8ac-5771-423a-b709-17743155018b","eventType":"team.create.success","timestamp":"2025-12-02T17:11:12.253Z","outcome":"success","userId":"be030e1f-4f8c-4886-a4d0-96b8b4ba0e13","teamId":"c9a7fbb8-11b0-4e6d-8745-5e7d96da3de3","teamName":"ref","metadata":{"slug":"ref","planId":"free"}}
[2025-12-02T17:11:12.256Z] [App] [INFO] {"eventId":"69829146-ee53-4f41-8c3f-4af53b94e5a2","eventType":"team.context.cleared","timestamp":"2025-12-02T17:11:12.256Z","outcome":"success","userId":"be030e1f-4f8c-4886-a4d0-96b8b4ba0e13","teamId":"c9a7fbb8-11b0-4e6d-8745-5e7d96da3de3","metadata":{"reason":"no_teams_available"}}
[2025-12-02T17:11:12.258Z] [App] [INFO] {"eventId":"a53c08d2-6e6f-42b3-8f67-918497675025","eventType":"team.create.success","timestamp":"2025-12-02T17:11:12.258Z","outcome":"success","userId":"5a87a7e8-e9ff-4773-9c9f-20bf5dcef3a6","teamId":"ec9700c3-870e-4021-b173-e062e7c968ce","teamName":"G.k]!6(","metadata":{"slug":"gk6","planId":"free"}}
[2025-12-02T17:11:12.267Z] [App] [INFO] {"eventId":"3066e748-bdcf-4d1d-9b6c-da10fadda4a5","eventType":"team.context.cleared","timestamp":"2025-12-02T17:11:12.267Z","outcome":"success","userId":"5a87a7e8-e9ff-4773-9c9f-20bf5dcef3a6","teamId":"ec9700c3-870e-4021-b173-e062e7c968ce","metadata":{"reason":"no_teams_available"}}
[2025-12-02T17:11:12.269Z] [App] [INFO] {"eventId":"4fa00b8f-506f-41d0-82c3-7c4f2494c4ea","eventType":"team.create.success","timestamp":"2025-12-02T17:11:12.269Z","outcome":"success","userId":"d6e874f6-f5d0-41c3-bc83-ac1fdf7bb7e2","teamId":"bc99b393-5bad-4849-8620-d763c00c1922","teamName":"Rsalle__l","metadata":{"slug":"rsallel","planId":"free"}}
[2025-12-02T17:11:12.270Z] [App] [INFO] {"eventId":"59fcc4c1-331e-4422-8c2e-63a02a97372e","eventType":"team.context.cleared","timestamp":"2025-12-02T17:11:12.270Z","outcome":"success","userId":"d6e874f6-f5d0-41c3-bc83-ac1fdf7bb7e2","teamId":"bc99b393-5bad-4849-8620-d763c00c1922","metadata":{"reason":"no_teams_available"}}
[2025-12-02T17:11:12.325Z] [App] [INFO] {"eventId":"1c4c46a6-bb6b-42b7-a6c9-edade650021e","eventType":"team.create.success","timestamp":"2025-12-02T17:11:12.325Z","outcome":"success","userId":"931dfe05-a39f-4f29-b82e-c4ea41fefe24","teamId":"da96e9da-1af5-4adf-a0ff-706ee6b412be","teamName":"P6","metadata":{"slug":"p6","planId":"free"}}
[2025-12-02T17:11:12.331Z] [App] [INFO] {"eventId":"3ba25d49-de97-4a17-81d2-5ea37dcf36b2","eventType":"team.context.cleared","timestamp":"2025-12-02T17:11:12.331Z","outcome":"success","userId":"931dfe05-a39f-4f29-b82e-c4ea41fefe24","teamId":"da96e9da-1af5-4adf-a0ff-706ee6b412be","metadata":{"reason":"no_teams_available"}}
[2025-12-02T17:11:12.334Z] [App] [INFO] {"eventId":"d5a66f3b-edd2-412a-8317-27bbf4d4ec12","eventType":"team.create.success","timestamp":"2025-12-02T17:11:12.334Z","outcome":"success","userId":"be773399-df4a-4087-b14b-9bfacce851d2","teamId":"f29000f1-6bad-4e76-aa43-0fc7b2a09dc1","teamName":"7*M-*QAn","metadata":{"slug":"7m-qan","planId":"free"}}
[2025-12-02T17:11:12.335Z] [App] [INFO] {"eventId":"66474a44-4915-4811-bfdd-df33c86d518c","eventType":"team.context.cleared","timestamp":"2025-12-02T17:11:12.335Z","outcome":"success","userId":"be773399-df4a-4087-b14b-9bfacce851d2","teamId":"f29000f1-6bad-4e76-aa43-0fc7b2a09dc1","metadata":{"reason":"no_teams_available"}}
[2025-12-02T17:11:12.337Z] [App] [INFO] {"eventId":"20101e67-f0a6-424e-957f-b5461115e9de","eventType":"team.create.success","timestamp":"2025-12-02T17:11:12.337Z","outcome":"success","userId":"1d0bb89f-62f7-4ab9-8696-0e53be7e4ccf","teamId":"52a449ee-4e66-48ff-88d4-e26460c61661","teamName":"VvTGz(1O{Q84!%","metadata":{"slug":"vvtgz1oq84","planId":"free"}}
[2025-12-02T17:11:12.338Z] [App] [INFO] {"eventId":"87cbcfbf-bd6b-434b-aae0-f6fecb0e9413","eventType":"team.context.cleared","timestamp":"2025-12-02T17:11:12.338Z","outcome":"success","userId":"1d0bb89f-62f7-4ab9-8696-0e53be7e4ccf","teamId":"52a449ee-4e66-48ff-88d4-e26460c61661","metadata":{"reason":"no_teams_available"}}
[2025-12-02T17:11:12.340Z] [App] [INFO] {"eventId":"48b1ec96-e1ed-4fa5-abaa-1383e6c32fb6","eventType":"team.create.success","timestamp":"2025-12-02T17:11:12.340Z","outcome":"success","userId":"051d87a7-9c47-43c5-bdaf-b8c39901b2cf","teamId":"2beb3eec-fd85-4a66-9f5c-af25710c2f4a","teamName":"cF.mCRFv'","metadata":{"slug":"cfmcrfv","planId":"free"}}
[2025-12-02T17:11:12.341Z] [App] [INFO] {"eventId":"db53dc9d-7ca1-4584-902a-3a729a39f67b","eventType":"team.context.cleared","timestamp":"2025-12-02T17:11:12.341Z","outcome":"success","userId":"051d87a7-9c47-43c5-bdaf-b8c39901b2cf","teamId":"2beb3eec-fd85-4a66-9f5c-af25710c2f4a","metadata":{"reason":"no_teams_available"}}
[2025-12-02T17:11:12.343Z] [App] [INFO] {"eventId":"458f3268-3f18-43e6-9124-f9a9d221fe36","eventType":"team.create.success","timestamp":"2025-12-02T17:11:12.343Z","outcome":"success","userId":"bc82231c-5485-465b-b12a-b9c4cbb6ce67","teamId":"83695a68-4e76-42a3-811b-42cf0b950875","teamName":"key","metadata":{"slug":"key","planId":"free"}}
[2025-12-02T17:11:12.344Z] [App] [INFO] {"eventId":"0eb26abe-a547-4fc7-919b-83e44aba3a78","eventType":"team.context.cleared","timestamp":"2025-12-02T17:11:12.344Z","outcome":"success","userId":"bc82231c-5485-465b-b12a-b9c4cbb6ce67","teamId":"83695a68-4e76-42a3-811b-42cf0b950875","metadata":{"reason":"no_teams_available"}}
[2025-12-02T17:11:12.359Z] [App] [INFO] {"eventId":"e9dcac7e-0a8d-4f48-a4db-a93755b908c9","eventType":"team.create.success","timestamp":"2025-12-02T17:11:12.359Z","outcome":"success","userId":"dea54449-8d1a-406d-942e-8ac74761b0f0","teamId":"cdc23585-6b52-4154-8caa-15d2973cc7e3","teamName":"len","metadata":{"slug":"len","planId":"free"}}
[2025-12-02T17:11:12.374Z] [App] [INFO] {"eventId":"3436dee7-1a42-4438-83c1-ba71559fd33e","eventType":"team.context.cleared","timestamp":"2025-12-02T17:11:12.374Z","outcome":"success","userId":"dea54449-8d1a-406d-942e-8ac74761b0f0","teamId":"cdc23585-6b52-4154-8caa-15d2973cc7e3","metadata":{"reason":"no_teams_available"}}
[2025-12-02T17:11:12.392Z] [App] [INFO] {"eventId":"d5287e4d-249f-45b7-994e-83469b9f4bc7","eventType":"team.create.success","timestamp":"2025-12-02T17:11:12.392Z","outcome":"success","userId":"63a3251c-da64-4e21-9cf7-34f202941916","teamId":"eef7a0ba-83fa-473d-84b3-6b0617071a44","teamName":"p!&2$?{yc","metadata":{"slug":"p2yc","planId":"free"}}
[2025-12-02T17:11:12.393Z] [App] [INFO] {"eventId":"dfcdb41d-5f16-4836-b32f-d07ddd8a72ff","eventType":"team.context.cleared","timestamp":"2025-12-02T17:11:12.393Z","outcome":"success","userId":"63a3251c-da64-4e21-9cf7-34f202941916","teamId":"eef7a0ba-83fa-473d-84b3-6b0617071a44","metadata":{"reason":"no_teams_available"}}
[2025-12-02T17:11:12.415Z] [App] [INFO] {"eventId":"9253495e-fb03-4039-b6c9-66bc53af41fd","eventType":"team.create.success","timestamp":"2025-12-02T17:11:12.415Z","outcome":"success","userId":"b047879c-5a9a-459a-a68d-54593a69dc51","teamId":"2eb080e3-4e34-4cbf-bae3-e51877528cb3","teamName":"y@c[RhGTO1g9Lj","metadata":{"slug":"ycrhgto1g9lj","planId":"free"}}
[2025-12-02T17:11:12.417Z] [App] [INFO] {"eventId":"54062f6f-8229-455a-aed1-ea513f5006a9","eventType":"team.context.cleared","timestamp":"2025-12-02T17:11:12.417Z","outcome":"success","userId":"b047879c-5a9a-459a-a68d-54593a69dc51","teamId":"2eb080e3-4e34-4cbf-bae3-e51877528cb3","metadata":{"reason":"no_teams_available"}}
[2025-12-02T17:11:12.432Z] [App] [INFO] {"eventId":"f4777b2e-2246-4d68-b3f9-7cdef9bc7138","eventType":"team.create.success","timestamp":"2025-12-02T17:11:12.432Z","outcome":"success","userId":"5a067a7a-c139-4e04-9ae6-3dfc6906a895","teamId":"e9f2547e-00f7-47d9-bf0d-e7e408bed0bd","teamName":"dX.","metadata":{"slug":"dx","planId":"free"}}
[2025-12-02T17:11:12.437Z] [App] [INFO] {"eventId":"b3f84aae-9d1b-4553-9444-74c17889e805","eventType":"team.context.cleared","timestamp":"2025-12-02T17:11:12.437Z","outcome":"success","userId":"5a067a7a-c139-4e04-9ae6-3dfc6906a895","teamId":"e9f2547e-00f7-47d9-bf0d-e7e408bed0bd","metadata":{"reason":"no_teams_available"}}

stdout | src/server/teams/__tests__/team-context.property.test.ts > Property 37: Deleted active team triggers auto-switch > auto-switches when user loses access to active team
[2025-12-02T17:11:12.522Z] [App] [INFO] {"eventId":"ebace0c9-02b0-498a-ade0-3467a7541f91","eventType":"team.create.success","timestamp":"2025-12-02T17:11:12.522Z","outcome":"success","userId":"354fc050-6f99-4c14-ac10-e95a6bc674ba","teamId":"26986337-0f66-4b2c-b17a-a7cf15747d91","teamName":"2T5YUy<p:F","metadata":{"slug":"2t5yuypf","planId":"free"}}
[2025-12-02T17:11:12.524Z] [App] [INFO] {"eventId":"25830fa8-7c3b-429b-a40e-2b2b94058f93","eventType":"team.create.success","timestamp":"2025-12-02T17:11:12.524Z","outcome":"success","userId":"354fc050-6f99-4c14-ac10-e95a6bc674ba","teamId":"4b4ae3ac-4af4-4167-ae47-ddafdde82045","teamName":"DpMXp~@","metadata":{"slug":"dpmxp","planId":"free"}}
[2025-12-02T17:11:12.527Z] [App] [INFO] {"eventId":"a9cfe482-deac-4014-a6bb-5d71da717539","eventType":"team.context.auto_switch","timestamp":"2025-12-02T17:11:12.527Z","outcome":"success","userId":"354fc050-6f99-4c14-ac10-e95a6bc674ba","teamId":"4b4ae3ac-4af4-4167-ae47-ddafdde82045","metadata":{"previousTeamId":"26986337-0f66-4b2c-b17a-a7cf15747d91","reason":"Active team deleted or access lost"}}
[2025-12-02T17:11:12.532Z] [App] [INFO] {"eventId":"970e5171-3eda-492c-aa32-7b303976b9ac","eventType":"team.create.success","timestamp":"2025-12-02T17:11:12.532Z","outcome":"success","userId":"ffb29664-061e-4fd5-b389-f4ee0901f4f2","teamId":"7efa542c-f7ce-4cdf-a0fd-69d46221c6cb","teamName":"1w 8mo","metadata":{"slug":"1w-8mo","planId":"free"}}
[2025-12-02T17:11:12.533Z] [App] [INFO] {"eventId":"6e033092-709d-478f-841f-087f47f20a7f","eventType":"team.create.success","timestamp":"2025-12-02T17:11:12.533Z","outcome":"success","userId":"ffb29664-061e-4fd5-b389-f4ee0901f4f2","teamId":"65b972e7-6f48-44d8-ab0d-b0e53887d121","teamName":"zprotopertyIsE","metadata":{"slug":"zprotopertyise","planId":"free"}}
[2025-12-02T17:11:12.536Z] [App] [INFO] {"eventId":"78f51a91-0664-433d-9fe6-178aface83f2","eventType":"team.context.auto_switch","timestamp":"2025-12-02T17:11:12.536Z","outcome":"success","userId":"ffb29664-061e-4fd5-b389-f4ee0901f4f2","teamId":"65b972e7-6f48-44d8-ab0d-b0e53887d121","metadata":{"previousTeamId":"7efa542c-f7ce-4cdf-a0fd-69d46221c6cb","reason":"Active team deleted or access lost"}}
[2025-12-02T17:11:12.541Z] [App] [INFO] {"eventId":"c9157cd0-1004-475f-ac0b-7d1ce1138125","eventType":"team.create.success","timestamp":"2025-12-02T17:11:12.541Z","outcome":"success","userId":"465bd50a-cf66-4117-bf97-21790b58bc7a","teamId":"2e7f27cc-dc17-4eca-8a25-76bb31b5eaf4","teamName":"|~xyx&k%% \"","metadata":{"slug":"xyxk","planId":"free"}}
[2025-12-02T17:11:12.545Z] [App] [INFO] {"eventId":"018d29ba-16e3-43de-a25d-eb5c3e2132c9","eventType":"team.create.success","timestamp":"2025-12-02T17:11:12.545Z","outcome":"success","userId":"465bd50a-cf66-4117-bf97-21790b58bc7a","teamId":"1aad5fda-9b86-454a-8496-2cd3c23531c4","teamName":"Wy","metadata":{"slug":"wy","planId":"free"}}
[2025-12-02T17:11:12.549Z] [App] [INFO] {"eventId":"188eb08c-d919-4deb-9776-27d8ab1b1c78","eventType":"team.context.auto_switch","timestamp":"2025-12-02T17:11:12.549Z","outcome":"success","userId":"465bd50a-cf66-4117-bf97-21790b58bc7a","teamId":"1aad5fda-9b86-454a-8496-2cd3c23531c4","metadata":{"previousTeamId":"2e7f27cc-dc17-4eca-8a25-76bb31b5eaf4","reason":"Active team deleted or access lost"}}
[2025-12-02T17:11:12.555Z] [App] [INFO] {"eventId":"2661c7c1-3112-4a16-ad2e-aeeeb6d9d25c","eventType":"team.create.success","timestamp":"2025-12-02T17:11:12.555Z","outcome":"success","userId":"d466b485-c153-4c5c-906f-2861a138c0f7","teamId":"ffc283ae-abbc-455c-99a8-cbe89e57b3c8","teamName":"ns","metadata":{"slug":"ns","planId":"free"}}
[2025-12-02T17:11:12.563Z] [App] [INFO] {"eventId":"1ebeeef8-2ab2-43d8-b643-8b08fc86feb4","eventType":"team.create.success","timestamp":"2025-12-02T17:11:12.563Z","outcome":"success","userId":"d466b485-c153-4c5c-906f-2861a138c0f7","teamId":"d63ba2b9-5d6a-4895-9a0d-5b487ceb2be9","teamName":"|yNkipr","metadata":{"slug":"ynkipr","planId":"free"}}
[2025-12-02T17:11:12.571Z] [App] [INFO] {"eventId":"4f09c0b4-3a1c-4c33-b50b-5080d0f2a473","eventType":"team.context.auto_switch","timestamp":"2025-12-02T17:11:12.571Z","outcome":"success","userId":"d466b485-c153-4c5c-906f-2861a138c0f7","teamId":"d63ba2b9-5d6a-4895-9a0d-5b487ceb2be9","metadata":{"previousTeamId":"ffc283ae-abbc-455c-99a8-cbe89e57b3c8","reason":"Active team deleted or access lost"}}
[2025-12-02T17:11:12.573Z] [App] [INFO] {"eventId":"ff4e81cf-f1de-49c6-bf7d-bd8d6c336662","eventType":"team.create.success","timestamp":"2025-12-02T17:11:12.573Z","outcome":"success","userId":"cecd4e72-fcf2-450a-afdb-228b35a02ddd","teamId":"8223f345-1ae0-41ce-a6b4-6c06fb80bda7","teamName":"m4LN","metadata":{"slug":"m4ln","planId":"free"}}
[2025-12-02T17:11:12.574Z] [App] [INFO] {"eventId":"963dbde5-b2d0-49fa-8876-62c09065663b","eventType":"team.create.success","timestamp":"2025-12-02T17:11:12.574Z","outcome":"success","userId":"cecd4e72-fcf2-450a-afdb-228b35a02ddd","teamId":"dafc6ab5-ecfc-460c-8a2b-d441d731e9ac","teamName":"q-f","metadata":{"slug":"q-f","planId":"free"}}
[2025-12-02T17:11:12.577Z] [App] [INFO] {"eventId":"dbd77498-a692-4817-b33a-3f685ff5644a","eventType":"team.context.auto_switch","timestamp":"2025-12-02T17:11:12.577Z","outcome":"success","userId":"cecd4e72-fcf2-450a-afdb-228b35a02ddd","teamId":"dafc6ab5-ecfc-460c-8a2b-d441d731e9ac","metadata":{"previousTeamId":"8223f345-1ae0-41ce-a6b4-6c06fb80bda7","reason":"Active team deleted or access lost"}}
[2025-12-02T17:11:12.596Z] [App] [INFO] {"eventId":"91c54c34-1ba3-4d78-8cb0-8eb8662b2542","eventType":"team.create.success","timestamp":"2025-12-02T17:11:12.596Z","outcome":"success","userId":"9c6efaec-dcbe-4555-89c2-e2b550d0c24a","teamId":"da64c523-d830-43b2-b0a3-6f383a37fe68","teamName":"+__lookup","metadata":{"slug":"lookup","planId":"free"}}
[2025-12-02T17:11:12.597Z] [App] [INFO] {"eventId":"e911a907-840c-4d0d-89cc-72b54105eaa3","eventType":"team.create.success","timestamp":"2025-12-02T17:11:12.597Z","outcome":"success","userId":"9c6efaec-dcbe-4555-89c2-e2b550d0c24a","teamId":"170976c9-9632-4d57-9410-73128efb2faa","teamName":"apply","metadata":{"slug":"apply","planId":"free"}}
[2025-12-02T17:11:12.600Z] [App] [INFO] {"eventId":"2b11e688-1cd2-4acc-8612-71c178b0eeeb","eventType":"team.context.auto_switch","timestamp":"2025-12-02T17:11:12.600Z","outcome":"success","userId":"9c6efaec-dcbe-4555-89c2-e2b550d0c24a","teamId":"170976c9-9632-4d57-9410-73128efb2faa","metadata":{"previousTeamId":"da64c523-d830-43b2-b0a3-6f383a37fe68","reason":"Active team deleted or access lost"}}
[2025-12-02T17:11:12.611Z] [App] [INFO] {"eventId":"0b677de9-2abf-4906-8ca4-142ad0e87ba9","eventType":"team.create.success","timestamp":"2025-12-02T17:11:12.611Z","outcome":"success","userId":"fe528110-439b-4382-baf0-b699c8a0cf77","teamId":"8a7540c7-9293-4fa3-900c-3123b4f81183","teamName":"yu2","metadata":{"slug":"yu2","planId":"free"}}
[2025-12-02T17:11:12.616Z] [App] [INFO] {"eventId":"3f1a9c42-4732-40a5-8c7d-8ff48f5395e4","eventType":"team.create.success","timestamp":"2025-12-02T17:11:12.616Z","outcome":"success","userId":"fe528110-439b-4382-baf0-b699c8a0cf77","teamId":"2ffd875b-2fd9-43dc-9d44-d9450c7601e5","teamName":"5>^+9n5~Yy.uV=","metadata":{"slug":"59n5yyuv","planId":"free"}}
[2025-12-02T17:11:12.619Z] [App] [INFO] {"eventId":"7f387537-bd39-48da-9646-926b58ae0b5e","eventType":"team.context.auto_switch","timestamp":"2025-12-02T17:11:12.619Z","outcome":"success","userId":"fe528110-439b-4382-baf0-b699c8a0cf77","teamId":"2ffd875b-2fd9-43dc-9d44-d9450c7601e5","metadata":{"previousTeamId":"8a7540c7-9293-4fa3-900c-3123b4f81183","reason":"Active team deleted or access lost"}}
[2025-12-02T17:11:12.622Z] [App] [INFO] {"eventId":"dfc4d9ba-9d2d-4ae0-ad91-3b235da631c7","eventType":"team.create.success","timestamp":"2025-12-02T17:11:12.622Z","outcome":"success","userId":"985edcdf-e748-40fe-a382-b5060732e28c","teamId":"6dca604b-e36d-411a-af0f-6581623dfa98","teamName":">9&G*,|XqN5)v","metadata":{"slug":"9gxqn5v","planId":"free"}}
[2025-12-02T17:11:12.632Z] [App] [INFO] {"eventId":"abb05d08-caba-443c-83c5-a817d5741500","eventType":"team.create.success","timestamp":"2025-12-02T17:11:12.632Z","outcome":"success","userId":"985edcdf-e748-40fe-a382-b5060732e28c","teamId":"c7767d53-637f-456d-9abc-8ddf9bf6adad","teamName":"isPrototy","metadata":{"slug":"isprototy","planId":"free"}}
[2025-12-02T17:11:12.638Z] [App] [INFO] {"eventId":"8d98cc8b-b388-43b7-bea7-5d88556ddb34","eventType":"team.context.auto_switch","timestamp":"2025-12-02T17:11:12.638Z","outcome":"success","userId":"985edcdf-e748-40fe-a382-b5060732e28c","teamId":"c7767d53-637f-456d-9abc-8ddf9bf6adad","metadata":{"previousTeamId":"6dca604b-e36d-411a-af0f-6581623dfa98","reason":"Active team deleted or access lost"}}
[2025-12-02T17:11:12.641Z] [App] [INFO] {"eventId":"a94be4ef-36f5-4c02-99c3-b05d4669a346","eventType":"team.create.success","timestamp":"2025-12-02T17:11:12.641Z","outcome":"success","userId":"dd436536-abc3-4f73-a045-dc62f5d60d6a","teamId":"54406d74-b684-4279-95d8-702c97cfa8b2","teamName":"d 2o\"+Y5XBWKM3","metadata":{"slug":"d-2oy5xbwkm3","planId":"free"}}
[2025-12-02T17:11:12.643Z] [App] [INFO] {"eventId":"580d1790-56b1-44c5-8626-4a2130a92c94","eventType":"team.create.success","timestamp":"2025-12-02T17:11:12.643Z","outcome":"success","userId":"dd436536-abc3-4f73-a045-dc62f5d60d6a","teamId":"f991fd6e-9a45-4d39-9c10-9994299800a8","teamName":"{rFrJ2)jn0F D","metadata":{"slug":"rfrj2jn0f-d","planId":"free"}}
[2025-12-02T17:11:12.648Z] [App] [INFO] {"eventId":"f581f8d1-9148-4665-b00d-cc6a6a98f5e8","eventType":"team.context.auto_switch","timestamp":"2025-12-02T17:11:12.648Z","outcome":"success","userId":"dd436536-abc3-4f73-a045-dc62f5d60d6a","teamId":"f991fd6e-9a45-4d39-9c10-9994299800a8","metadata":{"previousTeamId":"54406d74-b684-4279-95d8-702c97cfa8b2","reason":"Active team deleted or access lost"}}
[2025-12-02T17:11:12.650Z] [App] [INFO] {"eventId":"06cb0771-71b6-4f7b-a896-f475bccaacd4","eventType":"team.create.success","timestamp":"2025-12-02T17:11:12.650Z","outcome":"success","userId":"9480f6b2-6085-4264-a927-760779b6cc90","teamId":"8aef3664-91ff-4354-9a5d-ff6f5e9fde35","teamName":"xN*~hS","metadata":{"slug":"xnhs","planId":"free"}}
[2025-12-02T17:11:12.651Z] [App] [INFO] {"eventId":"00e327ba-d096-4516-a1c6-7705bc54331b","eventType":"team.create.success","timestamp":"2025-12-02T17:11:12.651Z","outcome":"success","userId":"9480f6b2-6085-4264-a927-760779b6cc90","teamId":"74780b6e-3c91-46bc-9ed3-1ba482180860","teamName":"\"y`ehK6","metadata":{"slug":"yehk6","planId":"free"}}
[2025-12-02T17:11:12.726Z] [App] [INFO] {"eventId":"8f1f7765-1363-4826-94f3-a8ad64605d1d","eventType":"team.context.auto_switch","timestamp":"2025-12-02T17:11:12.726Z","outcome":"success","userId":"9480f6b2-6085-4264-a927-760779b6cc90","teamId":"74780b6e-3c91-46bc-9ed3-1ba482180860","metadata":{"previousTeamId":"8aef3664-91ff-4354-9a5d-ff6f5e9fde35","reason":"Active team deleted or access lost"}}
[2025-12-02T17:11:12.746Z] [App] [INFO] {"eventId":"50472490-3ff3-45df-a644-ee2ab4c9bdba","eventType":"team.create.success","timestamp":"2025-12-02T17:11:12.746Z","outcome":"success","userId":"0066a12d-a6d5-4725-8bab-e68766b1218e","teamId":"5e6dbb9a-3d2a-41ea-8ff2-0769387746d6","teamName":"LH!wB9#","metadata":{"slug":"lhwb9","planId":"free"}}
[2025-12-02T17:11:12.775Z] [App] [INFO] {"eventId":"30e6cb95-9dde-4e9a-b345-ae12577482a9","eventType":"team.create.success","timestamp":"2025-12-02T17:11:12.775Z","outcome":"success","userId":"0066a12d-a6d5-4725-8bab-e68766b1218e","teamId":"e1744a0f-849f-416f-a486-7a66ad73b98d","teamName":"toString","metadata":{"slug":"tostring","planId":"free"}}
[2025-12-02T17:11:12.824Z] [App] [INFO] {"eventId":"eef8ef56-fd9c-44b9-9ab6-3e277dec7feb","eventType":"team.context.auto_switch","timestamp":"2025-12-02T17:11:12.824Z","outcome":"success","userId":"0066a12d-a6d5-4725-8bab-e68766b1218e","teamId":"e1744a0f-849f-416f-a486-7a66ad73b98d","metadata":{"previousTeamId":"5e6dbb9a-3d2a-41ea-8ff2-0769387746d6","reason":"Active team deleted or access lost"}}
[2025-12-02T17:11:12.827Z] [App] [INFO] {"eventId":"6bfe840d-266f-4971-b2cf-78b4bc4e75f6","eventType":"team.create.success","timestamp":"2025-12-02T17:11:12.827Z","outcome":"success","userId":"275a0106-5cd5-48bc-9f3c-0a332c32fd51","teamId":"ff8c7219-5bdd-4cca-aaed-047032847141","teamName":"=in;[1]","metadata":{"slug":"in1","planId":"free"}}
[2025-12-02T17:11:12.844Z] [App] [INFO] {"eventId":"a13eafb1-996e-4a5f-b4e5-3d36e5157068","eventType":"team.create.success","timestamp":"2025-12-02T17:11:12.844Z","outcome":"success","userId":"275a0106-5cd5-48bc-9f3c-0a332c32fd51","teamId":"65db1e01-0b9f-4c32-a75a-91e327ba0732","teamName":"!V{cz7n#sg","metadata":{"slug":"vcz7nsg","planId":"free"}}
[2025-12-02T17:11:12.849Z] [App] [INFO] {"eventId":"49107153-29cb-4bfa-bf50-9e50fe12520f","eventType":"team.context.auto_switch","timestamp":"2025-12-02T17:11:12.849Z","outcome":"success","userId":"275a0106-5cd5-48bc-9f3c-0a332c32fd51","teamId":"65db1e01-0b9f-4c32-a75a-91e327ba0732","metadata":{"previousTeamId":"ff8c7219-5bdd-4cca-aaed-047032847141","reason":"Active team deleted or access lost"}}
[2025-12-02T17:11:12.851Z] [App] [INFO] {"eventId":"3acee181-2f98-4e7a-8861-6c20399086dc","eventType":"team.create.success","timestamp":"2025-12-02T17:11:12.851Z","outcome":"success","userId":"8b93c735-3db4-4ceb-b1d2-d1ec85db8d85","teamId":"c5f6d73a-f976-46f1-a9cf-1098b923c0c4","teamName":"&yC\"\"V9y!","metadata":{"slug":"ycv9y","planId":"free"}}
[2025-12-02T17:11:12.852Z] [App] [INFO] {"eventId":"98f37d6d-872e-4cb9-a2a7-c63c42902f75","eventType":"team.create.success","timestamp":"2025-12-02T17:11:12.852Z","outcome":"success","userId":"8b93c735-3db4-4ceb-b1d2-d1ec85db8d85","teamId":"081a22b6-1130-4b09-a2c0-4fed890a1006","teamName":"&?L'e}v(H","metadata":{"slug":"levh","planId":"free"}}
[2025-12-02T17:11:12.868Z] [App] [INFO] {"eventId":"a690acec-f16e-415c-9c58-9fe1cdb99cf6","eventType":"team.context.auto_switch","timestamp":"2025-12-02T17:11:12.868Z","outcome":"success","userId":"8b93c735-3db4-4ceb-b1d2-d1ec85db8d85","teamId":"081a22b6-1130-4b09-a2c0-4fed890a1006","metadata":{"previousTeamId":"c5f6d73a-f976-46f1-a9cf-1098b923c0c4","reason":"Active team deleted or access lost"}}
[2025-12-02T17:11:12.882Z] [App] [INFO] {"eventId":"1e3cbcb4-672d-473a-818c-4ca02ae6ef5b","eventType":"team.create.success","timestamp":"2025-12-02T17:11:12.881Z","outcome":"success","userId":"514dc10d-49af-48a4-bcd6-7f9f848eb7c2","teamId":"14234113-e8fb-4338-bc6d-b78848d14105","teamName":")${__defineS","metadata":{"slug":"defines","planId":"free"}}
[2025-12-02T17:11:12.883Z] [App] [INFO] {"eventId":"e5afa2f0-0e46-4c46-b517-639ab861f88d","eventType":"team.create.success","timestamp":"2025-12-02T17:11:12.883Z","outcome":"success","userId":"514dc10d-49af-48a4-bcd6-7f9f848eb7c2","teamId":"bd33a7f7-fd88-4f44-9292-f25c9f566f29","teamName":",|&Vc{Fx","metadata":{"slug":"vcfx","planId":"free"}}
[2025-12-02T17:11:12.886Z] [App] [INFO] {"eventId":"12d5ee6d-afe9-4852-902a-fc7ec735cb25","eventType":"team.context.auto_switch","timestamp":"2025-12-02T17:11:12.886Z","outcome":"success","userId":"514dc10d-49af-48a4-bcd6-7f9f848eb7c2","teamId":"bd33a7f7-fd88-4f44-9292-f25c9f566f29","metadata":{"previousTeamId":"14234113-e8fb-4338-bc6d-b78848d14105","reason":"Active team deleted or access lost"}}
[2025-12-02T17:11:12.888Z] [App] [INFO] {"eventId":"6070fe7f-5b81-40ab-a027-edc5250306a3","eventType":"team.create.success","timestamp":"2025-12-02T17:11:12.888Z","outcome":"success","userId":"b2d3f402-3c0a-415a-b2b0-e836a2d6db79","teamId":"0847c367-5fed-4c6e-ba17-c9bdc8a1c2f2","teamName":"+\"3$\"ap","metadata":{"slug":"3ap","planId":"free"}}
[2025-12-02T17:11:12.889Z] [App] [INFO] {"eventId":"59e79998-0443-4aaf-8a48-f7a39f797925","eventType":"team.create.success","timestamp":"2025-12-02T17:11:12.889Z","outcome":"success","userId":"b2d3f402-3c0a-415a-b2b0-e836a2d6db79","teamId":"8492b28a-3138-4e10-8206-eba895ea2f92","teamName":"jH<^","metadata":{"slug":"jh","planId":"free"}}
[2025-12-02T17:11:12.897Z] [App] [INFO] {"eventId":"70c826f1-c257-4343-9e0a-c6f235c1d613","eventType":"team.context.auto_switch","timestamp":"2025-12-02T17:11:12.897Z","outcome":"success","userId":"b2d3f402-3c0a-415a-b2b0-e836a2d6db79","teamId":"8492b28a-3138-4e10-8206-eba895ea2f92","metadata":{"previousTeamId":"0847c367-5fed-4c6e-ba17-c9bdc8a1c2f2","reason":"Active team deleted or access lost"}}
[2025-12-02T17:11:12.923Z] [App] [INFO] {"eventId":"a700282a-1cd5-4410-a372-eb20437708f3","eventType":"team.create.success","timestamp":"2025-12-02T17:11:12.923Z","outcome":"success","userId":"07e04210-ded8-431d-aace-02290d02ea69","teamId":"20d72be5-9f77-40e2-b25b-35bd92f97493","teamName":"_G/*?zJ2Lg0","metadata":{"slug":"gzj2lg0","planId":"free"}}
[2025-12-02T17:11:12.924Z] [App] [INFO] {"eventId":"20bba68f-09aa-429d-8b80-3b1547865a30","eventType":"team.create.success","timestamp":"2025-12-02T17:11:12.924Z","outcome":"success","userId":"07e04210-ded8-431d-aace-02290d02ea69","teamId":"86d574e8-3921-407d-a2a3-8b3e78b61d11","teamName":"j$qr8","metadata":{"slug":"jqr8","planId":"free"}}
[2025-12-02T17:11:12.933Z] [App] [INFO] {"eventId":"d90427fd-eed1-40cd-93db-d6dcfc6c4d7a","eventType":"team.context.auto_switch","timestamp":"2025-12-02T17:11:12.933Z","outcome":"success","userId":"07e04210-ded8-431d-aace-02290d02ea69","teamId":"86d574e8-3921-407d-a2a3-8b3e78b61d11","metadata":{"previousTeamId":"20d72be5-9f77-40e2-b25b-35bd92f97493","reason":"Active team deleted or access lost"}}
[2025-12-02T17:11:12.952Z] [App] [INFO] {"eventId":"0c91d11a-c40f-4764-bff5-7ce0440c01c7","eventType":"team.create.success","timestamp":"2025-12-02T17:11:12.951Z","outcome":"success","userId":"c13193b7-4feb-47a5-b3e2-4fd790ac1624","teamId":"5843de6b-fb2b-474a-95c3-e7edbbca075d","teamName":"'(j=H","metadata":{"slug":"jh","planId":"free"}}
[2025-12-02T17:11:12.961Z] [App] [INFO] {"eventId":"8cfe8735-8b4a-4b67-9bb6-afbe03d49bfa","eventType":"team.create.success","timestamp":"2025-12-02T17:11:12.961Z","outcome":"success","userId":"c13193b7-4feb-47a5-b3e2-4fd790ac1624","teamId":"b5ec26d1-6fd2-487f-b801-b19c938b1b81","teamName":"1h'7,rX] Id-a","metadata":{"slug":"1h7rx-id-a","planId":"free"}}
[2025-12-02T17:11:13.074Z] [App] [INFO] {"eventId":"aa3d5e14-30f8-4b3f-982f-818d92f8830a","eventType":"team.context.auto_switch","timestamp":"2025-12-02T17:11:13.074Z","outcome":"success","userId":"c13193b7-4feb-47a5-b3e2-4fd790ac1624","teamId":"b5ec26d1-6fd2-487f-b801-b19c938b1b81","metadata":{"previousTeamId":"5843de6b-fb2b-474a-95c3-e7edbbca075d","reason":"Active team deleted or access lost"}}
[2025-12-02T17:11:13.081Z] [App] [INFO] {"eventId":"4c44ab74-ba54-4c7a-bfc0-de5b57a8254d","eventType":"team.create.success","timestamp":"2025-12-02T17:11:13.081Z","outcome":"success","userId":"94b8aee3-9983-49ae-94de-fa1a9d032f43","teamId":"d444e5f1-934d-4213-b969-80cb4f2b4c9e","teamName":"Gu%xP","metadata":{"slug":"guxp","planId":"free"}}
[2025-12-02T17:11:13.086Z] [App] [INFO] {"eventId":"216bd2a3-19c0-4afd-9aff-edb206438d19","eventType":"team.create.success","timestamp":"2025-12-02T17:11:13.086Z","outcome":"success","userId":"94b8aee3-9983-49ae-94de-fa1a9d032f43","teamId":"4d47dcb2-8b66-4c7a-aebd-6a360cc4a96b","teamName":"UP#","metadata":{"slug":"up","planId":"free"}}
[2025-12-02T17:11:13.090Z] [App] [INFO] {"eventId":"3a96fadd-6b0a-40e9-a552-80f02f7b5fe4","eventType":"team.context.auto_switch","timestamp":"2025-12-02T17:11:13.090Z","outcome":"success","userId":"94b8aee3-9983-49ae-94de-fa1a9d032f43","teamId":"4d47dcb2-8b66-4c7a-aebd-6a360cc4a96b","metadata":{"previousTeamId":"d444e5f1-934d-4213-b969-80cb4f2b4c9e","reason":"Active team deleted or access lost"}}
[2025-12-02T17:11:13.095Z] [App] [INFO] {"eventId":"9f469180-aa14-4d6a-bd03-684999bd5f95","eventType":"team.create.success","timestamp":"2025-12-02T17:11:13.095Z","outcome":"success","userId":"da718834-ffd3-48ba-b647-8985a9a08fd1","teamId":"f2120277-b0d8-4938-80e6-e0869435364e","teamName":",ChH*Xi=0H:X4","metadata":{"slug":"chhxi0hx4","planId":"free"}}
[2025-12-02T17:11:13.097Z] [App] [INFO] {"eventId":"3d0fc693-a997-4234-a6dc-626d56fce0a6","eventType":"team.create.success","timestamp":"2025-12-02T17:11:13.097Z","outcome":"success","userId":"da718834-ffd3-48ba-b647-8985a9a08fd1","teamId":"5f8ee32e-778e-4689-97d7-99cb772921f2","teamName":"09","metadata":{"slug":"09","planId":"free"}}
[2025-12-02T17:11:13.102Z] [App] [INFO] {"eventId":"8c9e2adb-04f7-4232-bc9b-b76993abda93","eventType":"team.context.auto_switch","timestamp":"2025-12-02T17:11:13.102Z","outcome":"success","userId":"da718834-ffd3-48ba-b647-8985a9a08fd1","teamId":"5f8ee32e-778e-4689-97d7-99cb772921f2","metadata":{"previousTeamId":"f2120277-b0d8-4938-80e6-e0869435364e","reason":"Active team deleted or access lost"}}
[2025-12-02T17:11:13.106Z] [App] [INFO] {"eventId":"3a253922-6fc6-43c4-b436-d1d636323816","eventType":"team.create.success","timestamp":"2025-12-02T17:11:13.106Z","outcome":"success","userId":"db987005-6fed-47a4-ba69-88db6ca7a3c4","teamId":"1c731d35-c1b3-427c-b725-dca0e39d0c97","teamName":"apply","metadata":{"slug":"apply","planId":"free"}}
[2025-12-02T17:11:13.107Z] [App] [INFO] {"eventId":"e7b94671-b1c5-4cdd-b645-0d4649ee0ddd","eventType":"team.create.success","timestamp":"2025-12-02T17:11:13.107Z","outcome":"success","userId":"db987005-6fed-47a4-ba69-88db6ca7a3c4","teamId":"05996eaf-2eaa-410e-95b2-1857397bf863","teamName":"~dS<.+^","metadata":{"slug":"ds","planId":"free"}}
[2025-12-02T17:11:13.113Z] [App] [INFO] {"eventId":"92286cdc-aa5c-4d99-af88-f5477fe49b8c","eventType":"team.context.auto_switch","timestamp":"2025-12-02T17:11:13.113Z","outcome":"success","userId":"db987005-6fed-47a4-ba69-88db6ca7a3c4","teamId":"05996eaf-2eaa-410e-95b2-1857397bf863","metadata":{"previousTeamId":"1c731d35-c1b3-427c-b725-dca0e39d0c97","reason":"Active team deleted or access lost"}}

stdout | src/server/teams/__tests__/team-context.property.test.ts > Property 37: Deleted active team triggers auto-switch > returns none action when current team is valid
[2025-12-02T17:11:13.203Z] [App] [INFO] {"eventId":"511c1d04-67b2-4e57-b4ce-9824a0b8b947","eventType":"team.create.success","timestamp":"2025-12-02T17:11:13.203Z","outcome":"success","userId":"650494a0-56e0-49fd-b795-0d8c7a778240","teamId":"dca63a5f-833f-4090-ad7e-b4cc711f8227","teamName":"toLocaleSt","metadata":{"slug":"tolocalest","planId":"free"}}
[2025-12-02T17:11:13.209Z] [App] [INFO] {"eventId":"b77a2b9b-0804-49ac-ae59-6727b48e35ad","eventType":"team.create.success","timestamp":"2025-12-02T17:11:13.209Z","outcome":"success","userId":"315db0b6-7729-4e0b-8520-fba637b844d3","teamId":"2fc73c5a-b8e1-438c-a5f4-aeddbdc45bbd","teamName":"7#&!X!Wuz","metadata":{"slug":"7xwuz","planId":"free"}}
[2025-12-02T17:11:13.216Z] [App] [INFO] {"eventId":"8a87ae28-2a4b-4253-bc0c-2ac3065f1562","eventType":"team.create.success","timestamp":"2025-12-02T17:11:13.216Z","outcome":"success","userId":"713b3c1e-da1a-4f7c-8258-e9ac84769486","teamId":"4d56231b-3f05-4ecb-9861-d64c799178b0","teamName":" 3F","metadata":{"slug":"3f","planId":"free"}}
[2025-12-02T17:11:13.222Z] [App] [INFO] {"eventId":"6ca9a950-8d38-4b77-9248-12b7dcaa0eb6","eventType":"team.create.success","timestamp":"2025-12-02T17:11:13.222Z","outcome":"success","userId":"51dbc398-632f-46e5-a9d9-f3c784deb9b7","teamId":"5db5f528-986c-4a20-941c-8678d3027faf","teamName":"j 1cu!:k<","metadata":{"slug":"j-1cuk","planId":"free"}}
[2025-12-02T17:11:13.233Z] [App] [INFO] {"eventId":"6ec0717e-03aa-4eeb-b547-6753374d7464","eventType":"team.create.success","timestamp":"2025-12-02T17:11:13.233Z","outcome":"success","userId":"6c896fdb-17c1-447b-a8cb-027e98bc5a3d","teamId":"0c7fb685-e55f-43b8-b4ef-e178a66be361","teamName":"y%zj6(ezVmY=E>","metadata":{"slug":"yzj6ezvmye","planId":"free"}}
[2025-12-02T17:11:13.238Z] [App] [INFO] {"eventId":"0a4306a1-334c-4cce-adba-3858d4694e11","eventType":"team.create.success","timestamp":"2025-12-02T17:11:13.238Z","outcome":"success","userId":"670741f9-117a-446c-8fe8-03e6c2443461","teamId":"660028ed-f318-4605-ba29-af1f4994ab12","teamName":"6U+=5_2@R>D","metadata":{"slug":"6u52rd","planId":"free"}}
[2025-12-02T17:11:13.244Z] [App] [INFO] {"eventId":"def793a6-eaed-4d2f-b04d-0db2b7f2c978","eventType":"team.create.success","timestamp":"2025-12-02T17:11:13.244Z","outcome":"success","userId":"3c8aec69-4cd9-40dd-8169-9aef6147b6d9","teamId":"6ad8b353-0637-44bd-9a5c-86a29ca08c4d","teamName":"$z~%:E","metadata":{"slug":"ze","planId":"free"}}
[2025-12-02T17:11:13.252Z] [App] [INFO] {"eventId":"925e1f37-4c2e-450f-a7bc-fd022b260e9a","eventType":"team.create.success","timestamp":"2025-12-02T17:11:13.252Z","outcome":"success","userId":"8933bc23-d6c5-4e74-b83c-e2cdff455029","teamId":"523fdea6-35c0-4b60-a16f-15b095ceff3c","teamName":"callh","metadata":{"slug":"callh","planId":"free"}}
[2025-12-02T17:11:13.261Z] [App] [INFO] {"eventId":"d6138462-7936-4a41-b373-0d553da669a7","eventType":"team.create.success","timestamp":"2025-12-02T17:11:13.261Z","outcome":"success","userId":"925efd8f-0d87-43eb-8432-3633d6d6308d","teamId":"603e0a6f-3d9a-4dd0-afb6-377f775266fa","teamName":"TBeZ*","metadata":{"slug":"tbez","planId":"free"}}
[2025-12-02T17:11:13.321Z] [App] [INFO] {"eventId":"fb194eff-cc90-4a5e-a1df-e3fef7e24467","eventType":"team.create.success","timestamp":"2025-12-02T17:11:13.321Z","outcome":"success","userId":"5b171618-f3f8-4ae8-914e-9bdecbfe085f","teamId":"1bf0b02f-4012-4340-9765-e70101a6a33c","teamName":"(}d;$z5~R","metadata":{"slug":"dz5r","planId":"free"}}
[2025-12-02T17:11:13.342Z] [App] [INFO] {"eventId":"54cbbc12-c313-4aad-a117-3553da7d7c25","eventType":"team.create.success","timestamp":"2025-12-02T17:11:13.342Z","outcome":"success","userId":"87868ff5-85fc-42e8-bf1e-bc4cb56e6d2e","teamId":"d7aaa318-4909-4752-bad2-7306a9529064","teamName":"1/:G-","metadata":{"slug":"1g","planId":"free"}}
[2025-12-02T17:11:13.367Z] [App] [INFO] {"eventId":"9c8a3060-9da4-4549-97cc-2984266a8c3f","eventType":"team.create.success","timestamp":"2025-12-02T17:11:13.367Z","outcome":"success","userId":"fbdba1cc-7260-484b-8564-8f085bb68e88","teamId":"efcb25f0-407b-48d1-82da-9527b1a67745","teamName":"xSuCaA^","metadata":{"slug":"xsucaa","planId":"free"}}
[2025-12-02T17:11:13.387Z] [App] [INFO] {"eventId":"b54334dc-ede1-46cb-94ca-4f5d523a2036","eventType":"team.create.success","timestamp":"2025-12-02T17:11:13.387Z","outcome":"success","userId":"aa833b35-cee1-4e1a-9340-5f571aed62cb","teamId":"673777dc-efba-4563-a7e0-01df46cdbb43","teamName":"K{*P<IHt","metadata":{"slug":"kpiht","planId":"free"}}
[2025-12-02T17:11:13.394Z] [App] [INFO] {"eventId":"7b174f46-6830-47d1-973f-56cbb797fd5b","eventType":"team.create.success","timestamp":"2025-12-02T17:11:13.394Z","outcome":"success","userId":"c24ae2fc-364c-45e8-aff6-211704773ea4","teamId":"c44c8c9b-65cc-47fb-b992-a866887e3764","teamName":")~}iy!!G_qxpD","metadata":{"slug":"iygqxpd","planId":"free"}}
[2025-12-02T17:11:13.399Z] [App] [INFO] {"eventId":"c2de1a46-ab21-4ca5-bff4-f4ef72e20b68","eventType":"team.create.success","timestamp":"2025-12-02T17:11:13.399Z","outcome":"success","userId":"0c3e143d-f724-4af4-a930-381b39bdc8e4","teamId":"ccb9f8ab-18e2-466a-893b-a71150cfd378","teamName":"&Zj\"1WrC# ","metadata":{"slug":"zj1wrc","planId":"free"}}
[2025-12-02T17:11:13.403Z] [App] [INFO] {"eventId":"0be712cc-f910-4284-bc55-b189cdc5f251","eventType":"team.create.success","timestamp":"2025-12-02T17:11:13.403Z","outcome":"success","userId":"6677a492-47a4-4328-88a2-9b03ee5c064b","teamId":"3899571a-911a-4dc1-bb96-e1f7654c1084","teamName":"##VJ81D_&p{","metadata":{"slug":"vj81dp","planId":"free"}}
[2025-12-02T17:11:13.423Z] [App] [INFO] {"eventId":"0482d11c-38c3-4c0f-a620-f4503f13f010","eventType":"team.create.success","timestamp":"2025-12-02T17:11:13.423Z","outcome":"success","userId":"91a1bafa-d737-47f1-9788-15824936671c","teamId":"c517eb5e-afd1-4d88-a492-69c6552a5f68","teamName":"%y<J","metadata":{"slug":"yj","planId":"free"}}
[2025-12-02T17:11:13.440Z] [App] [INFO] {"eventId":"c9b5404f-f240-4370-a197-d351b2422bce","eventType":"team.create.success","timestamp":"2025-12-02T17:11:13.440Z","outcome":"success","userId":"149598c0-dc5c-496b-8925-126bdfa18da3","teamId":"ec98d50b-385b-43b0-b75b-93d95ffff35d","teamName":"8%q=o@623","metadata":{"slug":"8qo623","planId":"free"}}
[2025-12-02T17:11:13.454Z] [App] [INFO] {"eventId":"4cb1e484-83f2-47b6-a785-0a782699941e","eventType":"team.create.success","timestamp":"2025-12-02T17:11:13.454Z","outcome":"success","userId":"b58025e1-c05b-4624-b833-e9ee9e88d219","teamId":"8ae22c02-4134-41d7-9b9b-5dcf71c26c4c","teamName":"~1P\"B","metadata":{"slug":"1pb","planId":"free"}}
[2025-12-02T17:11:13.469Z] [App] [INFO] {"eventId":"ebe464f4-6f72-46de-a525-40a9769cf7b7","eventType":"team.create.success","timestamp":"2025-12-02T17:11:13.469Z","outcome":"success","userId":"6d0e1941-660d-478a-b45d-17c75da725b3","teamId":"70218ee1-7e6d-4fe0-8ecd-b1e79cbfd298","teamName":"<RdE4-j}B~MPI","metadata":{"slug":"rde4-jbmpi","planId":"free"}}

stdout | src/server/teams/__tests__/team-context.property.test.ts > Property 37: Deleted active team triggers auto-switch > validateTeamAccessWithEdgeCases returns valid for accessible team
[2025-12-02T17:11:13.522Z] [App] [INFO] {"eventId":"6d91c522-733c-45b9-875e-376be97a2fc5","eventType":"team.create.success","timestamp":"2025-12-02T17:11:13.522Z","outcome":"success","userId":"1855ece2-ff98-4d40-b5b4-68ddba9a7883","teamId":"af5eccaa-bc1b-436b-805f-16d18a50746e","teamName":"apply","metadata":{"slug":"apply","planId":"free"}}
[2025-12-02T17:11:13.533Z] [App] [INFO] {"eventId":"e5a3cf31-a431-4b33-9f31-ff366552af7e","eventType":"team.create.success","timestamp":"2025-12-02T17:11:13.533Z","outcome":"success","userId":"ddd5c290-14ac-4276-a56a-317a712eb939","teamId":"2b585cff-e967-40bb-affd-7260cabf0efd","teamName":"ref","metadata":{"slug":"ref","planId":"free"}}
[2025-12-02T17:11:13.567Z] [App] [INFO] {"eventId":"a3a866f1-8995-406e-a776-75e238abaf6b","eventType":"team.create.success","timestamp":"2025-12-02T17:11:13.567Z","outcome":"success","userId":"e6796da2-d2e2-414c-b369-7b5db6006ab6","teamId":"dc6fcfdd-53c5-4484-8667-45abb0ed5528","teamName":"caller","metadata":{"slug":"caller","planId":"free"}}
[2025-12-02T17:11:13.571Z] [App] [INFO] {"eventId":"4ad84e05-6c0f-4b0d-9f7d-d6a375baeb8d","eventType":"team.create.success","timestamp":"2025-12-02T17:11:13.571Z","outcome":"success","userId":"e90d4cfb-d707-4db9-9cb0-69ccb0e04e2d","teamId":"e8257fe7-79d0-475a-9996-ee7ddcd9844e","teamName":"LAG-Fo>v!=","metadata":{"slug":"lag-fov","planId":"free"}}
[2025-12-02T17:11:13.582Z] [App] [INFO] {"eventId":"43dbc160-3e17-4328-93eb-d238973f3320","eventType":"team.create.success","timestamp":"2025-12-02T17:11:13.582Z","outcome":"success","userId":"d9b8effd-d135-4512-88ec-38dea9d5a2be","teamId":"845e24d2-2cb9-4cb6-9dff-1e2b444414ca","teamName":"\"j\"~#x;o'M2$y","metadata":{"slug":"jxom2y","planId":"free"}}
[2025-12-02T17:11:13.606Z] [App] [INFO] {"eventId":"bd040c93-5ba9-49b9-968e-0a0e9d38ef99","eventType":"team.create.success","timestamp":"2025-12-02T17:11:13.606Z","outcome":"success","userId":"746e9cf9-e94c-483f-9521-db480e6c49f4","teamId":"d74c16ec-6213-476d-8b11-811fdff33235","teamName":"ref","metadata":{"slug":"ref","planId":"free"}}
[2025-12-02T17:11:13.615Z] [App] [INFO] {"eventId":"483b95d4-eae6-446b-901b-9e920960d862","eventType":"team.create.success","timestamp":"2025-12-02T17:11:13.615Z","outcome":"success","userId":"f929063b-9a8f-41da-bb15-b1505d4a4209","teamId":"2b251fa4-f37d-4135-9ffb-6e7db66302e3","teamName":"3nMq;%WXAnHt4C","metadata":{"slug":"3nmqwxanht4c","planId":"free"}}
[2025-12-02T17:11:13.618Z] [App] [INFO] {"eventId":"7815d90a-6de9-47ae-9045-cb0643e95516","eventType":"team.create.success","timestamp":"2025-12-02T17:11:13.618Z","outcome":"success","userId":"81f00e74-bac9-4822-9624-5a15e03c3559","teamId":"cf5d5469-34cf-4d7e-85b5-4e33f8bee0dc","teamName":"m phZ:","metadata":{"slug":"m-phz","planId":"free"}}
[2025-12-02T17:11:13.621Z] [App] [INFO] {"eventId":"16ffe88b-09e2-43e6-9290-4cf08aee0b8d","eventType":"team.create.success","timestamp":"2025-12-02T17:11:13.621Z","outcome":"success","userId":"0433ffad-08ba-4850-afb8-cb19fdfacecc","teamId":"73692790-a7f6-461d-8ad7-d696ee272e24","teamName":":R y8BuS","metadata":{"slug":"r-y8bus","planId":"free"}}
[2025-12-02T17:11:13.657Z] [App] [INFO] {"eventId":"1ec615d5-8a2b-4b62-bd38-53153a719009","eventType":"team.create.success","timestamp":"2025-12-02T17:11:13.657Z","outcome":"success","userId":"b012a964-5ce1-41e4-9754-cc560a633172","teamId":"27498114-4f38-48ff-9abf-9e5cde780431","teamName":"v'property","metadata":{"slug":"vproperty","planId":"free"}}
[2025-12-02T17:11:13.704Z] [App] [INFO] {"eventId":"56de1799-901c-4676-b75f-e3f9e523b496","eventType":"team.create.success","timestamp":"2025-12-02T17:11:13.703Z","outcome":"success","userId":"6e6a67f1-a52f-4d73-8da6-0cefc554f5d4","teamId":"2d727b72-1031-41f0-869f-bf590f76f299","teamName":"!>pm)_Dvo","metadata":{"slug":"pmdvo","planId":"free"}}
[2025-12-02T17:11:13.761Z] [App] [INFO] {"eventId":"fc32abb3-c5f4-4363-841d-68c4fa801868","eventType":"team.create.success","timestamp":"2025-12-02T17:11:13.761Z","outcome":"success","userId":"85f7de75-7327-4fdd-b5d0-6562d0a568f9","teamId":"9568a87c-29a0-42ea-869b-c424b9bd7ac2","teamName":"rz","metadata":{"slug":"rz","planId":"free"}}
[2025-12-02T17:11:13.767Z] [App] [INFO] {"eventId":"8b737fff-bbac-4daa-9921-f6c369e2446b","eventType":"team.create.success","timestamp":"2025-12-02T17:11:13.767Z","outcome":"success","userId":"4362b027-e222-45bd-88be-35fea09971b6","teamId":"4933621d-2a1c-4197-9b35-314be2df892b","teamName":"D$K/l!@}","metadata":{"slug":"dkl","planId":"free"}}
[2025-12-02T17:11:13.774Z] [App] [INFO] {"eventId":"3c064931-25a9-4abe-830d-67be27b3ae00","eventType":"team.create.success","timestamp":"2025-12-02T17:11:13.774Z","outcome":"success","userId":"a37e930b-cefd-4e31-b592-9d4a5af27228","teamId":"812d46af-8907-4b65-9672-59e8df3d8d91","teamName":"@tYgA1O4oM#x","metadata":{"slug":"tyga1o4omx","planId":"free"}}
[2025-12-02T17:11:13.777Z] [App] [INFO] {"eventId":"151543f8-959c-40a5-824e-63ac5678f68f","eventType":"team.create.success","timestamp":"2025-12-02T17:11:13.777Z","outcome":"success","userId":"598e6cf0-4a82-4b8e-a047-b6b942ea7ee4","teamId":"1e91f47b-c428-4ca1-96b1-4e354a944cad","teamName":"prototype","metadata":{"slug":"prototype","planId":"free"}}
[2025-12-02T17:11:13.783Z] [App] [INFO] {"eventId":"45536081-8170-4b86-b886-02dd15179cba","eventType":"team.create.success","timestamp":"2025-12-02T17:11:13.783Z","outcome":"success","userId":"583a773a-b20e-4250-bf3a-edcbb292bfb8","teamId":"e3fbf5ca-8932-4120-a040-a3bd50119fd6","teamName":"cr<D","metadata":{"slug":"crd","planId":"free"}}
[2025-12-02T17:11:13.796Z] [App] [INFO] {"eventId":"ed081ad3-9db7-4874-a3c1-a0ed8a99a412","eventType":"team.create.success","timestamp":"2025-12-02T17:11:13.796Z","outcome":"success","userId":"67a09916-1224-421f-bffd-25c677e1d1ce","teamId":"d4be6fc5-19c0-4a73-b415-7661df6c0312","teamName":"4AVu+g%qE3v?G","metadata":{"slug":"4avugqe3vg","planId":"free"}}
[2025-12-02T17:11:13.801Z] [App] [INFO] {"eventId":"3bf27d8b-90da-4c77-bf14-41a9c3831026","eventType":"team.create.success","timestamp":"2025-12-02T17:11:13.801Z","outcome":"success","userId":"e44c5c93-f58c-4c9b-8322-5d9f47e12454","teamId":"945561e3-280f-4b57-8b95-8798a5eff5c3","teamName":"rfOwFE","metadata":{"slug":"rfowfe","planId":"free"}}
[2025-12-02T17:11:13.805Z] [App] [INFO] {"eventId":"f975d14c-b763-47bf-8a06-f1f55dcbde91","eventType":"team.create.success","timestamp":"2025-12-02T17:11:13.805Z","outcome":"success","userId":"aba4b8ed-bf3e-44ed-86cb-76721e9f48ce","teamId":"207a59e8-b8de-4304-ae67-2b3e640b6d75","teamName":"name","metadata":{"slug":"name","planId":"free"}}
[2025-12-02T17:11:13.811Z] [App] [INFO] {"eventId":"9621bec1-6127-4ef1-a4b8-fdbe21122fa4","eventType":"team.create.success","timestamp":"2025-12-02T17:11:13.811Z","outcome":"success","userId":"763b7eeb-e5c4-43ec-8181-df129f016b4b","teamId":"9902a56a-f470-441f-adb8-8cec144e4522","teamName":"7r+TpuM#,","metadata":{"slug":"7rtpum","planId":"free"}}

stdout | src/server/teams/__tests__/team-context.property.test.ts > Property 37: Deleted active team triggers auto-switch > validateTeamAccessWithEdgeCases auto-switches when access is lost
[2025-12-02T17:11:13.920Z] [App] [INFO] {"eventId":"9172f257-8b67-4f02-b79b-522dcf9a1ab3","eventType":"team.create.success","timestamp":"2025-12-02T17:11:13.920Z","outcome":"success","userId":"e00e00bf-39da-4a93-bd2b-3b63de14a177","teamId":"63374594-d46b-4f93-8858-9c7d4a09d79a","teamName":"%KV|AI-","metadata":{"slug":"kvai","planId":"free"}}
[2025-12-02T17:11:13.942Z] [App] [INFO] {"eventId":"aacfeac2-890a-4a36-8423-6cb77cff8283","eventType":"team.create.success","timestamp":"2025-12-02T17:11:13.942Z","outcome":"success","userId":"e00e00bf-39da-4a93-bd2b-3b63de14a177","teamId":"79129e60-3312-4201-bd8d-cfe4022bf758","teamName":"I9 /o?E_8","metadata":{"slug":"i9-oe8","planId":"free"}}
[2025-12-02T17:11:13.951Z] [App] [INFO] {"eventId":"44777fac-5457-4b51-b6cf-408cf3cb4b3c","eventType":"team.context.auto_switch","timestamp":"2025-12-02T17:11:13.951Z","outcome":"success","userId":"e00e00bf-39da-4a93-bd2b-3b63de14a177","teamId":"79129e60-3312-4201-bd8d-cfe4022bf758","metadata":{"previousTeamId":"63374594-d46b-4f93-8858-9c7d4a09d79a","reason":"Active team deleted or access lost"}}
[2025-12-02T17:11:13.970Z] [App] [INFO] {"eventId":"ff34c3da-453a-4543-a78d-905682642fac","eventType":"team.create.success","timestamp":"2025-12-02T17:11:13.970Z","outcome":"success","userId":"41176012-29a0-4b11-9259-70027f545f71","teamId":"3beba401-7a10-4aab-916e-55e83f27158c","teamName":"apply","metadata":{"slug":"apply","planId":"free"}}
[2025-12-02T17:11:13.971Z] [App] [INFO] {"eventId":"3ee0f989-5a8e-4708-ae6f-b491edd28c9d","eventType":"team.create.success","timestamp":"2025-12-02T17:11:13.971Z","outcome":"success","userId":"41176012-29a0-4b11-9259-70027f545f71","teamId":"730feecc-92a7-4ba7-9532-6beec437dace","teamName":"isPrototypeOf","metadata":{"slug":"isprototypeof","planId":"free"}}
[2025-12-02T17:11:13.988Z] [App] [INFO] {"eventId":"f5ffff46-dccb-4774-90e4-db40fab18173","eventType":"team.context.auto_switch","timestamp":"2025-12-02T17:11:13.988Z","outcome":"success","userId":"41176012-29a0-4b11-9259-70027f545f71","teamId":"730feecc-92a7-4ba7-9532-6beec437dace","metadata":{"previousTeamId":"3beba401-7a10-4aab-916e-55e83f27158c","reason":"Active team deleted or access lost"}}
[2025-12-02T17:11:13.991Z] [App] [INFO] {"eventId":"915ab728-ed0f-44cb-9609-3eada5ce92a1","eventType":"team.create.success","timestamp":"2025-12-02T17:11:13.991Z","outcome":"success","userId":"690ce937-fa59-4508-abf5-48fb4d0a1643","teamId":"07299f86-9c16-40d2-885d-ce26ce5bed84","teamName":"NO!e&","metadata":{"slug":"noe","planId":"free"}}
[2025-12-02T17:11:13.992Z] [App] [INFO] {"eventId":"b05ecf11-884e-494a-bfa3-d4e7ac32fcea","eventType":"team.create.success","timestamp":"2025-12-02T17:11:13.992Z","outcome":"success","userId":"690ce937-fa59-4508-abf5-48fb4d0a1643","teamId":"6bf82f3b-2cf2-4e3f-96ff-f10ed9022987","teamName":">=-VJ4;P","metadata":{"slug":"vj4p","planId":"free"}}
[2025-12-02T17:11:14.027Z] [App] [INFO] {"eventId":"678915c9-15c9-44e8-9b26-b64c6a8bf5da","eventType":"team.context.auto_switch","timestamp":"2025-12-02T17:11:14.027Z","outcome":"success","userId":"690ce937-fa59-4508-abf5-48fb4d0a1643","teamId":"6bf82f3b-2cf2-4e3f-96ff-f10ed9022987","metadata":{"previousTeamId":"07299f86-9c16-40d2-885d-ce26ce5bed84","reason":"Active team deleted or access lost"}}
[2025-12-02T17:11:14.036Z] [App] [INFO] {"eventId":"674305cc-cfeb-42f9-9d4d-09cd02978166","eventType":"team.create.success","timestamp":"2025-12-02T17:11:14.036Z","outcome":"success","userId":"a05f0325-3716-43b8-a96c-aaca9a774d26","teamId":"ba7046fb-7422-4f8d-b8e1-fa8ded5e6cb1","teamName":"w%!z%","metadata":{"slug":"wz","planId":"free"}}
[2025-12-02T17:11:14.040Z] [App] [INFO] {"eventId":"86cd4d86-5492-4beb-b5ae-be00d828b8cc","eventType":"team.create.success","timestamp":"2025-12-02T17:11:14.040Z","outcome":"success","userId":"a05f0325-3716-43b8-a96c-aaca9a774d26","teamId":"4f665dd6-5965-46e5-9c8b-cd7a0e35b25e","teamName":"apply","metadata":{"slug":"apply","planId":"free"}}
[2025-12-02T17:11:14.046Z] [App] [INFO] {"eventId":"b520df95-8ffe-44e7-b42e-528d1663445d","eventType":"team.context.auto_switch","timestamp":"2025-12-02T17:11:14.046Z","outcome":"success","userId":"a05f0325-3716-43b8-a96c-aaca9a774d26","teamId":"4f665dd6-5965-46e5-9c8b-cd7a0e35b25e","metadata":{"previousTeamId":"ba7046fb-7422-4f8d-b8e1-fa8ded5e6cb1","reason":"Active team deleted or access lost"}}
[2025-12-02T17:11:14.049Z] [App] [INFO] {"eventId":"fce37564-25b9-48a3-ae13-2cb601de8556","eventType":"team.create.success","timestamp":"2025-12-02T17:11:14.049Z","outcome":"success","userId":"5d08ba58-6335-4ae6-809d-a2a1cf09bb36","teamId":"a8d59ddc-e03c-4d0e-a9c1-c369d29e4585","teamName":"to","metadata":{"slug":"to","planId":"free"}}
[2025-12-02T17:11:14.050Z] [App] [INFO] {"eventId":"12532046-d5c3-4d64-8d12-2c4b31e1c9e4","eventType":"team.create.success","timestamp":"2025-12-02T17:11:14.050Z","outcome":"success","userId":"5d08ba58-6335-4ae6-809d-a2a1cf09bb36","teamId":"2de6bfbd-9718-446d-a80b-b72a902ada7f","teamName":"rd=6r","metadata":{"slug":"rd6r","planId":"free"}}
[2025-12-02T17:11:14.057Z] [App] [INFO] {"eventId":"b01ceaf5-be3a-4157-8fba-e9648d770259","eventType":"team.context.auto_switch","timestamp":"2025-12-02T17:11:14.056Z","outcome":"success","userId":"5d08ba58-6335-4ae6-809d-a2a1cf09bb36","teamId":"2de6bfbd-9718-446d-a80b-b72a902ada7f","metadata":{"previousTeamId":"a8d59ddc-e03c-4d0e-a9c1-c369d29e4585","reason":"Active team deleted or access lost"}}
[2025-12-02T17:11:14.064Z] [App] [INFO] {"eventId":"12be9ead-820e-429e-9fee-8ae927ac6772","eventType":"team.create.success","timestamp":"2025-12-02T17:11:14.064Z","outcome":"success","userId":"cff023e0-02e2-4a57-85a7-b544fa6d319f","teamId":"c69a866d-93a8-49b7-8008-061a57887299","teamName":"key","metadata":{"slug":"key","planId":"free"}}
[2025-12-02T17:11:14.065Z] [App] [INFO] {"eventId":"7980430d-7bd4-4aa4-9d8a-c6eb88a37e0a","eventType":"team.create.success","timestamp":"2025-12-02T17:11:14.065Z","outcome":"success","userId":"cff023e0-02e2-4a57-85a7-b544fa6d319f","teamId":"f8fb977f-bc36-4bdd-ba08-da6c82c89e05","teamName":"eW6|.","metadata":{"slug":"ew6","planId":"free"}}
[2025-12-02T17:11:14.070Z] [App] [INFO] {"eventId":"3899ec95-703d-4521-9012-e764bf382370","eventType":"team.context.auto_switch","timestamp":"2025-12-02T17:11:14.070Z","outcome":"success","userId":"cff023e0-02e2-4a57-85a7-b544fa6d319f","teamId":"f8fb977f-bc36-4bdd-ba08-da6c82c89e05","metadata":{"previousTeamId":"c69a866d-93a8-49b7-8008-061a57887299","reason":"Active team deleted or access lost"}}
[2025-12-02T17:11:14.072Z] [App] [INFO] {"eventId":"a910bcce-36ed-4f68-b302-8f730a38f083","eventType":"team.create.success","timestamp":"2025-12-02T17:11:14.072Z","outcome":"success","userId":"32ade235-94e8-4df8-b4f1-81571185ee05","teamId":"3564a17e-b2fc-4c77-bac0-63222e6e0343","teamName":"JH","metadata":{"slug":"jh","planId":"free"}}
[2025-12-02T17:11:14.076Z] [App] [INFO] {"eventId":"69b10559-6723-4e49-88b1-21574e2790bf","eventType":"team.create.success","timestamp":"2025-12-02T17:11:14.076Z","outcome":"success","userId":"32ade235-94e8-4df8-b4f1-81571185ee05","teamId":"17a21068-e723-4085-8d86-fbe5ee06bb7c","teamName":"apply","metadata":{"slug":"apply","planId":"free"}}
[2025-12-02T17:11:14.087Z] [App] [INFO] {"eventId":"c24cd594-2c21-4327-89e5-a23034bb76bc","eventType":"team.context.auto_switch","timestamp":"2025-12-02T17:11:14.087Z","outcome":"success","userId":"32ade235-94e8-4df8-b4f1-81571185ee05","teamId":"17a21068-e723-4085-8d86-fbe5ee06bb7c","metadata":{"previousTeamId":"3564a17e-b2fc-4c77-bac0-63222e6e0343","reason":"Active team deleted or access lost"}}
[2025-12-02T17:11:14.089Z] [App] [INFO] {"eventId":"c2155930-647d-4bec-9c03-4be8844f70d8","eventType":"team.create.success","timestamp":"2025-12-02T17:11:14.089Z","outcome":"success","userId":"4a6c3e98-437f-42a3-ae5e-fd7893314391","teamId":"74a8bfe0-df54-4f10-969f-0af7465c5c95","teamName":"uz8ou&","metadata":{"slug":"uz8ou","planId":"free"}}
[2025-12-02T17:11:14.090Z] [App] [INFO] {"eventId":"2419e198-0004-446d-aebe-82e8a0f5253b","eventType":"team.create.success","timestamp":"2025-12-02T17:11:14.090Z","outcome":"success","userId":"4a6c3e98-437f-42a3-ae5e-fd7893314391","teamId":"8fafdc05-6f8d-4832-8a93-988ca7ebaf00","teamName":"s4zI>Os:d}u?4t","metadata":{"slug":"s4ziosdu4t","planId":"free"}}
[2025-12-02T17:11:14.098Z] [App] [INFO] {"eventId":"f8fc6ec4-c6d3-4dd4-bc3a-4394326c5330","eventType":"team.context.auto_switch","timestamp":"2025-12-02T17:11:14.098Z","outcome":"success","userId":"4a6c3e98-437f-42a3-ae5e-fd7893314391","teamId":"8fafdc05-6f8d-4832-8a93-988ca7ebaf00","metadata":{"previousTeamId":"74a8bfe0-df54-4f10-969f-0af7465c5c95","reason":"Active team deleted or access lost"}}
[2025-12-02T17:11:14.109Z] [App] [INFO] {"eventId":"18c6b06f-889f-4c86-81c5-2e369c534901","eventType":"team.create.success","timestamp":"2025-12-02T17:11:14.109Z","outcome":"success","userId":"79073411-c8bf-4462-b628-8fd1e1b26a47","teamId":"be084df3-9a28-4b29-8e19-6e452a5eaaeb","teamName":"&x}z","metadata":{"slug":"xz","planId":"free"}}
[2025-12-02T17:11:14.113Z] [App] [INFO] {"eventId":"09ce8e6c-3be3-446a-b781-871cf7f3df38","eventType":"team.create.success","timestamp":"2025-12-02T17:11:14.113Z","outcome":"success","userId":"79073411-c8bf-4462-b628-8fd1e1b26a47","teamId":"56ddca8d-a819-460d-9826-14c871388e76","teamName":"uY{","metadata":{"slug":"uy","planId":"free"}}
[2025-12-02T17:11:14.118Z] [App] [INFO] {"eventId":"5e5b3332-c16e-487c-a1a8-338605ee3788","eventType":"team.context.auto_switch","timestamp":"2025-12-02T17:11:14.118Z","outcome":"success","userId":"79073411-c8bf-4462-b628-8fd1e1b26a47","teamId":"56ddca8d-a819-460d-9826-14c871388e76","metadata":{"previousTeamId":"be084df3-9a28-4b29-8e19-6e452a5eaaeb","reason":"Active team deleted or access lost"}}
[2025-12-02T17:11:14.123Z] [App] [INFO] {"eventId":"90064e73-2bb5-425f-94f3-c9e048e9e495","eventType":"team.create.success","timestamp":"2025-12-02T17:11:14.123Z","outcome":"success","userId":"194856cc-e27e-433f-9e9c-27d1d677f0c4","teamId":"eafb125b-38a9-4533-83b0-5fc231d59212","teamName":"ume|","metadata":{"slug":"ume","planId":"free"}}
[2025-12-02T17:11:14.130Z] [App] [INFO] {"eventId":"16357abb-942f-4f8a-8947-8275af9bc7a0","eventType":"team.create.success","timestamp":"2025-12-02T17:11:14.129Z","outcome":"success","userId":"194856cc-e27e-433f-9e9c-27d1d677f0c4","teamId":"16d0aa0a-c311-42cd-b085-b725fb208f6d","teamName":"Set)alhas","metadata":{"slug":"setalhas","planId":"free"}}
[2025-12-02T17:11:14.145Z] [App] [INFO] {"eventId":"e0fa7e27-c981-499c-9444-88eac6eeb3f8","eventType":"team.context.auto_switch","timestamp":"2025-12-02T17:11:14.145Z","outcome":"success","userId":"194856cc-e27e-433f-9e9c-27d1d677f0c4","teamId":"16d0aa0a-c311-42cd-b085-b725fb208f6d","metadata":{"previousTeamId":"eafb125b-38a9-4533-83b0-5fc231d59212","reason":"Active team deleted or access lost"}}
[2025-12-02T17:11:14.148Z] [App] [INFO] {"eventId":"3d3e062d-4f4c-4f5f-8a6a-8053b5fc1d5f","eventType":"team.create.success","timestamp":"2025-12-02T17:11:14.148Z","outcome":"success","userId":"1fb90156-dee9-441d-9b97-453c159e0af4","teamId":"e8809c16-1984-49d3-91b2-a514435df231","teamName":"DtoLo","metadata":{"slug":"dtolo","planId":"free"}}
[2025-12-02T17:11:14.149Z] [App] [INFO] {"eventId":"cbfdbcc4-728d-44e9-8e35-c4cc0db4b167","eventType":"team.create.success","timestamp":"2025-12-02T17:11:14.149Z","outcome":"success","userId":"1fb90156-dee9-441d-9b97-453c159e0af4","teamId":"67195ee3-0f1b-4e05-815d-3331139b59b9","teamName":"O?eAl","metadata":{"slug":"oeal","planId":"free"}}
[2025-12-02T17:11:14.181Z] [App] [INFO] {"eventId":"ae6cfae6-d95e-4fc2-891a-a93bd21283c0","eventType":"team.context.auto_switch","timestamp":"2025-12-02T17:11:14.181Z","outcome":"success","userId":"1fb90156-dee9-441d-9b97-453c159e0af4","teamId":"67195ee3-0f1b-4e05-815d-3331139b59b9","metadata":{"previousTeamId":"e8809c16-1984-49d3-91b2-a514435df231","reason":"Active team deleted or access lost"}}
[2025-12-02T17:11:14.183Z] [App] [INFO] {"eventId":"fe4d206d-7d74-428a-ab3d-3894d0b8b941","eventType":"team.create.success","timestamp":"2025-12-02T17:11:14.183Z","outcome":"success","userId":"f660c3a6-8e2d-496a-bed9-bd52eec2f228","teamId":"1d94c1b0-03c9-4b92-8127-a96f86ed9fc1","teamName":"!Mkeyg{mbind","metadata":{"slug":"mkeygmbind","planId":"free"}}
[2025-12-02T17:11:14.185Z] [App] [INFO] {"eventId":"881b8126-1a1b-44af-b98d-5e685ad6d7e3","eventType":"team.create.success","timestamp":"2025-12-02T17:11:14.185Z","outcome":"success","userId":"f660c3a6-8e2d-496a-bed9-bd52eec2f228","teamId":"6ec70fff-fe6b-4552-b40c-83b4734ece8e","teamName":":oa{;62;","metadata":{"slug":"oa62","planId":"free"}}
[2025-12-02T17:11:14.273Z] [App] [INFO] {"eventId":"bcf0530e-4663-4de6-8b75-a5b7d641c548","eventType":"team.context.auto_switch","timestamp":"2025-12-02T17:11:14.273Z","outcome":"success","userId":"f660c3a6-8e2d-496a-bed9-bd52eec2f228","teamId":"6ec70fff-fe6b-4552-b40c-83b4734ece8e","metadata":{"previousTeamId":"1d94c1b0-03c9-4b92-8127-a96f86ed9fc1","reason":"Active team deleted or access lost"}}
[2025-12-02T17:11:14.279Z] [App] [INFO] {"eventId":"2e8d54d1-5558-4407-9434-dbb71e23fd35","eventType":"team.create.success","timestamp":"2025-12-02T17:11:14.279Z","outcome":"success","userId":"6c3daf96-75b6-4e3f-a184-7e4da476f9c9","teamId":"68d8d328-f5e3-4cf4-a170-c0d1a1062a49","teamName":"\"#PVDF)g","metadata":{"slug":"pvdfg","planId":"free"}}
[2025-12-02T17:11:14.281Z] [App] [INFO] {"eventId":"47cdb263-5d8a-4c3e-984f-6fe2ed2ed722","eventType":"team.create.success","timestamp":"2025-12-02T17:11:14.281Z","outcome":"success","userId":"6c3daf96-75b6-4e3f-a184-7e4da476f9c9","teamId":"9ce20879-c189-423b-87ea-cd86c1df86d8","teamName":"$uLF","metadata":{"slug":"ulf","planId":"free"}}
[2025-12-02T17:11:14.296Z] [App] [INFO] {"eventId":"c1639200-2251-4efc-b190-9df73f2e28a6","eventType":"team.context.auto_switch","timestamp":"2025-12-02T17:11:14.296Z","outcome":"success","userId":"6c3daf96-75b6-4e3f-a184-7e4da476f9c9","teamId":"9ce20879-c189-423b-87ea-cd86c1df86d8","metadata":{"previousTeamId":"68d8d328-f5e3-4cf4-a170-c0d1a1062a49","reason":"Active team deleted or access lost"}}
[2025-12-02T17:11:14.307Z] [App] [INFO] {"eventId":"3bab6de4-81eb-43c6-b90b-ae4936a97c20","eventType":"team.create.success","timestamp":"2025-12-02T17:11:14.307Z","outcome":"success","userId":"ceb7a804-72e3-403d-8334-31d48f79c5d5","teamId":"ee2df138-2228-452f-8d5e-eb9c0b07b755","teamName":"O=T","metadata":{"slug":"ot","planId":"free"}}
[2025-12-02T17:11:14.309Z] [App] [INFO] {"eventId":"9b6c7f27-0133-4d96-9363-eeac57bf8fba","eventType":"team.create.success","timestamp":"2025-12-02T17:11:14.309Z","outcome":"success","userId":"ceb7a804-72e3-403d-8334-31d48f79c5d5","teamId":"72841fe9-0f90-4cd0-89cc-b177a2ed249b","teamName":"5Xvj~v6Njb","metadata":{"slug":"5xvjv6njb","planId":"free"}}
[2025-12-02T17:11:14.325Z] [App] [INFO] {"eventId":"9e22adbb-6555-4caf-9213-8a8a692582e7","eventType":"team.context.auto_switch","timestamp":"2025-12-02T17:11:14.325Z","outcome":"success","userId":"ceb7a804-72e3-403d-8334-31d48f79c5d5","teamId":"72841fe9-0f90-4cd0-89cc-b177a2ed249b","metadata":{"previousTeamId":"ee2df138-2228-452f-8d5e-eb9c0b07b755","reason":"Active team deleted or access lost"}}
[2025-12-02T17:11:14.330Z] [App] [INFO] {"eventId":"0ca56166-8570-4276-ba28-df4f7a460c15","eventType":"team.create.success","timestamp":"2025-12-02T17:11:14.330Z","outcome":"success","userId":"c2b4d7ba-daff-4470-ac99-079709337092","teamId":"377d49e3-cc92-462d-a900-a22665c7089e","teamName":" g7L<d","metadata":{"slug":"g7ld","planId":"free"}}
[2025-12-02T17:11:14.331Z] [App] [INFO] {"eventId":"99c83e86-39f8-44d9-a459-ba226600c322","eventType":"team.create.success","timestamp":"2025-12-02T17:11:14.331Z","outcome":"success","userId":"c2b4d7ba-daff-4470-ac99-079709337092","teamId":"d7922653-da92-4710-9f53-4a1933e36ba4","teamName":"AS:q","metadata":{"slug":"asq","planId":"free"}}
[2025-12-02T17:11:14.409Z] [App] [INFO] {"eventId":"de730210-c2e6-497f-b9c9-c6301b9e2f72","eventType":"team.context.auto_switch","timestamp":"2025-12-02T17:11:14.408Z","outcome":"success","userId":"c2b4d7ba-daff-4470-ac99-079709337092","teamId":"d7922653-da92-4710-9f53-4a1933e36ba4","metadata":{"previousTeamId":"377d49e3-cc92-462d-a900-a22665c7089e","reason":"Active team deleted or access lost"}}
[2025-12-02T17:11:14.414Z] [App] [INFO] {"eventId":"629ad16f-aa71-4f33-8551-2b12b9449cbe","eventType":"team.create.success","timestamp":"2025-12-02T17:11:14.414Z","outcome":"success","userId":"36da2a20-edbc-4b2e-ad57-b9337279fa36","teamId":"0badb158-d975-4191-9c80-b1875e4a311f","teamName":":S9'#(SyBd","metadata":{"slug":"s9sybd","planId":"free"}}
[2025-12-02T17:11:14.416Z] [App] [INFO] {"eventId":"0577874d-1e45-4e5e-a0f6-2555f1c20424","eventType":"team.create.success","timestamp":"2025-12-02T17:11:14.416Z","outcome":"success","userId":"36da2a20-edbc-4b2e-ad57-b9337279fa36","teamId":"4a07c42d-712e-4f8f-b5de-47fcac04b623","teamName":"constructor","metadata":{"slug":"constructor","planId":"free"}}
[2025-12-02T17:11:14.437Z] [App] [INFO] {"eventId":"e52b9e30-2b61-4631-88d8-0cb1ec4c41c7","eventType":"team.context.auto_switch","timestamp":"2025-12-02T17:11:14.437Z","outcome":"success","userId":"36da2a20-edbc-4b2e-ad57-b9337279fa36","teamId":"4a07c42d-712e-4f8f-b5de-47fcac04b623","metadata":{"previousTeamId":"0badb158-d975-4191-9c80-b1875e4a311f","reason":"Active team deleted or access lost"}}
[2025-12-02T17:11:14.505Z] [App] [INFO] {"eventId":"bcaa9be6-fe82-443f-84ad-34aeb76f3c30","eventType":"team.create.success","timestamp":"2025-12-02T17:11:14.505Z","outcome":"success","userId":"6685ea6e-3f4a-4f48-bea7-f59f0589d0f1","teamId":"6dbc65d7-112c-4419-ac32-b045f3464751","teamName":"V(RKF6!7.,O8a","metadata":{"slug":"vrkf67o8a","planId":"free"}}
[2025-12-02T17:11:14.506Z] [App] [INFO] {"eventId":"ea1a6397-840a-4e27-bc7b-23bfdcd6af79","eventType":"team.create.success","timestamp":"2025-12-02T17:11:14.506Z","outcome":"success","userId":"6685ea6e-3f4a-4f48-bea7-f59f0589d0f1","teamId":"96a5bb2b-d30e-4e1f-948d-995e572cfab6","teamName":"L}#MWS`in !]","metadata":{"slug":"lmwsin","planId":"free"}}
[2025-12-02T17:11:14.511Z] [App] [INFO] {"eventId":"57b4118c-efe4-412a-b779-e8b3d84b03f0","eventType":"team.context.auto_switch","timestamp":"2025-12-02T17:11:14.511Z","outcome":"success","userId":"6685ea6e-3f4a-4f48-bea7-f59f0589d0f1","teamId":"96a5bb2b-d30e-4e1f-948d-995e572cfab6","metadata":{"previousTeamId":"6dbc65d7-112c-4419-ac32-b045f3464751","reason":"Active team deleted or access lost"}}
[2025-12-02T17:11:14.527Z] [App] [INFO] {"eventId":"53e056e4-3901-490b-9c45-cd00c41cfcef","eventType":"team.create.success","timestamp":"2025-12-02T17:11:14.527Z","outcome":"success","userId":"27307d56-414a-49d8-935b-851680f47a1e","teamId":"1a8c23cb-94c3-488c-8e7f-317a8bf6a872","teamName":"r//_Gm\"].:2d4S","metadata":{"slug":"rgm2d4s","planId":"free"}}
[2025-12-02T17:11:14.533Z] [App] [INFO] {"eventId":"df21a8b1-c276-491a-a983-609f06b0fe4e","eventType":"team.create.success","timestamp":"2025-12-02T17:11:14.533Z","outcome":"success","userId":"27307d56-414a-49d8-935b-851680f47a1e","teamId":"021a5d66-15e7-430e-b5dd-5d6dc1d895a0","teamName":"jKM47n8U","metadata":{"slug":"jkm47n8u","planId":"free"}}
[2025-12-02T17:11:14.553Z] [App] [INFO] {"eventId":"d12be923-67e3-4a82-a443-f80690d60b1b","eventType":"team.context.auto_switch","timestamp":"2025-12-02T17:11:14.553Z","outcome":"success","userId":"27307d56-414a-49d8-935b-851680f47a1e","teamId":"021a5d66-15e7-430e-b5dd-5d6dc1d895a0","metadata":{"previousTeamId":"1a8c23cb-94c3-488c-8e7f-317a8bf6a872","reason":"Active team deleted or access lost"}}
[2025-12-02T17:11:14.559Z] [App] [INFO] {"eventId":"36f012fb-28d6-43b4-8439-d74e3c3b720a","eventType":"team.create.success","timestamp":"2025-12-02T17:11:14.559Z","outcome":"success","userId":"e2bde4a4-6735-4972-9663-44658f80180e","teamId":"8367116c-4f3b-46e3-8b82-5ed322a616fd","teamName":"Jgk.wfTc!ZSG","metadata":{"slug":"jgkwftczsg","planId":"free"}}
[2025-12-02T17:11:14.560Z] [App] [INFO] {"eventId":"f147e052-3786-4e3f-b51c-8e6d821c52b0","eventType":"team.create.success","timestamp":"2025-12-02T17:11:14.560Z","outcome":"success","userId":"e2bde4a4-6735-4972-9663-44658f80180e","teamId":"e1b65953-12a1-4605-ba57-1d580ccb6aa1","teamName":"O]@IZ8<ZD2","metadata":{"slug":"oiz8zd2","planId":"free"}}
[2025-12-02T17:11:14.586Z] [App] [INFO] {"eventId":"20e262ba-0c02-4318-9798-c98884b99497","eventType":"team.context.auto_switch","timestamp":"2025-12-02T17:11:14.586Z","outcome":"success","userId":"e2bde4a4-6735-4972-9663-44658f80180e","teamId":"e1b65953-12a1-4605-ba57-1d580ccb6aa1","metadata":{"previousTeamId":"8367116c-4f3b-46e3-8b82-5ed322a616fd","reason":"Active team deleted or access lost"}}
[2025-12-02T17:11:14.588Z] [App] [INFO] {"eventId":"400393db-d988-470e-80c5-f3639c48d86e","eventType":"team.create.success","timestamp":"2025-12-02T17:11:14.588Z","outcome":"success","userId":"303de87f-8319-4b8a-a15d-3394890af23a","teamId":"e8fb55aa-9b8e-44b6-9d19-d61284c91149","teamName":"$ (__defin","metadata":{"slug":"defin","planId":"free"}}
[2025-12-02T17:11:14.589Z] [App] [INFO] {"eventId":"c0dad18d-1d4a-4d3e-b2f5-d4a129b99c41","eventType":"team.create.success","timestamp":"2025-12-02T17:11:14.589Z","outcome":"success","userId":"303de87f-8319-4b8a-a15d-3394890af23a","teamId":"96dd1a97-3007-4af1-a797-baa56b76bb4e","teamName":"6;)'s1%","metadata":{"slug":"6s1","planId":"free"}}
[2025-12-02T17:11:14.594Z] [App] [INFO] {"eventId":"cf7d0561-c891-41d4-8782-47fc01a30122","eventType":"team.context.auto_switch","timestamp":"2025-12-02T17:11:14.594Z","outcome":"success","userId":"303de87f-8319-4b8a-a15d-3394890af23a","teamId":"96dd1a97-3007-4af1-a797-baa56b76bb4e","metadata":{"previousTeamId":"e8fb55aa-9b8e-44b6-9d19-d61284c91149","reason":"Active team deleted or access lost"}}

stderr | src/server/teams/__tests__/team-context.property.test.ts > Property 37: Deleted active team triggers auto-switch > validateTeamAccessWithEdgeCases auto-switches when access is lost
[2025-12-02T17:11:13.948Z] [App] [WARN] {"eventId":"e717cc0c-3f8a-40cf-a441-d2cff6c3731a","eventType":"team.access.denied","timestamp":"2025-12-02T17:11:13.948Z","outcome":"failure","userId":"e00e00bf-39da-4a93-bd2b-3b63de14a177","teamId":"63374594-d46b-4f93-8858-9c7d4a09d79a","errorCode":"TEAM_ACCESS_DENIED","errorMessage":"User attempted to access team without permission"}
[2025-12-02T17:11:13.986Z] [App] [WARN] {"eventId":"0ba14f0c-c6f0-4e57-9e62-3dfd3bd9c7bd","eventType":"team.access.denied","timestamp":"2025-12-02T17:11:13.986Z","outcome":"failure","userId":"41176012-29a0-4b11-9259-70027f545f71","teamId":"3beba401-7a10-4aab-916e-55e83f27158c","errorCode":"TEAM_ACCESS_DENIED","errorMessage":"User attempted to access team without permission"}
[2025-12-02T17:11:14.024Z] [App] [WARN] {"eventId":"d08e1b34-3ea4-410c-81a0-734ff77914d3","eventType":"team.access.denied","timestamp":"2025-12-02T17:11:14.024Z","outcome":"failure","userId":"690ce937-fa59-4508-abf5-48fb4d0a1643","teamId":"07299f86-9c16-40d2-885d-ce26ce5bed84","errorCode":"TEAM_ACCESS_DENIED","errorMessage":"User attempted to access team without permission"}
[2025-12-02T17:11:14.043Z] [App] [WARN] {"eventId":"fe0fd989-42ae-466a-aeaa-8072199548bb","eventType":"team.access.denied","timestamp":"2025-12-02T17:11:14.043Z","outcome":"failure","userId":"a05f0325-3716-43b8-a96c-aaca9a774d26","teamId":"ba7046fb-7422-4f8d-b8e1-fa8ded5e6cb1","errorCode":"TEAM_ACCESS_DENIED","errorMessage":"User attempted to access team without permission"}
[2025-12-02T17:11:14.052Z] [App] [WARN] {"eventId":"6adb4825-8ed8-4e7a-baa1-9bf5ecea14b2","eventType":"team.access.denied","timestamp":"2025-12-02T17:11:14.052Z","outcome":"failure","userId":"5d08ba58-6335-4ae6-809d-a2a1cf09bb36","teamId":"a8d59ddc-e03c-4d0e-a9c1-c369d29e4585","errorCode":"TEAM_ACCESS_DENIED","errorMessage":"User attempted to access team without permission"}
[2025-12-02T17:11:14.067Z] [App] [WARN] {"eventId":"8341ac80-5f10-4be0-aba8-98ffebf2b60c","eventType":"team.access.denied","timestamp":"2025-12-02T17:11:14.067Z","outcome":"failure","userId":"cff023e0-02e2-4a57-85a7-b544fa6d319f","teamId":"c69a866d-93a8-49b7-8008-061a57887299","errorCode":"TEAM_ACCESS_DENIED","errorMessage":"User attempted to access team without permission"}
[2025-12-02T17:11:14.081Z] [App] [WARN] {"eventId":"71c0ceca-ebb1-4f0c-b3f7-35913adf2769","eventType":"team.access.denied","timestamp":"2025-12-02T17:11:14.081Z","outcome":"failure","userId":"32ade235-94e8-4df8-b4f1-81571185ee05","teamId":"3564a17e-b2fc-4c77-bac0-63222e6e0343","errorCode":"TEAM_ACCESS_DENIED","errorMessage":"User attempted to access team without permission"}
[2025-12-02T17:11:14.092Z] [App] [WARN] {"eventId":"4466409f-f273-4374-96e6-3f348003fe04","eventType":"team.access.denied","timestamp":"2025-12-02T17:11:14.092Z","outcome":"failure","userId":"4a6c3e98-437f-42a3-ae5e-fd7893314391","teamId":"74a8bfe0-df54-4f10-969f-0af7465c5c95","errorCode":"TEAM_ACCESS_DENIED","errorMessage":"User attempted to access team without permission"}
[2025-12-02T17:11:14.116Z] [App] [WARN] {"eventId":"849a422d-402a-41b1-9866-e31a45981add","eventType":"team.access.denied","timestamp":"2025-12-02T17:11:14.116Z","outcome":"failure","userId":"79073411-c8bf-4462-b628-8fd1e1b26a47","teamId":"be084df3-9a28-4b29-8e19-6e452a5eaaeb","errorCode":"TEAM_ACCESS_DENIED","errorMessage":"User attempted to access team without permission"}
[2025-12-02T17:11:14.139Z] [App] [WARN] {"eventId":"492c0c80-45d2-47e8-8f5a-afd420fdaf04","eventType":"team.access.denied","timestamp":"2025-12-02T17:11:14.139Z","outcome":"failure","userId":"194856cc-e27e-433f-9e9c-27d1d677f0c4","teamId":"eafb125b-38a9-4533-83b0-5fc231d59212","errorCode":"TEAM_ACCESS_DENIED","errorMessage":"User attempted to access team without permission"}
[2025-12-02T17:11:14.173Z] [App] [WARN] {"eventId":"67fc8ddd-c3ce-40fc-9cca-634e010a7f64","eventType":"team.access.denied","timestamp":"2025-12-02T17:11:14.173Z","outcome":"failure","userId":"1fb90156-dee9-441d-9b97-453c159e0af4","teamId":"e8809c16-1984-49d3-91b2-a514435df231","errorCode":"TEAM_ACCESS_DENIED","errorMessage":"User attempted to access team without permission"}
[2025-12-02T17:11:14.247Z] [App] [WARN] {"eventId":"0fea44f4-8a96-4548-ac85-4204a98cca19","eventType":"team.access.denied","timestamp":"2025-12-02T17:11:14.247Z","outcome":"failure","userId":"f660c3a6-8e2d-496a-bed9-bd52eec2f228","teamId":"1d94c1b0-03c9-4b92-8127-a96f86ed9fc1","errorCode":"TEAM_ACCESS_DENIED","errorMessage":"User attempted to access team without permission"}
[2025-12-02T17:11:14.292Z] [App] [WARN] {"eventId":"0d79ccd1-0308-487d-b68f-e92ec60dd8ce","eventType":"team.access.denied","timestamp":"2025-12-02T17:11:14.292Z","outcome":"failure","userId":"6c3daf96-75b6-4e3f-a184-7e4da476f9c9","teamId":"68d8d328-f5e3-4cf4-a170-c0d1a1062a49","errorCode":"TEAM_ACCESS_DENIED","errorMessage":"User attempted to access team without permission"}
[2025-12-02T17:11:14.322Z] [App] [WARN] {"eventId":"3b1ab01e-68b5-41dc-ab1b-91242502d8b6","eventType":"team.access.denied","timestamp":"2025-12-02T17:11:14.322Z","outcome":"failure","userId":"ceb7a804-72e3-403d-8334-31d48f79c5d5","teamId":"ee2df138-2228-452f-8d5e-eb9c0b07b755","errorCode":"TEAM_ACCESS_DENIED","errorMessage":"User attempted to access team without permission"}
[2025-12-02T17:11:14.335Z] [App] [WARN] {"eventId":"0ecc700c-2113-4650-bef1-597c77cd7da0","eventType":"team.access.denied","timestamp":"2025-12-02T17:11:14.335Z","outcome":"failure","userId":"c2b4d7ba-daff-4470-ac99-079709337092","teamId":"377d49e3-cc92-462d-a900-a22665c7089e","errorCode":"TEAM_ACCESS_DENIED","errorMessage":"User attempted to access team without permission"}
[2025-12-02T17:11:14.425Z] [App] [WARN] {"eventId":"26f0786c-2f70-4c5b-98c3-1f7b66e69b70","eventType":"team.access.denied","timestamp":"2025-12-02T17:11:14.425Z","outcome":"failure","userId":"36da2a20-edbc-4b2e-ad57-b9337279fa36","teamId":"0badb158-d975-4191-9c80-b1875e4a311f","errorCode":"TEAM_ACCESS_DENIED","errorMessage":"User attempted to access team without permission"}
[2025-12-02T17:11:14.508Z] [App] [WARN] {"eventId":"01a30659-4668-4527-b695-9aee0daacb78","eventType":"team.access.denied","timestamp":"2025-12-02T17:11:14.508Z","outcome":"failure","userId":"6685ea6e-3f4a-4f48-bea7-f59f0589d0f1","teamId":"6dbc65d7-112c-4419-ac32-b045f3464751","errorCode":"TEAM_ACCESS_DENIED","errorMessage":"User attempted to access team without permission"}
[2025-12-02T17:11:14.548Z] [App] [WARN] {"eventId":"d5c6c3bc-a46c-4f35-a026-a1d431a7d63e","eventType":"team.access.denied","timestamp":"2025-12-02T17:11:14.548Z","outcome":"failure","userId":"27307d56-414a-49d8-935b-851680f47a1e","teamId":"1a8c23cb-94c3-488c-8e7f-317a8bf6a872","errorCode":"TEAM_ACCESS_DENIED","errorMessage":"User attempted to access team without permission"}
[2025-12-02T17:11:14.572Z] [App] [WARN] {"eventId":"d5027f73-2414-4d04-be95-5e0e8e5004cc","eventType":"team.access.denied","timestamp":"2025-12-02T17:11:14.572Z","outcome":"failure","userId":"e2bde4a4-6735-4972-9663-44658f80180e","teamId":"8367116c-4f3b-46e3-8b82-5ed322a616fd","errorCode":"TEAM_ACCESS_DENIED","errorMessage":"User attempted to access team without permission"}
[2025-12-02T17:11:14.592Z] [App] [WARN] {"eventId":"40953114-0672-4dd6-a0bf-fcf8da6710ff","eventType":"team.access.denied","timestamp":"2025-12-02T17:11:14.592Z","outcome":"failure","userId":"303de87f-8319-4b8a-a15d-3394890af23a","teamId":"e8fb55aa-9b8e-44b6-9d19-d61284c91149","errorCode":"TEAM_ACCESS_DENIED","errorMessage":"User attempted to access team without permission"}

 ✓ src/server/teams/__tests__/team-context.property.test.ts (12 tests) 5785ms
   ✓ Property 36: Last active team loads from database first > database value is used when both database and cookie are set 852ms
   ✓ Property 36: Last active team loads from database first > cookie value is used as fallback when database value is null 303ms
   ✓ Property 36: Last active team loads from database first > database value is prioritized over cookie when both exist 379ms
   ✓ Property 36: Last active team loads from database first > setActiveTeam updates both database and cookie 324ms
   ✓ Property 36: Last active team loads from database first > getActiveTeam returns correct source indicator 400ms
   ✓ Property 37: Deleted active team triggers auto-switch > auto-switches to first available team when active team is deleted 628ms
   ✓ Property 37: Deleted active team triggers auto-switch > clears context when active team is deleted and no other teams exist 367ms
   ✓ Property 37: Deleted active team triggers auto-switch > auto-switches when user loses access to active team 710ms
   ✓ Property 37: Deleted active team triggers auto-switch > returns none action when current team is valid 326ms
   ✓ Property 37: Deleted active team triggers auto-switch > validateTeamAccessWithEdgeCases returns valid for accessible team 363ms
   ✓ Property 37: Deleted active team triggers auto-switch > validateTeamAccessWithEdgeCases auto-switches when access is lost 832ms
stdout | Object.info (/Users/BYKHD/Documents/GitHub/ui-syncup/src/lib/logger.ts:175:15)
[2025-12-02T17:11:14.885Z] [App] [INFO] email.worker.sigterm

stdout | src/server/auth/__tests__/rbac.test.ts > RBAC - Property-Based Tests > Property 18: Verified users receive default roles
[2025-12-02T17:11:15.000Z] [App] [INFO] rbac.assign_role.success {
  userId: '69b9657b-8b50-4fce-b69d-e9ca8df23482',
  role: 'TEAM_MEMBER',
  resourceType: 'team',
  resourceId: 'ed968292-f924-4a59-91c3-fc7886e282b5',
  roleId: 'd9e77e47-1b32-4a32-8f9e-82d9e6bad0b4'
}

stdout | src/server/auth/__tests__/rbac.test.ts > RBAC - Property-Based Tests > Property 18: Verified users receive default roles
[2025-12-02T17:11:15.185Z] [App] [INFO] rbac.assign_role.success {
  userId: 'e76b8fac-7adc-4912-b208-67acdf4ebfdd',
  role: 'TEAM_MEMBER',
  resourceType: 'team',
  resourceId: 'ef7d8bb7-62c5-4cf0-8c7e-df981d1bab86',
  roleId: '26b4f0ea-18a7-4792-99e4-73577936403d'
}

stdout | src/server/auth/__tests__/rbac.test.ts > RBAC - Property-Based Tests > Property 18: Verified users receive default roles
[2025-12-02T17:11:15.409Z] [App] [INFO] rbac.assign_role.success {
  userId: 'f1d41cb3-5430-4d48-99e6-a8f945307d1b',
  role: 'TEAM_MEMBER',
  resourceType: 'team',
  resourceId: '46ee1cf7-66a5-40d4-a291-f3ea16e0a964',
  roleId: '7027a72b-1e8d-40ca-866c-83d7df145882'
}

 ✓ src/server/auth/__tests__/session.test.ts (14 tests) 7340ms
   ✓ Session Management - Property-Based Tests > Property 7: Valid credentials create session 1173ms
   ✓ Session Management - Property-Based Tests > Property 10: Session validation performs all security checks 666ms
   ✓ Session Management - Property-Based Tests > Property 11: Rolling renewal extends session expiration 759ms
   ✓ Session Management - Property-Based Tests > Property 27: Session IDs are cryptographically random 405ms
   ✓ Session Management - Property-Based Tests > Property: Session deletion removes session 789ms
   ✓ Session Management - Property-Based Tests > Property: Delete all user sessions removes all sessions 408ms
   ✓ Session Management - Property-Based Tests > Edge case: Empty session ID in extend is rejected 310ms
   ✓ Session Management - Property-Based Tests > Edge case: Empty session ID in delete is rejected 421ms
   ✓ Session Management - Property-Based Tests > Integration: Session creation without IP and user agent 314ms
   ✓ Session Management - Property-Based Tests > Integration: Deleting one session preserves others 467ms
   ✓ Session Management - Property-Based Tests > Property 17: Password reset invalidates all sessions 796ms
stdout | src/server/auth/__tests__/rbac.test.ts > RBAC - Property-Based Tests > Property 18: Verified users receive default roles
[2025-12-02T17:11:15.708Z] [App] [INFO] rbac.assign_role.success {
  userId: 'eb161a79-b62a-4c6b-b8d6-71e0c8cfa596',
  role: 'TEAM_MEMBER',
  resourceType: 'team',
  resourceId: 'f427ef89-c278-40dd-84fc-05d38e24d621',
  roleId: '8eacb87e-d6ae-4572-9378-5bad9d8eecd4'
}

stdout | src/server/auth/__tests__/rbac.test.ts > RBAC - Property-Based Tests > Property 18: Verified users receive default roles
[2025-12-02T17:11:16.009Z] [App] [INFO] rbac.assign_role.success {
  userId: 'aa9d7bcc-1dff-4044-b7e9-1b7ff028ca11',
  role: 'TEAM_MEMBER',
  resourceType: 'team',
  resourceId: '81e1cb4d-eeea-478a-99de-aabb50880874',
  roleId: 'cd3d1fa8-076b-4f01-8629-e3b4ab85fcff'
}

stdout | src/server/auth/__tests__/rbac.test.ts > RBAC - Property-Based Tests > Property 18: Verified users receive default roles
[2025-12-02T17:11:16.204Z] [App] [INFO] rbac.assign_role.success {
  userId: '9c1641ac-5303-418f-8ceb-cfb97dff28b9',
  role: 'TEAM_MEMBER',
  resourceType: 'team',
  resourceId: '33dd4173-c882-4cd4-b9a5-6fbd4102c43a',
  roleId: '6d5d820b-4d0c-45f7-ba34-d7e1ae88f66d'
}

stdout | src/server/auth/__tests__/rbac.test.ts > RBAC - Property-Based Tests > Property 18: Verified users receive default roles
[2025-12-02T17:11:16.474Z] [App] [INFO] rbac.assign_role.success {
  userId: '2d580d6a-7a01-4a43-ae33-09758f11ac8e',
  role: 'TEAM_MEMBER',
  resourceType: 'team',
  resourceId: '0dbab3a0-5e8a-4120-b702-adda3c8034f6',
  roleId: 'e0c48a9a-f199-4097-ab99-74638cfce414'
}

stdout | src/server/auth/__tests__/rbac.test.ts > RBAC - Property-Based Tests > Property 18: Verified users receive default roles
[2025-12-02T17:11:16.705Z] [App] [INFO] rbac.assign_role.success {
  userId: '481ae86b-d3b7-455d-a22f-4179e1b55949',
  role: 'TEAM_MEMBER',
  resourceType: 'team',
  resourceId: '5f3cd082-b921-42f7-9d3f-594bfd85bec1',
  roleId: 'fe02ce9f-fb26-46e8-be1c-ec9f4c4396b5'
}

stdout | src/server/auth/__tests__/rbac.test.ts > RBAC - Property-Based Tests > Property 18: Verified users receive default roles
[2025-12-02T17:11:16.882Z] [App] [INFO] rbac.assign_role.success {
  userId: 'f10ff338-681f-49dd-9494-bd8ae08e3f39',
  role: 'TEAM_MEMBER',
  resourceType: 'team',
  resourceId: '106fe4b0-f086-446e-9ce0-a35fa2a2fe30',
  roleId: 'becb8cc7-a0db-4a32-82a2-c32604198367'
}

stdout | src/server/auth/__tests__/rbac.test.ts > RBAC - Property-Based Tests > Property 18: Verified users receive default roles
[2025-12-02T17:11:17.221Z] [App] [INFO] rbac.assign_role.success {
  userId: '1817d513-6f6f-4add-be7f-9dbda4241b9f',
  role: 'TEAM_MEMBER',
  resourceType: 'team',
  resourceId: '99d45c18-1502-4042-8530-35154610dcb8',
  roleId: '890d8a41-1d7b-4659-adaf-631a60d41f8f'
}

stdout | src/server/auth/__tests__/rbac.test.ts > RBAC - Property-Based Tests > Property 18: Verified users receive default roles
[2025-12-02T17:11:17.385Z] [App] [INFO] rbac.assign_role.success {
  userId: '27017009-3969-4286-9f78-59815e091dca',
  role: 'TEAM_MEMBER',
  resourceType: 'team',
  resourceId: '30544e75-ffc0-4454-9e1a-054f876caf4c',
  roleId: '0fb45688-0523-425d-a0e7-3ca834ab0c47'
}

stdout | src/server/auth/__tests__/rbac.test.ts > RBAC - Property-Based Tests > Property 18: Verified users receive default roles
[2025-12-02T17:11:17.513Z] [App] [INFO] rbac.assign_role.success {
  userId: 'a8c94eb4-5315-423e-83d0-368a0971c827',
  role: 'TEAM_MEMBER',
  resourceType: 'team',
  resourceId: '3b2c74eb-5149-4985-b20b-ddbfd8728122',
  roleId: 'c970ce19-27ad-44fd-a7cd-d3f189f7eadd'
}

stdout | src/server/auth/__tests__/rbac.test.ts > RBAC - Property-Based Tests > Property 18: Verified users receive default roles
[2025-12-02T17:11:17.691Z] [App] [INFO] rbac.assign_role.success {
  userId: '9e840b2c-6d6e-4f0a-8993-ae0f75461973',
  role: 'TEAM_MEMBER',
  resourceType: 'team',
  resourceId: 'cb3eb500-0e1c-4a4e-84bf-3f0d2b075d5c',
  roleId: 'ce77761b-3659-4faf-a775-dddae137d345'
}

stdout | src/server/auth/__tests__/rbac.test.ts > RBAC - Property-Based Tests > Property 18: Verified users receive default roles
[2025-12-02T17:11:18.055Z] [App] [INFO] rbac.assign_role.success {
  userId: 'd06ceb8c-ee56-4ff9-ad8d-9450b153f668',
  role: 'TEAM_MEMBER',
  resourceType: 'team',
  resourceId: '99830639-9416-4188-ba72-b31f046c27a4',
  roleId: '1a31c64a-4a60-4497-abe9-ddc69127d362'
}

stdout | src/server/auth/__tests__/rbac.test.ts > RBAC - Property-Based Tests > Property 18: Verified users receive default roles
[2025-12-02T17:11:18.557Z] [App] [INFO] rbac.assign_role.success {
  userId: '176db0b2-ea6d-41ef-9511-3a2a02ce9546',
  role: 'TEAM_MEMBER',
  resourceType: 'team',
  resourceId: '44e6f8da-2d35-4bd2-b9e6-423e1bdf2929',
  roleId: '5c367029-2f18-4ec8-b6e5-656b6c337677'
}

stdout | src/server/auth/__tests__/rbac.test.ts > RBAC - Property-Based Tests > Property 18: Verified users receive default roles
[2025-12-02T17:11:19.029Z] [App] [INFO] rbac.assign_role.success {
  userId: '3891634a-52cd-4c35-9323-daa1a42db6fd',
  role: 'TEAM_MEMBER',
  resourceType: 'team',
  resourceId: '2c881dd0-eedc-4a99-9a64-7ecbfe34bce1',
  roleId: '9352780c-b211-48cb-9382-ac5fbee18255'
}

 ✓ scripts/__tests__/migrate.test.ts (42 tests) 5519ms
stdout | src/server/auth/__tests__/rbac.test.ts > RBAC - Property-Based Tests > Property 18: Verified users receive default roles
[2025-12-02T17:11:19.221Z] [App] [INFO] rbac.assign_role.success {
  userId: '0bd2d32f-72d0-4951-80f9-12d774f0ec8e',
  role: 'TEAM_MEMBER',
  resourceType: 'team',
  resourceId: '755cb894-4430-4f6b-8c3f-6995123516e5',
  roleId: 'fb340d03-4883-4c0c-bd12-68e3470ec984'
}

stdout | src/server/auth/__tests__/rbac.test.ts > RBAC - Property-Based Tests > Property 18: Verified users receive default roles
[2025-12-02T17:11:19.351Z] [App] [INFO] rbac.assign_role.success {
  userId: '6be85017-1c3f-4688-87ef-36984a1f4abc',
  role: 'TEAM_MEMBER',
  resourceType: 'team',
  resourceId: 'd68640ae-6547-4536-9cf5-878b6c3a5b97',
  roleId: '7960ca56-4c86-4e9b-95ee-ffcac2d6555e'
}

stdout | src/server/auth/__tests__/rbac.test.ts > RBAC - Property-Based Tests > Property 18: Verified users receive default roles
[2025-12-02T17:11:19.488Z] [App] [INFO] rbac.assign_role.success {
  userId: '50e37289-1b06-4771-b776-f604b7322ada',
  role: 'TEAM_MEMBER',
  resourceType: 'team',
  resourceId: '12497fda-0777-47c0-aae9-8c4bdda58046',
  roleId: 'c066523b-06c8-4a2d-b165-1d97cf5c1ae8'
}

stdout | src/server/auth/__tests__/rbac.test.ts > RBAC - Property-Based Tests > Property 18: Verified users receive default roles
[2025-12-02T17:11:19.742Z] [App] [INFO] rbac.assign_role.success {
  userId: '7f6de6a9-279a-4b12-ab0a-66b52b68502c',
  role: 'TEAM_MEMBER',
  resourceType: 'team',
  resourceId: '89a3b682-2412-421d-9da3-13079bcee446',
  roleId: 'cbd0ec53-388a-4145-88c8-d385ee17a209'
}

stdout | src/server/auth/__tests__/rbac.test.ts > RBAC - Property-Based Tests > Property 18: Verified users receive default roles
[2025-12-02T17:11:19.924Z] [App] [INFO] rbac.assign_role.success {
  userId: '21114fb3-20f5-40ca-bf48-dc78baeea966',
  role: 'TEAM_MEMBER',
  resourceType: 'team',
  resourceId: '1976c24d-85c5-495e-b300-c2fd9b7fd969',
  roleId: '804b1717-fce5-4f3d-9cb3-87b7179110e2'
}

stdout | src/server/teams/__tests__/export.property.test.ts > Property 22: Data export generates complete JSON > export includes team metadata
[2025-12-02T17:11:16.615Z] [App] [INFO] {"eventId":"c1586b0f-5005-45c0-b914-05754c460170","eventType":"team.create.success","timestamp":"2025-12-02T17:11:16.615Z","outcome":"success","userId":"f884fc2f-6513-4b45-a258-45dee35d6f74","teamId":"bfd7949a-d3a6-4e0b-939d-ba364d15c47a","teamName":"PjWI(`j7","metadata":{"slug":"pjwij7","planId":"free"}}
[2025-12-02T17:11:16.623Z] [App] [INFO] {"eventId":"c8dcbd92-1ba0-42e3-9bd4-8b7a2bc35914","eventType":"team.export.requested","timestamp":"2025-12-02T17:11:16.623Z","outcome":"success","userId":"f884fc2f-6513-4b45-a258-45dee35d6f74","teamId":"bfd7949a-d3a6-4e0b-939d-ba364d15c47a","teamName":"PjWI(`j7","metadata":{"memberCount":1,"projectCount":0,"invitationCount":0}}
[2025-12-02T17:11:16.627Z] [App] [INFO] {"eventId":"813791fc-6622-43a7-a153-74e815366bd3","eventType":"team.create.success","timestamp":"2025-12-02T17:11:16.627Z","outcome":"success","userId":"785cfe82-2fd3-4202-b96a-8edef2fecf10","teamId":"74786a8d-9eb6-4ef1-a737-d337e7553611","teamName":"qD\"\"z","metadata":{"slug":"qdz","planId":"free"}}
[2025-12-02T17:11:16.630Z] [App] [INFO] {"eventId":"ce3c15f7-9a5b-4a52-8082-5a23a1431ffa","eventType":"team.export.requested","timestamp":"2025-12-02T17:11:16.630Z","outcome":"success","userId":"785cfe82-2fd3-4202-b96a-8edef2fecf10","teamId":"74786a8d-9eb6-4ef1-a737-d337e7553611","teamName":"qD\"\"z","metadata":{"memberCount":1,"projectCount":0,"invitationCount":0}}
[2025-12-02T17:11:16.634Z] [App] [INFO] {"eventId":"60886f3e-d9d5-4f7a-8f61-829758bd9029","eventType":"team.create.success","timestamp":"2025-12-02T17:11:16.634Z","outcome":"success","userId":"b7191c47-2daa-4c21-8553-2b3eb8d78cfb","teamId":"23d9254c-ef50-4201-af4f-39888bf513cb","teamName":"apply","metadata":{"slug":"apply","planId":"free"}}
[2025-12-02T17:11:16.638Z] [App] [INFO] {"eventId":"edc77b48-7883-4aa0-8bbb-75554a3f1e24","eventType":"team.export.requested","timestamp":"2025-12-02T17:11:16.638Z","outcome":"success","userId":"b7191c47-2daa-4c21-8553-2b3eb8d78cfb","teamId":"23d9254c-ef50-4201-af4f-39888bf513cb","teamName":"apply","metadata":{"memberCount":1,"projectCount":0,"invitationCount":0}}
[2025-12-02T17:11:16.640Z] [App] [INFO] {"eventId":"1e9bf314-b6c5-488d-9407-4f70eac4dfcf","eventType":"team.create.success","timestamp":"2025-12-02T17:11:16.640Z","outcome":"success","userId":"87246c2d-6817-44f2-9335-a4b1b4c1e1ad","teamId":"b26118f5-9fce-4b1e-8dcd-ff826f59c97d","teamName":"valueOf","metadata":{"slug":"valueof","planId":"free"}}
[2025-12-02T17:11:16.642Z] [App] [INFO] {"eventId":"61e24336-2aa9-4657-a2dd-dd25f53d06d7","eventType":"team.export.requested","timestamp":"2025-12-02T17:11:16.642Z","outcome":"success","userId":"87246c2d-6817-44f2-9335-a4b1b4c1e1ad","teamId":"b26118f5-9fce-4b1e-8dcd-ff826f59c97d","teamName":"valueOf","metadata":{"memberCount":1,"projectCount":0,"invitationCount":0}}
[2025-12-02T17:11:16.644Z] [App] [INFO] {"eventId":"a9363c0c-ae19-4663-892c-9047892c2037","eventType":"team.create.success","timestamp":"2025-12-02T17:11:16.644Z","outcome":"success","userId":"5564db65-6667-435b-b035-448d4ce71771","teamId":"ebe73b7b-9d65-4788-a06c-bad45f07c092","teamName":"iS","metadata":{"slug":"is","planId":"free"}}
[2025-12-02T17:11:16.647Z] [App] [INFO] {"eventId":"60be3fa2-ef56-4d40-89fc-f928bd4cd320","eventType":"team.export.requested","timestamp":"2025-12-02T17:11:16.647Z","outcome":"success","userId":"5564db65-6667-435b-b035-448d4ce71771","teamId":"ebe73b7b-9d65-4788-a06c-bad45f07c092","teamName":"iS","metadata":{"memberCount":1,"projectCount":0,"invitationCount":0}}
[2025-12-02T17:11:16.650Z] [App] [INFO] {"eventId":"cb944b30-65c6-47a4-8e69-9914299cc2ec","eventType":"team.create.success","timestamp":"2025-12-02T17:11:16.650Z","outcome":"success","userId":"74d86625-a4c3-414f-a5ba-f68cd2cb6843","teamId":"5b16180f-906f-45aa-a24d-e2420d337b30","teamName":"~WY$%rNZ:Z5","metadata":{"slug":"wyrnzz5","planId":"free"}}
[2025-12-02T17:11:16.651Z] [App] [INFO] {"eventId":"0f7224ee-84a8-4262-adcd-c16582ab8319","eventType":"team.export.requested","timestamp":"2025-12-02T17:11:16.651Z","outcome":"success","userId":"74d86625-a4c3-414f-a5ba-f68cd2cb6843","teamId":"5b16180f-906f-45aa-a24d-e2420d337b30","teamName":"~WY$%rNZ:Z5","metadata":{"memberCount":1,"projectCount":0,"invitationCount":0}}
[2025-12-02T17:11:16.653Z] [App] [INFO] {"eventId":"0fadd1f3-c3f7-4376-b87c-81363a21c977","eventType":"team.create.success","timestamp":"2025-12-02T17:11:16.653Z","outcome":"success","userId":"24c03c05-8f06-4e8b-9c99-c94e9657aa16","teamId":"506064fe-219b-475e-aaa6-3fa807ed990b","teamName":"=ss","metadata":{"slug":"ss","planId":"free"}}
[2025-12-02T17:11:16.655Z] [App] [INFO] {"eventId":"7c338cdf-a78e-411c-a5d8-2cc620fdfdbf","eventType":"team.export.requested","timestamp":"2025-12-02T17:11:16.655Z","outcome":"success","userId":"24c03c05-8f06-4e8b-9c99-c94e9657aa16","teamId":"506064fe-219b-475e-aaa6-3fa807ed990b","teamName":"=ss","metadata":{"memberCount":1,"projectCount":0,"invitationCount":0}}
[2025-12-02T17:11:16.672Z] [App] [INFO] {"eventId":"e1f59d7f-a002-4952-aa20-909c7f34acf0","eventType":"team.create.success","timestamp":"2025-12-02T17:11:16.672Z","outcome":"success","userId":"29a174c0-bd85-4f00-b403-3a1abecb6435","teamId":"0cff8725-5148-47a0-909e-4b40918a5c03","teamName":"w&0{","metadata":{"slug":"w0","planId":"free"}}
[2025-12-02T17:11:16.694Z] [App] [INFO] {"eventId":"baaebee6-5840-4646-a505-cb29f817c9b8","eventType":"team.export.requested","timestamp":"2025-12-02T17:11:16.694Z","outcome":"success","userId":"29a174c0-bd85-4f00-b403-3a1abecb6435","teamId":"0cff8725-5148-47a0-909e-4b40918a5c03","teamName":"w&0{","metadata":{"memberCount":1,"projectCount":0,"invitationCount":0}}
[2025-12-02T17:11:16.702Z] [App] [INFO] {"eventId":"974767d5-7526-4288-b017-e15810ecd5a8","eventType":"team.create.success","timestamp":"2025-12-02T17:11:16.702Z","outcome":"success","userId":"ba4a4e87-5a48-4cec-9570-997d8a2ac127","teamId":"bbac6d46-cb3b-4b83-8d81-f4e1f44ec4e6","teamName":"Bz1r2fH+Wk","metadata":{"slug":"bz1r2fhwk","planId":"free"}}
[2025-12-02T17:11:16.734Z] [App] [INFO] {"eventId":"8e135e7e-71da-4ccc-ad29-146d8285ca6f","eventType":"team.export.requested","timestamp":"2025-12-02T17:11:16.734Z","outcome":"success","userId":"ba4a4e87-5a48-4cec-9570-997d8a2ac127","teamId":"bbac6d46-cb3b-4b83-8d81-f4e1f44ec4e6","teamName":"Bz1r2fH+Wk","metadata":{"memberCount":1,"projectCount":0,"invitationCount":0}}
[2025-12-02T17:11:16.782Z] [App] [INFO] {"eventId":"8e7c424a-317d-46b9-9b7d-625c30bb0503","eventType":"team.create.success","timestamp":"2025-12-02T17:11:16.782Z","outcome":"success","userId":"ee38d016-4dac-4d0e-b510-59260cc38a21","teamId":"317577b1-f101-4fa5-9963-3209907de21a","teamName":"r_#1","metadata":{"slug":"r1","planId":"free"}}
[2025-12-02T17:11:16.786Z] [App] [INFO] {"eventId":"5464602c-a4ed-4274-865b-372caa709eb0","eventType":"team.export.requested","timestamp":"2025-12-02T17:11:16.786Z","outcome":"success","userId":"ee38d016-4dac-4d0e-b510-59260cc38a21","teamId":"317577b1-f101-4fa5-9963-3209907de21a","teamName":"r_#1","metadata":{"memberCount":1,"projectCount":0,"invitationCount":0}}
[2025-12-02T17:11:16.788Z] [App] [INFO] {"eventId":"6c6541eb-24ae-4d7a-8c52-c37345c0d4f6","eventType":"team.create.success","timestamp":"2025-12-02T17:11:16.788Z","outcome":"success","userId":"69693bab-ac8a-4e2a-923f-ac8c2ac40851","teamId":"77974b9f-3520-4438-aa8e-b11205c1b010","teamName":"~n*g,\"","metadata":{"slug":"ng","planId":"free"}}
[2025-12-02T17:11:16.791Z] [App] [INFO] {"eventId":"e21a7e04-60c7-4e1c-8c09-ad6f9662a886","eventType":"team.export.requested","timestamp":"2025-12-02T17:11:16.791Z","outcome":"success","userId":"69693bab-ac8a-4e2a-923f-ac8c2ac40851","teamId":"77974b9f-3520-4438-aa8e-b11205c1b010","teamName":"~n*g,\"","metadata":{"memberCount":1,"projectCount":0,"invitationCount":0}}
[2025-12-02T17:11:16.801Z] [App] [INFO] {"eventId":"093dcf79-49dc-48a2-a283-0214f2f865e2","eventType":"team.create.success","timestamp":"2025-12-02T17:11:16.801Z","outcome":"success","userId":"c3b24803-c6b0-42a1-9114-b5efde3c0e6d","teamId":"88e98c8e-0e54-4176-bf1e-1d6f90ac2d6e","teamName":"o xm0'!-H yY ","metadata":{"slug":"o-xm0-h-yy","planId":"free"}}
[2025-12-02T17:11:16.804Z] [App] [INFO] {"eventId":"e41cc16e-8456-411b-b4e5-566a15691d5d","eventType":"team.export.requested","timestamp":"2025-12-02T17:11:16.804Z","outcome":"success","userId":"c3b24803-c6b0-42a1-9114-b5efde3c0e6d","teamId":"88e98c8e-0e54-4176-bf1e-1d6f90ac2d6e","teamName":"o xm0'!-H yY ","metadata":{"memberCount":1,"projectCount":0,"invitationCount":0}}
[2025-12-02T17:11:16.807Z] [App] [INFO] {"eventId":"8f94736d-4600-4109-9d54-bbb92a3726bf","eventType":"team.create.success","timestamp":"2025-12-02T17:11:16.807Z","outcome":"success","userId":"1d95b073-fbd2-484f-beec-be235f4dcfed","teamId":"1756cf19-efd7-4278-ba61-9af9fa6faa11","teamName":"U5Q9T^fC&a>@O","metadata":{"slug":"u5q9tfcao","planId":"free"}}
[2025-12-02T17:11:16.808Z] [App] [INFO] {"eventId":"9ec01aa0-e2cf-4941-a8d1-2c099200f861","eventType":"team.export.requested","timestamp":"2025-12-02T17:11:16.808Z","outcome":"success","userId":"1d95b073-fbd2-484f-beec-be235f4dcfed","teamId":"1756cf19-efd7-4278-ba61-9af9fa6faa11","teamName":"U5Q9T^fC&a>@O","metadata":{"memberCount":1,"projectCount":0,"invitationCount":0}}
[2025-12-02T17:11:16.814Z] [App] [INFO] {"eventId":"1ac943ef-5a5b-4175-95b9-efff7d100f7c","eventType":"team.create.success","timestamp":"2025-12-02T17:11:16.814Z","outcome":"success","userId":"95c3ad16-1370-44fd-a9fe-d1c2071f5147","teamId":"de60b19b-3877-4477-9c0e-9db6f53b8a6b","teamName":"yhv(A","metadata":{"slug":"yhva","planId":"free"}}
[2025-12-02T17:11:16.816Z] [App] [INFO] {"eventId":"9e341f92-d150-4c5b-a38e-f642abd52076","eventType":"team.export.requested","timestamp":"2025-12-02T17:11:16.816Z","outcome":"success","userId":"95c3ad16-1370-44fd-a9fe-d1c2071f5147","teamId":"de60b19b-3877-4477-9c0e-9db6f53b8a6b","teamName":"yhv(A","metadata":{"memberCount":1,"projectCount":0,"invitationCount":0}}
[2025-12-02T17:11:16.821Z] [App] [INFO] {"eventId":"8f1fdc23-1a95-4faa-9d64-4af41a2d55ed","eventType":"team.create.success","timestamp":"2025-12-02T17:11:16.821Z","outcome":"success","userId":"5d6899ae-aafb-4ae4-8116-fe3ef83928e0","teamId":"7bc56958-94fe-4b69-83f4-5106e86441ae","teamName":"$#J|}X9","metadata":{"slug":"jx9","planId":"free"}}
[2025-12-02T17:11:16.831Z] [App] [INFO] {"eventId":"42ccf444-672d-42b3-ad1e-815263cfd14e","eventType":"team.export.requested","timestamp":"2025-12-02T17:11:16.831Z","outcome":"success","userId":"5d6899ae-aafb-4ae4-8116-fe3ef83928e0","teamId":"7bc56958-94fe-4b69-83f4-5106e86441ae","teamName":"$#J|}X9","metadata":{"memberCount":1,"projectCount":0,"invitationCount":0}}
[2025-12-02T17:11:16.837Z] [App] [INFO] {"eventId":"354b8ed9-9b4a-4ae1-999a-229aba4adb9b","eventType":"team.create.success","timestamp":"2025-12-02T17:11:16.837Z","outcome":"success","userId":"c472f4b5-3132-405d-b607-472f0559259c","teamId":"4ce41e66-cd96-4268-9f6b-83a63e0fa899","teamName":"tozgb~ ","metadata":{"slug":"tozgb","planId":"free"}}
[2025-12-02T17:11:16.843Z] [App] [INFO] {"eventId":"d34419f8-3b6e-4095-857c-c664d7daa7f5","eventType":"team.export.requested","timestamp":"2025-12-02T17:11:16.843Z","outcome":"success","userId":"c472f4b5-3132-405d-b607-472f0559259c","teamId":"4ce41e66-cd96-4268-9f6b-83a63e0fa899","teamName":"tozgb~ ","metadata":{"memberCount":1,"projectCount":0,"invitationCount":0}}
[2025-12-02T17:11:16.857Z] [App] [INFO] {"eventId":"80a31f54-ca16-43e6-884b-148c05e9a11e","eventType":"team.create.success","timestamp":"2025-12-02T17:11:16.857Z","outcome":"success","userId":"eb6358aa-4b8c-450a-a415-b6d152ce021a","teamId":"2d851d5b-4b44-4021-823c-ce08a9712e97","teamName":"Tq$%%Ge#Fgz#W","metadata":{"slug":"tqgefgzw","planId":"free"}}
[2025-12-02T17:11:16.863Z] [App] [INFO] {"eventId":"c926838a-69f6-468b-834c-066463e3565d","eventType":"team.export.requested","timestamp":"2025-12-02T17:11:16.863Z","outcome":"success","userId":"eb6358aa-4b8c-450a-a415-b6d152ce021a","teamId":"2d851d5b-4b44-4021-823c-ce08a9712e97","teamName":"Tq$%%Ge#Fgz#W","metadata":{"memberCount":1,"projectCount":0,"invitationCount":0}}
[2025-12-02T17:11:16.866Z] [App] [INFO] {"eventId":"479dd6bb-53a3-43c3-a89e-5a7ec73d5a33","eventType":"team.create.success","timestamp":"2025-12-02T17:11:16.866Z","outcome":"success","userId":"19175e10-01d5-4065-be0a-bf45f3d37688","teamId":"26621a92-1bbc-4060-9972-b98d9c5ad75d","teamName":"0jtwJ`p`","metadata":{"slug":"0jtwjp","planId":"free"}}
[2025-12-02T17:11:16.868Z] [App] [INFO] {"eventId":"4a1cc34a-dc8d-463c-bd73-1c6c909eb69d","eventType":"team.export.requested","timestamp":"2025-12-02T17:11:16.868Z","outcome":"success","userId":"19175e10-01d5-4065-be0a-bf45f3d37688","teamId":"26621a92-1bbc-4060-9972-b98d9c5ad75d","teamName":"0jtwJ`p`","metadata":{"memberCount":1,"projectCount":0,"invitationCount":0}}
[2025-12-02T17:11:16.869Z] [App] [INFO] {"eventId":"4959bba8-e443-4130-b7f7-5ec70555b963","eventType":"team.create.success","timestamp":"2025-12-02T17:11:16.869Z","outcome":"success","userId":"5933d522-ef58-4359-af62-15f0aec38cda","teamId":"0b9521f1-4a14-4b0f-afc8-9c0ccdaf7d45","teamName":"G^wp}]s3","metadata":{"slug":"gwps3","planId":"free"}}
[2025-12-02T17:11:16.890Z] [App] [INFO] {"eventId":"07bb8c1e-a070-4bd3-8975-94a01c99012b","eventType":"team.export.requested","timestamp":"2025-12-02T17:11:16.890Z","outcome":"success","userId":"5933d522-ef58-4359-af62-15f0aec38cda","teamId":"0b9521f1-4a14-4b0f-afc8-9c0ccdaf7d45","teamName":"G^wp}]s3","metadata":{"memberCount":1,"projectCount":0,"invitationCount":0}}
[2025-12-02T17:11:16.899Z] [App] [INFO] {"eventId":"56d551fb-92dc-4062-a144-b1e202585095","eventType":"team.create.success","timestamp":"2025-12-02T17:11:16.899Z","outcome":"success","userId":"e58ddec5-5a48-46c8-963f-18f14f52bef9","teamId":"64e565a1-2f8d-48d2-90b5-5f4ab9ada117","teamName":"[y'd#h{ +","metadata":{"slug":"ydh","planId":"free"}}
[2025-12-02T17:11:16.902Z] [App] [INFO] {"eventId":"ad0600ae-1d78-4302-95cf-870f826287d7","eventType":"team.export.requested","timestamp":"2025-12-02T17:11:16.902Z","outcome":"success","userId":"e58ddec5-5a48-46c8-963f-18f14f52bef9","teamId":"64e565a1-2f8d-48d2-90b5-5f4ab9ada117","teamName":"[y'd#h{ +","metadata":{"memberCount":1,"projectCount":0,"invitationCount":0}}

stdout | src/server/teams/__tests__/export.property.test.ts > Property 22: Data export generates complete JSON > export includes all team members
[2025-12-02T17:11:17.140Z] [App] [INFO] {"eventId":"040eae4e-3e69-44dc-8716-51d214420cb3","eventType":"team.create.success","timestamp":"2025-12-02T17:11:17.140Z","outcome":"success","userId":"6a173cb3-f707-4438-88ec-5d9a4da19cda","teamId":"82e598c3-6a7c-4d3d-bb11-66acf32f76e6","teamName":"toLo","metadata":{"slug":"tolo","planId":"free"}}
[2025-12-02T17:11:17.147Z] [App] [INFO] {"eventId":"79fdb137-dd07-4ae2-b587-7e3139268912","eventType":"team.member.add.success","timestamp":"2025-12-02T17:11:17.147Z","outcome":"success","userId":"6a173cb3-f707-4438-88ec-5d9a4da19cda","teamId":"82e598c3-6a7c-4d3d-bb11-66acf32f76e6","metadata":{"addedUserId":"00fc3e70-fc30-4a57-8b3e-a593ca6f6a13","operationalRole":"TEAM_MEMBER"}}
[2025-12-02T17:11:17.150Z] [App] [INFO] {"eventId":"7ecd2dab-22bd-405b-afa2-9e4e15f9abf8","eventType":"team.export.requested","timestamp":"2025-12-02T17:11:17.150Z","outcome":"success","userId":"6a173cb3-f707-4438-88ec-5d9a4da19cda","teamId":"82e598c3-6a7c-4d3d-bb11-66acf32f76e6","teamName":"toLo","metadata":{"memberCount":2,"projectCount":0,"invitationCount":0}}
[2025-12-02T17:11:17.158Z] [App] [INFO] {"eventId":"ec162586-2789-41bf-a886-c9b2eac1e323","eventType":"team.create.success","timestamp":"2025-12-02T17:11:17.158Z","outcome":"success","userId":"f03b50da-17d3-4cab-bd43-31ac89ee5e5e","teamId":"0142c5a4-287e-4e5a-a6d6-1847eb8fc7a9","teamName":" 4sy $%","metadata":{"slug":"4sy","planId":"free"}}
[2025-12-02T17:11:17.160Z] [App] [INFO] {"eventId":"5f70fc95-da12-4a51-8c1e-a79a27879eb6","eventType":"team.member.add.success","timestamp":"2025-12-02T17:11:17.160Z","outcome":"success","userId":"f03b50da-17d3-4cab-bd43-31ac89ee5e5e","teamId":"0142c5a4-287e-4e5a-a6d6-1847eb8fc7a9","metadata":{"addedUserId":"2100c356-87ae-492d-8be4-c363416ec722","operationalRole":"TEAM_MEMBER"}}
[2025-12-02T17:11:17.165Z] [App] [INFO] {"eventId":"630dfff9-c3d2-41d4-ad8d-5b552fbdc4a2","eventType":"team.member.add.success","timestamp":"2025-12-02T17:11:17.165Z","outcome":"success","userId":"f03b50da-17d3-4cab-bd43-31ac89ee5e5e","teamId":"0142c5a4-287e-4e5a-a6d6-1847eb8fc7a9","metadata":{"addedUserId":"d1ebc88c-f253-4a6f-99e6-a37aecc0a52c","operationalRole":"TEAM_MEMBER"}}
[2025-12-02T17:11:17.166Z] [App] [INFO] {"eventId":"befffffa-2ec2-4495-9982-e2b7c0dd18cc","eventType":"team.member.add.success","timestamp":"2025-12-02T17:11:17.166Z","outcome":"success","userId":"f03b50da-17d3-4cab-bd43-31ac89ee5e5e","teamId":"0142c5a4-287e-4e5a-a6d6-1847eb8fc7a9","metadata":{"addedUserId":"04df4615-8a87-4489-8895-3c1240a8745b","operationalRole":"TEAM_MEMBER"}}
[2025-12-02T17:11:17.168Z] [App] [INFO] {"eventId":"fbd190f6-7eef-4508-b8a4-c2fa4e55ab78","eventType":"team.export.requested","timestamp":"2025-12-02T17:11:17.168Z","outcome":"success","userId":"f03b50da-17d3-4cab-bd43-31ac89ee5e5e","teamId":"0142c5a4-287e-4e5a-a6d6-1847eb8fc7a9","teamName":" 4sy $%","metadata":{"memberCount":4,"projectCount":0,"invitationCount":0}}
[2025-12-02T17:11:17.170Z] [App] [INFO] {"eventId":"db44422f-1c56-4f04-be1e-221a633be227","eventType":"team.create.success","timestamp":"2025-12-02T17:11:17.170Z","outcome":"success","userId":"d52a526b-ea4f-4532-b842-050354fdd345","teamId":"12e998e2-2119-4cfb-8c05-cb246b158fbb","teamName":"TS\\WIH","metadata":{"slug":"tswih","planId":"free"}}
[2025-12-02T17:11:17.172Z] [App] [INFO] {"eventId":"e37518d8-13aa-456a-8bbe-c283a38e7616","eventType":"team.member.add.success","timestamp":"2025-12-02T17:11:17.172Z","outcome":"success","userId":"d52a526b-ea4f-4532-b842-050354fdd345","teamId":"12e998e2-2119-4cfb-8c05-cb246b158fbb","metadata":{"addedUserId":"175585de-0a4d-4f06-9182-824e2f0f08d3","operationalRole":"TEAM_MEMBER"}}
[2025-12-02T17:11:17.173Z] [App] [INFO] {"eventId":"cf7d87f2-0980-48c9-bd0e-0c82d10310ff","eventType":"team.export.requested","timestamp":"2025-12-02T17:11:17.173Z","outcome":"success","userId":"d52a526b-ea4f-4532-b842-050354fdd345","teamId":"12e998e2-2119-4cfb-8c05-cb246b158fbb","teamName":"TS\\WIH","metadata":{"memberCount":2,"projectCount":0,"invitationCount":0}}
[2025-12-02T17:11:17.176Z] [App] [INFO] {"eventId":"70236728-1f7b-45c5-a512-82167f46aa1f","eventType":"team.create.success","timestamp":"2025-12-02T17:11:17.176Z","outcome":"success","userId":"c5d1e7a2-8b9a-464b-80e8-6534455e7899","teamId":"4d84dae2-1456-45b7-9fbd-8202266c5d79","teamName":"#\\E6","metadata":{"slug":"e6","planId":"free"}}
[2025-12-02T17:11:17.189Z] [App] [INFO] {"eventId":"da2e2740-8ee5-4f0d-9a1f-fffcb1683041","eventType":"team.member.add.success","timestamp":"2025-12-02T17:11:17.189Z","outcome":"success","userId":"c5d1e7a2-8b9a-464b-80e8-6534455e7899","teamId":"4d84dae2-1456-45b7-9fbd-8202266c5d79","metadata":{"addedUserId":"e09c3866-da3a-4a87-a3bf-f3515efd16d2","operationalRole":"TEAM_MEMBER"}}
[2025-12-02T17:11:17.195Z] [App] [INFO] {"eventId":"a63b9440-9e12-43c3-aa53-906a38c0bb72","eventType":"team.export.requested","timestamp":"2025-12-02T17:11:17.195Z","outcome":"success","userId":"c5d1e7a2-8b9a-464b-80e8-6534455e7899","teamId":"4d84dae2-1456-45b7-9fbd-8202266c5d79","teamName":"#\\E6","metadata":{"memberCount":2,"projectCount":0,"invitationCount":0}}
[2025-12-02T17:11:17.199Z] [App] [INFO] {"eventId":"8213988a-4903-466b-ac76-297044065764","eventType":"team.create.success","timestamp":"2025-12-02T17:11:17.199Z","outcome":"success","userId":"b422ba36-a714-4672-941d-94b9efa62ce3","teamId":"06d01e81-eb5c-4375-aac3-d1dd75c22872","teamName":"C_)bG","metadata":{"slug":"cbg","planId":"free"}}
[2025-12-02T17:11:17.201Z] [App] [INFO] {"eventId":"15d6f13d-a0fd-4534-827e-29edea0cc520","eventType":"team.member.add.success","timestamp":"2025-12-02T17:11:17.200Z","outcome":"success","userId":"b422ba36-a714-4672-941d-94b9efa62ce3","teamId":"06d01e81-eb5c-4375-aac3-d1dd75c22872","metadata":{"addedUserId":"25d83ddd-f89b-4823-a382-ee215faa4d06","operationalRole":"TEAM_MEMBER"}}
[2025-12-02T17:11:17.202Z] [App] [INFO] {"eventId":"82a3aee0-393c-41e4-8610-6eb4b849c474","eventType":"team.member.add.success","timestamp":"2025-12-02T17:11:17.202Z","outcome":"success","userId":"b422ba36-a714-4672-941d-94b9efa62ce3","teamId":"06d01e81-eb5c-4375-aac3-d1dd75c22872","metadata":{"addedUserId":"c0b88565-8469-4e66-9fa4-1cd7d15b6120","operationalRole":"TEAM_MEMBER"}}
[2025-12-02T17:11:17.208Z] [App] [INFO] {"eventId":"34f5e39d-8e46-426e-8369-71260cfce9d1","eventType":"team.member.add.success","timestamp":"2025-12-02T17:11:17.208Z","outcome":"success","userId":"b422ba36-a714-4672-941d-94b9efa62ce3","teamId":"06d01e81-eb5c-4375-aac3-d1dd75c22872","metadata":{"addedUserId":"3482a1c2-395b-487b-aa5b-703608b7253c","operationalRole":"TEAM_MEMBER"}}
[2025-12-02T17:11:17.210Z] [App] [INFO] {"eventId":"39dce5d1-348f-46c4-94e5-b73d2fa3b718","eventType":"team.export.requested","timestamp":"2025-12-02T17:11:17.210Z","outcome":"success","userId":"b422ba36-a714-4672-941d-94b9efa62ce3","teamId":"06d01e81-eb5c-4375-aac3-d1dd75c22872","teamName":"C_)bG","metadata":{"memberCount":4,"projectCount":0,"invitationCount":0}}
[2025-12-02T17:11:17.213Z] [App] [INFO] {"eventId":"9f5368f6-91ce-4c64-94b5-0e1198f0b74a","eventType":"team.create.success","timestamp":"2025-12-02T17:11:17.213Z","outcome":"success","userId":"c8e7fb72-a86d-4d02-b108-4c740515cd36","teamId":"1efdb014-8eb4-4145-9fe1-0b356df856c3","teamName":"kupSe","metadata":{"slug":"kupse","planId":"free"}}
[2025-12-02T17:11:17.215Z] [App] [INFO] {"eventId":"974a86d5-ad2d-49c1-8fbb-8956e42e089e","eventType":"team.export.requested","timestamp":"2025-12-02T17:11:17.215Z","outcome":"success","userId":"c8e7fb72-a86d-4d02-b108-4c740515cd36","teamId":"1efdb014-8eb4-4145-9fe1-0b356df856c3","teamName":"kupSe","metadata":{"memberCount":1,"projectCount":0,"invitationCount":0}}
[2025-12-02T17:11:17.217Z] [App] [INFO] {"eventId":"81145d62-b7a5-4a21-bf8d-d79a88b9f6c8","eventType":"team.create.success","timestamp":"2025-12-02T17:11:17.217Z","outcome":"success","userId":"b8a90d86-0461-4d92-a665-109cb92cba3f","teamId":"94febdb0-6a3d-4ac5-a280-65b38228af57","teamName":"yJbNy","metadata":{"slug":"yjbny","planId":"free"}}
[2025-12-02T17:11:17.225Z] [App] [INFO] {"eventId":"d0136ac1-30a5-412d-b1e3-3bd9b206d865","eventType":"team.member.add.success","timestamp":"2025-12-02T17:11:17.225Z","outcome":"success","userId":"b8a90d86-0461-4d92-a665-109cb92cba3f","teamId":"94febdb0-6a3d-4ac5-a280-65b38228af57","metadata":{"addedUserId":"3ad2e1ba-52a2-43d7-b6fd-f65ed8613b51","operationalRole":"TEAM_MEMBER"}}
[2025-12-02T17:11:17.227Z] [App] [INFO] {"eventId":"b6ec14ad-7512-4e13-881a-46f76a3bc8f9","eventType":"team.member.add.success","timestamp":"2025-12-02T17:11:17.227Z","outcome":"success","userId":"b8a90d86-0461-4d92-a665-109cb92cba3f","teamId":"94febdb0-6a3d-4ac5-a280-65b38228af57","metadata":{"addedUserId":"5172ae1f-2880-4501-8a17-39b288d52bb5","operationalRole":"TEAM_MEMBER"}}
[2025-12-02T17:11:17.230Z] [App] [INFO] {"eventId":"59d4e9d9-5f15-4fb3-a1c1-53d78a59dcac","eventType":"team.member.add.success","timestamp":"2025-12-02T17:11:17.230Z","outcome":"success","userId":"b8a90d86-0461-4d92-a665-109cb92cba3f","teamId":"94febdb0-6a3d-4ac5-a280-65b38228af57","metadata":{"addedUserId":"ae4540e2-255d-4bb4-a08f-f27b28108ae8","operationalRole":"TEAM_MEMBER"}}
[2025-12-02T17:11:17.232Z] [App] [INFO] {"eventId":"32a55b2d-5988-4685-ae66-6c1a7b14acc3","eventType":"team.export.requested","timestamp":"2025-12-02T17:11:17.232Z","outcome":"success","userId":"b8a90d86-0461-4d92-a665-109cb92cba3f","teamId":"94febdb0-6a3d-4ac5-a280-65b38228af57","teamName":"yJbNy","metadata":{"memberCount":4,"projectCount":0,"invitationCount":0}}
[2025-12-02T17:11:17.234Z] [App] [INFO] {"eventId":"745bd9e3-cb37-4c47-86af-9b0702320339","eventType":"team.create.success","timestamp":"2025-12-02T17:11:17.234Z","outcome":"success","userId":"cc80fe9b-6c14-4c1c-b8f3-12abf9894ba2","teamId":"d8efeee4-7578-4800-a9f1-dd1ec771d314","teamName":"to","metadata":{"slug":"to","planId":"free"}}
[2025-12-02T17:11:17.236Z] [App] [INFO] {"eventId":"59d79531-e048-48e1-a473-76ce37fe1ca6","eventType":"team.member.add.success","timestamp":"2025-12-02T17:11:17.236Z","outcome":"success","userId":"cc80fe9b-6c14-4c1c-b8f3-12abf9894ba2","teamId":"d8efeee4-7578-4800-a9f1-dd1ec771d314","metadata":{"addedUserId":"69daddf8-d9b5-4965-878a-9b5a0400a009","operationalRole":"TEAM_MEMBER"}}
[2025-12-02T17:11:17.237Z] [App] [INFO] {"eventId":"92e8e3da-92c9-4cc6-961b-8d4754c6c271","eventType":"team.member.add.success","timestamp":"2025-12-02T17:11:17.237Z","outcome":"success","userId":"cc80fe9b-6c14-4c1c-b8f3-12abf9894ba2","teamId":"d8efeee4-7578-4800-a9f1-dd1ec771d314","metadata":{"addedUserId":"c8fc2ac7-964d-49c2-b0dc-a58a77d875ff","operationalRole":"TEAM_MEMBER"}}
[2025-12-02T17:11:17.239Z] [App] [INFO] {"eventId":"f75241ce-47e8-41d9-a055-c94f865ded7b","eventType":"team.member.add.success","timestamp":"2025-12-02T17:11:17.239Z","outcome":"success","userId":"cc80fe9b-6c14-4c1c-b8f3-12abf9894ba2","teamId":"d8efeee4-7578-4800-a9f1-dd1ec771d314","metadata":{"addedUserId":"fc5c5853-1a02-4acd-ac64-3dd28f662738","operationalRole":"TEAM_MEMBER"}}
[2025-12-02T17:11:17.240Z] [App] [INFO] {"eventId":"c5ac1b8e-29b7-4331-b77b-71198a801f15","eventType":"team.export.requested","timestamp":"2025-12-02T17:11:17.240Z","outcome":"success","userId":"cc80fe9b-6c14-4c1c-b8f3-12abf9894ba2","teamId":"d8efeee4-7578-4800-a9f1-dd1ec771d314","teamName":"to","metadata":{"memberCount":4,"projectCount":0,"invitationCount":0}}
[2025-12-02T17:11:17.242Z] [App] [INFO] {"eventId":"9c968675-ef1e-4445-b6a6-8b127149cfed","eventType":"team.create.success","timestamp":"2025-12-02T17:11:17.242Z","outcome":"success","userId":"48c315a8-9094-4547-9346-3c7c0ec8bbd0","teamId":"1c71b3eb-32f0-421c-8d95-e99d4d496891","teamName":"C..L","metadata":{"slug":"cl","planId":"free"}}
[2025-12-02T17:11:17.254Z] [App] [INFO] {"eventId":"b7c51eed-d67e-4084-bf24-2374a4bb248e","eventType":"team.member.add.success","timestamp":"2025-12-02T17:11:17.254Z","outcome":"success","userId":"48c315a8-9094-4547-9346-3c7c0ec8bbd0","teamId":"1c71b3eb-32f0-421c-8d95-e99d4d496891","metadata":{"addedUserId":"ea7166ec-a435-43a6-9ff6-4600d4c239db","operationalRole":"TEAM_MEMBER"}}
[2025-12-02T17:11:17.255Z] [App] [INFO] {"eventId":"d4df7263-5fb4-4ab7-bc7a-c783a63d844d","eventType":"team.member.add.success","timestamp":"2025-12-02T17:11:17.255Z","outcome":"success","userId":"48c315a8-9094-4547-9346-3c7c0ec8bbd0","teamId":"1c71b3eb-32f0-421c-8d95-e99d4d496891","metadata":{"addedUserId":"853c3318-f59a-4a5d-8ea6-3e31ab9caf3e","operationalRole":"TEAM_MEMBER"}}
[2025-12-02T17:11:17.257Z] [App] [INFO] {"eventId":"ad4a01b2-c64a-4019-94f1-c0b88cfcf545","eventType":"team.member.add.success","timestamp":"2025-12-02T17:11:17.257Z","outcome":"success","userId":"48c315a8-9094-4547-9346-3c7c0ec8bbd0","teamId":"1c71b3eb-32f0-421c-8d95-e99d4d496891","metadata":{"addedUserId":"95f746a6-89f4-4bd4-96e4-731d7e1cb634","operationalRole":"TEAM_MEMBER"}}
[2025-12-02T17:11:17.258Z] [App] [INFO] {"eventId":"721d8c8e-7c31-4c51-a254-e9c5d2553827","eventType":"team.export.requested","timestamp":"2025-12-02T17:11:17.258Z","outcome":"success","userId":"48c315a8-9094-4547-9346-3c7c0ec8bbd0","teamId":"1c71b3eb-32f0-421c-8d95-e99d4d496891","teamName":"C..L","metadata":{"memberCount":4,"projectCount":0,"invitationCount":0}}
[2025-12-02T17:11:17.260Z] [App] [INFO] {"eventId":"f3828f19-0d83-410b-8078-f301a253cc71","eventType":"team.create.success","timestamp":"2025-12-02T17:11:17.260Z","outcome":"success","userId":"5ba2b154-7243-4a01-8ca0-86d9b109f185","teamId":"d1dd921a-a38f-491b-9126-8eabea638296","teamName":"bjzNHImw~2m7","metadata":{"slug":"bjznhimw2m7","planId":"free"}}
[2025-12-02T17:11:17.266Z] [App] [INFO] {"eventId":"184ed100-1709-4eae-ae60-8c357c5905ff","eventType":"team.member.add.success","timestamp":"2025-12-02T17:11:17.266Z","outcome":"success","userId":"5ba2b154-7243-4a01-8ca0-86d9b109f185","teamId":"d1dd921a-a38f-491b-9126-8eabea638296","metadata":{"addedUserId":"22e8a4a6-01bc-4307-94e4-e1f71c34021f","operationalRole":"TEAM_MEMBER"}}
[2025-12-02T17:11:17.273Z] [App] [INFO] {"eventId":"0db2c451-0354-43b9-801a-93451307fa71","eventType":"team.member.add.success","timestamp":"2025-12-02T17:11:17.273Z","outcome":"success","userId":"5ba2b154-7243-4a01-8ca0-86d9b109f185","teamId":"d1dd921a-a38f-491b-9126-8eabea638296","metadata":{"addedUserId":"3acf356d-2b89-4a72-b3f5-1a6657bba25f","operationalRole":"TEAM_MEMBER"}}
[2025-12-02T17:11:17.276Z] [App] [INFO] {"eventId":"ba878531-6eda-4361-b401-8232c2a31a1d","eventType":"team.export.requested","timestamp":"2025-12-02T17:11:17.276Z","outcome":"success","userId":"5ba2b154-7243-4a01-8ca0-86d9b109f185","teamId":"d1dd921a-a38f-491b-9126-8eabea638296","teamName":"bjzNHImw~2m7","metadata":{"memberCount":3,"projectCount":0,"invitationCount":0}}
[2025-12-02T17:11:17.280Z] [App] [INFO] {"eventId":"496c69fc-e9c3-4c7a-a46a-6e7ac0c98e29","eventType":"team.create.success","timestamp":"2025-12-02T17:11:17.280Z","outcome":"success","userId":"c7f041f4-22e7-4f36-9b4f-e199bd11ea67","teamId":"85470354-b4be-43b7-bfdd-7cacf75a45e8","teamName":"J<|vU1RRz","metadata":{"slug":"jvu1rrz","planId":"free"}}
[2025-12-02T17:11:17.282Z] [App] [INFO] {"eventId":"e04053c5-97d2-4c67-a7b0-a2ed964d87a5","eventType":"team.member.add.success","timestamp":"2025-12-02T17:11:17.282Z","outcome":"success","userId":"c7f041f4-22e7-4f36-9b4f-e199bd11ea67","teamId":"85470354-b4be-43b7-bfdd-7cacf75a45e8","metadata":{"addedUserId":"5974afff-f8eb-4ee7-b951-9120d622ac58","operationalRole":"TEAM_MEMBER"}}
[2025-12-02T17:11:17.284Z] [App] [INFO] {"eventId":"0c087f73-36dd-4089-b240-a26db926b225","eventType":"team.member.add.success","timestamp":"2025-12-02T17:11:17.284Z","outcome":"success","userId":"c7f041f4-22e7-4f36-9b4f-e199bd11ea67","teamId":"85470354-b4be-43b7-bfdd-7cacf75a45e8","metadata":{"addedUserId":"27230487-ffa3-4fe7-bdfb-04bd2f243dd7","operationalRole":"TEAM_MEMBER"}}
[2025-12-02T17:11:17.285Z] [App] [INFO] {"eventId":"9dba8be9-cb53-4821-b04d-656b40dc24dd","eventType":"team.member.add.success","timestamp":"2025-12-02T17:11:17.285Z","outcome":"success","userId":"c7f041f4-22e7-4f36-9b4f-e199bd11ea67","teamId":"85470354-b4be-43b7-bfdd-7cacf75a45e8","metadata":{"addedUserId":"474b7673-7ff2-4ef9-82d5-8399f69ce370","operationalRole":"TEAM_MEMBER"}}
[2025-12-02T17:11:17.286Z] [App] [INFO] {"eventId":"89d2ad1a-cbda-4530-b1f8-13178ca70d36","eventType":"team.export.requested","timestamp":"2025-12-02T17:11:17.286Z","outcome":"success","userId":"c7f041f4-22e7-4f36-9b4f-e199bd11ea67","teamId":"85470354-b4be-43b7-bfdd-7cacf75a45e8","teamName":"J<|vU1RRz","metadata":{"memberCount":4,"projectCount":0,"invitationCount":0}}
[2025-12-02T17:11:17.289Z] [App] [INFO] {"eventId":"5e46201d-74c8-4c53-8070-8866785002d8","eventType":"team.create.success","timestamp":"2025-12-02T17:11:17.289Z","outcome":"success","userId":"f03f7072-d5fc-4f3d-92d8-f1aef0fefa87","teamId":"31be82aa-9544-4cbb-abe8-406e29adbf11","teamName":"$$VJ","metadata":{"slug":"vj","planId":"free"}}
[2025-12-02T17:11:17.291Z] [App] [INFO] {"eventId":"59f999e7-7157-41a9-b5f0-f14f9c7a3f22","eventType":"team.member.add.success","timestamp":"2025-12-02T17:11:17.291Z","outcome":"success","userId":"f03f7072-d5fc-4f3d-92d8-f1aef0fefa87","teamId":"31be82aa-9544-4cbb-abe8-406e29adbf11","metadata":{"addedUserId":"f1ea5d42-c9a1-466a-92a5-c9cb2e0601ef","operationalRole":"TEAM_MEMBER"}}
[2025-12-02T17:11:17.293Z] [App] [INFO] {"eventId":"40070d1b-f336-42dc-92b4-0a9f87427f0b","eventType":"team.member.add.success","timestamp":"2025-12-02T17:11:17.293Z","outcome":"success","userId":"f03f7072-d5fc-4f3d-92d8-f1aef0fefa87","teamId":"31be82aa-9544-4cbb-abe8-406e29adbf11","metadata":{"addedUserId":"ac0cdd2c-9e38-4a70-b427-02a6a8088f45","operationalRole":"TEAM_MEMBER"}}
[2025-12-02T17:11:17.294Z] [App] [INFO] {"eventId":"64b92bd8-32ef-4661-ada2-b60db2cfaf1d","eventType":"team.member.add.success","timestamp":"2025-12-02T17:11:17.294Z","outcome":"success","userId":"f03f7072-d5fc-4f3d-92d8-f1aef0fefa87","teamId":"31be82aa-9544-4cbb-abe8-406e29adbf11","metadata":{"addedUserId":"a4cda989-704f-441c-a3ce-b93db4433996","operationalRole":"TEAM_MEMBER"}}
[2025-12-02T17:11:17.296Z] [App] [INFO] {"eventId":"18cf6585-3b43-4652-84bd-bcd4ec36a87f","eventType":"team.export.requested","timestamp":"2025-12-02T17:11:17.296Z","outcome":"success","userId":"f03f7072-d5fc-4f3d-92d8-f1aef0fefa87","teamId":"31be82aa-9544-4cbb-abe8-406e29adbf11","teamName":"$$VJ","metadata":{"memberCount":4,"projectCount":0,"invitationCount":0}}
[2025-12-02T17:11:17.298Z] [App] [INFO] {"eventId":"f968c57c-b25a-4b9d-97ca-702897e8a19f","eventType":"team.create.success","timestamp":"2025-12-02T17:11:17.298Z","outcome":"success","userId":"1ef7dee9-e11d-46e6-b9a3-ddd4f61d2f3c","teamId":"9513988b-1e95-47f9-91d2-2872e7d7ade8","teamName":"\"fB5%eG__defin","metadata":{"slug":"fb5egdefin","planId":"free"}}
[2025-12-02T17:11:17.299Z] [App] [INFO] {"eventId":"cdfc7c29-396a-4b00-ade4-22ea99163a11","eventType":"team.export.requested","timestamp":"2025-12-02T17:11:17.299Z","outcome":"success","userId":"1ef7dee9-e11d-46e6-b9a3-ddd4f61d2f3c","teamId":"9513988b-1e95-47f9-91d2-2872e7d7ade8","teamName":"\"fB5%eG__defin","metadata":{"memberCount":1,"projectCount":0,"invitationCount":0}}
[2025-12-02T17:11:17.306Z] [App] [INFO] {"eventId":"9dbebbe1-bd24-4b10-8f21-ccc47a2f2031","eventType":"team.create.success","timestamp":"2025-12-02T17:11:17.306Z","outcome":"success","userId":"a9861b2d-f2ad-4406-bcd7-2ea3ed968014","teamId":"26313a5b-eec0-4b94-b1cb-3c34da169655","teamName":"con","metadata":{"slug":"con","planId":"free"}}
[2025-12-02T17:11:17.308Z] [App] [INFO] {"eventId":"aa5921f8-a17d-4143-9857-6963d039d1df","eventType":"team.member.add.success","timestamp":"2025-12-02T17:11:17.308Z","outcome":"success","userId":"a9861b2d-f2ad-4406-bcd7-2ea3ed968014","teamId":"26313a5b-eec0-4b94-b1cb-3c34da169655","metadata":{"addedUserId":"b29a2411-a3b4-44af-989b-bd268729882d","operationalRole":"TEAM_MEMBER"}}
[2025-12-02T17:11:17.309Z] [App] [INFO] {"eventId":"0e4cae17-86da-49fe-a381-511336baede0","eventType":"team.member.add.success","timestamp":"2025-12-02T17:11:17.309Z","outcome":"success","userId":"a9861b2d-f2ad-4406-bcd7-2ea3ed968014","teamId":"26313a5b-eec0-4b94-b1cb-3c34da169655","metadata":{"addedUserId":"2f48eac0-8cd3-41bc-bc3e-9dd8ac59b6d7","operationalRole":"TEAM_MEMBER"}}
[2025-12-02T17:11:17.314Z] [App] [INFO] {"eventId":"f7df67ca-909a-4cd0-b254-74178c166f33","eventType":"team.member.add.success","timestamp":"2025-12-02T17:11:17.314Z","outcome":"success","userId":"a9861b2d-f2ad-4406-bcd7-2ea3ed968014","teamId":"26313a5b-eec0-4b94-b1cb-3c34da169655","metadata":{"addedUserId":"6240416c-d32f-4460-9039-0321d7b1d873","operationalRole":"TEAM_MEMBER"}}
[2025-12-02T17:11:17.315Z] [App] [INFO] {"eventId":"1024fb6d-f087-40de-b5a2-4305f1117664","eventType":"team.export.requested","timestamp":"2025-12-02T17:11:17.315Z","outcome":"success","userId":"a9861b2d-f2ad-4406-bcd7-2ea3ed968014","teamId":"26313a5b-eec0-4b94-b1cb-3c34da169655","teamName":"con","metadata":{"memberCount":4,"projectCount":0,"invitationCount":0}}
[2025-12-02T17:11:17.323Z] [App] [INFO] {"eventId":"8a687091-0ccd-4dd2-8d46-302e9968948f","eventType":"team.create.success","timestamp":"2025-12-02T17:11:17.323Z","outcome":"success","userId":"a2bdab94-be81-4e4c-9721-7513abe20d5f","teamId":"72343e9d-0d95-4fcb-8b07-ec5364640506","teamName":"5Tt'f","metadata":{"slug":"5ttf","planId":"free"}}
[2025-12-02T17:11:17.333Z] [App] [INFO] {"eventId":"cee3260f-0c2b-4ecc-8cd8-0aab0cb017bc","eventType":"team.export.requested","timestamp":"2025-12-02T17:11:17.333Z","outcome":"success","userId":"a2bdab94-be81-4e4c-9721-7513abe20d5f","teamId":"72343e9d-0d95-4fcb-8b07-ec5364640506","teamName":"5Tt'f","metadata":{"memberCount":1,"projectCount":0,"invitationCount":0}}
[2025-12-02T17:11:17.337Z] [App] [INFO] {"eventId":"a9282ae6-e40b-488f-af89-668604345853","eventType":"team.create.success","timestamp":"2025-12-02T17:11:17.337Z","outcome":"success","userId":"5dcd0c44-c7b4-4885-933d-5e2e752472e6","teamId":"5cf855c6-5416-4eef-a080-649e64274728","teamName":"l|g|5WAyVgbj","metadata":{"slug":"lg5wayvgbj","planId":"free"}}
[2025-12-02T17:11:17.343Z] [App] [INFO] {"eventId":"f5c3dbcb-4620-482b-8b1a-9fbcd3fbbcaa","eventType":"team.member.add.success","timestamp":"2025-12-02T17:11:17.343Z","outcome":"success","userId":"5dcd0c44-c7b4-4885-933d-5e2e752472e6","teamId":"5cf855c6-5416-4eef-a080-649e64274728","metadata":{"addedUserId":"d0ff185f-98dd-400a-ae5f-4d1f1f6a6e86","operationalRole":"TEAM_MEMBER"}}
[2025-12-02T17:11:17.347Z] [App] [INFO] {"eventId":"5ae0478b-3022-46ee-8d2a-43c6e6a3ce73","eventType":"team.export.requested","timestamp":"2025-12-02T17:11:17.347Z","outcome":"success","userId":"5dcd0c44-c7b4-4885-933d-5e2e752472e6","teamId":"5cf855c6-5416-4eef-a080-649e64274728","teamName":"l|g|5WAyVgbj","metadata":{"memberCount":2,"projectCount":0,"invitationCount":0}}
[2025-12-02T17:11:17.351Z] [App] [INFO] {"eventId":"74929b5a-c330-464e-9f06-a05524cc9dad","eventType":"team.create.success","timestamp":"2025-12-02T17:11:17.351Z","outcome":"success","userId":"8772d21b-3d04-45f1-8d28-50f746fcf15f","teamId":"17e06ffb-7964-475c-80ad-1b2748d1c565","teamName":"xrG !$i","metadata":{"slug":"xrg-i","planId":"free"}}
[2025-12-02T17:11:17.357Z] [App] [INFO] {"eventId":"f7bbb1cb-4dca-4981-a9d5-0afb6da500af","eventType":"team.member.add.success","timestamp":"2025-12-02T17:11:17.357Z","outcome":"success","userId":"8772d21b-3d04-45f1-8d28-50f746fcf15f","teamId":"17e06ffb-7964-475c-80ad-1b2748d1c565","metadata":{"addedUserId":"87352f54-7ced-4e2d-a19b-4f5f266f087a","operationalRole":"TEAM_MEMBER"}}
[2025-12-02T17:11:17.358Z] [App] [INFO] {"eventId":"667569e2-c678-406d-a9f3-34bf67a3b50f","eventType":"team.member.add.success","timestamp":"2025-12-02T17:11:17.358Z","outcome":"success","userId":"8772d21b-3d04-45f1-8d28-50f746fcf15f","teamId":"17e06ffb-7964-475c-80ad-1b2748d1c565","metadata":{"addedUserId":"23f175f9-4d5a-44da-9a0f-a941ea4c1d8e","operationalRole":"TEAM_MEMBER"}}
[2025-12-02T17:11:17.360Z] [App] [INFO] {"eventId":"3f3fc138-e457-4b5e-a16e-dadd19079623","eventType":"team.export.requested","timestamp":"2025-12-02T17:11:17.360Z","outcome":"success","userId":"8772d21b-3d04-45f1-8d28-50f746fcf15f","teamId":"17e06ffb-7964-475c-80ad-1b2748d1c565","teamName":"xrG !$i","metadata":{"memberCount":3,"projectCount":0,"invitationCount":0}}
[2025-12-02T17:11:17.374Z] [App] [INFO] {"eventId":"4058bfed-6f49-45ed-9e56-b8b436c6e300","eventType":"team.create.success","timestamp":"2025-12-02T17:11:17.374Z","outcome":"success","userId":"924250de-82d9-4e87-83c0-b68494f9c44f","teamId":"402dd469-4ae3-4765-8c1a-0ae3d5a51566","teamName":"1!^%'D71jU\"QBQ","metadata":{"slug":"1d71juqbq","planId":"free"}}
[2025-12-02T17:11:17.381Z] [App] [INFO] {"eventId":"85cd3b68-f830-4846-911e-a4eec461a3f4","eventType":"team.export.requested","timestamp":"2025-12-02T17:11:17.381Z","outcome":"success","userId":"924250de-82d9-4e87-83c0-b68494f9c44f","teamId":"402dd469-4ae3-4765-8c1a-0ae3d5a51566","teamName":"1!^%'D71jU\"QBQ","metadata":{"memberCount":1,"projectCount":0,"invitationCount":0}}
[2025-12-02T17:11:17.394Z] [App] [INFO] {"eventId":"b8a2b227-3927-4bb0-80de-07aff1a31825","eventType":"team.create.success","timestamp":"2025-12-02T17:11:17.394Z","outcome":"success","userId":"ecd006c3-62d0-4b07-8b50-97a4dee85701","teamId":"75b81ad0-182a-4cbe-aa07-87eea9e3b4bd","teamName":"!`Xa","metadata":{"slug":"xa","planId":"free"}}
[2025-12-02T17:11:17.397Z] [App] [INFO] {"eventId":"b4e34fed-6266-4d2c-a4ad-35f030c54dac","eventType":"team.member.add.success","timestamp":"2025-12-02T17:11:17.397Z","outcome":"success","userId":"ecd006c3-62d0-4b07-8b50-97a4dee85701","teamId":"75b81ad0-182a-4cbe-aa07-87eea9e3b4bd","metadata":{"addedUserId":"6276a2ef-648f-466e-9717-54712f21571e","operationalRole":"TEAM_MEMBER"}}
[2025-12-02T17:11:17.399Z] [App] [INFO] {"eventId":"e3c82498-e30d-4c3a-b00b-eea115a325d0","eventType":"team.member.add.success","timestamp":"2025-12-02T17:11:17.399Z","outcome":"success","userId":"ecd006c3-62d0-4b07-8b50-97a4dee85701","teamId":"75b81ad0-182a-4cbe-aa07-87eea9e3b4bd","metadata":{"addedUserId":"a32a4e38-643c-42e5-a244-ab12182dee3e","operationalRole":"TEAM_MEMBER"}}
[2025-12-02T17:11:17.400Z] [App] [INFO] {"eventId":"8d1a335b-e2b3-4afd-9b6c-e165eadf9b84","eventType":"team.export.requested","timestamp":"2025-12-02T17:11:17.400Z","outcome":"success","userId":"ecd006c3-62d0-4b07-8b50-97a4dee85701","teamId":"75b81ad0-182a-4cbe-aa07-87eea9e3b4bd","teamName":"!`Xa","metadata":{"memberCount":3,"projectCount":0,"invitationCount":0}}
[2025-12-02T17:11:17.402Z] [App] [INFO] {"eventId":"52767f21-5dab-4759-af7b-3d9190ab82bd","eventType":"team.create.success","timestamp":"2025-12-02T17:11:17.402Z","outcome":"success","userId":"257b18da-02e2-40c5-b3f1-9c73900ff24b","teamId":"a2bb0a55-3958-4c37-bfc5-9d95d9d0da1b","teamName":"key","metadata":{"slug":"key","planId":"free"}}
[2025-12-02T17:11:17.403Z] [App] [INFO] {"eventId":"b5ef6b07-388c-447c-9adb-a27ba6928a1f","eventType":"team.member.add.success","timestamp":"2025-12-02T17:11:17.403Z","outcome":"success","userId":"257b18da-02e2-40c5-b3f1-9c73900ff24b","teamId":"a2bb0a55-3958-4c37-bfc5-9d95d9d0da1b","metadata":{"addedUserId":"0dd1a5be-b2d2-4231-bd09-aa20a5724f0b","operationalRole":"TEAM_MEMBER"}}
[2025-12-02T17:11:17.409Z] [App] [INFO] {"eventId":"6f55c949-a55b-4139-8b68-c2dca066760c","eventType":"team.member.add.success","timestamp":"2025-12-02T17:11:17.409Z","outcome":"success","userId":"257b18da-02e2-40c5-b3f1-9c73900ff24b","teamId":"a2bb0a55-3958-4c37-bfc5-9d95d9d0da1b","metadata":{"addedUserId":"7170bcab-5584-494e-a2f3-88013f5b1277","operationalRole":"TEAM_MEMBER"}}
[2025-12-02T17:11:17.415Z] [App] [INFO] {"eventId":"129b65cc-1092-4e47-9a0d-dc0500b66a12","eventType":"team.member.add.success","timestamp":"2025-12-02T17:11:17.415Z","outcome":"success","userId":"257b18da-02e2-40c5-b3f1-9c73900ff24b","teamId":"a2bb0a55-3958-4c37-bfc5-9d95d9d0da1b","metadata":{"addedUserId":"e411c99e-4c91-47ce-955b-7829c2c6b2a9","operationalRole":"TEAM_MEMBER"}}
[2025-12-02T17:11:17.416Z] [App] [INFO] {"eventId":"821f398b-3b55-483b-9155-eb0254b55531","eventType":"team.export.requested","timestamp":"2025-12-02T17:11:17.416Z","outcome":"success","userId":"257b18da-02e2-40c5-b3f1-9c73900ff24b","teamId":"a2bb0a55-3958-4c37-bfc5-9d95d9d0da1b","teamName":"key","metadata":{"memberCount":4,"projectCount":0,"invitationCount":0}}

stdout | src/server/teams/__tests__/export.property.test.ts > Property 22: Data export generates complete JSON > export includes all pending invitations
[2025-12-02T17:11:17.556Z] [App] [INFO] {"eventId":"0ee32254-d520-4415-b60e-425728ec626f","eventType":"team.create.success","timestamp":"2025-12-02T17:11:17.556Z","outcome":"success","userId":"f512cd12-3bcd-4140-89f3-b531c2ed65e0","teamId":"d5582110-fd9e-487c-9a84-38d31c7a36e0","teamName":"?`6ADdqh$","metadata":{"slug":"6addqh","planId":"free"}}
[2025-12-02T17:11:17.571Z] [App] [INFO] email.queued {
  jobId: 'e9324c32-cfbe-4055-8178-6768239a2e9d',
  userId: 'f512cd12-3bcd-4140-89f3-b531c2ed65e0',
  tokenId: undefined,
  type: 'team_invitation',
  to: 'invite-0-1764695477556-0.11409687502854537@example.com'
}
[2025-12-02T17:11:17.571Z] [App] [INFO] {"eventId":"701f5ce1-0700-4201-8058-4b26d8a01a1b","eventType":"team.invitation.create.success","timestamp":"2025-12-02T17:11:17.571Z","outcome":"success","userId":"f512cd12-3bcd-4140-89f3-b531c2ed65e0","teamId":"d5582110-fd9e-487c-9a84-38d31c7a36e0","metadata":{"invitationId":"96404821-3b5b-4c0d-8433-d87ffbe208d4","email":"invite-0-1764695477556-0.11409687502854537@example.com","operationalRole":"TEAM_MEMBER"}}
[2025-12-02T17:11:17.574Z] [App] [INFO] {"eventId":"29bd1d59-8c69-4330-8bb2-2df7edca8da3","eventType":"team.export.requested","timestamp":"2025-12-02T17:11:17.574Z","outcome":"success","userId":"f512cd12-3bcd-4140-89f3-b531c2ed65e0","teamId":"d5582110-fd9e-487c-9a84-38d31c7a36e0","teamName":"?`6ADdqh$","metadata":{"memberCount":1,"projectCount":0,"invitationCount":1}}
[2025-12-02T17:11:17.591Z] [App] [INFO] {"eventId":"4bfc0100-b3a2-4f63-885e-baaeaf53dd1d","eventType":"team.create.success","timestamp":"2025-12-02T17:11:17.591Z","outcome":"success","userId":"542ee823-06b3-428d-9074-df9b2544e8b6","teamId":"75cb15a1-6dbe-42eb-9c8b-27ffec8c8d6d","teamName":"OG?","metadata":{"slug":"og","planId":"free"}}
[2025-12-02T17:11:17.593Z] [App] [INFO] {"eventId":"40129c90-29cb-49b4-a189-1ae0aaf42a93","eventType":"team.export.requested","timestamp":"2025-12-02T17:11:17.593Z","outcome":"success","userId":"542ee823-06b3-428d-9074-df9b2544e8b6","teamId":"75cb15a1-6dbe-42eb-9c8b-27ffec8c8d6d","teamName":"OG?","metadata":{"memberCount":1,"projectCount":0,"invitationCount":0}}
[2025-12-02T17:11:17.597Z] [App] [INFO] {"eventId":"b3a304be-ffd5-42cc-b38d-3bd6cdd043fe","eventType":"team.create.success","timestamp":"2025-12-02T17:11:17.597Z","outcome":"success","userId":"dce3fc28-e751-4c14-9b90-f4a619bbf727","teamId":"2c73c205-9875-4111-8e06-5f607a51eae1","teamName":"aMZBiFJD","metadata":{"slug":"amzbifjd","planId":"free"}}
[2025-12-02T17:11:17.600Z] [App] [INFO] email.queued {
  jobId: '1df22035-77b1-4d32-b250-93a990acee5c',
  userId: 'dce3fc28-e751-4c14-9b90-f4a619bbf727',
  tokenId: undefined,
  type: 'team_invitation',
  to: 'invite-0-1764695477597-0.565260814221535@example.com'
}
[2025-12-02T17:11:17.600Z] [App] [INFO] {"eventId":"238490de-a4b5-4283-ad26-34cc03baefce","eventType":"team.invitation.create.success","timestamp":"2025-12-02T17:11:17.600Z","outcome":"success","userId":"dce3fc28-e751-4c14-9b90-f4a619bbf727","teamId":"2c73c205-9875-4111-8e06-5f607a51eae1","metadata":{"invitationId":"3171d570-3c01-4145-9831-2c384d0e2d2c","email":"invite-0-1764695477597-0.565260814221535@example.com","operationalRole":"TEAM_MEMBER"}}
[2025-12-02T17:11:17.601Z] [App] [INFO] {"eventId":"8dc6d9c1-ab30-47bb-9153-37600a825a0e","eventType":"team.export.requested","timestamp":"2025-12-02T17:11:17.601Z","outcome":"success","userId":"dce3fc28-e751-4c14-9b90-f4a619bbf727","teamId":"2c73c205-9875-4111-8e06-5f607a51eae1","teamName":"aMZBiFJD","metadata":{"memberCount":1,"projectCount":0,"invitationCount":1}}
[2025-12-02T17:11:17.603Z] [App] [INFO] {"eventId":"b9143de1-3df0-47ba-9e29-5920302ea40a","eventType":"team.create.success","timestamp":"2025-12-02T17:11:17.603Z","outcome":"success","userId":"69fa772e-d345-4cd0-a9e3-733d89ec3970","teamId":"ac015f8a-1cb5-4b4e-8ac3-9a9d92137414","teamName":"namep","metadata":{"slug":"namep","planId":"free"}}
[2025-12-02T17:11:17.605Z] [App] [INFO] email.queued {
  jobId: 'f94be8c8-4e75-42e5-9d01-1b664c726475',
  userId: '69fa772e-d345-4cd0-a9e3-733d89ec3970',
  tokenId: undefined,
  type: 'team_invitation',
  to: 'invite-0-1764695477603-0.3530424532331188@example.com'
}
[2025-12-02T17:11:17.605Z] [App] [INFO] {"eventId":"746c3289-5bd0-4e6f-a497-21ae45d8ef80","eventType":"team.invitation.create.success","timestamp":"2025-12-02T17:11:17.605Z","outcome":"success","userId":"69fa772e-d345-4cd0-a9e3-733d89ec3970","teamId":"ac015f8a-1cb5-4b4e-8ac3-9a9d92137414","metadata":{"invitationId":"c2ced3da-ba05-4d01-97cf-dc8378268a15","email":"invite-0-1764695477603-0.3530424532331188@example.com","operationalRole":"TEAM_MEMBER"}}
[2025-12-02T17:11:17.606Z] [App] [INFO] {"eventId":"9dcb9504-b446-45b2-9427-704fea5a2b97","eventType":"team.export.requested","timestamp":"2025-12-02T17:11:17.606Z","outcome":"success","userId":"69fa772e-d345-4cd0-a9e3-733d89ec3970","teamId":"ac015f8a-1cb5-4b4e-8ac3-9a9d92137414","teamName":"namep","metadata":{"memberCount":1,"projectCount":0,"invitationCount":1}}
[2025-12-02T17:11:17.608Z] [App] [INFO] {"eventId":"42a4ebd4-ae57-4da3-97f8-b1b09c7c01b6","eventType":"team.create.success","timestamp":"2025-12-02T17:11:17.608Z","outcome":"success","userId":"770082d4-d22f-4455-b4fa-358c4eadfcf9","teamId":"cb3a78c7-1313-419a-bab8-95f157436fa4","teamName":"hN]miorb7jH?w","metadata":{"slug":"hnmiorb7jhw","planId":"free"}}
[2025-12-02T17:11:17.615Z] [App] [INFO] {"eventId":"c9dceaeb-d2a1-4d9c-921c-552f8ff352a3","eventType":"team.export.requested","timestamp":"2025-12-02T17:11:17.615Z","outcome":"success","userId":"770082d4-d22f-4455-b4fa-358c4eadfcf9","teamId":"cb3a78c7-1313-419a-bab8-95f157436fa4","teamName":"hN]miorb7jH?w","metadata":{"memberCount":1,"projectCount":0,"invitationCount":0}}
[2025-12-02T17:11:17.617Z] [App] [INFO] {"eventId":"e0da7be4-1359-4203-bf2b-dbf98071a21e","eventType":"team.create.success","timestamp":"2025-12-02T17:11:17.617Z","outcome":"success","userId":"40c35f8f-d933-4b9d-83ec-ec4e66223ee5","teamId":"7e3f41e3-a820-4e5f-98d6-b283dcc13114","teamName":"1k X>q(d!Mkr[","metadata":{"slug":"1k-xqdmkr","planId":"free"}}
[2025-12-02T17:11:17.619Z] [App] [INFO] email.queued {
  jobId: 'affb1777-e4df-4868-b02f-9caa65a6fddd',
  userId: '40c35f8f-d933-4b9d-83ec-ec4e66223ee5',
  tokenId: undefined,
  type: 'team_invitation',
  to: 'invite-0-1764695477617-0.0754467057986179@example.com'
}
[2025-12-02T17:11:17.620Z] [App] [INFO] {"eventId":"1a809514-1fb2-40c2-a91c-b4000ce6096f","eventType":"team.invitation.create.success","timestamp":"2025-12-02T17:11:17.620Z","outcome":"success","userId":"40c35f8f-d933-4b9d-83ec-ec4e66223ee5","teamId":"7e3f41e3-a820-4e5f-98d6-b283dcc13114","metadata":{"invitationId":"ca1e681b-7d8a-4806-9c56-f3ab07f8577f","email":"invite-0-1764695477617-0.0754467057986179@example.com","operationalRole":"TEAM_MEMBER"}}
[2025-12-02T17:11:17.621Z] [App] [INFO] {"eventId":"18cde633-f153-4b31-9530-885336bd5153","eventType":"team.export.requested","timestamp":"2025-12-02T17:11:17.621Z","outcome":"success","userId":"40c35f8f-d933-4b9d-83ec-ec4e66223ee5","teamId":"7e3f41e3-a820-4e5f-98d6-b283dcc13114","teamName":"1k X>q(d!Mkr[","metadata":{"memberCount":1,"projectCount":0,"invitationCount":1}}
[2025-12-02T17:11:17.623Z] [App] [INFO] {"eventId":"a346f20e-c606-4913-8597-395bc2ee279c","eventType":"team.create.success","timestamp":"2025-12-02T17:11:17.623Z","outcome":"success","userId":"ebcf355c-26d1-44f2-9540-bffcaa869b47","teamId":"e6850d99-979e-4619-9ad0-6b774ad85f57","teamName":"K n","metadata":{"slug":"k-n","planId":"free"}}
[2025-12-02T17:11:17.625Z] [App] [INFO] email.queued {
  jobId: '844d87cb-5234-46d5-a25f-2a2b41267677',
  userId: 'ebcf355c-26d1-44f2-9540-bffcaa869b47',
  tokenId: undefined,
  type: 'team_invitation',
  to: 'invite-0-1764695477623-0.8005290541993719@example.com'
}
[2025-12-02T17:11:17.625Z] [App] [INFO] {"eventId":"a7e53bc6-c819-4e68-81dc-77a779bbd47f","eventType":"team.invitation.create.success","timestamp":"2025-12-02T17:11:17.625Z","outcome":"success","userId":"ebcf355c-26d1-44f2-9540-bffcaa869b47","teamId":"e6850d99-979e-4619-9ad0-6b774ad85f57","metadata":{"invitationId":"7bebc210-30cc-4ad1-9b0a-c64cf3afee85","email":"invite-0-1764695477623-0.8005290541993719@example.com","operationalRole":"TEAM_MEMBER"}}
[2025-12-02T17:11:17.641Z] [App] [INFO] email.queued.duplicate {
  userId: 'ebcf355c-26d1-44f2-9540-bffcaa869b47',
  tokenId: undefined,
  type: 'team_invitation',
  existingJobId: '844d87cb-5234-46d5-a25f-2a2b41267677'
}
[2025-12-02T17:11:17.641Z] [App] [INFO] {"eventId":"ccb1839c-fd48-48be-8fc0-776ef2186555","eventType":"team.invitation.create.success","timestamp":"2025-12-02T17:11:17.641Z","outcome":"success","userId":"ebcf355c-26d1-44f2-9540-bffcaa869b47","teamId":"e6850d99-979e-4619-9ad0-6b774ad85f57","metadata":{"invitationId":"aa9eb6e3-67e3-4664-8e32-bb3733747e31","email":"invite-1-1764695477625-0.31343200001242555@example.com","operationalRole":"TEAM_MEMBER"}}
[2025-12-02T17:11:17.652Z] [App] [INFO] {"eventId":"5ca452e8-1fe3-41df-ad75-cb2d27dbb8f4","eventType":"team.export.requested","timestamp":"2025-12-02T17:11:17.652Z","outcome":"success","userId":"ebcf355c-26d1-44f2-9540-bffcaa869b47","teamId":"e6850d99-979e-4619-9ad0-6b774ad85f57","teamName":"K n","metadata":{"memberCount":1,"projectCount":0,"invitationCount":2}}
[2025-12-02T17:11:17.671Z] [App] [INFO] {"eventId":"1af8167b-01ae-4ef9-9c19-7b48e0ab560c","eventType":"team.create.success","timestamp":"2025-12-02T17:11:17.671Z","outcome":"success","userId":"7e2209c8-2c73-4027-b8d7-686586a8fc82","teamId":"ff4c54a3-e1f2-4f0b-b825-b877c3bc86d4","teamName":"@1PsA\\_X4E:","metadata":{"slug":"1psax4e","planId":"free"}}
[2025-12-02T17:11:17.681Z] [App] [INFO] {"eventId":"0bf347a7-0e5c-4c63-a0ec-20fa6d327316","eventType":"team.export.requested","timestamp":"2025-12-02T17:11:17.681Z","outcome":"success","userId":"7e2209c8-2c73-4027-b8d7-686586a8fc82","teamId":"ff4c54a3-e1f2-4f0b-b825-b877c3bc86d4","teamName":"@1PsA\\_X4E:","metadata":{"memberCount":1,"projectCount":0,"invitationCount":0}}
[2025-12-02T17:11:17.683Z] [App] [INFO] {"eventId":"c6156994-b73d-444d-ba7e-394892501942","eventType":"team.create.success","timestamp":"2025-12-02T17:11:17.683Z","outcome":"success","userId":"68bfd0e9-bd7d-47cc-8517-fd43a0b3f557","teamId":"118bc7f3-8ef5-44d2-b4d6-cd51b390883e","teamName":"^,iKcP#._.T","metadata":{"slug":"ikcpt","planId":"free"}}
[2025-12-02T17:11:17.686Z] [App] [INFO] email.queued {
  jobId: '221d2672-9b19-4865-9be3-3eac8268708f',
  userId: '68bfd0e9-bd7d-47cc-8517-fd43a0b3f557',
  tokenId: undefined,
  type: 'team_invitation',
  to: 'invite-0-1764695477683-0.7087044965046169@example.com'
}
[2025-12-02T17:11:17.686Z] [App] [INFO] {"eventId":"1febf883-953b-424d-9ffa-e81c7d8819cd","eventType":"team.invitation.create.success","timestamp":"2025-12-02T17:11:17.686Z","outcome":"success","userId":"68bfd0e9-bd7d-47cc-8517-fd43a0b3f557","teamId":"118bc7f3-8ef5-44d2-b4d6-cd51b390883e","metadata":{"invitationId":"71c88d0d-5a1c-4105-ada0-f799fc2145b4","email":"invite-0-1764695477683-0.7087044965046169@example.com","operationalRole":"TEAM_MEMBER"}}
[2025-12-02T17:11:17.787Z] [App] [INFO] email.queued.duplicate {
  userId: '68bfd0e9-bd7d-47cc-8517-fd43a0b3f557',
  tokenId: undefined,
  type: 'team_invitation',
  existingJobId: '221d2672-9b19-4865-9be3-3eac8268708f'
}
[2025-12-02T17:11:17.787Z] [App] [INFO] {"eventId":"97abf1d9-376c-4f52-8ab3-578e34630834","eventType":"team.invitation.create.success","timestamp":"2025-12-02T17:11:17.787Z","outcome":"success","userId":"68bfd0e9-bd7d-47cc-8517-fd43a0b3f557","teamId":"118bc7f3-8ef5-44d2-b4d6-cd51b390883e","metadata":{"invitationId":"4c86361a-4fc9-4927-9fba-ea673f6fa5e7","email":"invite-1-1764695477686-0.8878134575711639@example.com","operationalRole":"TEAM_MEMBER"}}
[2025-12-02T17:11:17.790Z] [App] [INFO] {"eventId":"f2a2c67d-6aea-4b78-a291-ff0e4aafb70b","eventType":"team.export.requested","timestamp":"2025-12-02T17:11:17.790Z","outcome":"success","userId":"68bfd0e9-bd7d-47cc-8517-fd43a0b3f557","teamId":"118bc7f3-8ef5-44d2-b4d6-cd51b390883e","teamName":"^,iKcP#._.T","metadata":{"memberCount":1,"projectCount":0,"invitationCount":2}}
[2025-12-02T17:11:17.802Z] [App] [INFO] {"eventId":"8716ede8-eb38-4a3c-b66d-7c50f903655e","eventType":"team.create.success","timestamp":"2025-12-02T17:11:17.802Z","outcome":"success","userId":"bb160a0e-76b8-4b84-bd0e-5b48cf10a80e","teamId":"7ed5f264-e52a-4a73-a780-db0823863d13","teamName":"'k\"Fy","metadata":{"slug":"kfy","planId":"free"}}
[2025-12-02T17:11:17.825Z] [App] [INFO] {"eventId":"ae46f681-8696-4214-be71-83b866364cdc","eventType":"team.export.requested","timestamp":"2025-12-02T17:11:17.825Z","outcome":"success","userId":"bb160a0e-76b8-4b84-bd0e-5b48cf10a80e","teamId":"7ed5f264-e52a-4a73-a780-db0823863d13","teamName":"'k\"Fy","metadata":{"memberCount":1,"projectCount":0,"invitationCount":0}}
[2025-12-02T17:11:17.835Z] [App] [INFO] {"eventId":"748678bc-c33a-4e8d-9b31-7a0b1035340f","eventType":"team.create.success","timestamp":"2025-12-02T17:11:17.835Z","outcome":"success","userId":"a1afbc04-c427-47c1-856a-dfd8c417d3ca","teamId":"2626e6e8-4147-4d31-a157-004a64c3aeb5","teamName":"E@HW(Qpz`dB~","metadata":{"slug":"ehwqpzdb","planId":"free"}}
[2025-12-02T17:11:17.837Z] [App] [INFO] email.queued {
  jobId: '0d8aa5d5-d72e-4616-b438-bcb4ba8bd672',
  userId: 'a1afbc04-c427-47c1-856a-dfd8c417d3ca',
  tokenId: undefined,
  type: 'team_invitation',
  to: 'invite-0-1764695477835-0.1607974429883322@example.com'
}
[2025-12-02T17:11:17.837Z] [App] [INFO] {"eventId":"5e804a59-c082-4b5d-885c-ed1b5f447df9","eventType":"team.invitation.create.success","timestamp":"2025-12-02T17:11:17.837Z","outcome":"success","userId":"a1afbc04-c427-47c1-856a-dfd8c417d3ca","teamId":"2626e6e8-4147-4d31-a157-004a64c3aeb5","metadata":{"invitationId":"11ed3477-86d8-4b86-b4fc-0e8545fbdaf3","email":"invite-0-1764695477835-0.1607974429883322@example.com","operationalRole":"TEAM_MEMBER"}}
[2025-12-02T17:11:17.839Z] [App] [INFO] {"eventId":"d513216e-226b-4d0e-8a91-8885727cef63","eventType":"team.export.requested","timestamp":"2025-12-02T17:11:17.839Z","outcome":"success","userId":"a1afbc04-c427-47c1-856a-dfd8c417d3ca","teamId":"2626e6e8-4147-4d31-a157-004a64c3aeb5","teamName":"E@HW(Qpz`dB~","metadata":{"memberCount":1,"projectCount":0,"invitationCount":1}}
[2025-12-02T17:11:17.840Z] [App] [INFO] {"eventId":"0a8f3072-dd57-4e2f-9e24-ee03b4090d77","eventType":"team.create.success","timestamp":"2025-12-02T17:11:17.840Z","outcome":"success","userId":"c4c4717b-750e-417d-b205-f5916cdb188a","teamId":"ba3d631c-deb3-4884-9ecf-82ee3dd59440","teamName":"JT9aQCRO_l{e\\","metadata":{"slug":"jt9aqcrole","planId":"free"}}
[2025-12-02T17:11:17.854Z] [App] [INFO] email.queued {
  jobId: '6550471a-2a69-4342-9a59-a6a38ed084de',
  userId: 'c4c4717b-750e-417d-b205-f5916cdb188a',
  tokenId: undefined,
  type: 'team_invitation',
  to: 'invite-0-1764695477840-0.8060359146326529@example.com'
}
[2025-12-02T17:11:17.854Z] [App] [INFO] {"eventId":"273f4e9a-df6d-4f9b-9804-47a9bfa9cb04","eventType":"team.invitation.create.success","timestamp":"2025-12-02T17:11:17.854Z","outcome":"success","userId":"c4c4717b-750e-417d-b205-f5916cdb188a","teamId":"ba3d631c-deb3-4884-9ecf-82ee3dd59440","metadata":{"invitationId":"e8f45f0f-15f2-4a66-bc00-a2787daf829d","email":"invite-0-1764695477840-0.8060359146326529@example.com","operationalRole":"TEAM_MEMBER"}}
[2025-12-02T17:11:17.864Z] [App] [INFO] email.queued.duplicate {
  userId: 'c4c4717b-750e-417d-b205-f5916cdb188a',
  tokenId: undefined,
  type: 'team_invitation',
  existingJobId: '6550471a-2a69-4342-9a59-a6a38ed084de'
}
[2025-12-02T17:11:17.864Z] [App] [INFO] {"eventId":"aa12b720-dccc-491b-bdef-86506251b0d5","eventType":"team.invitation.create.success","timestamp":"2025-12-02T17:11:17.864Z","outcome":"success","userId":"c4c4717b-750e-417d-b205-f5916cdb188a","teamId":"ba3d631c-deb3-4884-9ecf-82ee3dd59440","metadata":{"invitationId":"5de3e97d-52db-42e4-9a2d-590c10ad08af","email":"invite-1-1764695477854-0.6797468464178583@example.com","operationalRole":"TEAM_MEMBER"}}
[2025-12-02T17:11:17.888Z] [App] [INFO] {"eventId":"cbbb01a4-42cc-4df0-954c-73face1a5e99","eventType":"team.export.requested","timestamp":"2025-12-02T17:11:17.888Z","outcome":"success","userId":"c4c4717b-750e-417d-b205-f5916cdb188a","teamId":"ba3d631c-deb3-4884-9ecf-82ee3dd59440","teamName":"JT9aQCRO_l{e\\","metadata":{"memberCount":1,"projectCount":0,"invitationCount":2}}
[2025-12-02T17:11:17.903Z] [App] [INFO] {"eventId":"663535be-2fbe-4d6a-a7ae-63bb809f2396","eventType":"team.create.success","timestamp":"2025-12-02T17:11:17.903Z","outcome":"success","userId":"3b185796-0c5b-451f-83b7-a50b1c54eadf","teamId":"9dd7498c-bb01-4a23-981c-35daa718cd54","teamName":"xy&&%\\q>z!$$","metadata":{"slug":"xyqz","planId":"free"}}
[2025-12-02T17:11:17.917Z] [App] [INFO] email.queued {
  jobId: '3433b6db-083a-4d75-ad98-76d2895b424e',
  userId: '3b185796-0c5b-451f-83b7-a50b1c54eadf',
  tokenId: undefined,
  type: 'team_invitation',
  to: 'invite-0-1764695477903-0.4280213928498936@example.com'
}
[2025-12-02T17:11:17.917Z] [App] [INFO] {"eventId":"9f32e1e9-08ee-4330-88a9-d4ffe8c6eb2c","eventType":"team.invitation.create.success","timestamp":"2025-12-02T17:11:17.917Z","outcome":"success","userId":"3b185796-0c5b-451f-83b7-a50b1c54eadf","teamId":"9dd7498c-bb01-4a23-981c-35daa718cd54","metadata":{"invitationId":"43d3c990-c39d-43fc-ab8b-46141bc593de","email":"invite-0-1764695477903-0.4280213928498936@example.com","operationalRole":"TEAM_MEMBER"}}
[2025-12-02T17:11:17.920Z] [App] [INFO] {"eventId":"5ffab9eb-7eb6-4bfd-b061-78aac175caab","eventType":"team.export.requested","timestamp":"2025-12-02T17:11:17.920Z","outcome":"success","userId":"3b185796-0c5b-451f-83b7-a50b1c54eadf","teamId":"9dd7498c-bb01-4a23-981c-35daa718cd54","teamName":"xy&&%\\q>z!$$","metadata":{"memberCount":1,"projectCount":0,"invitationCount":1}}
[2025-12-02T17:11:17.922Z] [App] [INFO] {"eventId":"b35ef03a-a64a-4869-b600-f27b6ae885f5","eventType":"team.create.success","timestamp":"2025-12-02T17:11:17.922Z","outcome":"success","userId":"40d541ed-1467-4665-a975-00225460b3e2","teamId":"81b904e5-7bb4-4ab0-ac75-441388ec6553","teamName":"ref","metadata":{"slug":"ref","planId":"free"}}
[2025-12-02T17:11:17.923Z] [App] [INFO] {"eventId":"b3ae0afb-a59f-4a0f-9db0-e34a049382a4","eventType":"team.export.requested","timestamp":"2025-12-02T17:11:17.923Z","outcome":"success","userId":"40d541ed-1467-4665-a975-00225460b3e2","teamId":"81b904e5-7bb4-4ab0-ac75-441388ec6553","teamName":"ref","metadata":{"memberCount":1,"projectCount":0,"invitationCount":0}}
[2025-12-02T17:11:17.924Z] [App] [INFO] {"eventId":"8e7c40fd-a283-4e70-9330-404f03367991","eventType":"team.create.success","timestamp":"2025-12-02T17:11:17.924Z","outcome":"success","userId":"e6657e29-8267-4dde-926f-f4878b2454b7","teamId":"92c14c6b-3566-4156-a409-b4f0008911a8","teamName":"68*MO)#","metadata":{"slug":"68mo","planId":"free"}}
[2025-12-02T17:11:17.925Z] [App] [INFO] {"eventId":"5a677656-3208-4177-a830-501e94897a76","eventType":"team.export.requested","timestamp":"2025-12-02T17:11:17.925Z","outcome":"success","userId":"e6657e29-8267-4dde-926f-f4878b2454b7","teamId":"92c14c6b-3566-4156-a409-b4f0008911a8","teamName":"68*MO)#","metadata":{"memberCount":1,"projectCount":0,"invitationCount":0}}
[2025-12-02T17:11:17.927Z] [App] [INFO] {"eventId":"6d78b3cc-39cb-4794-8524-0d34111199de","eventType":"team.create.success","timestamp":"2025-12-02T17:11:17.927Z","outcome":"success","userId":"0807c145-1346-409f-8480-6da3d959c52d","teamId":"753e9249-21ae-4859-8fc7-8dbd8b075253","teamName":"constructor","metadata":{"slug":"constructor","planId":"free"}}
[2025-12-02T17:11:17.935Z] [App] [INFO] {"eventId":"9972a7ce-b5e3-444e-bbcf-f23c412eb7eb","eventType":"team.export.requested","timestamp":"2025-12-02T17:11:17.935Z","outcome":"success","userId":"0807c145-1346-409f-8480-6da3d959c52d","teamId":"753e9249-21ae-4859-8fc7-8dbd8b075253","teamName":"constructor","metadata":{"memberCount":1,"projectCount":0,"invitationCount":0}}
[2025-12-02T17:11:17.939Z] [App] [INFO] {"eventId":"36fabcc6-8b66-4ed4-a12e-318d8454674d","eventType":"team.create.success","timestamp":"2025-12-02T17:11:17.939Z","outcome":"success","userId":"d17606f1-6627-4b25-9dd2-e477f9c6146f","teamId":"daac64d6-22b7-4d82-9023-01bf28200051","teamName":"k2m<a<oXUYQ83","metadata":{"slug":"k2maoxuyq83","planId":"free"}}
[2025-12-02T17:11:17.962Z] [App] [INFO] {"eventId":"cfee9343-e834-4049-b1b4-3b72ea8a56b5","eventType":"team.export.requested","timestamp":"2025-12-02T17:11:17.962Z","outcome":"success","userId":"d17606f1-6627-4b25-9dd2-e477f9c6146f","teamId":"daac64d6-22b7-4d82-9023-01bf28200051","teamName":"k2m<a<oXUYQ83","metadata":{"memberCount":1,"projectCount":0,"invitationCount":0}}
[2025-12-02T17:11:17.999Z] [App] [INFO] {"eventId":"74a7c166-9945-4a07-be58-183f4cbb70f4","eventType":"team.create.success","timestamp":"2025-12-02T17:11:17.999Z","outcome":"success","userId":"ae68f488-326a-4d4c-a8d4-9a18d4bb946a","teamId":"ff560c06-b0e9-4360-9645-38fc58c965a2","teamName":"x\\-%M~a/]\"}%P%","metadata":{"slug":"x-map","planId":"free"}}
[2025-12-02T17:11:18.015Z] [App] [INFO] email.queued {
  jobId: '84c90b5c-2bdb-487a-b37c-20f0df3e3313',
  userId: 'ae68f488-326a-4d4c-a8d4-9a18d4bb946a',
  tokenId: undefined,
  type: 'team_invitation',
  to: 'invite-0-1764695477999-0.6206465878988326@example.com'
}
[2025-12-02T17:11:18.015Z] [App] [INFO] {"eventId":"85665da6-a48b-4aa8-b185-7980b518b2db","eventType":"team.invitation.create.success","timestamp":"2025-12-02T17:11:18.015Z","outcome":"success","userId":"ae68f488-326a-4d4c-a8d4-9a18d4bb946a","teamId":"ff560c06-b0e9-4360-9645-38fc58c965a2","metadata":{"invitationId":"7b1ad051-30c0-4186-a37e-09292076bedd","email":"invite-0-1764695477999-0.6206465878988326@example.com","operationalRole":"TEAM_MEMBER"}}
[2025-12-02T17:11:18.025Z] [App] [INFO] {"eventId":"944c7fc5-ff25-4014-ab53-f3970c979c25","eventType":"team.export.requested","timestamp":"2025-12-02T17:11:18.025Z","outcome":"success","userId":"ae68f488-326a-4d4c-a8d4-9a18d4bb946a","teamId":"ff560c06-b0e9-4360-9645-38fc58c965a2","teamName":"x\\-%M~a/]\"}%P%","metadata":{"memberCount":1,"projectCount":0,"invitationCount":1}}
[2025-12-02T17:11:18.032Z] [App] [INFO] {"eventId":"c712bce1-5628-492d-9dd3-a3212f56d8ea","eventType":"team.create.success","timestamp":"2025-12-02T17:11:18.032Z","outcome":"success","userId":"abf3652e-bb08-4b71-b1e1-78233a8c16aa","teamId":"d40e4fdf-32f8-4e04-b8c0-7e713cf1dd73","teamName":"!\\UZ","metadata":{"slug":"uz","planId":"free"}}
[2025-12-02T17:11:18.048Z] [App] [INFO] email.queued {
  jobId: '8fc09ec9-15e5-46d6-9ea0-f5154709cae5',
  userId: 'abf3652e-bb08-4b71-b1e1-78233a8c16aa',
  tokenId: undefined,
  type: 'team_invitation',
  to: 'invite-0-1764695478032-0.7375804524088302@example.com'
}
[2025-12-02T17:11:18.048Z] [App] [INFO] {"eventId":"64928dbb-fecc-482d-b934-cee0db022942","eventType":"team.invitation.create.success","timestamp":"2025-12-02T17:11:18.048Z","outcome":"success","userId":"abf3652e-bb08-4b71-b1e1-78233a8c16aa","teamId":"d40e4fdf-32f8-4e04-b8c0-7e713cf1dd73","metadata":{"invitationId":"b9d9d36c-fd72-40bb-84f0-d4992823e6fb","email":"invite-0-1764695478032-0.7375804524088302@example.com","operationalRole":"TEAM_MEMBER"}}
[2025-12-02T17:11:18.058Z] [App] [INFO] email.queued.duplicate {
  userId: 'abf3652e-bb08-4b71-b1e1-78233a8c16aa',
  tokenId: undefined,
  type: 'team_invitation',
  existingJobId: '8fc09ec9-15e5-46d6-9ea0-f5154709cae5'
}
[2025-12-02T17:11:18.058Z] [App] [INFO] {"eventId":"3a3d34a9-1fec-4f4d-a9b7-d103e1e5d406","eventType":"team.invitation.create.success","timestamp":"2025-12-02T17:11:18.058Z","outcome":"success","userId":"abf3652e-bb08-4b71-b1e1-78233a8c16aa","teamId":"d40e4fdf-32f8-4e04-b8c0-7e713cf1dd73","metadata":{"invitationId":"258520f5-2011-4101-9a06-407a9b0c06f3","email":"invite-1-1764695478048-0.8664566332361094@example.com","operationalRole":"TEAM_MEMBER"}}
[2025-12-02T17:11:18.067Z] [App] [INFO] {"eventId":"751f6127-8123-4dbd-8b6e-8522f77c8e45","eventType":"team.export.requested","timestamp":"2025-12-02T17:11:18.067Z","outcome":"success","userId":"abf3652e-bb08-4b71-b1e1-78233a8c16aa","teamId":"d40e4fdf-32f8-4e04-b8c0-7e713cf1dd73","teamName":"!\\UZ","metadata":{"memberCount":1,"projectCount":0,"invitationCount":2}}
[2025-12-02T17:11:18.084Z] [App] [INFO] {"eventId":"b95964b8-5efa-4c2e-bcca-af22c299b2f8","eventType":"team.create.success","timestamp":"2025-12-02T17:11:18.084Z","outcome":"success","userId":"d206cbf4-e98b-414a-b06e-ea5b226f14bd","teamId":"79ff24d9-9d0a-4b43-a2e6-38178e332442","teamName":";\":jP  !++","metadata":{"slug":"jp","planId":"free"}}
[2025-12-02T17:11:18.088Z] [App] [INFO] {"eventId":"0d24e38c-f359-464d-8bec-5db0cf0d78f9","eventType":"team.export.requested","timestamp":"2025-12-02T17:11:18.088Z","outcome":"success","userId":"d206cbf4-e98b-414a-b06e-ea5b226f14bd","teamId":"79ff24d9-9d0a-4b43-a2e6-38178e332442","teamName":";\":jP  !++","metadata":{"memberCount":1,"projectCount":0,"invitationCount":0}}

stdout | src/server/teams/__tests__/export.property.test.ts > Property 22: Data export generates complete JSON > export includes all projects
[2025-12-02T17:11:18.325Z] [App] [INFO] {"eventId":"2b96f21b-bd92-4f5d-8591-6e015c8eba72","eventType":"team.create.success","timestamp":"2025-12-02T17:11:18.325Z","outcome":"success","userId":"9126a2ba-3034-4fdb-9e15-621036bc799a","teamId":"8f1c652a-0b4a-4849-a77e-cb63a23d1b0f","teamName":"J!v","metadata":{"slug":"jv","planId":"free"}}
[2025-12-02T17:11:18.340Z] [App] [INFO] {"eventId":"a745ec61-53a1-4a99-bd29-21b120ae5170","eventType":"team.export.requested","timestamp":"2025-12-02T17:11:18.340Z","outcome":"success","userId":"9126a2ba-3034-4fdb-9e15-621036bc799a","teamId":"8f1c652a-0b4a-4849-a77e-cb63a23d1b0f","teamName":"J!v","metadata":{"memberCount":1,"projectCount":0,"invitationCount":0}}
[2025-12-02T17:11:18.348Z] [App] [INFO] {"eventId":"63add38e-579f-4c5d-a17e-45ca80078938","eventType":"team.create.success","timestamp":"2025-12-02T17:11:18.348Z","outcome":"success","userId":"62901e22-a194-46be-a9ab-f8fe9ce1ce60","teamId":"3a43f853-979b-4cfe-835b-7fecfaf61f84","teamName":"VXvtv)%'","metadata":{"slug":"vxvtv","planId":"free"}}
[2025-12-02T17:11:18.358Z] [App] [INFO] {"eventId":"fddd5386-bf09-45ce-a531-79eafd79b408","eventType":"team.export.requested","timestamp":"2025-12-02T17:11:18.357Z","outcome":"success","userId":"62901e22-a194-46be-a9ab-f8fe9ce1ce60","teamId":"3a43f853-979b-4cfe-835b-7fecfaf61f84","teamName":"VXvtv)%'","metadata":{"memberCount":1,"projectCount":1,"invitationCount":0}}
[2025-12-02T17:11:18.364Z] [App] [INFO] {"eventId":"3b3e35f3-c4db-49e9-96a9-0d00bd324e06","eventType":"team.create.success","timestamp":"2025-12-02T17:11:18.364Z","outcome":"success","userId":"d1b0cfa2-b574-48ba-bd8b-4f3f48f65542","teamId":"fe262ca3-9e21-4e7f-8f7b-e0a49b744028","teamName":"xg}%sOpc","metadata":{"slug":"xgsopc","planId":"free"}}
[2025-12-02T17:11:18.366Z] [App] [INFO] {"eventId":"ee0159f1-40cb-4c12-8030-f067ec16012b","eventType":"team.export.requested","timestamp":"2025-12-02T17:11:18.366Z","outcome":"success","userId":"d1b0cfa2-b574-48ba-bd8b-4f3f48f65542","teamId":"fe262ca3-9e21-4e7f-8f7b-e0a49b744028","teamName":"xg}%sOpc","metadata":{"memberCount":1,"projectCount":0,"invitationCount":0}}
[2025-12-02T17:11:18.368Z] [App] [INFO] {"eventId":"3729d982-24a3-4a28-9b1c-30e4e203510b","eventType":"team.create.success","timestamp":"2025-12-02T17:11:18.368Z","outcome":"success","userId":"397bbfb8-7ff0-49f5-b5dd-1f557875aaf9","teamId":"b5a5d4af-49a8-4cd8-beca-8c8f38bf4f51","teamName":"En","metadata":{"slug":"en","planId":"free"}}
[2025-12-02T17:11:18.370Z] [App] [INFO] {"eventId":"c872a334-a808-4729-b0ac-ceeeeb7a02df","eventType":"team.export.requested","timestamp":"2025-12-02T17:11:18.370Z","outcome":"success","userId":"397bbfb8-7ff0-49f5-b5dd-1f557875aaf9","teamId":"b5a5d4af-49a8-4cd8-beca-8c8f38bf4f51","teamName":"En","metadata":{"memberCount":1,"projectCount":1,"invitationCount":0}}
[2025-12-02T17:11:18.372Z] [App] [INFO] {"eventId":"f94066b2-04e3-4f96-bd4f-697d442dab91","eventType":"team.create.success","timestamp":"2025-12-02T17:11:18.372Z","outcome":"success","userId":"9ed3a239-83f7-4191-a55a-dab571d0620a","teamId":"29a7bcca-1e32-44ce-a81d-8a59c6811694","teamName":"wxE!","metadata":{"slug":"wxe","planId":"free"}}
[2025-12-02T17:11:18.376Z] [App] [INFO] {"eventId":"4a78c58d-d87b-4012-9a86-b13c092251be","eventType":"team.export.requested","timestamp":"2025-12-02T17:11:18.376Z","outcome":"success","userId":"9ed3a239-83f7-4191-a55a-dab571d0620a","teamId":"29a7bcca-1e32-44ce-a81d-8a59c6811694","teamName":"wxE!","metadata":{"memberCount":1,"projectCount":1,"invitationCount":0}}
[2025-12-02T17:11:18.384Z] [App] [INFO] {"eventId":"fca2bd4f-c573-401b-be45-95365336d9ba","eventType":"team.create.success","timestamp":"2025-12-02T17:11:18.384Z","outcome":"success","userId":"1e6e7ac8-98a9-4062-9af1-ee4dc7e93cf1","teamId":"f18da295-7e9b-4d3a-9679-74c7d6463fe0","teamName":"$(\\X`T$","metadata":{"slug":"xt","planId":"free"}}
[2025-12-02T17:11:18.393Z] [App] [INFO] {"eventId":"6e167aea-f949-48fa-b241-dfde7ffd3fc5","eventType":"team.export.requested","timestamp":"2025-12-02T17:11:18.393Z","outcome":"success","userId":"1e6e7ac8-98a9-4062-9af1-ee4dc7e93cf1","teamId":"f18da295-7e9b-4d3a-9679-74c7d6463fe0","teamName":"$(\\X`T$","metadata":{"memberCount":1,"projectCount":0,"invitationCount":0}}
[2025-12-02T17:11:18.398Z] [App] [INFO] {"eventId":"e93d8e2a-0302-4892-a0e5-b1701be30a69","eventType":"team.create.success","timestamp":"2025-12-02T17:11:18.398Z","outcome":"success","userId":"652475d1-955d-46ed-b9a7-9db142005b89","teamId":"2b2fbfcd-ad3d-471e-b3c2-f723b831f652","teamName":"Xva","metadata":{"slug":"xva","planId":"free"}}
[2025-12-02T17:11:18.402Z] [App] [INFO] {"eventId":"36cd3724-452e-43ab-9618-4c06ffb402af","eventType":"team.export.requested","timestamp":"2025-12-02T17:11:18.402Z","outcome":"success","userId":"652475d1-955d-46ed-b9a7-9db142005b89","teamId":"2b2fbfcd-ad3d-471e-b3c2-f723b831f652","teamName":"Xva","metadata":{"memberCount":1,"projectCount":0,"invitationCount":0}}
[2025-12-02T17:11:18.494Z] [App] [INFO] {"eventId":"c0ee3682-fcad-46ba-ab78-90dcbd2a5c7f","eventType":"team.create.success","timestamp":"2025-12-02T17:11:18.494Z","outcome":"success","userId":"66476ddb-a724-4557-bde2-3d0a91557c08","teamId":"8ce6576c-5d63-46a2-aee5-42cda5e6f80f","teamName":"~h$\"!]d","metadata":{"slug":"hd","planId":"free"}}
[2025-12-02T17:11:18.560Z] [App] [INFO] {"eventId":"f61ccc17-7efc-4e86-82aa-472173d58bbd","eventType":"team.export.requested","timestamp":"2025-12-02T17:11:18.560Z","outcome":"success","userId":"66476ddb-a724-4557-bde2-3d0a91557c08","teamId":"8ce6576c-5d63-46a2-aee5-42cda5e6f80f","teamName":"~h$\"!]d","metadata":{"memberCount":1,"projectCount":1,"invitationCount":0}}
[2025-12-02T17:11:18.569Z] [App] [INFO] {"eventId":"c4106077-3d0e-4fd7-90e6-6dc3439dcdd9","eventType":"team.create.success","timestamp":"2025-12-02T17:11:18.569Z","outcome":"success","userId":"3ac75d82-f973-4f89-947b-760ce2242b60","teamId":"83a2629a-1c92-4e04-8e4f-66864c79aef2","teamName":"has","metadata":{"slug":"has","planId":"free"}}
[2025-12-02T17:11:18.574Z] [App] [INFO] {"eventId":"fa59477b-d6b0-4d46-8bae-6da49cab2038","eventType":"team.export.requested","timestamp":"2025-12-02T17:11:18.574Z","outcome":"success","userId":"3ac75d82-f973-4f89-947b-760ce2242b60","teamId":"83a2629a-1c92-4e04-8e4f-66864c79aef2","teamName":"has","metadata":{"memberCount":1,"projectCount":2,"invitationCount":0}}
[2025-12-02T17:11:18.577Z] [App] [INFO] {"eventId":"37f9ccd9-0041-4792-a1ba-384549ce5893","eventType":"team.create.success","timestamp":"2025-12-02T17:11:18.577Z","outcome":"success","userId":"e386a434-6b94-447c-9252-6d7db24e7abb","teamId":"f62f466d-97a4-4958-82ca-f09f41943ad2","teamName":"apply","metadata":{"slug":"apply","planId":"free"}}
[2025-12-02T17:11:18.580Z] [App] [INFO] {"eventId":"502d3398-425c-4032-88ac-624fe6f18d9f","eventType":"team.export.requested","timestamp":"2025-12-02T17:11:18.580Z","outcome":"success","userId":"e386a434-6b94-447c-9252-6d7db24e7abb","teamId":"f62f466d-97a4-4958-82ca-f09f41943ad2","teamName":"apply","metadata":{"memberCount":1,"projectCount":1,"invitationCount":0}}
[2025-12-02T17:11:18.585Z] [App] [INFO] {"eventId":"0fb5ad82-0682-4dc9-8a0a-764e57d51681","eventType":"team.create.success","timestamp":"2025-12-02T17:11:18.585Z","outcome":"success","userId":"721fcb13-18d4-4a8d-92e3-a5d37e343209","teamId":"3a935286-7bdc-4301-ad32-bc6da3af90dd","teamName":"IE;8B","metadata":{"slug":"ie8b","planId":"free"}}
[2025-12-02T17:11:18.589Z] [App] [INFO] {"eventId":"efef9c32-2874-4ef2-afb5-f2d4caa0f134","eventType":"team.export.requested","timestamp":"2025-12-02T17:11:18.589Z","outcome":"success","userId":"721fcb13-18d4-4a8d-92e3-a5d37e343209","teamId":"3a935286-7bdc-4301-ad32-bc6da3af90dd","teamName":"IE;8B","metadata":{"memberCount":1,"projectCount":1,"invitationCount":0}}
[2025-12-02T17:11:18.593Z] [App] [INFO] {"eventId":"23e5a83f-bd7e-4a6c-92b9-47a36455c3dc","eventType":"team.create.success","timestamp":"2025-12-02T17:11:18.592Z","outcome":"success","userId":"3810dc80-d400-441a-8082-e290f648b72c","teamId":"d1d5215c-817f-48b1-8cbd-7295e4e65108","teamName":"le","metadata":{"slug":"le","planId":"free"}}
[2025-12-02T17:11:18.594Z] [App] [INFO] {"eventId":"c2cba742-fc39-4fc8-9aec-7101fa4fe000","eventType":"team.export.requested","timestamp":"2025-12-02T17:11:18.594Z","outcome":"success","userId":"3810dc80-d400-441a-8082-e290f648b72c","teamId":"d1d5215c-817f-48b1-8cbd-7295e4e65108","teamName":"le","metadata":{"memberCount":1,"projectCount":0,"invitationCount":0}}
[2025-12-02T17:11:18.598Z] [App] [INFO] {"eventId":"649d8de7-2b83-42a7-9f0f-659957e02aa1","eventType":"team.create.success","timestamp":"2025-12-02T17:11:18.598Z","outcome":"success","userId":"f902d4f4-0594-4f99-aa86-9a545e7d472d","teamId":"abfca91c-2fea-410c-81f2-4cc35d873c0a","teamName":"8NX7","metadata":{"slug":"8nx7","planId":"free"}}
[2025-12-02T17:11:18.688Z] [App] [INFO] {"eventId":"9aa467c8-2b1e-48dd-8c68-a7f64621aec4","eventType":"team.export.requested","timestamp":"2025-12-02T17:11:18.688Z","outcome":"success","userId":"f902d4f4-0594-4f99-aa86-9a545e7d472d","teamId":"abfca91c-2fea-410c-81f2-4cc35d873c0a","teamName":"8NX7","metadata":{"memberCount":1,"projectCount":1,"invitationCount":0}}
[2025-12-02T17:11:18.703Z] [App] [INFO] {"eventId":"4c73fa47-07c3-4914-bb50-30d78a1943a0","eventType":"team.create.success","timestamp":"2025-12-02T17:11:18.703Z","outcome":"success","userId":"ef96e62c-79ed-4286-b32f-ce1fb9018882","teamId":"73f11a77-db19-4a32-803f-b9041c0b8497","teamName":"MZS*I[6[d4d","metadata":{"slug":"mzsi6d4d","planId":"free"}}
[2025-12-02T17:11:18.718Z] [App] [INFO] {"eventId":"562dd90c-b938-496d-9184-d6c65caf623d","eventType":"team.export.requested","timestamp":"2025-12-02T17:11:18.718Z","outcome":"success","userId":"ef96e62c-79ed-4286-b32f-ce1fb9018882","teamId":"73f11a77-db19-4a32-803f-b9041c0b8497","teamName":"MZS*I[6[d4d","metadata":{"memberCount":1,"projectCount":1,"invitationCount":0}}
[2025-12-02T17:11:18.773Z] [App] [INFO] {"eventId":"8971a6cf-a964-4e59-8713-0b7f0b29fe18","eventType":"team.create.success","timestamp":"2025-12-02T17:11:18.773Z","outcome":"success","userId":"b5056d67-08af-4192-a706-96b97c886419","teamId":"be17c77a-1bb5-4fdd-acda-cc97fd76cea3","teamName":"{.-l\"yUTlr","metadata":{"slug":"lyutlr","planId":"free"}}
[2025-12-02T17:11:18.777Z] [App] [INFO] {"eventId":"32848b5d-2137-420f-a4ec-2e7703e79814","eventType":"team.export.requested","timestamp":"2025-12-02T17:11:18.777Z","outcome":"success","userId":"b5056d67-08af-4192-a706-96b97c886419","teamId":"be17c77a-1bb5-4fdd-acda-cc97fd76cea3","teamName":"{.-l\"yUTlr","metadata":{"memberCount":1,"projectCount":2,"invitationCount":0}}
[2025-12-02T17:11:18.852Z] [App] [INFO] {"eventId":"26a0736d-6d66-4e7c-9f39-eb50b35f693a","eventType":"team.create.success","timestamp":"2025-12-02T17:11:18.852Z","outcome":"success","userId":"cd3a10a9-af61-4cd0-ad47-abb76816c703","teamId":"ae5b9ff4-4cb4-45c7-b33d-a2ec034753f9","teamName":"G?:7fwGK","metadata":{"slug":"g7fwgk","planId":"free"}}
[2025-12-02T17:11:18.881Z] [App] [INFO] {"eventId":"a788c1cf-ef4a-485b-bc67-d00f59f93ee8","eventType":"team.export.requested","timestamp":"2025-12-02T17:11:18.881Z","outcome":"success","userId":"cd3a10a9-af61-4cd0-ad47-abb76816c703","teamId":"ae5b9ff4-4cb4-45c7-b33d-a2ec034753f9","teamName":"G?:7fwGK","metadata":{"memberCount":1,"projectCount":0,"invitationCount":0}}
[2025-12-02T17:11:18.885Z] [App] [INFO] {"eventId":"80daf978-1638-4a9d-bf19-d92226f10059","eventType":"team.create.success","timestamp":"2025-12-02T17:11:18.885Z","outcome":"success","userId":"fdd25847-3cbb-45f3-8adf-e9e9d8689714","teamId":"71cd902d-cc42-444d-a378-ee9c2011d3e6","teamName":"Y#r`6aYlm","metadata":{"slug":"yr6aylm","planId":"free"}}
[2025-12-02T17:11:18.891Z] [App] [INFO] {"eventId":"e0eef8e9-fb57-4c7f-a0cf-e20d18ea7d31","eventType":"team.export.requested","timestamp":"2025-12-02T17:11:18.891Z","outcome":"success","userId":"fdd25847-3cbb-45f3-8adf-e9e9d8689714","teamId":"71cd902d-cc42-444d-a378-ee9c2011d3e6","teamName":"Y#r`6aYlm","metadata":{"memberCount":1,"projectCount":1,"invitationCount":0}}
[2025-12-02T17:11:18.905Z] [App] [INFO] {"eventId":"b9597a72-d574-49a0-8d60-284eb63700f7","eventType":"team.create.success","timestamp":"2025-12-02T17:11:18.905Z","outcome":"success","userId":"036d5036-9108-4094-8f02-3d41d389f9c2","teamId":"55abc4eb-fde1-46b2-886a-8b4d25398052","teamName":"sw.CL","metadata":{"slug":"swcl","planId":"free"}}
[2025-12-02T17:11:18.943Z] [App] [INFO] {"eventId":"6589c16e-4ae2-4442-bdfc-8a703137f161","eventType":"team.export.requested","timestamp":"2025-12-02T17:11:18.943Z","outcome":"success","userId":"036d5036-9108-4094-8f02-3d41d389f9c2","teamId":"55abc4eb-fde1-46b2-886a-8b4d25398052","teamName":"sw.CL","metadata":{"memberCount":1,"projectCount":1,"invitationCount":0}}
[2025-12-02T17:11:18.951Z] [App] [INFO] {"eventId":"50b78854-1216-4461-b497-74579cde5596","eventType":"team.create.success","timestamp":"2025-12-02T17:11:18.951Z","outcome":"success","userId":"409a2e24-5ff8-49d1-b326-53c2b19248da","teamId":"803f491d-e0ee-43dd-a77d-68a585fb5101","teamName":"5s/tVWM_zy","metadata":{"slug":"5stvwmzy","planId":"free"}}
[2025-12-02T17:11:18.963Z] [App] [INFO] {"eventId":"6aaf888e-87ac-4db3-9526-ed94674a3d33","eventType":"team.export.requested","timestamp":"2025-12-02T17:11:18.963Z","outcome":"success","userId":"409a2e24-5ff8-49d1-b326-53c2b19248da","teamId":"803f491d-e0ee-43dd-a77d-68a585fb5101","teamName":"5s/tVWM_zy","metadata":{"memberCount":1,"projectCount":2,"invitationCount":0}}
[2025-12-02T17:11:18.974Z] [App] [INFO] {"eventId":"d4311c21-3abc-4405-ae0c-3dff85d310cc","eventType":"team.create.success","timestamp":"2025-12-02T17:11:18.974Z","outcome":"success","userId":"a58a2650-641b-43b2-b976-32909c522302","teamId":"1d119abe-796d-4828-bdb0-99961513492e","teamName":"L5B9eGt","metadata":{"slug":"l5b9egt","planId":"free"}}
[2025-12-02T17:11:18.991Z] [App] [INFO] {"eventId":"60f667fe-411a-45d8-90f1-0a0ffa8451da","eventType":"team.export.requested","timestamp":"2025-12-02T17:11:18.991Z","outcome":"success","userId":"a58a2650-641b-43b2-b976-32909c522302","teamId":"1d119abe-796d-4828-bdb0-99961513492e","teamName":"L5B9eGt","metadata":{"memberCount":1,"projectCount":2,"invitationCount":0}}

stdout | src/server/teams/__tests__/export.property.test.ts > Property 22: Data export generates complete JSON > export includes metadata with timestamp and version
[2025-12-02T17:11:19.140Z] [App] [INFO] {"eventId":"31dfed2d-66dd-443f-83c0-3682a3c32b42","eventType":"team.create.success","timestamp":"2025-12-02T17:11:19.140Z","outcome":"success","userId":"d7d6bf24-abdf-4edc-9482-3e74e31cb974","teamId":"03e55c71-f823-427d-9885-a09c8f90ca88","teamName":"sI'n{@Ww","metadata":{"slug":"sinww","planId":"free"}}
[2025-12-02T17:11:19.142Z] [App] [INFO] {"eventId":"90874b97-02d5-4d1b-80c2-a97fba85f812","eventType":"team.export.requested","timestamp":"2025-12-02T17:11:19.142Z","outcome":"success","userId":"d7d6bf24-abdf-4edc-9482-3e74e31cb974","teamId":"03e55c71-f823-427d-9885-a09c8f90ca88","teamName":"sI'n{@Ww","metadata":{"memberCount":1,"projectCount":0,"invitationCount":0}}
[2025-12-02T17:11:19.145Z] [App] [INFO] {"eventId":"076c4ca5-75cf-4174-8bfd-4453df0c1007","eventType":"team.create.success","timestamp":"2025-12-02T17:11:19.145Z","outcome":"success","userId":"a03b8df4-db07-4952-97b2-a6cdc3ffcc2c","teamId":"3d57d5fe-0818-4bff-82f7-9dd58ff80a5a","teamName":"Tg(ID/Tk","metadata":{"slug":"tgidtk","planId":"free"}}
[2025-12-02T17:11:19.148Z] [App] [INFO] {"eventId":"ea8a1ede-5f52-48c5-9c7b-66d8dad1d34a","eventType":"team.export.requested","timestamp":"2025-12-02T17:11:19.148Z","outcome":"success","userId":"a03b8df4-db07-4952-97b2-a6cdc3ffcc2c","teamId":"3d57d5fe-0818-4bff-82f7-9dd58ff80a5a","teamName":"Tg(ID/Tk","metadata":{"memberCount":1,"projectCount":0,"invitationCount":0}}
[2025-12-02T17:11:19.154Z] [App] [INFO] {"eventId":"a6fad25b-ec24-45a3-8790-b05d9316d43b","eventType":"team.create.success","timestamp":"2025-12-02T17:11:19.154Z","outcome":"success","userId":"3e6f20cd-1c45-4abf-8bcf-4379d835a38e","teamId":"a77e5ee2-93cb-437f-ba68-b8d8d4b7566a","teamName":"i v%`x","metadata":{"slug":"i-vx","planId":"free"}}
[2025-12-02T17:11:19.157Z] [App] [INFO] {"eventId":"50552fab-7e21-49ca-8ab9-024394563182","eventType":"team.export.requested","timestamp":"2025-12-02T17:11:19.157Z","outcome":"success","userId":"3e6f20cd-1c45-4abf-8bcf-4379d835a38e","teamId":"a77e5ee2-93cb-437f-ba68-b8d8d4b7566a","teamName":"i v%`x","metadata":{"memberCount":1,"projectCount":0,"invitationCount":0}}
[2025-12-02T17:11:19.177Z] [App] [INFO] {"eventId":"f074c7ca-cee2-4b0f-a8e9-1fb0d62d1b87","eventType":"team.create.success","timestamp":"2025-12-02T17:11:19.177Z","outcome":"success","userId":"a152bd05-6ac5-414f-8670-9defe8688a14","teamId":"6e25b1d3-1dce-402e-8445-619ce31a03c9","teamName":"AHb|=NVjcR?HI!","metadata":{"slug":"ahbnvjcrhi","planId":"free"}}
[2025-12-02T17:11:19.186Z] [App] [INFO] {"eventId":"b20b517f-b156-4c0f-988b-50a62494605a","eventType":"team.export.requested","timestamp":"2025-12-02T17:11:19.186Z","outcome":"success","userId":"a152bd05-6ac5-414f-8670-9defe8688a14","teamId":"6e25b1d3-1dce-402e-8445-619ce31a03c9","teamName":"AHb|=NVjcR?HI!","metadata":{"memberCount":1,"projectCount":0,"invitationCount":0}}
[2025-12-02T17:11:19.189Z] [App] [INFO] {"eventId":"34dac0b7-7324-462f-80ce-5ac8ad4fa5e0","eventType":"team.create.success","timestamp":"2025-12-02T17:11:19.189Z","outcome":"success","userId":"9229a00a-9339-40ba-9bf5-0d6d5aaffb40","teamId":"1648d09a-bf7c-4061-b202-384a207d9708","teamName":"cvk6E!wX","metadata":{"slug":"cvk6ewx","planId":"free"}}
[2025-12-02T17:11:19.191Z] [App] [INFO] {"eventId":"291b0c01-6667-4b9a-9ef7-ca0a4a14d2aa","eventType":"team.export.requested","timestamp":"2025-12-02T17:11:19.191Z","outcome":"success","userId":"9229a00a-9339-40ba-9bf5-0d6d5aaffb40","teamId":"1648d09a-bf7c-4061-b202-384a207d9708","teamName":"cvk6E!wX","metadata":{"memberCount":1,"projectCount":0,"invitationCount":0}}
[2025-12-02T17:11:19.193Z] [App] [INFO] {"eventId":"716e80a9-4fd9-421a-b0f4-199e53fd7600","eventType":"team.create.success","timestamp":"2025-12-02T17:11:19.193Z","outcome":"success","userId":"c3936e4c-dc30-45b0-acce-f27fdb451d83","teamId":"2f2cbb84-1ba7-4a22-b15a-323518f84428","teamName":"Mk0--","metadata":{"slug":"mk0","planId":"free"}}
[2025-12-02T17:11:19.197Z] [App] [INFO] {"eventId":"638c9965-baea-4725-a976-870e09ec042f","eventType":"team.export.requested","timestamp":"2025-12-02T17:11:19.197Z","outcome":"success","userId":"c3936e4c-dc30-45b0-acce-f27fdb451d83","teamId":"2f2cbb84-1ba7-4a22-b15a-323518f84428","teamName":"Mk0--","metadata":{"memberCount":1,"projectCount":0,"invitationCount":0}}
[2025-12-02T17:11:19.199Z] [App] [INFO] {"eventId":"7a9ca601-b26a-4d4d-8d81-baadbb7a0aa1","eventType":"team.create.success","timestamp":"2025-12-02T17:11:19.199Z","outcome":"success","userId":"148fa3e2-f419-46ef-b955-0cdc44462f49","teamId":"0a8f67e1-e510-471d-ada0-3bca58cd2654","teamName":"jg;YK*ez6h=n","metadata":{"slug":"jgykez6hn","planId":"free"}}
[2025-12-02T17:11:19.201Z] [App] [INFO] {"eventId":"cea56bd9-ba0b-41be-90e9-1f8c95b94d59","eventType":"team.export.requested","timestamp":"2025-12-02T17:11:19.201Z","outcome":"success","userId":"148fa3e2-f419-46ef-b955-0cdc44462f49","teamId":"0a8f67e1-e510-471d-ada0-3bca58cd2654","teamName":"jg;YK*ez6h=n","metadata":{"memberCount":1,"projectCount":0,"invitationCount":0}}
[2025-12-02T17:11:19.203Z] [App] [INFO] {"eventId":"7bc86554-4c33-4b6d-b819-54894eb1e8ff","eventType":"team.create.success","timestamp":"2025-12-02T17:11:19.203Z","outcome":"success","userId":"3570e418-99a2-4353-9c66-18c3ab3c146b","teamId":"887899e3-1e67-4148-88ac-99435fa60f8f","teamName":"call","metadata":{"slug":"call","planId":"free"}}
[2025-12-02T17:11:19.204Z] [App] [INFO] {"eventId":"58c1016f-f07a-4370-84f8-cc9e64924de2","eventType":"team.export.requested","timestamp":"2025-12-02T17:11:19.204Z","outcome":"success","userId":"3570e418-99a2-4353-9c66-18c3ab3c146b","teamId":"887899e3-1e67-4148-88ac-99435fa60f8f","teamName":"call","metadata":{"memberCount":1,"projectCount":0,"invitationCount":0}}
[2025-12-02T17:11:19.214Z] [App] [INFO] {"eventId":"ac966930-42b1-4ff5-8ae1-d88836736ed9","eventType":"team.create.success","timestamp":"2025-12-02T17:11:19.214Z","outcome":"success","userId":"7ea15d84-41bc-4a46-9d2c-9671c02d2b3e","teamId":"8c0d72df-08f4-48c2-82fa-b2982fc3078c","teamName":"_C^LjYUm?-{","metadata":{"slug":"cljyum","planId":"free"}}
[2025-12-02T17:11:19.233Z] [App] [INFO] {"eventId":"d2dc6c8e-8950-4c98-bd10-910be8d6c404","eventType":"team.export.requested","timestamp":"2025-12-02T17:11:19.233Z","outcome":"success","userId":"7ea15d84-41bc-4a46-9d2c-9671c02d2b3e","teamId":"8c0d72df-08f4-48c2-82fa-b2982fc3078c","teamName":"_C^LjYUm?-{","metadata":{"memberCount":1,"projectCount":0,"invitationCount":0}}
[2025-12-02T17:11:19.236Z] [App] [INFO] {"eventId":"2cb39681-535b-4bf4-b254-3c0b91b3700c","eventType":"team.create.success","timestamp":"2025-12-02T17:11:19.236Z","outcome":"success","userId":"463df9d1-1ce2-452d-93fa-b6ed440d9f12","teamId":"9d11e6ab-333d-4547-8c88-f94972b6e8b9","teamName":"VHADy+Dz<$PO9g","metadata":{"slug":"vhadydzpo9g","planId":"free"}}
[2025-12-02T17:11:19.238Z] [App] [INFO] {"eventId":"d7465a62-1c9b-4e8e-82ec-eb5f9bc566cf","eventType":"team.export.requested","timestamp":"2025-12-02T17:11:19.238Z","outcome":"success","userId":"463df9d1-1ce2-452d-93fa-b6ed440d9f12","teamId":"9d11e6ab-333d-4547-8c88-f94972b6e8b9","teamName":"VHADy+Dz<$PO9g","metadata":{"memberCount":1,"projectCount":0,"invitationCount":0}}
[2025-12-02T17:11:19.240Z] [App] [INFO] {"eventId":"a1ba673e-d661-478f-bdf7-2d838ef67da9","eventType":"team.create.success","timestamp":"2025-12-02T17:11:19.240Z","outcome":"success","userId":"9ae6811a-fbc7-4bc0-bf3b-7d28e0d33757","teamId":"23f82e98-18fe-433a-8a0d-438f99f82b35","teamName":"X% }O","metadata":{"slug":"x-o","planId":"free"}}
[2025-12-02T17:11:19.242Z] [App] [INFO] {"eventId":"3d6b5139-4d82-4d69-9fb2-f773d38a383d","eventType":"team.export.requested","timestamp":"2025-12-02T17:11:19.242Z","outcome":"success","userId":"9ae6811a-fbc7-4bc0-bf3b-7d28e0d33757","teamId":"23f82e98-18fe-433a-8a0d-438f99f82b35","teamName":"X% }O","metadata":{"memberCount":1,"projectCount":0,"invitationCount":0}}
[2025-12-02T17:11:19.243Z] [App] [INFO] {"eventId":"f8b5151e-e6af-4e27-8adc-155f19ce8ae9","eventType":"team.create.success","timestamp":"2025-12-02T17:11:19.243Z","outcome":"success","userId":"8675b51d-09a2-4579-9b99-86d950ad3b65","teamId":"51511cab-e5b3-4641-b58c-a99b079451d8","teamName":"cT^ wx:WG","metadata":{"slug":"ct-wxwg","planId":"free"}}
[2025-12-02T17:11:19.247Z] [App] [INFO] {"eventId":"03efa2f8-0435-4f6d-93aa-d861a703f135","eventType":"team.export.requested","timestamp":"2025-12-02T17:11:19.247Z","outcome":"success","userId":"8675b51d-09a2-4579-9b99-86d950ad3b65","teamId":"51511cab-e5b3-4641-b58c-a99b079451d8","teamName":"cT^ wx:WG","metadata":{"memberCount":1,"projectCount":0,"invitationCount":0}}
[2025-12-02T17:11:19.249Z] [App] [INFO] {"eventId":"5d0d7d2c-d585-4cb0-bd15-60c1ce83e5c9","eventType":"team.create.success","timestamp":"2025-12-02T17:11:19.249Z","outcome":"success","userId":"14896766-47d9-4948-bd64-0c09fa9546e8","teamId":"dc703f85-a433-459e-975e-4d6a6bf22ab3","teamName":"6HxW]';38oZ0a","metadata":{"slug":"6hxw38oz0a","planId":"free"}}
[2025-12-02T17:11:19.251Z] [App] [INFO] {"eventId":"f8dadbf8-6fc3-4b70-a645-dcdabffdcc72","eventType":"team.export.requested","timestamp":"2025-12-02T17:11:19.251Z","outcome":"success","userId":"14896766-47d9-4948-bd64-0c09fa9546e8","teamId":"dc703f85-a433-459e-975e-4d6a6bf22ab3","teamName":"6HxW]';38oZ0a","metadata":{"memberCount":1,"projectCount":0,"invitationCount":0}}
[2025-12-02T17:11:19.252Z] [App] [INFO] {"eventId":"3435d5a9-9c9d-40f3-8f14-e6442b53b3b8","eventType":"team.create.success","timestamp":"2025-12-02T17:11:19.252Z","outcome":"success","userId":"4f42c7c4-cb93-4de0-a4a9-684796c16453","teamId":"150d2aaf-7a93-42b0-a9d2-145fb661a3fe","teamName":"/z3d![{FT ","metadata":{"slug":"z3dft","planId":"free"}}
[2025-12-02T17:11:19.254Z] [App] [INFO] {"eventId":"a24f5d79-0eeb-4d70-8f46-af805b7a834e","eventType":"team.export.requested","timestamp":"2025-12-02T17:11:19.254Z","outcome":"success","userId":"4f42c7c4-cb93-4de0-a4a9-684796c16453","teamId":"150d2aaf-7a93-42b0-a9d2-145fb661a3fe","teamName":"/z3d![{FT ","metadata":{"memberCount":1,"projectCount":0,"invitationCount":0}}
[2025-12-02T17:11:19.255Z] [App] [INFO] {"eventId":"d15da532-ded8-4b9f-afb7-9f89e20717f0","eventType":"team.create.success","timestamp":"2025-12-02T17:11:19.255Z","outcome":"success","userId":"f9ff1040-b5e2-45be-a99b-a34e2599d492","teamId":"b3adb311-867b-41f8-9d38-e3111c1f18ee","teamName":"7Gc:","metadata":{"slug":"7gc","planId":"free"}}
[2025-12-02T17:11:19.290Z] [App] [INFO] {"eventId":"e06dd99e-4006-414b-b3d2-b7ec5561fb2b","eventType":"team.export.requested","timestamp":"2025-12-02T17:11:19.290Z","outcome":"success","userId":"f9ff1040-b5e2-45be-a99b-a34e2599d492","teamId":"b3adb311-867b-41f8-9d38-e3111c1f18ee","teamName":"7Gc:","metadata":{"memberCount":1,"projectCount":0,"invitationCount":0}}
[2025-12-02T17:11:19.296Z] [App] [INFO] {"eventId":"1f82457a-166b-4c76-a018-932b3435decf","eventType":"team.create.success","timestamp":"2025-12-02T17:11:19.296Z","outcome":"success","userId":"fd720ed8-41d7-47f2-870e-09e6f55bf621","teamId":"bdbd3704-bae4-44f5-a53d-6e02ea4a7312","teamName":"c~P5>s[Qn-}","metadata":{"slug":"cp5sqn","planId":"free"}}
[2025-12-02T17:11:19.298Z] [App] [INFO] {"eventId":"f07357b1-7521-4c54-8617-aa996114642c","eventType":"team.export.requested","timestamp":"2025-12-02T17:11:19.298Z","outcome":"success","userId":"fd720ed8-41d7-47f2-870e-09e6f55bf621","teamId":"bdbd3704-bae4-44f5-a53d-6e02ea4a7312","teamName":"c~P5>s[Qn-}","metadata":{"memberCount":1,"projectCount":0,"invitationCount":0}}
[2025-12-02T17:11:19.300Z] [App] [INFO] {"eventId":"cad1b6ac-226f-4427-bc73-c1a7a03a5d6e","eventType":"team.create.success","timestamp":"2025-12-02T17:11:19.300Z","outcome":"success","userId":"f2daf58d-243c-4948-af74-ef0f0254fbbd","teamId":"16d36e05-4988-4526-857d-71d9ae906d5f","teamName":"xFv","metadata":{"slug":"xfv","planId":"free"}}
[2025-12-02T17:11:19.301Z] [App] [INFO] {"eventId":"db4e8d94-d5c5-44cf-afa8-ca9c520b8316","eventType":"team.export.requested","timestamp":"2025-12-02T17:11:19.301Z","outcome":"success","userId":"f2daf58d-243c-4948-af74-ef0f0254fbbd","teamId":"16d36e05-4988-4526-857d-71d9ae906d5f","teamName":"xFv","metadata":{"memberCount":1,"projectCount":0,"invitationCount":0}}
[2025-12-02T17:11:19.302Z] [App] [INFO] {"eventId":"f607b9e9-7629-4815-a00b-8854b2b731f2","eventType":"team.create.success","timestamp":"2025-12-02T17:11:19.302Z","outcome":"success","userId":"b6ef3216-d980-4780-b77b-f622781738c3","teamId":"c27892ef-8b7b-4504-9c3b-885d32193736","teamName":"Mi8Vq6yJ5p~","metadata":{"slug":"mi8vq6yj5p","planId":"free"}}
[2025-12-02T17:11:19.304Z] [App] [INFO] {"eventId":"509e504f-3b99-4838-a77e-364c8c528762","eventType":"team.export.requested","timestamp":"2025-12-02T17:11:19.304Z","outcome":"success","userId":"b6ef3216-d980-4780-b77b-f622781738c3","teamId":"c27892ef-8b7b-4504-9c3b-885d32193736","teamName":"Mi8Vq6yJ5p~","metadata":{"memberCount":1,"projectCount":0,"invitationCount":0}}
[2025-12-02T17:11:19.305Z] [App] [INFO] {"eventId":"6016bf1d-ec9f-4c1a-9ae4-a138f29902f8","eventType":"team.create.success","timestamp":"2025-12-02T17:11:19.305Z","outcome":"success","userId":"90f6956e-9abe-46bd-a136-e425af5c5ff6","teamId":"92ddec4a-65de-429b-b8a7-afd34e0f62b7","teamName":"p5}","metadata":{"slug":"p5","planId":"free"}}
[2025-12-02T17:11:19.306Z] [App] [INFO] {"eventId":"3c5a2943-8647-42a1-86c5-9b02b9308bb1","eventType":"team.export.requested","timestamp":"2025-12-02T17:11:19.306Z","outcome":"success","userId":"90f6956e-9abe-46bd-a136-e425af5c5ff6","teamId":"92ddec4a-65de-429b-b8a7-afd34e0f62b7","teamName":"p5}","metadata":{"memberCount":1,"projectCount":0,"invitationCount":0}}
[2025-12-02T17:11:19.308Z] [App] [INFO] {"eventId":"93a3b72f-76e3-407c-ba17-14d56960f7d1","eventType":"team.create.success","timestamp":"2025-12-02T17:11:19.308Z","outcome":"success","userId":"c1d6197b-fb27-4b0f-a532-12f5ab4970cc","teamId":"6858d7a5-4a2c-47f7-981f-df208ea88e89","teamName":"2=/62i+0q'\\hmh","metadata":{"slug":"262i0qhmh","planId":"free"}}
[2025-12-02T17:11:19.309Z] [App] [INFO] {"eventId":"01bd7ad7-97c3-439c-baa5-0c5fcd36e11f","eventType":"team.export.requested","timestamp":"2025-12-02T17:11:19.309Z","outcome":"success","userId":"c1d6197b-fb27-4b0f-a532-12f5ab4970cc","teamId":"6858d7a5-4a2c-47f7-981f-df208ea88e89","teamName":"2=/62i+0q'\\hmh","metadata":{"memberCount":1,"projectCount":0,"invitationCount":0}}

stdout | src/server/teams/__tests__/export.property.test.ts > Property 22: Data export generates complete JSON > export data is valid JSON serializable
[2025-12-02T17:11:19.372Z] [App] [INFO] {"eventId":"d57d1b40-6160-4461-92a0-83bb431e4df5","eventType":"team.create.success","timestamp":"2025-12-02T17:11:19.372Z","outcome":"success","userId":"3ce2eba4-0cab-4621-b3f0-b31c85a12742","teamId":"79dd2af7-7d14-4131-a250-58eda1848706","teamName":"3D8","metadata":{"slug":"3d8","planId":"free"}}
[2025-12-02T17:11:19.375Z] [App] [INFO] {"eventId":"d3b5a15b-31ca-4d17-a6fc-7c93196ad745","eventType":"team.member.add.success","timestamp":"2025-12-02T17:11:19.375Z","outcome":"success","userId":"3ce2eba4-0cab-4621-b3f0-b31c85a12742","teamId":"79dd2af7-7d14-4131-a250-58eda1848706","metadata":{"addedUserId":"c72f16d5-2556-4737-935c-4859f0670d85","operationalRole":"TEAM_MEMBER"}}
[2025-12-02T17:11:19.377Z] [App] [INFO] {"eventId":"eb6b0d9c-dd79-4a62-b0dc-d5ebc1f5fab3","eventType":"team.export.requested","timestamp":"2025-12-02T17:11:19.377Z","outcome":"success","userId":"3ce2eba4-0cab-4621-b3f0-b31c85a12742","teamId":"79dd2af7-7d14-4131-a250-58eda1848706","teamName":"3D8","metadata":{"memberCount":2,"projectCount":2,"invitationCount":0}}
[2025-12-02T17:11:19.382Z] [App] [INFO] {"eventId":"104e063d-a3b3-4a7c-af09-4fd3d0a1224b","eventType":"team.create.success","timestamp":"2025-12-02T17:11:19.382Z","outcome":"success","userId":"d85ee253-f866-4033-b6a3-2f5c31af7fa7","teamId":"7ad1601a-ae0e-4749-a309-9b556e84c3d2","teamName":"p! ~xz o","metadata":{"slug":"p-xz-o","planId":"free"}}
[2025-12-02T17:11:19.384Z] [App] [INFO] {"eventId":"2162f878-4c60-42fc-a193-b9e0807c76ed","eventType":"team.export.requested","timestamp":"2025-12-02T17:11:19.384Z","outcome":"success","userId":"d85ee253-f866-4033-b6a3-2f5c31af7fa7","teamId":"7ad1601a-ae0e-4749-a309-9b556e84c3d2","teamName":"p! ~xz o","metadata":{"memberCount":1,"projectCount":2,"invitationCount":0}}
[2025-12-02T17:11:19.386Z] [App] [INFO] {"eventId":"ec828a80-2f65-486f-8534-98f39eb9df06","eventType":"team.create.success","timestamp":"2025-12-02T17:11:19.386Z","outcome":"success","userId":"96553fea-9180-4246-b087-a1f2255d97a5","teamId":"437870f9-d6ae-4a4b-b45b-6d3be35f1ab7","teamName":"Qq;","metadata":{"slug":"qq","planId":"free"}}
[2025-12-02T17:11:19.387Z] [App] [INFO] {"eventId":"c364b4fa-e9f8-47e0-ad67-5a82ef600401","eventType":"team.member.add.success","timestamp":"2025-12-02T17:11:19.387Z","outcome":"success","userId":"96553fea-9180-4246-b087-a1f2255d97a5","teamId":"437870f9-d6ae-4a4b-b45b-6d3be35f1ab7","metadata":{"addedUserId":"b464c3a4-c6eb-413d-b1dc-7388d47001a2","operationalRole":"TEAM_MEMBER"}}
[2025-12-02T17:11:19.389Z] [App] [INFO] {"eventId":"4da6feda-0470-49a4-a6d4-cd40c1c37866","eventType":"team.member.add.success","timestamp":"2025-12-02T17:11:19.389Z","outcome":"success","userId":"96553fea-9180-4246-b087-a1f2255d97a5","teamId":"437870f9-d6ae-4a4b-b45b-6d3be35f1ab7","metadata":{"addedUserId":"859ccff4-0853-442c-8bbc-82b2d22be639","operationalRole":"TEAM_MEMBER"}}
[2025-12-02T17:11:19.390Z] [App] [INFO] {"eventId":"cb8d979e-ea8b-4faf-9792-04067dd8400b","eventType":"team.member.add.success","timestamp":"2025-12-02T17:11:19.390Z","outcome":"success","userId":"96553fea-9180-4246-b087-a1f2255d97a5","teamId":"437870f9-d6ae-4a4b-b45b-6d3be35f1ab7","metadata":{"addedUserId":"7cc8e565-5993-4976-8ae3-ed5a3658ea84","operationalRole":"TEAM_MEMBER"}}
[2025-12-02T17:11:19.396Z] [App] [INFO] {"eventId":"9a3787d6-0c67-4755-bed5-1bc09af2d97e","eventType":"team.export.requested","timestamp":"2025-12-02T17:11:19.396Z","outcome":"success","userId":"96553fea-9180-4246-b087-a1f2255d97a5","teamId":"437870f9-d6ae-4a4b-b45b-6d3be35f1ab7","teamName":"Qq;","metadata":{"memberCount":4,"projectCount":1,"invitationCount":0}}
[2025-12-02T17:11:19.398Z] [App] [INFO] {"eventId":"217eb70e-4a9b-41bc-ad40-a8c200703a29","eventType":"team.create.success","timestamp":"2025-12-02T17:11:19.398Z","outcome":"success","userId":"f914aa7a-1c52-4423-bc55-46b6354eca5c","teamId":"67215b1f-47ac-4305-a486-931ed4453ce8","teamName":"Je5K|Pk$-f","metadata":{"slug":"je5kpk-f","planId":"free"}}
[2025-12-02T17:11:19.400Z] [App] [INFO] {"eventId":"0ac54018-4701-486a-be08-43a7a8fea141","eventType":"team.member.add.success","timestamp":"2025-12-02T17:11:19.399Z","outcome":"success","userId":"f914aa7a-1c52-4423-bc55-46b6354eca5c","teamId":"67215b1f-47ac-4305-a486-931ed4453ce8","metadata":{"addedUserId":"d6fcaa80-8c85-4887-bc14-a705de5f96b4","operationalRole":"TEAM_MEMBER"}}
[2025-12-02T17:11:19.401Z] [App] [INFO] {"eventId":"81e41605-e24c-4eb0-98e6-94ca63bc39a5","eventType":"team.member.add.success","timestamp":"2025-12-02T17:11:19.401Z","outcome":"success","userId":"f914aa7a-1c52-4423-bc55-46b6354eca5c","teamId":"67215b1f-47ac-4305-a486-931ed4453ce8","metadata":{"addedUserId":"5e8239c5-1531-410c-9cb8-eb421b0a66b5","operationalRole":"TEAM_MEMBER"}}
[2025-12-02T17:11:19.402Z] [App] [INFO] {"eventId":"98244cc1-1d43-4f00-bcb8-131ec3f19087","eventType":"team.member.add.success","timestamp":"2025-12-02T17:11:19.402Z","outcome":"success","userId":"f914aa7a-1c52-4423-bc55-46b6354eca5c","teamId":"67215b1f-47ac-4305-a486-931ed4453ce8","metadata":{"addedUserId":"b555a166-a38e-4b1d-aa68-a4b86b65f7f0","operationalRole":"TEAM_MEMBER"}}
[2025-12-02T17:11:19.403Z] [App] [INFO] {"eventId":"b9474b10-6ace-4406-9ee4-e05e731bfb80","eventType":"team.export.requested","timestamp":"2025-12-02T17:11:19.403Z","outcome":"success","userId":"f914aa7a-1c52-4423-bc55-46b6354eca5c","teamId":"67215b1f-47ac-4305-a486-931ed4453ce8","teamName":"Je5K|Pk$-f","metadata":{"memberCount":4,"projectCount":1,"invitationCount":0}}
[2025-12-02T17:11:19.405Z] [App] [INFO] {"eventId":"8c48b4f6-1434-4739-ade1-ecda0d9ff96d","eventType":"team.create.success","timestamp":"2025-12-02T17:11:19.405Z","outcome":"success","userId":"a9988c6e-9050-473b-884e-0292f72caeb5","teamId":"84d64628-9e13-4513-9d75-bca78157b0ff","teamName":"6J5f. W","metadata":{"slug":"6j5f-w","planId":"free"}}
[2025-12-02T17:11:19.406Z] [App] [INFO] {"eventId":"57d464f9-904b-4507-9fc7-7badd7b9babb","eventType":"team.member.add.success","timestamp":"2025-12-02T17:11:19.406Z","outcome":"success","userId":"a9988c6e-9050-473b-884e-0292f72caeb5","teamId":"84d64628-9e13-4513-9d75-bca78157b0ff","metadata":{"addedUserId":"1d96b86a-9af4-454d-8956-5df1dfbcb5c1","operationalRole":"TEAM_MEMBER"}}
[2025-12-02T17:11:19.408Z] [App] [INFO] {"eventId":"cd09f68e-d2d7-4d57-9361-d4fe1c88c0d8","eventType":"team.member.add.success","timestamp":"2025-12-02T17:11:19.408Z","outcome":"success","userId":"a9988c6e-9050-473b-884e-0292f72caeb5","teamId":"84d64628-9e13-4513-9d75-bca78157b0ff","metadata":{"addedUserId":"7938d1f2-19ef-4211-8288-387a31837934","operationalRole":"TEAM_MEMBER"}}
[2025-12-02T17:11:19.414Z] [App] [INFO] {"eventId":"511701ac-e93e-418e-a618-0aac5a708483","eventType":"team.export.requested","timestamp":"2025-12-02T17:11:19.414Z","outcome":"success","userId":"a9988c6e-9050-473b-884e-0292f72caeb5","teamId":"84d64628-9e13-4513-9d75-bca78157b0ff","teamName":"6J5f. W","metadata":{"memberCount":3,"projectCount":2,"invitationCount":0}}
[2025-12-02T17:11:19.418Z] [App] [INFO] {"eventId":"2540a245-1db3-4d50-a8fe-54d74521711a","eventType":"team.create.success","timestamp":"2025-12-02T17:11:19.418Z","outcome":"success","userId":"91d21d69-ee6c-48e5-8a1d-20441c8da2bc","teamId":"576295d9-eecf-407d-8b51-acd6b6c4ce40","teamName":"zP.lq+%j{FaD","metadata":{"slug":"zplqjfad","planId":"free"}}
[2025-12-02T17:11:19.422Z] [App] [INFO] {"eventId":"dbd8777d-06ae-461b-8b79-c5c70ff2a90e","eventType":"team.member.add.success","timestamp":"2025-12-02T17:11:19.422Z","outcome":"success","userId":"91d21d69-ee6c-48e5-8a1d-20441c8da2bc","teamId":"576295d9-eecf-407d-8b51-acd6b6c4ce40","metadata":{"addedUserId":"dc63969a-4336-4cff-a330-d99ef4b5a985","operationalRole":"TEAM_MEMBER"}}
[2025-12-02T17:11:19.424Z] [App] [INFO] {"eventId":"fc57845b-dbbf-4b80-b262-f05bb070766b","eventType":"team.member.add.success","timestamp":"2025-12-02T17:11:19.424Z","outcome":"success","userId":"91d21d69-ee6c-48e5-8a1d-20441c8da2bc","teamId":"576295d9-eecf-407d-8b51-acd6b6c4ce40","metadata":{"addedUserId":"abc21080-55eb-47e4-9475-cd61da747e79","operationalRole":"TEAM_MEMBER"}}
[2025-12-02T17:11:19.434Z] [App] [INFO] {"eventId":"5eef8b01-75cd-459c-93cd-af87460ba835","eventType":"team.member.add.success","timestamp":"2025-12-02T17:11:19.434Z","outcome":"success","userId":"91d21d69-ee6c-48e5-8a1d-20441c8da2bc","teamId":"576295d9-eecf-407d-8b51-acd6b6c4ce40","metadata":{"addedUserId":"0b198bad-3231-40e8-b8c0-c950d62d6a44","operationalRole":"TEAM_MEMBER"}}
[2025-12-02T17:11:19.436Z] [App] [INFO] {"eventId":"a4201056-95c4-4fd1-a132-39d989ee762c","eventType":"team.export.requested","timestamp":"2025-12-02T17:11:19.436Z","outcome":"success","userId":"91d21d69-ee6c-48e5-8a1d-20441c8da2bc","teamId":"576295d9-eecf-407d-8b51-acd6b6c4ce40","teamName":"zP.lq+%j{FaD","metadata":{"memberCount":4,"projectCount":1,"invitationCount":0}}
[2025-12-02T17:11:19.437Z] [App] [INFO] {"eventId":"4ddfbf8a-c6a1-4a9a-a5d5-a0df86cda2f4","eventType":"team.create.success","timestamp":"2025-12-02T17:11:19.437Z","outcome":"success","userId":"27e6cb1e-35f6-43e8-a37d-48f955af2241","teamId":"2211abd7-30c2-4af6-a47d-4fb7a4638611","teamName":"kL:@","metadata":{"slug":"kl","planId":"free"}}
[2025-12-02T17:11:19.439Z] [App] [INFO] {"eventId":"5b665ce8-6aea-46af-aaef-4e30c4cfd037","eventType":"team.member.add.success","timestamp":"2025-12-02T17:11:19.439Z","outcome":"success","userId":"27e6cb1e-35f6-43e8-a37d-48f955af2241","teamId":"2211abd7-30c2-4af6-a47d-4fb7a4638611","metadata":{"addedUserId":"2d9717a2-a9b6-4feb-9f31-2e079eb0f367","operationalRole":"TEAM_MEMBER"}}
[2025-12-02T17:11:19.440Z] [App] [INFO] {"eventId":"70e30b0c-eb3a-43f5-813f-21e33cb6d106","eventType":"team.member.add.success","timestamp":"2025-12-02T17:11:19.440Z","outcome":"success","userId":"27e6cb1e-35f6-43e8-a37d-48f955af2241","teamId":"2211abd7-30c2-4af6-a47d-4fb7a4638611","metadata":{"addedUserId":"a706c434-6d6c-4ab2-9fc4-1b0ffcc969a1","operationalRole":"TEAM_MEMBER"}}
[2025-12-02T17:11:19.442Z] [App] [INFO] {"eventId":"878bc057-cde3-4091-845d-e184a9b096fe","eventType":"team.export.requested","timestamp":"2025-12-02T17:11:19.441Z","outcome":"success","userId":"27e6cb1e-35f6-43e8-a37d-48f955af2241","teamId":"2211abd7-30c2-4af6-a47d-4fb7a4638611","teamName":"kL:@","metadata":{"memberCount":3,"projectCount":1,"invitationCount":0}}
[2025-12-02T17:11:19.443Z] [App] [INFO] {"eventId":"c940db9c-f91e-4338-812f-0d3da9c8df45","eventType":"team.create.success","timestamp":"2025-12-02T17:11:19.443Z","outcome":"success","userId":"9e2a9407-4356-4498-818a-1e597ce23c04","teamId":"1404efae-291d-4639-bf5b-136314a06e63","teamName":"name","metadata":{"slug":"name","planId":"free"}}
[2025-12-02T17:11:19.451Z] [App] [INFO] {"eventId":"31df5ae8-4431-40ac-a3e0-758c459fd411","eventType":"team.member.add.success","timestamp":"2025-12-02T17:11:19.451Z","outcome":"success","userId":"9e2a9407-4356-4498-818a-1e597ce23c04","teamId":"1404efae-291d-4639-bf5b-136314a06e63","metadata":{"addedUserId":"5c4cdb30-29b1-4862-9409-b35c5cc3e195","operationalRole":"TEAM_MEMBER"}}
[2025-12-02T17:11:19.457Z] [App] [INFO] {"eventId":"b7eeebc6-e39d-49fb-9ed0-288051fa6678","eventType":"team.member.add.success","timestamp":"2025-12-02T17:11:19.457Z","outcome":"success","userId":"9e2a9407-4356-4498-818a-1e597ce23c04","teamId":"1404efae-291d-4639-bf5b-136314a06e63","metadata":{"addedUserId":"25ed6da9-98c8-4ce8-9da4-3f877ed25635","operationalRole":"TEAM_MEMBER"}}
[2025-12-02T17:11:19.459Z] [App] [INFO] {"eventId":"223046e5-5ab7-4b6a-ade5-8721e1c894b1","eventType":"team.member.add.success","timestamp":"2025-12-02T17:11:19.459Z","outcome":"success","userId":"9e2a9407-4356-4498-818a-1e597ce23c04","teamId":"1404efae-291d-4639-bf5b-136314a06e63","metadata":{"addedUserId":"cb11e160-401d-4ad2-a98f-0086235d93cc","operationalRole":"TEAM_MEMBER"}}
[2025-12-02T17:11:19.460Z] [App] [INFO] {"eventId":"90fa2dbe-a497-4c7f-8064-5fb85d4a125c","eventType":"team.export.requested","timestamp":"2025-12-02T17:11:19.460Z","outcome":"success","userId":"9e2a9407-4356-4498-818a-1e597ce23c04","teamId":"1404efae-291d-4639-bf5b-136314a06e63","teamName":"name","metadata":{"memberCount":4,"projectCount":0,"invitationCount":0}}
[2025-12-02T17:11:19.466Z] [App] [INFO] {"eventId":"128fd8fc-c4ca-481e-985b-58e9556f6d40","eventType":"team.create.success","timestamp":"2025-12-02T17:11:19.466Z","outcome":"success","userId":"5efdd414-dbae-4937-8ff3-dfe131dfb597","teamId":"b2ffa8ad-22f4-482a-8c5f-15f9a1b3c376","teamName":"W 8$ &j $!{","metadata":{"slug":"w-8-j","planId":"free"}}
[2025-12-02T17:11:19.467Z] [App] [INFO] {"eventId":"5a0f96f4-9406-4bbc-93f8-9f4e2e61133f","eventType":"team.export.requested","timestamp":"2025-12-02T17:11:19.467Z","outcome":"success","userId":"5efdd414-dbae-4937-8ff3-dfe131dfb597","teamId":"b2ffa8ad-22f4-482a-8c5f-15f9a1b3c376","teamName":"W 8$ &j $!{","metadata":{"memberCount":1,"projectCount":1,"invitationCount":0}}
[2025-12-02T17:11:19.469Z] [App] [INFO] {"eventId":"03caf870-272d-4d37-bd0a-87fc0c000593","eventType":"team.create.success","timestamp":"2025-12-02T17:11:19.469Z","outcome":"success","userId":"7f7f512b-118d-434c-baa2-d7c58d0bb6ea","teamId":"575590e3-19ec-429a-9601-39786f10d0d9","teamName":"SAa","metadata":{"slug":"saa","planId":"free"}}
[2025-12-02T17:11:19.470Z] [App] [INFO] {"eventId":"c6fd27e0-7155-4b54-8ee4-b862462bfa9c","eventType":"team.member.add.success","timestamp":"2025-12-02T17:11:19.470Z","outcome":"success","userId":"7f7f512b-118d-434c-baa2-d7c58d0bb6ea","teamId":"575590e3-19ec-429a-9601-39786f10d0d9","metadata":{"addedUserId":"a700c10e-c6ca-486e-bb30-6f4c131377df","operationalRole":"TEAM_MEMBER"}}
[2025-12-02T17:11:19.472Z] [App] [INFO] {"eventId":"b3c7d16a-d4b8-4b28-bcb8-27e1e420cf4b","eventType":"team.member.add.success","timestamp":"2025-12-02T17:11:19.472Z","outcome":"success","userId":"7f7f512b-118d-434c-baa2-d7c58d0bb6ea","teamId":"575590e3-19ec-429a-9601-39786f10d0d9","metadata":{"addedUserId":"2cd141c8-0921-4f5f-b8bd-7bc9acf95a27","operationalRole":"TEAM_MEMBER"}}
[2025-12-02T17:11:19.473Z] [App] [INFO] {"eventId":"b3b78dd4-4efd-4dca-a60c-1cc9986c0f16","eventType":"team.export.requested","timestamp":"2025-12-02T17:11:19.473Z","outcome":"success","userId":"7f7f512b-118d-434c-baa2-d7c58d0bb6ea","teamId":"575590e3-19ec-429a-9601-39786f10d0d9","teamName":"SAa","metadata":{"memberCount":3,"projectCount":0,"invitationCount":0}}
[2025-12-02T17:11:19.474Z] [App] [INFO] {"eventId":"1b2142dc-2016-4002-8338-688277485042","eventType":"team.create.success","timestamp":"2025-12-02T17:11:19.474Z","outcome":"success","userId":"c6439256-7bbc-40b8-8d5b-64a22ca993ed","teamId":"6dac23ef-9735-4e35-86a1-598c007c91a0","teamName":"t;16[d-eYW","metadata":{"slug":"t16d-eyw","planId":"free"}}
[2025-12-02T17:11:19.476Z] [App] [INFO] {"eventId":"3c582e5d-fcfb-470f-945b-29b6e09a9507","eventType":"team.export.requested","timestamp":"2025-12-02T17:11:19.476Z","outcome":"success","userId":"c6439256-7bbc-40b8-8d5b-64a22ca993ed","teamId":"6dac23ef-9735-4e35-86a1-598c007c91a0","teamName":"t;16[d-eYW","metadata":{"memberCount":1,"projectCount":2,"invitationCount":0}}
[2025-12-02T17:11:19.477Z] [App] [INFO] {"eventId":"6d9916bc-8f0b-43ee-8adf-d4af547ca0af","eventType":"team.create.success","timestamp":"2025-12-02T17:11:19.477Z","outcome":"success","userId":"ab776172-a9e5-4088-985f-c95dff149a75","teamId":"fdacd6fa-db1f-4621-a0c0-13297f0f45de","teamName":"wsNbrV*Y3~=Zg7","metadata":{"slug":"wsnbrvy3zg7","planId":"free"}}
[2025-12-02T17:11:19.481Z] [App] [INFO] {"eventId":"6df1dc3e-7365-4875-a863-63d06de1f020","eventType":"team.export.requested","timestamp":"2025-12-02T17:11:19.481Z","outcome":"success","userId":"ab776172-a9e5-4088-985f-c95dff149a75","teamId":"fdacd6fa-db1f-4621-a0c0-13297f0f45de","teamName":"wsNbrV*Y3~=Zg7","metadata":{"memberCount":1,"projectCount":0,"invitationCount":0}}
[2025-12-02T17:11:19.483Z] [App] [INFO] {"eventId":"12ce9066-3d69-4bc1-9b96-078614e507eb","eventType":"team.create.success","timestamp":"2025-12-02T17:11:19.483Z","outcome":"success","userId":"d8370314-3f85-4f81-8b58-5a31e2012e83","teamId":"75a6b173-e58f-4d0f-8861-b9587df0ae6d","teamName":"{callke","metadata":{"slug":"callke","planId":"free"}}
[2025-12-02T17:11:19.484Z] [App] [INFO] {"eventId":"26831bf4-8c13-43ea-9105-49b2489724e1","eventType":"team.export.requested","timestamp":"2025-12-02T17:11:19.484Z","outcome":"success","userId":"d8370314-3f85-4f81-8b58-5a31e2012e83","teamId":"75a6b173-e58f-4d0f-8861-b9587df0ae6d","teamName":"{callke","metadata":{"memberCount":1,"projectCount":1,"invitationCount":0}}
[2025-12-02T17:11:19.486Z] [App] [INFO] {"eventId":"15e57871-3f6d-44eb-9b50-0cfed01d3c97","eventType":"team.create.success","timestamp":"2025-12-02T17:11:19.486Z","outcome":"success","userId":"e7e49313-6e20-412b-a2af-bc9282f8e9d4","teamId":"f78a2904-83d5-4aa3-aeda-0f2d27b78347","teamName":"q1hnX1ea=O","metadata":{"slug":"q1hnx1eao","planId":"free"}}
[2025-12-02T17:11:19.487Z] [App] [INFO] {"eventId":"04942fc9-65f6-40ee-b145-15d2dee8a8cd","eventType":"team.export.requested","timestamp":"2025-12-02T17:11:19.487Z","outcome":"success","userId":"e7e49313-6e20-412b-a2af-bc9282f8e9d4","teamId":"f78a2904-83d5-4aa3-aeda-0f2d27b78347","teamName":"q1hnX1ea=O","metadata":{"memberCount":1,"projectCount":0,"invitationCount":0}}
[2025-12-02T17:11:19.489Z] [App] [INFO] {"eventId":"4a773ccf-2453-4278-a399-517c89a7fc91","eventType":"team.create.success","timestamp":"2025-12-02T17:11:19.489Z","outcome":"success","userId":"3a9758c3-5a51-4c07-a4cf-cdcb9711958f","teamId":"b24bc0b8-7c84-456c-a11b-a288a8ec62cc","teamName":"~}i~%h!3","metadata":{"slug":"ih3","planId":"free"}}
[2025-12-02T17:11:19.519Z] [App] [INFO] {"eventId":"c8778bf4-2f68-4a27-ab16-534cb3ea2b54","eventType":"team.export.requested","timestamp":"2025-12-02T17:11:19.519Z","outcome":"success","userId":"3a9758c3-5a51-4c07-a4cf-cdcb9711958f","teamId":"b24bc0b8-7c84-456c-a11b-a288a8ec62cc","teamName":"~}i~%h!3","metadata":{"memberCount":1,"projectCount":0,"invitationCount":0}}
[2025-12-02T17:11:19.521Z] [App] [INFO] {"eventId":"16e56f42-b3d9-4407-86e1-2820765eedfe","eventType":"team.create.success","timestamp":"2025-12-02T17:11:19.521Z","outcome":"success","userId":"115f5967-16d2-4846-a61a-a7c4b98446a1","teamId":"a042da56-0f4a-4409-acd0-de4580bee2d5","teamName":"'@p+XGk9J","metadata":{"slug":"pxgk9j","planId":"free"}}
[2025-12-02T17:11:19.523Z] [App] [INFO] {"eventId":"93c14492-4e91-47ca-9c94-8efac16786c1","eventType":"team.member.add.success","timestamp":"2025-12-02T17:11:19.523Z","outcome":"success","userId":"115f5967-16d2-4846-a61a-a7c4b98446a1","teamId":"a042da56-0f4a-4409-acd0-de4580bee2d5","metadata":{"addedUserId":"ad5b169f-1b72-4496-b31a-51a4837bb96b","operationalRole":"TEAM_MEMBER"}}
[2025-12-02T17:11:19.524Z] [App] [INFO] {"eventId":"58cf9b8d-f828-477c-95b3-b0b2ba42608a","eventType":"team.export.requested","timestamp":"2025-12-02T17:11:19.524Z","outcome":"success","userId":"115f5967-16d2-4846-a61a-a7c4b98446a1","teamId":"a042da56-0f4a-4409-acd0-de4580bee2d5","teamName":"'@p+XGk9J","metadata":{"memberCount":2,"projectCount":1,"invitationCount":0}}
[2025-12-02T17:11:19.532Z] [App] [INFO] {"eventId":"2d83f9c9-48ba-43a1-90e8-386de11f19c9","eventType":"team.create.success","timestamp":"2025-12-02T17:11:19.532Z","outcome":"success","userId":"ae07fc72-6435-435c-aa66-0001123205c6","teamId":"9d9a80be-8e34-40f3-ab10-107ba4621b81","teamName":"s?]Jl$|\"qr","metadata":{"slug":"sjlqr","planId":"free"}}
[2025-12-02T17:11:19.540Z] [App] [INFO] {"eventId":"637dffcb-d2fe-48b0-a21f-787681ae2067","eventType":"team.export.requested","timestamp":"2025-12-02T17:11:19.540Z","outcome":"success","userId":"ae07fc72-6435-435c-aa66-0001123205c6","teamId":"9d9a80be-8e34-40f3-ab10-107ba4621b81","teamName":"s?]Jl$|\"qr","metadata":{"memberCount":1,"projectCount":1,"invitationCount":0}}
[2025-12-02T17:11:19.591Z] [App] [INFO] {"eventId":"fea55016-f805-4d05-b241-540786bd41f1","eventType":"team.create.success","timestamp":"2025-12-02T17:11:19.591Z","outcome":"success","userId":"b7932a9c-e6c2-46a0-9f7b-b1f012cf986d","teamId":"b2e147f2-eccb-4a86-b8b9-9f9cf3944ac9","teamName":"d#t%","metadata":{"slug":"dt","planId":"free"}}
[2025-12-02T17:11:19.594Z] [App] [INFO] {"eventId":"5995839f-b032-4bc5-9f62-cf3cce46b459","eventType":"team.member.add.success","timestamp":"2025-12-02T17:11:19.594Z","outcome":"success","userId":"b7932a9c-e6c2-46a0-9f7b-b1f012cf986d","teamId":"b2e147f2-eccb-4a86-b8b9-9f9cf3944ac9","metadata":{"addedUserId":"34c775f1-21bd-4678-aaf0-68fee99a577f","operationalRole":"TEAM_MEMBER"}}
[2025-12-02T17:11:19.597Z] [App] [INFO] {"eventId":"21df20ac-d0b9-4e2b-b8a6-7b83e29b914c","eventType":"team.member.add.success","timestamp":"2025-12-02T17:11:19.597Z","outcome":"success","userId":"b7932a9c-e6c2-46a0-9f7b-b1f012cf986d","teamId":"b2e147f2-eccb-4a86-b8b9-9f9cf3944ac9","metadata":{"addedUserId":"7cbaa9da-c8ca-4067-a428-88f6db97dadc","operationalRole":"TEAM_MEMBER"}}
[2025-12-02T17:11:19.601Z] [App] [INFO] {"eventId":"884ae311-2d1e-43e6-93b5-ff846dbe7d77","eventType":"team.export.requested","timestamp":"2025-12-02T17:11:19.601Z","outcome":"success","userId":"b7932a9c-e6c2-46a0-9f7b-b1f012cf986d","teamId":"b2e147f2-eccb-4a86-b8b9-9f9cf3944ac9","teamName":"d#t%","metadata":{"memberCount":3,"projectCount":1,"invitationCount":0}}
[2025-12-02T17:11:19.626Z] [App] [INFO] {"eventId":"97a5beab-1a54-4cac-aaec-c5ed56cb981b","eventType":"team.create.success","timestamp":"2025-12-02T17:11:19.626Z","outcome":"success","userId":"b91676cd-625c-43bc-b4e8-9aa060c71164","teamId":"54e7f0dc-fad0-4369-bc95-fb257f8900d4","teamName":"dB$H'>]","metadata":{"slug":"dbh","planId":"free"}}
[2025-12-02T17:11:19.650Z] [App] [INFO] {"eventId":"88e3588e-7dd3-42f5-9a3a-c18da01a4433","eventType":"team.export.requested","timestamp":"2025-12-02T17:11:19.647Z","outcome":"success","userId":"b91676cd-625c-43bc-b4e8-9aa060c71164","teamId":"54e7f0dc-fad0-4369-bc95-fb257f8900d4","teamName":"dB$H'>]","metadata":{"memberCount":1,"projectCount":0,"invitationCount":0}}
[2025-12-02T17:11:19.657Z] [App] [INFO] {"eventId":"cd6c3c3b-3e57-4b8e-bcf6-79ea640d86a4","eventType":"team.create.success","timestamp":"2025-12-02T17:11:19.657Z","outcome":"success","userId":"e24f7dd6-fe70-484e-b709-8b426615b727","teamId":"8046a151-04ae-4168-85e4-4fffcb854f05","teamName":"Tk;!","metadata":{"slug":"tk","planId":"free"}}
[2025-12-02T17:11:19.659Z] [App] [INFO] {"eventId":"32825a65-46c1-4733-ba61-402efc1ea232","eventType":"team.export.requested","timestamp":"2025-12-02T17:11:19.659Z","outcome":"success","userId":"e24f7dd6-fe70-484e-b709-8b426615b727","teamId":"8046a151-04ae-4168-85e4-4fffcb854f05","teamName":"Tk;!","metadata":{"memberCount":1,"projectCount":1,"invitationCount":0}}

stdout | src/server/teams/__tests__/export.property.test.ts > Property 22: Data export generates complete JSON > export respects rate limiting
[2025-12-02T17:11:19.766Z] [App] [INFO] {"eventId":"a091fcc8-7a55-4dda-a1cf-90686f8cb3af","eventType":"team.create.success","timestamp":"2025-12-02T17:11:19.766Z","outcome":"success","userId":"bd2a262a-45a8-4656-905b-7fb16c1e423d","teamId":"c0101e8d-0f90-4581-98e5-e5a91c048695","teamName":"XEwSXJ8Kv0o8l","metadata":{"slug":"xewsxj8kv0o8l","planId":"free"}}
[2025-12-02T17:11:19.771Z] [App] [INFO] {"eventId":"8c585919-462e-4de2-a34d-b3d298632ed2","eventType":"team.export.requested","timestamp":"2025-12-02T17:11:19.771Z","outcome":"success","userId":"bd2a262a-45a8-4656-905b-7fb16c1e423d","teamId":"c0101e8d-0f90-4581-98e5-e5a91c048695","teamName":"XEwSXJ8Kv0o8l","metadata":{"memberCount":1,"projectCount":0,"invitationCount":0}}
[2025-12-02T17:11:19.787Z] [App] [INFO] {"eventId":"622266ed-bd9c-4a1c-8f54-f51e1c480cd0","eventType":"team.create.success","timestamp":"2025-12-02T17:11:19.787Z","outcome":"success","userId":"19939816-c121-470a-99d6-58d8401740fb","teamId":"d7d579b5-2804-4616-8ccd-f6ec6e8dc437","teamName":"Jz","metadata":{"slug":"jz","planId":"free"}}
[2025-12-02T17:11:19.799Z] [App] [INFO] {"eventId":"ad6cca39-bbbc-4bf5-9832-2ee2f0ec5d67","eventType":"team.export.requested","timestamp":"2025-12-02T17:11:19.799Z","outcome":"success","userId":"19939816-c121-470a-99d6-58d8401740fb","teamId":"d7d579b5-2804-4616-8ccd-f6ec6e8dc437","teamName":"Jz","metadata":{"memberCount":1,"projectCount":0,"invitationCount":0}}
[2025-12-02T17:11:19.818Z] [App] [INFO] {"eventId":"5b648202-140a-4fbf-8c01-7796e75f168c","eventType":"team.create.success","timestamp":"2025-12-02T17:11:19.818Z","outcome":"success","userId":"47ccb280-27ce-4b4c-9160-eba2d50afcb8","teamId":"a69c9fee-c7f0-426e-a740-517456a633a8","teamName":"ip#","metadata":{"slug":"ip","planId":"free"}}
[2025-12-02T17:11:19.820Z] [App] [INFO] {"eventId":"58899403-ee0c-4f35-9400-8cc0d3e83240","eventType":"team.export.requested","timestamp":"2025-12-02T17:11:19.820Z","outcome":"success","userId":"47ccb280-27ce-4b4c-9160-eba2d50afcb8","teamId":"a69c9fee-c7f0-426e-a740-517456a633a8","teamName":"ip#","metadata":{"memberCount":1,"projectCount":0,"invitationCount":0}}
[2025-12-02T17:11:19.821Z] [App] [INFO] {"eventId":"06bd7dd6-ee26-46db-915f-54f66b073097","eventType":"team.create.success","timestamp":"2025-12-02T17:11:19.821Z","outcome":"success","userId":"346c2f58-ddce-475f-9ba6-5088350ef80d","teamId":"61073969-bd68-4054-a8e3-36d9dc6491e4","teamName":"ar","metadata":{"slug":"ar","planId":"free"}}
[2025-12-02T17:11:19.825Z] [App] [INFO] {"eventId":"03369c7a-0620-4fc9-b2c0-5fe302cfdfc6","eventType":"team.export.requested","timestamp":"2025-12-02T17:11:19.825Z","outcome":"success","userId":"346c2f58-ddce-475f-9ba6-5088350ef80d","teamId":"61073969-bd68-4054-a8e3-36d9dc6491e4","teamName":"ar","metadata":{"memberCount":1,"projectCount":0,"invitationCount":0}}
[2025-12-02T17:11:19.827Z] [App] [INFO] {"eventId":"d13c2b2a-1cf3-40c6-a6f1-59526aeeace6","eventType":"team.create.success","timestamp":"2025-12-02T17:11:19.827Z","outcome":"success","userId":"637fcb0c-95b5-40fd-9d5e-de27d69e755e","teamId":"ac9585bd-ad2b-473c-87b9-68974ade1fce","teamName":"key","metadata":{"slug":"key","planId":"free"}}
[2025-12-02T17:11:19.832Z] [App] [INFO] {"eventId":"e6cf05f5-ab78-492c-bf24-58e7e80dcba2","eventType":"team.export.requested","timestamp":"2025-12-02T17:11:19.832Z","outcome":"success","userId":"637fcb0c-95b5-40fd-9d5e-de27d69e755e","teamId":"ac9585bd-ad2b-473c-87b9-68974ade1fce","teamName":"key","metadata":{"memberCount":1,"projectCount":0,"invitationCount":0}}
[2025-12-02T17:11:19.834Z] [App] [INFO] {"eventId":"214fe26c-6602-4f75-bbb2-908eaf7868df","eventType":"team.create.success","timestamp":"2025-12-02T17:11:19.834Z","outcome":"success","userId":"559ddc37-aaec-46fb-b173-9b4ad20861f0","teamId":"d75e9b9c-4a08-4d17-88cb-d387acbef8ac","teamName":"__proto__aapp!","metadata":{"slug":"protoaapp","planId":"free"}}
[2025-12-02T17:11:19.854Z] [App] [INFO] {"eventId":"2a3ed4d4-2668-40d4-b76e-3595c9cc9c8d","eventType":"team.export.requested","timestamp":"2025-12-02T17:11:19.853Z","outcome":"success","userId":"559ddc37-aaec-46fb-b173-9b4ad20861f0","teamId":"d75e9b9c-4a08-4d17-88cb-d387acbef8ac","teamName":"__proto__aapp!","metadata":{"memberCount":1,"projectCount":0,"invitationCount":0}}
[2025-12-02T17:11:19.857Z] [App] [INFO] {"eventId":"165e9318-ee23-4793-8c69-c681587a105b","eventType":"team.create.success","timestamp":"2025-12-02T17:11:19.857Z","outcome":"success","userId":"a5a85b0e-d104-4d55-9b5c-9935dc5f7863","teamId":"4f5ddf12-d04b-4f7a-874b-bb3823220c29","teamName":"J$3","metadata":{"slug":"j3","planId":"free"}}
[2025-12-02T17:11:19.858Z] [App] [INFO] {"eventId":"ab2298b8-63df-42aa-9dc5-db1c1150f20a","eventType":"team.export.requested","timestamp":"2025-12-02T17:11:19.858Z","outcome":"success","userId":"a5a85b0e-d104-4d55-9b5c-9935dc5f7863","teamId":"4f5ddf12-d04b-4f7a-874b-bb3823220c29","teamName":"J$3","metadata":{"memberCount":1,"projectCount":0,"invitationCount":0}}
[2025-12-02T17:11:19.860Z] [App] [INFO] {"eventId":"ced33592-23cd-4fb1-a0b9-1db7a4a5315c","eventType":"team.create.success","timestamp":"2025-12-02T17:11:19.860Z","outcome":"success","userId":"b945d804-d57b-4779-bbfd-5b7fee8449a8","teamId":"470eb7be-cc8d-41ed-a251-586632a05e5f","teamName":"T2ZTL;","metadata":{"slug":"t2ztl","planId":"free"}}
[2025-12-02T17:11:19.865Z] [App] [INFO] {"eventId":"d93d35ef-c2d9-4979-9a2f-6ecf9d0b23b4","eventType":"team.export.requested","timestamp":"2025-12-02T17:11:19.865Z","outcome":"success","userId":"b945d804-d57b-4779-bbfd-5b7fee8449a8","teamId":"470eb7be-cc8d-41ed-a251-586632a05e5f","teamName":"T2ZTL;","metadata":{"memberCount":1,"projectCount":0,"invitationCount":0}}
[2025-12-02T17:11:19.867Z] [App] [INFO] {"eventId":"26e13745-6228-4f55-aa02-b07583d34065","eventType":"team.create.success","timestamp":"2025-12-02T17:11:19.867Z","outcome":"success","userId":"5cee61d6-7da2-44b7-a651-79ded52d6cb3","teamId":"a6ace483-67ba-4216-a8b8-63d5df0d891d","teamName":"+T,z a!7ODI","metadata":{"slug":"tz-a7odi","planId":"free"}}
[2025-12-02T17:11:19.868Z] [App] [INFO] {"eventId":"8701c617-9347-4759-9618-7fc7b747f774","eventType":"team.export.requested","timestamp":"2025-12-02T17:11:19.868Z","outcome":"success","userId":"5cee61d6-7da2-44b7-a651-79ded52d6cb3","teamId":"a6ace483-67ba-4216-a8b8-63d5df0d891d","teamName":"+T,z a!7ODI","metadata":{"memberCount":1,"projectCount":0,"invitationCount":0}}
[2025-12-02T17:11:19.870Z] [App] [INFO] {"eventId":"e3d0a8c7-34ae-4a59-8abb-fd3ef7b68ff8","eventType":"team.create.success","timestamp":"2025-12-02T17:11:19.870Z","outcome":"success","userId":"e82771f2-741f-496a-a6cb-209c5e1fc21d","teamId":"b48ee285-3634-4196-bc95-dec65f5094ce","teamName":"=Wapp","metadata":{"slug":"wapp","planId":"free"}}
[2025-12-02T17:11:19.871Z] [App] [INFO] {"eventId":"1c6630ff-401f-4e45-a588-2690d870cacd","eventType":"team.export.requested","timestamp":"2025-12-02T17:11:19.871Z","outcome":"success","userId":"e82771f2-741f-496a-a6cb-209c5e1fc21d","teamId":"b48ee285-3634-4196-bc95-dec65f5094ce","teamName":"=Wapp","metadata":{"memberCount":1,"projectCount":0,"invitationCount":0}}
[2025-12-02T17:11:19.873Z] [App] [INFO] {"eventId":"21ef361e-46e2-47f8-9b85-e17898a63560","eventType":"team.create.success","timestamp":"2025-12-02T17:11:19.873Z","outcome":"success","userId":"c286fb96-3c54-4fcd-ab01-536c3692ddab","teamId":"e7ea3a70-3e97-47cb-8fa2-1d0913e292f5","teamName":"ENg*k~Z","metadata":{"slug":"engkz","planId":"free"}}
[2025-12-02T17:11:19.874Z] [App] [INFO] {"eventId":"48ee83ec-f660-40f0-8b09-b1cfdff1fdc1","eventType":"team.export.requested","timestamp":"2025-12-02T17:11:19.874Z","outcome":"success","userId":"c286fb96-3c54-4fcd-ab01-536c3692ddab","teamId":"e7ea3a70-3e97-47cb-8fa2-1d0913e292f5","teamName":"ENg*k~Z","metadata":{"memberCount":1,"projectCount":0,"invitationCount":0}}
[2025-12-02T17:11:19.876Z] [App] [INFO] {"eventId":"43d16e1a-7546-4e67-acda-f58d60d43c95","eventType":"team.create.success","timestamp":"2025-12-02T17:11:19.876Z","outcome":"success","userId":"9217dc89-31e5-45e9-b560-8b15aa424f34","teamId":"3b9266cc-b347-4d08-9fc3-0e64a9fa172c","teamName":"jk}]8Xs2m/&+=","metadata":{"slug":"jk8xs2m","planId":"free"}}
[2025-12-02T17:11:19.877Z] [App] [INFO] {"eventId":"380e4f9f-f57d-4531-862b-3a0055001e6c","eventType":"team.export.requested","timestamp":"2025-12-02T17:11:19.877Z","outcome":"success","userId":"9217dc89-31e5-45e9-b560-8b15aa424f34","teamId":"3b9266cc-b347-4d08-9fc3-0e64a9fa172c","teamName":"jk}]8Xs2m/&+=","metadata":{"memberCount":1,"projectCount":0,"invitationCount":0}}
[2025-12-02T17:11:19.881Z] [App] [INFO] {"eventId":"7c194b8b-2d9c-48a3-86c9-349b8b4aa45e","eventType":"team.create.success","timestamp":"2025-12-02T17:11:19.881Z","outcome":"success","userId":"661433ac-e513-4292-bacc-c64d37cff3ac","teamId":"aec494bb-faad-45f1-ae8d-705c76cd81ff","teamName":"Re=}6U]h_e]","metadata":{"slug":"re6uhe","planId":"free"}}
[2025-12-02T17:11:19.883Z] [App] [INFO] {"eventId":"74388d67-3b7a-4246-934a-6f25f2dfc31b","eventType":"team.export.requested","timestamp":"2025-12-02T17:11:19.883Z","outcome":"success","userId":"661433ac-e513-4292-bacc-c64d37cff3ac","teamId":"aec494bb-faad-45f1-ae8d-705c76cd81ff","teamName":"Re=}6U]h_e]","metadata":{"memberCount":1,"projectCount":0,"invitationCount":0}}
[2025-12-02T17:11:19.885Z] [App] [INFO] {"eventId":"80a50bcb-cbc7-4a72-9eee-ab3e7e29f12a","eventType":"team.create.success","timestamp":"2025-12-02T17:11:19.885Z","outcome":"success","userId":"513d7de2-ceed-4250-937a-60fb8339b9a6","teamId":"c8631077-665b-42cd-9c1b-b4bb57f49e65","teamName":"4etter_B","metadata":{"slug":"4etterb","planId":"free"}}
[2025-12-02T17:11:19.887Z] [App] [INFO] {"eventId":"8d836d42-b6dd-4872-b7a8-aafb3413de18","eventType":"team.export.requested","timestamp":"2025-12-02T17:11:19.887Z","outcome":"success","userId":"513d7de2-ceed-4250-937a-60fb8339b9a6","teamId":"c8631077-665b-42cd-9c1b-b4bb57f49e65","teamName":"4etter_B","metadata":{"memberCount":1,"projectCount":0,"invitationCount":0}}
[2025-12-02T17:11:19.889Z] [App] [INFO] {"eventId":"50cb1bcd-b5d8-4f43-9236-df17660b0532","eventType":"team.create.success","timestamp":"2025-12-02T17:11:19.889Z","outcome":"success","userId":"fea09d81-76aa-4751-877d-990be30cf35f","teamId":"9ca38b85-7aa5-4e1f-ab57-e1574b5558a9","teamName":"aXd\"B","metadata":{"slug":"axdb","planId":"free"}}
[2025-12-02T17:11:19.890Z] [App] [INFO] {"eventId":"718ecc53-09ef-49a7-902f-4151fceb91da","eventType":"team.export.requested","timestamp":"2025-12-02T17:11:19.890Z","outcome":"success","userId":"fea09d81-76aa-4751-877d-990be30cf35f","teamId":"9ca38b85-7aa5-4e1f-ab57-e1574b5558a9","teamName":"aXd\"B","metadata":{"memberCount":1,"projectCount":0,"invitationCount":0}}
[2025-12-02T17:11:19.898Z] [App] [INFO] {"eventId":"43690cb2-a684-4611-be05-71c9af641039","eventType":"team.create.success","timestamp":"2025-12-02T17:11:19.898Z","outcome":"success","userId":"2cdecfb4-f62e-4277-a169-8134d7dae23f","teamId":"af71c20f-915d-46d3-91d2-084aed364c56","teamName":"GF+t0,Bd-+R\\X3","metadata":{"slug":"gft0bd-rx3","planId":"free"}}
[2025-12-02T17:11:19.902Z] [App] [INFO] {"eventId":"33a9a7fc-2112-4077-9a74-018c265853cf","eventType":"team.export.requested","timestamp":"2025-12-02T17:11:19.902Z","outcome":"success","userId":"2cdecfb4-f62e-4277-a169-8134d7dae23f","teamId":"af71c20f-915d-46d3-91d2-084aed364c56","teamName":"GF+t0,Bd-+R\\X3","metadata":{"memberCount":1,"projectCount":0,"invitationCount":0}}
[2025-12-02T17:11:19.904Z] [App] [INFO] {"eventId":"e9156a58-fcb2-4bbe-8c95-71af7c898462","eventType":"team.create.success","timestamp":"2025-12-02T17:11:19.904Z","outcome":"success","userId":"a8ff2443-2ada-4a34-b757-5808369fbf1b","teamId":"3efcd581-2314-47d8-9003-13f9846224df","teamName":"HF\"R3(uTX'4#S|","metadata":{"slug":"hfr3utx4s","planId":"free"}}
[2025-12-02T17:11:19.905Z] [App] [INFO] {"eventId":"6775b26b-071d-4d16-917f-2461522dc721","eventType":"team.export.requested","timestamp":"2025-12-02T17:11:19.905Z","outcome":"success","userId":"a8ff2443-2ada-4a34-b757-5808369fbf1b","teamId":"3efcd581-2314-47d8-9003-13f9846224df","teamName":"HF\"R3(uTX'4#S|","metadata":{"memberCount":1,"projectCount":0,"invitationCount":0}}
[2025-12-02T17:11:19.908Z] [App] [INFO] {"eventId":"74d14806-a39e-4c2d-aac2-16a7ad0ba945","eventType":"team.create.success","timestamp":"2025-12-02T17:11:19.908Z","outcome":"success","userId":"fba1ee5f-e7f5-4a6b-94e1-1a0caf112967","teamId":"77442aae-67bf-46c5-bf71-73f9c5fd932e","teamName":";}UB6@Co","metadata":{"slug":"ub6co","planId":"free"}}
[2025-12-02T17:11:19.909Z] [App] [INFO] {"eventId":"28f313df-1218-42f3-95b7-0fd40f12bd17","eventType":"team.export.requested","timestamp":"2025-12-02T17:11:19.909Z","outcome":"success","userId":"fba1ee5f-e7f5-4a6b-94e1-1a0caf112967","teamId":"77442aae-67bf-46c5-bf71-73f9c5fd932e","teamName":";}UB6@Co","metadata":{"memberCount":1,"projectCount":0,"invitationCount":0}}
[2025-12-02T17:11:19.915Z] [App] [INFO] {"eventId":"3c80ac0b-d5d3-4eb6-9a75-f5978259db36","eventType":"team.create.success","timestamp":"2025-12-02T17:11:19.915Z","outcome":"success","userId":"0283ec5b-ff86-48fb-92cf-8d5195779c50","teamId":"a07700ea-ee01-424f-8a3d-b4823e9de717","teamName":"'Am$/}#q&","metadata":{"slug":"amq","planId":"free"}}
[2025-12-02T17:11:19.922Z] [App] [INFO] {"eventId":"dfab47e8-6c61-4671-bf69-c84b6285a5f7","eventType":"team.export.requested","timestamp":"2025-12-02T17:11:19.922Z","outcome":"success","userId":"0283ec5b-ff86-48fb-92cf-8d5195779c50","teamId":"a07700ea-ee01-424f-8a3d-b4823e9de717","teamName":"'Am$/}#q&","metadata":{"memberCount":1,"projectCount":0,"invitationCount":0}}
[2025-12-02T17:11:19.931Z] [App] [INFO] {"eventId":"3417189f-f133-431d-8f95-31b558f2a038","eventType":"team.create.success","timestamp":"2025-12-02T17:11:19.931Z","outcome":"success","userId":"d0abe52a-3f2e-4bb9-93fe-676baefe3410","teamId":"2ddf32a1-b4ca-4c63-b4ce-a2dc560d763a","teamName":"LZ|&<PuWV","metadata":{"slug":"lzpuwv","planId":"free"}}
[2025-12-02T17:11:19.933Z] [App] [INFO] {"eventId":"ada46fb1-6e30-4a15-a690-352fd62bb652","eventType":"team.export.requested","timestamp":"2025-12-02T17:11:19.933Z","outcome":"success","userId":"d0abe52a-3f2e-4bb9-93fe-676baefe3410","teamId":"2ddf32a1-b4ca-4c63-b4ce-a2dc560d763a","teamName":"LZ|&<PuWV","metadata":{"memberCount":1,"projectCount":0,"invitationCount":0}}

stderr | src/server/teams/__tests__/export.property.test.ts > Property 22: Data export generates complete JSON > export respects rate limiting
[2025-12-02T17:11:19.771Z] [App] [WARN] {"eventId":"f65fad5f-b819-4612-897f-d9ef50c407a1","eventType":"team.export.failure","timestamp":"2025-12-02T17:11:19.771Z","outcome":"failure","userId":"bd2a262a-45a8-4656-905b-7fb16c1e423d","teamId":"c0101e8d-0f90-4581-98e5-e5a91c048695","errorCode":"RATE_LIMIT_EXPORTS","errorMessage":"Export rate limit exceeded (1 per day)"}
[2025-12-02T17:11:19.799Z] [App] [WARN] {"eventId":"c2d7d30a-f3b8-4093-aebb-cd111c98adf7","eventType":"team.export.failure","timestamp":"2025-12-02T17:11:19.799Z","outcome":"failure","userId":"19939816-c121-470a-99d6-58d8401740fb","teamId":"d7d579b5-2804-4616-8ccd-f6ec6e8dc437","errorCode":"RATE_LIMIT_EXPORTS","errorMessage":"Export rate limit exceeded (1 per day)"}
[2025-12-02T17:11:19.820Z] [App] [WARN] {"eventId":"6f889a37-6372-45f4-8f26-500b862ef1e7","eventType":"team.export.failure","timestamp":"2025-12-02T17:11:19.820Z","outcome":"failure","userId":"47ccb280-27ce-4b4c-9160-eba2d50afcb8","teamId":"a69c9fee-c7f0-426e-a740-517456a633a8","errorCode":"RATE_LIMIT_EXPORTS","errorMessage":"Export rate limit exceeded (1 per day)"}
[2025-12-02T17:11:19.825Z] [App] [WARN] {"eventId":"d113eba2-7a86-4f6e-b37f-d6e926563b4c","eventType":"team.export.failure","timestamp":"2025-12-02T17:11:19.825Z","outcome":"failure","userId":"346c2f58-ddce-475f-9ba6-5088350ef80d","teamId":"61073969-bd68-4054-a8e3-36d9dc6491e4","errorCode":"RATE_LIMIT_EXPORTS","errorMessage":"Export rate limit exceeded (1 per day)"}
[2025-12-02T17:11:19.832Z] [App] [WARN] {"eventId":"b32f3391-3afb-4731-baa9-96df7d75c9ee","eventType":"team.export.failure","timestamp":"2025-12-02T17:11:19.832Z","outcome":"failure","userId":"637fcb0c-95b5-40fd-9d5e-de27d69e755e","teamId":"ac9585bd-ad2b-473c-87b9-68974ade1fce","errorCode":"RATE_LIMIT_EXPORTS","errorMessage":"Export rate limit exceeded (1 per day)"}
[2025-12-02T17:11:19.854Z] [App] [WARN] {"eventId":"95389b0e-f6a3-4f1e-b240-eb0e47e559dc","eventType":"team.export.failure","timestamp":"2025-12-02T17:11:19.854Z","outcome":"failure","userId":"559ddc37-aaec-46fb-b173-9b4ad20861f0","teamId":"d75e9b9c-4a08-4d17-88cb-d387acbef8ac","errorCode":"RATE_LIMIT_EXPORTS","errorMessage":"Export rate limit exceeded (1 per day)"}
[2025-12-02T17:11:19.858Z] [App] [WARN] {"eventId":"7c83950c-782d-4101-8de9-cbd35b86e972","eventType":"team.export.failure","timestamp":"2025-12-02T17:11:19.858Z","outcome":"failure","userId":"a5a85b0e-d104-4d55-9b5c-9935dc5f7863","teamId":"4f5ddf12-d04b-4f7a-874b-bb3823220c29","errorCode":"RATE_LIMIT_EXPORTS","errorMessage":"Export rate limit exceeded (1 per day)"}
[2025-12-02T17:11:19.865Z] [App] [WARN] {"eventId":"128b8c6f-f88e-4b60-a227-89ce07ec895d","eventType":"team.export.failure","timestamp":"2025-12-02T17:11:19.865Z","outcome":"failure","userId":"b945d804-d57b-4779-bbfd-5b7fee8449a8","teamId":"470eb7be-cc8d-41ed-a251-586632a05e5f","errorCode":"RATE_LIMIT_EXPORTS","errorMessage":"Export rate limit exceeded (1 per day)"}
[2025-12-02T17:11:19.869Z] [App] [WARN] {"eventId":"770a43f1-b622-4163-8a05-d3107ca9adb2","eventType":"team.export.failure","timestamp":"2025-12-02T17:11:19.869Z","outcome":"failure","userId":"5cee61d6-7da2-44b7-a651-79ded52d6cb3","teamId":"a6ace483-67ba-4216-a8b8-63d5df0d891d","errorCode":"RATE_LIMIT_EXPORTS","errorMessage":"Export rate limit exceeded (1 per day)"}
[2025-12-02T17:11:19.871Z] [App] [WARN] {"eventId":"28385918-359f-4361-b66d-995412241fbd","eventType":"team.export.failure","timestamp":"2025-12-02T17:11:19.871Z","outcome":"failure","userId":"e82771f2-741f-496a-a6cb-209c5e1fc21d","teamId":"b48ee285-3634-4196-bc95-dec65f5094ce","errorCode":"RATE_LIMIT_EXPORTS","errorMessage":"Export rate limit exceeded (1 per day)"}
[2025-12-02T17:11:19.874Z] [App] [WARN] {"eventId":"cf4c5dad-ac92-40c8-9f41-4ee749e8ae53","eventType":"team.export.failure","timestamp":"2025-12-02T17:11:19.874Z","outcome":"failure","userId":"c286fb96-3c54-4fcd-ab01-536c3692ddab","teamId":"e7ea3a70-3e97-47cb-8fa2-1d0913e292f5","errorCode":"RATE_LIMIT_EXPORTS","errorMessage":"Export rate limit exceeded (1 per day)"}
[2025-12-02T17:11:19.877Z] [App] [WARN] {"eventId":"9b46b1c3-f170-45ee-a551-a3e9ddb575af","eventType":"team.export.failure","timestamp":"2025-12-02T17:11:19.877Z","outcome":"failure","userId":"9217dc89-31e5-45e9-b560-8b15aa424f34","teamId":"3b9266cc-b347-4d08-9fc3-0e64a9fa172c","errorCode":"RATE_LIMIT_EXPORTS","errorMessage":"Export rate limit exceeded (1 per day)"}
[2025-12-02T17:11:19.883Z] [App] [WARN] {"eventId":"9411f535-759d-4b71-87b4-8d27f1412441","eventType":"team.export.failure","timestamp":"2025-12-02T17:11:19.883Z","outcome":"failure","userId":"661433ac-e513-4292-bacc-c64d37cff3ac","teamId":"aec494bb-faad-45f1-ae8d-705c76cd81ff","errorCode":"RATE_LIMIT_EXPORTS","errorMessage":"Export rate limit exceeded (1 per day)"}
[2025-12-02T17:11:19.887Z] [App] [WARN] {"eventId":"30532790-42a6-4598-ab6e-83a26b809d89","eventType":"team.export.failure","timestamp":"2025-12-02T17:11:19.887Z","outcome":"failure","userId":"513d7de2-ceed-4250-937a-60fb8339b9a6","teamId":"c8631077-665b-42cd-9c1b-b4bb57f49e65","errorCode":"RATE_LIMIT_EXPORTS","errorMessage":"Export rate limit exceeded (1 per day)"}
[2025-12-02T17:11:19.891Z] [App] [WARN] {"eventId":"516adab6-a0f9-47b4-961d-351630b0ac05","eventType":"team.export.failure","timestamp":"2025-12-02T17:11:19.891Z","outcome":"failure","userId":"fea09d81-76aa-4751-877d-990be30cf35f","teamId":"9ca38b85-7aa5-4e1f-ab57-e1574b5558a9","errorCode":"RATE_LIMIT_EXPORTS","errorMessage":"Export rate limit exceeded (1 per day)"}
[2025-12-02T17:11:19.902Z] [App] [WARN] {"eventId":"25b14878-a3ca-441a-8d3e-c2df9fc2591a","eventType":"team.export.failure","timestamp":"2025-12-02T17:11:19.902Z","outcome":"failure","userId":"2cdecfb4-f62e-4277-a169-8134d7dae23f","teamId":"af71c20f-915d-46d3-91d2-084aed364c56","errorCode":"RATE_LIMIT_EXPORTS","errorMessage":"Export rate limit exceeded (1 per day)"}
[2025-12-02T17:11:19.905Z] [App] [WARN] {"eventId":"b28adada-c0f3-4b7b-9109-4504b6bc9a51","eventType":"team.export.failure","timestamp":"2025-12-02T17:11:19.905Z","outcome":"failure","userId":"a8ff2443-2ada-4a34-b757-5808369fbf1b","teamId":"3efcd581-2314-47d8-9003-13f9846224df","errorCode":"RATE_LIMIT_EXPORTS","errorMessage":"Export rate limit exceeded (1 per day)"}
[2025-12-02T17:11:19.909Z] [App] [WARN] {"eventId":"bfc739a5-3b47-41f8-8ad2-add5aeb9bae8","eventType":"team.export.failure","timestamp":"2025-12-02T17:11:19.909Z","outcome":"failure","userId":"fba1ee5f-e7f5-4a6b-94e1-1a0caf112967","teamId":"77442aae-67bf-46c5-bf71-73f9c5fd932e","errorCode":"RATE_LIMIT_EXPORTS","errorMessage":"Export rate limit exceeded (1 per day)"}
[2025-12-02T17:11:19.922Z] [App] [WARN] {"eventId":"985ff61a-52fc-4d85-833f-01ca9123c605","eventType":"team.export.failure","timestamp":"2025-12-02T17:11:19.922Z","outcome":"failure","userId":"0283ec5b-ff86-48fb-92cf-8d5195779c50","teamId":"a07700ea-ee01-424f-8a3d-b4823e9de717","errorCode":"RATE_LIMIT_EXPORTS","errorMessage":"Export rate limit exceeded (1 per day)"}
[2025-12-02T17:11:19.933Z] [App] [WARN] {"eventId":"2f8f38d5-0f1f-4124-81cf-e5ac9e565ff8","eventType":"team.export.failure","timestamp":"2025-12-02T17:11:19.933Z","outcome":"failure","userId":"d0abe52a-3f2e-4bb9-93fe-676baefe3410","teamId":"2ddf32a1-b4ca-4c63-b4ce-a2dc560d763a","errorCode":"RATE_LIMIT_EXPORTS","errorMessage":"Export rate limit exceeded (1 per day)"}

 ✓ src/server/teams/__tests__/export.property.test.ts (7 tests) 3554ms
   ✓ Property 22: Data export generates complete JSON > export includes team metadata 603ms
   ✓ Property 22: Data export generates complete JSON > export includes all team members 415ms
   ✓ Property 22: Data export generates complete JSON > export includes all pending invitations 708ms
   ✓ Property 22: Data export generates complete JSON > export includes all projects 878ms
   ✓ Property 22: Data export generates complete JSON > export data is valid JSON serializable 367ms
stdout | Object.info (/Users/BYKHD/Documents/GitHub/ui-syncup/src/lib/logger.ts:175:15)
[2025-12-02T17:11:20.054Z] [App] [INFO] email.worker.sigterm

stdout | src/server/auth/__tests__/rbac.test.ts > RBAC - Property-Based Tests > Property 18: Verified users receive default roles
[2025-12-02T17:11:20.072Z] [App] [INFO] rbac.assign_role.success {
  userId: '30a58eb1-e049-4078-8d7a-bd38110365c0',
  role: 'TEAM_MEMBER',
  resourceType: 'team',
  resourceId: '654e718e-c4a5-4c3a-8a89-78e867a718ab',
  roleId: 'f2b8bd9b-debb-48a7-b228-075c0b535ff3'
}

stdout | src/server/auth/__tests__/rbac.test.ts > RBAC - Property-Based Tests > Property 18: Verified users receive default roles
[2025-12-02T17:11:20.238Z] [App] [INFO] rbac.assign_role.success {
  userId: '04a6653a-0c9c-4b08-a538-d06c814a379c',
  role: 'TEAM_MEMBER',
  resourceType: 'team',
  resourceId: '2fca86cf-cb10-470e-9c55-204f4501da6c',
  roleId: '68346a23-8082-41ba-accc-373d5788f88d'
}

stdout | src/server/auth/__tests__/rbac.test.ts > RBAC - Property-Based Tests > Property 18: Verified users receive default roles
[2025-12-02T17:11:20.400Z] [App] [INFO] rbac.assign_role.success {
  userId: '99528a85-c946-43fc-acc6-31703827f0eb',
  role: 'TEAM_MEMBER',
  resourceType: 'team',
  resourceId: '9f45f272-abb7-4f47-b67a-adfaca3fe0ab',
  roleId: 'e1cf3f8a-130e-4175-8eb6-c180757ef57d'
}

stdout | src/server/auth/__tests__/rbac.test.ts > RBAC - Property-Based Tests > Property 18: Verified users receive default roles
[2025-12-02T17:11:20.539Z] [App] [INFO] rbac.assign_role.success {
  userId: 'd98f7d76-4bb2-40a4-9985-06c7aab5c7b3',
  role: 'TEAM_MEMBER',
  resourceType: 'team',
  resourceId: '34b4bfdd-ae5d-4c7f-af4f-896e83e8b251',
  roleId: '57490b08-337d-4019-a5c4-f3e114b890d2'
}

 ✓ src/server/projects/__tests__/schemas.property.test.ts (18 tests) 2165ms
   ✓ Project Schemas - Property Tests > Property 18: Schema Validation > validates ProjectApiSchema for any valid project 337ms
   ✓ Project Schemas - Property Tests > Property 18: Schema Validation > validates ProjectStatsSchema for any valid stats 338ms
stdout | src/server/auth/__tests__/rbac.test.ts > RBAC - Property-Based Tests > Property 18: Verified users receive default roles
[2025-12-02T17:11:20.689Z] [App] [INFO] rbac.assign_role.success {
  userId: 'f9e8e705-13fe-4ca8-9534-be7b63ad9554',
  role: 'TEAM_MEMBER',
  resourceType: 'team',
  resourceId: 'c1c1ca55-9a43-4352-b986-6eee1eed351e',
  roleId: '42372702-d4f1-4d2d-baa7-a660c4375dee'
}

stdout | src/server/auth/__tests__/rbac.test.ts > RBAC - Property-Based Tests > Property 18: Verified users receive default roles
[2025-12-02T17:11:20.864Z] [App] [INFO] rbac.assign_role.success {
  userId: 'b047c95d-a657-4200-bd94-ee9dc7151d41',
  role: 'TEAM_MEMBER',
  resourceType: 'team',
  resourceId: '6cc20b8d-b0a5-4bf3-ac6b-3955ccda083a',
  roleId: 'cfd4af99-d6c0-4938-ac26-316089311f16'
}

stdout | src/server/auth/__tests__/rbac.test.ts > RBAC - Property-Based Tests > Property 18: Verified users receive default roles
[2025-12-02T17:11:21.021Z] [App] [INFO] rbac.assign_role.success {
  userId: 'bb04bfd2-29c7-4595-b164-86529cf2ca3f',
  role: 'TEAM_MEMBER',
  resourceType: 'team',
  resourceId: '6fce755e-a722-4f62-8778-ac4d26da9239',
  roleId: 'ad176fe4-1c38-4ff2-9588-a13d44cea305'
}

stdout | src/server/auth/__tests__/rbac.test.ts > RBAC - Property-Based Tests > Property 18: Verified users receive default roles
[2025-12-02T17:11:21.160Z] [App] [INFO] rbac.assign_role.success {
  userId: '1e32d18b-2196-4dc8-8b0f-543084e525e2',
  role: 'TEAM_MEMBER',
  resourceType: 'team',
  resourceId: '8e2fea2f-00b5-4f46-aa0b-3a4a50b2bb7a',
  roleId: '433b278d-f593-4196-a54a-92348ceebf31'
}

stdout | src/server/auth/__tests__/rbac.test.ts > RBAC - Property-Based Tests > Property 18: Verified users receive default roles
[2025-12-02T17:11:21.333Z] [App] [INFO] rbac.assign_role.success {
  userId: '426e30e5-823b-4f85-a065-32faf5738b33',
  role: 'TEAM_MEMBER',
  resourceType: 'team',
  resourceId: 'a96bffc6-3ec8-49fb-9bf4-3ae8a3b0db1d',
  roleId: 'c439c6c7-519b-48b5-8a40-66fea1efd003'
}

stdout | src/server/auth/__tests__/rbac.test.ts > RBAC - Property-Based Tests > Property 18: Verified users receive default roles
[2025-12-02T17:11:21.621Z] [App] [INFO] rbac.assign_role.success {
  userId: '72b40255-d2b2-446d-a2c1-5ee4f4daac47',
  role: 'TEAM_MEMBER',
  resourceType: 'team',
  resourceId: 'c24b5514-f383-418e-9a61-c861fb77837b',
  roleId: '293342b2-0308-42a9-8376-1fec41a084a8'
}

stdout | src/server/auth/__tests__/rbac.test.ts > RBAC - Property-Based Tests > Property 18: Verified users receive default roles
[2025-12-02T17:11:21.815Z] [App] [INFO] rbac.assign_role.success {
  userId: 'c1b7772c-ccbb-46aa-aa3b-24ace6bc8809',
  role: 'TEAM_MEMBER',
  resourceType: 'team',
  resourceId: 'e4f32f6e-b8ca-4cde-b1f1-2eafb05b8771',
  roleId: '5c0da3e2-47ad-4942-afdd-7bf147833daf'
}

stdout | src/server/auth/__tests__/rbac.test.ts > RBAC - Property-Based Tests > Property 18: Verified users receive default roles
[2025-12-02T17:11:22.031Z] [App] [INFO] rbac.assign_role.success {
  userId: 'ca8fe342-9c59-47f0-bc7b-c20260ae6473',
  role: 'TEAM_MEMBER',
  resourceType: 'team',
  resourceId: '2b46583c-7994-442f-b60e-0e46b96a1470',
  roleId: 'bcc0b0f4-453b-468e-91aa-1bc76f1ba96e'
}

stdout | src/server/auth/__tests__/rbac.test.ts > RBAC - Property-Based Tests > Property 18: Verified users receive default roles
[2025-12-02T17:11:22.330Z] [App] [INFO] rbac.assign_role.success {
  userId: 'a5e425bc-2a30-48b4-8413-98eeb94e342a',
  role: 'TEAM_MEMBER',
  resourceType: 'team',
  resourceId: '43b3a19b-5b20-4dbb-bb82-b9618c8c4aa8',
  roleId: 'a8cb72b7-c1f1-43f9-be3b-ec0f101a6a89'
}

 ✓ src/app/api/projects/__tests__/route.property.test.ts (5 tests) 2831ms
   ✓ Projects API - Property Tests > Property 4: Pagination correctness 853ms
   ✓ Projects API - Property Tests > Property 3: Filter correctness - status filter 437ms
   ✓ Projects API - Property Tests > Property 3: Filter correctness - visibility filter 1002ms
stdout | src/app/api/auth/reset-password/__tests__/reset-password.property.test.ts > POST /api/auth/reset-password - Property-Based Tests > Property 17: Password reset invalidates all sessions
{"eventId":"dd1345ec-65e7-45ee-abc3-eb78efcfeb09","eventType":"auth.reset_password.success","timestamp":"2025-12-02T17:11:22.607Z","outcome":"success","ipAddress":"127.0.0.1","userAgent":"unknown","requestId":"6130e51d-e900-462b-81f7-e39e175cb766","metadata":{"stage":"attempt"}}

stdout | src/server/auth/__tests__/rbac.test.ts > RBAC - Property-Based Tests > Property 18: Verified users receive default roles
[2025-12-02T17:11:22.641Z] [App] [INFO] rbac.assign_role.success {
  userId: '1eadb87d-7269-49d8-b25c-3fe50e45b0db',
  role: 'TEAM_MEMBER',
  resourceType: 'team',
  resourceId: '44ecb73f-ecec-40ac-94c5-148e2860059f',
  roleId: '82c18bf1-2671-4319-85d1-483a6daee40d'
}

stdout | src/server/auth/__tests__/rbac.test.ts > RBAC - Property-Based Tests > Property 18: Verified users receive default roles
[2025-12-02T17:11:22.782Z] [App] [INFO] rbac.assign_role.success {
  userId: '3e2cc162-534a-40ca-b268-f31bba2bd7a2',
  role: 'TEAM_MEMBER',
  resourceType: 'team',
  resourceId: 'f17a8933-94c1-4d1f-b5e9-58008f09cfd1',
  roleId: 'dbc11133-9d4f-4640-b67c-9711bc0061f1'
}

stdout | src/app/api/auth/reset-password/__tests__/reset-password.property.test.ts > POST /api/auth/reset-password - Property-Based Tests > Property 17: Password reset invalidates all sessions
{"eventId":"1ec8e881-0cdd-4d8a-8f3f-8716a4603177","eventType":"auth.reset_password.success","timestamp":"2025-12-02T17:11:22.898Z","outcome":"success","userId":"bfe9bbd0-5e99-441c-ba8a-00c8f8b1b240","email":"ef8f27429376ad0a","ipAddress":"127.0.0.1","userAgent":"unknown","requestId":"6130e51d-e900-462b-81f7-e39e175cb766","metadata":{"tokenId":"2a69f541-847e-4a8e-97f1-2733d244cd66","sessionsInvalidated":true}}

stdout | src/server/auth/__tests__/rbac.test.ts > RBAC - Property-Based Tests > Property 18: Verified users receive default roles
[2025-12-02T17:11:23.239Z] [App] [INFO] rbac.assign_role.success {
  userId: 'dc782d94-080a-45cc-b26a-060e72525ef9',
  role: 'TEAM_MEMBER',
  resourceType: 'team',
  resourceId: '6c2efa3a-5f8b-408c-bf88-0425ee196d08',
  roleId: 'd16cb737-d57c-489d-a111-6dd36d5181c3'
}

stdout | src/server/auth/__tests__/rbac.test.ts > RBAC - Property-Based Tests > Property 18: Verified users receive default roles
[2025-12-02T17:11:23.476Z] [App] [INFO] rbac.assign_role.success {
  userId: '7c45e9b5-ee0a-4c12-b588-9d5a06b11120',
  role: 'TEAM_MEMBER',
  resourceType: 'team',
  resourceId: '4174f766-3a45-4e6b-82b0-fdf30a6239c5',
  roleId: 'f4b6f8d7-cdd3-453b-b37a-4b4154c7e6bd'
}

stdout | src/app/api/auth/reset-password/__tests__/reset-password.property.test.ts > POST /api/auth/reset-password - Property-Based Tests > Property 17: Password reset invalidates all sessions
{"eventId":"b8842dc2-71ba-42ee-9ce0-51bf795e00e7","eventType":"auth.reset_password.success","timestamp":"2025-12-02T17:11:23.584Z","outcome":"success","ipAddress":"127.0.0.1","userAgent":"unknown","requestId":"c8c2e4a8-db05-4fb9-a978-84247ad87cfa","metadata":{"stage":"attempt"}}

stdout | src/server/auth/__tests__/rbac.test.ts > RBAC - Property-Based Tests > Property 18: Verified users receive default roles
[2025-12-02T17:11:23.658Z] [App] [INFO] rbac.assign_role.success {
  userId: '359d13bb-27f1-42ba-a8f0-58ee9d71607c',
  role: 'TEAM_MEMBER',
  resourceType: 'team',
  resourceId: '3c8ca6be-68d7-45e3-9829-d65e710652f8',
  roleId: '9cb1e94c-a73f-48ef-9222-b08a93b48450'
}

stdout | src/app/api/auth/reset-password/__tests__/reset-password.property.test.ts > POST /api/auth/reset-password - Property-Based Tests > Property 17: Password reset invalidates all sessions
{"eventId":"c21cb42d-059d-402b-b83b-3a5fb78b388f","eventType":"auth.reset_password.success","timestamp":"2025-12-02T17:11:23.747Z","outcome":"success","userId":"bfe9bbd0-5e99-441c-ba8a-00c8f8b1b240","email":"ef8f27429376ad0a","ipAddress":"127.0.0.1","userAgent":"unknown","requestId":"c8c2e4a8-db05-4fb9-a978-84247ad87cfa","metadata":{"tokenId":"cce36ddb-99c1-494f-95a4-1ffe6a5d0d0e","sessionsInvalidated":true}}

stdout | src/server/auth/__tests__/rbac.test.ts > RBAC - Property-Based Tests > Property 18: Verified users receive default roles
[2025-12-02T17:11:23.847Z] [App] [INFO] rbac.assign_role.success {
  userId: '3cac5078-3e08-4f6e-b1b4-7b20b5e37021',
  role: 'TEAM_MEMBER',
  resourceType: 'team',
  resourceId: 'f6f32a6f-8d95-4f6e-910d-54ffcca39914',
  roleId: 'aaa82c51-f937-404d-9bd6-e00826dd35b1'
}

stdout | src/server/auth/__tests__/rbac.test.ts > RBAC - Property-Based Tests > Property 18: Verified users receive default roles
[2025-12-02T17:11:24.031Z] [App] [INFO] rbac.assign_role.success {
  userId: '7b4d6131-def4-41b8-a560-16543558449f',
  role: 'TEAM_MEMBER',
  resourceType: 'team',
  resourceId: '1d2c7962-318d-4474-9948-e2f3f05c48eb',
  roleId: '8305270b-0ae0-4b86-b2cd-6e90beccd47e'
}

stdout | src/app/api/auth/reset-password/__tests__/reset-password.property.test.ts > POST /api/auth/reset-password - Property-Based Tests > Property 17: Password reset invalidates all sessions
{"eventId":"5397f4fa-5c55-43ff-86c0-b862d7bc17a4","eventType":"auth.reset_password.success","timestamp":"2025-12-02T17:11:24.139Z","outcome":"success","ipAddress":"127.0.0.1","userAgent":"unknown","requestId":"3402aee0-85e8-4cf8-83da-20057e47659d","metadata":{"stage":"attempt"}}

stdout | src/server/auth/__tests__/rbac.test.ts > RBAC - Property-Based Tests > Property 18: Verified users receive default roles
[2025-12-02T17:11:24.192Z] [App] [INFO] rbac.assign_role.success {
  userId: 'd5d21e4b-5809-4eca-a07c-8300517b873f',
  role: 'TEAM_MEMBER',
  resourceType: 'team',
  resourceId: '0e50e02a-5f43-46f6-9d7e-a70069cbaff2',
  roleId: 'ce05d3b2-2e97-437d-8f05-fc3fcf4b073c'
}

stdout | src/app/api/auth/reset-password/__tests__/reset-password.property.test.ts > POST /api/auth/reset-password - Property-Based Tests > Property 17: Password reset invalidates all sessions
{"eventId":"c7c81cc4-bf97-4485-8fef-7af30f33a4af","eventType":"auth.reset_password.success","timestamp":"2025-12-02T17:11:24.306Z","outcome":"success","userId":"bfe9bbd0-5e99-441c-ba8a-00c8f8b1b240","email":"ef8f27429376ad0a","ipAddress":"127.0.0.1","userAgent":"unknown","requestId":"3402aee0-85e8-4cf8-83da-20057e47659d","metadata":{"tokenId":"fac175b6-56a4-40c7-b3a9-cc1bbc2a33ca","sessionsInvalidated":true}}

stdout | src/server/auth/__tests__/rbac.test.ts > RBAC - Property-Based Tests > Property 18: Verified users receive default roles
[2025-12-02T17:11:24.310Z] [App] [INFO] rbac.assign_role.success {
  userId: '00a62bda-afd1-4e64-b9a1-2abe61a0fd8c',
  role: 'TEAM_MEMBER',
  resourceType: 'team',
  resourceId: 'a765b406-d995-48f0-b833-2427432de79f',
  roleId: '65df6b68-3686-4963-ace1-64cd7ebf0a6b'
}

stdout | src/server/auth/__tests__/rbac.test.ts > RBAC - Property-Based Tests > Property 18: Verified users receive default roles
[2025-12-02T17:11:24.556Z] [App] [INFO] rbac.assign_role.success {
  userId: '64af3425-20c6-4d92-8b07-29b3d324bb54',
  role: 'TEAM_MEMBER',
  resourceType: 'team',
  resourceId: '9fae820e-e8a7-455e-b012-89345b0922c4',
  roleId: '373ea9c5-c8d3-44a5-8f0d-639e1e9c0b00'
}

stdout | src/server/auth/__tests__/rbac.test.ts > RBAC - Property-Based Tests > Property 18: Verified users receive default roles
[2025-12-02T17:11:24.725Z] [App] [INFO] rbac.assign_role.success {
  userId: '4cff821d-ff45-4ef9-95fa-5534795846a4',
  role: 'TEAM_MEMBER',
  resourceType: 'team',
  resourceId: 'c57ee810-102b-464a-b323-69ed90944138',
  roleId: 'f349bfa6-ce60-4705-866b-6648d8fe1ed7'
}

stdout | src/app/api/auth/reset-password/__tests__/reset-password.property.test.ts > POST /api/auth/reset-password - Property-Based Tests > Property 17: Password reset invalidates all sessions
{"eventId":"046ea52c-4824-4e2b-a68a-e5c9379241c6","eventType":"auth.reset_password.success","timestamp":"2025-12-02T17:11:24.741Z","outcome":"success","ipAddress":"127.0.0.1","userAgent":"unknown","requestId":"54ab1323-7ac0-40de-bb05-c3e9b6ce50ea","metadata":{"stage":"attempt"}}

stderr | src/server/auth/__tests__/login.property.test.ts > Property 8: Rate limiting blocks excessive sign-in attempts > IP-based rate limiting blocks after 5 attempts per minute
{"eventId":"c5ea1212-3a63-468a-9ab8-e68f23c3a134","eventType":"auth.rate_limit.exceeded","timestamp":"2025-12-02T17:11:24.268Z","outcome":"failure","metadata":{"key":"signin:ip:250.6.147.14","limit":10,"windowMs":60000,"count":10,"resetAt":"2025-12-02T17:12:24.267Z"}}
{"eventId":"ccc745c5-b811-46a0-8f4c-4e9cb098d04f","eventType":"auth.rate_limit.exceeded","timestamp":"2025-12-02T17:11:24.269Z","outcome":"failure","metadata":{"key":"signin:ip:250.6.147.14","limit":10,"windowMs":60000,"count":10,"resetAt":"2025-12-02T17:12:24.267Z"}}
{"eventId":"91f1325f-0fa8-4382-9729-aa2abb52b49f","eventType":"auth.rate_limit.exceeded","timestamp":"2025-12-02T17:11:24.269Z","outcome":"failure","metadata":{"key":"signin:ip:27.237.110.4","limit":10,"windowMs":60000,"count":10,"resetAt":"2025-12-02T17:12:24.269Z"}}
{"eventId":"c93cf4b3-2615-4c12-b9f9-3f2d0abc5b73","eventType":"auth.rate_limit.exceeded","timestamp":"2025-12-02T17:11:24.269Z","outcome":"failure","metadata":{"key":"signin:ip:27.237.110.4","limit":10,"windowMs":60000,"count":10,"resetAt":"2025-12-02T17:12:24.269Z"}}
{"eventId":"99ce9afc-1d03-467c-a9d1-0b0134802efd","eventType":"auth.rate_limit.exceeded","timestamp":"2025-12-02T17:11:24.269Z","outcome":"failure","metadata":{"key":"signin:ip:5.74.5.250","limit":10,"windowMs":60000,"count":10,"resetAt":"2025-12-02T17:12:24.269Z"}}
{"eventId":"87c8d752-4a0b-4283-82dc-d302ae64f9f1","eventType":"auth.rate_limit.exceeded","timestamp":"2025-12-02T17:11:24.269Z","outcome":"failure","metadata":{"key":"signin:ip:5.74.5.250","limit":10,"windowMs":60000,"count":10,"resetAt":"2025-12-02T17:12:24.269Z"}}
{"eventId":"888975e6-1275-4fee-83ff-a10447b03fae","eventType":"auth.rate_limit.exceeded","timestamp":"2025-12-02T17:11:24.269Z","outcome":"failure","metadata":{"key":"signin:ip:2.98.4.7","limit":10,"windowMs":60000,"count":10,"resetAt":"2025-12-02T17:12:24.269Z"}}
{"eventId":"ab1aba7d-7d4d-4677-8031-350ff94b1f00","eventType":"auth.rate_limit.exceeded","timestamp":"2025-12-02T17:11:24.269Z","outcome":"failure","metadata":{"key":"signin:ip:2.98.4.7","limit":10,"windowMs":60000,"count":10,"resetAt":"2025-12-02T17:12:24.269Z"}}
{"eventId":"8829bcee-f00d-441b-9a94-6e875f929ac0","eventType":"auth.rate_limit.exceeded","timestamp":"2025-12-02T17:11:24.270Z","outcome":"failure","metadata":{"key":"signin:ip:175.253.16.4","limit":10,"windowMs":60000,"count":10,"resetAt":"2025-12-02T17:12:24.269Z"}}
{"eventId":"93db64a9-4678-4b67-b399-d2ed2da1fb79","eventType":"auth.rate_limit.exceeded","timestamp":"2025-12-02T17:11:24.270Z","outcome":"failure","metadata":{"key":"signin:ip:175.253.16.4","limit":10,"windowMs":60000,"count":10,"resetAt":"2025-12-02T17:12:24.269Z"}}
{"eventId":"3c71d6a7-ddd2-4a53-8630-a5ad00ffedce","eventType":"auth.rate_limit.exceeded","timestamp":"2025-12-02T17:11:24.270Z","outcome":"failure","metadata":{"key":"signin:ip:201.8.59.227","limit":10,"windowMs":60000,"count":10,"resetAt":"2025-12-02T17:12:24.270Z"}}
{"eventId":"f2f11dfe-41ff-474a-b6d7-0d78c6cac8a7","eventType":"auth.rate_limit.exceeded","timestamp":"2025-12-02T17:11:24.270Z","outcome":"failure","metadata":{"key":"signin:ip:201.8.59.227","limit":10,"windowMs":60000,"count":10,"resetAt":"2025-12-02T17:12:24.270Z"}}
{"eventId":"baad7712-5d0c-42fd-88db-4bfb43dca954","eventType":"auth.rate_limit.exceeded","timestamp":"2025-12-02T17:11:24.270Z","outcome":"failure","metadata":{"key":"signin:ip:155.251.240.6","limit":10,"windowMs":60000,"count":10,"resetAt":"2025-12-02T17:12:24.270Z"}}
{"eventId":"4c0aa3f5-a38c-4f9d-b1ed-d8660b961fef","eventType":"auth.rate_limit.exceeded","timestamp":"2025-12-02T17:11:24.270Z","outcome":"failure","metadata":{"key":"signin:ip:155.251.240.6","limit":10,"windowMs":60000,"count":10,"resetAt":"2025-12-02T17:12:24.270Z"}}
{"eventId":"9963458a-7ad4-4fa9-8540-85128a5eead7","eventType":"auth.rate_limit.exceeded","timestamp":"2025-12-02T17:11:24.270Z","outcome":"failure","metadata":{"key":"signin:ip:7.133.3.249","limit":10,"windowMs":60000,"count":10,"resetAt":"2025-12-02T17:12:24.270Z"}}
{"eventId":"fce5a181-9862-409a-a9a1-874e3e3f36e0","eventType":"auth.rate_limit.exceeded","timestamp":"2025-12-02T17:11:24.270Z","outcome":"failure","metadata":{"key":"signin:ip:7.133.3.249","limit":10,"windowMs":60000,"count":10,"resetAt":"2025-12-02T17:12:24.270Z"}}
{"eventId":"9ae11842-0932-4e34-9da3-1382de081ced","eventType":"auth.rate_limit.exceeded","timestamp":"2025-12-02T17:11:24.271Z","outcome":"failure","metadata":{"key":"signin:ip:56.76.123.250","limit":10,"windowMs":60000,"count":10,"resetAt":"2025-12-02T17:12:24.270Z"}}
{"eventId":"bdc1771a-9a8f-4e8e-8e5c-4a6f5058a1f6","eventType":"auth.rate_limit.exceeded","timestamp":"2025-12-02T17:11:24.271Z","outcome":"failure","metadata":{"key":"signin:ip:56.76.123.250","limit":10,"windowMs":60000,"count":10,"resetAt":"2025-12-02T17:12:24.270Z"}}
{"eventId":"7ae9d930-9f43-4eb5-9727-a44aa8cca749","eventType":"auth.rate_limit.exceeded","timestamp":"2025-12-02T17:11:24.271Z","outcome":"failure","metadata":{"key":"signin:ip:4.173.179.6","limit":10,"windowMs":60000,"count":10,"resetAt":"2025-12-02T17:12:24.271Z"}}
{"eventId":"2bddd79b-5e59-4b14-ad2d-8b0e483d99e7","eventType":"auth.rate_limit.exceeded","timestamp":"2025-12-02T17:11:24.271Z","outcome":"failure","metadata":{"key":"signin:ip:4.173.179.6","limit":10,"windowMs":60000,"count":10,"resetAt":"2025-12-02T17:12:24.271Z"}}
{"eventId":"d3445f91-f135-4c62-9209-283ab1becf6d","eventType":"auth.rate_limit.exceeded","timestamp":"2025-12-02T17:11:24.271Z","outcome":"failure","metadata":{"key":"signin:ip:13.2.7.105","limit":10,"windowMs":60000,"count":10,"resetAt":"2025-12-02T17:12:24.271Z"}}
{"eventId":"27299516-f3e3-470b-b394-40f62053a85c","eventType":"auth.rate_limit.exceeded","timestamp":"2025-12-02T17:11:24.271Z","outcome":"failure","metadata":{"key":"signin:ip:13.2.7.105","limit":10,"windowMs":60000,"count":10,"resetAt":"2025-12-02T17:12:24.271Z"}}
{"eventId":"373f0b5d-02a3-43b3-acf1-7c1ccbddb6eb","eventType":"auth.rate_limit.exceeded","timestamp":"2025-12-02T17:11:24.271Z","outcome":"failure","metadata":{"key":"signin:ip:94.4.1.248","limit":10,"windowMs":60000,"count":10,"resetAt":"2025-12-02T17:12:24.271Z"}}
{"eventId":"a5bc014d-004f-4aae-b7b2-13ebac990612","eventType":"auth.rate_limit.exceeded","timestamp":"2025-12-02T17:11:24.271Z","outcome":"failure","metadata":{"key":"signin:ip:94.4.1.248","limit":10,"windowMs":60000,"count":10,"resetAt":"2025-12-02T17:12:24.271Z"}}
{"eventId":"3218e63a-c590-4ff7-83c8-d923dce26d72","eventType":"auth.rate_limit.exceeded","timestamp":"2025-12-02T17:11:24.272Z","outcome":"failure","metadata":{"key":"signin:ip:206.236.127.207","limit":10,"windowMs":60000,"count":10,"resetAt":"2025-12-02T17:12:24.272Z"}}
{"eventId":"4a502eb7-5231-4ef0-97d6-5172c7b33f28","eventType":"auth.rate_limit.exceeded","timestamp":"2025-12-02T17:11:24.272Z","outcome":"failure","metadata":{"key":"signin:ip:206.236.127.207","limit":10,"windowMs":60000,"count":10,"resetAt":"2025-12-02T17:12:24.272Z"}}
{"eventId":"7f97160e-2cd8-478b-8519-0eca5bd26a78","eventType":"auth.rate_limit.exceeded","timestamp":"2025-12-02T17:11:24.272Z","outcome":"failure","metadata":{"key":"signin:ip:189.181.137.251","limit":10,"windowMs":60000,"count":10,"resetAt":"2025-12-02T17:12:24.272Z"}}
{"eventId":"a2f8dc1d-fb76-40df-a948-c2fd5e5b1296","eventType":"auth.rate_limit.exceeded","timestamp":"2025-12-02T17:11:24.272Z","outcome":"failure","metadata":{"key":"signin:ip:189.181.137.251","limit":10,"windowMs":60000,"count":10,"resetAt":"2025-12-02T17:12:24.272Z"}}
{"eventId":"f6ac20be-c228-451a-a500-674183222d95","eventType":"auth.rate_limit.exceeded","timestamp":"2025-12-02T17:11:24.272Z","outcome":"failure","metadata":{"key":"signin:ip:216.11.20.88","limit":10,"windowMs":60000,"count":10,"resetAt":"2025-12-02T17:12:24.272Z"}}
{"eventId":"335cbdfa-d7b4-46f2-87e1-015edabb0ca4","eventType":"auth.rate_limit.exceeded","timestamp":"2025-12-02T17:11:24.272Z","outcome":"failure","metadata":{"key":"signin:ip:216.11.20.88","limit":10,"windowMs":60000,"count":10,"resetAt":"2025-12-02T17:12:24.272Z"}}
{"eventId":"222fc64a-9132-452a-9fbe-ea78c2755744","eventType":"auth.rate_limit.exceeded","timestamp":"2025-12-02T17:11:24.273Z","outcome":"failure","metadata":{"key":"signin:ip:4.67.148.5","limit":10,"windowMs":60000,"count":10,"resetAt":"2025-12-02T17:12:24.272Z"}}
{"eventId":"74dca452-4e37-42cb-8e12-0a67928da887","eventType":"auth.rate_limit.exceeded","timestamp":"2025-12-02T17:11:24.273Z","outcome":"failure","metadata":{"key":"signin:ip:4.67.148.5","limit":10,"windowMs":60000,"count":10,"resetAt":"2025-12-02T17:12:24.272Z"}}
{"eventId":"3ce94d3e-c1b4-4a8f-978f-6ddeedd71fa5","eventType":"auth.rate_limit.exceeded","timestamp":"2025-12-02T17:11:24.273Z","outcome":"failure","metadata":{"key":"signin:ip:22.170.103.95","limit":10,"windowMs":60000,"count":10,"resetAt":"2025-12-02T17:12:24.273Z"}}
{"eventId":"1f0371fb-f2e3-4b90-a10b-c836eebf348e","eventType":"auth.rate_limit.exceeded","timestamp":"2025-12-02T17:11:24.273Z","outcome":"failure","metadata":{"key":"signin:ip:22.170.103.95","limit":10,"windowMs":60000,"count":10,"resetAt":"2025-12-02T17:12:24.273Z"}}
{"eventId":"7fea8424-ffb4-413c-a9cd-70cfd1d28882","eventType":"auth.rate_limit.exceeded","timestamp":"2025-12-02T17:11:24.273Z","outcome":"failure","metadata":{"key":"signin:ip:155.160.54.255","limit":10,"windowMs":60000,"count":10,"resetAt":"2025-12-02T17:12:24.273Z"}}
{"eventId":"eeda86f3-787a-4a34-a92d-7926ae3fa36b","eventType":"auth.rate_limit.exceeded","timestamp":"2025-12-02T17:11:24.273Z","outcome":"failure","metadata":{"key":"signin:ip:155.160.54.255","limit":10,"windowMs":60000,"count":10,"resetAt":"2025-12-02T17:12:24.273Z"}}
{"eventId":"823509de-baaf-4d09-aa5e-80909f3d6fcc","eventType":"auth.rate_limit.exceeded","timestamp":"2025-12-02T17:11:24.273Z","outcome":"failure","metadata":{"key":"signin:ip:137.5.148.223","limit":10,"windowMs":60000,"count":10,"resetAt":"2025-12-02T17:12:24.273Z"}}
{"eventId":"38ca9eca-5d18-4a6c-947e-df81ddf7c760","eventType":"auth.rate_limit.exceeded","timestamp":"2025-12-02T17:11:24.273Z","outcome":"failure","metadata":{"key":"signin:ip:137.5.148.223","limit":10,"windowMs":60000,"count":10,"resetAt":"2025-12-02T17:12:24.273Z"}}
{"eventId":"e2db7354-6d17-4c6f-8836-8a6ee5b9ada5","eventType":"auth.rate_limit.exceeded","timestamp":"2025-12-02T17:11:24.273Z","outcome":"failure","metadata":{"key":"signin:ip:255.251.190.8","limit":10,"windowMs":60000,"count":10,"resetAt":"2025-12-02T17:12:24.273Z"}}
{"eventId":"5f57f638-e4e2-405f-bb20-73bb701884e6","eventType":"auth.rate_limit.exceeded","timestamp":"2025-12-02T17:11:24.273Z","outcome":"failure","metadata":{"key":"signin:ip:255.251.190.8","limit":10,"windowMs":60000,"count":10,"resetAt":"2025-12-02T17:12:24.273Z"}}
{"eventId":"707e177a-7e6e-4d09-8585-452e750eb1b1","eventType":"auth.rate_limit.exceeded","timestamp":"2025-12-02T17:11:24.274Z","outcome":"failure","metadata":{"key":"signin:ip:96.228.3.43","limit":10,"windowMs":60000,"count":10,"resetAt":"2025-12-02T17:12:24.273Z"}}
{"eventId":"e3b67dce-1a1a-4225-9c95-9714f5a12dc2","eventType":"auth.rate_limit.exceeded","timestamp":"2025-12-02T17:11:24.274Z","outcome":"failure","metadata":{"key":"signin:ip:96.228.3.43","limit":10,"windowMs":60000,"count":10,"resetAt":"2025-12-02T17:12:24.273Z"}}
{"eventId":"106f5b38-bc51-4364-bb31-0b53aba71657","eventType":"auth.rate_limit.exceeded","timestamp":"2025-12-02T17:11:24.274Z","outcome":"failure","metadata":{"key":"signin:ip:0.249.231.92","limit":10,"windowMs":60000,"count":10,"resetAt":"2025-12-02T17:12:24.274Z"}}
{"eventId":"eb58a390-8230-4024-a98e-3e11fc61c031","eventType":"auth.rate_limit.exceeded","timestamp":"2025-12-02T17:11:24.274Z","outcome":"failure","metadata":{"key":"signin:ip:0.249.231.92","limit":10,"windowMs":60000,"count":10,"resetAt":"2025-12-02T17:12:24.274Z"}}
{"eventId":"7c372a17-1d7e-4ffb-ba08-e34b1e951a3d","eventType":"auth.rate_limit.exceeded","timestamp":"2025-12-02T17:11:24.274Z","outcome":"failure","metadata":{"key":"signin:ip:5.207.253.231","limit":10,"windowMs":60000,"count":10,"resetAt":"2025-12-02T17:12:24.274Z"}}
{"eventId":"ccf5fbad-87c9-4361-b661-827ce1e0c64f","eventType":"auth.rate_limit.exceeded","timestamp":"2025-12-02T17:11:24.274Z","outcome":"failure","metadata":{"key":"signin:ip:5.207.253.231","limit":10,"windowMs":60000,"count":10,"resetAt":"2025-12-02T17:12:24.274Z"}}
{"eventId":"8f698faf-18e4-4864-a732-235d666dd1fa","eventType":"auth.rate_limit.exceeded","timestamp":"2025-12-02T17:11:24.274Z","outcome":"failure","metadata":{"key":"signin:ip:0.239.254.192","limit":10,"windowMs":60000,"count":10,"resetAt":"2025-12-02T17:12:24.274Z"}}
{"eventId":"cdc67927-9794-49c9-9e5d-0c46dd0c0d57","eventType":"auth.rate_limit.exceeded","timestamp":"2025-12-02T17:11:24.274Z","outcome":"failure","metadata":{"key":"signin:ip:0.239.254.192","limit":10,"windowMs":60000,"count":10,"resetAt":"2025-12-02T17:12:24.274Z"}}
{"eventId":"ca320241-0a05-4f5b-a50c-cdc2f52cc04c","eventType":"auth.rate_limit.exceeded","timestamp":"2025-12-02T17:11:24.274Z","outcome":"failure","metadata":{"key":"signin:ip:253.95.253.2","limit":10,"windowMs":60000,"count":10,"resetAt":"2025-12-02T17:12:24.274Z"}}
{"eventId":"0bfd9c73-599b-4717-81aa-5d736a3622b1","eventType":"auth.rate_limit.exceeded","timestamp":"2025-12-02T17:11:24.274Z","outcome":"failure","metadata":{"key":"signin:ip:253.95.253.2","limit":10,"windowMs":60000,"count":10,"resetAt":"2025-12-02T17:12:24.274Z"}}
{"eventId":"877c1fc6-0ea2-4921-b135-ba9a4bad68ca","eventType":"auth.rate_limit.exceeded","timestamp":"2025-12-02T17:11:24.274Z","outcome":"failure","metadata":{"key":"signin:ip:189.249.201.47","limit":10,"windowMs":60000,"count":10,"resetAt":"2025-12-02T17:12:24.274Z"}}
{"eventId":"9064fe7a-a4b1-4c0f-8177-b2174f13cac0","eventType":"auth.rate_limit.exceeded","timestamp":"2025-12-02T17:11:24.274Z","outcome":"failure","metadata":{"key":"signin:ip:189.249.201.47","limit":10,"windowMs":60000,"count":10,"resetAt":"2025-12-02T17:12:24.274Z"}}
{"eventId":"aae755ad-e217-4762-b180-8d4e48bb7f1e","eventType":"auth.rate_limit.exceeded","timestamp":"2025-12-02T17:11:24.275Z","outcome":"failure","metadata":{"key":"signin:ip:254.61.253.71","limit":10,"windowMs":60000,"count":10,"resetAt":"2025-12-02T17:12:24.274Z"}}
{"eventId":"c47957b1-1e05-4b1d-b9a6-0deee76a6a73","eventType":"auth.rate_limit.exceeded","timestamp":"2025-12-02T17:11:24.275Z","outcome":"failure","metadata":{"key":"signin:ip:254.61.253.71","limit":10,"windowMs":60000,"count":10,"resetAt":"2025-12-02T17:12:24.274Z"}}
{"eventId":"2277ccea-483d-4096-a9ac-7739c1425daf","eventType":"auth.rate_limit.exceeded","timestamp":"2025-12-02T17:11:24.275Z","outcome":"failure","metadata":{"key":"signin:ip:135.54.240.5","limit":10,"windowMs":60000,"count":10,"resetAt":"2025-12-02T17:12:24.275Z"}}
{"eventId":"b1b52ef4-3871-4b07-9c26-a13f13265129","eventType":"auth.rate_limit.exceeded","timestamp":"2025-12-02T17:11:24.275Z","outcome":"failure","metadata":{"key":"signin:ip:135.54.240.5","limit":10,"windowMs":60000,"count":10,"resetAt":"2025-12-02T17:12:24.275Z"}}
{"eventId":"9b0060f1-c187-4ef0-b881-170ce905dafa","eventType":"auth.rate_limit.exceeded","timestamp":"2025-12-02T17:11:24.275Z","outcome":"failure","metadata":{"key":"signin:ip:2.102.249.112","limit":10,"windowMs":60000,"count":10,"resetAt":"2025-12-02T17:12:24.275Z"}}
{"eventId":"7d0d8010-6293-4bb8-8de7-e7735108cd63","eventType":"auth.rate_limit.exceeded","timestamp":"2025-12-02T17:11:24.275Z","outcome":"failure","metadata":{"key":"signin:ip:2.102.249.112","limit":10,"windowMs":60000,"count":10,"resetAt":"2025-12-02T17:12:24.275Z"}}
{"eventId":"6e01220f-4690-42ca-bf28-bf1f633f1fdf","eventType":"auth.rate_limit.exceeded","timestamp":"2025-12-02T17:11:24.275Z","outcome":"failure","metadata":{"key":"signin:ip:179.234.209.250","limit":10,"windowMs":60000,"count":10,"resetAt":"2025-12-02T17:12:24.275Z"}}
{"eventId":"67351dbe-e63c-4de8-9940-b8524f5f7266","eventType":"auth.rate_limit.exceeded","timestamp":"2025-12-02T17:11:24.275Z","outcome":"failure","metadata":{"key":"signin:ip:179.234.209.250","limit":10,"windowMs":60000,"count":10,"resetAt":"2025-12-02T17:12:24.275Z"}}
{"eventId":"04e910af-beaf-4f23-b113-a2108b9d4c58","eventType":"auth.rate_limit.exceeded","timestamp":"2025-12-02T17:11:24.275Z","outcome":"failure","metadata":{"key":"signin:ip:254.210.92.249","limit":10,"windowMs":60000,"count":10,"resetAt":"2025-12-02T17:12:24.275Z"}}
{"eventId":"35d2578f-bdeb-4ba4-b7d2-57584a6dbf2d","eventType":"auth.rate_limit.exceeded","timestamp":"2025-12-02T17:11:24.275Z","outcome":"failure","metadata":{"key":"signin:ip:254.210.92.249","limit":10,"windowMs":60000,"count":10,"resetAt":"2025-12-02T17:12:24.275Z"}}
{"eventId":"1630deb7-97cb-462f-84ad-41c781c1f652","eventType":"auth.rate_limit.exceeded","timestamp":"2025-12-02T17:11:24.275Z","outcome":"failure","metadata":{"key":"signin:ip:253.68.19.255","limit":10,"windowMs":60000,"count":10,"resetAt":"2025-12-02T17:12:24.275Z"}}
{"eventId":"3afbc110-ea93-4eab-87fa-4986e7633317","eventType":"auth.rate_limit.exceeded","timestamp":"2025-12-02T17:11:24.276Z","outcome":"failure","metadata":{"key":"signin:ip:253.68.19.255","limit":10,"windowMs":60000,"count":10,"resetAt":"2025-12-02T17:12:24.275Z"}}
{"eventId":"55c42e6a-c9da-474c-b59b-a5df7c522cdc","eventType":"auth.rate_limit.exceeded","timestamp":"2025-12-02T17:11:24.276Z","outcome":"failure","metadata":{"key":"signin:ip:7.196.181.191","limit":10,"windowMs":60000,"count":10,"resetAt":"2025-12-02T17:12:24.276Z"}}
{"eventId":"c4b2d216-8756-47af-9754-70a997fda43d","eventType":"auth.rate_limit.exceeded","timestamp":"2025-12-02T17:11:24.276Z","outcome":"failure","metadata":{"key":"signin:ip:7.196.181.191","limit":10,"windowMs":60000,"count":10,"resetAt":"2025-12-02T17:12:24.276Z"}}
{"eventId":"f05fd0b5-bdbb-46bb-af32-cc3a7a62dc34","eventType":"auth.rate_limit.exceeded","timestamp":"2025-12-02T17:11:24.276Z","outcome":"failure","metadata":{"key":"signin:ip:182.20.6.249","limit":10,"windowMs":60000,"count":10,"resetAt":"2025-12-02T17:12:24.276Z"}}
{"eventId":"1c6eb04a-8c10-4b8b-bc0e-e4c657160637","eventType":"auth.rate_limit.exceeded","timestamp":"2025-12-02T17:11:24.276Z","outcome":"failure","metadata":{"key":"signin:ip:182.20.6.249","limit":10,"windowMs":60000,"count":10,"resetAt":"2025-12-02T17:12:24.276Z"}}
{"eventId":"def8b96b-5971-453e-ac5a-a6d2627ad338","eventType":"auth.rate_limit.exceeded","timestamp":"2025-12-02T17:11:24.276Z","outcome":"failure","metadata":{"key":"signin:ip:230.196.252.101","limit":10,"windowMs":60000,"count":10,"resetAt":"2025-12-02T17:12:24.276Z"}}
{"eventId":"84c2ee18-4747-4a49-99cc-2b46943ea75d","eventType":"auth.rate_limit.exceeded","timestamp":"2025-12-02T17:11:24.276Z","outcome":"failure","metadata":{"key":"signin:ip:230.196.252.101","limit":10,"windowMs":60000,"count":10,"resetAt":"2025-12-02T17:12:24.276Z"}}
{"eventId":"11d9cd4b-4b13-45dc-9d3a-861a7a600b5f","eventType":"auth.rate_limit.exceeded","timestamp":"2025-12-02T17:11:24.276Z","outcome":"failure","metadata":{"key":"signin:ip:2.205.253.205","limit":10,"windowMs":60000,"count":10,"resetAt":"2025-12-02T17:12:24.276Z"}}
{"eventId":"f1b0264a-9496-4663-9aee-33ee1cd1525a","eventType":"auth.rate_limit.exceeded","timestamp":"2025-12-02T17:11:24.276Z","outcome":"failure","metadata":{"key":"signin:ip:2.205.253.205","limit":10,"windowMs":60000,"count":10,"resetAt":"2025-12-02T17:12:24.276Z"}}
{"eventId":"cd91ff88-de8d-4f5c-affa-abdbb4f33d99","eventType":"auth.rate_limit.exceeded","timestamp":"2025-12-02T17:11:24.276Z","outcome":"failure","metadata":{"key":"signin:ip:208.33.155.157","limit":10,"windowMs":60000,"count":10,"resetAt":"2025-12-02T17:12:24.276Z"}}
{"eventId":"8f047241-c39b-480a-a46a-5b8cd4546afe","eventType":"auth.rate_limit.exceeded","timestamp":"2025-12-02T17:11:24.276Z","outcome":"failure","metadata":{"key":"signin:ip:208.33.155.157","limit":10,"windowMs":60000,"count":10,"resetAt":"2025-12-02T17:12:24.276Z"}}
{"eventId":"625b5890-796c-47ae-8995-5dba8a7b37a9","eventType":"auth.rate_limit.exceeded","timestamp":"2025-12-02T17:11:24.276Z","outcome":"failure","metadata":{"key":"signin:ip:7.216.78.1","limit":10,"windowMs":60000,"count":10,"resetAt":"2025-12-02T17:12:24.276Z"}}
{"eventId":"8c3e8074-0779-4170-a0be-eb86d7f18619","eventType":"auth.rate_limit.exceeded","timestamp":"2025-12-02T17:11:24.277Z","outcome":"failure","metadata":{"key":"signin:ip:7.216.78.1","limit":10,"windowMs":60000,"count":10,"resetAt":"2025-12-02T17:12:24.276Z"}}
{"eventId":"172cc49d-25e1-4c18-9025-950b9dc4260f","eventType":"auth.rate_limit.exceeded","timestamp":"2025-12-02T17:11:24.277Z","outcome":"failure","metadata":{"key":"signin:ip:6.85.7.61","limit":10,"windowMs":60000,"count":10,"resetAt":"2025-12-02T17:12:24.277Z"}}
{"eventId":"89e84fbc-e664-44b0-9a7c-87859ef54539","eventType":"auth.rate_limit.exceeded","timestamp":"2025-12-02T17:11:24.277Z","outcome":"failure","metadata":{"key":"signin:ip:6.85.7.61","limit":10,"windowMs":60000,"count":10,"resetAt":"2025-12-02T17:12:24.277Z"}}
{"eventId":"2e74107c-8faf-4c0d-b8e2-555edff7e6c9","eventType":"auth.rate_limit.exceeded","timestamp":"2025-12-02T17:11:24.277Z","outcome":"failure","metadata":{"key":"signin:ip:2.0.4.7","limit":10,"windowMs":60000,"count":10,"resetAt":"2025-12-02T17:12:24.277Z"}}
{"eventId":"30b0fef7-e66b-4778-b590-542ea512ed53","eventType":"auth.rate_limit.exceeded","timestamp":"2025-12-02T17:11:24.277Z","outcome":"failure","metadata":{"key":"signin:ip:2.0.4.7","limit":10,"windowMs":60000,"count":10,"resetAt":"2025-12-02T17:12:24.277Z"}}
{"eventId":"e1caccaf-56eb-4968-a2c0-7667dd804128","eventType":"auth.rate_limit.exceeded","timestamp":"2025-12-02T17:11:24.277Z","outcome":"failure","metadata":{"key":"signin:ip:65.6.232.113","limit":10,"windowMs":60000,"count":10,"resetAt":"2025-12-02T17:12:24.277Z"}}
{"eventId":"ba56df95-f0a5-47c1-80e5-5eecb5bc636b","eventType":"auth.rate_limit.exceeded","timestamp":"2025-12-02T17:11:24.277Z","outcome":"failure","metadata":{"key":"signin:ip:65.6.232.113","limit":10,"windowMs":60000,"count":10,"resetAt":"2025-12-02T17:12:24.277Z"}}
{"eventId":"2b595be7-f366-4132-904f-7ceb62ed929e","eventType":"auth.rate_limit.exceeded","timestamp":"2025-12-02T17:11:24.277Z","outcome":"failure","metadata":{"key":"signin:ip:98.1.185.4","limit":10,"windowMs":60000,"count":10,"resetAt":"2025-12-02T17:12:24.277Z"}}
{"eventId":"f537668f-3b07-40b7-a13f-6933ab39b6ce","eventType":"auth.rate_limit.exceeded","timestamp":"2025-12-02T17:11:24.277Z","outcome":"failure","metadata":{"key":"signin:ip:98.1.185.4","limit":10,"windowMs":60000,"count":10,"resetAt":"2025-12-02T17:12:24.277Z"}}
{"eventId":"581b2a6c-5ada-4dff-bff3-32843ecc3b45","eventType":"auth.rate_limit.exceeded","timestamp":"2025-12-02T17:11:24.277Z","outcome":"failure","metadata":{"key":"signin:ip:0.192.53.5","limit":10,"windowMs":60000,"count":10,"resetAt":"2025-12-02T17:12:24.277Z"}}
{"eventId":"e1ad12a5-3f65-4df8-aac2-fb28dffff6de","eventType":"auth.rate_limit.exceeded","timestamp":"2025-12-02T17:11:24.277Z","outcome":"failure","metadata":{"key":"signin:ip:0.192.53.5","limit":10,"windowMs":60000,"count":10,"resetAt":"2025-12-02T17:12:24.277Z"}}
{"eventId":"ec04b2d7-50c0-4cc7-8218-bd05b92ff301","eventType":"auth.rate_limit.exceeded","timestamp":"2025-12-02T17:11:24.277Z","outcome":"failure","metadata":{"key":"signin:ip:1.224.146.19","limit":10,"windowMs":60000,"count":10,"resetAt":"2025-12-02T17:12:24.277Z"}}
{"eventId":"73117e57-4903-4a73-a9ca-d4711ece55d1","eventType":"auth.rate_limit.exceeded","timestamp":"2025-12-02T17:11:24.277Z","outcome":"failure","metadata":{"key":"signin:ip:1.224.146.19","limit":10,"windowMs":60000,"count":10,"resetAt":"2025-12-02T17:12:24.277Z"}}
{"eventId":"c7245cca-8764-45fd-bec2-7c26574f1326","eventType":"auth.rate_limit.exceeded","timestamp":"2025-12-02T17:11:24.278Z","outcome":"failure","metadata":{"key":"signin:ip:227.124.249.136","limit":10,"windowMs":60000,"count":10,"resetAt":"2025-12-02T17:12:24.277Z"}}
{"eventId":"8d22f42a-3f54-4ade-b314-eb8e2989ff54","eventType":"auth.rate_limit.exceeded","timestamp":"2025-12-02T17:11:24.278Z","outcome":"failure","metadata":{"key":"signin:ip:227.124.249.136","limit":10,"windowMs":60000,"count":10,"resetAt":"2025-12-02T17:12:24.277Z"}}
{"eventId":"c0530536-6690-4fa2-8d3b-932e714cf7a5","eventType":"auth.rate_limit.exceeded","timestamp":"2025-12-02T17:11:24.278Z","outcome":"failure","metadata":{"key":"signin:ip:6.151.247.5","limit":10,"windowMs":60000,"count":10,"resetAt":"2025-12-02T17:12:24.278Z"}}
{"eventId":"b1412d0b-2195-4c58-8d78-49bb18e3e883","eventType":"auth.rate_limit.exceeded","timestamp":"2025-12-02T17:11:24.278Z","outcome":"failure","metadata":{"key":"signin:ip:6.151.247.5","limit":10,"windowMs":60000,"count":10,"resetAt":"2025-12-02T17:12:24.278Z"}}
{"eventId":"d8aef582-f443-4778-a558-0278cde5e55c","eventType":"auth.rate_limit.exceeded","timestamp":"2025-12-02T17:11:24.278Z","outcome":"failure","metadata":{"key":"signin:ip:95.230.186.229","limit":10,"windowMs":60000,"count":10,"resetAt":"2025-12-02T17:12:24.278Z"}}
{"eventId":"a560a018-3e71-406d-a4e2-2ee872c24de6","eventType":"auth.rate_limit.exceeded","timestamp":"2025-12-02T17:11:24.279Z","outcome":"failure","metadata":{"key":"signin:ip:95.230.186.229","limit":10,"windowMs":60000,"count":10,"resetAt":"2025-12-02T17:12:24.278Z"}}
{"eventId":"8907c488-45fc-4838-bbbf-1ad6fe786aaf","eventType":"auth.rate_limit.exceeded","timestamp":"2025-12-02T17:11:24.279Z","outcome":"failure","metadata":{"key":"signin:ip:4.0.139.250","limit":10,"windowMs":60000,"count":10,"resetAt":"2025-12-02T17:12:24.279Z"}}
{"eventId":"439a8e65-37ba-4a7d-bddc-7395b7b4dd31","eventType":"auth.rate_limit.exceeded","timestamp":"2025-12-02T17:11:24.279Z","outcome":"failure","metadata":{"key":"signin:ip:4.0.139.250","limit":10,"windowMs":60000,"count":10,"resetAt":"2025-12-02T17:12:24.279Z"}}
{"eventId":"c9f7555f-e658-437d-b912-c10e356749ea","eventType":"auth.rate_limit.exceeded","timestamp":"2025-12-02T17:11:24.280Z","outcome":"failure","metadata":{"key":"signin:ip:3.130.47.85","limit":10,"windowMs":60000,"count":10,"resetAt":"2025-12-02T17:12:24.280Z"}}
{"eventId":"346b0ad7-1832-478e-949c-738473fed9ae","eventType":"auth.rate_limit.exceeded","timestamp":"2025-12-02T17:11:24.280Z","outcome":"failure","metadata":{"key":"signin:ip:3.130.47.85","limit":10,"windowMs":60000,"count":10,"resetAt":"2025-12-02T17:12:24.280Z"}}
{"eventId":"71ba268f-d9fc-421a-9797-214543d95b2d","eventType":"auth.rate_limit.exceeded","timestamp":"2025-12-02T17:11:24.281Z","outcome":"failure","metadata":{"key":"signin:ip:32.166.116.3","limit":10,"windowMs":60000,"count":10,"resetAt":"2025-12-02T17:12:24.280Z"}}
{"eventId":"2ab6f66a-106c-4846-b2a7-697ac6e2b601","eventType":"auth.rate_limit.exceeded","timestamp":"2025-12-02T17:11:24.282Z","outcome":"failure","metadata":{"key":"signin:ip:32.166.116.3","limit":10,"windowMs":60000,"count":10,"resetAt":"2025-12-02T17:12:24.280Z"}}
{"eventId":"b47ce344-8b0a-49c2-a258-bcd3c0526c49","eventType":"auth.rate_limit.exceeded","timestamp":"2025-12-02T17:11:24.282Z","outcome":"failure","metadata":{"key":"signin:ip:19.240.238.242","limit":10,"windowMs":60000,"count":10,"resetAt":"2025-12-02T17:12:24.282Z"}}
{"eventId":"027dd8c4-7ab9-4675-ac4e-37d6892b77d5","eventType":"auth.rate_limit.exceeded","timestamp":"2025-12-02T17:11:24.282Z","outcome":"failure","metadata":{"key":"signin:ip:19.240.238.242","limit":10,"windowMs":60000,"count":10,"resetAt":"2025-12-02T17:12:24.282Z"}}
{"eventId":"dfcbb0a1-3c5b-46ff-ac3a-d59af387dd41","eventType":"auth.rate_limit.exceeded","timestamp":"2025-12-02T17:11:24.282Z","outcome":"failure","metadata":{"key":"signin:ip:150.2.214.252","limit":10,"windowMs":60000,"count":10,"resetAt":"2025-12-02T17:12:24.282Z"}}
{"eventId":"9068d1ce-f91f-4a9e-bc79-e1afb907315b","eventType":"auth.rate_limit.exceeded","timestamp":"2025-12-02T17:11:24.282Z","outcome":"failure","metadata":{"key":"signin:ip:150.2.214.252","limit":10,"windowMs":60000,"count":10,"resetAt":"2025-12-02T17:12:24.282Z"}}
{"eventId":"24d816d3-9522-42b6-a162-e8f9682356c8","eventType":"auth.rate_limit.exceeded","timestamp":"2025-12-02T17:11:24.282Z","outcome":"failure","metadata":{"key":"signin:ip:99.103.20.12","limit":10,"windowMs":60000,"count":10,"resetAt":"2025-12-02T17:12:24.282Z"}}
{"eventId":"3cf03a73-77aa-47df-8929-b234b071cfd5","eventType":"auth.rate_limit.exceeded","timestamp":"2025-12-02T17:11:24.282Z","outcome":"failure","metadata":{"key":"signin:ip:99.103.20.12","limit":10,"windowMs":60000,"count":10,"resetAt":"2025-12-02T17:12:24.282Z"}}
{"eventId":"34ba0739-bc91-43e5-be07-a79ce1cab4b9","eventType":"auth.rate_limit.exceeded","timestamp":"2025-12-02T17:11:24.282Z","outcome":"failure","metadata":{"key":"signin:ip:122.175.203.87","limit":10,"windowMs":60000,"count":10,"resetAt":"2025-12-02T17:12:24.282Z"}}
{"eventId":"3b998ff9-98db-468d-a8a5-65717b2b6039","eventType":"auth.rate_limit.exceeded","timestamp":"2025-12-02T17:11:24.283Z","outcome":"failure","metadata":{"key":"signin:ip:122.175.203.87","limit":10,"windowMs":60000,"count":10,"resetAt":"2025-12-02T17:12:24.282Z"}}
{"eventId":"2799dd31-d1a2-4424-b435-725e26b3b5a2","eventType":"auth.rate_limit.exceeded","timestamp":"2025-12-02T17:11:24.283Z","outcome":"failure","metadata":{"key":"signin:ip:50.92.66.126","limit":10,"windowMs":60000,"count":10,"resetAt":"2025-12-02T17:12:24.283Z"}}
{"eventId":"38e74abc-f88a-4f2a-8042-a2be4b4a6f3b","eventType":"auth.rate_limit.exceeded","timestamp":"2025-12-02T17:11:24.283Z","outcome":"failure","metadata":{"key":"signin:ip:50.92.66.126","limit":10,"windowMs":60000,"count":10,"resetAt":"2025-12-02T17:12:24.283Z"}}
{"eventId":"f2098ee2-3d0f-4405-8a6a-ced72fb3619f","eventType":"auth.rate_limit.exceeded","timestamp":"2025-12-02T17:11:24.283Z","outcome":"failure","metadata":{"key":"signin:ip:1.3.183.5","limit":10,"windowMs":60000,"count":10,"resetAt":"2025-12-02T17:12:24.283Z"}}
{"eventId":"06380fe9-e02e-4c96-85eb-f183fa28ea01","eventType":"auth.rate_limit.exceeded","timestamp":"2025-12-02T17:11:24.283Z","outcome":"failure","metadata":{"key":"signin:ip:1.3.183.5","limit":10,"windowMs":60000,"count":10,"resetAt":"2025-12-02T17:12:24.283Z"}}
{"eventId":"dd836f65-e019-46bd-8246-a3c001ac4c5b","eventType":"auth.rate_limit.exceeded","timestamp":"2025-12-02T17:11:24.283Z","outcome":"failure","metadata":{"key":"signin:ip:255.168.30.2","limit":10,"windowMs":60000,"count":10,"resetAt":"2025-12-02T17:12:24.283Z"}}
{"eventId":"337d2916-cf70-4421-be1b-7eed8546b136","eventType":"auth.rate_limit.exceeded","timestamp":"2025-12-02T17:11:24.283Z","outcome":"failure","metadata":{"key":"signin:ip:255.168.30.2","limit":10,"windowMs":60000,"count":10,"resetAt":"2025-12-02T17:12:24.283Z"}}
{"eventId":"2df15582-655b-4eb3-95af-c7ec7bffe12e","eventType":"auth.rate_limit.exceeded","timestamp":"2025-12-02T17:11:24.283Z","outcome":"failure","metadata":{"key":"signin:ip:1.3.2.6","limit":10,"windowMs":60000,"count":10,"resetAt":"2025-12-02T17:12:24.283Z"}}
{"eventId":"ec3db57d-2ec2-42d4-952e-a41c35070f20","eventType":"auth.rate_limit.exceeded","timestamp":"2025-12-02T17:11:24.283Z","outcome":"failure","metadata":{"key":"signin:ip:1.3.2.6","limit":10,"windowMs":60000,"count":10,"resetAt":"2025-12-02T17:12:24.283Z"}}
{"eventId":"7522d6a5-2c20-40d1-b565-713d13a43c30","eventType":"auth.rate_limit.exceeded","timestamp":"2025-12-02T17:11:24.283Z","outcome":"failure","metadata":{"key":"signin:ip:58.117.3.1","limit":10,"windowMs":60000,"count":10,"resetAt":"2025-12-02T17:12:24.283Z"}}
{"eventId":"0be21a7a-2aaa-4c33-90e6-12101558de2c","eventType":"auth.rate_limit.exceeded","timestamp":"2025-12-02T17:11:24.283Z","outcome":"failure","metadata":{"key":"signin:ip:58.117.3.1","limit":10,"windowMs":60000,"count":10,"resetAt":"2025-12-02T17:12:24.283Z"}}
{"eventId":"ec094515-d472-46ab-a0ca-7cbe281f0193","eventType":"auth.rate_limit.exceeded","timestamp":"2025-12-02T17:11:24.283Z","outcome":"failure","metadata":{"key":"signin:ip:6.26.255.253","limit":10,"windowMs":60000,"count":10,"resetAt":"2025-12-02T17:12:24.283Z"}}
{"eventId":"0fc1ab34-6631-4a4e-8a90-6051055787da","eventType":"auth.rate_limit.exceeded","timestamp":"2025-12-02T17:11:24.283Z","outcome":"failure","metadata":{"key":"signin:ip:6.26.255.253","limit":10,"windowMs":60000,"count":10,"resetAt":"2025-12-02T17:12:24.283Z"}}
{"eventId":"935ffd0f-3cad-4b30-ac6e-e363140e0f4f","eventType":"auth.rate_limit.exceeded","timestamp":"2025-12-02T17:11:24.284Z","outcome":"failure","metadata":{"key":"signin:ip:195.164.98.113","limit":10,"windowMs":60000,"count":10,"resetAt":"2025-12-02T17:12:24.284Z"}}
{"eventId":"1b34c10d-824a-46ae-ad65-05a64b3408b4","eventType":"auth.rate_limit.exceeded","timestamp":"2025-12-02T17:11:24.284Z","outcome":"failure","metadata":{"key":"signin:ip:195.164.98.113","limit":10,"windowMs":60000,"count":10,"resetAt":"2025-12-02T17:12:24.284Z"}}
{"eventId":"199c945b-c3c7-4be0-8bd1-69075c755bb5","eventType":"auth.rate_limit.exceeded","timestamp":"2025-12-02T17:11:24.284Z","outcome":"failure","metadata":{"key":"signin:ip:9.183.54.251","limit":10,"windowMs":60000,"count":10,"resetAt":"2025-12-02T17:12:24.284Z"}}
{"eventId":"82a32955-65ea-4e4f-b1f6-61656a8c0f88","eventType":"auth.rate_limit.exceeded","timestamp":"2025-12-02T17:11:24.284Z","outcome":"failure","metadata":{"key":"signin:ip:9.183.54.251","limit":10,"windowMs":60000,"count":10,"resetAt":"2025-12-02T17:12:24.284Z"}}
{"eventId":"a40254fe-5f25-46d5-8dd7-78fd44d5635f","eventType":"auth.rate_limit.exceeded","timestamp":"2025-12-02T17:11:24.284Z","outcome":"failure","metadata":{"key":"signin:ip:180.1.232.249","limit":10,"windowMs":60000,"count":10,"resetAt":"2025-12-02T17:12:24.284Z"}}
{"eventId":"7856feca-b72c-475f-87a4-725a7c5c9898","eventType":"auth.rate_limit.exceeded","timestamp":"2025-12-02T17:11:24.284Z","outcome":"failure","metadata":{"key":"signin:ip:180.1.232.249","limit":10,"windowMs":60000,"count":10,"resetAt":"2025-12-02T17:12:24.284Z"}}
{"eventId":"5b15869a-8bbc-4f5c-9f4e-c17790fad076","eventType":"auth.rate_limit.exceeded","timestamp":"2025-12-02T17:11:24.284Z","outcome":"failure","metadata":{"key":"signin:ip:205.176.217.95","limit":10,"windowMs":60000,"count":10,"resetAt":"2025-12-02T17:12:24.284Z"}}
{"eventId":"b6322ce7-6680-43e0-b05b-1dfcdb4c35cf","eventType":"auth.rate_limit.exceeded","timestamp":"2025-12-02T17:11:24.284Z","outcome":"failure","metadata":{"key":"signin:ip:205.176.217.95","limit":10,"windowMs":60000,"count":10,"resetAt":"2025-12-02T17:12:24.284Z"}}
{"eventId":"717a4eee-bfe3-46f8-b8ee-ca03dfb78a59","eventType":"auth.rate_limit.exceeded","timestamp":"2025-12-02T17:11:24.284Z","outcome":"failure","metadata":{"key":"signin:ip:76.251.186.92","limit":10,"windowMs":60000,"count":10,"resetAt":"2025-12-02T17:12:24.284Z"}}
{"eventId":"f0220f1d-a8db-46de-b7b4-7519402a6c09","eventType":"auth.rate_limit.exceeded","timestamp":"2025-12-02T17:11:24.284Z","outcome":"failure","metadata":{"key":"signin:ip:76.251.186.92","limit":10,"windowMs":60000,"count":10,"resetAt":"2025-12-02T17:12:24.284Z"}}
{"eventId":"e27a818e-8cbb-47e4-94cb-a95f66ef744e","eventType":"auth.rate_limit.exceeded","timestamp":"2025-12-02T17:11:24.284Z","outcome":"failure","metadata":{"key":"signin:ip:4.107.108.245","limit":10,"windowMs":60000,"count":10,"resetAt":"2025-12-02T17:12:24.284Z"}}
{"eventId":"a965bea0-9752-4fed-a3cb-f0d7a452c991","eventType":"auth.rate_limit.exceeded","timestamp":"2025-12-02T17:11:24.284Z","outcome":"failure","metadata":{"key":"signin:ip:4.107.108.245","limit":10,"windowMs":60000,"count":10,"resetAt":"2025-12-02T17:12:24.284Z"}}
{"eventId":"1bd1a858-9670-4c0a-8a95-b4cf32ba3b01","eventType":"auth.rate_limit.exceeded","timestamp":"2025-12-02T17:11:24.285Z","outcome":"failure","metadata":{"key":"signin:ip:255.250.162.151","limit":10,"windowMs":60000,"count":10,"resetAt":"2025-12-02T17:12:24.284Z"}}
{"eventId":"9ac28684-dd06-4214-9d39-17c68246958a","eventType":"auth.rate_limit.exceeded","timestamp":"2025-12-02T17:11:24.285Z","outcome":"failure","metadata":{"key":"signin:ip:255.250.162.151","limit":10,"windowMs":60000,"count":10,"resetAt":"2025-12-02T17:12:24.284Z"}}
{"eventId":"f5ed163a-d174-40ea-bfbe-b4960b22f83e","eventType":"auth.rate_limit.exceeded","timestamp":"2025-12-02T17:11:24.285Z","outcome":"failure","metadata":{"key":"signin:ip:55.252.10.214","limit":10,"windowMs":60000,"count":10,"resetAt":"2025-12-02T17:12:24.285Z"}}
{"eventId":"b97ec40e-79c8-4cd8-89e4-621dbeb4ff57","eventType":"auth.rate_limit.exceeded","timestamp":"2025-12-02T17:11:24.285Z","outcome":"failure","metadata":{"key":"signin:ip:55.252.10.214","limit":10,"windowMs":60000,"count":10,"resetAt":"2025-12-02T17:12:24.285Z"}}
{"eventId":"9e2ca1e6-31a6-4b50-94de-cb20478a88c2","eventType":"auth.rate_limit.exceeded","timestamp":"2025-12-02T17:11:24.285Z","outcome":"failure","metadata":{"key":"signin:ip:252.113.19.249","limit":10,"windowMs":60000,"count":10,"resetAt":"2025-12-02T17:12:24.285Z"}}
{"eventId":"01836faa-d81a-4265-9d2c-b01c5ce72b44","eventType":"auth.rate_limit.exceeded","timestamp":"2025-12-02T17:11:24.285Z","outcome":"failure","metadata":{"key":"signin:ip:252.113.19.249","limit":10,"windowMs":60000,"count":10,"resetAt":"2025-12-02T17:12:24.285Z"}}
{"eventId":"e9ce1826-b4ff-4e11-9055-597977d860c3","eventType":"auth.rate_limit.exceeded","timestamp":"2025-12-02T17:11:24.285Z","outcome":"failure","metadata":{"key":"signin:ip:191.223.221.198","limit":10,"windowMs":60000,"count":10,"resetAt":"2025-12-02T17:12:24.285Z"}}
{"eventId":"788bcab7-190e-4c50-8916-10f8cc37942f","eventType":"auth.rate_limit.exceeded","timestamp":"2025-12-02T17:11:24.285Z","outcome":"failure","metadata":{"key":"signin:ip:191.223.221.198","limit":10,"windowMs":60000,"count":10,"resetAt":"2025-12-02T17:12:24.285Z"}}
{"eventId":"cd8fe2e2-7c23-473c-b7fc-545e3420c2fb","eventType":"auth.rate_limit.exceeded","timestamp":"2025-12-02T17:11:24.285Z","outcome":"failure","metadata":{"key":"signin:ip:74.234.98.112","limit":10,"windowMs":60000,"count":10,"resetAt":"2025-12-02T17:12:24.285Z"}}
{"eventId":"84d3c457-ed9c-4c1a-b674-85f311ec982f","eventType":"auth.rate_limit.exceeded","timestamp":"2025-12-02T17:11:24.285Z","outcome":"failure","metadata":{"key":"signin:ip:74.234.98.112","limit":10,"windowMs":60000,"count":10,"resetAt":"2025-12-02T17:12:24.285Z"}}
{"eventId":"0be06f3d-810c-47ef-9ce2-b50339c383fa","eventType":"auth.rate_limit.exceeded","timestamp":"2025-12-02T17:11:24.285Z","outcome":"failure","metadata":{"key":"signin:ip:1.83.29.52","limit":10,"windowMs":60000,"count":10,"resetAt":"2025-12-02T17:12:24.285Z"}}
{"eventId":"1a1e9d28-f5db-49bc-89c3-beddf02e992b","eventType":"auth.rate_limit.exceeded","timestamp":"2025-12-02T17:11:24.285Z","outcome":"failure","metadata":{"key":"signin:ip:1.83.29.52","limit":10,"windowMs":60000,"count":10,"resetAt":"2025-12-02T17:12:24.285Z"}}
{"eventId":"75e068c8-2198-4314-94b2-06915ef94cd2","eventType":"auth.rate_limit.exceeded","timestamp":"2025-12-02T17:11:24.285Z","outcome":"failure","metadata":{"key":"signin:ip:255.249.172.252","limit":10,"windowMs":60000,"count":10,"resetAt":"2025-12-02T17:12:24.285Z"}}
{"eventId":"71637477-06a1-499a-8ed6-905306afae39","eventType":"auth.rate_limit.exceeded","timestamp":"2025-12-02T17:11:24.285Z","outcome":"failure","metadata":{"key":"signin:ip:255.249.172.252","limit":10,"windowMs":60000,"count":10,"resetAt":"2025-12-02T17:12:24.285Z"}}
{"eventId":"70ee208a-e042-43dc-b3ac-c47c5fc26e6b","eventType":"auth.rate_limit.exceeded","timestamp":"2025-12-02T17:11:24.286Z","outcome":"failure","metadata":{"key":"signin:ip:178.6.6.68","limit":10,"windowMs":60000,"count":10,"resetAt":"2025-12-02T17:12:24.286Z"}}
{"eventId":"fe8c0379-818a-4ea7-9a0e-41551f3031d9","eventType":"auth.rate_limit.exceeded","timestamp":"2025-12-02T17:11:24.286Z","outcome":"failure","metadata":{"key":"signin:ip:178.6.6.68","limit":10,"windowMs":60000,"count":10,"resetAt":"2025-12-02T17:12:24.286Z"}}
{"eventId":"a4277bf8-0762-4497-8572-f2c08f170d05","eventType":"auth.rate_limit.exceeded","timestamp":"2025-12-02T17:11:24.286Z","outcome":"failure","metadata":{"key":"signin:ip:114.191.5.220","limit":10,"windowMs":60000,"count":10,"resetAt":"2025-12-02T17:12:24.286Z"}}
{"eventId":"3381299b-eb92-40ca-a5de-2ca87e287c34","eventType":"auth.rate_limit.exceeded","timestamp":"2025-12-02T17:11:24.286Z","outcome":"failure","metadata":{"key":"signin:ip:114.191.5.220","limit":10,"windowMs":60000,"count":10,"resetAt":"2025-12-02T17:12:24.286Z"}}
{"eventId":"1866717a-3700-402d-b9c0-919f714b96b7","eventType":"auth.rate_limit.exceeded","timestamp":"2025-12-02T17:11:24.286Z","outcome":"failure","metadata":{"key":"signin:ip:0.178.6.123","limit":10,"windowMs":60000,"count":10,"resetAt":"2025-12-02T17:12:24.286Z"}}
{"eventId":"8c279d8d-9e4a-47c5-8083-ced4e0dbc1a8","eventType":"auth.rate_limit.exceeded","timestamp":"2025-12-02T17:11:24.286Z","outcome":"failure","metadata":{"key":"signin:ip:0.178.6.123","limit":10,"windowMs":60000,"count":10,"resetAt":"2025-12-02T17:12:24.286Z"}}
{"eventId":"b847518d-3522-4154-8541-01c79b837211","eventType":"auth.rate_limit.exceeded","timestamp":"2025-12-02T17:11:24.286Z","outcome":"failure","metadata":{"key":"signin:ip:1.5.39.4","limit":10,"windowMs":60000,"count":10,"resetAt":"2025-12-02T17:12:24.286Z"}}
{"eventId":"80c7e9b8-55f3-474f-87e9-17e42728e5c3","eventType":"auth.rate_limit.exceeded","timestamp":"2025-12-02T17:11:24.286Z","outcome":"failure","metadata":{"key":"signin:ip:1.5.39.4","limit":10,"windowMs":60000,"count":10,"resetAt":"2025-12-02T17:12:24.286Z"}}
{"eventId":"2cac9217-1395-46c0-88f5-47e3a7950ef8","eventType":"auth.rate_limit.exceeded","timestamp":"2025-12-02T17:11:24.286Z","outcome":"failure","metadata":{"key":"signin:ip:224.224.249.6","limit":10,"windowMs":60000,"count":10,"resetAt":"2025-12-02T17:12:24.286Z"}}
{"eventId":"6c0be99d-5a77-4146-b03c-d360aef016c5","eventType":"auth.rate_limit.exceeded","timestamp":"2025-12-02T17:11:24.286Z","outcome":"failure","metadata":{"key":"signin:ip:224.224.249.6","limit":10,"windowMs":60000,"count":10,"resetAt":"2025-12-02T17:12:24.286Z"}}
{"eventId":"42117110-017c-4462-8d47-2f9275d6209a","eventType":"auth.rate_limit.exceeded","timestamp":"2025-12-02T17:11:24.286Z","outcome":"failure","metadata":{"key":"signin:ip:0.33.19.205","limit":10,"windowMs":60000,"count":10,"resetAt":"2025-12-02T17:12:24.286Z"}}
{"eventId":"bf4cce9a-ac00-4400-aa0a-ad0304c195ef","eventType":"auth.rate_limit.exceeded","timestamp":"2025-12-02T17:11:24.286Z","outcome":"failure","metadata":{"key":"signin:ip:0.33.19.205","limit":10,"windowMs":60000,"count":10,"resetAt":"2025-12-02T17:12:24.286Z"}}
{"eventId":"4f8cf446-9842-42b7-95b8-9f43d8803f0b","eventType":"auth.rate_limit.exceeded","timestamp":"2025-12-02T17:11:24.287Z","outcome":"failure","metadata":{"key":"signin:ip:105.96.242.66","limit":10,"windowMs":60000,"count":10,"resetAt":"2025-12-02T17:12:24.286Z"}}
{"eventId":"6847134d-78ba-4469-8e20-62b521978a75","eventType":"auth.rate_limit.exceeded","timestamp":"2025-12-02T17:11:24.287Z","outcome":"failure","metadata":{"key":"signin:ip:105.96.242.66","limit":10,"windowMs":60000,"count":10,"resetAt":"2025-12-02T17:12:24.286Z"}}
{"eventId":"6d8d174d-6f1b-4ce4-9ba0-ef7fd0fa84b3","eventType":"auth.rate_limit.exceeded","timestamp":"2025-12-02T17:11:24.287Z","outcome":"failure","metadata":{"key":"signin:ip:224.176.68.240","limit":10,"windowMs":60000,"count":10,"resetAt":"2025-12-02T17:12:24.287Z"}}
{"eventId":"58134b9c-9d35-4b33-bc4b-2466b73240d8","eventType":"auth.rate_limit.exceeded","timestamp":"2025-12-02T17:11:24.287Z","outcome":"failure","metadata":{"key":"signin:ip:224.176.68.240","limit":10,"windowMs":60000,"count":10,"resetAt":"2025-12-02T17:12:24.287Z"}}
{"eventId":"64667bcb-43f0-4cfd-b63d-e1a444efca32","eventType":"auth.rate_limit.exceeded","timestamp":"2025-12-02T17:11:24.287Z","outcome":"failure","metadata":{"key":"signin:ip:4.178.203.254","limit":10,"windowMs":60000,"count":10,"resetAt":"2025-12-02T17:12:24.287Z"}}
{"eventId":"c5782085-fb19-41e9-99d8-e4f211e307ea","eventType":"auth.rate_limit.exceeded","timestamp":"2025-12-02T17:11:24.287Z","outcome":"failure","metadata":{"key":"signin:ip:4.178.203.254","limit":10,"windowMs":60000,"count":10,"resetAt":"2025-12-02T17:12:24.287Z"}}
{"eventId":"30ff12a4-85e0-4d1b-a10f-6046747b4cf8","eventType":"auth.rate_limit.exceeded","timestamp":"2025-12-02T17:11:24.287Z","outcome":"failure","metadata":{"key":"signin:ip:127.227.0.254","limit":10,"windowMs":60000,"count":10,"resetAt":"2025-12-02T17:12:24.287Z"}}
{"eventId":"d29674f9-b7a3-4267-b629-6f36f620ec44","eventType":"auth.rate_limit.exceeded","timestamp":"2025-12-02T17:11:24.287Z","outcome":"failure","metadata":{"key":"signin:ip:127.227.0.254","limit":10,"windowMs":60000,"count":10,"resetAt":"2025-12-02T17:12:24.287Z"}}
{"eventId":"5b0fe0d2-f3cb-498e-bf43-f5fe6c2bb286","eventType":"auth.rate_limit.exceeded","timestamp":"2025-12-02T17:11:24.287Z","outcome":"failure","metadata":{"key":"signin:ip:5.100.105.141","limit":10,"windowMs":60000,"count":10,"resetAt":"2025-12-02T17:12:24.287Z"}}
{"eventId":"b1bcfd9c-aa99-4e9c-8f89-5a3cd41380c2","eventType":"auth.rate_limit.exceeded","timestamp":"2025-12-02T17:11:24.287Z","outcome":"failure","metadata":{"key":"signin:ip:5.100.105.141","limit":10,"windowMs":60000,"count":10,"resetAt":"2025-12-02T17:12:24.287Z"}}
{"eventId":"285e6465-bd89-494f-9a75-1632a4f052e8","eventType":"auth.rate_limit.exceeded","timestamp":"2025-12-02T17:11:24.287Z","outcome":"failure","metadata":{"key":"signin:ip:30.254.121.4","limit":10,"windowMs":60000,"count":10,"resetAt":"2025-12-02T17:12:24.287Z"}}
{"eventId":"11198d88-fc64-4caa-b884-d24282642ac6","eventType":"auth.rate_limit.exceeded","timestamp":"2025-12-02T17:11:24.287Z","outcome":"failure","metadata":{"key":"signin:ip:30.254.121.4","limit":10,"windowMs":60000,"count":10,"resetAt":"2025-12-02T17:12:24.287Z"}}
{"eventId":"f36c004a-bd93-4f68-8b82-c872b4f04350","eventType":"auth.rate_limit.exceeded","timestamp":"2025-12-02T17:11:24.287Z","outcome":"failure","metadata":{"key":"signin:ip:32.48.216.250","limit":10,"windowMs":60000,"count":10,"resetAt":"2025-12-02T17:12:24.287Z"}}
{"eventId":"da3c60be-5c05-46b8-9558-04fca885c921","eventType":"auth.rate_limit.exceeded","timestamp":"2025-12-02T17:11:24.287Z","outcome":"failure","metadata":{"key":"signin:ip:32.48.216.250","limit":10,"windowMs":60000,"count":10,"resetAt":"2025-12-02T17:12:24.287Z"}}
{"eventId":"8e693068-e340-48b5-b137-7cf9b0d807a7","eventType":"auth.rate_limit.exceeded","timestamp":"2025-12-02T17:11:24.288Z","outcome":"failure","metadata":{"key":"signin:ip:7.16.111.1","limit":10,"windowMs":60000,"count":10,"resetAt":"2025-12-02T17:12:24.287Z"}}
{"eventId":"bcbd78c4-fdc5-46de-b8ab-3a29a006eba8","eventType":"auth.rate_limit.exceeded","timestamp":"2025-12-02T17:11:24.288Z","outcome":"failure","metadata":{"key":"signin:ip:7.16.111.1","limit":10,"windowMs":60000,"count":10,"resetAt":"2025-12-02T17:12:24.287Z"}}
{"eventId":"a4c6b122-d5d4-4c8a-b6c8-e9282a8f6835","eventType":"auth.rate_limit.exceeded","timestamp":"2025-12-02T17:11:24.288Z","outcome":"failure","metadata":{"key":"signin:ip:244.1.51.163","limit":10,"windowMs":60000,"count":10,"resetAt":"2025-12-02T17:12:24.288Z"}}
{"eventId":"d36e6832-9589-4959-823b-605a39865737","eventType":"auth.rate_limit.exceeded","timestamp":"2025-12-02T17:11:24.288Z","outcome":"failure","metadata":{"key":"signin:ip:244.1.51.163","limit":10,"windowMs":60000,"count":10,"resetAt":"2025-12-02T17:12:24.288Z"}}
{"eventId":"9a4310b9-ff0b-4727-8ee7-c2b08ab74ceb","eventType":"auth.rate_limit.exceeded","timestamp":"2025-12-02T17:11:24.288Z","outcome":"failure","metadata":{"key":"signin:ip:245.7.9.129","limit":10,"windowMs":60000,"count":10,"resetAt":"2025-12-02T17:12:24.288Z"}}
{"eventId":"d1dd34c9-3722-4801-ac56-a15817ab10e2","eventType":"auth.rate_limit.exceeded","timestamp":"2025-12-02T17:11:24.288Z","outcome":"failure","metadata":{"key":"signin:ip:245.7.9.129","limit":10,"windowMs":60000,"count":10,"resetAt":"2025-12-02T17:12:24.288Z"}}
{"eventId":"b236676d-fe90-47eb-8f7e-0235331abaca","eventType":"auth.rate_limit.exceeded","timestamp":"2025-12-02T17:11:24.288Z","outcome":"failure","metadata":{"key":"signin:ip:12.177.208.249","limit":10,"windowMs":60000,"count":10,"resetAt":"2025-12-02T17:12:24.288Z"}}
{"eventId":"f2cdcaf7-4d85-4fd5-bafb-b771e6ca2196","eventType":"auth.rate_limit.exceeded","timestamp":"2025-12-02T17:11:24.288Z","outcome":"failure","metadata":{"key":"signin:ip:12.177.208.249","limit":10,"windowMs":60000,"count":10,"resetAt":"2025-12-02T17:12:24.288Z"}}
{"eventId":"633dca8e-69aa-4422-9239-616aef0a4fec","eventType":"auth.rate_limit.exceeded","timestamp":"2025-12-02T17:11:24.288Z","outcome":"failure","metadata":{"key":"signin:ip:252.219.3.21","limit":10,"windowMs":60000,"count":10,"resetAt":"2025-12-02T17:12:24.288Z"}}
{"eventId":"5e0ecd57-e43b-4763-ae96-fad48b0d2543","eventType":"auth.rate_limit.exceeded","timestamp":"2025-12-02T17:11:24.288Z","outcome":"failure","metadata":{"key":"signin:ip:252.219.3.21","limit":10,"windowMs":60000,"count":10,"resetAt":"2025-12-02T17:12:24.288Z"}}
{"eventId":"c7d9aae0-49ab-4bc4-be59-efe17a7189dd","eventType":"auth.rate_limit.exceeded","timestamp":"2025-12-02T17:11:24.288Z","outcome":"failure","metadata":{"key":"signin:ip:254.28.52.73","limit":10,"windowMs":60000,"count":10,"resetAt":"2025-12-02T17:12:24.288Z"}}
{"eventId":"f2e9743a-d2cd-44ac-92a1-b76f221644a1","eventType":"auth.rate_limit.exceeded","timestamp":"2025-12-02T17:11:24.288Z","outcome":"failure","metadata":{"key":"signin:ip:254.28.52.73","limit":10,"windowMs":60000,"count":10,"resetAt":"2025-12-02T17:12:24.288Z"}}
{"eventId":"84d18a3c-993b-466a-93f3-00472ffedff6","eventType":"auth.rate_limit.exceeded","timestamp":"2025-12-02T17:11:24.289Z","outcome":"failure","metadata":{"key":"signin:ip:251.4.6.28","limit":10,"windowMs":60000,"count":10,"resetAt":"2025-12-02T17:12:24.288Z"}}
{"eventId":"fe381ca9-c5c6-4c52-8ebc-aedc2345dd1a","eventType":"auth.rate_limit.exceeded","timestamp":"2025-12-02T17:11:24.289Z","outcome":"failure","metadata":{"key":"signin:ip:251.4.6.28","limit":10,"windowMs":60000,"count":10,"resetAt":"2025-12-02T17:12:24.288Z"}}
{"eventId":"675d062c-e9d9-4b4d-a9af-278e1734e2ea","eventType":"auth.rate_limit.exceeded","timestamp":"2025-12-02T17:11:24.289Z","outcome":"failure","metadata":{"key":"signin:ip:248.6.200.32","limit":10,"windowMs":60000,"count":10,"resetAt":"2025-12-02T17:12:24.289Z"}}
{"eventId":"f04fc653-4acb-4904-8952-ea78602e3d97","eventType":"auth.rate_limit.exceeded","timestamp":"2025-12-02T17:11:24.289Z","outcome":"failure","metadata":{"key":"signin:ip:248.6.200.32","limit":10,"windowMs":60000,"count":10,"resetAt":"2025-12-02T17:12:24.289Z"}}
{"eventId":"6f0d28b4-9b31-44fb-b4e1-08847d31bb0c","eventType":"auth.rate_limit.exceeded","timestamp":"2025-12-02T17:11:24.289Z","outcome":"failure","metadata":{"key":"signin:ip:0.0.222.0","limit":10,"windowMs":60000,"count":10,"resetAt":"2025-12-02T17:12:24.289Z"}}
{"eventId":"cd556e65-5286-4367-b54a-b2c93ea35613","eventType":"auth.rate_limit.exceeded","timestamp":"2025-12-02T17:11:24.289Z","outcome":"failure","metadata":{"key":"signin:ip:0.0.222.0","limit":10,"windowMs":60000,"count":10,"resetAt":"2025-12-02T17:12:24.289Z"}}
{"eventId":"2a1ab026-f1aa-4a71-a4ca-94eb6d5cabbb","eventType":"auth.rate_limit.exceeded","timestamp":"2025-12-02T17:11:24.289Z","outcome":"failure","metadata":{"key":"signin:ip:127.250.246.253","limit":10,"windowMs":60000,"count":10,"resetAt":"2025-12-02T17:12:24.289Z"}}
{"eventId":"091448a7-ac5c-4b3a-9442-74805d368f3c","eventType":"auth.rate_limit.exceeded","timestamp":"2025-12-02T17:11:24.289Z","outcome":"failure","metadata":{"key":"signin:ip:127.250.246.253","limit":10,"windowMs":60000,"count":10,"resetAt":"2025-12-02T17:12:24.289Z"}}
{"eventId":"8d20b94b-ef5c-4277-908d-7aa288bffdcb","eventType":"auth.rate_limit.exceeded","timestamp":"2025-12-02T17:11:24.289Z","outcome":"failure","metadata":{"key":"signin:ip:84.252.250.6","limit":10,"windowMs":60000,"count":10,"resetAt":"2025-12-02T17:12:24.289Z"}}
{"eventId":"39f4ab0e-b493-4318-8e4b-0c6f76000828","eventType":"auth.rate_limit.exceeded","timestamp":"2025-12-02T17:11:24.289Z","outcome":"failure","metadata":{"key":"signin:ip:84.252.250.6","limit":10,"windowMs":60000,"count":10,"resetAt":"2025-12-02T17:12:24.289Z"}}
{"eventId":"110fc6d4-5b35-40d1-bb7b-741c5c50f861","eventType":"auth.rate_limit.exceeded","timestamp":"2025-12-02T17:11:24.289Z","outcome":"failure","metadata":{"key":"signin:ip:10.212.248.2","limit":10,"windowMs":60000,"count":10,"resetAt":"2025-12-02T17:12:24.289Z"}}
{"eventId":"9195193f-fa06-455d-8f4c-2d3690a81a81","eventType":"auth.rate_limit.exceeded","timestamp":"2025-12-02T17:11:24.289Z","outcome":"failure","metadata":{"key":"signin:ip:10.212.248.2","limit":10,"windowMs":60000,"count":10,"resetAt":"2025-12-02T17:12:24.289Z"}}
{"eventId":"3706301d-aeec-473e-8f7c-9e382f89b48a","eventType":"auth.rate_limit.exceeded","timestamp":"2025-12-02T17:11:24.289Z","outcome":"failure","metadata":{"key":"signin:ip:156.238.251.24","limit":10,"windowMs":60000,"count":10,"resetAt":"2025-12-02T17:12:24.289Z"}}
{"eventId":"0d9ce609-b481-43db-a22a-779b01231526","eventType":"auth.rate_limit.exceeded","timestamp":"2025-12-02T17:11:24.289Z","outcome":"failure","metadata":{"key":"signin:ip:156.238.251.24","limit":10,"windowMs":60000,"count":10,"resetAt":"2025-12-02T17:12:24.289Z"}}
{"eventId":"219b36b4-27eb-4a51-9917-6db92e045a0c","eventType":"auth.rate_limit.exceeded","timestamp":"2025-12-02T17:11:24.290Z","outcome":"failure","metadata":{"key":"signin:ip:72.172.242.23","limit":10,"windowMs":60000,"count":10,"resetAt":"2025-12-02T17:12:24.289Z"}}
{"eventId":"e7b9c2b6-2118-4eea-98ed-9164b5c597b0","eventType":"auth.rate_limit.exceeded","timestamp":"2025-12-02T17:11:24.290Z","outcome":"failure","metadata":{"key":"signin:ip:72.172.242.23","limit":10,"windowMs":60000,"count":10,"resetAt":"2025-12-02T17:12:24.289Z"}}

stderr | src/server/auth/__tests__/login.property.test.ts > Property 8: Rate limiting blocks excessive sign-in attempts > Email-based rate limiting blocks after 3 attempts per 15 minutes
{"eventId":"07e4b122-d888-4ac3-b29f-bdc0b025ada6","eventType":"auth.rate_limit.exceeded","timestamp":"2025-12-02T17:11:24.467Z","outcome":"failure","metadata":{"key":"signin:email:$%sg-.g.40ldmq.otcmi&o^.--e?2.tp?74z0n0&un.t7_?pfb8sc.ws7~yfq@kkeyp.bi","limit":10,"windowMs":900000,"count":10,"resetAt":"2025-12-02T17:26:24.467Z"}}
{"eventId":"e0ec9f96-0c15-4baa-b91d-da5026142a12","eventType":"auth.rate_limit.exceeded","timestamp":"2025-12-02T17:11:24.467Z","outcome":"failure","metadata":{"key":"signin:email:$%sg-.g.40ldmq.otcmi&o^.--e?2.tp?74z0n0&un.t7_?pfb8sc.ws7~yfq@kkeyp.bi","limit":10,"windowMs":900000,"count":10,"resetAt":"2025-12-02T17:26:24.467Z"}}
{"eventId":"e1ed8a75-7145-4a65-8468-8904c6ac31a2","eventType":"auth.rate_limit.exceeded","timestamp":"2025-12-02T17:11:24.467Z","outcome":"failure","metadata":{"key":"signin:email:rotd.=a&c.torcallefref.gu#&$x+a@cbami7cora5j.eap","limit":10,"windowMs":900000,"count":10,"resetAt":"2025-12-02T17:26:24.467Z"}}
{"eventId":"4737d6bc-b94a-4c69-b0d4-fc3137325e01","eventType":"auth.rate_limit.exceeded","timestamp":"2025-12-02T17:11:24.467Z","outcome":"failure","metadata":{"key":"signin:email:rotd.=a&c.torcallefref.gu#&$x+a@cbami7cora5j.eap","limit":10,"windowMs":900000,"count":10,"resetAt":"2025-12-02T17:26:24.467Z"}}
{"eventId":"b6cd9b6e-8f3a-4c0e-aa41-8d433959d7f1","eventType":"auth.rate_limit.exceeded","timestamp":"2025-12-02T17:11:24.467Z","outcome":"failure","metadata":{"key":"signin:email:x`e8_}a&$?_.f`5|c`|@6n.mk","limit":10,"windowMs":900000,"count":10,"resetAt":"2025-12-02T17:26:24.467Z"}}
{"eventId":"7d34b87c-3365-4a95-940d-b6a61e21077c","eventType":"auth.rate_limit.exceeded","timestamp":"2025-12-02T17:11:24.467Z","outcome":"failure","metadata":{"key":"signin:email:x`e8_}a&$?_.f`5|c`|@6n.mk","limit":10,"windowMs":900000,"count":10,"resetAt":"2025-12-02T17:26:24.467Z"}}
{"eventId":"58f023a3-971f-4442-988b-5955aef854d9","eventType":"auth.rate_limit.exceeded","timestamp":"2025-12-02T17:11:24.467Z","outcome":"failure","metadata":{"key":"signin:email:|em@lfvofx5w16x.ww","limit":10,"windowMs":900000,"count":10,"resetAt":"2025-12-02T17:26:24.467Z"}}
{"eventId":"0624d353-401a-4376-8606-51f3a1385657","eventType":"auth.rate_limit.exceeded","timestamp":"2025-12-02T17:11:24.467Z","outcome":"failure","metadata":{"key":"signin:email:|em@lfvofx5w16x.ww","limit":10,"windowMs":900000,"count":10,"resetAt":"2025-12-02T17:26:24.467Z"}}
{"eventId":"7ffc89c7-2096-4982-b575-54a66a3a2790","eventType":"auth.rate_limit.exceeded","timestamp":"2025-12-02T17:11:24.468Z","outcome":"failure","metadata":{"key":"signin:email:8.8087rn4-800o.%z|w'0-~&a/.v19h%vw.`3*}99-`.?r/w+jv-s'@vis2ksdeqan.hqjo8l7q0.as","limit":10,"windowMs":900000,"count":10,"resetAt":"2025-12-02T17:26:24.468Z"}}
{"eventId":"3d892613-8873-4a6a-b9c0-15cb9fd74d04","eventType":"auth.rate_limit.exceeded","timestamp":"2025-12-02T17:11:24.468Z","outcome":"failure","metadata":{"key":"signin:email:8.8087rn4-800o.%z|w'0-~&a/.v19h%vw.`3*}99-`.?r/w+jv-s'@vis2ksdeqan.hqjo8l7q0.as","limit":10,"windowMs":900000,"count":10,"resetAt":"2025-12-02T17:26:24.468Z"}}
{"eventId":"92fb96a1-2649-45d9-96c7-801de66cdede","eventType":"auth.rate_limit.exceeded","timestamp":"2025-12-02T17:11:24.468Z","outcome":"failure","metadata":{"key":"signin:email:su.vezhisv`y@b6o.om","limit":10,"windowMs":900000,"count":10,"resetAt":"2025-12-02T17:26:24.468Z"}}
{"eventId":"f609ac14-f438-407a-b4aa-0431a20f542d","eventType":"auth.rate_limit.exceeded","timestamp":"2025-12-02T17:11:24.468Z","outcome":"failure","metadata":{"key":"signin:email:su.vezhisv`y@b6o.om","limit":10,"windowMs":900000,"count":10,"resetAt":"2025-12-02T17:26:24.468Z"}}
{"eventId":"27e51e80-0b9c-4b08-8bd8-89ebfb1f760b","eventType":"auth.rate_limit.exceeded","timestamp":"2025-12-02T17:11:24.468Z","outcome":"failure","metadata":{"key":"signin:email:_*u9.?jq188}b.g!k.48n%*.y.^-sb*l?8!.{~^.qzk@bwd.mqhbkg9.ref","limit":10,"windowMs":900000,"count":10,"resetAt":"2025-12-02T17:26:24.468Z"}}
{"eventId":"aae171f4-ebbe-4a23-a1dc-4fe60428ff15","eventType":"auth.rate_limit.exceeded","timestamp":"2025-12-02T17:11:24.468Z","outcome":"failure","metadata":{"key":"signin:email:_*u9.?jq188}b.g!k.48n%*.y.^-sb*l?8!.{~^.qzk@bwd.mqhbkg9.ref","limit":10,"windowMs":900000,"count":10,"resetAt":"2025-12-02T17:26:24.468Z"}}
{"eventId":"3c67b821-0f52-41c8-820a-1ecbb213c2b5","eventType":"auth.rate_limit.exceeded","timestamp":"2025-12-02T17:11:24.468Z","outcome":"failure","metadata":{"key":"signin:email:0!.g92suew43cm%@m65a29gza.skx","limit":10,"windowMs":900000,"count":10,"resetAt":"2025-12-02T17:26:24.468Z"}}
{"eventId":"57639263-45f4-4c17-bf2d-3176193a7d9e","eventType":"auth.rate_limit.exceeded","timestamp":"2025-12-02T17:11:24.468Z","outcome":"failure","metadata":{"key":"signin:email:0!.g92suew43cm%@m65a29gza.skx","limit":10,"windowMs":900000,"count":10,"resetAt":"2025-12-02T17:26:24.468Z"}}
{"eventId":"f0962a77-8ef6-4094-b937-a564a27ee9c9","eventType":"auth.rate_limit.exceeded","timestamp":"2025-12-02T17:11:24.468Z","outcome":"failure","metadata":{"key":"signin:email:vel~r#^.q.%'gw4mk@1cbltf.bixhrezao.ojp","limit":10,"windowMs":900000,"count":10,"resetAt":"2025-12-02T17:26:24.468Z"}}
{"eventId":"091cdae3-dfdb-4d65-a215-3e0c9c8bbba2","eventType":"auth.rate_limit.exceeded","timestamp":"2025-12-02T17:11:24.468Z","outcome":"failure","metadata":{"key":"signin:email:vel~r#^.q.%'gw4mk@1cbltf.bixhrezao.ojp","limit":10,"windowMs":900000,"count":10,"resetAt":"2025-12-02T17:26:24.468Z"}}
{"eventId":"74bf90f8-0552-4815-8508-ac48d42d6bec","eventType":"auth.rate_limit.exceeded","timestamp":"2025-12-02T17:11:24.469Z","outcome":"failure","metadata":{"key":"signin:email:^4452n.67z`l7f$/.=yetih5l^o.ubh.!w{_jyz^vy.z/hs&^e^f4+3@5v.g.dc","limit":10,"windowMs":900000,"count":10,"resetAt":"2025-12-02T17:26:24.469Z"}}
{"eventId":"387192e7-837a-4500-859f-e5fa6a4ec52c","eventType":"auth.rate_limit.exceeded","timestamp":"2025-12-02T17:11:24.469Z","outcome":"failure","metadata":{"key":"signin:email:^4452n.67z`l7f$/.=yetih5l^o.ubh.!w{_jyz^vy.z/hs&^e^f4+3@5v.g.dc","limit":10,"windowMs":900000,"count":10,"resetAt":"2025-12-02T17:26:24.469Z"}}
{"eventId":"62b491e1-1482-4c5a-9ef0-95b732b21381","eventType":"auth.rate_limit.exceeded","timestamp":"2025-12-02T17:11:24.469Z","outcome":"failure","metadata":{"key":"signin:email:*t}56.qoq3i*.{_+%~*p.q2~$.uoo8.l4#3zsj*%?.q'g.so+w.%~`yk$f@ia2kq06k7.r0jjz.im","limit":10,"windowMs":900000,"count":10,"resetAt":"2025-12-02T17:26:24.469Z"}}
{"eventId":"fd22d6be-9a5d-4147-b9fb-64a68b39e337","eventType":"auth.rate_limit.exceeded","timestamp":"2025-12-02T17:11:24.469Z","outcome":"failure","metadata":{"key":"signin:email:*t}56.qoq3i*.{_+%~*p.q2~$.uoo8.l4#3zsj*%?.q'g.so+w.%~`yk$f@ia2kq06k7.r0jjz.im","limit":10,"windowMs":900000,"count":10,"resetAt":"2025-12-02T17:26:24.469Z"}}
{"eventId":"a2bc8b8e-da9f-4325-bab3-dd05447d8b97","eventType":"auth.rate_limit.exceeded","timestamp":"2025-12-02T17:11:24.469Z","outcome":"failure","metadata":{"key":"signin:email:=0p--==c+1.?b~|5!-}.x'~'*kd}%o.rv/nv=.q?y68mnq.4.*rd_x.!1@w768c69ck7w.xtmlsm18g1ky.bem","limit":10,"windowMs":900000,"count":10,"resetAt":"2025-12-02T17:26:24.469Z"}}
{"eventId":"e73447eb-72ff-4fdd-9156-0d24a6eaaf8a","eventType":"auth.rate_limit.exceeded","timestamp":"2025-12-02T17:11:24.469Z","outcome":"failure","metadata":{"key":"signin:email:=0p--==c+1.?b~|5!-}.x'~'*kd}%o.rv/nv=.q?y68mnq.4.*rd_x.!1@w768c69ck7w.xtmlsm18g1ky.bem","limit":10,"windowMs":900000,"count":10,"resetAt":"2025-12-02T17:26:24.469Z"}}
{"eventId":"1083bf4c-4298-4330-9119-881b8722f56a","eventType":"auth.rate_limit.exceeded","timestamp":"2025-12-02T17:11:24.470Z","outcome":"failure","metadata":{"key":"signin:email:$av-29f|.4!*tf.f!aj`lyl+ip.j5d7%-p}c.3i-'o5pnzz*.r1*=!%'!@mrfxengvns8.cb","limit":10,"windowMs":900000,"count":10,"resetAt":"2025-12-02T17:26:24.469Z"}}
{"eventId":"f6211379-a285-4425-92f0-55c8dd71fcb3","eventType":"auth.rate_limit.exceeded","timestamp":"2025-12-02T17:11:24.470Z","outcome":"failure","metadata":{"key":"signin:email:$av-29f|.4!*tf.f!aj`lyl+ip.j5d7%-p}c.3i-'o5pnzz*.r1*=!%'!@mrfxengvns8.cb","limit":10,"windowMs":900000,"count":10,"resetAt":"2025-12-02T17:26:24.469Z"}}
{"eventId":"816d4059-1322-4d24-8bc3-047778496f58","eventType":"auth.rate_limit.exceeded","timestamp":"2025-12-02T17:11:24.470Z","outcome":"failure","metadata":{"key":"signin:email:8$x*_.fui9~olq{./!j.&~uq!g@8dtgy.ln1toq0u3jlw.eb","limit":10,"windowMs":900000,"count":10,"resetAt":"2025-12-02T17:26:24.470Z"}}
{"eventId":"782f2443-a469-4cac-8ac3-f0754d25af8c","eventType":"auth.rate_limit.exceeded","timestamp":"2025-12-02T17:11:24.470Z","outcome":"failure","metadata":{"key":"signin:email:8$x*_.fui9~olq{./!j.&~uq!g@8dtgy.ln1toq0u3jlw.eb","limit":10,"windowMs":900000,"count":10,"resetAt":"2025-12-02T17:26:24.470Z"}}
{"eventId":"19e519fb-d58d-4141-9612-1aee0c2df690","eventType":"auth.rate_limit.exceeded","timestamp":"2025-12-02T17:11:24.470Z","outcome":"failure","metadata":{"key":"signin:email:vp{4w4|jgp#`.?b#q.`e/^j.`uaq_cx8-.g-m.9zg-.mnracq.p&bido|mvc8@83zn2ss12uw.0a60grjif.by","limit":10,"windowMs":900000,"count":10,"resetAt":"2025-12-02T17:26:24.470Z"}}
{"eventId":"9f9d02d2-8616-4118-82a0-f2d751544bd8","eventType":"auth.rate_limit.exceeded","timestamp":"2025-12-02T17:11:24.470Z","outcome":"failure","metadata":{"key":"signin:email:vp{4w4|jgp#`.?b#q.`e/^j.`uaq_cx8-.g-m.9zg-.mnracq.p&bido|mvc8@83zn2ss12uw.0a60grjif.by","limit":10,"windowMs":900000,"count":10,"resetAt":"2025-12-02T17:26:24.470Z"}}
{"eventId":"e746580d-ae63-4a1e-91d8-4bb9075ea706","eventType":"auth.rate_limit.exceeded","timestamp":"2025-12-02T17:11:24.470Z","outcome":"failure","metadata":{"key":"signin:email:t}k/ch%jpp.|m_|d42j'*.haz#%3r.fq.pg.7/`n+/il.j.jcka.j6@76u9rflyl.zx","limit":10,"windowMs":900000,"count":10,"resetAt":"2025-12-02T17:26:24.470Z"}}
{"eventId":"0bc235db-8712-4497-9a02-1e75434eb61f","eventType":"auth.rate_limit.exceeded","timestamp":"2025-12-02T17:11:24.470Z","outcome":"failure","metadata":{"key":"signin:email:t}k/ch%jpp.|m_|d42j'*.haz#%3r.fq.pg.7/`n+/il.j.jcka.j6@76u9rflyl.zx","limit":10,"windowMs":900000,"count":10,"resetAt":"2025-12-02T17:26:24.470Z"}}
{"eventId":"5cddf4d5-65f4-47cf-9df6-7dc8d41db746","eventType":"auth.rate_limit.exceeded","timestamp":"2025-12-02T17:11:24.471Z","outcome":"failure","metadata":{"key":"signin:email:?efy$t56.y.x57|.tyx{cg*d#5?.z+ls#xq%~^=1.5hv`0}.k73h#9.$p/!9@jpb.emc","limit":10,"windowMs":900000,"count":10,"resetAt":"2025-12-02T17:26:24.470Z"}}
{"eventId":"7c7c0ce0-6764-4a01-86b5-04d2e6f48b63","eventType":"auth.rate_limit.exceeded","timestamp":"2025-12-02T17:11:24.471Z","outcome":"failure","metadata":{"key":"signin:email:?efy$t56.y.x57|.tyx{cg*d#5?.z+ls#xq%~^=1.5hv`0}.k73h#9.$p/!9@jpb.emc","limit":10,"windowMs":900000,"count":10,"resetAt":"2025-12-02T17:26:24.470Z"}}
{"eventId":"29291359-eb37-434e-92e3-5a5805291458","eventType":"auth.rate_limit.exceeded","timestamp":"2025-12-02T17:11:24.471Z","outcome":"failure","metadata":{"key":"signin:email:it'.t@fa.in","limit":10,"windowMs":900000,"count":10,"resetAt":"2025-12-02T17:26:24.471Z"}}
{"eventId":"aeddfbce-b4a3-45ac-bd23-44e6b6e80327","eventType":"auth.rate_limit.exceeded","timestamp":"2025-12-02T17:11:24.471Z","outcome":"failure","metadata":{"key":"signin:email:it'.t@fa.in","limit":10,"windowMs":900000,"count":10,"resetAt":"2025-12-02T17:26:24.471Z"}}
{"eventId":"c2d3e322-73f1-48b5-8dd2-c884b0157739","eventType":"auth.rate_limit.exceeded","timestamp":"2025-12-02T17:11:24.471Z","outcome":"failure","metadata":{"key":"signin:email:*?.__proto__.&cu9?$`.2_~q+`wv._d.0fh}a/%&-c#.b0@fprototype7.hy","limit":10,"windowMs":900000,"count":10,"resetAt":"2025-12-02T17:26:24.471Z"}}
{"eventId":"ff70b496-fa2a-47be-b091-d24214c8a7c3","eventType":"auth.rate_limit.exceeded","timestamp":"2025-12-02T17:11:24.471Z","outcome":"failure","metadata":{"key":"signin:email:*?.__proto__.&cu9?$`.2_~q+`wv._d.0fh}a/%&-c#.b0@fprototype7.hy","limit":10,"windowMs":900000,"count":10,"resetAt":"2025-12-02T17:26:24.471Z"}}
{"eventId":"d728feba-a950-4970-9aca-c7d33c42dc5f","eventType":"auth.rate_limit.exceeded","timestamp":"2025-12-02T17:11:24.471Z","outcome":"failure","metadata":{"key":"signin:email:nk1=%2.vnud1.55kzv09v4bw@2k9ya.l8h276266mxl.heb","limit":10,"windowMs":900000,"count":10,"resetAt":"2025-12-02T17:26:24.471Z"}}
{"eventId":"c80ab55f-2eb6-4ebe-a4d1-83f303ee29a3","eventType":"auth.rate_limit.exceeded","timestamp":"2025-12-02T17:11:24.471Z","outcome":"failure","metadata":{"key":"signin:email:nk1=%2.vnud1.55kzv09v4bw@2k9ya.l8h276266mxl.heb","limit":10,"windowMs":900000,"count":10,"resetAt":"2025-12-02T17:26:24.471Z"}}
{"eventId":"b4c9b956-a08e-4767-a5d7-0a7f568b4729","eventType":"auth.rate_limit.exceeded","timestamp":"2025-12-02T17:11:24.471Z","outcome":"failure","metadata":{"key":"signin:email:8.%qmb.tn0#cy.}u%.0x`@ezi.ej","limit":10,"windowMs":900000,"count":10,"resetAt":"2025-12-02T17:26:24.471Z"}}
{"eventId":"62c539d5-095c-422f-b2f9-3c647c0529cc","eventType":"auth.rate_limit.exceeded","timestamp":"2025-12-02T17:11:24.471Z","outcome":"failure","metadata":{"key":"signin:email:8.%qmb.tn0#cy.}u%.0x`@ezi.ej","limit":10,"windowMs":900000,"count":10,"resetAt":"2025-12-02T17:26:24.471Z"}}
{"eventId":"c677dc37-81e6-4cab-93ba-3cebbbf8afc0","eventType":"auth.rate_limit.exceeded","timestamp":"2025-12-02T17:11:24.472Z","outcome":"failure","metadata":{"key":"signin:email:r#lf+&4@q9.xy","limit":10,"windowMs":900000,"count":10,"resetAt":"2025-12-02T17:26:24.471Z"}}
{"eventId":"2f4ae229-2d13-41ae-a3a3-351c204574da","eventType":"auth.rate_limit.exceeded","timestamp":"2025-12-02T17:11:24.475Z","outcome":"failure","metadata":{"key":"signin:email:r#lf+&4@q9.xy","limit":10,"windowMs":900000,"count":10,"resetAt":"2025-12-02T17:26:24.471Z"}}
{"eventId":"6868718d-bd73-4615-a8a2-76b3114dcd87","eventType":"auth.rate_limit.exceeded","timestamp":"2025-12-02T17:11:24.481Z","outcome":"failure","metadata":{"key":"signin:email:#2dk.s*h{x.3~lbs4mve^*g.x91ox51~du.tjf{|.5jclpsuv.5'=qhtk.6/_.-|@m15okdl.mdk5cbpg4qpg.rp","limit":10,"windowMs":900000,"count":10,"resetAt":"2025-12-02T17:26:24.481Z"}}
{"eventId":"cc72592a-e466-4b84-bc1f-c5d1a33f1d5a","eventType":"auth.rate_limit.exceeded","timestamp":"2025-12-02T17:11:24.481Z","outcome":"failure","metadata":{"key":"signin:email:#2dk.s*h{x.3~lbs4mve^*g.x91ox51~du.tjf{|.5jclpsuv.5'=qhtk.6/_.-|@m15okdl.mdk5cbpg4qpg.rp","limit":10,"windowMs":900000,"count":10,"resetAt":"2025-12-02T17:26:24.481Z"}}
{"eventId":"ac1b1463-d018-4efc-af8e-76fd00b7ee2d","eventType":"auth.rate_limit.exceeded","timestamp":"2025-12-02T17:11:24.483Z","outcome":"failure","metadata":{"key":"signin:email:zy'5'+t5/x=y.la*73@my5-naqaq.b.hs","limit":10,"windowMs":900000,"count":10,"resetAt":"2025-12-02T17:26:24.481Z"}}
{"eventId":"1e89983b-8617-4ab4-8380-ba89924f769a","eventType":"auth.rate_limit.exceeded","timestamp":"2025-12-02T17:11:24.483Z","outcome":"failure","metadata":{"key":"signin:email:zy'5'+t5/x=y.la*73@my5-naqaq.b.hs","limit":10,"windowMs":900000,"count":10,"resetAt":"2025-12-02T17:26:24.481Z"}}
{"eventId":"b441c986-d18a-4660-8bdb-02e76e38573e","eventType":"auth.rate_limit.exceeded","timestamp":"2025-12-02T17:11:24.484Z","outcome":"failure","metadata":{"key":"signin:email:b.k|lvrc.ew.o.|o^5c1%.nx6p-i@b0.lp","limit":10,"windowMs":900000,"count":10,"resetAt":"2025-12-02T17:26:24.484Z"}}
{"eventId":"4c0fadee-2daf-40cb-8257-62d74bf05f4f","eventType":"auth.rate_limit.exceeded","timestamp":"2025-12-02T17:11:24.484Z","outcome":"failure","metadata":{"key":"signin:email:b.k|lvrc.ew.o.|o^5c1%.nx6p-i@b0.lp","limit":10,"windowMs":900000,"count":10,"resetAt":"2025-12-02T17:26:24.484Z"}}
{"eventId":"d581d67d-061b-4d1b-983d-df6de868cdeb","eventType":"auth.rate_limit.exceeded","timestamp":"2025-12-02T17:11:24.484Z","outcome":"failure","metadata":{"key":"signin:email:9h3j&.c@wiv.b0zk930n5vu.yxx","limit":10,"windowMs":900000,"count":10,"resetAt":"2025-12-02T17:26:24.484Z"}}
{"eventId":"77ea3673-4636-4998-848e-56618f24e55e","eventType":"auth.rate_limit.exceeded","timestamp":"2025-12-02T17:11:24.484Z","outcome":"failure","metadata":{"key":"signin:email:9h3j&.c@wiv.b0zk930n5vu.yxx","limit":10,"windowMs":900000,"count":10,"resetAt":"2025-12-02T17:26:24.484Z"}}
{"eventId":"1a3433bf-8c19-4fc1-8d86-853eb547859f","eventType":"auth.rate_limit.exceeded","timestamp":"2025-12-02T17:11:24.485Z","outcome":"failure","metadata":{"key":"signin:email:f&a_n8!lh.5tib@v.ca","limit":10,"windowMs":900000,"count":10,"resetAt":"2025-12-02T17:26:24.484Z"}}
{"eventId":"5329e265-9b8e-4710-b3c3-23e1342e75e0","eventType":"auth.rate_limit.exceeded","timestamp":"2025-12-02T17:11:24.485Z","outcome":"failure","metadata":{"key":"signin:email:f&a_n8!lh.5tib@v.ca","limit":10,"windowMs":900000,"count":10,"resetAt":"2025-12-02T17:26:24.484Z"}}
{"eventId":"551f78ce-b315-497f-834f-cb568d16d848","eventType":"auth.rate_limit.exceeded","timestamp":"2025-12-02T17:11:24.485Z","outcome":"failure","metadata":{"key":"signin:email:1.z_.&?*{v-j-enx8.2o+r%s`+j~^u.9dwdky8.ozkeis#vhsml.b.8?md@m.vo9zdu-72u.ke","limit":10,"windowMs":900000,"count":10,"resetAt":"2025-12-02T17:26:24.485Z"}}
{"eventId":"3f1441d8-76c4-43f2-bad8-fb74a8666477","eventType":"auth.rate_limit.exceeded","timestamp":"2025-12-02T17:11:24.485Z","outcome":"failure","metadata":{"key":"signin:email:1.z_.&?*{v-j-enx8.2o+r%s`+j~^u.9dwdky8.ozkeis#vhsml.b.8?md@m.vo9zdu-72u.ke","limit":10,"windowMs":900000,"count":10,"resetAt":"2025-12-02T17:26:24.485Z"}}
{"eventId":"ebfb6fce-77c2-4f41-8f59-05ccd9b232ba","eventType":"auth.rate_limit.exceeded","timestamp":"2025-12-02T17:11:24.485Z","outcome":"failure","metadata":{"key":"signin:email:3+$edo.no~8q./6b%bv.i%ew?6'd58-.c~9yh.#@fb9.er","limit":10,"windowMs":900000,"count":10,"resetAt":"2025-12-02T17:26:24.485Z"}}
{"eventId":"9257b0ef-87a6-4ad3-a634-c24278d4861a","eventType":"auth.rate_limit.exceeded","timestamp":"2025-12-02T17:11:24.485Z","outcome":"failure","metadata":{"key":"signin:email:3+$edo.no~8q./6b%bv.i%ew?6'd58-.c~9yh.#@fb9.er","limit":10,"windowMs":900000,"count":10,"resetAt":"2025-12-02T17:26:24.485Z"}}
{"eventId":"e921c237-ffd0-4766-b13d-9d5825ee86ef","eventType":"auth.rate_limit.exceeded","timestamp":"2025-12-02T17:11:24.486Z","outcome":"failure","metadata":{"key":"signin:email:jj.%ui.!bl^i+$0@ccbcf0q.j.app","limit":10,"windowMs":900000,"count":10,"resetAt":"2025-12-02T17:26:24.485Z"}}
{"eventId":"f5b3264e-15e0-4a41-9806-98d9163bccd2","eventType":"auth.rate_limit.exceeded","timestamp":"2025-12-02T17:11:24.486Z","outcome":"failure","metadata":{"key":"signin:email:jj.%ui.!bl^i+$0@ccbcf0q.j.app","limit":10,"windowMs":900000,"count":10,"resetAt":"2025-12-02T17:26:24.485Z"}}
{"eventId":"1c71293f-986b-4c99-8fa2-8bce0804fb15","eventType":"auth.rate_limit.exceeded","timestamp":"2025-12-02T17:11:24.486Z","outcome":"failure","metadata":{"key":"signin:email:pf`6|y}@cb3e.mw","limit":10,"windowMs":900000,"count":10,"resetAt":"2025-12-02T17:26:24.486Z"}}
{"eventId":"93d9729b-68e5-4c1c-a446-5b8018e7240a","eventType":"auth.rate_limit.exceeded","timestamp":"2025-12-02T17:11:24.486Z","outcome":"failure","metadata":{"key":"signin:email:pf`6|y}@cb3e.mw","limit":10,"windowMs":900000,"count":10,"resetAt":"2025-12-02T17:26:24.486Z"}}
{"eventId":"38d74c35-0984-4dcd-902f-8dc26a1febc2","eventType":"auth.rate_limit.exceeded","timestamp":"2025-12-02T17:11:24.486Z","outcome":"failure","metadata":{"key":"signin:email:arguments/fr.q|a^b4~^lg&/.%m+^fakl6l%d.=}{~.$d`a.`?f6yv7@5xqar4bgn9.zwg","limit":10,"windowMs":900000,"count":10,"resetAt":"2025-12-02T17:26:24.486Z"}}
{"eventId":"13ce3681-e35c-4891-8def-80b8fe7e6ba9","eventType":"auth.rate_limit.exceeded","timestamp":"2025-12-02T17:11:24.486Z","outcome":"failure","metadata":{"key":"signin:email:arguments/fr.q|a^b4~^lg&/.%m+^fakl6l%d.=}{~.$d`a.`?f6yv7@5xqar4bgn9.zwg","limit":10,"windowMs":900000,"count":10,"resetAt":"2025-12-02T17:26:24.486Z"}}
{"eventId":"54de4765-6d65-40d1-875e-08a86dd9137d","eventType":"auth.rate_limit.exceeded","timestamp":"2025-12-02T17:11:24.486Z","outcome":"failure","metadata":{"key":"signin:email:'55i0y{f{.l=h.g$2jzt$r.qu*h*2pe%v.u*2g.$7}6n.f}*.hw9t}c~u7h/k@w6wvv4mk7l87.wp","limit":10,"windowMs":900000,"count":10,"resetAt":"2025-12-02T17:26:24.486Z"}}
{"eventId":"fc343b29-8158-469c-97e3-a6484b876886","eventType":"auth.rate_limit.exceeded","timestamp":"2025-12-02T17:11:24.486Z","outcome":"failure","metadata":{"key":"signin:email:'55i0y{f{.l=h.g$2jzt$r.qu*h*2pe%v.u*2g.$7}6n.f}*.hw9t}c~u7h/k@w6wvv4mk7l87.wp","limit":10,"windowMs":900000,"count":10,"resetAt":"2025-12-02T17:26:24.486Z"}}
{"eventId":"78fea583-d82d-4bce-8585-65e6b0bd2482","eventType":"auth.rate_limit.exceeded","timestamp":"2025-12-02T17:11:24.486Z","outcome":"failure","metadata":{"key":"signin:email:wdb.6wx#!a6r!2.*l69h.f%l6n#8r7.zb%p.{^&erw{=!v^h.h.8&@1n.ais","limit":10,"windowMs":900000,"count":10,"resetAt":"2025-12-02T17:26:24.486Z"}}
{"eventId":"60e1aacc-eb50-47a3-95bb-b1b44814fcc6","eventType":"auth.rate_limit.exceeded","timestamp":"2025-12-02T17:11:24.486Z","outcome":"failure","metadata":{"key":"signin:email:wdb.6wx#!a6r!2.*l69h.f%l6n#8r7.zb%p.{^&erw{=!v^h.h.8&@1n.ais","limit":10,"windowMs":900000,"count":10,"resetAt":"2025-12-02T17:26:24.486Z"}}
{"eventId":"fe34dc02-712a-424a-a83a-425eca1a481a","eventType":"auth.rate_limit.exceeded","timestamp":"2025-12-02T17:11:24.486Z","outcome":"failure","metadata":{"key":"signin:email:~-.ob`j{7r%.^7i9fkpd`.e.}xu#pc#.#!@3s.b1t9pp-uzc.hao","limit":10,"windowMs":900000,"count":10,"resetAt":"2025-12-02T17:26:24.486Z"}}
{"eventId":"744e0748-6d1a-49e8-a61f-c7ece2e114bb","eventType":"auth.rate_limit.exceeded","timestamp":"2025-12-02T17:11:24.486Z","outcome":"failure","metadata":{"key":"signin:email:~-.ob`j{7r%.^7i9fkpd`.e.}xu#pc#.#!@3s.b1t9pp-uzc.hao","limit":10,"windowMs":900000,"count":10,"resetAt":"2025-12-02T17:26:24.486Z"}}
{"eventId":"0150a564-f138-4bb2-81d2-1e0725096b3e","eventType":"auth.rate_limit.exceeded","timestamp":"2025-12-02T17:11:24.487Z","outcome":"failure","metadata":{"key":"signin:email:q#wi3#o.8o.{*.95%dy7z.pw.tgl~|.=gqvaj.kx6.37@3fihzk0s1.nkv","limit":10,"windowMs":900000,"count":10,"resetAt":"2025-12-02T17:26:24.486Z"}}
{"eventId":"a1aa00b8-454e-44c8-b20c-3045aef9a343","eventType":"auth.rate_limit.exceeded","timestamp":"2025-12-02T17:11:24.487Z","outcome":"failure","metadata":{"key":"signin:email:q#wi3#o.8o.{*.95%dy7z.pw.tgl~|.=gqvaj.kx6.37@3fihzk0s1.nkv","limit":10,"windowMs":900000,"count":10,"resetAt":"2025-12-02T17:26:24.486Z"}}
{"eventId":"42ca8f74-e5ac-4fcb-acdc-32282d21ef88","eventType":"auth.rate_limit.exceeded","timestamp":"2025-12-02T17:11:24.487Z","outcome":"failure","metadata":{"key":"signin:email:2.nc{{.b'6&.v.`fc{zzbindke.3.^byiz@ce1.gye","limit":10,"windowMs":900000,"count":10,"resetAt":"2025-12-02T17:26:24.487Z"}}
{"eventId":"46023205-fcb0-4d41-b4de-5f7f31965e8e","eventType":"auth.rate_limit.exceeded","timestamp":"2025-12-02T17:11:24.487Z","outcome":"failure","metadata":{"key":"signin:email:2.nc{{.b'6&.v.`fc{zzbindke.3.^byiz@ce1.gye","limit":10,"windowMs":900000,"count":10,"resetAt":"2025-12-02T17:26:24.487Z"}}
{"eventId":"32ea5391-c26e-4f9a-8dce-a63b84f1602a","eventType":"auth.rate_limit.exceeded","timestamp":"2025-12-02T17:11:24.487Z","outcome":"failure","metadata":{"key":"signin:email:b'?!}4oa.?zc=.+0o_|30.gv-pfw~i4nrm.j9/v=p.=6^&4755.{b.s-#%r@xagn.plg","limit":10,"windowMs":900000,"count":10,"resetAt":"2025-12-02T17:26:24.487Z"}}
{"eventId":"0b7ceec5-05d4-497a-8f41-63beaf9ac365","eventType":"auth.rate_limit.exceeded","timestamp":"2025-12-02T17:11:24.487Z","outcome":"failure","metadata":{"key":"signin:email:b'?!}4oa.?zc=.+0o_|30.gv-pfw~i4nrm.j9/v=p.=6^&4755.{b.s-#%r@xagn.plg","limit":10,"windowMs":900000,"count":10,"resetAt":"2025-12-02T17:26:24.487Z"}}
{"eventId":"c5aadfbc-f053-4fc2-96f9-54058dcf6a51","eventType":"auth.rate_limit.exceeded","timestamp":"2025-12-02T17:11:24.487Z","outcome":"failure","metadata":{"key":"signin:email:m+sb*.92!g@e4292.eed","limit":10,"windowMs":900000,"count":10,"resetAt":"2025-12-02T17:26:24.487Z"}}
{"eventId":"0a2b5ceb-0a89-47ce-a2cb-db3df79cd921","eventType":"auth.rate_limit.exceeded","timestamp":"2025-12-02T17:11:24.487Z","outcome":"failure","metadata":{"key":"signin:email:m+sb*.92!g@e4292.eed","limit":10,"windowMs":900000,"count":10,"resetAt":"2025-12-02T17:26:24.487Z"}}
{"eventId":"945e6e2a-246c-43da-8b7b-c19df1194b43","eventType":"auth.rate_limit.exceeded","timestamp":"2025-12-02T17:11:24.487Z","outcome":"failure","metadata":{"key":"signin:email:c09wt3|v.'-z2cg+6.j1?*6a4hv8r.4`w6d~u`xc'b.w.1oy!u0d985@kpj65rs.ye","limit":10,"windowMs":900000,"count":10,"resetAt":"2025-12-02T17:26:24.487Z"}}
{"eventId":"97282829-58fb-4cf6-8675-7e08e29500ab","eventType":"auth.rate_limit.exceeded","timestamp":"2025-12-02T17:11:24.487Z","outcome":"failure","metadata":{"key":"signin:email:c09wt3|v.'-z2cg+6.j1?*6a4hv8r.4`w6d~u`xc'b.w.1oy!u0d985@kpj65rs.ye","limit":10,"windowMs":900000,"count":10,"resetAt":"2025-12-02T17:26:24.487Z"}}
{"eventId":"c747f2f3-871e-4112-8d3d-64e442612a3a","eventType":"auth.rate_limit.exceeded","timestamp":"2025-12-02T17:11:24.487Z","outcome":"failure","metadata":{"key":"signin:email:s.!dk.~&*0gf.'.rr^{5&mr.gw'ay&~}5g${.4+dn9$s.$o83.`b4icpxfr5@e.yq","limit":10,"windowMs":900000,"count":10,"resetAt":"2025-12-02T17:26:24.487Z"}}
{"eventId":"2fc0f759-8f56-44b1-b815-f5cd48ed1031","eventType":"auth.rate_limit.exceeded","timestamp":"2025-12-02T17:11:24.487Z","outcome":"failure","metadata":{"key":"signin:email:s.!dk.~&*0gf.'.rr^{5&mr.gw'ay&~}5g${.4+dn9$s.$o83.`b4icpxfr5@e.yq","limit":10,"windowMs":900000,"count":10,"resetAt":"2025-12-02T17:26:24.487Z"}}
{"eventId":"907da887-a5ee-4d16-8043-45787f484201","eventType":"auth.rate_limit.exceeded","timestamp":"2025-12-02T17:11:24.488Z","outcome":"failure","metadata":{"key":"signin:email:sr.dds=wk3$xy.gbf#&/@7-oly9kwq0.9prgh3vb70c.vb","limit":10,"windowMs":900000,"count":10,"resetAt":"2025-12-02T17:26:24.487Z"}}
{"eventId":"98f155f3-13bf-4a8a-86b1-919fa2d1b571","eventType":"auth.rate_limit.exceeded","timestamp":"2025-12-02T17:11:24.488Z","outcome":"failure","metadata":{"key":"signin:email:sr.dds=wk3$xy.gbf#&/@7-oly9kwq0.9prgh3vb70c.vb","limit":10,"windowMs":900000,"count":10,"resetAt":"2025-12-02T17:26:24.487Z"}}
{"eventId":"abc671c0-ec67-4894-b3cd-b9a1c382621c","eventType":"auth.rate_limit.exceeded","timestamp":"2025-12-02T17:11:24.492Z","outcome":"failure","metadata":{"key":"signin:email:{glt6j.+8eua!x8yk?!.9u2eg`_smqs5.-'m5b3b358}.8e}q^x!dafu.y0@z.fo","limit":10,"windowMs":900000,"count":10,"resetAt":"2025-12-02T17:26:24.488Z"}}
{"eventId":"fdfa0e9c-12cf-4e5c-8512-e0bd49cf1f12","eventType":"auth.rate_limit.exceeded","timestamp":"2025-12-02T17:11:24.497Z","outcome":"failure","metadata":{"key":"signin:email:{glt6j.+8eua!x8yk?!.9u2eg`_smqs5.-'m5b3b358}.8e}q^x!dafu.y0@z.fo","limit":10,"windowMs":900000,"count":10,"resetAt":"2025-12-02T17:26:24.488Z"}}
{"eventId":"2cac2a49-016e-424d-8188-1ab5563272e1","eventType":"auth.rate_limit.exceeded","timestamp":"2025-12-02T17:11:24.498Z","outcome":"failure","metadata":{"key":"signin:email:x6`f4=oxbej.xn&f'h@7.ju.fp","limit":10,"windowMs":900000,"count":10,"resetAt":"2025-12-02T17:26:24.498Z"}}
{"eventId":"e4ee2e21-1e0d-4542-90d6-8b0ca174d995","eventType":"auth.rate_limit.exceeded","timestamp":"2025-12-02T17:11:24.498Z","outcome":"failure","metadata":{"key":"signin:email:x6`f4=oxbej.xn&f'h@7.ju.fp","limit":10,"windowMs":900000,"count":10,"resetAt":"2025-12-02T17:26:24.498Z"}}
{"eventId":"f5193823-1c1a-4cee-aca6-eabee8c72394","eventType":"auth.rate_limit.exceeded","timestamp":"2025-12-02T17:11:24.499Z","outcome":"failure","metadata":{"key":"signin:email:e%im`'bv}x-@p.sc","limit":10,"windowMs":900000,"count":10,"resetAt":"2025-12-02T17:26:24.498Z"}}
{"eventId":"4c42a91a-3538-416d-b8a2-09926e98b15c","eventType":"auth.rate_limit.exceeded","timestamp":"2025-12-02T17:11:24.499Z","outcome":"failure","metadata":{"key":"signin:email:e%im`'bv}x-@p.sc","limit":10,"windowMs":900000,"count":10,"resetAt":"2025-12-02T17:26:24.498Z"}}
{"eventId":"988ad679-a70d-49c2-a859-f7839a4c8dd1","eventType":"auth.rate_limit.exceeded","timestamp":"2025-12-02T17:11:24.499Z","outcome":"failure","metadata":{"key":"signin:email:ng8vh.z1*z4_7khl.^{92^6s0}!f@8.r7p4f01xek3.xjp","limit":10,"windowMs":900000,"count":10,"resetAt":"2025-12-02T17:26:24.499Z"}}
{"eventId":"7121ada8-3e94-4dcd-baab-5b59d8c0b0f5","eventType":"auth.rate_limit.exceeded","timestamp":"2025-12-02T17:11:24.499Z","outcome":"failure","metadata":{"key":"signin:email:ng8vh.z1*z4_7khl.^{92^6s0}!f@8.r7p4f01xek3.xjp","limit":10,"windowMs":900000,"count":10,"resetAt":"2025-12-02T17:26:24.499Z"}}
{"eventId":"6ad01cc7-5942-43d5-a448-6467c12f1590","eventType":"auth.rate_limit.exceeded","timestamp":"2025-12-02T17:11:24.501Z","outcome":"failure","metadata":{"key":"signin:email:va8f-#1c0$.~'2q#b+q.f8^.{f{.}4*3lengthu.&2c$=?/.4ki|sxk3a@un.m.kes","limit":10,"windowMs":900000,"count":10,"resetAt":"2025-12-02T17:26:24.500Z"}}
{"eventId":"e06f07db-94c7-440b-b48f-792e1d3f8b99","eventType":"auth.rate_limit.exceeded","timestamp":"2025-12-02T17:11:24.501Z","outcome":"failure","metadata":{"key":"signin:email:va8f-#1c0$.~'2q#b+q.f8^.{f{.}4*3lengthu.&2c$=?/.4ki|sxk3a@un.m.kes","limit":10,"windowMs":900000,"count":10,"resetAt":"2025-12-02T17:26:24.500Z"}}
{"eventId":"45a32782-7a30-4d67-81db-833eb50ffefd","eventType":"auth.rate_limit.exceeded","timestamp":"2025-12-02T17:11:24.501Z","outcome":"failure","metadata":{"key":"signin:email:2&j}&or@1gocpr.jm005jjj.yc","limit":10,"windowMs":900000,"count":10,"resetAt":"2025-12-02T17:26:24.501Z"}}
{"eventId":"24707680-4d85-40e1-a79e-b09b1839b025","eventType":"auth.rate_limit.exceeded","timestamp":"2025-12-02T17:11:24.501Z","outcome":"failure","metadata":{"key":"signin:email:2&j}&or@1gocpr.jm005jjj.yc","limit":10,"windowMs":900000,"count":10,"resetAt":"2025-12-02T17:26:24.501Z"}}
{"eventId":"2c97d7d2-b942-46b7-8a9a-ac1e24f2587e","eventType":"auth.rate_limit.exceeded","timestamp":"2025-12-02T17:11:24.501Z","outcome":"failure","metadata":{"key":"signin:email:v0b_.bk!9ddek.fh-0$t&m{b|#.drc{l6id?g&!.?6}#a!.y?^-@e.mt","limit":10,"windowMs":900000,"count":10,"resetAt":"2025-12-02T17:26:24.501Z"}}
{"eventId":"9036b178-cef2-40ac-b21e-91d16ed56b59","eventType":"auth.rate_limit.exceeded","timestamp":"2025-12-02T17:11:24.501Z","outcome":"failure","metadata":{"key":"signin:email:v0b_.bk!9ddek.fh-0$t&m{b|#.drc{l6id?g&!.?6}#a!.y?^-@e.mt","limit":10,"windowMs":900000,"count":10,"resetAt":"2025-12-02T17:26:24.501Z"}}
{"eventId":"c159e98a-4a15-4330-a4b0-bed192d96931","eventType":"auth.rate_limit.exceeded","timestamp":"2025-12-02T17:11:24.501Z","outcome":"failure","metadata":{"key":"signin:email:'f3=uyn.^e*/0-#d8$.mo8t@8icfmrlq.ed","limit":10,"windowMs":900000,"count":10,"resetAt":"2025-12-02T17:26:24.501Z"}}
{"eventId":"a42cedb7-f94a-4c9f-8f64-65c4c8f1f017","eventType":"auth.rate_limit.exceeded","timestamp":"2025-12-02T17:11:24.501Z","outcome":"failure","metadata":{"key":"signin:email:'f3=uyn.^e*/0-#d8$.mo8t@8icfmrlq.ed","limit":10,"windowMs":900000,"count":10,"resetAt":"2025-12-02T17:26:24.501Z"}}
{"eventId":"6c1bf650-0dc0-41e5-9e4c-e52f2c002f41","eventType":"auth.rate_limit.exceeded","timestamp":"2025-12-02T17:11:24.501Z","outcome":"failure","metadata":{"key":"signin:email:~hi35$u!7.b'ar306t&f.vyz#*.4a`4d6.b%dk.n.+ou=!f*#iy.dv7*dy_@a--6.gqo","limit":10,"windowMs":900000,"count":10,"resetAt":"2025-12-02T17:26:24.501Z"}}
{"eventId":"b6a8820a-2875-428e-9ebf-cb58a34cdff9","eventType":"auth.rate_limit.exceeded","timestamp":"2025-12-02T17:11:24.501Z","outcome":"failure","metadata":{"key":"signin:email:~hi35$u!7.b'ar306t&f.vyz#*.4a`4d6.b%dk.n.+ou=!f*#iy.dv7*dy_@a--6.gqo","limit":10,"windowMs":900000,"count":10,"resetAt":"2025-12-02T17:26:24.501Z"}}
{"eventId":"1ff4590a-ff32-4d36-a6ef-663ee181effe","eventType":"auth.rate_limit.exceeded","timestamp":"2025-12-02T17:11:24.507Z","outcome":"failure","metadata":{"key":"signin:email:-p8#.dmd&ah.s}4.hxjhs0./g/!.#z%0-.6q+a2e6h7?.i$`m.3+.p|i_l6@1b.mcl57.ih","limit":10,"windowMs":900000,"count":10,"resetAt":"2025-12-02T17:26:24.505Z"}}
{"eventId":"40017f0e-ed8a-48f0-90b8-262749443288","eventType":"auth.rate_limit.exceeded","timestamp":"2025-12-02T17:11:24.507Z","outcome":"failure","metadata":{"key":"signin:email:-p8#.dmd&ah.s}4.hxjhs0./g/!.#z%0-.6q+a2e6h7?.i$`m.3+.p|i_l6@1b.mcl57.ih","limit":10,"windowMs":900000,"count":10,"resetAt":"2025-12-02T17:26:24.505Z"}}
{"eventId":"20dbb89b-f991-4058-81b8-b0b5484455ec","eventType":"auth.rate_limit.exceeded","timestamp":"2025-12-02T17:11:24.507Z","outcome":"failure","metadata":{"key":"signin:email:v7-gvx^s./2r=_.7n!/!a{wu8.$*c4^l2m~v.p-u&@w7ct76b7bebe.py","limit":10,"windowMs":900000,"count":10,"resetAt":"2025-12-02T17:26:24.507Z"}}
{"eventId":"8598c322-732f-4609-a22e-4d17b49e895d","eventType":"auth.rate_limit.exceeded","timestamp":"2025-12-02T17:11:24.507Z","outcome":"failure","metadata":{"key":"signin:email:v7-gvx^s./2r=_.7n!/!a{wu8.$*c4^l2m~v.p-u&@w7ct76b7bebe.py","limit":10,"windowMs":900000,"count":10,"resetAt":"2025-12-02T17:26:24.507Z"}}
{"eventId":"46f2cf05-c89f-494d-b7e2-cca11e3a8371","eventType":"auth.rate_limit.exceeded","timestamp":"2025-12-02T17:11:24.509Z","outcome":"failure","metadata":{"key":"signin:email:ottre@146o1ds2.ig","limit":10,"windowMs":900000,"count":10,"resetAt":"2025-12-02T17:26:24.507Z"}}
{"eventId":"b64c4a59-54b2-4986-9962-60ff7ef6ed1b","eventType":"auth.rate_limit.exceeded","timestamp":"2025-12-02T17:11:24.509Z","outcome":"failure","metadata":{"key":"signin:email:ottre@146o1ds2.ig","limit":10,"windowMs":900000,"count":10,"resetAt":"2025-12-02T17:26:24.507Z"}}
{"eventId":"afae05d8-b644-4376-b8cb-04d359f80e8e","eventType":"auth.rate_limit.exceeded","timestamp":"2025-12-02T17:11:24.510Z","outcome":"failure","metadata":{"key":"signin:email:3e_&+*npq.l{.7mor+ocv3uw.t&{o~j.n.}s5m-m&cd@6.rgh","limit":10,"windowMs":900000,"count":10,"resetAt":"2025-12-02T17:26:24.510Z"}}
{"eventId":"703c5962-501c-4130-a133-bdb659e510f5","eventType":"auth.rate_limit.exceeded","timestamp":"2025-12-02T17:11:24.510Z","outcome":"failure","metadata":{"key":"signin:email:3e_&+*npq.l{.7mor+ocv3uw.t&{o~j.n.}s5m-m&cd@6.rgh","limit":10,"windowMs":900000,"count":10,"resetAt":"2025-12-02T17:26:24.510Z"}}
{"eventId":"94fdd3b2-a8fc-44cb-b64a-3efe37ab56ea","eventType":"auth.rate_limit.exceeded","timestamp":"2025-12-02T17:11:24.510Z","outcome":"failure","metadata":{"key":"signin:email:!.}`3.6z^_.o$c2}r.bk0'=9ov.d`9j#r.s!b3$bk5r0mt.sjas7^xg?xil@jnfw-wt.ml","limit":10,"windowMs":900000,"count":10,"resetAt":"2025-12-02T17:26:24.510Z"}}
{"eventId":"ace76148-06cf-474d-80ea-5d8c7113e08f","eventType":"auth.rate_limit.exceeded","timestamp":"2025-12-02T17:11:24.511Z","outcome":"failure","metadata":{"key":"signin:email:!.}`3.6z^_.o$c2}r.bk0'=9ov.d`9j#r.s!b3$bk5r0mt.sjas7^xg?xil@jnfw-wt.ml","limit":10,"windowMs":900000,"count":10,"resetAt":"2025-12-02T17:26:24.510Z"}}
{"eventId":"f8b7cd66-d1f2-493b-91a4-833dcaa46cd5","eventType":"auth.rate_limit.exceeded","timestamp":"2025-12-02T17:11:24.511Z","outcome":"failure","metadata":{"key":"signin:email:6{w|l7kwh!3@f190g8kl8.2.dox","limit":10,"windowMs":900000,"count":10,"resetAt":"2025-12-02T17:26:24.511Z"}}
{"eventId":"8db4a5cf-1517-4c37-a55e-6f9b5531ff56","eventType":"auth.rate_limit.exceeded","timestamp":"2025-12-02T17:11:24.511Z","outcome":"failure","metadata":{"key":"signin:email:6{w|l7kwh!3@f190g8kl8.2.dox","limit":10,"windowMs":900000,"count":10,"resetAt":"2025-12-02T17:26:24.511Z"}}
{"eventId":"5e728042-0427-4010-acd5-1ce7fbea3d88","eventType":"auth.rate_limit.exceeded","timestamp":"2025-12-02T17:11:24.511Z","outcome":"failure","metadata":{"key":"signin:email:sc%1%ggw5i@haypedotoo.qq","limit":10,"windowMs":900000,"count":10,"resetAt":"2025-12-02T17:26:24.511Z"}}
{"eventId":"88818ff9-e3d3-4377-b6ee-0461116f97c4","eventType":"auth.rate_limit.exceeded","timestamp":"2025-12-02T17:11:24.511Z","outcome":"failure","metadata":{"key":"signin:email:sc%1%ggw5i@haypedotoo.qq","limit":10,"windowMs":900000,"count":10,"resetAt":"2025-12-02T17:26:24.511Z"}}
{"eventId":"85693286-bbb3-4609-ba5f-acec00c36a99","eventType":"auth.rate_limit.exceeded","timestamp":"2025-12-02T17:11:24.512Z","outcome":"failure","metadata":{"key":"signin:email:pd.apply@7.vv","limit":10,"windowMs":900000,"count":10,"resetAt":"2025-12-02T17:26:24.511Z"}}
{"eventId":"a4a74d66-a482-40fe-9da8-86cd20593a8c","eventType":"auth.rate_limit.exceeded","timestamp":"2025-12-02T17:11:24.512Z","outcome":"failure","metadata":{"key":"signin:email:pd.apply@7.vv","limit":10,"windowMs":900000,"count":10,"resetAt":"2025-12-02T17:26:24.511Z"}}
{"eventId":"89f31db9-24e7-48bd-8f9f-ab4319ea65e8","eventType":"auth.rate_limit.exceeded","timestamp":"2025-12-02T17:11:24.512Z","outcome":"failure","metadata":{"key":"signin:email:/3#9u.2=gy?.z0e'baxfa@4.7ovymzsoq4pc.nk","limit":10,"windowMs":900000,"count":10,"resetAt":"2025-12-02T17:26:24.512Z"}}
{"eventId":"5ae5bdae-596e-422c-8ba8-56096325d059","eventType":"auth.rate_limit.exceeded","timestamp":"2025-12-02T17:11:24.512Z","outcome":"failure","metadata":{"key":"signin:email:/3#9u.2=gy?.z0e'baxfa@4.7ovymzsoq4pc.nk","limit":10,"windowMs":900000,"count":10,"resetAt":"2025-12-02T17:26:24.512Z"}}
{"eventId":"e8e809f8-f31b-4367-8bcf-82c6020e627a","eventType":"auth.rate_limit.exceeded","timestamp":"2025-12-02T17:11:24.512Z","outcome":"failure","metadata":{"key":"signin:email:~_%x}.-{%ll/g_.2@vqeirwzsfn.1.xdb","limit":10,"windowMs":900000,"count":10,"resetAt":"2025-12-02T17:26:24.512Z"}}
{"eventId":"c503e14d-5886-4021-bdbc-4b5e1aa82320","eventType":"auth.rate_limit.exceeded","timestamp":"2025-12-02T17:11:24.512Z","outcome":"failure","metadata":{"key":"signin:email:~_%x}.-{%ll/g_.2@vqeirwzsfn.1.xdb","limit":10,"windowMs":900000,"count":10,"resetAt":"2025-12-02T17:26:24.512Z"}}
{"eventId":"a16488ca-1138-45ee-bb2a-4177f2d3734e","eventType":"auth.rate_limit.exceeded","timestamp":"2025-12-02T17:11:24.512Z","outcome":"failure","metadata":{"key":"signin:email:wgz`4n.r?^?!u.0*|k.1j`&!tckgaa%.tgut.x'-'h4t&d&54.i5mt.'vo.reh36@se0z.hmm9qi7jn.kk","limit":10,"windowMs":900000,"count":10,"resetAt":"2025-12-02T17:26:24.512Z"}}
{"eventId":"18695760-4b97-48af-b9e8-cf9068206231","eventType":"auth.rate_limit.exceeded","timestamp":"2025-12-02T17:11:24.512Z","outcome":"failure","metadata":{"key":"signin:email:wgz`4n.r?^?!u.0*|k.1j`&!tckgaa%.tgut.x'-'h4t&d&54.i5mt.'vo.reh36@se0z.hmm9qi7jn.kk","limit":10,"windowMs":900000,"count":10,"resetAt":"2025-12-02T17:26:24.512Z"}}
{"eventId":"6e17f37c-8b81-4a6d-90f0-89bf680714d1","eventType":"auth.rate_limit.exceeded","timestamp":"2025-12-02T17:11:24.512Z","outcome":"failure","metadata":{"key":"signin:email:{yd`e`9.7mo2`ki.$zh-3*1h+@lnr.zpj","limit":10,"windowMs":900000,"count":10,"resetAt":"2025-12-02T17:26:24.512Z"}}
{"eventId":"3a639b53-1906-4569-8866-3073c6a7af4d","eventType":"auth.rate_limit.exceeded","timestamp":"2025-12-02T17:11:24.512Z","outcome":"failure","metadata":{"key":"signin:email:{yd`e`9.7mo2`ki.$zh-3*1h+@lnr.zpj","limit":10,"windowMs":900000,"count":10,"resetAt":"2025-12-02T17:26:24.512Z"}}
{"eventId":"29b1c346-b0d3-489e-9a6d-bf9c7049dde6","eventType":"auth.rate_limit.exceeded","timestamp":"2025-12-02T17:11:24.512Z","outcome":"failure","metadata":{"key":"signin:email:nepb545~p^c@x.xc","limit":10,"windowMs":900000,"count":10,"resetAt":"2025-12-02T17:26:24.512Z"}}
{"eventId":"b49e834b-feee-42ae-b2da-dbaa78b6e0dd","eventType":"auth.rate_limit.exceeded","timestamp":"2025-12-02T17:11:24.512Z","outcome":"failure","metadata":{"key":"signin:email:nepb545~p^c@x.xc","limit":10,"windowMs":900000,"count":10,"resetAt":"2025-12-02T17:26:24.512Z"}}
{"eventId":"efebd50c-d3b7-4082-831b-5d25ce8cf313","eventType":"auth.rate_limit.exceeded","timestamp":"2025-12-02T17:11:24.513Z","outcome":"failure","metadata":{"key":"signin:email:v&%x{ams4.1!ax_dv1v._'og2+8?&y@r.yf","limit":10,"windowMs":900000,"count":10,"resetAt":"2025-12-02T17:26:24.513Z"}}
{"eventId":"617907d8-3b5a-44e3-a8c9-8cfc6fb0b74c","eventType":"auth.rate_limit.exceeded","timestamp":"2025-12-02T17:11:24.513Z","outcome":"failure","metadata":{"key":"signin:email:v&%x{ams4.1!ax_dv1v._'og2+8?&y@r.yf","limit":10,"windowMs":900000,"count":10,"resetAt":"2025-12-02T17:26:24.513Z"}}
{"eventId":"8a89eb91-96ce-4fcf-9c5b-ff0133a01a1e","eventType":"auth.rate_limit.exceeded","timestamp":"2025-12-02T17:11:24.513Z","outcome":"failure","metadata":{"key":"signin:email:3!rebg@8jn1nq5v8.u.jy","limit":10,"windowMs":900000,"count":10,"resetAt":"2025-12-02T17:26:24.513Z"}}
{"eventId":"1cab42a8-017e-4883-ac09-3d66d295e38a","eventType":"auth.rate_limit.exceeded","timestamp":"2025-12-02T17:11:24.513Z","outcome":"failure","metadata":{"key":"signin:email:3!rebg@8jn1nq5v8.u.jy","limit":10,"windowMs":900000,"count":10,"resetAt":"2025-12-02T17:26:24.513Z"}}
{"eventId":"9624c74c-d3d7-43d4-a46c-92eea7c20afd","eventType":"auth.rate_limit.exceeded","timestamp":"2025-12-02T17:11:24.513Z","outcome":"failure","metadata":{"key":"signin:email:h367p6=87.`.|-7b.ue2.e~|a.bxm.ref.g=.3l.reappl.v4tj4s}v8h./|9ni{@tbe4.8drpza.le","limit":10,"windowMs":900000,"count":10,"resetAt":"2025-12-02T17:26:24.513Z"}}
{"eventId":"8856ec37-1541-4b03-9d21-1021609abd17","eventType":"auth.rate_limit.exceeded","timestamp":"2025-12-02T17:11:24.513Z","outcome":"failure","metadata":{"key":"signin:email:h367p6=87.`.|-7b.ue2.e~|a.bxm.ref.g=.3l.reappl.v4tj4s}v8h./|9ni{@tbe4.8drpza.le","limit":10,"windowMs":900000,"count":10,"resetAt":"2025-12-02T17:26:24.513Z"}}
{"eventId":"b528b863-08be-4fb2-8c98-7d0b8a15b372","eventType":"auth.rate_limit.exceeded","timestamp":"2025-12-02T17:11:24.513Z","outcome":"failure","metadata":{"key":"signin:email:bx^ba+vi{.'=awjj&l`'.}rd@xmy1wjryy4j.lc","limit":10,"windowMs":900000,"count":10,"resetAt":"2025-12-02T17:26:24.513Z"}}
{"eventId":"baea7b48-5e28-4a51-a7cb-1e0d6f8d1ed8","eventType":"auth.rate_limit.exceeded","timestamp":"2025-12-02T17:11:24.513Z","outcome":"failure","metadata":{"key":"signin:email:bx^ba+vi{.'=awjj&l`'.}rd@xmy1wjryy4j.lc","limit":10,"windowMs":900000,"count":10,"resetAt":"2025-12-02T17:26:24.513Z"}}
{"eventId":"f9ae2255-e8ea-4f83-b88b-2697b1af2011","eventType":"auth.rate_limit.exceeded","timestamp":"2025-12-02T17:11:24.513Z","outcome":"failure","metadata":{"key":"signin:email:o.+_=xg81*.|.8c5t494t.1weret.5/s}pfqy4tg.ek.hx`h?t0w.4vog0jkj3@q.5np9j9v0i.dpl","limit":10,"windowMs":900000,"count":10,"resetAt":"2025-12-02T17:26:24.513Z"}}
{"eventId":"c3d1c652-5561-4539-a196-52c4c1744ca4","eventType":"auth.rate_limit.exceeded","timestamp":"2025-12-02T17:11:24.513Z","outcome":"failure","metadata":{"key":"signin:email:o.+_=xg81*.|.8c5t494t.1weret.5/s}pfqy4tg.ek.hx`h?t0w.4vog0jkj3@q.5np9j9v0i.dpl","limit":10,"windowMs":900000,"count":10,"resetAt":"2025-12-02T17:26:24.513Z"}}
{"eventId":"75de5cfe-a317-4e83-a570-55d18d8d7e36","eventType":"auth.rate_limit.exceeded","timestamp":"2025-12-02T17:11:24.513Z","outcome":"failure","metadata":{"key":"signin:email:*4+k$?2@s2ngpiku72.jgi","limit":10,"windowMs":900000,"count":10,"resetAt":"2025-12-02T17:26:24.513Z"}}
{"eventId":"a9de06d3-ccca-4368-9c45-a62fcc9c5da2","eventType":"auth.rate_limit.exceeded","timestamp":"2025-12-02T17:11:24.513Z","outcome":"failure","metadata":{"key":"signin:email:*4+k$?2@s2ngpiku72.jgi","limit":10,"windowMs":900000,"count":10,"resetAt":"2025-12-02T17:26:24.513Z"}}
{"eventId":"5f5ff847-480a-419a-9ce7-ea5153459516","eventType":"auth.rate_limit.exceeded","timestamp":"2025-12-02T17:11:24.514Z","outcome":"failure","metadata":{"key":"signin:email:!=gkd|`l~.ji}z.steed3y./{%5~vc^|0?b.5z{^rjz0uu#.j_ut2=^{+.vn%h6@ewhjo7trybra.caf","limit":10,"windowMs":900000,"count":10,"resetAt":"2025-12-02T17:26:24.513Z"}}
{"eventId":"1fcf1c2f-4a4c-4790-aa8f-e19dad01cc98","eventType":"auth.rate_limit.exceeded","timestamp":"2025-12-02T17:11:24.514Z","outcome":"failure","metadata":{"key":"signin:email:!=gkd|`l~.ji}z.steed3y./{%5~vc^|0?b.5z{^rjz0uu#.j_ut2=^{+.vn%h6@ewhjo7trybra.caf","limit":10,"windowMs":900000,"count":10,"resetAt":"2025-12-02T17:26:24.513Z"}}
{"eventId":"8fd8af54-c8f0-41f9-94ac-74f33aba849b","eventType":"auth.rate_limit.exceeded","timestamp":"2025-12-02T17:11:24.514Z","outcome":"failure","metadata":{"key":"signin:email:l.lpv16&?$4}.k=j=8v8.{0fhebfca~_@0whsjixn.2dbpr2.agn","limit":10,"windowMs":900000,"count":10,"resetAt":"2025-12-02T17:26:24.514Z"}}
{"eventId":"549f5c77-fc34-477f-a279-0c4b8f3623fa","eventType":"auth.rate_limit.exceeded","timestamp":"2025-12-02T17:11:24.514Z","outcome":"failure","metadata":{"key":"signin:email:l.lpv16&?$4}.k=j=8v8.{0fhebfca~_@0whsjixn.2dbpr2.agn","limit":10,"windowMs":900000,"count":10,"resetAt":"2025-12-02T17:26:24.514Z"}}
{"eventId":"57d8d9c0-bae7-403e-b9d9-a9cbeaa22397","eventType":"auth.rate_limit.exceeded","timestamp":"2025-12-02T17:11:24.514Z","outcome":"failure","metadata":{"key":"signin:email:r/ze+if.075isawrb@w6x3.xba","limit":10,"windowMs":900000,"count":10,"resetAt":"2025-12-02T17:26:24.514Z"}}
{"eventId":"1e4a7b41-dc0b-475b-af31-96435aa80bd3","eventType":"auth.rate_limit.exceeded","timestamp":"2025-12-02T17:11:24.514Z","outcome":"failure","metadata":{"key":"signin:email:r/ze+if.075isawrb@w6x3.xba","limit":10,"windowMs":900000,"count":10,"resetAt":"2025-12-02T17:26:24.514Z"}}
{"eventId":"4f694a17-daba-4f33-9a09-778cbbfb9ea7","eventType":"auth.rate_limit.exceeded","timestamp":"2025-12-02T17:11:24.514Z","outcome":"failure","metadata":{"key":"signin:email:_.m7i.dr&%.re`y2e0h+rt7.gc`4}$`q7li.f%r/5.9g{r5j`@x4orokg.vb","limit":10,"windowMs":900000,"count":10,"resetAt":"2025-12-02T17:26:24.514Z"}}
{"eventId":"57894ea0-a81d-4d51-883e-22e5084fda5f","eventType":"auth.rate_limit.exceeded","timestamp":"2025-12-02T17:11:24.514Z","outcome":"failure","metadata":{"key":"signin:email:_.m7i.dr&%.re`y2e0h+rt7.gc`4}$`q7li.f%r/5.9g{r5j`@x4orokg.vb","limit":10,"windowMs":900000,"count":10,"resetAt":"2025-12-02T17:26:24.514Z"}}
{"eventId":"00f74f15-7419-47d8-8aa5-6f13ee512888","eventType":"auth.rate_limit.exceeded","timestamp":"2025-12-02T17:11:24.514Z","outcome":"failure","metadata":{"key":"signin:email:kci3hrax+t7f.?z+v.?~fw.nkl}#a|u36.`z*z_.yvd1y{.{0/_=&5+h4g@z.v.ka","limit":10,"windowMs":900000,"count":10,"resetAt":"2025-12-02T17:26:24.514Z"}}
{"eventId":"44c3501f-f1c7-4dc8-a657-6e3aaff11d54","eventType":"auth.rate_limit.exceeded","timestamp":"2025-12-02T17:11:24.514Z","outcome":"failure","metadata":{"key":"signin:email:kci3hrax+t7f.?z+v.?~fw.nkl}#a|u36.`z*z_.yvd1y{.{0/_=&5+h4g@z.v.ka","limit":10,"windowMs":900000,"count":10,"resetAt":"2025-12-02T17:26:24.514Z"}}
{"eventId":"43ea77c8-0906-4692-b9fc-c28d87068ec0","eventType":"auth.rate_limit.exceeded","timestamp":"2025-12-02T17:11:24.514Z","outcome":"failure","metadata":{"key":"signin:email:f$?-t.rw=h}7b-r.na.^l/r4s^y.**/yzj9w.256#h}uhx?=e.ca#.pia@6.b5puks55.av","limit":10,"windowMs":900000,"count":10,"resetAt":"2025-12-02T17:26:24.514Z"}}
{"eventId":"b42f8664-ddf1-4dd7-9b06-2c98ce06f69d","eventType":"auth.rate_limit.exceeded","timestamp":"2025-12-02T17:11:24.514Z","outcome":"failure","metadata":{"key":"signin:email:f$?-t.rw=h}7b-r.na.^l/r4s^y.**/yzj9w.256#h}uhx?=e.ca#.pia@6.b5puks55.av","limit":10,"windowMs":900000,"count":10,"resetAt":"2025-12-02T17:26:24.514Z"}}
{"eventId":"5013949b-5a05-4808-a87d-b6dc64f46d2d","eventType":"auth.rate_limit.exceeded","timestamp":"2025-12-02T17:11:24.515Z","outcome":"failure","metadata":{"key":"signin:email:%22jl'=xxs.qqtp?k.-.5_^.t#u.t=d.{t1~1h^=q@b.spl","limit":10,"windowMs":900000,"count":10,"resetAt":"2025-12-02T17:26:24.514Z"}}
{"eventId":"d522390c-1862-49a3-a056-080cf2d65c5b","eventType":"auth.rate_limit.exceeded","timestamp":"2025-12-02T17:11:24.515Z","outcome":"failure","metadata":{"key":"signin:email:%22jl'=xxs.qqtp?k.-.5_^.t#u.t=d.{t1~1h^=q@b.spl","limit":10,"windowMs":900000,"count":10,"resetAt":"2025-12-02T17:26:24.514Z"}}
{"eventId":"cba03733-0090-4ff7-bfc0-c545fd0db791","eventType":"auth.rate_limit.exceeded","timestamp":"2025-12-02T17:11:24.515Z","outcome":"failure","metadata":{"key":"signin:email:ov6%|nm.%xu_|g&.rqm'x1l9l.7?nj50@zjre3j.eo","limit":10,"windowMs":900000,"count":10,"resetAt":"2025-12-02T17:26:24.515Z"}}
{"eventId":"27cd0492-88ba-4b11-913b-9a43ad30783a","eventType":"auth.rate_limit.exceeded","timestamp":"2025-12-02T17:11:24.515Z","outcome":"failure","metadata":{"key":"signin:email:ov6%|nm.%xu_|g&.rqm'x1l9l.7?nj50@zjre3j.eo","limit":10,"windowMs":900000,"count":10,"resetAt":"2025-12-02T17:26:24.515Z"}}
{"eventId":"6c973893-c455-48ff-9bea-4d73fa69d4c5","eventType":"auth.rate_limit.exceeded","timestamp":"2025-12-02T17:11:24.515Z","outcome":"failure","metadata":{"key":"signin:email:_?'?p85.n_f.v.x=%^_q'c#k19.$48z1no?3ws.+d.x+m=6$o+yk{.2$7jrm?8%@0ed5w5.r2-533hsa7sc.kmo","limit":10,"windowMs":900000,"count":10,"resetAt":"2025-12-02T17:26:24.515Z"}}
{"eventId":"8a42d416-9985-4efc-a5e7-a5a3d444cb91","eventType":"auth.rate_limit.exceeded","timestamp":"2025-12-02T17:11:24.515Z","outcome":"failure","metadata":{"key":"signin:email:_?'?p85.n_f.v.x=%^_q'c#k19.$48z1no?3ws.+d.x+m=6$o+yk{.2$7jrm?8%@0ed5w5.r2-533hsa7sc.kmo","limit":10,"windowMs":900000,"count":10,"resetAt":"2025-12-02T17:26:24.515Z"}}
{"eventId":"741da477-b16c-4372-b11a-16849dc01383","eventType":"auth.rate_limit.exceeded","timestamp":"2025-12-02T17:11:24.515Z","outcome":"failure","metadata":{"key":"signin:email:0b+b5uyhfku'.9jx4ce}.}sg45.arw6t&@4rme.d8refffnl65y.nof","limit":10,"windowMs":900000,"count":10,"resetAt":"2025-12-02T17:26:24.515Z"}}
{"eventId":"eb376b24-f9db-494a-a338-3ba5b1748b32","eventType":"auth.rate_limit.exceeded","timestamp":"2025-12-02T17:11:24.515Z","outcome":"failure","metadata":{"key":"signin:email:0b+b5uyhfku'.9jx4ce}.}sg45.arw6t&@4rme.d8refffnl65y.nof","limit":10,"windowMs":900000,"count":10,"resetAt":"2025-12-02T17:26:24.515Z"}}
{"eventId":"5cd75ecb-e563-414f-805c-36ebb6786a3a","eventType":"auth.rate_limit.exceeded","timestamp":"2025-12-02T17:11:24.515Z","outcome":"failure","metadata":{"key":"signin:email:v=e4qr.6+vv6?1y.jt1h008&g6p.s=|piev1d-f.ni4$k|$x*.f5y?5km@bgn84ur6zb.zaxpjtk.wz","limit":10,"windowMs":900000,"count":10,"resetAt":"2025-12-02T17:26:24.515Z"}}
{"eventId":"5d95b01b-bee8-4015-9754-7ed0fbc3fffb","eventType":"auth.rate_limit.exceeded","timestamp":"2025-12-02T17:11:24.515Z","outcome":"failure","metadata":{"key":"signin:email:v=e4qr.6+vv6?1y.jt1h008&g6p.s=|piev1d-f.ni4$k|$x*.f5y?5km@bgn84ur6zb.zaxpjtk.wz","limit":10,"windowMs":900000,"count":10,"resetAt":"2025-12-02T17:26:24.515Z"}}
{"eventId":"217e37c0-88b9-4c08-9074-f81265c75dcc","eventType":"auth.rate_limit.exceeded","timestamp":"2025-12-02T17:11:24.515Z","outcome":"failure","metadata":{"key":"signin:email:e`y-=}_.{v7_r7wz7+j.=4}6.c|vokh~i#.9n3/!g6ps$.jb}allf`.5=rv@33bem1dil6.p1a8.ka","limit":10,"windowMs":900000,"count":10,"resetAt":"2025-12-02T17:26:24.515Z"}}
{"eventId":"1c36aa5b-2534-4005-a9a0-10189bad4e6f","eventType":"auth.rate_limit.exceeded","timestamp":"2025-12-02T17:11:24.515Z","outcome":"failure","metadata":{"key":"signin:email:e`y-=}_.{v7_r7wz7+j.=4}6.c|vokh~i#.9n3/!g6ps$.jb}allf`.5=rv@33bem1dil6.p1a8.ka","limit":10,"windowMs":900000,"count":10,"resetAt":"2025-12-02T17:26:24.515Z"}}
{"eventId":"a9470d63-07f8-41d6-94b3-53b61bdd8d3f","eventType":"auth.rate_limit.exceeded","timestamp":"2025-12-02T17:11:24.515Z","outcome":"failure","metadata":{"key":"signin:email:wfds$q-9pg{w.8drb'uaq1.?&ez%-={2sn2.r6@7wadwhs2ku.oci2lx4jpx.oev","limit":10,"windowMs":900000,"count":10,"resetAt":"2025-12-02T17:26:24.515Z"}}
{"eventId":"81153ea1-93fb-4e1c-8c8c-6fb8ddb52f1f","eventType":"auth.rate_limit.exceeded","timestamp":"2025-12-02T17:11:24.516Z","outcome":"failure","metadata":{"key":"signin:email:wfds$q-9pg{w.8drb'uaq1.?&ez%-={2sn2.r6@7wadwhs2ku.oci2lx4jpx.oev","limit":10,"windowMs":900000,"count":10,"resetAt":"2025-12-02T17:26:24.515Z"}}
{"eventId":"2ca4cc7e-6a04-4be0-b525-95966973c564","eventType":"auth.rate_limit.exceeded","timestamp":"2025-12-02T17:11:24.516Z","outcome":"failure","metadata":{"key":"signin:email:i9+.#_xn^r~ksu.r6.&5r!7#j.&2$@uxk42hh7.hp","limit":10,"windowMs":900000,"count":10,"resetAt":"2025-12-02T17:26:24.516Z"}}
{"eventId":"e77816d6-08b5-4221-8fd8-6318cd86e9ab","eventType":"auth.rate_limit.exceeded","timestamp":"2025-12-02T17:11:24.516Z","outcome":"failure","metadata":{"key":"signin:email:i9+.#_xn^r~ksu.r6.&5r!7#j.&2$@uxk42hh7.hp","limit":10,"windowMs":900000,"count":10,"resetAt":"2025-12-02T17:26:24.516Z"}}
{"eventId":"25aaa3d2-2638-4f83-a5bf-37dbb6de54ae","eventType":"auth.rate_limit.exceeded","timestamp":"2025-12-02T17:11:24.516Z","outcome":"failure","metadata":{"key":"signin:email:{4m`f*4vnyw6._zbzb+deb0.bd64@y9.fz","limit":10,"windowMs":900000,"count":10,"resetAt":"2025-12-02T17:26:24.516Z"}}
{"eventId":"f7f2d1fb-2c10-49c7-9481-f24deede42c6","eventType":"auth.rate_limit.exceeded","timestamp":"2025-12-02T17:11:24.516Z","outcome":"failure","metadata":{"key":"signin:email:{4m`f*4vnyw6._zbzb+deb0.bd64@y9.fz","limit":10,"windowMs":900000,"count":10,"resetAt":"2025-12-02T17:26:24.516Z"}}
{"eventId":"dd41aa39-fc9f-4287-8c34-1831990ef95e","eventType":"auth.rate_limit.exceeded","timestamp":"2025-12-02T17:11:24.516Z","outcome":"failure","metadata":{"key":"signin:email:65.m+p'!.?p@m3yfbc08wes.k.qr","limit":10,"windowMs":900000,"count":10,"resetAt":"2025-12-02T17:26:24.516Z"}}
{"eventId":"67112a7b-ead3-4fab-85cd-9dc97870a9f0","eventType":"auth.rate_limit.exceeded","timestamp":"2025-12-02T17:11:24.516Z","outcome":"failure","metadata":{"key":"signin:email:65.m+p'!.?p@m3yfbc08wes.k.qr","limit":10,"windowMs":900000,"count":10,"resetAt":"2025-12-02T17:26:24.516Z"}}
{"eventId":"582f2ebf-8fdb-4545-8207-2ab3f209326a","eventType":"auth.rate_limit.exceeded","timestamp":"2025-12-02T17:11:24.516Z","outcome":"failure","metadata":{"key":"signin:email:|e._b2l#8}d@s30psszkreqz.yzo","limit":10,"windowMs":900000,"count":10,"resetAt":"2025-12-02T17:26:24.516Z"}}
{"eventId":"4ac3e9f7-850f-49a2-8239-f3e1a1c1de6d","eventType":"auth.rate_limit.exceeded","timestamp":"2025-12-02T17:11:24.516Z","outcome":"failure","metadata":{"key":"signin:email:|e._b2l#8}d@s30psszkreqz.yzo","limit":10,"windowMs":900000,"count":10,"resetAt":"2025-12-02T17:26:24.516Z"}}
{"eventId":"69c1a4bc-35a3-4e77-bf78-aefea85afcd5","eventType":"auth.rate_limit.exceeded","timestamp":"2025-12-02T17:11:24.516Z","outcome":"failure","metadata":{"key":"signin:email:`datwcd3eq0.{.*#v^m-.7m3mjkx/y./qz+|r`.6@ikf.bxk","limit":10,"windowMs":900000,"count":10,"resetAt":"2025-12-02T17:26:24.516Z"}}
{"eventId":"a3c2244d-bf3d-41a7-8c80-3f7024f3d362","eventType":"auth.rate_limit.exceeded","timestamp":"2025-12-02T17:11:24.516Z","outcome":"failure","metadata":{"key":"signin:email:`datwcd3eq0.{.*#v^m-.7m3mjkx/y./qz+|r`.6@ikf.bxk","limit":10,"windowMs":900000,"count":10,"resetAt":"2025-12-02T17:26:24.516Z"}}
{"eventId":"a3202bfa-1c6c-40b1-b350-e610a5185c92","eventType":"auth.rate_limit.exceeded","timestamp":"2025-12-02T17:11:24.516Z","outcome":"failure","metadata":{"key":"signin:email:'*qu5zs0{4.nfn0qovfi.!.u6b*a9q.{wv0-.c2!s3.{adf1u_ic7.n}jc|z#m`@7yx6-ae.tkdc.hi","limit":10,"windowMs":900000,"count":10,"resetAt":"2025-12-02T17:26:24.516Z"}}
{"eventId":"71379be9-a9eb-4fff-92d2-f70a07ba41c4","eventType":"auth.rate_limit.exceeded","timestamp":"2025-12-02T17:11:24.516Z","outcome":"failure","metadata":{"key":"signin:email:'*qu5zs0{4.nfn0qovfi.!.u6b*a9q.{wv0-.c2!s3.{adf1u_ic7.n}jc|z#m`@7yx6-ae.tkdc.hi","limit":10,"windowMs":900000,"count":10,"resetAt":"2025-12-02T17:26:24.516Z"}}
{"eventId":"11c019e5-6c16-44d9-a192-bc9d764a8ab7","eventType":"auth.rate_limit.exceeded","timestamp":"2025-12-02T17:11:24.517Z","outcome":"failure","metadata":{"key":"signin:email:cr}kn//.r&w3cu7lv.o.i.6h=kx-a@yfmr82lo5.xdlnm.nod","limit":10,"windowMs":900000,"count":10,"resetAt":"2025-12-02T17:26:24.517Z"}}
{"eventId":"b7eb7461-8e87-42e3-8b2a-ad3b0c3cc2fd","eventType":"auth.rate_limit.exceeded","timestamp":"2025-12-02T17:11:24.517Z","outcome":"failure","metadata":{"key":"signin:email:cr}kn//.r&w3cu7lv.o.i.6h=kx-a@yfmr82lo5.xdlnm.nod","limit":10,"windowMs":900000,"count":10,"resetAt":"2025-12-02T17:26:24.517Z"}}
{"eventId":"b057c1c6-9293-4f26-9f26-dda440c429e6","eventType":"auth.rate_limit.exceeded","timestamp":"2025-12-02T17:11:24.517Z","outcome":"failure","metadata":{"key":"signin:email:2?.0|.4s1.y-~?v{00y~iv.c/22+wv+$.cuwbc@7plq94tax.ul","limit":10,"windowMs":900000,"count":10,"resetAt":"2025-12-02T17:26:24.517Z"}}
{"eventId":"7bcc9500-fb91-4583-aa08-b79ce99ee893","eventType":"auth.rate_limit.exceeded","timestamp":"2025-12-02T17:11:24.517Z","outcome":"failure","metadata":{"key":"signin:email:2?.0|.4s1.y-~?v{00y~iv.c/22+wv+$.cuwbc@7plq94tax.ul","limit":10,"windowMs":900000,"count":10,"resetAt":"2025-12-02T17:26:24.517Z"}}
{"eventId":"91d76460-dae7-469e-80ed-7c6b7fe6a784","eventType":"auth.rate_limit.exceeded","timestamp":"2025-12-02T17:11:24.517Z","outcome":"failure","metadata":{"key":"signin:email:{-f161!*%8ga.x.v.ty$.gz.k+-@3.tw","limit":10,"windowMs":900000,"count":10,"resetAt":"2025-12-02T17:26:24.517Z"}}
{"eventId":"a56c0e91-609e-4252-a42b-d72d7589f223","eventType":"auth.rate_limit.exceeded","timestamp":"2025-12-02T17:11:24.517Z","outcome":"failure","metadata":{"key":"signin:email:{-f161!*%8ga.x.v.ty$.gz.k+-@3.tw","limit":10,"windowMs":900000,"count":10,"resetAt":"2025-12-02T17:26:24.517Z"}}
{"eventId":"1920bc8c-b2e0-49e6-a79e-5994072263ba","eventType":"auth.rate_limit.exceeded","timestamp":"2025-12-02T17:11:24.517Z","outcome":"failure","metadata":{"key":"signin:email:'i2n.leng@91.br","limit":10,"windowMs":900000,"count":10,"resetAt":"2025-12-02T17:26:24.517Z"}}
{"eventId":"34bc97ee-6963-489d-a058-23da828038db","eventType":"auth.rate_limit.exceeded","timestamp":"2025-12-02T17:11:24.517Z","outcome":"failure","metadata":{"key":"signin:email:'i2n.leng@91.br","limit":10,"windowMs":900000,"count":10,"resetAt":"2025-12-02T17:26:24.517Z"}}
{"eventId":"61a882d3-4fef-4f51-bbeb-de2ea656f4e3","eventType":"auth.rate_limit.exceeded","timestamp":"2025-12-02T17:11:24.517Z","outcome":"failure","metadata":{"key":"signin:email:&#t22gg^.q^h2z{hxb.7k909nmr0f$.^k.mrynw~c|`j!.`zl.un+i8.s?5u36_/@i1v7nb.426sv.mk","limit":10,"windowMs":900000,"count":10,"resetAt":"2025-12-02T17:26:24.517Z"}}
{"eventId":"d65be1ca-a259-4a28-a774-4ccd1f7e4bcd","eventType":"auth.rate_limit.exceeded","timestamp":"2025-12-02T17:11:24.517Z","outcome":"failure","metadata":{"key":"signin:email:&#t22gg^.q^h2z{hxb.7k909nmr0f$.^k.mrynw~c|`j!.`zl.un+i8.s?5u36_/@i1v7nb.426sv.mk","limit":10,"windowMs":900000,"count":10,"resetAt":"2025-12-02T17:26:24.517Z"}}
{"eventId":"28eb982f-bc61-47c3-94fa-69a8d688d31c","eventType":"auth.rate_limit.exceeded","timestamp":"2025-12-02T17:11:24.517Z","outcome":"failure","metadata":{"key":"signin:email:ly@hj.tn6a.bvp","limit":10,"windowMs":900000,"count":10,"resetAt":"2025-12-02T17:26:24.517Z"}}
{"eventId":"42eafabd-8e0e-465e-be73-38dab4828943","eventType":"auth.rate_limit.exceeded","timestamp":"2025-12-02T17:11:24.517Z","outcome":"failure","metadata":{"key":"signin:email:ly@hj.tn6a.bvp","limit":10,"windowMs":900000,"count":10,"resetAt":"2025-12-02T17:26:24.517Z"}}
{"eventId":"46154698-2e19-44a6-8c96-27bbe5ade604","eventType":"auth.rate_limit.exceeded","timestamp":"2025-12-02T17:11:24.518Z","outcome":"failure","metadata":{"key":"signin:email:a=$%s._ehhuk@2d.vru","limit":10,"windowMs":900000,"count":10,"resetAt":"2025-12-02T17:26:24.517Z"}}
{"eventId":"660206ff-aa50-4a97-8908-9e90ebd144f0","eventType":"auth.rate_limit.exceeded","timestamp":"2025-12-02T17:11:24.518Z","outcome":"failure","metadata":{"key":"signin:email:a=$%s._ehhuk@2d.vru","limit":10,"windowMs":900000,"count":10,"resetAt":"2025-12-02T17:26:24.517Z"}}
{"eventId":"976dc675-d228-4c75-bc5a-4c02c569a58c","eventType":"auth.rate_limit.exceeded","timestamp":"2025-12-02T17:11:24.518Z","outcome":"failure","metadata":{"key":"signin:email:s_b-l.cpln_lerjna.p%ve!5pz.%4%~idj`ko#m.e0|w9/1{o?#.%o@as5h.hmb","limit":10,"windowMs":900000,"count":10,"resetAt":"2025-12-02T17:26:24.518Z"}}
{"eventId":"a5316ce2-4ac2-4ffa-abb1-85b383159f37","eventType":"auth.rate_limit.exceeded","timestamp":"2025-12-02T17:11:24.518Z","outcome":"failure","metadata":{"key":"signin:email:s_b-l.cpln_lerjna.p%ve!5pz.%4%~idj`ko#m.e0|w9/1{o?#.%o@as5h.hmb","limit":10,"windowMs":900000,"count":10,"resetAt":"2025-12-02T17:26:24.518Z"}}
{"eventId":"11baa1fe-5f0f-4ccf-a6b8-962ed81c10f8","eventType":"auth.rate_limit.exceeded","timestamp":"2025-12-02T17:11:24.518Z","outcome":"failure","metadata":{"key":"signin:email:ve./.d=.%o*80~ikb.%9k|~`yp+u.4./^b.1+1z'%!sc.8g.c9b.&^@pgf3.9njktyzjh.vla","limit":10,"windowMs":900000,"count":10,"resetAt":"2025-12-02T17:26:24.518Z"}}
{"eventId":"89310b28-50fb-42ec-8122-29b67ef25832","eventType":"auth.rate_limit.exceeded","timestamp":"2025-12-02T17:11:24.518Z","outcome":"failure","metadata":{"key":"signin:email:ve./.d=.%o*80~ikb.%9k|~`yp+u.4./^b.1+1z'%!sc.8g.c9b.&^@pgf3.9njktyzjh.vla","limit":10,"windowMs":900000,"count":10,"resetAt":"2025-12-02T17:26:24.518Z"}}
{"eventId":"f20e7c06-cc7d-4f0e-ab32-90801d0d0092","eventType":"auth.rate_limit.exceeded","timestamp":"2025-12-02T17:11:24.518Z","outcome":"failure","metadata":{"key":"signin:email:exd7pz3yis.0.8s&4+.q*6mxx%^bu.7q*4w$uapf-7.e4?*%$#jlt4-.p7_l.^!@i.yme","limit":10,"windowMs":900000,"count":10,"resetAt":"2025-12-02T17:26:24.518Z"}}
{"eventId":"fde39e97-1ac8-4645-88d2-68329310889e","eventType":"auth.rate_limit.exceeded","timestamp":"2025-12-02T17:11:24.518Z","outcome":"failure","metadata":{"key":"signin:email:exd7pz3yis.0.8s&4+.q*6mxx%^bu.7q*4w$uapf-7.e4?*%$#jlt4-.p7_l.^!@i.yme","limit":10,"windowMs":900000,"count":10,"resetAt":"2025-12-02T17:26:24.518Z"}}
{"eventId":"bd21fb8e-584f-4b6e-8367-fd898117b8c5","eventType":"auth.rate_limit.exceeded","timestamp":"2025-12-02T17:11:24.518Z","outcome":"failure","metadata":{"key":"signin:email:~7/7w-i91h!.828.q/.-qp+o1z6bgz.7`f/77&dh~.o%to.ag2x-!}d.^jgzhk$n@ooo0mf7fx1.uo","limit":10,"windowMs":900000,"count":10,"resetAt":"2025-12-02T17:26:24.518Z"}}
{"eventId":"fd9cfbcd-6f14-4dc2-8947-11ec3aef090b","eventType":"auth.rate_limit.exceeded","timestamp":"2025-12-02T17:11:24.518Z","outcome":"failure","metadata":{"key":"signin:email:~7/7w-i91h!.828.q/.-qp+o1z6bgz.7`f/77&dh~.o%to.ag2x-!}d.^jgzhk$n@ooo0mf7fx1.uo","limit":10,"windowMs":900000,"count":10,"resetAt":"2025-12-02T17:26:24.518Z"}}

stderr | src/server/auth/__tests__/login.property.test.ts > Property 8: Rate limiting blocks excessive sign-in attempts > Email rate limiting is case-insensitive
{"eventId":"4e52ffaf-010e-43d5-a59f-77ec8b2fb2f3","eventType":"auth.rate_limit.exceeded","timestamp":"2025-12-02T17:11:24.560Z","outcome":"failure","metadata":{"key":"signin:email:np/r^.9'x_y{d&lyt5.8'8!@8c2mnpgdn5.nv","limit":10,"windowMs":900000,"count":10,"resetAt":"2025-12-02T17:26:24.560Z"}}
{"eventId":"a6aeba9f-2e90-4ee8-8987-9e5f23987cf0","eventType":"auth.rate_limit.exceeded","timestamp":"2025-12-02T17:11:24.560Z","outcome":"failure","metadata":{"key":"signin:email:np/r^.9'x_y{d&lyt5.8'8!@8c2mnpgdn5.nv","limit":10,"windowMs":900000,"count":10,"resetAt":"2025-12-02T17:26:24.560Z"}}
{"eventId":"33078a54-a686-4624-a54e-628dd712bff7","eventType":"auth.rate_limit.exceeded","timestamp":"2025-12-02T17:11:24.560Z","outcome":"failure","metadata":{"key":"signin:email:np/r^.9'x_y{d&lyt5.8'8!@8c2mnpgdn5.nv","limit":10,"windowMs":900000,"count":10,"resetAt":"2025-12-02T17:26:24.560Z"}}
{"eventId":"c7fd2aed-d8e5-4777-8825-defb6a0bd51e","eventType":"auth.rate_limit.exceeded","timestamp":"2025-12-02T17:11:24.561Z","outcome":"failure","metadata":{"key":"signin:email:*e1let`eaa.s.t^'03?b6j#c5@oc.5flmtae-ry7.eis","limit":10,"windowMs":900000,"count":10,"resetAt":"2025-12-02T17:26:24.561Z"}}
{"eventId":"af20be94-2935-440e-aac3-f5bbcea1d8e5","eventType":"auth.rate_limit.exceeded","timestamp":"2025-12-02T17:11:24.561Z","outcome":"failure","metadata":{"key":"signin:email:*e1let`eaa.s.t^'03?b6j#c5@oc.5flmtae-ry7.eis","limit":10,"windowMs":900000,"count":10,"resetAt":"2025-12-02T17:26:24.561Z"}}
{"eventId":"78ae4172-3620-40be-839f-e8793892d697","eventType":"auth.rate_limit.exceeded","timestamp":"2025-12-02T17:11:24.561Z","outcome":"failure","metadata":{"key":"signin:email:*e1let`eaa.s.t^'03?b6j#c5@oc.5flmtae-ry7.eis","limit":10,"windowMs":900000,"count":10,"resetAt":"2025-12-02T17:26:24.561Z"}}
{"eventId":"36c54c39-caaa-4b9f-802b-1555d2cfb4c3","eventType":"auth.rate_limit.exceeded","timestamp":"2025-12-02T17:11:24.561Z","outcome":"failure","metadata":{"key":"signin:email:2bg*{*l9l}.k}bz~h.4rz^2^il^.~8i%6'&#4c.`.^q+em^$'.*0&p'`p.r7+@eu0xsouqafb.r6.el","limit":10,"windowMs":900000,"count":10,"resetAt":"2025-12-02T17:26:24.561Z"}}
{"eventId":"fa88ac0e-b246-418e-a56c-57fe6602caaa","eventType":"auth.rate_limit.exceeded","timestamp":"2025-12-02T17:11:24.561Z","outcome":"failure","metadata":{"key":"signin:email:2bg*{*l9l}.k}bz~h.4rz^2^il^.~8i%6'&#4c.`.^q+em^$'.*0&p'`p.r7+@eu0xsouqafb.r6.el","limit":10,"windowMs":900000,"count":10,"resetAt":"2025-12-02T17:26:24.561Z"}}
{"eventId":"159b7560-e68e-4d8a-b191-0cbbb3461872","eventType":"auth.rate_limit.exceeded","timestamp":"2025-12-02T17:11:24.561Z","outcome":"failure","metadata":{"key":"signin:email:2bg*{*l9l}.k}bz~h.4rz^2^il^.~8i%6'&#4c.`.^q+em^$'.*0&p'`p.r7+@eu0xsouqafb.r6.el","limit":10,"windowMs":900000,"count":10,"resetAt":"2025-12-02T17:26:24.561Z"}}
{"eventId":"7ecafefa-deb3-49a2-acf2-575f16db9609","eventType":"auth.rate_limit.exceeded","timestamp":"2025-12-02T17:11:24.561Z","outcome":"failure","metadata":{"key":"signin:email:+1=.|.u'.fla{.i5#.#bur.^%0k`l4.rt^2@ave3ee.db","limit":10,"windowMs":900000,"count":10,"resetAt":"2025-12-02T17:26:24.561Z"}}
{"eventId":"74c3f309-639a-493b-82ae-a602323c8c6d","eventType":"auth.rate_limit.exceeded","timestamp":"2025-12-02T17:11:24.561Z","outcome":"failure","metadata":{"key":"signin:email:+1=.|.u'.fla{.i5#.#bur.^%0k`l4.rt^2@ave3ee.db","limit":10,"windowMs":900000,"count":10,"resetAt":"2025-12-02T17:26:24.561Z"}}
{"eventId":"b16c05b2-241b-4c07-9530-f7b42aaa50e3","eventType":"auth.rate_limit.exceeded","timestamp":"2025-12-02T17:11:24.561Z","outcome":"failure","metadata":{"key":"signin:email:+1=.|.u'.fla{.i5#.#bur.^%0k`l4.rt^2@ave3ee.db","limit":10,"windowMs":900000,"count":10,"resetAt":"2025-12-02T17:26:24.561Z"}}
{"eventId":"329dd7bb-0316-419c-9e38-8593098ed896","eventType":"auth.rate_limit.exceeded","timestamp":"2025-12-02T17:11:24.561Z","outcome":"failure","metadata":{"key":"signin:email:ro.b7$cjb.x87{s.||}xi.xf?vx'-.w/v51uay#mk.w'z2.|u0*.hsylpt'$@5.u.oga","limit":10,"windowMs":900000,"count":10,"resetAt":"2025-12-02T17:26:24.561Z"}}
{"eventId":"4a464596-b39f-478e-a0be-05e8f919f405","eventType":"auth.rate_limit.exceeded","timestamp":"2025-12-02T17:11:24.561Z","outcome":"failure","metadata":{"key":"signin:email:ro.b7$cjb.x87{s.||}xi.xf?vx'-.w/v51uay#mk.w'z2.|u0*.hsylpt'$@5.u.oga","limit":10,"windowMs":900000,"count":10,"resetAt":"2025-12-02T17:26:24.561Z"}}
{"eventId":"1dffa899-46be-4222-a65a-0859d36544f6","eventType":"auth.rate_limit.exceeded","timestamp":"2025-12-02T17:11:24.561Z","outcome":"failure","metadata":{"key":"signin:email:ro.b7$cjb.x87{s.||}xi.xf?vx'-.w/v51uay#mk.w'z2.|u0*.hsylpt'$@5.u.oga","limit":10,"windowMs":900000,"count":10,"resetAt":"2025-12-02T17:26:24.561Z"}}
{"eventId":"ed2b9045-b08d-4df4-9424-ce44b2f768dc","eventType":"auth.rate_limit.exceeded","timestamp":"2025-12-02T17:11:24.565Z","outcome":"failure","metadata":{"key":"signin:email:32a#'cjh.'zk`.wyr?@7a37.bc","limit":10,"windowMs":900000,"count":10,"resetAt":"2025-12-02T17:26:24.565Z"}}
{"eventId":"c8e9468e-458e-4410-ab6a-2213f7de5273","eventType":"auth.rate_limit.exceeded","timestamp":"2025-12-02T17:11:24.565Z","outcome":"failure","metadata":{"key":"signin:email:32a#'cjh.'zk`.wyr?@7a37.bc","limit":10,"windowMs":900000,"count":10,"resetAt":"2025-12-02T17:26:24.565Z"}}
{"eventId":"65e34c79-6f7d-4ea8-a5ad-a94bcdcb9bbd","eventType":"auth.rate_limit.exceeded","timestamp":"2025-12-02T17:11:24.565Z","outcome":"failure","metadata":{"key":"signin:email:32a#'cjh.'zk`.wyr?@7a37.bc","limit":10,"windowMs":900000,"count":10,"resetAt":"2025-12-02T17:26:24.565Z"}}
{"eventId":"403934a1-889a-470e-b950-fe1c75bd1565","eventType":"auth.rate_limit.exceeded","timestamp":"2025-12-02T17:11:24.566Z","outcome":"failure","metadata":{"key":"signin:email:0vyvch93|b.*im*`.f3w{!@6eelxfne4k.qy","limit":10,"windowMs":900000,"count":10,"resetAt":"2025-12-02T17:26:24.566Z"}}
{"eventId":"8f0a3b8a-8233-4509-b20c-ed3ef3953902","eventType":"auth.rate_limit.exceeded","timestamp":"2025-12-02T17:11:24.566Z","outcome":"failure","metadata":{"key":"signin:email:0vyvch93|b.*im*`.f3w{!@6eelxfne4k.qy","limit":10,"windowMs":900000,"count":10,"resetAt":"2025-12-02T17:26:24.566Z"}}
{"eventId":"80f07b92-eb6a-4624-b72b-f763d0730d47","eventType":"auth.rate_limit.exceeded","timestamp":"2025-12-02T17:11:24.566Z","outcome":"failure","metadata":{"key":"signin:email:0vyvch93|b.*im*`.f3w{!@6eelxfne4k.qy","limit":10,"windowMs":900000,"count":10,"resetAt":"2025-12-02T17:26:24.566Z"}}
{"eventId":"f6cb5fcd-decb-4587-8e56-eeb36a210a53","eventType":"auth.rate_limit.exceeded","timestamp":"2025-12-02T17:11:24.567Z","outcome":"failure","metadata":{"key":"signin:email:12'b98`7_ss.7`zm8_qwe#5.q$pr1.construc.wqf%co*.c.j6sxltec*zcg@h.kc","limit":10,"windowMs":900000,"count":10,"resetAt":"2025-12-02T17:26:24.566Z"}}
{"eventId":"5c691da7-5034-4aa7-aeba-cbc9b6cbd997","eventType":"auth.rate_limit.exceeded","timestamp":"2025-12-02T17:11:24.567Z","outcome":"failure","metadata":{"key":"signin:email:12'b98`7_ss.7`zm8_qwe#5.q$pr1.construc.wqf%co*.c.j6sxltec*zcg@h.kc","limit":10,"windowMs":900000,"count":10,"resetAt":"2025-12-02T17:26:24.566Z"}}
{"eventId":"5a9e9f8c-4616-4e2a-8409-87801af15b76","eventType":"auth.rate_limit.exceeded","timestamp":"2025-12-02T17:11:24.567Z","outcome":"failure","metadata":{"key":"signin:email:12'b98`7_ss.7`zm8_qwe#5.q$pr1.construc.wqf%co*.c.j6sxltec*zcg@h.kc","limit":10,"windowMs":900000,"count":10,"resetAt":"2025-12-02T17:26:24.566Z"}}
{"eventId":"0a7b77ee-016e-452e-8dae-38174bb02518","eventType":"auth.rate_limit.exceeded","timestamp":"2025-12-02T17:11:24.567Z","outcome":"failure","metadata":{"key":"signin:email:+x/_ipc}mp.?h*#5.qv?c&.fl5$kk{jh.-cx0iw/|%*.vk*.`g8baxr.t`ax?41@5i.gcwfkjllz.cc","limit":10,"windowMs":900000,"count":10,"resetAt":"2025-12-02T17:26:24.567Z"}}
{"eventId":"d7fd1d46-2ded-4c8f-ab76-0760ec08ae4b","eventType":"auth.rate_limit.exceeded","timestamp":"2025-12-02T17:11:24.567Z","outcome":"failure","metadata":{"key":"signin:email:+x/_ipc}mp.?h*#5.qv?c&.fl5$kk{jh.-cx0iw/|%*.vk*.`g8baxr.t`ax?41@5i.gcwfkjllz.cc","limit":10,"windowMs":900000,"count":10,"resetAt":"2025-12-02T17:26:24.567Z"}}
{"eventId":"7c808b2e-54a9-428d-96d0-7f8aac31813d","eventType":"auth.rate_limit.exceeded","timestamp":"2025-12-02T17:11:24.567Z","outcome":"failure","metadata":{"key":"signin:email:+x/_ipc}mp.?h*#5.qv?c&.fl5$kk{jh.-cx0iw/|%*.vk*.`g8baxr.t`ax?41@5i.gcwfkjllz.cc","limit":10,"windowMs":900000,"count":10,"resetAt":"2025-12-02T17:26:24.567Z"}}
{"eventId":"34587bf0-20f7-4034-a829-a9c10f4a5c2c","eventType":"auth.rate_limit.exceeded","timestamp":"2025-12-02T17:11:24.567Z","outcome":"failure","metadata":{"key":"signin:email:ytc~^m#.m8zp|'5|&.s19dln&7@rz.yk","limit":10,"windowMs":900000,"count":10,"resetAt":"2025-12-02T17:26:24.567Z"}}
{"eventId":"bcc874d5-2a8a-4ce3-a8a9-55c57c3a4031","eventType":"auth.rate_limit.exceeded","timestamp":"2025-12-02T17:11:24.567Z","outcome":"failure","metadata":{"key":"signin:email:ytc~^m#.m8zp|'5|&.s19dln&7@rz.yk","limit":10,"windowMs":900000,"count":10,"resetAt":"2025-12-02T17:26:24.567Z"}}
{"eventId":"d1f5a90b-57c8-4c89-96dc-208a3aa9793e","eventType":"auth.rate_limit.exceeded","timestamp":"2025-12-02T17:11:24.567Z","outcome":"failure","metadata":{"key":"signin:email:ytc~^m#.m8zp|'5|&.s19dln&7@rz.yk","limit":10,"windowMs":900000,"count":10,"resetAt":"2025-12-02T17:26:24.567Z"}}
{"eventId":"9924cd31-3e84-40bf-984e-9cde399a15a9","eventType":"auth.rate_limit.exceeded","timestamp":"2025-12-02T17:11:24.568Z","outcome":"failure","metadata":{"key":"signin:email:4xig`+b.5*%03d6vfy7e.ry5u`pf*p_.bw1gnvt$^s4`.0y.hfhqp3p@ydo2a.ao","limit":10,"windowMs":900000,"count":10,"resetAt":"2025-12-02T17:26:24.568Z"}}
{"eventId":"72886e02-5395-41f6-8143-bea12fbd52fb","eventType":"auth.rate_limit.exceeded","timestamp":"2025-12-02T17:11:24.568Z","outcome":"failure","metadata":{"key":"signin:email:4xig`+b.5*%03d6vfy7e.ry5u`pf*p_.bw1gnvt$^s4`.0y.hfhqp3p@ydo2a.ao","limit":10,"windowMs":900000,"count":10,"resetAt":"2025-12-02T17:26:24.568Z"}}
{"eventId":"1d325f19-77af-489e-9a46-b135741df3f1","eventType":"auth.rate_limit.exceeded","timestamp":"2025-12-02T17:11:24.568Z","outcome":"failure","metadata":{"key":"signin:email:4xig`+b.5*%03d6vfy7e.ry5u`pf*p_.bw1gnvt$^s4`.0y.hfhqp3p@ydo2a.ao","limit":10,"windowMs":900000,"count":10,"resetAt":"2025-12-02T17:26:24.568Z"}}
{"eventId":"df218dc4-224d-4907-96f9-7c956d0448c9","eventType":"auth.rate_limit.exceeded","timestamp":"2025-12-02T17:11:24.568Z","outcome":"failure","metadata":{"key":"signin:email:4-_cu0rk.2lhdo@9lhox3o.ejrny8-wiudy.pr","limit":10,"windowMs":900000,"count":10,"resetAt":"2025-12-02T17:26:24.568Z"}}
{"eventId":"13f519b1-ca23-4a9c-8ebd-c74c6ecfeff1","eventType":"auth.rate_limit.exceeded","timestamp":"2025-12-02T17:11:24.568Z","outcome":"failure","metadata":{"key":"signin:email:4-_cu0rk.2lhdo@9lhox3o.ejrny8-wiudy.pr","limit":10,"windowMs":900000,"count":10,"resetAt":"2025-12-02T17:26:24.568Z"}}
{"eventId":"c068a841-edc9-41c7-ab54-c5d6967f46ef","eventType":"auth.rate_limit.exceeded","timestamp":"2025-12-02T17:11:24.568Z","outcome":"failure","metadata":{"key":"signin:email:4-_cu0rk.2lhdo@9lhox3o.ejrny8-wiudy.pr","limit":10,"windowMs":900000,"count":10,"resetAt":"2025-12-02T17:26:24.568Z"}}
{"eventId":"f919af91-587d-48a7-b7ec-93fa12cd9169","eventType":"auth.rate_limit.exceeded","timestamp":"2025-12-02T17:11:24.568Z","outcome":"failure","metadata":{"key":"signin:email:e99f2.o@4iq5l20n65b.kgh","limit":10,"windowMs":900000,"count":10,"resetAt":"2025-12-02T17:26:24.568Z"}}
{"eventId":"8074d98f-97a4-45af-942c-b317e3019f92","eventType":"auth.rate_limit.exceeded","timestamp":"2025-12-02T17:11:24.568Z","outcome":"failure","metadata":{"key":"signin:email:e99f2.o@4iq5l20n65b.kgh","limit":10,"windowMs":900000,"count":10,"resetAt":"2025-12-02T17:26:24.568Z"}}
{"eventId":"b700702e-b00a-4af1-a986-caa780a971d9","eventType":"auth.rate_limit.exceeded","timestamp":"2025-12-02T17:11:24.568Z","outcome":"failure","metadata":{"key":"signin:email:e99f2.o@4iq5l20n65b.kgh","limit":10,"windowMs":900000,"count":10,"resetAt":"2025-12-02T17:26:24.568Z"}}
{"eventId":"68eacbf1-e3a3-40af-8b64-b9f0387e19ec","eventType":"auth.rate_limit.exceeded","timestamp":"2025-12-02T17:11:24.569Z","outcome":"failure","metadata":{"key":"signin:email:all.t@374yco4j80.il.niw","limit":10,"windowMs":900000,"count":10,"resetAt":"2025-12-02T17:26:24.569Z"}}
{"eventId":"7972f086-5de7-4872-a841-ebe9986d1609","eventType":"auth.rate_limit.exceeded","timestamp":"2025-12-02T17:11:24.569Z","outcome":"failure","metadata":{"key":"signin:email:all.t@374yco4j80.il.niw","limit":10,"windowMs":900000,"count":10,"resetAt":"2025-12-02T17:26:24.569Z"}}
{"eventId":"7fbd10ca-25ea-4f08-9c49-8b7d12ba4970","eventType":"auth.rate_limit.exceeded","timestamp":"2025-12-02T17:11:24.569Z","outcome":"failure","metadata":{"key":"signin:email:all.t@374yco4j80.il.niw","limit":10,"windowMs":900000,"count":10,"resetAt":"2025-12-02T17:26:24.569Z"}}
{"eventId":"26336940-034b-4b74-9ba4-72fd70fd9a3c","eventType":"auth.rate_limit.exceeded","timestamp":"2025-12-02T17:11:24.569Z","outcome":"failure","metadata":{"key":"signin:email:z~lyp'k.'{.i.t.tw=%$.k-js`.ad{0&!9d61_.9p.^$?.7@k.v.yqj","limit":10,"windowMs":900000,"count":10,"resetAt":"2025-12-02T17:26:24.569Z"}}
{"eventId":"79a972b7-45cc-40c9-9a06-218d4c460d3d","eventType":"auth.rate_limit.exceeded","timestamp":"2025-12-02T17:11:24.569Z","outcome":"failure","metadata":{"key":"signin:email:z~lyp'k.'{.i.t.tw=%$.k-js`.ad{0&!9d61_.9p.^$?.7@k.v.yqj","limit":10,"windowMs":900000,"count":10,"resetAt":"2025-12-02T17:26:24.569Z"}}
{"eventId":"f14f47ae-db6f-4025-a9cb-4166fce207c9","eventType":"auth.rate_limit.exceeded","timestamp":"2025-12-02T17:11:24.569Z","outcome":"failure","metadata":{"key":"signin:email:z~lyp'k.'{.i.t.tw=%$.k-js`.ad{0&!9d61_.9p.^$?.7@k.v.yqj","limit":10,"windowMs":900000,"count":10,"resetAt":"2025-12-02T17:26:24.569Z"}}
{"eventId":"428c3c67-d961-458e-a94d-32603f2ac767","eventType":"auth.rate_limit.exceeded","timestamp":"2025-12-02T17:11:24.569Z","outcome":"failure","metadata":{"key":"signin:email:&*#jpq5z.fv{db`pc|'&7.i6.uymt7g/@4o.li","limit":10,"windowMs":900000,"count":10,"resetAt":"2025-12-02T17:26:24.569Z"}}
{"eventId":"4b0c8acc-7917-497e-8edf-dae2ac7fc5f3","eventType":"auth.rate_limit.exceeded","timestamp":"2025-12-02T17:11:24.569Z","outcome":"failure","metadata":{"key":"signin:email:&*#jpq5z.fv{db`pc|'&7.i6.uymt7g/@4o.li","limit":10,"windowMs":900000,"count":10,"resetAt":"2025-12-02T17:26:24.569Z"}}
{"eventId":"2c6ca61c-6aa0-4289-b196-a761d0222888","eventType":"auth.rate_limit.exceeded","timestamp":"2025-12-02T17:11:24.569Z","outcome":"failure","metadata":{"key":"signin:email:&*#jpq5z.fv{db`pc|'&7.i6.uymt7g/@4o.li","limit":10,"windowMs":900000,"count":10,"resetAt":"2025-12-02T17:26:24.569Z"}}
{"eventId":"9f0c869e-c8f0-4ae6-b746-a767aa8514f7","eventType":"auth.rate_limit.exceeded","timestamp":"2025-12-02T17:11:24.569Z","outcome":"failure","metadata":{"key":"signin:email:i$o.~us=6b/_.t*$.%whz.+6mls%tf1k-r.qg+g.{ac@9z853xgv0-7.wjc","limit":10,"windowMs":900000,"count":10,"resetAt":"2025-12-02T17:26:24.569Z"}}
{"eventId":"7960cc94-5adc-46f1-96b6-f7d4c6eec6a4","eventType":"auth.rate_limit.exceeded","timestamp":"2025-12-02T17:11:24.569Z","outcome":"failure","metadata":{"key":"signin:email:i$o.~us=6b/_.t*$.%whz.+6mls%tf1k-r.qg+g.{ac@9z853xgv0-7.wjc","limit":10,"windowMs":900000,"count":10,"resetAt":"2025-12-02T17:26:24.569Z"}}
{"eventId":"6a2fbb79-cd1e-4772-85d4-3450dc72980e","eventType":"auth.rate_limit.exceeded","timestamp":"2025-12-02T17:11:24.569Z","outcome":"failure","metadata":{"key":"signin:email:i$o.~us=6b/_.t*$.%whz.+6mls%tf1k-r.qg+g.{ac@9z853xgv0-7.wjc","limit":10,"windowMs":900000,"count":10,"resetAt":"2025-12-02T17:26:24.569Z"}}
{"eventId":"f1c78880-896b-4bbc-8cca-98a294527aa8","eventType":"auth.rate_limit.exceeded","timestamp":"2025-12-02T17:11:24.570Z","outcome":"failure","metadata":{"key":"signin:email:}.4wi?7z3u6o.eh!c^04.u{5h9dlg.7|.&~ejqbc!ftg.=asarlg.'f&%@g51rnr.r4e9.qq","limit":10,"windowMs":900000,"count":10,"resetAt":"2025-12-02T17:26:24.570Z"}}
{"eventId":"fcf73f88-82b0-4cf2-891d-259ad44f2048","eventType":"auth.rate_limit.exceeded","timestamp":"2025-12-02T17:11:24.570Z","outcome":"failure","metadata":{"key":"signin:email:}.4wi?7z3u6o.eh!c^04.u{5h9dlg.7|.&~ejqbc!ftg.=asarlg.'f&%@g51rnr.r4e9.qq","limit":10,"windowMs":900000,"count":10,"resetAt":"2025-12-02T17:26:24.570Z"}}
{"eventId":"2b6c2e1c-98ef-4525-b95f-c9fb7912b98f","eventType":"auth.rate_limit.exceeded","timestamp":"2025-12-02T17:11:24.570Z","outcome":"failure","metadata":{"key":"signin:email:}.4wi?7z3u6o.eh!c^04.u{5h9dlg.7|.&~ejqbc!ftg.=asarlg.'f&%@g51rnr.r4e9.qq","limit":10,"windowMs":900000,"count":10,"resetAt":"2025-12-02T17:26:24.570Z"}}
{"eventId":"918ed6e4-57ee-4139-be96-ac4b8485113f","eventType":"auth.rate_limit.exceeded","timestamp":"2025-12-02T17:11:24.570Z","outcome":"failure","metadata":{"key":"signin:email:c`xb`bwf.yi|.7wckds^.d5w+.7i^+.l^_e706t.xcb.u=~n{72.-engthcaeapp@h.ywq.xb","limit":10,"windowMs":900000,"count":10,"resetAt":"2025-12-02T17:26:24.570Z"}}
{"eventId":"203c1116-853b-4bca-b38c-2754dd484a29","eventType":"auth.rate_limit.exceeded","timestamp":"2025-12-02T17:11:24.570Z","outcome":"failure","metadata":{"key":"signin:email:c`xb`bwf.yi|.7wckds^.d5w+.7i^+.l^_e706t.xcb.u=~n{72.-engthcaeapp@h.ywq.xb","limit":10,"windowMs":900000,"count":10,"resetAt":"2025-12-02T17:26:24.570Z"}}
{"eventId":"6e4970ff-ac00-4190-8a94-662eccaeeb6c","eventType":"auth.rate_limit.exceeded","timestamp":"2025-12-02T17:11:24.570Z","outcome":"failure","metadata":{"key":"signin:email:c`xb`bwf.yi|.7wckds^.d5w+.7i^+.l^_e706t.xcb.u=~n{72.-engthcaeapp@h.ywq.xb","limit":10,"windowMs":900000,"count":10,"resetAt":"2025-12-02T17:26:24.570Z"}}
{"eventId":"819f61f2-cbff-4b6b-917d-f349e6e4bc74","eventType":"auth.rate_limit.exceeded","timestamp":"2025-12-02T17:11:24.570Z","outcome":"failure","metadata":{"key":"signin:email:_`l%63o1*te/.np+&'.$7xiv.5%%bq.6x2_.e{8h6.+ltx&.|^1f{!mt^6.$l4%@sx7jq08sq6d.anx","limit":10,"windowMs":900000,"count":10,"resetAt":"2025-12-02T17:26:24.570Z"}}
{"eventId":"81678c53-a08e-46cf-8a48-dc8086872f60","eventType":"auth.rate_limit.exceeded","timestamp":"2025-12-02T17:11:24.570Z","outcome":"failure","metadata":{"key":"signin:email:_`l%63o1*te/.np+&'.$7xiv.5%%bq.6x2_.e{8h6.+ltx&.|^1f{!mt^6.$l4%@sx7jq08sq6d.anx","limit":10,"windowMs":900000,"count":10,"resetAt":"2025-12-02T17:26:24.570Z"}}
{"eventId":"c5fb0378-1642-4e2e-9be0-bb6141b07d33","eventType":"auth.rate_limit.exceeded","timestamp":"2025-12-02T17:11:24.570Z","outcome":"failure","metadata":{"key":"signin:email:_`l%63o1*te/.np+&'.$7xiv.5%%bq.6x2_.e{8h6.+ltx&.|^1f{!mt^6.$l4%@sx7jq08sq6d.anx","limit":10,"windowMs":900000,"count":10,"resetAt":"2025-12-02T17:26:24.570Z"}}
{"eventId":"df5c388b-45b6-4b66-9b9f-bb75dca65967","eventType":"auth.rate_limit.exceeded","timestamp":"2025-12-02T17:11:24.570Z","outcome":"failure","metadata":{"key":"signin:email:/|jz.wuc&-?2^1.2/^%a.2'qlqq`}.}+y8=l.`l`h'@d82u48ee0.2.hqv","limit":10,"windowMs":900000,"count":10,"resetAt":"2025-12-02T17:26:24.570Z"}}
{"eventId":"490b558e-31d6-4945-b339-6ed118000e44","eventType":"auth.rate_limit.exceeded","timestamp":"2025-12-02T17:11:24.570Z","outcome":"failure","metadata":{"key":"signin:email:/|jz.wuc&-?2^1.2/^%a.2'qlqq`}.}+y8=l.`l`h'@d82u48ee0.2.hqv","limit":10,"windowMs":900000,"count":10,"resetAt":"2025-12-02T17:26:24.570Z"}}
{"eventId":"23c1b8d2-0415-4fa1-be08-dd2fcb8fe4b4","eventType":"auth.rate_limit.exceeded","timestamp":"2025-12-02T17:11:24.570Z","outcome":"failure","metadata":{"key":"signin:email:/|jz.wuc&-?2^1.2/^%a.2'qlqq`}.}+y8=l.`l`h'@d82u48ee0.2.hqv","limit":10,"windowMs":900000,"count":10,"resetAt":"2025-12-02T17:26:24.570Z"}}
{"eventId":"8c77a366-33a2-4678-b85e-256773a8ce1b","eventType":"auth.rate_limit.exceeded","timestamp":"2025-12-02T17:11:24.571Z","outcome":"failure","metadata":{"key":"signin:email:xkmyk0lt@u.3zpi.euz","limit":10,"windowMs":900000,"count":10,"resetAt":"2025-12-02T17:26:24.571Z"}}
{"eventId":"a8954362-b1a4-4c57-b6c8-7c275113c27d","eventType":"auth.rate_limit.exceeded","timestamp":"2025-12-02T17:11:24.571Z","outcome":"failure","metadata":{"key":"signin:email:xkmyk0lt@u.3zpi.euz","limit":10,"windowMs":900000,"count":10,"resetAt":"2025-12-02T17:26:24.571Z"}}
{"eventId":"d651f5d0-06bc-43fa-8287-9d91a6118175","eventType":"auth.rate_limit.exceeded","timestamp":"2025-12-02T17:11:24.571Z","outcome":"failure","metadata":{"key":"signin:email:xkmyk0lt@u.3zpi.euz","limit":10,"windowMs":900000,"count":10,"resetAt":"2025-12-02T17:26:24.571Z"}}
{"eventId":"4bbe6ebf-283a-4a60-9d6c-f5858936dcf9","eventType":"auth.rate_limit.exceeded","timestamp":"2025-12-02T17:11:24.571Z","outcome":"failure","metadata":{"key":"signin:email:?nlz$ywc*5#.c10r+.^j1lf_.!u#0-qfz.z.kx~!*9nfu@0ivng.qdgxq.xae","limit":10,"windowMs":900000,"count":10,"resetAt":"2025-12-02T17:26:24.571Z"}}
{"eventId":"3692db79-bb90-4d3c-889f-6180fe5a13ad","eventType":"auth.rate_limit.exceeded","timestamp":"2025-12-02T17:11:24.571Z","outcome":"failure","metadata":{"key":"signin:email:?nlz$ywc*5#.c10r+.^j1lf_.!u#0-qfz.z.kx~!*9nfu@0ivng.qdgxq.xae","limit":10,"windowMs":900000,"count":10,"resetAt":"2025-12-02T17:26:24.571Z"}}
{"eventId":"d9a0d863-c9f8-4dfa-a5c4-be14cf102ae0","eventType":"auth.rate_limit.exceeded","timestamp":"2025-12-02T17:11:24.571Z","outcome":"failure","metadata":{"key":"signin:email:?nlz$ywc*5#.c10r+.^j1lf_.!u#0-qfz.z.kx~!*9nfu@0ivng.qdgxq.xae","limit":10,"windowMs":900000,"count":10,"resetAt":"2025-12-02T17:26:24.571Z"}}
{"eventId":"b1e4784d-8d85-42d2-901e-7b1a9d56d74b","eventType":"auth.rate_limit.exceeded","timestamp":"2025-12-02T17:11:24.571Z","outcome":"failure","metadata":{"key":"signin:email:*e_}n^.%.7#t+~p8j{.$4xnjuic.g9cm2r.tj.*`|@uwais4e9y.o3idk.gks","limit":10,"windowMs":900000,"count":10,"resetAt":"2025-12-02T17:26:24.571Z"}}
{"eventId":"68ae0184-5d6e-4dac-acb5-bef65bb60bfd","eventType":"auth.rate_limit.exceeded","timestamp":"2025-12-02T17:11:24.571Z","outcome":"failure","metadata":{"key":"signin:email:*e_}n^.%.7#t+~p8j{.$4xnjuic.g9cm2r.tj.*`|@uwais4e9y.o3idk.gks","limit":10,"windowMs":900000,"count":10,"resetAt":"2025-12-02T17:26:24.571Z"}}
{"eventId":"8d6a56b8-5c9d-4120-98a4-0430c03c9e62","eventType":"auth.rate_limit.exceeded","timestamp":"2025-12-02T17:11:24.572Z","outcome":"failure","metadata":{"key":"signin:email:*e_}n^.%.7#t+~p8j{.$4xnjuic.g9cm2r.tj.*`|@uwais4e9y.o3idk.gks","limit":10,"windowMs":900000,"count":10,"resetAt":"2025-12-02T17:26:24.571Z"}}
{"eventId":"c28545ee-8e1d-4263-a819-251b9b56be1b","eventType":"auth.rate_limit.exceeded","timestamp":"2025-12-02T17:11:24.572Z","outcome":"failure","metadata":{"key":"signin:email:h1=.-o#ue}.6i2@m9ujy33.mc846b9tp.czk","limit":10,"windowMs":900000,"count":10,"resetAt":"2025-12-02T17:26:24.572Z"}}
{"eventId":"0ffe20fc-29e5-4777-9a3d-36ed5f25a025","eventType":"auth.rate_limit.exceeded","timestamp":"2025-12-02T17:11:24.572Z","outcome":"failure","metadata":{"key":"signin:email:h1=.-o#ue}.6i2@m9ujy33.mc846b9tp.czk","limit":10,"windowMs":900000,"count":10,"resetAt":"2025-12-02T17:26:24.572Z"}}
{"eventId":"ec4227ed-6f03-4832-b6f1-9fd8662ecb01","eventType":"auth.rate_limit.exceeded","timestamp":"2025-12-02T17:11:24.572Z","outcome":"failure","metadata":{"key":"signin:email:h1=.-o#ue}.6i2@m9ujy33.mc846b9tp.czk","limit":10,"windowMs":900000,"count":10,"resetAt":"2025-12-02T17:26:24.572Z"}}
{"eventId":"54d4d1fe-4b98-4507-b450-d4bbc00091d4","eventType":"auth.rate_limit.exceeded","timestamp":"2025-12-02T17:11:24.572Z","outcome":"failure","metadata":{"key":"signin:email:^}63i1u@eof.kkx","limit":10,"windowMs":900000,"count":10,"resetAt":"2025-12-02T17:26:24.572Z"}}
{"eventId":"2f203bc8-6aec-4936-a591-8a09e1cf2429","eventType":"auth.rate_limit.exceeded","timestamp":"2025-12-02T17:11:24.572Z","outcome":"failure","metadata":{"key":"signin:email:^}63i1u@eof.kkx","limit":10,"windowMs":900000,"count":10,"resetAt":"2025-12-02T17:26:24.572Z"}}
{"eventId":"939bb510-8dd0-48bf-b2f7-9625db0bb3ab","eventType":"auth.rate_limit.exceeded","timestamp":"2025-12-02T17:11:24.572Z","outcome":"failure","metadata":{"key":"signin:email:^}63i1u@eof.kkx","limit":10,"windowMs":900000,"count":10,"resetAt":"2025-12-02T17:26:24.572Z"}}
{"eventId":"5fc4263a-9b96-4aaa-8513-5be26e3c26a9","eventType":"auth.rate_limit.exceeded","timestamp":"2025-12-02T17:11:24.572Z","outcome":"failure","metadata":{"key":"signin:email:^`.2!0my3qc.g.763@mwp.bc","limit":10,"windowMs":900000,"count":10,"resetAt":"2025-12-02T17:26:24.572Z"}}
{"eventId":"a65efc4f-6aaa-4aad-a4ac-655c5e6db5fa","eventType":"auth.rate_limit.exceeded","timestamp":"2025-12-02T17:11:24.572Z","outcome":"failure","metadata":{"key":"signin:email:^`.2!0my3qc.g.763@mwp.bc","limit":10,"windowMs":900000,"count":10,"resetAt":"2025-12-02T17:26:24.572Z"}}
{"eventId":"803ef23d-19e8-4ab6-9229-09acc3eb55a8","eventType":"auth.rate_limit.exceeded","timestamp":"2025-12-02T17:11:24.572Z","outcome":"failure","metadata":{"key":"signin:email:^`.2!0my3qc.g.763@mwp.bc","limit":10,"windowMs":900000,"count":10,"resetAt":"2025-12-02T17:26:24.572Z"}}
{"eventId":"a0172a41-a072-49d3-9a49-ce820d23ab66","eventType":"auth.rate_limit.exceeded","timestamp":"2025-12-02T17:11:24.573Z","outcome":"failure","metadata":{"key":"signin:email:p{n$huk1.%o_0xv-fs!._utbc67.len.^n^bko2nqx*e.*46e.ki.m'.cdh29@feyv4kcj0s-q.up","limit":10,"windowMs":900000,"count":10,"resetAt":"2025-12-02T17:26:24.573Z"}}
{"eventId":"a1a8783d-8760-4f67-8213-e586817fbef8","eventType":"auth.rate_limit.exceeded","timestamp":"2025-12-02T17:11:24.573Z","outcome":"failure","metadata":{"key":"signin:email:p{n$huk1.%o_0xv-fs!._utbc67.len.^n^bko2nqx*e.*46e.ki.m'.cdh29@feyv4kcj0s-q.up","limit":10,"windowMs":900000,"count":10,"resetAt":"2025-12-02T17:26:24.573Z"}}
{"eventId":"d17fa155-151e-442e-9709-05af5b74590e","eventType":"auth.rate_limit.exceeded","timestamp":"2025-12-02T17:11:24.573Z","outcome":"failure","metadata":{"key":"signin:email:p{n$huk1.%o_0xv-fs!._utbc67.len.^n^bko2nqx*e.*46e.ki.m'.cdh29@feyv4kcj0s-q.up","limit":10,"windowMs":900000,"count":10,"resetAt":"2025-12-02T17:26:24.573Z"}}
{"eventId":"973a1b27-8385-41bd-bf48-287a084fe666","eventType":"auth.rate_limit.exceeded","timestamp":"2025-12-02T17:11:24.573Z","outcome":"failure","metadata":{"key":"signin:email:bnk|ya8jq.}9c3tpzpm.`x&ms4?7n.kax$4ul#@y.yj","limit":10,"windowMs":900000,"count":10,"resetAt":"2025-12-02T17:26:24.573Z"}}
{"eventId":"1efa6894-0664-4273-a918-396a69b8e51c","eventType":"auth.rate_limit.exceeded","timestamp":"2025-12-02T17:11:24.573Z","outcome":"failure","metadata":{"key":"signin:email:bnk|ya8jq.}9c3tpzpm.`x&ms4?7n.kax$4ul#@y.yj","limit":10,"windowMs":900000,"count":10,"resetAt":"2025-12-02T17:26:24.573Z"}}
{"eventId":"6f85ebbc-8484-47a4-8c9f-0e52039967ca","eventType":"auth.rate_limit.exceeded","timestamp":"2025-12-02T17:11:24.573Z","outcome":"failure","metadata":{"key":"signin:email:bnk|ya8jq.}9c3tpzpm.`x&ms4?7n.kax$4ul#@y.yj","limit":10,"windowMs":900000,"count":10,"resetAt":"2025-12-02T17:26:24.573Z"}}
{"eventId":"6f0edb1a-0718-4629-8925-333398affca5","eventType":"auth.rate_limit.exceeded","timestamp":"2025-12-02T17:11:24.573Z","outcome":"failure","metadata":{"key":"signin:email:3`.}}az@1b-a-qmp.m.ez","limit":10,"windowMs":900000,"count":10,"resetAt":"2025-12-02T17:26:24.573Z"}}
{"eventId":"2ef30b43-d7e2-408e-ade5-f81815719873","eventType":"auth.rate_limit.exceeded","timestamp":"2025-12-02T17:11:24.573Z","outcome":"failure","metadata":{"key":"signin:email:3`.}}az@1b-a-qmp.m.ez","limit":10,"windowMs":900000,"count":10,"resetAt":"2025-12-02T17:26:24.573Z"}}
{"eventId":"b844bc9a-bd0c-4df1-9c9f-401349df148d","eventType":"auth.rate_limit.exceeded","timestamp":"2025-12-02T17:11:24.573Z","outcome":"failure","metadata":{"key":"signin:email:3`.}}az@1b-a-qmp.m.ez","limit":10,"windowMs":900000,"count":10,"resetAt":"2025-12-02T17:26:24.573Z"}}
{"eventId":"eeb608ed-e3b9-418a-ab6d-7a96b3495391","eventType":"auth.rate_limit.exceeded","timestamp":"2025-12-02T17:11:24.574Z","outcome":"failure","metadata":{"key":"signin:email:n%lbaj.#|d{y4._?${5&~.j9h%@f.ar","limit":10,"windowMs":900000,"count":10,"resetAt":"2025-12-02T17:26:24.574Z"}}
{"eventId":"93c49e9a-4929-4b4b-9f1a-e2d9dd12113a","eventType":"auth.rate_limit.exceeded","timestamp":"2025-12-02T17:11:24.574Z","outcome":"failure","metadata":{"key":"signin:email:n%lbaj.#|d{y4._?${5&~.j9h%@f.ar","limit":10,"windowMs":900000,"count":10,"resetAt":"2025-12-02T17:26:24.574Z"}}
{"eventId":"8fc5063e-2760-4899-897d-24a4711794e1","eventType":"auth.rate_limit.exceeded","timestamp":"2025-12-02T17:11:24.574Z","outcome":"failure","metadata":{"key":"signin:email:n%lbaj.#|d{y4._?${5&~.j9h%@f.ar","limit":10,"windowMs":900000,"count":10,"resetAt":"2025-12-02T17:26:24.574Z"}}
{"eventId":"7818183f-5851-4edf-ad10-334c036d10a9","eventType":"auth.rate_limit.exceeded","timestamp":"2025-12-02T17:11:24.574Z","outcome":"failure","metadata":{"key":"signin:email:dn7c2$.h.#e}8h}uox|n.cs.-.%!_.yz|{b/~7dlu@9yak6gb2n.pw","limit":10,"windowMs":900000,"count":10,"resetAt":"2025-12-02T17:26:24.574Z"}}
{"eventId":"b935a171-b9d8-4a47-912d-37c228371d29","eventType":"auth.rate_limit.exceeded","timestamp":"2025-12-02T17:11:24.574Z","outcome":"failure","metadata":{"key":"signin:email:dn7c2$.h.#e}8h}uox|n.cs.-.%!_.yz|{b/~7dlu@9yak6gb2n.pw","limit":10,"windowMs":900000,"count":10,"resetAt":"2025-12-02T17:26:24.574Z"}}
{"eventId":"9f2985b4-33ab-46fa-a1b4-fbb1f7a091c5","eventType":"auth.rate_limit.exceeded","timestamp":"2025-12-02T17:11:24.574Z","outcome":"failure","metadata":{"key":"signin:email:dn7c2$.h.#e}8h}uox|n.cs.-.%!_.yz|{b/~7dlu@9yak6gb2n.pw","limit":10,"windowMs":900000,"count":10,"resetAt":"2025-12-02T17:26:24.574Z"}}
{"eventId":"36dcd7d7-968c-417d-b72d-e3b8316fc8b6","eventType":"auth.rate_limit.exceeded","timestamp":"2025-12-02T17:11:24.574Z","outcome":"failure","metadata":{"key":"signin:email:teler2r.rg{r2j4.`qpe38|o#u6x.9m`_'bx.1{b!{_i.}.pfov/?w#*226@pibllg7ens.gor","limit":10,"windowMs":900000,"count":10,"resetAt":"2025-12-02T17:26:24.574Z"}}
{"eventId":"00891bf8-d3ac-4288-a061-fccbabbaf100","eventType":"auth.rate_limit.exceeded","timestamp":"2025-12-02T17:11:24.574Z","outcome":"failure","metadata":{"key":"signin:email:teler2r.rg{r2j4.`qpe38|o#u6x.9m`_'bx.1{b!{_i.}.pfov/?w#*226@pibllg7ens.gor","limit":10,"windowMs":900000,"count":10,"resetAt":"2025-12-02T17:26:24.574Z"}}
{"eventId":"50b7f228-4c69-4f80-a38b-14a436aab3a4","eventType":"auth.rate_limit.exceeded","timestamp":"2025-12-02T17:11:24.574Z","outcome":"failure","metadata":{"key":"signin:email:teler2r.rg{r2j4.`qpe38|o#u6x.9m`_'bx.1{b!{_i.}.pfov/?w#*226@pibllg7ens.gor","limit":10,"windowMs":900000,"count":10,"resetAt":"2025-12-02T17:26:24.574Z"}}
{"eventId":"4de03073-fad3-43e5-b021-4deae2f1f819","eventType":"auth.rate_limit.exceeded","timestamp":"2025-12-02T17:11:24.574Z","outcome":"failure","metadata":{"key":"signin:email:!'8r1j.}-l.q+?=r.faf3.`nam.&ali.#!.^r^w~b.lrj/+h$ly=.fn.u0-v%=ub@y.mdeo.hya","limit":10,"windowMs":900000,"count":10,"resetAt":"2025-12-02T17:26:24.574Z"}}
{"eventId":"326580e6-ca38-4ff9-803d-e5e24c9f4774","eventType":"auth.rate_limit.exceeded","timestamp":"2025-12-02T17:11:24.574Z","outcome":"failure","metadata":{"key":"signin:email:!'8r1j.}-l.q+?=r.faf3.`nam.&ali.#!.^r^w~b.lrj/+h$ly=.fn.u0-v%=ub@y.mdeo.hya","limit":10,"windowMs":900000,"count":10,"resetAt":"2025-12-02T17:26:24.574Z"}}
{"eventId":"513804db-6c4f-4007-8ce3-1edc308a4664","eventType":"auth.rate_limit.exceeded","timestamp":"2025-12-02T17:11:24.574Z","outcome":"failure","metadata":{"key":"signin:email:!'8r1j.}-l.q+?=r.faf3.`nam.&ali.#!.^r^w~b.lrj/+h$ly=.fn.u0-v%=ub@y.mdeo.hya","limit":10,"windowMs":900000,"count":10,"resetAt":"2025-12-02T17:26:24.574Z"}}
{"eventId":"5e2b045e-4072-43fe-a38f-7b47b2596fa0","eventType":"auth.rate_limit.exceeded","timestamp":"2025-12-02T17:11:24.574Z","outcome":"failure","metadata":{"key":"signin:email:z=#^=cfv5x.mv'ydkm$?h!.h`#q$rtkj$.1.m_%.v#}&*ir8a|`1.?*szu7tmu|@e0.squ","limit":10,"windowMs":900000,"count":10,"resetAt":"2025-12-02T17:26:24.574Z"}}
{"eventId":"e411ef58-963b-4f21-808a-eae8dc234b88","eventType":"auth.rate_limit.exceeded","timestamp":"2025-12-02T17:11:24.574Z","outcome":"failure","metadata":{"key":"signin:email:z=#^=cfv5x.mv'ydkm$?h!.h`#q$rtkj$.1.m_%.v#}&*ir8a|`1.?*szu7tmu|@e0.squ","limit":10,"windowMs":900000,"count":10,"resetAt":"2025-12-02T17:26:24.574Z"}}
{"eventId":"3d0dee92-4f25-4218-84f7-b82db9de16bd","eventType":"auth.rate_limit.exceeded","timestamp":"2025-12-02T17:11:24.574Z","outcome":"failure","metadata":{"key":"signin:email:z=#^=cfv5x.mv'ydkm$?h!.h`#q$rtkj$.1.m_%.v#}&*ir8a|`1.?*szu7tmu|@e0.squ","limit":10,"windowMs":900000,"count":10,"resetAt":"2025-12-02T17:26:24.574Z"}}
{"eventId":"f6b747c7-1eea-46b5-9b37-9fb3b3df01fc","eventType":"auth.rate_limit.exceeded","timestamp":"2025-12-02T17:11:24.575Z","outcome":"failure","metadata":{"key":"signin:email:vic%fk$|.uir.nno4_=jd{.j/3_li@f3l.ao","limit":10,"windowMs":900000,"count":10,"resetAt":"2025-12-02T17:26:24.575Z"}}
{"eventId":"f654d525-455a-4182-a208-cf014ac6732a","eventType":"auth.rate_limit.exceeded","timestamp":"2025-12-02T17:11:24.575Z","outcome":"failure","metadata":{"key":"signin:email:vic%fk$|.uir.nno4_=jd{.j/3_li@f3l.ao","limit":10,"windowMs":900000,"count":10,"resetAt":"2025-12-02T17:26:24.575Z"}}
{"eventId":"b2d5a1cd-c20a-4e24-bd42-1bc01caa7085","eventType":"auth.rate_limit.exceeded","timestamp":"2025-12-02T17:11:24.575Z","outcome":"failure","metadata":{"key":"signin:email:vic%fk$|.uir.nno4_=jd{.j/3_li@f3l.ao","limit":10,"windowMs":900000,"count":10,"resetAt":"2025-12-02T17:26:24.575Z"}}
{"eventId":"459d5043-85cf-4a32-8d07-6c6a4a1c05cf","eventType":"auth.rate_limit.exceeded","timestamp":"2025-12-02T17:11:24.575Z","outcome":"failure","metadata":{"key":"signin:email:*ic-oq!z`?w`.8f%$l.4lkc.9#fp8e6.6}*l.~8x|c.}c2c15s+/p`u.7cfs.x2@0w-9chj.ilu5kq46qh.oky","limit":10,"windowMs":900000,"count":10,"resetAt":"2025-12-02T17:26:24.575Z"}}
{"eventId":"52fd4f60-c11e-460b-a361-37f2b6b7234d","eventType":"auth.rate_limit.exceeded","timestamp":"2025-12-02T17:11:24.575Z","outcome":"failure","metadata":{"key":"signin:email:*ic-oq!z`?w`.8f%$l.4lkc.9#fp8e6.6}*l.~8x|c.}c2c15s+/p`u.7cfs.x2@0w-9chj.ilu5kq46qh.oky","limit":10,"windowMs":900000,"count":10,"resetAt":"2025-12-02T17:26:24.575Z"}}
{"eventId":"2daca4e9-e749-42a1-b5f7-18f94fea115b","eventType":"auth.rate_limit.exceeded","timestamp":"2025-12-02T17:11:24.575Z","outcome":"failure","metadata":{"key":"signin:email:*ic-oq!z`?w`.8f%$l.4lkc.9#fp8e6.6}*l.~8x|c.}c2c15s+/p`u.7cfs.x2@0w-9chj.ilu5kq46qh.oky","limit":10,"windowMs":900000,"count":10,"resetAt":"2025-12-02T17:26:24.575Z"}}
{"eventId":"b6c7a5d0-bae2-436f-9915-f75a8092fed3","eventType":"auth.rate_limit.exceeded","timestamp":"2025-12-02T17:11:24.575Z","outcome":"failure","metadata":{"key":"signin:email:q4k%.o2?%on.y*8za'8e0`tc.|`ftl-2.x7fx3jxo|i=^.a9k'$vs~22t.-.n_ip@r09cj78c29q.ww","limit":10,"windowMs":900000,"count":10,"resetAt":"2025-12-02T17:26:24.575Z"}}
{"eventId":"938ce7fd-8a8a-47e6-928c-d489ba4ca15c","eventType":"auth.rate_limit.exceeded","timestamp":"2025-12-02T17:11:24.576Z","outcome":"failure","metadata":{"key":"signin:email:q4k%.o2?%on.y*8za'8e0`tc.|`ftl-2.x7fx3jxo|i=^.a9k'$vs~22t.-.n_ip@r09cj78c29q.ww","limit":10,"windowMs":900000,"count":10,"resetAt":"2025-12-02T17:26:24.575Z"}}
{"eventId":"7d0eba87-90ae-494e-bfb8-36ad159dd346","eventType":"auth.rate_limit.exceeded","timestamp":"2025-12-02T17:11:24.576Z","outcome":"failure","metadata":{"key":"signin:email:q4k%.o2?%on.y*8za'8e0`tc.|`ftl-2.x7fx3jxo|i=^.a9k'$vs~22t.-.n_ip@r09cj78c29q.ww","limit":10,"windowMs":900000,"count":10,"resetAt":"2025-12-02T17:26:24.575Z"}}
{"eventId":"3b93e4ba-4841-41e0-8f4d-518bfeb4b3fd","eventType":"auth.rate_limit.exceeded","timestamp":"2025-12-02T17:11:24.576Z","outcome":"failure","metadata":{"key":"signin:email:^pn`=narxi.wds!e.591n{|}}h2@1w05gpd5bd.wbha4gztu4.qd","limit":10,"windowMs":900000,"count":10,"resetAt":"2025-12-02T17:26:24.576Z"}}
{"eventId":"e0cd54b2-039c-4d05-bd04-abce78369476","eventType":"auth.rate_limit.exceeded","timestamp":"2025-12-02T17:11:24.576Z","outcome":"failure","metadata":{"key":"signin:email:^pn`=narxi.wds!e.591n{|}}h2@1w05gpd5bd.wbha4gztu4.qd","limit":10,"windowMs":900000,"count":10,"resetAt":"2025-12-02T17:26:24.576Z"}}
{"eventId":"8b7e0ae6-1a75-480c-abe3-0683c489338a","eventType":"auth.rate_limit.exceeded","timestamp":"2025-12-02T17:11:24.576Z","outcome":"failure","metadata":{"key":"signin:email:^pn`=narxi.wds!e.591n{|}}h2@1w05gpd5bd.wbha4gztu4.qd","limit":10,"windowMs":900000,"count":10,"resetAt":"2025-12-02T17:26:24.576Z"}}
{"eventId":"73479a92-60ef-4401-9258-25016a105abb","eventType":"auth.rate_limit.exceeded","timestamp":"2025-12-02T17:11:24.576Z","outcome":"failure","metadata":{"key":"signin:email:^$*.={gw3*q25j5.mte1q1|.v91r-.}v8^.~!jp-}@qmxdl.yae","limit":10,"windowMs":900000,"count":10,"resetAt":"2025-12-02T17:26:24.576Z"}}
{"eventId":"e29f98ce-f5eb-44af-8162-c441202431ba","eventType":"auth.rate_limit.exceeded","timestamp":"2025-12-02T17:11:24.576Z","outcome":"failure","metadata":{"key":"signin:email:^$*.={gw3*q25j5.mte1q1|.v91r-.}v8^.~!jp-}@qmxdl.yae","limit":10,"windowMs":900000,"count":10,"resetAt":"2025-12-02T17:26:24.576Z"}}
{"eventId":"465318b0-d41f-4076-a7a4-ada773b582c3","eventType":"auth.rate_limit.exceeded","timestamp":"2025-12-02T17:11:24.576Z","outcome":"failure","metadata":{"key":"signin:email:^$*.={gw3*q25j5.mte1q1|.v91r-.}v8^.~!jp-}@qmxdl.yae","limit":10,"windowMs":900000,"count":10,"resetAt":"2025-12-02T17:26:24.576Z"}}
{"eventId":"f4d6eb4d-17b7-41d0-8ec9-37a7693b0bc1","eventType":"auth.rate_limit.exceeded","timestamp":"2025-12-02T17:11:24.576Z","outcome":"failure","metadata":{"key":"signin:email:v-{qu3!}'w.m.f?eln+sl{z.|p.`'a-az|-avf.78`+.3|$'.ni5*purk--/o@ezuvb1y0mp.ueqnr0345d.uge","limit":10,"windowMs":900000,"count":10,"resetAt":"2025-12-02T17:26:24.576Z"}}
{"eventId":"7ab59701-c68c-4831-a154-9f7deb330596","eventType":"auth.rate_limit.exceeded","timestamp":"2025-12-02T17:11:24.576Z","outcome":"failure","metadata":{"key":"signin:email:v-{qu3!}'w.m.f?eln+sl{z.|p.`'a-az|-avf.78`+.3|$'.ni5*purk--/o@ezuvb1y0mp.ueqnr0345d.uge","limit":10,"windowMs":900000,"count":10,"resetAt":"2025-12-02T17:26:24.576Z"}}
{"eventId":"70a6b479-208e-4c09-8d6e-f45258f55a9c","eventType":"auth.rate_limit.exceeded","timestamp":"2025-12-02T17:11:24.576Z","outcome":"failure","metadata":{"key":"signin:email:v-{qu3!}'w.m.f?eln+sl{z.|p.`'a-az|-avf.78`+.3|$'.ni5*purk--/o@ezuvb1y0mp.ueqnr0345d.uge","limit":10,"windowMs":900000,"count":10,"resetAt":"2025-12-02T17:26:24.576Z"}}
{"eventId":"1e698340-f206-468a-a614-2ba9fc3375c7","eventType":"auth.rate_limit.exceeded","timestamp":"2025-12-02T17:11:24.576Z","outcome":"failure","metadata":{"key":"signin:email:-q=jfy.mz.w5aai$%whb7@o6mcy6n.rrl","limit":10,"windowMs":900000,"count":10,"resetAt":"2025-12-02T17:26:24.576Z"}}
{"eventId":"30daaef4-9a0c-4b91-a9ad-a0236505a4bf","eventType":"auth.rate_limit.exceeded","timestamp":"2025-12-02T17:11:24.576Z","outcome":"failure","metadata":{"key":"signin:email:-q=jfy.mz.w5aai$%whb7@o6mcy6n.rrl","limit":10,"windowMs":900000,"count":10,"resetAt":"2025-12-02T17:26:24.576Z"}}
{"eventId":"96a2d291-f94f-4d9f-941d-fdd700914152","eventType":"auth.rate_limit.exceeded","timestamp":"2025-12-02T17:11:24.576Z","outcome":"failure","metadata":{"key":"signin:email:-q=jfy.mz.w5aai$%whb7@o6mcy6n.rrl","limit":10,"windowMs":900000,"count":10,"resetAt":"2025-12-02T17:26:24.576Z"}}
{"eventId":"a54a8b26-f941-4092-a1d6-83f468052f1a","eventType":"auth.rate_limit.exceeded","timestamp":"2025-12-02T17:11:24.576Z","outcome":"failure","metadata":{"key":"signin:email:{3b&^ck?f5o.y%cd.v@b81jjr5.etx","limit":10,"windowMs":900000,"count":10,"resetAt":"2025-12-02T17:26:24.576Z"}}
{"eventId":"3e0eef43-9591-4a62-a354-8424dc34d1ab","eventType":"auth.rate_limit.exceeded","timestamp":"2025-12-02T17:11:24.576Z","outcome":"failure","metadata":{"key":"signin:email:{3b&^ck?f5o.y%cd.v@b81jjr5.etx","limit":10,"windowMs":900000,"count":10,"resetAt":"2025-12-02T17:26:24.576Z"}}
{"eventId":"b3a9d3c6-c73c-4242-abee-32493c06c331","eventType":"auth.rate_limit.exceeded","timestamp":"2025-12-02T17:11:24.576Z","outcome":"failure","metadata":{"key":"signin:email:{3b&^ck?f5o.y%cd.v@b81jjr5.etx","limit":10,"windowMs":900000,"count":10,"resetAt":"2025-12-02T17:26:24.576Z"}}
{"eventId":"c4d7cdcd-55ef-4f0c-8dc7-baeffd7058aa","eventType":"auth.rate_limit.exceeded","timestamp":"2025-12-02T17:11:24.576Z","outcome":"failure","metadata":{"key":"signin:email:f!@i2y.sic","limit":10,"windowMs":900000,"count":10,"resetAt":"2025-12-02T17:26:24.576Z"}}
{"eventId":"29b28d7c-8e12-4781-81dc-7bd67a38c1b3","eventType":"auth.rate_limit.exceeded","timestamp":"2025-12-02T17:11:24.576Z","outcome":"failure","metadata":{"key":"signin:email:f!@i2y.sic","limit":10,"windowMs":900000,"count":10,"resetAt":"2025-12-02T17:26:24.576Z"}}
{"eventId":"c1436176-6b18-4f7f-a65f-6a90ea3d4cd6","eventType":"auth.rate_limit.exceeded","timestamp":"2025-12-02T17:11:24.576Z","outcome":"failure","metadata":{"key":"signin:email:f!@i2y.sic","limit":10,"windowMs":900000,"count":10,"resetAt":"2025-12-02T17:26:24.576Z"}}
{"eventId":"2592bb92-920c-4408-9643-c90c06e92225","eventType":"auth.rate_limit.exceeded","timestamp":"2025-12-02T17:11:24.576Z","outcome":"failure","metadata":{"key":"signin:email:a0!}1!o@ef.nl01uqd8.uc","limit":10,"windowMs":900000,"count":10,"resetAt":"2025-12-02T17:26:24.576Z"}}
{"eventId":"025c3b2a-ae32-4456-93a3-2e2a7db10053","eventType":"auth.rate_limit.exceeded","timestamp":"2025-12-02T17:11:24.576Z","outcome":"failure","metadata":{"key":"signin:email:a0!}1!o@ef.nl01uqd8.uc","limit":10,"windowMs":900000,"count":10,"resetAt":"2025-12-02T17:26:24.576Z"}}
{"eventId":"5e635488-c712-4d0b-9802-1e245814008f","eventType":"auth.rate_limit.exceeded","timestamp":"2025-12-02T17:11:24.576Z","outcome":"failure","metadata":{"key":"signin:email:a0!}1!o@ef.nl01uqd8.uc","limit":10,"windowMs":900000,"count":10,"resetAt":"2025-12-02T17:26:24.576Z"}}
{"eventId":"4dc6492a-da35-4716-a098-92a59a9d4c23","eventType":"auth.rate_limit.exceeded","timestamp":"2025-12-02T17:11:24.577Z","outcome":"failure","metadata":{"key":"signin:email:~echnwb39nh3.k=am4sr.6ln.s4qf#=.r$b-v25l4y%@rzp.hwg1odaxu1.igt","limit":10,"windowMs":900000,"count":10,"resetAt":"2025-12-02T17:26:24.577Z"}}
{"eventId":"1a8d89a9-872c-45cd-a379-f8ecc9bf7968","eventType":"auth.rate_limit.exceeded","timestamp":"2025-12-02T17:11:24.577Z","outcome":"failure","metadata":{"key":"signin:email:~echnwb39nh3.k=am4sr.6ln.s4qf#=.r$b-v25l4y%@rzp.hwg1odaxu1.igt","limit":10,"windowMs":900000,"count":10,"resetAt":"2025-12-02T17:26:24.577Z"}}
{"eventId":"c7edda75-8e12-48f3-b9bf-137ce852774e","eventType":"auth.rate_limit.exceeded","timestamp":"2025-12-02T17:11:24.577Z","outcome":"failure","metadata":{"key":"signin:email:~echnwb39nh3.k=am4sr.6ln.s4qf#=.r$b-v25l4y%@rzp.hwg1odaxu1.igt","limit":10,"windowMs":900000,"count":10,"resetAt":"2025-12-02T17:26:24.577Z"}}
{"eventId":"6a380712-be83-452d-b760-b39057f7ec1b","eventType":"auth.rate_limit.exceeded","timestamp":"2025-12-02T17:11:24.577Z","outcome":"failure","metadata":{"key":"signin:email:h.7n060#8'^*xl.^4?u5.1-mfg`lg9_.9d&b&xp1e|c.v&-^qadhws}.n0fg@auepfoa7faj.zc","limit":10,"windowMs":900000,"count":10,"resetAt":"2025-12-02T17:26:24.577Z"}}
{"eventId":"5001be77-e033-4533-b861-4df3dacf3201","eventType":"auth.rate_limit.exceeded","timestamp":"2025-12-02T17:11:24.577Z","outcome":"failure","metadata":{"key":"signin:email:h.7n060#8'^*xl.^4?u5.1-mfg`lg9_.9d&b&xp1e|c.v&-^qadhws}.n0fg@auepfoa7faj.zc","limit":10,"windowMs":900000,"count":10,"resetAt":"2025-12-02T17:26:24.577Z"}}
{"eventId":"f9615b98-8e09-4c09-ab16-852c34a17c59","eventType":"auth.rate_limit.exceeded","timestamp":"2025-12-02T17:11:24.577Z","outcome":"failure","metadata":{"key":"signin:email:h.7n060#8'^*xl.^4?u5.1-mfg`lg9_.9d&b&xp1e|c.v&-^qadhws}.n0fg@auepfoa7faj.zc","limit":10,"windowMs":900000,"count":10,"resetAt":"2025-12-02T17:26:24.577Z"}}
{"eventId":"0eb07b04-ffa6-4f7e-a043-ea0dcb601f4a","eventType":"auth.rate_limit.exceeded","timestamp":"2025-12-02T17:11:24.577Z","outcome":"failure","metadata":{"key":"signin:email:/-z.1m`*h%pqosg8.v6h0v1k4v/9.uiinoi}78l9-.$~xzsv.72`z.3f5d^@y0yd.2.qab","limit":10,"windowMs":900000,"count":10,"resetAt":"2025-12-02T17:26:24.577Z"}}
{"eventId":"9638fe64-cd4f-41d8-8b9b-8f117c9fe1f6","eventType":"auth.rate_limit.exceeded","timestamp":"2025-12-02T17:11:24.577Z","outcome":"failure","metadata":{"key":"signin:email:/-z.1m`*h%pqosg8.v6h0v1k4v/9.uiinoi}78l9-.$~xzsv.72`z.3f5d^@y0yd.2.qab","limit":10,"windowMs":900000,"count":10,"resetAt":"2025-12-02T17:26:24.577Z"}}
{"eventId":"9e2891c5-1fd5-4cea-b59b-a09922cd8ad2","eventType":"auth.rate_limit.exceeded","timestamp":"2025-12-02T17:11:24.577Z","outcome":"failure","metadata":{"key":"signin:email:/-z.1m`*h%pqosg8.v6h0v1k4v/9.uiinoi}78l9-.$~xzsv.72`z.3f5d^@y0yd.2.qab","limit":10,"windowMs":900000,"count":10,"resetAt":"2025-12-02T17:26:24.577Z"}}
{"eventId":"c9ffe622-5ab1-4c0f-a5d5-4ff489db0aa4","eventType":"auth.rate_limit.exceeded","timestamp":"2025-12-02T17:11:24.577Z","outcome":"failure","metadata":{"key":"signin:email:d^d}*u=~~kb.teidc?/v/m%.-`lengt`.4.+`iyfz8rj_.4=`o~zzbd.q3}46aa%@0.eev","limit":10,"windowMs":900000,"count":10,"resetAt":"2025-12-02T17:26:24.577Z"}}
{"eventId":"252485de-7ce0-4c32-93a7-c3508912041b","eventType":"auth.rate_limit.exceeded","timestamp":"2025-12-02T17:11:24.577Z","outcome":"failure","metadata":{"key":"signin:email:d^d}*u=~~kb.teidc?/v/m%.-`lengt`.4.+`iyfz8rj_.4=`o~zzbd.q3}46aa%@0.eev","limit":10,"windowMs":900000,"count":10,"resetAt":"2025-12-02T17:26:24.577Z"}}
{"eventId":"b3a73aba-d541-40fe-be4e-5610259bf72b","eventType":"auth.rate_limit.exceeded","timestamp":"2025-12-02T17:11:24.577Z","outcome":"failure","metadata":{"key":"signin:email:d^d}*u=~~kb.teidc?/v/m%.-`lengt`.4.+`iyfz8rj_.4=`o~zzbd.q3}46aa%@0.eev","limit":10,"windowMs":900000,"count":10,"resetAt":"2025-12-02T17:26:24.577Z"}}
{"eventId":"f96df537-24b7-420b-ba50-6386f1d18fcb","eventType":"auth.rate_limit.exceeded","timestamp":"2025-12-02T17:11:24.577Z","outcome":"failure","metadata":{"key":"signin:email:*.~p_ni.8t-a=n/t80$|.cqk.mt4.o}ie`gu&e7y.*j7+rlv*'.zl.pmyqxzv@9lj7az4c255.b.rz","limit":10,"windowMs":900000,"count":10,"resetAt":"2025-12-02T17:26:24.577Z"}}
{"eventId":"7e927d96-7041-45ae-8445-5a487016fec5","eventType":"auth.rate_limit.exceeded","timestamp":"2025-12-02T17:11:24.577Z","outcome":"failure","metadata":{"key":"signin:email:*.~p_ni.8t-a=n/t80$|.cqk.mt4.o}ie`gu&e7y.*j7+rlv*'.zl.pmyqxzv@9lj7az4c255.b.rz","limit":10,"windowMs":900000,"count":10,"resetAt":"2025-12-02T17:26:24.577Z"}}
{"eventId":"e0f5a764-9b51-48d5-a70a-e8fab42fe5f7","eventType":"auth.rate_limit.exceeded","timestamp":"2025-12-02T17:11:24.577Z","outcome":"failure","metadata":{"key":"signin:email:*.~p_ni.8t-a=n/t80$|.cqk.mt4.o}ie`gu&e7y.*j7+rlv*'.zl.pmyqxzv@9lj7az4c255.b.rz","limit":10,"windowMs":900000,"count":10,"resetAt":"2025-12-02T17:26:24.577Z"}}
{"eventId":"838cd61c-7a6d-4cb2-ae00-739a09f5044e","eventType":"auth.rate_limit.exceeded","timestamp":"2025-12-02T17:11:24.577Z","outcome":"failure","metadata":{"key":"signin:email:6=%t9.asksyl1d_!/?.g.z4~/o_+c.=v^d7@x0i5.ar","limit":10,"windowMs":900000,"count":10,"resetAt":"2025-12-02T17:26:24.577Z"}}
{"eventId":"e8fde77c-4eeb-4cca-a746-9fb8c26c1bef","eventType":"auth.rate_limit.exceeded","timestamp":"2025-12-02T17:11:24.577Z","outcome":"failure","metadata":{"key":"signin:email:6=%t9.asksyl1d_!/?.g.z4~/o_+c.=v^d7@x0i5.ar","limit":10,"windowMs":900000,"count":10,"resetAt":"2025-12-02T17:26:24.577Z"}}
{"eventId":"c1275593-a6fc-496c-8031-f0fa3c24d88b","eventType":"auth.rate_limit.exceeded","timestamp":"2025-12-02T17:11:24.578Z","outcome":"failure","metadata":{"key":"signin:email:6=%t9.asksyl1d_!/?.g.z4~/o_+c.=v^d7@x0i5.ar","limit":10,"windowMs":900000,"count":10,"resetAt":"2025-12-02T17:26:24.577Z"}}
{"eventId":"66a726d2-0fae-4132-b108-5295bdeb159f","eventType":"auth.rate_limit.exceeded","timestamp":"2025-12-02T17:11:24.578Z","outcome":"failure","metadata":{"key":"signin:email:%?-.++6_4#@uc.wlwjyo1czuq.ke","limit":10,"windowMs":900000,"count":10,"resetAt":"2025-12-02T17:26:24.578Z"}}
{"eventId":"fa6e1558-4968-437f-a712-6e9b33b79bdf","eventType":"auth.rate_limit.exceeded","timestamp":"2025-12-02T17:11:24.578Z","outcome":"failure","metadata":{"key":"signin:email:%?-.++6_4#@uc.wlwjyo1czuq.ke","limit":10,"windowMs":900000,"count":10,"resetAt":"2025-12-02T17:26:24.578Z"}}
{"eventId":"ee9a3582-9b46-45f2-8bb0-c5dca15da1a2","eventType":"auth.rate_limit.exceeded","timestamp":"2025-12-02T17:11:24.578Z","outcome":"failure","metadata":{"key":"signin:email:%?-.++6_4#@uc.wlwjyo1czuq.ke","limit":10,"windowMs":900000,"count":10,"resetAt":"2025-12-02T17:26:24.578Z"}}
{"eventId":"0715db3c-5820-4c0f-83cd-cc346a2cb897","eventType":"auth.rate_limit.exceeded","timestamp":"2025-12-02T17:11:24.578Z","outcome":"failure","metadata":{"key":"signin:email:yu.`0.x|h8u.eatmz{e.^738?5cv.wr_abl3b|s.k4m9/.|.`1gj^e&fh@22x.k6o7jos1546.za","limit":10,"windowMs":900000,"count":10,"resetAt":"2025-12-02T17:26:24.578Z"}}
{"eventId":"d6add786-f1ff-4556-9f66-cbeb893285c0","eventType":"auth.rate_limit.exceeded","timestamp":"2025-12-02T17:11:24.578Z","outcome":"failure","metadata":{"key":"signin:email:yu.`0.x|h8u.eatmz{e.^738?5cv.wr_abl3b|s.k4m9/.|.`1gj^e&fh@22x.k6o7jos1546.za","limit":10,"windowMs":900000,"count":10,"resetAt":"2025-12-02T17:26:24.578Z"}}
{"eventId":"92ee2b5b-9387-45d7-9be9-d3ff443c52dd","eventType":"auth.rate_limit.exceeded","timestamp":"2025-12-02T17:11:24.578Z","outcome":"failure","metadata":{"key":"signin:email:yu.`0.x|h8u.eatmz{e.^738?5cv.wr_abl3b|s.k4m9/.|.`1gj^e&fh@22x.k6o7jos1546.za","limit":10,"windowMs":900000,"count":10,"resetAt":"2025-12-02T17:26:24.578Z"}}
{"eventId":"44c59bce-957c-462e-a2a3-8a0d0575fb19","eventType":"auth.rate_limit.exceeded","timestamp":"2025-12-02T17:11:24.578Z","outcome":"failure","metadata":{"key":"signin:email:ca.t5p-v9qy?f.i3=2$6*gas&.8.o.ac&nmbty.2ubindkeyyq3.z-kg5o*x%'ho@nan.eji","limit":10,"windowMs":900000,"count":10,"resetAt":"2025-12-02T17:26:24.578Z"}}
{"eventId":"c4bc7679-9b76-4655-b3fd-a30ce203f33f","eventType":"auth.rate_limit.exceeded","timestamp":"2025-12-02T17:11:24.578Z","outcome":"failure","metadata":{"key":"signin:email:ca.t5p-v9qy?f.i3=2$6*gas&.8.o.ac&nmbty.2ubindkeyyq3.z-kg5o*x%'ho@nan.eji","limit":10,"windowMs":900000,"count":10,"resetAt":"2025-12-02T17:26:24.578Z"}}
{"eventId":"fa8e56eb-44f5-4c5f-9697-1dcf98b8ceb8","eventType":"auth.rate_limit.exceeded","timestamp":"2025-12-02T17:11:24.582Z","outcome":"failure","metadata":{"key":"signin:email:ca.t5p-v9qy?f.i3=2$6*gas&.8.o.ac&nmbty.2ubindkeyyq3.z-kg5o*x%'ho@nan.eji","limit":10,"windowMs":900000,"count":10,"resetAt":"2025-12-02T17:26:24.578Z"}}
{"eventId":"7b0a5f0b-b2a1-4872-9fa8-bd5aa5b77a00","eventType":"auth.rate_limit.exceeded","timestamp":"2025-12-02T17:11:24.582Z","outcome":"failure","metadata":{"key":"signin:email:__$c=fa~.8%e_dnj%.g2v_sd5@j.79yehc6hj.ov","limit":10,"windowMs":900000,"count":10,"resetAt":"2025-12-02T17:26:24.582Z"}}
{"eventId":"ec98a538-da35-47cf-b69e-4c604f406141","eventType":"auth.rate_limit.exceeded","timestamp":"2025-12-02T17:11:24.582Z","outcome":"failure","metadata":{"key":"signin:email:__$c=fa~.8%e_dnj%.g2v_sd5@j.79yehc6hj.ov","limit":10,"windowMs":900000,"count":10,"resetAt":"2025-12-02T17:26:24.582Z"}}
{"eventId":"7424dbe6-5965-495c-bdb1-8a5d7bd06235","eventType":"auth.rate_limit.exceeded","timestamp":"2025-12-02T17:11:24.582Z","outcome":"failure","metadata":{"key":"signin:email:__$c=fa~.8%e_dnj%.g2v_sd5@j.79yehc6hj.ov","limit":10,"windowMs":900000,"count":10,"resetAt":"2025-12-02T17:26:24.582Z"}}
{"eventId":"b41bc4d1-c703-403e-8e6e-ad22948bd064","eventType":"auth.rate_limit.exceeded","timestamp":"2025-12-02T17:11:24.582Z","outcome":"failure","metadata":{"key":"signin:email:+cc#%k3||l.}~7.tsrwn%$_x.z71ereg+f3l1.2av2.}p'1.dg.+4jygf^@wvl1-d.fx","limit":10,"windowMs":900000,"count":10,"resetAt":"2025-12-02T17:26:24.582Z"}}
{"eventId":"b30eee39-698e-418d-9fa2-460f59cd7106","eventType":"auth.rate_limit.exceeded","timestamp":"2025-12-02T17:11:24.582Z","outcome":"failure","metadata":{"key":"signin:email:+cc#%k3||l.}~7.tsrwn%$_x.z71ereg+f3l1.2av2.}p'1.dg.+4jygf^@wvl1-d.fx","limit":10,"windowMs":900000,"count":10,"resetAt":"2025-12-02T17:26:24.582Z"}}
{"eventId":"bba70151-9df5-4940-b043-63e54d5feea4","eventType":"auth.rate_limit.exceeded","timestamp":"2025-12-02T17:11:24.582Z","outcome":"failure","metadata":{"key":"signin:email:+cc#%k3||l.}~7.tsrwn%$_x.z71ereg+f3l1.2av2.}p'1.dg.+4jygf^@wvl1-d.fx","limit":10,"windowMs":900000,"count":10,"resetAt":"2025-12-02T17:26:24.582Z"}}
{"eventId":"b3570701-dc58-4afa-9351-7a22c15266a6","eventType":"auth.rate_limit.exceeded","timestamp":"2025-12-02T17:11:24.582Z","outcome":"failure","metadata":{"key":"signin:email:h.?2.9q%z9khra.|~`vs`t+6jh.79ijq2zw.kzcu-w7bbk`6.!}~+.ql1!w$o@vlmuvo.44at58.na","limit":10,"windowMs":900000,"count":10,"resetAt":"2025-12-02T17:26:24.582Z"}}
{"eventId":"808f43dd-9402-4460-9fe3-eee29367e335","eventType":"auth.rate_limit.exceeded","timestamp":"2025-12-02T17:11:24.582Z","outcome":"failure","metadata":{"key":"signin:email:h.?2.9q%z9khra.|~`vs`t+6jh.79ijq2zw.kzcu-w7bbk`6.!}~+.ql1!w$o@vlmuvo.44at58.na","limit":10,"windowMs":900000,"count":10,"resetAt":"2025-12-02T17:26:24.582Z"}}
{"eventId":"6e0e5df7-2ed3-4b56-89d7-460bc9926ca7","eventType":"auth.rate_limit.exceeded","timestamp":"2025-12-02T17:11:24.582Z","outcome":"failure","metadata":{"key":"signin:email:h.?2.9q%z9khra.|~`vs`t+6jh.79ijq2zw.kzcu-w7bbk`6.!}~+.ql1!w$o@vlmuvo.44at58.na","limit":10,"windowMs":900000,"count":10,"resetAt":"2025-12-02T17:26:24.582Z"}}
{"eventId":"645e10e9-cbb1-47cd-a10c-f37af0841657","eventType":"auth.rate_limit.exceeded","timestamp":"2025-12-02T17:11:24.582Z","outcome":"failure","metadata":{"key":"signin:email:3cp+%.mu.h_1|?.=%-$=g0-af.0`h~1z2/|gp.n6=1?4#u_`s~.-qw8.ei-8z6@bm.7a.wb","limit":10,"windowMs":900000,"count":10,"resetAt":"2025-12-02T17:26:24.582Z"}}
{"eventId":"cf67111a-a1cf-4ddd-bf75-12f913809e24","eventType":"auth.rate_limit.exceeded","timestamp":"2025-12-02T17:11:24.582Z","outcome":"failure","metadata":{"key":"signin:email:3cp+%.mu.h_1|?.=%-$=g0-af.0`h~1z2/|gp.n6=1?4#u_`s~.-qw8.ei-8z6@bm.7a.wb","limit":10,"windowMs":900000,"count":10,"resetAt":"2025-12-02T17:26:24.582Z"}}
{"eventId":"aeae0457-59c1-4ba9-9c2c-827b8771eed6","eventType":"auth.rate_limit.exceeded","timestamp":"2025-12-02T17:11:24.582Z","outcome":"failure","metadata":{"key":"signin:email:3cp+%.mu.h_1|?.=%-$=g0-af.0`h~1z2/|gp.n6=1?4#u_`s~.-qw8.ei-8z6@bm.7a.wb","limit":10,"windowMs":900000,"count":10,"resetAt":"2025-12-02T17:26:24.582Z"}}
{"eventId":"cbe5d093-8ba5-46fe-a5fc-f47847ccfbca","eventType":"auth.rate_limit.exceeded","timestamp":"2025-12-02T17:11:24.582Z","outcome":"failure","metadata":{"key":"signin:email:6nri!!8b.%hrl.%{j4q.mr6!m?p{|1u@gvf7n.fi","limit":10,"windowMs":900000,"count":10,"resetAt":"2025-12-02T17:26:24.582Z"}}
{"eventId":"92d0651c-2d8a-4656-ae82-258819335fb6","eventType":"auth.rate_limit.exceeded","timestamp":"2025-12-02T17:11:24.582Z","outcome":"failure","metadata":{"key":"signin:email:6nri!!8b.%hrl.%{j4q.mr6!m?p{|1u@gvf7n.fi","limit":10,"windowMs":900000,"count":10,"resetAt":"2025-12-02T17:26:24.582Z"}}
{"eventId":"ccd40c43-0c1c-46dc-9238-48ca2fedf697","eventType":"auth.rate_limit.exceeded","timestamp":"2025-12-02T17:11:24.582Z","outcome":"failure","metadata":{"key":"signin:email:6nri!!8b.%hrl.%{j4q.mr6!m?p{|1u@gvf7n.fi","limit":10,"windowMs":900000,"count":10,"resetAt":"2025-12-02T17:26:24.582Z"}}
{"eventId":"49211df4-4dd2-4d2f-994a-02df4960b7ab","eventType":"auth.rate_limit.exceeded","timestamp":"2025-12-02T17:11:24.582Z","outcome":"failure","metadata":{"key":"signin:email:?m}.bt{aj0$.}'+eog_.hu2$/y5.2$6k+d6.y&/im*.8$+sc2+56l*|.t~e.w&/y@qkcnys3.cg","limit":10,"windowMs":900000,"count":10,"resetAt":"2025-12-02T17:26:24.582Z"}}
{"eventId":"f82c6a67-5065-4c00-956c-8cd5b630c18c","eventType":"auth.rate_limit.exceeded","timestamp":"2025-12-02T17:11:24.582Z","outcome":"failure","metadata":{"key":"signin:email:?m}.bt{aj0$.}'+eog_.hu2$/y5.2$6k+d6.y&/im*.8$+sc2+56l*|.t~e.w&/y@qkcnys3.cg","limit":10,"windowMs":900000,"count":10,"resetAt":"2025-12-02T17:26:24.582Z"}}
{"eventId":"a1a3b125-2d5e-40e6-a873-3111fc345ca1","eventType":"auth.rate_limit.exceeded","timestamp":"2025-12-02T17:11:24.582Z","outcome":"failure","metadata":{"key":"signin:email:?m}.bt{aj0$.}'+eog_.hu2$/y5.2$6k+d6.y&/im*.8$+sc2+56l*|.t~e.w&/y@qkcnys3.cg","limit":10,"windowMs":900000,"count":10,"resetAt":"2025-12-02T17:26:24.582Z"}}
{"eventId":"5eedf932-480d-4e55-a769-914f9b3024ac","eventType":"auth.rate_limit.exceeded","timestamp":"2025-12-02T17:11:24.582Z","outcome":"failure","metadata":{"key":"signin:email:v.6682o6ibj.?d8vy9g.r+b&~pq1c.a~3`*1/vr.+u2w@jke6.908ynbljn90.kmj","limit":10,"windowMs":900000,"count":10,"resetAt":"2025-12-02T17:26:24.582Z"}}
{"eventId":"ae2b1159-0c5d-47a9-908e-5752a3322420","eventType":"auth.rate_limit.exceeded","timestamp":"2025-12-02T17:11:24.582Z","outcome":"failure","metadata":{"key":"signin:email:v.6682o6ibj.?d8vy9g.r+b&~pq1c.a~3`*1/vr.+u2w@jke6.908ynbljn90.kmj","limit":10,"windowMs":900000,"count":10,"resetAt":"2025-12-02T17:26:24.582Z"}}
{"eventId":"a61e7dc7-395f-49a5-834a-22b2eafc15d8","eventType":"auth.rate_limit.exceeded","timestamp":"2025-12-02T17:11:24.582Z","outcome":"failure","metadata":{"key":"signin:email:v.6682o6ibj.?d8vy9g.r+b&~pq1c.a~3`*1/vr.+u2w@jke6.908ynbljn90.kmj","limit":10,"windowMs":900000,"count":10,"resetAt":"2025-12-02T17:26:24.582Z"}}
{"eventId":"fb53329b-ccfb-439c-b847-21f5d1d53a09","eventType":"auth.rate_limit.exceeded","timestamp":"2025-12-02T17:11:24.582Z","outcome":"failure","metadata":{"key":"signin:email:yf-0fs%j.{z4~p!.y&#whd.gf-.`r7|p0=mo@8sv69l01deiu.vwsdaumopmm.of","limit":10,"windowMs":900000,"count":10,"resetAt":"2025-12-02T17:26:24.582Z"}}
{"eventId":"f2ce4cfe-966c-4346-814a-8ad465689ced","eventType":"auth.rate_limit.exceeded","timestamp":"2025-12-02T17:11:24.582Z","outcome":"failure","metadata":{"key":"signin:email:yf-0fs%j.{z4~p!.y&#whd.gf-.`r7|p0=mo@8sv69l01deiu.vwsdaumopmm.of","limit":10,"windowMs":900000,"count":10,"resetAt":"2025-12-02T17:26:24.582Z"}}
{"eventId":"1d989082-d4ce-4786-893d-c7d2dec0e4dc","eventType":"auth.rate_limit.exceeded","timestamp":"2025-12-02T17:11:24.582Z","outcome":"failure","metadata":{"key":"signin:email:yf-0fs%j.{z4~p!.y&#whd.gf-.`r7|p0=mo@8sv69l01deiu.vwsdaumopmm.of","limit":10,"windowMs":900000,"count":10,"resetAt":"2025-12-02T17:26:24.582Z"}}
{"eventId":"9aae8e4b-56ab-4a12-b0ec-24be1ad8e9b2","eventType":"auth.rate_limit.exceeded","timestamp":"2025-12-02T17:11:24.582Z","outcome":"failure","metadata":{"key":"signin:email:0udubc0~.lx=$w+lc.!/&s``dod6.l%$q4w{-.4.572^r?yqp.c=zsfr+v^~yc@5wikx8464.elk","limit":10,"windowMs":900000,"count":10,"resetAt":"2025-12-02T17:26:24.582Z"}}
{"eventId":"4d2e36e4-e03a-42fa-b60c-938f0d4de975","eventType":"auth.rate_limit.exceeded","timestamp":"2025-12-02T17:11:24.582Z","outcome":"failure","metadata":{"key":"signin:email:0udubc0~.lx=$w+lc.!/&s``dod6.l%$q4w{-.4.572^r?yqp.c=zsfr+v^~yc@5wikx8464.elk","limit":10,"windowMs":900000,"count":10,"resetAt":"2025-12-02T17:26:24.582Z"}}
{"eventId":"15e665aa-878f-4663-b25f-f4adf0f8c549","eventType":"auth.rate_limit.exceeded","timestamp":"2025-12-02T17:11:24.582Z","outcome":"failure","metadata":{"key":"signin:email:0udubc0~.lx=$w+lc.!/&s``dod6.l%$q4w{-.4.572^r?yqp.c=zsfr+v^~yc@5wikx8464.elk","limit":10,"windowMs":900000,"count":10,"resetAt":"2025-12-02T17:26:24.582Z"}}
{"eventId":"a858b25f-e5ca-4786-8c79-0255d0619054","eventType":"auth.rate_limit.exceeded","timestamp":"2025-12-02T17:11:24.582Z","outcome":"failure","metadata":{"key":"signin:email:}6w.m!p{o+vjyjl_.!$b7.^4mw}{5.6r.!r$omj.^7/.'pc%qb0.o*o4mbk4q8w@f.vd","limit":10,"windowMs":900000,"count":10,"resetAt":"2025-12-02T17:26:24.582Z"}}
{"eventId":"adf5a1cb-fa22-46e4-a774-11d66d5d66af","eventType":"auth.rate_limit.exceeded","timestamp":"2025-12-02T17:11:24.582Z","outcome":"failure","metadata":{"key":"signin:email:}6w.m!p{o+vjyjl_.!$b7.^4mw}{5.6r.!r$omj.^7/.'pc%qb0.o*o4mbk4q8w@f.vd","limit":10,"windowMs":900000,"count":10,"resetAt":"2025-12-02T17:26:24.582Z"}}
{"eventId":"5f450862-7071-4ab1-9b57-890a0ad4d470","eventType":"auth.rate_limit.exceeded","timestamp":"2025-12-02T17:11:24.582Z","outcome":"failure","metadata":{"key":"signin:email:}6w.m!p{o+vjyjl_.!$b7.^4mw}{5.6r.!r$omj.^7/.'pc%qb0.o*o4mbk4q8w@f.vd","limit":10,"windowMs":900000,"count":10,"resetAt":"2025-12-02T17:26:24.582Z"}}
{"eventId":"4490ba7e-740a-4ee0-bb6a-3efba995b22f","eventType":"auth.rate_limit.exceeded","timestamp":"2025-12-02T17:11:24.582Z","outcome":"failure","metadata":{"key":"signin:email:dl!u.624p4%!%xj-*.{q*$=t0l`.p.1u}=}fi2a.fbam!_bs@u.axi.ggk","limit":10,"windowMs":900000,"count":10,"resetAt":"2025-12-02T17:26:24.582Z"}}
{"eventId":"f516efb5-5f8b-4aaf-8303-0b1caac39a4e","eventType":"auth.rate_limit.exceeded","timestamp":"2025-12-02T17:11:24.582Z","outcome":"failure","metadata":{"key":"signin:email:dl!u.624p4%!%xj-*.{q*$=t0l`.p.1u}=}fi2a.fbam!_bs@u.axi.ggk","limit":10,"windowMs":900000,"count":10,"resetAt":"2025-12-02T17:26:24.582Z"}}
{"eventId":"03ee7195-8aca-452f-bcdd-6bcc9c9bc6a4","eventType":"auth.rate_limit.exceeded","timestamp":"2025-12-02T17:11:24.582Z","outcome":"failure","metadata":{"key":"signin:email:dl!u.624p4%!%xj-*.{q*$=t0l`.p.1u}=}fi2a.fbam!_bs@u.axi.ggk","limit":10,"windowMs":900000,"count":10,"resetAt":"2025-12-02T17:26:24.582Z"}}
{"eventId":"544b2a9a-1084-4a52-8625-a2db97df2a4b","eventType":"auth.rate_limit.exceeded","timestamp":"2025-12-02T17:11:24.582Z","outcome":"failure","metadata":{"key":"signin:email:'.nd//|.6.c7$jzg0wsv5./.'ns.-vfb`uo%5./iou12+q/7.rsm/02+@c.b2sz5bimvzyk.fe","limit":10,"windowMs":900000,"count":10,"resetAt":"2025-12-02T17:26:24.582Z"}}
{"eventId":"b0e2846d-e734-4913-bc0a-204a21be0884","eventType":"auth.rate_limit.exceeded","timestamp":"2025-12-02T17:11:24.582Z","outcome":"failure","metadata":{"key":"signin:email:'.nd//|.6.c7$jzg0wsv5./.'ns.-vfb`uo%5./iou12+q/7.rsm/02+@c.b2sz5bimvzyk.fe","limit":10,"windowMs":900000,"count":10,"resetAt":"2025-12-02T17:26:24.582Z"}}
{"eventId":"7b1d73b9-12c9-481d-8d82-9b5c3be2f62a","eventType":"auth.rate_limit.exceeded","timestamp":"2025-12-02T17:11:24.582Z","outcome":"failure","metadata":{"key":"signin:email:'.nd//|.6.c7$jzg0wsv5./.'ns.-vfb`uo%5./iou12+q/7.rsm/02+@c.b2sz5bimvzyk.fe","limit":10,"windowMs":900000,"count":10,"resetAt":"2025-12-02T17:26:24.582Z"}}
{"eventId":"5912e2f5-4afe-421b-a86c-0df3e39a679c","eventType":"auth.rate_limit.exceeded","timestamp":"2025-12-02T17:11:24.582Z","outcome":"failure","metadata":{"key":"signin:email:gb.qmlp'g.7}.35m'v{l#.#mr@4994dz0ns8uy.zw","limit":10,"windowMs":900000,"count":10,"resetAt":"2025-12-02T17:26:24.582Z"}}
{"eventId":"e7cd01fd-6ab0-4f09-b3aa-273dd47c6976","eventType":"auth.rate_limit.exceeded","timestamp":"2025-12-02T17:11:24.583Z","outcome":"failure","metadata":{"key":"signin:email:gb.qmlp'g.7}.35m'v{l#.#mr@4994dz0ns8uy.zw","limit":10,"windowMs":900000,"count":10,"resetAt":"2025-12-02T17:26:24.582Z"}}
{"eventId":"66a31253-c16d-4d2d-ae03-67bf6d3fc12e","eventType":"auth.rate_limit.exceeded","timestamp":"2025-12-02T17:11:24.583Z","outcome":"failure","metadata":{"key":"signin:email:gb.qmlp'g.7}.35m'v{l#.#mr@4994dz0ns8uy.zw","limit":10,"windowMs":900000,"count":10,"resetAt":"2025-12-02T17:26:24.582Z"}}
{"eventId":"fee7927a-0c00-40b3-8625-18542f4b177a","eventType":"auth.rate_limit.exceeded","timestamp":"2025-12-02T17:11:24.583Z","outcome":"failure","metadata":{"key":"signin:email:{~0.i2pj`.3j6%5.-=.8-c`~-ye!^'s.zwg'^vf.%?-1.2bg+d.!j~z@e4n.cgum3t.joz","limit":10,"windowMs":900000,"count":10,"resetAt":"2025-12-02T17:26:24.583Z"}}
{"eventId":"91170446-d54f-4f95-af3e-913f186da787","eventType":"auth.rate_limit.exceeded","timestamp":"2025-12-02T17:11:24.583Z","outcome":"failure","metadata":{"key":"signin:email:{~0.i2pj`.3j6%5.-=.8-c`~-ye!^'s.zwg'^vf.%?-1.2bg+d.!j~z@e4n.cgum3t.joz","limit":10,"windowMs":900000,"count":10,"resetAt":"2025-12-02T17:26:24.583Z"}}
{"eventId":"a5c439d5-592f-4cb8-a58d-a7c246e9e969","eventType":"auth.rate_limit.exceeded","timestamp":"2025-12-02T17:11:24.583Z","outcome":"failure","metadata":{"key":"signin:email:{~0.i2pj`.3j6%5.-=.8-c`~-ye!^'s.zwg'^vf.%?-1.2bg+d.!j~z@e4n.cgum3t.joz","limit":10,"windowMs":900000,"count":10,"resetAt":"2025-12-02T17:26:24.583Z"}}
{"eventId":"1bacf429-aa99-4375-b7c6-3294dac4e0e6","eventType":"auth.rate_limit.exceeded","timestamp":"2025-12-02T17:11:24.583Z","outcome":"failure","metadata":{"key":"signin:email:%x-&2d.27~/.|0mv6`.#alv.2apht8_8p`@cj2symk8tfa.ql","limit":10,"windowMs":900000,"count":10,"resetAt":"2025-12-02T17:26:24.583Z"}}
{"eventId":"c1986469-7369-4844-81f4-187829097c4f","eventType":"auth.rate_limit.exceeded","timestamp":"2025-12-02T17:11:24.583Z","outcome":"failure","metadata":{"key":"signin:email:%x-&2d.27~/.|0mv6`.#alv.2apht8_8p`@cj2symk8tfa.ql","limit":10,"windowMs":900000,"count":10,"resetAt":"2025-12-02T17:26:24.583Z"}}
{"eventId":"cd3bf1da-a72f-4e29-95d1-458f18001213","eventType":"auth.rate_limit.exceeded","timestamp":"2025-12-02T17:11:24.583Z","outcome":"failure","metadata":{"key":"signin:email:%x-&2d.27~/.|0mv6`.#alv.2apht8_8p`@cj2symk8tfa.ql","limit":10,"windowMs":900000,"count":10,"resetAt":"2025-12-02T17:26:24.583Z"}}
{"eventId":"3cefbd18-bb20-4672-a794-1d059f3840fc","eventType":"auth.rate_limit.exceeded","timestamp":"2025-12-02T17:11:24.583Z","outcome":"failure","metadata":{"key":"signin:email:a''n*rc`b'@490m.dcw","limit":10,"windowMs":900000,"count":10,"resetAt":"2025-12-02T17:26:24.583Z"}}
{"eventId":"a05198f0-1940-4c8b-a1c8-29a052d611de","eventType":"auth.rate_limit.exceeded","timestamp":"2025-12-02T17:11:24.583Z","outcome":"failure","metadata":{"key":"signin:email:a''n*rc`b'@490m.dcw","limit":10,"windowMs":900000,"count":10,"resetAt":"2025-12-02T17:26:24.583Z"}}
{"eventId":"20439789-77ca-432d-a044-177b9e73c36d","eventType":"auth.rate_limit.exceeded","timestamp":"2025-12-02T17:11:24.583Z","outcome":"failure","metadata":{"key":"signin:email:a''n*rc`b'@490m.dcw","limit":10,"windowMs":900000,"count":10,"resetAt":"2025-12-02T17:26:24.583Z"}}
{"eventId":"26d15135-bda8-4f35-932b-83c650f74fb1","eventType":"auth.rate_limit.exceeded","timestamp":"2025-12-02T17:11:24.583Z","outcome":"failure","metadata":{"key":"signin:email:5`~}*p{!h+ml.g858t?j+!m.bbi{%=2.!ach.fikz11tev{3.zic%0~s=.}c=l1@7tz8h46ld5.sup","limit":10,"windowMs":900000,"count":10,"resetAt":"2025-12-02T17:26:24.583Z"}}
{"eventId":"19a9f2bb-2268-457f-97ae-4a257109b3d0","eventType":"auth.rate_limit.exceeded","timestamp":"2025-12-02T17:11:24.583Z","outcome":"failure","metadata":{"key":"signin:email:5`~}*p{!h+ml.g858t?j+!m.bbi{%=2.!ach.fikz11tev{3.zic%0~s=.}c=l1@7tz8h46ld5.sup","limit":10,"windowMs":900000,"count":10,"resetAt":"2025-12-02T17:26:24.583Z"}}
{"eventId":"57a7cda2-c18e-4a0f-9a1b-3bb016cc091d","eventType":"auth.rate_limit.exceeded","timestamp":"2025-12-02T17:11:24.583Z","outcome":"failure","metadata":{"key":"signin:email:5`~}*p{!h+ml.g858t?j+!m.bbi{%=2.!ach.fikz11tev{3.zic%0~s=.}c=l1@7tz8h46ld5.sup","limit":10,"windowMs":900000,"count":10,"resetAt":"2025-12-02T17:26:24.583Z"}}
{"eventId":"237430c3-a064-4124-a038-b2abfb3fa13e","eventType":"auth.rate_limit.exceeded","timestamp":"2025-12-02T17:11:24.583Z","outcome":"failure","metadata":{"key":"signin:email:}*-#csbe.y1f6.cm_rtr?$#}@6.eye","limit":10,"windowMs":900000,"count":10,"resetAt":"2025-12-02T17:26:24.583Z"}}
{"eventId":"fe6bee2e-3244-46d3-a232-7d9584fbc474","eventType":"auth.rate_limit.exceeded","timestamp":"2025-12-02T17:11:24.583Z","outcome":"failure","metadata":{"key":"signin:email:}*-#csbe.y1f6.cm_rtr?$#}@6.eye","limit":10,"windowMs":900000,"count":10,"resetAt":"2025-12-02T17:26:24.583Z"}}
{"eventId":"9e08e861-f5a9-45be-9cd2-c41c9f6bf938","eventType":"auth.rate_limit.exceeded","timestamp":"2025-12-02T17:11:24.583Z","outcome":"failure","metadata":{"key":"signin:email:}*-#csbe.y1f6.cm_rtr?$#}@6.eye","limit":10,"windowMs":900000,"count":10,"resetAt":"2025-12-02T17:26:24.583Z"}}
{"eventId":"b19a02c1-121f-410b-957b-c40d300a581f","eventType":"auth.rate_limit.exceeded","timestamp":"2025-12-02T17:11:24.583Z","outcome":"failure","metadata":{"key":"signin:email:q+&?nzt?fyp_.l}@xo5i4.uo","limit":10,"windowMs":900000,"count":10,"resetAt":"2025-12-02T17:26:24.583Z"}}
{"eventId":"8c42b30b-a3ef-4d37-a7b7-ef3084983997","eventType":"auth.rate_limit.exceeded","timestamp":"2025-12-02T17:11:24.583Z","outcome":"failure","metadata":{"key":"signin:email:q+&?nzt?fyp_.l}@xo5i4.uo","limit":10,"windowMs":900000,"count":10,"resetAt":"2025-12-02T17:26:24.583Z"}}
{"eventId":"b89a39a8-02f9-4eb7-8416-5ff3185a0edc","eventType":"auth.rate_limit.exceeded","timestamp":"2025-12-02T17:11:24.583Z","outcome":"failure","metadata":{"key":"signin:email:q+&?nzt?fyp_.l}@xo5i4.uo","limit":10,"windowMs":900000,"count":10,"resetAt":"2025-12-02T17:26:24.583Z"}}
{"eventId":"e84ffb01-8aa1-4468-98e7-70938b4825cf","eventType":"auth.rate_limit.exceeded","timestamp":"2025-12-02T17:11:24.583Z","outcome":"failure","metadata":{"key":"signin:email:a6m70m@afm6.ref","limit":10,"windowMs":900000,"count":10,"resetAt":"2025-12-02T17:26:24.583Z"}}
{"eventId":"f4e48984-d16e-4e87-beb9-6471136e0fb7","eventType":"auth.rate_limit.exceeded","timestamp":"2025-12-02T17:11:24.583Z","outcome":"failure","metadata":{"key":"signin:email:a6m70m@afm6.ref","limit":10,"windowMs":900000,"count":10,"resetAt":"2025-12-02T17:26:24.583Z"}}
{"eventId":"df8c5073-a699-465f-ba8a-b328bf5e6626","eventType":"auth.rate_limit.exceeded","timestamp":"2025-12-02T17:11:24.583Z","outcome":"failure","metadata":{"key":"signin:email:a6m70m@afm6.ref","limit":10,"windowMs":900000,"count":10,"resetAt":"2025-12-02T17:26:24.583Z"}}
{"eventId":"ec942628-e8bc-4e30-b908-1edc8ef3f84b","eventType":"auth.rate_limit.exceeded","timestamp":"2025-12-02T17:11:24.583Z","outcome":"failure","metadata":{"key":"signin:email:5y{1dx9k.nh_.8.#c9}9.*&ul4^81b.h1._ho%'}z4.hy8b+!.s2iz7k.48h@lj5b.ey","limit":10,"windowMs":900000,"count":10,"resetAt":"2025-12-02T17:26:24.583Z"}}
{"eventId":"6417caae-2308-426d-a177-985f70388682","eventType":"auth.rate_limit.exceeded","timestamp":"2025-12-02T17:11:24.583Z","outcome":"failure","metadata":{"key":"signin:email:5y{1dx9k.nh_.8.#c9}9.*&ul4^81b.h1._ho%'}z4.hy8b+!.s2iz7k.48h@lj5b.ey","limit":10,"windowMs":900000,"count":10,"resetAt":"2025-12-02T17:26:24.583Z"}}
{"eventId":"5d3a9ad7-fc44-430f-869f-ee7dde609a52","eventType":"auth.rate_limit.exceeded","timestamp":"2025-12-02T17:11:24.583Z","outcome":"failure","metadata":{"key":"signin:email:5y{1dx9k.nh_.8.#c9}9.*&ul4^81b.h1._ho%'}z4.hy8b+!.s2iz7k.48h@lj5b.ey","limit":10,"windowMs":900000,"count":10,"resetAt":"2025-12-02T17:26:24.583Z"}}
{"eventId":"ff415703-867c-44dc-80a3-c2ae2ac27dfd","eventType":"auth.rate_limit.exceeded","timestamp":"2025-12-02T17:11:24.583Z","outcome":"failure","metadata":{"key":"signin:email:7^.y4nhrmw9_na.&d.??+v%&kt}=5&.0b^brc%.call.4+'?*g+f.e%*h_oivtze@zfzhu.fam","limit":10,"windowMs":900000,"count":10,"resetAt":"2025-12-02T17:26:24.583Z"}}
{"eventId":"1929dc9b-bf27-44ea-95fd-5898b59bcf5e","eventType":"auth.rate_limit.exceeded","timestamp":"2025-12-02T17:11:24.583Z","outcome":"failure","metadata":{"key":"signin:email:7^.y4nhrmw9_na.&d.??+v%&kt}=5&.0b^brc%.call.4+'?*g+f.e%*h_oivtze@zfzhu.fam","limit":10,"windowMs":900000,"count":10,"resetAt":"2025-12-02T17:26:24.583Z"}}
{"eventId":"b4c56345-140a-4f8b-98c9-ad37c129b4f9","eventType":"auth.rate_limit.exceeded","timestamp":"2025-12-02T17:11:24.583Z","outcome":"failure","metadata":{"key":"signin:email:7^.y4nhrmw9_na.&d.??+v%&kt}=5&.0b^brc%.call.4+'?*g+f.e%*h_oivtze@zfzhu.fam","limit":10,"windowMs":900000,"count":10,"resetAt":"2025-12-02T17:26:24.583Z"}}
{"eventId":"47beb782-b8c0-41d9-bec9-f65359577602","eventType":"auth.rate_limit.exceeded","timestamp":"2025-12-02T17:11:24.583Z","outcome":"failure","metadata":{"key":"signin:email:l{cey44!xz.sr451m^f%.352n4e.-@bw8uj.ar","limit":10,"windowMs":900000,"count":10,"resetAt":"2025-12-02T17:26:24.583Z"}}
{"eventId":"88d66ed6-c8c7-42b6-8f22-f01828cc8178","eventType":"auth.rate_limit.exceeded","timestamp":"2025-12-02T17:11:24.583Z","outcome":"failure","metadata":{"key":"signin:email:l{cey44!xz.sr451m^f%.352n4e.-@bw8uj.ar","limit":10,"windowMs":900000,"count":10,"resetAt":"2025-12-02T17:26:24.583Z"}}
{"eventId":"c017aced-d9a2-4e0d-996d-d2801b2f8915","eventType":"auth.rate_limit.exceeded","timestamp":"2025-12-02T17:11:24.583Z","outcome":"failure","metadata":{"key":"signin:email:l{cey44!xz.sr451m^f%.352n4e.-@bw8uj.ar","limit":10,"windowMs":900000,"count":10,"resetAt":"2025-12-02T17:26:24.583Z"}}
{"eventId":"d5518824-2452-44c1-9f24-18784e9911eb","eventType":"auth.rate_limit.exceeded","timestamp":"2025-12-02T17:11:24.583Z","outcome":"failure","metadata":{"key":"signin:email:s#noj_|qh+xg.~h$1-.nsb~}innam.ca@6j.ad","limit":10,"windowMs":900000,"count":10,"resetAt":"2025-12-02T17:26:24.583Z"}}
{"eventId":"6239829b-edc6-40ce-9664-846884051e01","eventType":"auth.rate_limit.exceeded","timestamp":"2025-12-02T17:11:24.583Z","outcome":"failure","metadata":{"key":"signin:email:s#noj_|qh+xg.~h$1-.nsb~}innam.ca@6j.ad","limit":10,"windowMs":900000,"count":10,"resetAt":"2025-12-02T17:26:24.583Z"}}
{"eventId":"b4b70687-3e5d-4c71-96d9-782fb61c0327","eventType":"auth.rate_limit.exceeded","timestamp":"2025-12-02T17:11:24.583Z","outcome":"failure","metadata":{"key":"signin:email:s#noj_|qh+xg.~h$1-.nsb~}innam.ca@6j.ad","limit":10,"windowMs":900000,"count":10,"resetAt":"2025-12-02T17:26:24.583Z"}}
{"eventId":"eb5c3473-9164-4c7c-9f21-2d0adcf3be54","eventType":"auth.rate_limit.exceeded","timestamp":"2025-12-02T17:11:24.583Z","outcome":"failure","metadata":{"key":"signin:email:fl&nbd6dd@r.ns","limit":10,"windowMs":900000,"count":10,"resetAt":"2025-12-02T17:26:24.583Z"}}
{"eventId":"a47f2084-ed26-48d9-9a36-c3150048b6d7","eventType":"auth.rate_limit.exceeded","timestamp":"2025-12-02T17:11:24.583Z","outcome":"failure","metadata":{"key":"signin:email:fl&nbd6dd@r.ns","limit":10,"windowMs":900000,"count":10,"resetAt":"2025-12-02T17:26:24.583Z"}}
{"eventId":"568bd7b2-5ee0-4365-be54-cf5a3e0e3ab0","eventType":"auth.rate_limit.exceeded","timestamp":"2025-12-02T17:11:24.583Z","outcome":"failure","metadata":{"key":"signin:email:fl&nbd6dd@r.ns","limit":10,"windowMs":900000,"count":10,"resetAt":"2025-12-02T17:26:24.583Z"}}
{"eventId":"43e5696e-313a-4f38-94ef-3219cc60da9a","eventType":"auth.rate_limit.exceeded","timestamp":"2025-12-02T17:11:24.583Z","outcome":"failure","metadata":{"key":"signin:email:|2-r.*`{f*7~@l-w90yj.eq3.ld","limit":10,"windowMs":900000,"count":10,"resetAt":"2025-12-02T17:26:24.583Z"}}
{"eventId":"29e5a66c-4ebc-4ce8-822c-293fb2ecf663","eventType":"auth.rate_limit.exceeded","timestamp":"2025-12-02T17:11:24.583Z","outcome":"failure","metadata":{"key":"signin:email:|2-r.*`{f*7~@l-w90yj.eq3.ld","limit":10,"windowMs":900000,"count":10,"resetAt":"2025-12-02T17:26:24.583Z"}}
{"eventId":"c54e93fd-1a4d-4d31-9937-210e4082d995","eventType":"auth.rate_limit.exceeded","timestamp":"2025-12-02T17:11:24.583Z","outcome":"failure","metadata":{"key":"signin:email:|2-r.*`{f*7~@l-w90yj.eq3.ld","limit":10,"windowMs":900000,"count":10,"resetAt":"2025-12-02T17:26:24.583Z"}}
{"eventId":"1c016df3-6b26-4eca-b833-1813579f4619","eventType":"auth.rate_limit.exceeded","timestamp":"2025-12-02T17:11:24.583Z","outcome":"failure","metadata":{"key":"signin:email:&7.&+m0s*o*z^#.c}#@ohbl4l68.r8i8xquwvm4s.gc","limit":10,"windowMs":900000,"count":10,"resetAt":"2025-12-02T17:26:24.583Z"}}
{"eventId":"0f8ee382-84ed-43d8-a010-bbd2aadb623d","eventType":"auth.rate_limit.exceeded","timestamp":"2025-12-02T17:11:24.583Z","outcome":"failure","metadata":{"key":"signin:email:&7.&+m0s*o*z^#.c}#@ohbl4l68.r8i8xquwvm4s.gc","limit":10,"windowMs":900000,"count":10,"resetAt":"2025-12-02T17:26:24.583Z"}}
{"eventId":"7a4588d5-8f67-475a-9d1e-92726e996e1a","eventType":"auth.rate_limit.exceeded","timestamp":"2025-12-02T17:11:24.583Z","outcome":"failure","metadata":{"key":"signin:email:&7.&+m0s*o*z^#.c}#@ohbl4l68.r8i8xquwvm4s.gc","limit":10,"windowMs":900000,"count":10,"resetAt":"2025-12-02T17:26:24.583Z"}}
{"eventId":"feb16412-0462-4d4e-9a04-e894ca35f9f8","eventType":"auth.rate_limit.exceeded","timestamp":"2025-12-02T17:11:24.583Z","outcome":"failure","metadata":{"key":"signin:email:1.him~w=e?pd%.r'0^_r.x0!f**$k_u.rpw%@0c.jc","limit":10,"windowMs":900000,"count":10,"resetAt":"2025-12-02T17:26:24.583Z"}}
{"eventId":"096625f7-33f0-459c-acd5-89b244f16dc2","eventType":"auth.rate_limit.exceeded","timestamp":"2025-12-02T17:11:24.583Z","outcome":"failure","metadata":{"key":"signin:email:1.him~w=e?pd%.r'0^_r.x0!f**$k_u.rpw%@0c.jc","limit":10,"windowMs":900000,"count":10,"resetAt":"2025-12-02T17:26:24.583Z"}}
{"eventId":"4bd30d21-9cfa-44ce-9071-2e1866d6eb19","eventType":"auth.rate_limit.exceeded","timestamp":"2025-12-02T17:11:24.583Z","outcome":"failure","metadata":{"key":"signin:email:1.him~w=e?pd%.r'0^_r.x0!f**$k_u.rpw%@0c.jc","limit":10,"windowMs":900000,"count":10,"resetAt":"2025-12-02T17:26:24.583Z"}}
{"eventId":"1a0dd519-1033-4c48-af2c-b806ab3ca43b","eventType":"auth.rate_limit.exceeded","timestamp":"2025-12-02T17:11:24.583Z","outcome":"failure","metadata":{"key":"signin:email:#yo-%$tk~.9872f+3.o5|}5^.ym.eb#up%0kad.m!w0?zuy.qgrmcai@zw5sj3.xv","limit":10,"windowMs":900000,"count":10,"resetAt":"2025-12-02T17:26:24.583Z"}}
{"eventId":"655759bb-024b-48b3-8720-bc29f6721240","eventType":"auth.rate_limit.exceeded","timestamp":"2025-12-02T17:11:24.583Z","outcome":"failure","metadata":{"key":"signin:email:#yo-%$tk~.9872f+3.o5|}5^.ym.eb#up%0kad.m!w0?zuy.qgrmcai@zw5sj3.xv","limit":10,"windowMs":900000,"count":10,"resetAt":"2025-12-02T17:26:24.583Z"}}
{"eventId":"404be991-5a36-4b9b-bd45-e0d7c00b1e96","eventType":"auth.rate_limit.exceeded","timestamp":"2025-12-02T17:11:24.583Z","outcome":"failure","metadata":{"key":"signin:email:#yo-%$tk~.9872f+3.o5|}5^.ym.eb#up%0kad.m!w0?zuy.qgrmcai@zw5sj3.xv","limit":10,"windowMs":900000,"count":10,"resetAt":"2025-12-02T17:26:24.583Z"}}
{"eventId":"bd04d414-aca8-467d-9379-08c26b4ccf44","eventType":"auth.rate_limit.exceeded","timestamp":"2025-12-02T17:11:24.583Z","outcome":"failure","metadata":{"key":"signin:email:mce.jc0p??mh.3v~_o@ms0.6zgod.car","limit":10,"windowMs":900000,"count":10,"resetAt":"2025-12-02T17:26:24.583Z"}}
{"eventId":"cb1992ff-6248-4bc7-be1d-d0afca46225a","eventType":"auth.rate_limit.exceeded","timestamp":"2025-12-02T17:11:24.583Z","outcome":"failure","metadata":{"key":"signin:email:mce.jc0p??mh.3v~_o@ms0.6zgod.car","limit":10,"windowMs":900000,"count":10,"resetAt":"2025-12-02T17:26:24.583Z"}}
{"eventId":"823cc60d-2af8-4154-a0e6-f1ee15ea19ac","eventType":"auth.rate_limit.exceeded","timestamp":"2025-12-02T17:11:24.583Z","outcome":"failure","metadata":{"key":"signin:email:mce.jc0p??mh.3v~_o@ms0.6zgod.car","limit":10,"windowMs":900000,"count":10,"resetAt":"2025-12-02T17:26:24.583Z"}}
{"eventId":"19f1afdc-2fa4-4b1f-86f7-ee41d7bd12f3","eventType":"auth.rate_limit.exceeded","timestamp":"2025-12-02T17:11:24.583Z","outcome":"failure","metadata":{"key":"signin:email:soadag8evd}'.0applyr.h.~kwxct3+y?2@jnvgzpwbi.vq","limit":10,"windowMs":900000,"count":10,"resetAt":"2025-12-02T17:26:24.583Z"}}
{"eventId":"c26ff372-e3e2-4199-82dc-a48ee1f0e3ae","eventType":"auth.rate_limit.exceeded","timestamp":"2025-12-02T17:11:24.583Z","outcome":"failure","metadata":{"key":"signin:email:soadag8evd}'.0applyr.h.~kwxct3+y?2@jnvgzpwbi.vq","limit":10,"windowMs":900000,"count":10,"resetAt":"2025-12-02T17:26:24.583Z"}}
{"eventId":"6e2b8f30-b0b3-4b2c-97f3-384bcd3ac0b3","eventType":"auth.rate_limit.exceeded","timestamp":"2025-12-02T17:11:24.583Z","outcome":"failure","metadata":{"key":"signin:email:soadag8evd}'.0applyr.h.~kwxct3+y?2@jnvgzpwbi.vq","limit":10,"windowMs":900000,"count":10,"resetAt":"2025-12-02T17:26:24.583Z"}}
{"eventId":"73bc2190-14f7-4b26-8bb8-39b12680412e","eventType":"auth.rate_limit.exceeded","timestamp":"2025-12-02T17:11:24.584Z","outcome":"failure","metadata":{"key":"signin:email:oh5n/7k#1hp.lu6cgk5.d.5q+8.z~m9w@yzczi9u12a.szy","limit":10,"windowMs":900000,"count":10,"resetAt":"2025-12-02T17:26:24.584Z"}}
{"eventId":"c75c4487-e129-4152-b6ba-e161a949bb43","eventType":"auth.rate_limit.exceeded","timestamp":"2025-12-02T17:11:24.584Z","outcome":"failure","metadata":{"key":"signin:email:oh5n/7k#1hp.lu6cgk5.d.5q+8.z~m9w@yzczi9u12a.szy","limit":10,"windowMs":900000,"count":10,"resetAt":"2025-12-02T17:26:24.584Z"}}
{"eventId":"efef2d2d-dfa3-437c-ad99-edea6dcec1e8","eventType":"auth.rate_limit.exceeded","timestamp":"2025-12-02T17:11:24.584Z","outcome":"failure","metadata":{"key":"signin:email:oh5n/7k#1hp.lu6cgk5.d.5q+8.z~m9w@yzczi9u12a.szy","limit":10,"windowMs":900000,"count":10,"resetAt":"2025-12-02T17:26:24.584Z"}}
{"eventId":"1df23dfe-6ec3-4864-82e0-e0932c126c8d","eventType":"auth.rate_limit.exceeded","timestamp":"2025-12-02T17:11:24.584Z","outcome":"failure","metadata":{"key":"signin:email:px}{~!w'v3.?y|j=u0k#9&%@0kka-c7-jcyd.dkw8bxmr.crs","limit":10,"windowMs":900000,"count":10,"resetAt":"2025-12-02T17:26:24.584Z"}}
{"eventId":"1533476c-ee3a-4524-8c5f-cc712c248203","eventType":"auth.rate_limit.exceeded","timestamp":"2025-12-02T17:11:24.584Z","outcome":"failure","metadata":{"key":"signin:email:px}{~!w'v3.?y|j=u0k#9&%@0kka-c7-jcyd.dkw8bxmr.crs","limit":10,"windowMs":900000,"count":10,"resetAt":"2025-12-02T17:26:24.584Z"}}
{"eventId":"2df45ce7-af07-4bc8-b9ae-ba097f4c6209","eventType":"auth.rate_limit.exceeded","timestamp":"2025-12-02T17:11:24.584Z","outcome":"failure","metadata":{"key":"signin:email:px}{~!w'v3.?y|j=u0k#9&%@0kka-c7-jcyd.dkw8bxmr.crs","limit":10,"windowMs":900000,"count":10,"resetAt":"2025-12-02T17:26:24.584Z"}}
{"eventId":"5aec0869-47e0-483c-9b78-006086574c45","eventType":"auth.rate_limit.exceeded","timestamp":"2025-12-02T17:11:24.584Z","outcome":"failure","metadata":{"key":"signin:email:z1k!e%~ra.0x!2ntndun/._./l-3`.n%.i'ux20-.6*5b7hp62%5k.r.t{@fxvrx.f0gg0jz3k8j.jz","limit":10,"windowMs":900000,"count":10,"resetAt":"2025-12-02T17:26:24.584Z"}}
{"eventId":"57efe8d1-1e4e-42da-8039-95db24104c37","eventType":"auth.rate_limit.exceeded","timestamp":"2025-12-02T17:11:24.584Z","outcome":"failure","metadata":{"key":"signin:email:z1k!e%~ra.0x!2ntndun/._./l-3`.n%.i'ux20-.6*5b7hp62%5k.r.t{@fxvrx.f0gg0jz3k8j.jz","limit":10,"windowMs":900000,"count":10,"resetAt":"2025-12-02T17:26:24.584Z"}}
{"eventId":"f6549129-383e-4187-94f2-0795aae79a0c","eventType":"auth.rate_limit.exceeded","timestamp":"2025-12-02T17:11:24.584Z","outcome":"failure","metadata":{"key":"signin:email:z1k!e%~ra.0x!2ntndun/._./l-3`.n%.i'ux20-.6*5b7hp62%5k.r.t{@fxvrx.f0gg0jz3k8j.jz","limit":10,"windowMs":900000,"count":10,"resetAt":"2025-12-02T17:26:24.584Z"}}
{"eventId":"a6baeb34-5678-4c78-adf2-30fa251ac653","eventType":"auth.rate_limit.exceeded","timestamp":"2025-12-02T17:11:24.584Z","outcome":"failure","metadata":{"key":"signin:email:~8fhkb*.7&'917kmz%2.c?-'c8.8q9r.^v5gs{r.}&u~`vcir.3!ntf./yc^rj@v7-h4dks1g3.te","limit":10,"windowMs":900000,"count":10,"resetAt":"2025-12-02T17:26:24.584Z"}}
{"eventId":"5bdce9d9-4388-420a-a536-b24149b49cfb","eventType":"auth.rate_limit.exceeded","timestamp":"2025-12-02T17:11:24.584Z","outcome":"failure","metadata":{"key":"signin:email:~8fhkb*.7&'917kmz%2.c?-'c8.8q9r.^v5gs{r.}&u~`vcir.3!ntf./yc^rj@v7-h4dks1g3.te","limit":10,"windowMs":900000,"count":10,"resetAt":"2025-12-02T17:26:24.584Z"}}
{"eventId":"69c346dc-611c-4bdd-b966-b8df6b9f97b7","eventType":"auth.rate_limit.exceeded","timestamp":"2025-12-02T17:11:24.584Z","outcome":"failure","metadata":{"key":"signin:email:~8fhkb*.7&'917kmz%2.c?-'c8.8q9r.^v5gs{r.}&u~`vcir.3!ntf./yc^rj@v7-h4dks1g3.te","limit":10,"windowMs":900000,"count":10,"resetAt":"2025-12-02T17:26:24.584Z"}}
{"eventId":"502661a1-a60a-4bdb-af53-47e9e8c472ca","eventType":"auth.rate_limit.exceeded","timestamp":"2025-12-02T17:11:24.584Z","outcome":"failure","metadata":{"key":"signin:email:{}bei-e~@kux.js-3vabskty7.bwl","limit":10,"windowMs":900000,"count":10,"resetAt":"2025-12-02T17:26:24.584Z"}}
{"eventId":"ea60313c-cc3e-4f8d-a6e4-f6ad41a95a76","eventType":"auth.rate_limit.exceeded","timestamp":"2025-12-02T17:11:24.584Z","outcome":"failure","metadata":{"key":"signin:email:{}bei-e~@kux.js-3vabskty7.bwl","limit":10,"windowMs":900000,"count":10,"resetAt":"2025-12-02T17:26:24.584Z"}}
{"eventId":"331930ea-de81-426c-a4a6-d2c8af37dc84","eventType":"auth.rate_limit.exceeded","timestamp":"2025-12-02T17:11:24.584Z","outcome":"failure","metadata":{"key":"signin:email:{}bei-e~@kux.js-3vabskty7.bwl","limit":10,"windowMs":900000,"count":10,"resetAt":"2025-12-02T17:26:24.584Z"}}
{"eventId":"d540f908-5c08-4f58-b2c2-95f4bc7a2028","eventType":"auth.rate_limit.exceeded","timestamp":"2025-12-02T17:11:24.584Z","outcome":"failure","metadata":{"key":"signin:email:xfs{&knuw5.fu_37.q&h2%$--lcj5.e=7pl.d_69ye`2e1-.h7h.?&-a%.3@3h64.on","limit":10,"windowMs":900000,"count":10,"resetAt":"2025-12-02T17:26:24.584Z"}}
{"eventId":"8a5ffb15-638e-4dd7-86aa-8b62b45b3216","eventType":"auth.rate_limit.exceeded","timestamp":"2025-12-02T17:11:24.584Z","outcome":"failure","metadata":{"key":"signin:email:xfs{&knuw5.fu_37.q&h2%$--lcj5.e=7pl.d_69ye`2e1-.h7h.?&-a%.3@3h64.on","limit":10,"windowMs":900000,"count":10,"resetAt":"2025-12-02T17:26:24.584Z"}}
{"eventId":"4e8fe656-c4ee-4238-9dad-800323e098ad","eventType":"auth.rate_limit.exceeded","timestamp":"2025-12-02T17:11:24.584Z","outcome":"failure","metadata":{"key":"signin:email:xfs{&knuw5.fu_37.q&h2%$--lcj5.e=7pl.d_69ye`2e1-.h7h.?&-a%.3@3h64.on","limit":10,"windowMs":900000,"count":10,"resetAt":"2025-12-02T17:26:24.584Z"}}
{"eventId":"305de041-cec9-4ab1-9dc8-fe51725caf1e","eventType":"auth.rate_limit.exceeded","timestamp":"2025-12-02T17:11:24.584Z","outcome":"failure","metadata":{"key":"signin:email:p}nt@ug494rta91.key","limit":10,"windowMs":900000,"count":10,"resetAt":"2025-12-02T17:26:24.584Z"}}
{"eventId":"e49040f2-b446-4d17-9d48-9af10d4fadba","eventType":"auth.rate_limit.exceeded","timestamp":"2025-12-02T17:11:24.584Z","outcome":"failure","metadata":{"key":"signin:email:p}nt@ug494rta91.key","limit":10,"windowMs":900000,"count":10,"resetAt":"2025-12-02T17:26:24.584Z"}}
{"eventId":"8c13332f-1ce4-48e1-ad61-9f0aea8b113b","eventType":"auth.rate_limit.exceeded","timestamp":"2025-12-02T17:11:24.584Z","outcome":"failure","metadata":{"key":"signin:email:p}nt@ug494rta91.key","limit":10,"windowMs":900000,"count":10,"resetAt":"2025-12-02T17:26:24.584Z"}}
{"eventId":"ed05bf67-33e9-4c1a-a274-10ce570fd0ba","eventType":"auth.rate_limit.exceeded","timestamp":"2025-12-02T17:11:24.584Z","outcome":"failure","metadata":{"key":"signin:email:=cw-0.-?/.6yqgjv6p%.8}q~7.#r@cni8fud6.2fn3ja.yi","limit":10,"windowMs":900000,"count":10,"resetAt":"2025-12-02T17:26:24.584Z"}}
{"eventId":"2a010bb5-0f2b-4a14-ab87-a14ffefbbec4","eventType":"auth.rate_limit.exceeded","timestamp":"2025-12-02T17:11:24.584Z","outcome":"failure","metadata":{"key":"signin:email:=cw-0.-?/.6yqgjv6p%.8}q~7.#r@cni8fud6.2fn3ja.yi","limit":10,"windowMs":900000,"count":10,"resetAt":"2025-12-02T17:26:24.584Z"}}
{"eventId":"3100d4ea-8ddc-48f7-b536-27be8b9a6aac","eventType":"auth.rate_limit.exceeded","timestamp":"2025-12-02T17:11:24.584Z","outcome":"failure","metadata":{"key":"signin:email:=cw-0.-?/.6yqgjv6p%.8}q~7.#r@cni8fud6.2fn3ja.yi","limit":10,"windowMs":900000,"count":10,"resetAt":"2025-12-02T17:26:24.584Z"}}
{"eventId":"5a793dcb-ca70-4e3e-8110-2db08f8dc5f9","eventType":"auth.rate_limit.exceeded","timestamp":"2025-12-02T17:11:24.584Z","outcome":"failure","metadata":{"key":"signin:email:c^.c*phuo!!p.ifb-l-+/s.'&rs*p#7~^z.r.2*'f.=.*.j/?599j$'p@2q3.q3oqbwgt15h.oba","limit":10,"windowMs":900000,"count":10,"resetAt":"2025-12-02T17:26:24.584Z"}}
{"eventId":"20cb4d14-bc55-40ea-a3dc-ae97a641e6ec","eventType":"auth.rate_limit.exceeded","timestamp":"2025-12-02T17:11:24.584Z","outcome":"failure","metadata":{"key":"signin:email:c^.c*phuo!!p.ifb-l-+/s.'&rs*p#7~^z.r.2*'f.=.*.j/?599j$'p@2q3.q3oqbwgt15h.oba","limit":10,"windowMs":900000,"count":10,"resetAt":"2025-12-02T17:26:24.584Z"}}
{"eventId":"a293ba63-67b4-4b05-91fc-558b1c008916","eventType":"auth.rate_limit.exceeded","timestamp":"2025-12-02T17:11:24.584Z","outcome":"failure","metadata":{"key":"signin:email:c^.c*phuo!!p.ifb-l-+/s.'&rs*p#7~^z.r.2*'f.=.*.j/?599j$'p@2q3.q3oqbwgt15h.oba","limit":10,"windowMs":900000,"count":10,"resetAt":"2025-12-02T17:26:24.584Z"}}
{"eventId":"6554cb2c-e756-43a9-89f8-bcfa9703345f","eventType":"auth.rate_limit.exceeded","timestamp":"2025-12-02T17:11:24.584Z","outcome":"failure","metadata":{"key":"signin:email:?tx+c.$_8#^p_m.9r0+e}/e*{8?.z$%.8=.~n|c!j.w.v&!nn-d'.l3?wx#&s'rd@lybhm.v6jlnm.iw","limit":10,"windowMs":900000,"count":10,"resetAt":"2025-12-02T17:26:24.584Z"}}
{"eventId":"22723a73-fd45-44e8-9999-19ce2d2a118a","eventType":"auth.rate_limit.exceeded","timestamp":"2025-12-02T17:11:24.584Z","outcome":"failure","metadata":{"key":"signin:email:?tx+c.$_8#^p_m.9r0+e}/e*{8?.z$%.8=.~n|c!j.w.v&!nn-d'.l3?wx#&s'rd@lybhm.v6jlnm.iw","limit":10,"windowMs":900000,"count":10,"resetAt":"2025-12-02T17:26:24.584Z"}}
{"eventId":"d0c79495-ac77-40aa-bfc5-24e2e54f84f5","eventType":"auth.rate_limit.exceeded","timestamp":"2025-12-02T17:11:24.584Z","outcome":"failure","metadata":{"key":"signin:email:?tx+c.$_8#^p_m.9r0+e}/e*{8?.z$%.8=.~n|c!j.w.v&!nn-d'.l3?wx#&s'rd@lybhm.v6jlnm.iw","limit":10,"windowMs":900000,"count":10,"resetAt":"2025-12-02T17:26:24.584Z"}}
{"eventId":"1a9ff9dc-b2da-4a81-b345-7dc8255ade51","eventType":"auth.rate_limit.exceeded","timestamp":"2025-12-02T17:11:24.584Z","outcome":"failure","metadata":{"key":"signin:email:key.vt^.e}z.a*bc`a@dxo-9lf5nt.tur","limit":10,"windowMs":900000,"count":10,"resetAt":"2025-12-02T17:26:24.584Z"}}
{"eventId":"4704cd7a-b071-43ba-82b1-367a9f3450e7","eventType":"auth.rate_limit.exceeded","timestamp":"2025-12-02T17:11:24.584Z","outcome":"failure","metadata":{"key":"signin:email:key.vt^.e}z.a*bc`a@dxo-9lf5nt.tur","limit":10,"windowMs":900000,"count":10,"resetAt":"2025-12-02T17:26:24.584Z"}}
{"eventId":"7fe2ae66-3d7b-41f5-a13a-fd31f54bbc3a","eventType":"auth.rate_limit.exceeded","timestamp":"2025-12-02T17:11:24.584Z","outcome":"failure","metadata":{"key":"signin:email:key.vt^.e}z.a*bc`a@dxo-9lf5nt.tur","limit":10,"windowMs":900000,"count":10,"resetAt":"2025-12-02T17:26:24.584Z"}}
{"eventId":"9a26f81c-73e6-4cc9-8d38-7d4bf5d188c8","eventType":"auth.rate_limit.exceeded","timestamp":"2025-12-02T17:11:24.584Z","outcome":"failure","metadata":{"key":"signin:email:'o_ed=d.e5*8%.~`{s'%u?9**^.255zp.8h^6{vi-epz.$fchwg6!2.=q@zuoy.sro","limit":10,"windowMs":900000,"count":10,"resetAt":"2025-12-02T17:26:24.584Z"}}
{"eventId":"de242d11-3044-4cbb-89f9-6592a2058dc8","eventType":"auth.rate_limit.exceeded","timestamp":"2025-12-02T17:11:24.584Z","outcome":"failure","metadata":{"key":"signin:email:'o_ed=d.e5*8%.~`{s'%u?9**^.255zp.8h^6{vi-epz.$fchwg6!2.=q@zuoy.sro","limit":10,"windowMs":900000,"count":10,"resetAt":"2025-12-02T17:26:24.584Z"}}
{"eventId":"981bc605-19bc-4429-987c-ac9b4ac5c89d","eventType":"auth.rate_limit.exceeded","timestamp":"2025-12-02T17:11:24.584Z","outcome":"failure","metadata":{"key":"signin:email:'o_ed=d.e5*8%.~`{s'%u?9**^.255zp.8h^6{vi-epz.$fchwg6!2.=q@zuoy.sro","limit":10,"windowMs":900000,"count":10,"resetAt":"2025-12-02T17:26:24.584Z"}}
{"eventId":"ff3dc3eb-c73b-4a0a-becd-b0e1e0dc8ed1","eventType":"auth.rate_limit.exceeded","timestamp":"2025-12-02T17:11:24.584Z","outcome":"failure","metadata":{"key":"signin:email:w8|798f.lu_!6xa~=um/.to{^6's}.28-.d8ej@14s.vh9w0y0ktilu.bb","limit":10,"windowMs":900000,"count":10,"resetAt":"2025-12-02T17:26:24.584Z"}}
{"eventId":"637ab19d-14c5-4d9b-a1c6-46053cbf209a","eventType":"auth.rate_limit.exceeded","timestamp":"2025-12-02T17:11:24.584Z","outcome":"failure","metadata":{"key":"signin:email:w8|798f.lu_!6xa~=um/.to{^6's}.28-.d8ej@14s.vh9w0y0ktilu.bb","limit":10,"windowMs":900000,"count":10,"resetAt":"2025-12-02T17:26:24.584Z"}}
{"eventId":"1706e8f6-f732-43e0-9c5c-136b99f4191a","eventType":"auth.rate_limit.exceeded","timestamp":"2025-12-02T17:11:24.584Z","outcome":"failure","metadata":{"key":"signin:email:w8|798f.lu_!6xa~=um/.to{^6's}.28-.d8ej@14s.vh9w0y0ktilu.bb","limit":10,"windowMs":900000,"count":10,"resetAt":"2025-12-02T17:26:24.584Z"}}
{"eventId":"70ac10cd-588b-452c-b5d2-407c91d5ff1a","eventType":"auth.rate_limit.exceeded","timestamp":"2025-12-02T17:11:24.584Z","outcome":"failure","metadata":{"key":"signin:email:u2ois3/.j.aj%.t2.wzy1?of%/n.^amxd9!.*.q=j55?{ir#_9.f7g'/b5?x7t@pl5x.euj","limit":10,"windowMs":900000,"count":10,"resetAt":"2025-12-02T17:26:24.584Z"}}
{"eventId":"6a36bfd7-5dff-4434-81c7-ecd08291e057","eventType":"auth.rate_limit.exceeded","timestamp":"2025-12-02T17:11:24.584Z","outcome":"failure","metadata":{"key":"signin:email:u2ois3/.j.aj%.t2.wzy1?of%/n.^amxd9!.*.q=j55?{ir#_9.f7g'/b5?x7t@pl5x.euj","limit":10,"windowMs":900000,"count":10,"resetAt":"2025-12-02T17:26:24.584Z"}}
{"eventId":"750d362e-9cf3-4b68-b31b-794a36ff16d2","eventType":"auth.rate_limit.exceeded","timestamp":"2025-12-02T17:11:24.584Z","outcome":"failure","metadata":{"key":"signin:email:u2ois3/.j.aj%.t2.wzy1?of%/n.^amxd9!.*.q=j55?{ir#_9.f7g'/b5?x7t@pl5x.euj","limit":10,"windowMs":900000,"count":10,"resetAt":"2025-12-02T17:26:24.584Z"}}
{"eventId":"bc4b39ad-5440-483d-9cd5-347537be1988","eventType":"auth.rate_limit.exceeded","timestamp":"2025-12-02T17:11:24.584Z","outcome":"failure","metadata":{"key":"signin:email:$$w%ld3c{u`3.2ge|*xr4-.mmgm~7gllh.k=9ris4&$.v.-6/~nke#'6@f.7qnk-l.pz","limit":10,"windowMs":900000,"count":10,"resetAt":"2025-12-02T17:26:24.584Z"}}
{"eventId":"8e9285a5-1244-4ce6-8dd1-dab1e06e5418","eventType":"auth.rate_limit.exceeded","timestamp":"2025-12-02T17:11:24.584Z","outcome":"failure","metadata":{"key":"signin:email:$$w%ld3c{u`3.2ge|*xr4-.mmgm~7gllh.k=9ris4&$.v.-6/~nke#'6@f.7qnk-l.pz","limit":10,"windowMs":900000,"count":10,"resetAt":"2025-12-02T17:26:24.584Z"}}
{"eventId":"df86cdb1-c537-410e-8a18-37e23d49c26e","eventType":"auth.rate_limit.exceeded","timestamp":"2025-12-02T17:11:24.584Z","outcome":"failure","metadata":{"key":"signin:email:$$w%ld3c{u`3.2ge|*xr4-.mmgm~7gllh.k=9ris4&$.v.-6/~nke#'6@f.7qnk-l.pz","limit":10,"windowMs":900000,"count":10,"resetAt":"2025-12-02T17:26:24.584Z"}}

stderr | src/server/auth/__tests__/login.property.test.ts > Property 8: Rate limiting blocks excessive sign-in attempts > IP and email rate limits are independent
{"eventId":"3bd32730-4938-4826-b68b-b04ccc83888e","eventType":"auth.rate_limit.exceeded","timestamp":"2025-12-02T17:11:24.698Z","outcome":"failure","metadata":{"key":"signin:ip:249.59.255.2","limit":10,"windowMs":60000,"count":10,"resetAt":"2025-12-02T17:12:24.698Z"}}
{"eventId":"2b047f46-7eba-4b68-9b71-4dea10f857e9","eventType":"auth.rate_limit.exceeded","timestamp":"2025-12-02T17:11:24.698Z","outcome":"failure","metadata":{"key":"signin:email:btzzst7.m.|o$$m-.0e2x8fr6d.g_as*.9!c7e1zb`.j}rbm0t!=|4@zbao9a5.x8vue-qhqojv.zj","limit":10,"windowMs":900000,"count":10,"resetAt":"2025-12-02T17:26:24.698Z"}}
{"eventId":"b6739230-683e-4c4a-bb56-f8c700e76053","eventType":"auth.rate_limit.exceeded","timestamp":"2025-12-02T17:11:24.698Z","outcome":"failure","metadata":{"key":"signin:email:btzzst7.m.|o$$m-.0e2x8fr6d.g_as*.9!c7e1zb`.j}rbm0t!=|4@zbao9a5.x8vue-qhqojv.zj","limit":10,"windowMs":900000,"count":10,"resetAt":"2025-12-02T17:26:24.698Z"}}
{"eventId":"b4fa7f22-8311-4a34-9b31-32badbbcfd51","eventType":"auth.rate_limit.exceeded","timestamp":"2025-12-02T17:11:24.698Z","outcome":"failure","metadata":{"key":"signin:ip:98.106.205.0","limit":10,"windowMs":60000,"count":10,"resetAt":"2025-12-02T17:12:24.698Z"}}
{"eventId":"8265b1aa-b97f-450b-92bb-c505b597d9d4","eventType":"auth.rate_limit.exceeded","timestamp":"2025-12-02T17:11:24.698Z","outcome":"failure","metadata":{"key":"signin:email:n%q{/d~#3!@r5gr1cg98i4.jeb","limit":10,"windowMs":900000,"count":10,"resetAt":"2025-12-02T17:26:24.698Z"}}
{"eventId":"ea3ffbea-5b5d-4ed2-8cac-6713bbdf871f","eventType":"auth.rate_limit.exceeded","timestamp":"2025-12-02T17:11:24.698Z","outcome":"failure","metadata":{"key":"signin:email:n%q{/d~#3!@r5gr1cg98i4.jeb","limit":10,"windowMs":900000,"count":10,"resetAt":"2025-12-02T17:26:24.698Z"}}
{"eventId":"3a85c50b-8c6f-4770-b2eb-a2666c03cb51","eventType":"auth.rate_limit.exceeded","timestamp":"2025-12-02T17:11:24.701Z","outcome":"failure","metadata":{"key":"signin:ip:68.6.161.2","limit":10,"windowMs":60000,"count":10,"resetAt":"2025-12-02T17:12:24.701Z"}}
{"eventId":"4f3fb7a6-7363-4ed0-bc5a-eb737f237366","eventType":"auth.rate_limit.exceeded","timestamp":"2025-12-02T17:11:24.701Z","outcome":"failure","metadata":{"key":"signin:email:chbnuix.u&y*o~c-%.q7-1/*uv.ll%4`u.8#*}t+.~0.|*30917*.~-6|.$cr4y%@zkeyu.mls","limit":10,"windowMs":900000,"count":10,"resetAt":"2025-12-02T17:26:24.701Z"}}
{"eventId":"c8f64b5b-29d5-411b-a793-ca5138d3181a","eventType":"auth.rate_limit.exceeded","timestamp":"2025-12-02T17:11:24.701Z","outcome":"failure","metadata":{"key":"signin:email:chbnuix.u&y*o~c-%.q7-1/*uv.ll%4`u.8#*}t+.~0.|*30917*.~-6|.$cr4y%@zkeyu.mls","limit":10,"windowMs":900000,"count":10,"resetAt":"2025-12-02T17:26:24.701Z"}}
{"eventId":"69ca1b5d-118d-437b-bd5a-52df7cee245a","eventType":"auth.rate_limit.exceeded","timestamp":"2025-12-02T17:11:24.701Z","outcome":"failure","metadata":{"key":"signin:ip:7.4.162.7","limit":10,"windowMs":60000,"count":10,"resetAt":"2025-12-02T17:12:24.701Z"}}
{"eventId":"8dad175d-6797-4a77-9b30-aa710ac2e161","eventType":"auth.rate_limit.exceeded","timestamp":"2025-12-02T17:11:24.701Z","outcome":"failure","metadata":{"key":"signin:email:bils|mb.~#=/w0l2!a_f.2.3{rb?lbvq8`u.9/2z3u.'m_}4x61.+!3-.upa@5g8pkpevstp.va8tleu805nn.yb","limit":10,"windowMs":900000,"count":10,"resetAt":"2025-12-02T17:26:24.701Z"}}
{"eventId":"632ad29c-ea66-4406-bcf7-4118609af149","eventType":"auth.rate_limit.exceeded","timestamp":"2025-12-02T17:11:24.701Z","outcome":"failure","metadata":{"key":"signin:email:bils|mb.~#=/w0l2!a_f.2.3{rb?lbvq8`u.9/2z3u.'m_}4x61.+!3-.upa@5g8pkpevstp.va8tleu805nn.yb","limit":10,"windowMs":900000,"count":10,"resetAt":"2025-12-02T17:26:24.701Z"}}
{"eventId":"e64815a4-c57d-4920-af2d-cb1789b3b485","eventType":"auth.rate_limit.exceeded","timestamp":"2025-12-02T17:11:24.701Z","outcome":"failure","metadata":{"key":"signin:ip:0.195.2.116","limit":10,"windowMs":60000,"count":10,"resetAt":"2025-12-02T17:12:24.701Z"}}
{"eventId":"113877ab-a76a-4db2-b372-15642ce5bd37","eventType":"auth.rate_limit.exceeded","timestamp":"2025-12-02T17:11:24.701Z","outcome":"failure","metadata":{"key":"signin:email:jhg=@f2fql63gjui.ref","limit":10,"windowMs":900000,"count":10,"resetAt":"2025-12-02T17:26:24.701Z"}}
{"eventId":"d4eca271-1cd2-45d9-97ca-91187e032327","eventType":"auth.rate_limit.exceeded","timestamp":"2025-12-02T17:11:24.701Z","outcome":"failure","metadata":{"key":"signin:email:jhg=@f2fql63gjui.ref","limit":10,"windowMs":900000,"count":10,"resetAt":"2025-12-02T17:26:24.701Z"}}
{"eventId":"5592edf0-31cc-4152-85da-eacef6e6969c","eventType":"auth.rate_limit.exceeded","timestamp":"2025-12-02T17:11:24.701Z","outcome":"failure","metadata":{"key":"signin:ip:254.19.116.46","limit":10,"windowMs":60000,"count":10,"resetAt":"2025-12-02T17:12:24.701Z"}}
{"eventId":"5d018687-3770-4327-9cb7-38f296eaa4bb","eventType":"auth.rate_limit.exceeded","timestamp":"2025-12-02T17:11:24.701Z","outcome":"failure","metadata":{"key":"signin:email:}k}*2&|.}x{nw.-z`.vq9.anb%nj}.'q'f#rw'.&#amk.8.y9_i'i1l^=z@6.y.fhw","limit":10,"windowMs":900000,"count":10,"resetAt":"2025-12-02T17:26:24.701Z"}}
{"eventId":"940e5dad-6ff3-475c-b41d-5a5eaa491773","eventType":"auth.rate_limit.exceeded","timestamp":"2025-12-02T17:11:24.701Z","outcome":"failure","metadata":{"key":"signin:email:}k}*2&|.}x{nw.-z`.vq9.anb%nj}.'q'f#rw'.&#amk.8.y9_i'i1l^=z@6.y.fhw","limit":10,"windowMs":900000,"count":10,"resetAt":"2025-12-02T17:26:24.701Z"}}
{"eventId":"f49d712d-0fd6-40a6-8cb6-b82307214b89","eventType":"auth.rate_limit.exceeded","timestamp":"2025-12-02T17:11:24.701Z","outcome":"failure","metadata":{"key":"signin:ip:241.237.128.7","limit":10,"windowMs":60000,"count":10,"resetAt":"2025-12-02T17:12:24.701Z"}}
{"eventId":"e6f92765-c003-42f0-a2e9-201d729a75ea","eventType":"auth.rate_limit.exceeded","timestamp":"2025-12-02T17:11:24.701Z","outcome":"failure","metadata":{"key":"signin:email:__proto__o.~!a.cd@0.rx","limit":10,"windowMs":900000,"count":10,"resetAt":"2025-12-02T17:26:24.701Z"}}
{"eventId":"83d8c886-a195-430c-8c29-65d5f23e8f17","eventType":"auth.rate_limit.exceeded","timestamp":"2025-12-02T17:11:24.701Z","outcome":"failure","metadata":{"key":"signin:email:__proto__o.~!a.cd@0.rx","limit":10,"windowMs":900000,"count":10,"resetAt":"2025-12-02T17:26:24.701Z"}}
{"eventId":"be800801-fabd-448e-8404-ee6261b94ac8","eventType":"auth.rate_limit.exceeded","timestamp":"2025-12-02T17:11:24.701Z","outcome":"failure","metadata":{"key":"signin:ip:136.4.110.140","limit":10,"windowMs":60000,"count":10,"resetAt":"2025-12-02T17:12:24.701Z"}}
{"eventId":"0ddbe862-887a-45be-8ec4-272cf4c8a88d","eventType":"auth.rate_limit.exceeded","timestamp":"2025-12-02T17:11:24.701Z","outcome":"failure","metadata":{"key":"signin:email:pr@2.vr","limit":10,"windowMs":900000,"count":10,"resetAt":"2025-12-02T17:26:24.701Z"}}
{"eventId":"f7a3413a-d214-41c7-aa1f-73988b280f3d","eventType":"auth.rate_limit.exceeded","timestamp":"2025-12-02T17:11:24.701Z","outcome":"failure","metadata":{"key":"signin:email:pr@2.vr","limit":10,"windowMs":900000,"count":10,"resetAt":"2025-12-02T17:26:24.701Z"}}
{"eventId":"395798b1-301c-4271-b04c-b1424e3cf24c","eventType":"auth.rate_limit.exceeded","timestamp":"2025-12-02T17:11:24.701Z","outcome":"failure","metadata":{"key":"signin:ip:1.7.2.7","limit":10,"windowMs":60000,"count":10,"resetAt":"2025-12-02T17:12:24.701Z"}}
{"eventId":"133b31f0-0d41-42dc-85f9-72b4befd8246","eventType":"auth.rate_limit.exceeded","timestamp":"2025-12-02T17:11:24.701Z","outcome":"failure","metadata":{"key":"signin:email:#0.e=6dcum.n7$^.k04g6@j.vc","limit":10,"windowMs":900000,"count":10,"resetAt":"2025-12-02T17:26:24.701Z"}}
{"eventId":"c5e65d26-511e-4e20-a55b-97fd6fc37b9a","eventType":"auth.rate_limit.exceeded","timestamp":"2025-12-02T17:11:24.701Z","outcome":"failure","metadata":{"key":"signin:email:#0.e=6dcum.n7$^.k04g6@j.vc","limit":10,"windowMs":900000,"count":10,"resetAt":"2025-12-02T17:26:24.701Z"}}
{"eventId":"e0e904f2-12ab-40c5-af44-a9f5b5469d0a","eventType":"auth.rate_limit.exceeded","timestamp":"2025-12-02T17:11:24.701Z","outcome":"failure","metadata":{"key":"signin:ip:248.4.69.5","limit":10,"windowMs":60000,"count":10,"resetAt":"2025-12-02T17:12:24.701Z"}}
{"eventId":"c4ed729c-a79e-4367-9a26-e890c43ea7a6","eventType":"auth.rate_limit.exceeded","timestamp":"2025-12-02T17:11:24.701Z","outcome":"failure","metadata":{"key":"signin:email:++0^'.w60=qe/!#.+sl_.'`qla=.kxtkuw@sbisp.zd-1gjk6.vx","limit":10,"windowMs":900000,"count":10,"resetAt":"2025-12-02T17:26:24.701Z"}}
{"eventId":"1fe44155-0f58-4dfd-910f-391f14e26c2d","eventType":"auth.rate_limit.exceeded","timestamp":"2025-12-02T17:11:24.701Z","outcome":"failure","metadata":{"key":"signin:email:++0^'.w60=qe/!#.+sl_.'`qla=.kxtkuw@sbisp.zd-1gjk6.vx","limit":10,"windowMs":900000,"count":10,"resetAt":"2025-12-02T17:26:24.701Z"}}
{"eventId":"1723a5c8-c5db-4f6e-8e09-9a5059d49478","eventType":"auth.rate_limit.exceeded","timestamp":"2025-12-02T17:11:24.701Z","outcome":"failure","metadata":{"key":"signin:ip:138.106.136.251","limit":10,"windowMs":60000,"count":10,"resetAt":"2025-12-02T17:12:24.701Z"}}
{"eventId":"91fb5475-c6c1-4873-af65-71e48776b983","eventType":"auth.rate_limit.exceeded","timestamp":"2025-12-02T17:11:24.701Z","outcome":"failure","metadata":{"key":"signin:email:r=~?+4$m.3at{t`y?mlng.#88/u!q~f.eq5whz.6`dnuc./=!4f-5^=@h-9.boe-j.vwl","limit":10,"windowMs":900000,"count":10,"resetAt":"2025-12-02T17:26:24.701Z"}}
{"eventId":"f6efcb82-eb54-49da-a377-5b1095a38c19","eventType":"auth.rate_limit.exceeded","timestamp":"2025-12-02T17:11:24.701Z","outcome":"failure","metadata":{"key":"signin:email:r=~?+4$m.3at{t`y?mlng.#88/u!q~f.eq5whz.6`dnuc./=!4f-5^=@h-9.boe-j.vwl","limit":10,"windowMs":900000,"count":10,"resetAt":"2025-12-02T17:26:24.701Z"}}
{"eventId":"36d077cb-7317-4827-af49-929334aa6a1d","eventType":"auth.rate_limit.exceeded","timestamp":"2025-12-02T17:11:24.701Z","outcome":"failure","metadata":{"key":"signin:ip:213.4.45.148","limit":10,"windowMs":60000,"count":10,"resetAt":"2025-12-02T17:12:24.701Z"}}
{"eventId":"a7d4eab7-4a93-44c7-88a0-14107936c1e0","eventType":"auth.rate_limit.exceeded","timestamp":"2025-12-02T17:11:24.701Z","outcome":"failure","metadata":{"key":"signin:email:5910~e.1.gk6f?qls^@3o.afo","limit":10,"windowMs":900000,"count":10,"resetAt":"2025-12-02T17:26:24.701Z"}}
{"eventId":"c3926a29-e694-41b1-b034-1fba5f8708b6","eventType":"auth.rate_limit.exceeded","timestamp":"2025-12-02T17:11:24.701Z","outcome":"failure","metadata":{"key":"signin:email:5910~e.1.gk6f?qls^@3o.afo","limit":10,"windowMs":900000,"count":10,"resetAt":"2025-12-02T17:26:24.701Z"}}
{"eventId":"78efa17b-6c8c-4d48-9f09-f7f15410ad19","eventType":"auth.rate_limit.exceeded","timestamp":"2025-12-02T17:11:24.701Z","outcome":"failure","metadata":{"key":"signin:ip:218.195.3.182","limit":10,"windowMs":60000,"count":10,"resetAt":"2025-12-02T17:12:24.701Z"}}
{"eventId":"6736617c-a99a-47d1-80ef-3ee451f7ee7d","eventType":"auth.rate_limit.exceeded","timestamp":"2025-12-02T17:11:24.701Z","outcome":"failure","metadata":{"key":"signin:email:ucf8s?^+2|es.6np3~ja@ln5.txb","limit":10,"windowMs":900000,"count":10,"resetAt":"2025-12-02T17:26:24.701Z"}}
{"eventId":"8f3fffcf-f335-4303-b3dd-597f2a01027a","eventType":"auth.rate_limit.exceeded","timestamp":"2025-12-02T17:11:24.701Z","outcome":"failure","metadata":{"key":"signin:email:ucf8s?^+2|es.6np3~ja@ln5.txb","limit":10,"windowMs":900000,"count":10,"resetAt":"2025-12-02T17:26:24.701Z"}}
{"eventId":"3e41c046-fa1e-4a08-bed9-a95acee54d98","eventType":"auth.rate_limit.exceeded","timestamp":"2025-12-02T17:11:24.701Z","outcome":"failure","metadata":{"key":"signin:ip:180.63.252.233","limit":10,"windowMs":60000,"count":10,"resetAt":"2025-12-02T17:12:24.701Z"}}
{"eventId":"7af78ce0-ed28-423f-8811-20a6a1938476","eventType":"auth.rate_limit.exceeded","timestamp":"2025-12-02T17:11:24.701Z","outcome":"failure","metadata":{"key":"signin:email:=}f.+euwx%!b.5kt=^ut0k4j.bi2{yc@6l4flz8jn9qr.4.arg","limit":10,"windowMs":900000,"count":10,"resetAt":"2025-12-02T17:26:24.701Z"}}
{"eventId":"54738cf6-dba3-4aa8-b1e8-28311eb9f6b1","eventType":"auth.rate_limit.exceeded","timestamp":"2025-12-02T17:11:24.701Z","outcome":"failure","metadata":{"key":"signin:email:=}f.+euwx%!b.5kt=^ut0k4j.bi2{yc@6l4flz8jn9qr.4.arg","limit":10,"windowMs":900000,"count":10,"resetAt":"2025-12-02T17:26:24.701Z"}}
{"eventId":"4762ab2b-7547-4cf4-a4f5-c1f19abe1331","eventType":"auth.rate_limit.exceeded","timestamp":"2025-12-02T17:11:24.701Z","outcome":"failure","metadata":{"key":"signin:ip:3.201.5.175","limit":10,"windowMs":60000,"count":10,"resetAt":"2025-12-02T17:12:24.701Z"}}
{"eventId":"62df0d70-c081-4ccd-b179-8d7bb245b298","eventType":"auth.rate_limit.exceeded","timestamp":"2025-12-02T17:11:24.702Z","outcome":"failure","metadata":{"key":"signin:email:4@k0dlr4.zw","limit":10,"windowMs":900000,"count":10,"resetAt":"2025-12-02T17:26:24.701Z"}}
{"eventId":"b1a34566-48d8-41a4-91d4-edf5c9e09a3b","eventType":"auth.rate_limit.exceeded","timestamp":"2025-12-02T17:11:24.702Z","outcome":"failure","metadata":{"key":"signin:email:4@k0dlr4.zw","limit":10,"windowMs":900000,"count":10,"resetAt":"2025-12-02T17:26:24.701Z"}}
{"eventId":"79cf44b8-5054-4c9d-8f44-41cb9f8611b7","eventType":"auth.rate_limit.exceeded","timestamp":"2025-12-02T17:11:24.702Z","outcome":"failure","metadata":{"key":"signin:ip:95.170.250.250","limit":10,"windowMs":60000,"count":10,"resetAt":"2025-12-02T17:12:24.702Z"}}
{"eventId":"93d26920-648b-4683-8b07-7efac74c90be","eventType":"auth.rate_limit.exceeded","timestamp":"2025-12-02T17:11:24.702Z","outcome":"failure","metadata":{"key":"signin:email:1~3t.^bh5&h-.ax_|.f&|m%3~zj.bv%byc|'.psv.r~`ey!.q~@4f8tqe.48n3kk8d1.ea","limit":10,"windowMs":900000,"count":10,"resetAt":"2025-12-02T17:26:24.702Z"}}
{"eventId":"a46e2393-7807-471b-970a-7a57b3ee5787","eventType":"auth.rate_limit.exceeded","timestamp":"2025-12-02T17:11:24.702Z","outcome":"failure","metadata":{"key":"signin:email:1~3t.^bh5&h-.ax_|.f&|m%3~zj.bv%byc|'.psv.r~`ey!.q~@4f8tqe.48n3kk8d1.ea","limit":10,"windowMs":900000,"count":10,"resetAt":"2025-12-02T17:26:24.702Z"}}
{"eventId":"f40de4e4-3aa1-43ea-be33-82454553c620","eventType":"auth.rate_limit.exceeded","timestamp":"2025-12-02T17:11:24.702Z","outcome":"failure","metadata":{"key":"signin:ip:252.4.82.4","limit":10,"windowMs":60000,"count":10,"resetAt":"2025-12-02T17:12:24.702Z"}}
{"eventId":"832fcac7-8966-41a5-b75e-91d01726372d","eventType":"auth.rate_limit.exceeded","timestamp":"2025-12-02T17:11:24.702Z","outcome":"failure","metadata":{"key":"signin:email:bkf`fkc4t}9a.}y{t3tfox.*{'r7-g$vo.|b.f_mwc}}6c.yq.*h?#^7i5@sufckjmjt8of.het","limit":10,"windowMs":900000,"count":10,"resetAt":"2025-12-02T17:26:24.702Z"}}
{"eventId":"c76521bc-9885-4f0c-b858-a025d3097e47","eventType":"auth.rate_limit.exceeded","timestamp":"2025-12-02T17:11:24.702Z","outcome":"failure","metadata":{"key":"signin:email:bkf`fkc4t}9a.}y{t3tfox.*{'r7-g$vo.|b.f_mwc}}6c.yq.*h?#^7i5@sufckjmjt8of.het","limit":10,"windowMs":900000,"count":10,"resetAt":"2025-12-02T17:26:24.702Z"}}
{"eventId":"50c8c0ea-bddc-4d9e-b2e0-eefcbd77e733","eventType":"auth.rate_limit.exceeded","timestamp":"2025-12-02T17:11:24.702Z","outcome":"failure","metadata":{"key":"signin:ip:133.166.14.131","limit":10,"windowMs":60000,"count":10,"resetAt":"2025-12-02T17:12:24.702Z"}}
{"eventId":"4917baae-3f97-43bd-851e-3337448dc811","eventType":"auth.rate_limit.exceeded","timestamp":"2025-12-02T17:11:24.702Z","outcome":"failure","metadata":{"key":"signin:email:'??%c=o.jbb.`'p#u7$$m2t%.#~p.&*ra-1034@978ufmfs.db","limit":10,"windowMs":900000,"count":10,"resetAt":"2025-12-02T17:26:24.702Z"}}
{"eventId":"2c22941b-c2e6-4d8d-b2c4-7ac1611ce906","eventType":"auth.rate_limit.exceeded","timestamp":"2025-12-02T17:11:24.702Z","outcome":"failure","metadata":{"key":"signin:email:'??%c=o.jbb.`'p#u7$$m2t%.#~p.&*ra-1034@978ufmfs.db","limit":10,"windowMs":900000,"count":10,"resetAt":"2025-12-02T17:26:24.702Z"}}
{"eventId":"2b31b9c2-fa79-40ba-b0ee-b3b8b746bdb2","eventType":"auth.rate_limit.exceeded","timestamp":"2025-12-02T17:11:24.703Z","outcome":"failure","metadata":{"key":"signin:ip:5.4.252.23","limit":10,"windowMs":60000,"count":10,"resetAt":"2025-12-02T17:12:24.703Z"}}
{"eventId":"3a94b6c4-95dc-482d-8840-c579b37b42ad","eventType":"auth.rate_limit.exceeded","timestamp":"2025-12-02T17:11:24.703Z","outcome":"failure","metadata":{"key":"signin:email:b=~18a~u^6._0qn.k.kv-ezu=.{+a*2a{.p7f#$37mao&/.0rs_mt9v/~/.kn@8uwrld.gum","limit":10,"windowMs":900000,"count":10,"resetAt":"2025-12-02T17:26:24.703Z"}}
{"eventId":"3c1e87ae-274d-4092-982f-69e2b04ad974","eventType":"auth.rate_limit.exceeded","timestamp":"2025-12-02T17:11:24.703Z","outcome":"failure","metadata":{"key":"signin:email:b=~18a~u^6._0qn.k.kv-ezu=.{+a*2a{.p7f#$37mao&/.0rs_mt9v/~/.kn@8uwrld.gum","limit":10,"windowMs":900000,"count":10,"resetAt":"2025-12-02T17:26:24.703Z"}}
{"eventId":"f6f0299c-0dcb-47fd-bbd7-8bedd6ebca77","eventType":"auth.rate_limit.exceeded","timestamp":"2025-12-02T17:11:24.704Z","outcome":"failure","metadata":{"key":"signin:ip:119.50.128.11","limit":10,"windowMs":60000,"count":10,"resetAt":"2025-12-02T17:12:24.704Z"}}
{"eventId":"58dcffb9-fd5b-4560-8d1f-52f3a9e4c8b7","eventType":"auth.rate_limit.exceeded","timestamp":"2025-12-02T17:11:24.704Z","outcome":"failure","metadata":{"key":"signin:email:m`67u0!.2pazoog?+@7keyc.reb","limit":10,"windowMs":900000,"count":10,"resetAt":"2025-12-02T17:26:24.704Z"}}
{"eventId":"4c169674-48da-484d-bdb5-8cc366b565b4","eventType":"auth.rate_limit.exceeded","timestamp":"2025-12-02T17:11:24.704Z","outcome":"failure","metadata":{"key":"signin:email:m`67u0!.2pazoog?+@7keyc.reb","limit":10,"windowMs":900000,"count":10,"resetAt":"2025-12-02T17:26:24.704Z"}}
{"eventId":"c574f8bc-fab1-4138-9ab2-66dc536d64fb","eventType":"auth.rate_limit.exceeded","timestamp":"2025-12-02T17:11:24.705Z","outcome":"failure","metadata":{"key":"signin:ip:244.237.217.161","limit":10,"windowMs":60000,"count":10,"resetAt":"2025-12-02T17:12:24.705Z"}}
{"eventId":"bec1ff73-efce-47fd-abca-a379fb6f8059","eventType":"auth.rate_limit.exceeded","timestamp":"2025-12-02T17:11:24.705Z","outcome":"failure","metadata":{"key":"signin:email:r%j6jb%ug_#.'fg.6v+un1e29.bz^w+/.z|m}dt086.nd./9`.d.gc@lku-4k5-q.q.key","limit":10,"windowMs":900000,"count":10,"resetAt":"2025-12-02T17:26:24.705Z"}}
{"eventId":"51c1f2d8-4bc1-4110-9bee-667b4456a6f6","eventType":"auth.rate_limit.exceeded","timestamp":"2025-12-02T17:11:24.705Z","outcome":"failure","metadata":{"key":"signin:email:r%j6jb%ug_#.'fg.6v+un1e29.bz^w+/.z|m}dt086.nd./9`.d.gc@lku-4k5-q.q.key","limit":10,"windowMs":900000,"count":10,"resetAt":"2025-12-02T17:26:24.705Z"}}
{"eventId":"6c493a3b-85c4-42dc-a7ad-2abf6493751c","eventType":"auth.rate_limit.exceeded","timestamp":"2025-12-02T17:11:24.705Z","outcome":"failure","metadata":{"key":"signin:ip:184.111.224.124","limit":10,"windowMs":60000,"count":10,"resetAt":"2025-12-02T17:12:24.705Z"}}
{"eventId":"29b271fd-f904-44cc-adaf-87079b57eb0c","eventType":"auth.rate_limit.exceeded","timestamp":"2025-12-02T17:11:24.705Z","outcome":"failure","metadata":{"key":"signin:email:^q'3ccj.4.+f?|h|.=9i.|%toqiu#+kfi.3orlg^s.f8~g1^2^$@t9dp.yeaure.yqy","limit":10,"windowMs":900000,"count":10,"resetAt":"2025-12-02T17:26:24.705Z"}}
{"eventId":"bfcf1aaa-32cb-4b7f-bc83-af50e38edace","eventType":"auth.rate_limit.exceeded","timestamp":"2025-12-02T17:11:24.705Z","outcome":"failure","metadata":{"key":"signin:email:^q'3ccj.4.+f?|h|.=9i.|%toqiu#+kfi.3orlg^s.f8~g1^2^$@t9dp.yeaure.yqy","limit":10,"windowMs":900000,"count":10,"resetAt":"2025-12-02T17:26:24.705Z"}}
{"eventId":"b0caa4c7-05d1-4cdf-bbab-e0f2337b0a19","eventType":"auth.rate_limit.exceeded","timestamp":"2025-12-02T17:11:24.705Z","outcome":"failure","metadata":{"key":"signin:ip:93.77.246.163","limit":10,"windowMs":60000,"count":10,"resetAt":"2025-12-02T17:12:24.705Z"}}
{"eventId":"5bdfc09e-475f-40a2-9596-a520f59b9ce2","eventType":"auth.rate_limit.exceeded","timestamp":"2025-12-02T17:11:24.705Z","outcome":"failure","metadata":{"key":"signin:email:obyqr%r.y%1&mu&/-1z+.m7`0.'h82v1/d.il%z8kw.`^.'$*-.'my2@q29e6ndzub.wy","limit":10,"windowMs":900000,"count":10,"resetAt":"2025-12-02T17:26:24.705Z"}}
{"eventId":"226fd190-8c9c-4413-a5f6-02129231c1f1","eventType":"auth.rate_limit.exceeded","timestamp":"2025-12-02T17:11:24.705Z","outcome":"failure","metadata":{"key":"signin:email:obyqr%r.y%1&mu&/-1z+.m7`0.'h82v1/d.il%z8kw.`^.'$*-.'my2@q29e6ndzub.wy","limit":10,"windowMs":900000,"count":10,"resetAt":"2025-12-02T17:26:24.705Z"}}
{"eventId":"55be4269-c4de-45c3-af64-af1656ee5432","eventType":"auth.rate_limit.exceeded","timestamp":"2025-12-02T17:11:24.705Z","outcome":"failure","metadata":{"key":"signin:ip:121.255.115.5","limit":10,"windowMs":60000,"count":10,"resetAt":"2025-12-02T17:12:24.705Z"}}
{"eventId":"a63fea9d-5d15-41cd-a8ef-847e3b8f6d3e","eventType":"auth.rate_limit.exceeded","timestamp":"2025-12-02T17:11:24.705Z","outcome":"failure","metadata":{"key":"signin:email:wa1h.nbh&m1k}^~.9.__proto__.bind?leng.{'1k|s.ca.{.x_.#ky%@7argumenppaf.es447.re","limit":10,"windowMs":900000,"count":10,"resetAt":"2025-12-02T17:26:24.705Z"}}
{"eventId":"15bc5c0e-431c-42ba-ac2f-b2e888f4add3","eventType":"auth.rate_limit.exceeded","timestamp":"2025-12-02T17:11:24.705Z","outcome":"failure","metadata":{"key":"signin:email:wa1h.nbh&m1k}^~.9.__proto__.bind?leng.{'1k|s.ca.{.x_.#ky%@7argumenppaf.es447.re","limit":10,"windowMs":900000,"count":10,"resetAt":"2025-12-02T17:26:24.705Z"}}
{"eventId":"832a6d8b-71fb-444c-955f-16ce9b7855e4","eventType":"auth.rate_limit.exceeded","timestamp":"2025-12-02T17:11:24.705Z","outcome":"failure","metadata":{"key":"signin:ip:201.216.134.6","limit":10,"windowMs":60000,"count":10,"resetAt":"2025-12-02T17:12:24.705Z"}}
{"eventId":"90e862cf-2bc5-4a49-8db4-626a5b2d82a8","eventType":"auth.rate_limit.exceeded","timestamp":"2025-12-02T17:11:24.705Z","outcome":"failure","metadata":{"key":"signin:email:bpa6.n3vi/$b|.et}^&5o7v.gjh8m/35}??@gcx6zr3gwc.bot","limit":10,"windowMs":900000,"count":10,"resetAt":"2025-12-02T17:26:24.705Z"}}
{"eventId":"a1cb2861-d77f-4833-877f-da84ca4b26ce","eventType":"auth.rate_limit.exceeded","timestamp":"2025-12-02T17:11:24.705Z","outcome":"failure","metadata":{"key":"signin:email:bpa6.n3vi/$b|.et}^&5o7v.gjh8m/35}??@gcx6zr3gwc.bot","limit":10,"windowMs":900000,"count":10,"resetAt":"2025-12-02T17:26:24.705Z"}}
{"eventId":"3d0444df-a71b-44ee-8642-c82ad3282343","eventType":"auth.rate_limit.exceeded","timestamp":"2025-12-02T17:11:24.705Z","outcome":"failure","metadata":{"key":"signin:ip:184.0.14.6","limit":10,"windowMs":60000,"count":10,"resetAt":"2025-12-02T17:12:24.705Z"}}
{"eventId":"e8b4a776-f68a-4c31-985b-4961ab121cce","eventType":"auth.rate_limit.exceeded","timestamp":"2025-12-02T17:11:24.705Z","outcome":"failure","metadata":{"key":"signin:email:g0=a3u+ux#~}.$8dst.2m~.5o1q3&8cc~.=-2!}.&y=1^^z0p^6.il/c.x25w+&^@5r7mz.v.nl","limit":10,"windowMs":900000,"count":10,"resetAt":"2025-12-02T17:26:24.705Z"}}
{"eventId":"e6bb42f2-a53f-421f-abd5-46f6fc42eed2","eventType":"auth.rate_limit.exceeded","timestamp":"2025-12-02T17:11:24.705Z","outcome":"failure","metadata":{"key":"signin:email:g0=a3u+ux#~}.$8dst.2m~.5o1q3&8cc~.=-2!}.&y=1^^z0p^6.il/c.x25w+&^@5r7mz.v.nl","limit":10,"windowMs":900000,"count":10,"resetAt":"2025-12-02T17:26:24.705Z"}}
{"eventId":"9f8a61c3-eeca-4643-b06e-0fca02468ce2","eventType":"auth.rate_limit.exceeded","timestamp":"2025-12-02T17:11:24.705Z","outcome":"failure","metadata":{"key":"signin:ip:246.95.120.239","limit":10,"windowMs":60000,"count":10,"resetAt":"2025-12-02T17:12:24.705Z"}}
{"eventId":"2b596d45-5a9d-4fbb-b1ab-e34302df6901","eventType":"auth.rate_limit.exceeded","timestamp":"2025-12-02T17:11:24.705Z","outcome":"failure","metadata":{"key":"signin:email:_2'*}zg.p-g7yz^txiq!.m=wo.s#do-hbt.o2vk*xs'6d=3.?$/md.s.n#|!el@yf-62uod8z.tsf","limit":10,"windowMs":900000,"count":10,"resetAt":"2025-12-02T17:26:24.705Z"}}
{"eventId":"c96d4b02-b7cf-4518-87ba-50f4d9265520","eventType":"auth.rate_limit.exceeded","timestamp":"2025-12-02T17:11:24.705Z","outcome":"failure","metadata":{"key":"signin:email:_2'*}zg.p-g7yz^txiq!.m=wo.s#do-hbt.o2vk*xs'6d=3.?$/md.s.n#|!el@yf-62uod8z.tsf","limit":10,"windowMs":900000,"count":10,"resetAt":"2025-12-02T17:26:24.705Z"}}
{"eventId":"86aeb359-06f8-4f41-9401-7312a353b191","eventType":"auth.rate_limit.exceeded","timestamp":"2025-12-02T17:11:24.705Z","outcome":"failure","metadata":{"key":"signin:ip:33.155.251.4","limit":10,"windowMs":60000,"count":10,"resetAt":"2025-12-02T17:12:24.705Z"}}
{"eventId":"aeabe9c8-4c29-4d1d-b4d5-7921a64703da","eventType":"auth.rate_limit.exceeded","timestamp":"2025-12-02T17:11:24.705Z","outcome":"failure","metadata":{"key":"signin:email:mj~5.h`.o.0v%u.2g%/2yp|#'7.e=3c.7n}2djp!.mbo+2q=0`.`~-@wz0ho2l-3gt.ara","limit":10,"windowMs":900000,"count":10,"resetAt":"2025-12-02T17:26:24.705Z"}}
{"eventId":"05fb8f74-6d6d-4242-ab52-e642b83ab8e2","eventType":"auth.rate_limit.exceeded","timestamp":"2025-12-02T17:11:24.705Z","outcome":"failure","metadata":{"key":"signin:email:mj~5.h`.o.0v%u.2g%/2yp|#'7.e=3c.7n}2djp!.mbo+2q=0`.`~-@wz0ho2l-3gt.ara","limit":10,"windowMs":900000,"count":10,"resetAt":"2025-12-02T17:26:24.705Z"}}
{"eventId":"bbee380e-0e29-429f-b842-473278d21567","eventType":"auth.rate_limit.exceeded","timestamp":"2025-12-02T17:11:24.705Z","outcome":"failure","metadata":{"key":"signin:ip:250.44.22.2","limit":10,"windowMs":60000,"count":10,"resetAt":"2025-12-02T17:12:24.705Z"}}
{"eventId":"5c7454fd-bd6b-4d1d-a006-f21534d237dc","eventType":"auth.rate_limit.exceeded","timestamp":"2025-12-02T17:11:24.706Z","outcome":"failure","metadata":{"key":"signin:email:1ehog+&e^f8.40g._+_^.&2`uy@yfl44j5fj.tm1hkyjno8yz.hjo","limit":10,"windowMs":900000,"count":10,"resetAt":"2025-12-02T17:26:24.705Z"}}
{"eventId":"56ae938e-7dff-43fd-b6b0-be258db4fe81","eventType":"auth.rate_limit.exceeded","timestamp":"2025-12-02T17:11:24.706Z","outcome":"failure","metadata":{"key":"signin:email:1ehog+&e^f8.40g._+_^.&2`uy@yfl44j5fj.tm1hkyjno8yz.hjo","limit":10,"windowMs":900000,"count":10,"resetAt":"2025-12-02T17:26:24.705Z"}}
{"eventId":"51347e01-a46e-4263-baba-892e72826328","eventType":"auth.rate_limit.exceeded","timestamp":"2025-12-02T17:11:24.706Z","outcome":"failure","metadata":{"key":"signin:ip:1.74.6.56","limit":10,"windowMs":60000,"count":10,"resetAt":"2025-12-02T17:12:24.706Z"}}
{"eventId":"578f61c7-ba77-442e-9e25-cfcde489983b","eventType":"auth.rate_limit.exceeded","timestamp":"2025-12-02T17:11:24.706Z","outcome":"failure","metadata":{"key":"signin:email:21ktw/u7'@n85p3.o2.hus","limit":10,"windowMs":900000,"count":10,"resetAt":"2025-12-02T17:26:24.706Z"}}
{"eventId":"74f4c53e-0b39-4629-97d5-47790da5bcbc","eventType":"auth.rate_limit.exceeded","timestamp":"2025-12-02T17:11:24.706Z","outcome":"failure","metadata":{"key":"signin:email:21ktw/u7'@n85p3.o2.hus","limit":10,"windowMs":900000,"count":10,"resetAt":"2025-12-02T17:26:24.706Z"}}
{"eventId":"e937180c-2d0c-4feb-a069-683c544f7071","eventType":"auth.rate_limit.exceeded","timestamp":"2025-12-02T17:11:24.706Z","outcome":"failure","metadata":{"key":"signin:ip:253.14.102.45","limit":10,"windowMs":60000,"count":10,"resetAt":"2025-12-02T17:12:24.706Z"}}
{"eventId":"ac03acd6-92cc-4500-967c-67795743860c","eventType":"auth.rate_limit.exceeded","timestamp":"2025-12-02T17:11:24.706Z","outcome":"failure","metadata":{"key":"signin:email:o?6/@nicrby2a.rsa","limit":10,"windowMs":900000,"count":10,"resetAt":"2025-12-02T17:26:24.706Z"}}
{"eventId":"0cc8da04-f805-431a-95cd-d432a243533a","eventType":"auth.rate_limit.exceeded","timestamp":"2025-12-02T17:11:24.706Z","outcome":"failure","metadata":{"key":"signin:email:o?6/@nicrby2a.rsa","limit":10,"windowMs":900000,"count":10,"resetAt":"2025-12-02T17:26:24.706Z"}}
{"eventId":"37285d32-99e5-4357-a94e-9f382c34f53e","eventType":"auth.rate_limit.exceeded","timestamp":"2025-12-02T17:11:24.706Z","outcome":"failure","metadata":{"key":"signin:ip:214.255.0.254","limit":10,"windowMs":60000,"count":10,"resetAt":"2025-12-02T17:12:24.706Z"}}
{"eventId":"57a6522d-9f53-43d0-b268-f1345fb887cd","eventType":"auth.rate_limit.exceeded","timestamp":"2025-12-02T17:11:24.706Z","outcome":"failure","metadata":{"key":"signin:email:g?|.kr9r_x&7t.9.//5lyy.-*d.p`&r.r96s7=t$~6t2.?x|9#3&uhk$@8bqt34.10cyc.mf","limit":10,"windowMs":900000,"count":10,"resetAt":"2025-12-02T17:26:24.706Z"}}
{"eventId":"9b06b410-d631-409a-b3f8-3377e4d22d3e","eventType":"auth.rate_limit.exceeded","timestamp":"2025-12-02T17:11:24.706Z","outcome":"failure","metadata":{"key":"signin:email:g?|.kr9r_x&7t.9.//5lyy.-*d.p`&r.r96s7=t$~6t2.?x|9#3&uhk$@8bqt34.10cyc.mf","limit":10,"windowMs":900000,"count":10,"resetAt":"2025-12-02T17:26:24.706Z"}}
{"eventId":"b1059d46-32c6-48f6-8b29-e9c560072251","eventType":"auth.rate_limit.exceeded","timestamp":"2025-12-02T17:11:24.706Z","outcome":"failure","metadata":{"key":"signin:ip:0.151.11.213","limit":10,"windowMs":60000,"count":10,"resetAt":"2025-12-02T17:12:24.706Z"}}
{"eventId":"a12b6409-6b7f-473e-9027-c7576221a450","eventType":"auth.rate_limit.exceeded","timestamp":"2025-12-02T17:11:24.706Z","outcome":"failure","metadata":{"key":"signin:email:k?si#8.d*1u2p@4dg.6wglkr7a62.yg","limit":10,"windowMs":900000,"count":10,"resetAt":"2025-12-02T17:26:24.706Z"}}
{"eventId":"2a2abea4-ac0a-4987-bb8d-7638787c4fae","eventType":"auth.rate_limit.exceeded","timestamp":"2025-12-02T17:11:24.706Z","outcome":"failure","metadata":{"key":"signin:email:k?si#8.d*1u2p@4dg.6wglkr7a62.yg","limit":10,"windowMs":900000,"count":10,"resetAt":"2025-12-02T17:26:24.706Z"}}
{"eventId":"35f2bab8-f7fe-4eef-9115-a3b6911285fc","eventType":"auth.rate_limit.exceeded","timestamp":"2025-12-02T17:11:24.706Z","outcome":"failure","metadata":{"key":"signin:ip:66.7.0.249","limit":10,"windowMs":60000,"count":10,"resetAt":"2025-12-02T17:12:24.706Z"}}
{"eventId":"3df2a252-28f9-434d-be02-a48dd9c22a99","eventType":"auth.rate_limit.exceeded","timestamp":"2025-12-02T17:11:24.706Z","outcome":"failure","metadata":{"key":"signin:email:`v_uijg#x2.z|w.|3sto.x{!c34!n11e+.$j_h%w%fq_?@t.lv","limit":10,"windowMs":900000,"count":10,"resetAt":"2025-12-02T17:26:24.706Z"}}
{"eventId":"8f327f95-1f45-49b5-8acc-1e50ed6e0615","eventType":"auth.rate_limit.exceeded","timestamp":"2025-12-02T17:11:24.706Z","outcome":"failure","metadata":{"key":"signin:email:`v_uijg#x2.z|w.|3sto.x{!c34!n11e+.$j_h%w%fq_?@t.lv","limit":10,"windowMs":900000,"count":10,"resetAt":"2025-12-02T17:26:24.706Z"}}
{"eventId":"dc47221b-e9fe-476c-b1be-04c92a4eeeb0","eventType":"auth.rate_limit.exceeded","timestamp":"2025-12-02T17:11:24.706Z","outcome":"failure","metadata":{"key":"signin:ip:121.1.18.5","limit":10,"windowMs":60000,"count":10,"resetAt":"2025-12-02T17:12:24.706Z"}}
{"eventId":"a310f903-cc84-412d-8ad2-d07d22b412f0","eventType":"auth.rate_limit.exceeded","timestamp":"2025-12-02T17:11:24.706Z","outcome":"failure","metadata":{"key":"signin:email:ug0u|}9+j=?.rll7^!p#?v.c4.d^uc1puqb.z=uw'!#k.|&5'd85.~--1}hmf@t.lbfn1fdsk.wn","limit":10,"windowMs":900000,"count":10,"resetAt":"2025-12-02T17:26:24.706Z"}}
{"eventId":"009db9e3-8cda-468d-a909-0bf04bcea79d","eventType":"auth.rate_limit.exceeded","timestamp":"2025-12-02T17:11:24.706Z","outcome":"failure","metadata":{"key":"signin:email:ug0u|}9+j=?.rll7^!p#?v.c4.d^uc1puqb.z=uw'!#k.|&5'd85.~--1}hmf@t.lbfn1fdsk.wn","limit":10,"windowMs":900000,"count":10,"resetAt":"2025-12-02T17:26:24.706Z"}}
{"eventId":"a5e90d74-eb5a-4639-9eed-1def0015f12b","eventType":"auth.rate_limit.exceeded","timestamp":"2025-12-02T17:11:24.706Z","outcome":"failure","metadata":{"key":"signin:ip:211.252.96.37","limit":10,"windowMs":60000,"count":10,"resetAt":"2025-12-02T17:12:24.706Z"}}
{"eventId":"4f9bb7e0-f73b-4f01-9689-1eda925aaa0f","eventType":"auth.rate_limit.exceeded","timestamp":"2025-12-02T17:11:24.706Z","outcome":"failure","metadata":{"key":"signin:email:4s8o}.6s25q8.`m3bo$}au.by0@2vs.cm","limit":10,"windowMs":900000,"count":10,"resetAt":"2025-12-02T17:26:24.706Z"}}
{"eventId":"170197fb-b165-4f6e-b451-bcd3a0cf81ca","eventType":"auth.rate_limit.exceeded","timestamp":"2025-12-02T17:11:24.706Z","outcome":"failure","metadata":{"key":"signin:email:4s8o}.6s25q8.`m3bo$}au.by0@2vs.cm","limit":10,"windowMs":900000,"count":10,"resetAt":"2025-12-02T17:26:24.706Z"}}
{"eventId":"76549aac-99b3-4c17-b8ff-8fa305fc4acc","eventType":"auth.rate_limit.exceeded","timestamp":"2025-12-02T17:11:24.706Z","outcome":"failure","metadata":{"key":"signin:ip:68.1.251.139","limit":10,"windowMs":60000,"count":10,"resetAt":"2025-12-02T17:12:24.706Z"}}
{"eventId":"e18f022e-8fc7-4c66-80df-3c89a59fd862","eventType":"auth.rate_limit.exceeded","timestamp":"2025-12-02T17:11:24.706Z","outcome":"failure","metadata":{"key":"signin:email:s@c367.bl.rf","limit":10,"windowMs":900000,"count":10,"resetAt":"2025-12-02T17:26:24.706Z"}}
{"eventId":"9c297dad-453f-4d72-89ee-960c1d312e09","eventType":"auth.rate_limit.exceeded","timestamp":"2025-12-02T17:11:24.706Z","outcome":"failure","metadata":{"key":"signin:email:s@c367.bl.rf","limit":10,"windowMs":900000,"count":10,"resetAt":"2025-12-02T17:26:24.706Z"}}
{"eventId":"07156073-0f1f-4bb6-ae3b-2484f3b769ae","eventType":"auth.rate_limit.exceeded","timestamp":"2025-12-02T17:11:24.706Z","outcome":"failure","metadata":{"key":"signin:ip:208.38.230.227","limit":10,"windowMs":60000,"count":10,"resetAt":"2025-12-02T17:12:24.706Z"}}
{"eventId":"815d36d6-97f8-44ee-8d6d-943e263a147a","eventType":"auth.rate_limit.exceeded","timestamp":"2025-12-02T17:11:24.706Z","outcome":"failure","metadata":{"key":"signin:email:0xo8.4p%-.+*rm&'hce8j.9{_4.#.$y+.t4z2cv=3+!`@krbh6.9.otx","limit":10,"windowMs":900000,"count":10,"resetAt":"2025-12-02T17:26:24.706Z"}}
{"eventId":"db172748-bbbf-4013-be50-985e49cb0b8b","eventType":"auth.rate_limit.exceeded","timestamp":"2025-12-02T17:11:24.706Z","outcome":"failure","metadata":{"key":"signin:email:0xo8.4p%-.+*rm&'hce8j.9{_4.#.$y+.t4z2cv=3+!`@krbh6.9.otx","limit":10,"windowMs":900000,"count":10,"resetAt":"2025-12-02T17:26:24.706Z"}}
{"eventId":"0f57a19e-1f8f-4f42-8835-4f8e06a81943","eventType":"auth.rate_limit.exceeded","timestamp":"2025-12-02T17:11:24.706Z","outcome":"failure","metadata":{"key":"signin:ip:5.122.128.140","limit":10,"windowMs":60000,"count":10,"resetAt":"2025-12-02T17:12:24.706Z"}}
{"eventId":"986ec797-d9f1-471d-ba73-358e7138da61","eventType":"auth.rate_limit.exceeded","timestamp":"2025-12-02T17:11:24.706Z","outcome":"failure","metadata":{"key":"signin:email:c$`d.~rxg5&3~q.ud.~``lt89d#+.xno.-d}.f-6}{v||.f-#5nf.u1'@vmd.ruv","limit":10,"windowMs":900000,"count":10,"resetAt":"2025-12-02T17:26:24.706Z"}}
{"eventId":"c49af335-6963-48cd-8c85-6e32298ad2cb","eventType":"auth.rate_limit.exceeded","timestamp":"2025-12-02T17:11:24.706Z","outcome":"failure","metadata":{"key":"signin:email:c$`d.~rxg5&3~q.ud.~``lt89d#+.xno.-d}.f-6}{v||.f-#5nf.u1'@vmd.ruv","limit":10,"windowMs":900000,"count":10,"resetAt":"2025-12-02T17:26:24.706Z"}}
{"eventId":"a5003ad5-9e8f-4d41-a71c-cc066b5807ef","eventType":"auth.rate_limit.exceeded","timestamp":"2025-12-02T17:11:24.706Z","outcome":"failure","metadata":{"key":"signin:ip:143.135.233.120","limit":10,"windowMs":60000,"count":10,"resetAt":"2025-12-02T17:12:24.706Z"}}
{"eventId":"6a3f3c3f-1182-4827-b292-2945c4563fcf","eventType":"auth.rate_limit.exceeded","timestamp":"2025-12-02T17:11:24.706Z","outcome":"failure","metadata":{"key":"signin:email:i~8yn+4q.8%avq3bk.xz{@r9ru9ktm.fd424rot.bj","limit":10,"windowMs":900000,"count":10,"resetAt":"2025-12-02T17:26:24.706Z"}}
{"eventId":"c6220e99-2fc1-4558-b530-570b7e0a7663","eventType":"auth.rate_limit.exceeded","timestamp":"2025-12-02T17:11:24.706Z","outcome":"failure","metadata":{"key":"signin:email:i~8yn+4q.8%avq3bk.xz{@r9ru9ktm.fd424rot.bj","limit":10,"windowMs":900000,"count":10,"resetAt":"2025-12-02T17:26:24.706Z"}}
{"eventId":"e7b17e47-70c7-4167-98ae-1c368431c220","eventType":"auth.rate_limit.exceeded","timestamp":"2025-12-02T17:11:24.706Z","outcome":"failure","metadata":{"key":"signin:ip:19.81.108.81","limit":10,"windowMs":60000,"count":10,"resetAt":"2025-12-02T17:12:24.706Z"}}
{"eventId":"8b98267a-4e0f-4475-bb87-0da56fe717c8","eventType":"auth.rate_limit.exceeded","timestamp":"2025-12-02T17:11:24.706Z","outcome":"failure","metadata":{"key":"signin:email:ref.i}.da3jwe.|.f.02ed@xt2ajqwcd.py","limit":10,"windowMs":900000,"count":10,"resetAt":"2025-12-02T17:26:24.706Z"}}
{"eventId":"565d79dd-d808-40e7-b53c-d6495a69721e","eventType":"auth.rate_limit.exceeded","timestamp":"2025-12-02T17:11:24.706Z","outcome":"failure","metadata":{"key":"signin:email:ref.i}.da3jwe.|.f.02ed@xt2ajqwcd.py","limit":10,"windowMs":900000,"count":10,"resetAt":"2025-12-02T17:26:24.706Z"}}
{"eventId":"c1c902f9-045c-434f-b59b-97101a535ea2","eventType":"auth.rate_limit.exceeded","timestamp":"2025-12-02T17:11:24.706Z","outcome":"failure","metadata":{"key":"signin:ip:0.254.17.144","limit":10,"windowMs":60000,"count":10,"resetAt":"2025-12-02T17:12:24.706Z"}}
{"eventId":"fd6f6330-7959-4b1c-8e53-248a17db17fe","eventType":"auth.rate_limit.exceeded","timestamp":"2025-12-02T17:11:24.706Z","outcome":"failure","metadata":{"key":"signin:email:^d~~-=8l0.d1./?.9iflz=.`=p6/m34e.`!3xm}%@qg9iedu2yvc.tsv-hr.pbo","limit":10,"windowMs":900000,"count":10,"resetAt":"2025-12-02T17:26:24.706Z"}}
{"eventId":"d464f29b-f933-44d0-9fe6-928c88e77377","eventType":"auth.rate_limit.exceeded","timestamp":"2025-12-02T17:11:24.706Z","outcome":"failure","metadata":{"key":"signin:email:^d~~-=8l0.d1./?.9iflz=.`=p6/m34e.`!3xm}%@qg9iedu2yvc.tsv-hr.pbo","limit":10,"windowMs":900000,"count":10,"resetAt":"2025-12-02T17:26:24.706Z"}}
{"eventId":"bda124d2-4cfe-49c4-89b7-45d4284c44df","eventType":"auth.rate_limit.exceeded","timestamp":"2025-12-02T17:11:24.706Z","outcome":"failure","metadata":{"key":"signin:ip:0.3.149.182","limit":10,"windowMs":60000,"count":10,"resetAt":"2025-12-02T17:12:24.706Z"}}
{"eventId":"aeb7065c-0f1c-4ac2-bfe6-eb9cb3baa6e2","eventType":"auth.rate_limit.exceeded","timestamp":"2025-12-02T17:11:24.706Z","outcome":"failure","metadata":{"key":"signin:email:/xs1=mg^_{=*.e2p*v_i6d.k0s3zl{h&-#.|`g$~6kq}#bi.#h4ivqa&}+^-@zl0lm5c18.hr4.vj","limit":10,"windowMs":900000,"count":10,"resetAt":"2025-12-02T17:26:24.706Z"}}
{"eventId":"7803c50b-fa4d-4d86-9998-08ca4f49e10c","eventType":"auth.rate_limit.exceeded","timestamp":"2025-12-02T17:11:24.706Z","outcome":"failure","metadata":{"key":"signin:email:/xs1=mg^_{=*.e2p*v_i6d.k0s3zl{h&-#.|`g$~6kq}#bi.#h4ivqa&}+^-@zl0lm5c18.hr4.vj","limit":10,"windowMs":900000,"count":10,"resetAt":"2025-12-02T17:26:24.706Z"}}
{"eventId":"ffe5eca9-691a-42d5-9f7e-59886e6f553c","eventType":"auth.rate_limit.exceeded","timestamp":"2025-12-02T17:11:24.706Z","outcome":"failure","metadata":{"key":"signin:ip:76.251.7.47","limit":10,"windowMs":60000,"count":10,"resetAt":"2025-12-02T17:12:24.706Z"}}
{"eventId":"97ef120e-8238-490d-aefe-4d601f43fff8","eventType":"auth.rate_limit.exceeded","timestamp":"2025-12-02T17:11:24.706Z","outcome":"failure","metadata":{"key":"signin:email:h+`{4vh.32.a}va-!./.~nxg!7.+?0rtwz3*.9*c--&n't?_@yzwmm7r-euwj.jiw","limit":10,"windowMs":900000,"count":10,"resetAt":"2025-12-02T17:26:24.706Z"}}
{"eventId":"ab8a95d7-f77a-45fd-9804-6207d91902bd","eventType":"auth.rate_limit.exceeded","timestamp":"2025-12-02T17:11:24.706Z","outcome":"failure","metadata":{"key":"signin:email:h+`{4vh.32.a}va-!./.~nxg!7.+?0rtwz3*.9*c--&n't?_@yzwmm7r-euwj.jiw","limit":10,"windowMs":900000,"count":10,"resetAt":"2025-12-02T17:26:24.706Z"}}
{"eventId":"f481400a-36f2-4cfe-9233-914f9b160ebb","eventType":"auth.rate_limit.exceeded","timestamp":"2025-12-02T17:11:24.706Z","outcome":"failure","metadata":{"key":"signin:ip:3.227.251.7","limit":10,"windowMs":60000,"count":10,"resetAt":"2025-12-02T17:12:24.706Z"}}
{"eventId":"584ac000-3a24-4ccc-85fe-44c5c1b9b69c","eventType":"auth.rate_limit.exceeded","timestamp":"2025-12-02T17:11:24.706Z","outcome":"failure","metadata":{"key":"signin:email:l#wyfpc^fxd.$t$c}?.?bc%blu}i.w.*yz.+21g{81f.*37v'8w`v#@ljcosz.fpb","limit":10,"windowMs":900000,"count":10,"resetAt":"2025-12-02T17:26:24.706Z"}}
{"eventId":"17adcd11-4fe4-44b5-815d-3af7525c78ad","eventType":"auth.rate_limit.exceeded","timestamp":"2025-12-02T17:11:24.706Z","outcome":"failure","metadata":{"key":"signin:email:l#wyfpc^fxd.$t$c}?.?bc%blu}i.w.*yz.+21g{81f.*37v'8w`v#@ljcosz.fpb","limit":10,"windowMs":900000,"count":10,"resetAt":"2025-12-02T17:26:24.706Z"}}
{"eventId":"2869e538-076e-4791-8d4a-5ccab5454d57","eventType":"auth.rate_limit.exceeded","timestamp":"2025-12-02T17:11:24.706Z","outcome":"failure","metadata":{"key":"signin:ip:0.188.41.58","limit":10,"windowMs":60000,"count":10,"resetAt":"2025-12-02T17:12:24.706Z"}}
{"eventId":"592fb9e6-1ef6-4520-b05f-90afcbddf66e","eventType":"auth.rate_limit.exceeded","timestamp":"2025-12-02T17:11:24.706Z","outcome":"failure","metadata":{"key":"signin:email:+p_#rd.yp+j$?#a'.{-1.a.ntao?0*_~k+n.4y.62.^l9&$=`%9e%7.|0_&/@6vlq.yy","limit":10,"windowMs":900000,"count":10,"resetAt":"2025-12-02T17:26:24.706Z"}}
{"eventId":"0ca63070-b99f-4b68-910f-2b48ae3c447a","eventType":"auth.rate_limit.exceeded","timestamp":"2025-12-02T17:11:24.706Z","outcome":"failure","metadata":{"key":"signin:email:+p_#rd.yp+j$?#a'.{-1.a.ntao?0*_~k+n.4y.62.^l9&$=`%9e%7.|0_&/@6vlq.yy","limit":10,"windowMs":900000,"count":10,"resetAt":"2025-12-02T17:26:24.706Z"}}
{"eventId":"4bb7b3b0-d967-4e1d-a5af-286e73551bb3","eventType":"auth.rate_limit.exceeded","timestamp":"2025-12-02T17:11:24.706Z","outcome":"failure","metadata":{"key":"signin:ip:58.2.138.210","limit":10,"windowMs":60000,"count":10,"resetAt":"2025-12-02T17:12:24.706Z"}}
{"eventId":"9ad4c668-5cb6-4086-b38e-69e1ab84ed1e","eventType":"auth.rate_limit.exceeded","timestamp":"2025-12-02T17:11:24.706Z","outcome":"failure","metadata":{"key":"signin:email:9|^*u~.b03$3p*%4-7.o+0{$6.{b0wsuedb~z.ix~@n.poz","limit":10,"windowMs":900000,"count":10,"resetAt":"2025-12-02T17:26:24.706Z"}}
{"eventId":"f8feec3b-a0db-4844-b6fc-c17d8d01ccc8","eventType":"auth.rate_limit.exceeded","timestamp":"2025-12-02T17:11:24.706Z","outcome":"failure","metadata":{"key":"signin:email:9|^*u~.b03$3p*%4-7.o+0{$6.{b0wsuedb~z.ix~@n.poz","limit":10,"windowMs":900000,"count":10,"resetAt":"2025-12-02T17:26:24.706Z"}}
{"eventId":"8fab76a8-9dce-4073-988e-cdb98e4451b9","eventType":"auth.rate_limit.exceeded","timestamp":"2025-12-02T17:11:24.706Z","outcome":"failure","metadata":{"key":"signin:ip:19.253.145.7","limit":10,"windowMs":60000,"count":10,"resetAt":"2025-12-02T17:12:24.706Z"}}
{"eventId":"2a25f164-28a4-4e6e-b1a9-0398dd876556","eventType":"auth.rate_limit.exceeded","timestamp":"2025-12-02T17:11:24.706Z","outcome":"failure","metadata":{"key":"signin:email:cu6d^4ij!u#.=?mucx-.t{*8pcmw{-+@oa6yyq.2naej1ymk8.ro","limit":10,"windowMs":900000,"count":10,"resetAt":"2025-12-02T17:26:24.706Z"}}
{"eventId":"ac33184c-9858-40bc-8c64-c1716719f2f8","eventType":"auth.rate_limit.exceeded","timestamp":"2025-12-02T17:11:24.706Z","outcome":"failure","metadata":{"key":"signin:email:cu6d^4ij!u#.=?mucx-.t{*8pcmw{-+@oa6yyq.2naej1ymk8.ro","limit":10,"windowMs":900000,"count":10,"resetAt":"2025-12-02T17:26:24.706Z"}}
{"eventId":"0e9f9ffe-2f0b-4e73-8964-8c1372be1459","eventType":"auth.rate_limit.exceeded","timestamp":"2025-12-02T17:11:24.707Z","outcome":"failure","metadata":{"key":"signin:ip:114.231.135.249","limit":10,"windowMs":60000,"count":10,"resetAt":"2025-12-02T17:12:24.707Z"}}
{"eventId":"3facbe94-beb0-4f48-9670-1d7b98bcf864","eventType":"auth.rate_limit.exceeded","timestamp":"2025-12-02T17:11:24.707Z","outcome":"failure","metadata":{"key":"signin:email:pz'd/9kbhg}.p^._.y'5?9yh!j++.za#l&.a|.25v_._$`g#~i.bwl*6^.*7h&0d@86.jz","limit":10,"windowMs":900000,"count":10,"resetAt":"2025-12-02T17:26:24.707Z"}}
{"eventId":"559fea22-9a51-49d1-8a86-1ae444899727","eventType":"auth.rate_limit.exceeded","timestamp":"2025-12-02T17:11:24.707Z","outcome":"failure","metadata":{"key":"signin:email:pz'd/9kbhg}.p^._.y'5?9yh!j++.za#l&.a|.25v_._$`g#~i.bwl*6^.*7h&0d@86.jz","limit":10,"windowMs":900000,"count":10,"resetAt":"2025-12-02T17:26:24.707Z"}}
{"eventId":"ba17f979-962e-43a4-9fe4-fd648901f763","eventType":"auth.rate_limit.exceeded","timestamp":"2025-12-02T17:11:24.707Z","outcome":"failure","metadata":{"key":"signin:ip:220.233.9.254","limit":10,"windowMs":60000,"count":10,"resetAt":"2025-12-02T17:12:24.707Z"}}
{"eventId":"88331f53-ac7e-48b0-b4db-804fca03f9ea","eventType":"auth.rate_limit.exceeded","timestamp":"2025-12-02T17:11:24.707Z","outcome":"failure","metadata":{"key":"signin:email:y~bs.{huq3.yq^cjn~.hn@5sntv33.hh11ypqa16b7.jtu","limit":10,"windowMs":900000,"count":10,"resetAt":"2025-12-02T17:26:24.707Z"}}
{"eventId":"7483fcba-73b2-4d42-87a2-3cfdc9674535","eventType":"auth.rate_limit.exceeded","timestamp":"2025-12-02T17:11:24.707Z","outcome":"failure","metadata":{"key":"signin:email:y~bs.{huq3.yq^cjn~.hn@5sntv33.hh11ypqa16b7.jtu","limit":10,"windowMs":900000,"count":10,"resetAt":"2025-12-02T17:26:24.707Z"}}
{"eventId":"7a147dce-2482-48be-874d-6f0c89f55fd9","eventType":"auth.rate_limit.exceeded","timestamp":"2025-12-02T17:11:24.707Z","outcome":"failure","metadata":{"key":"signin:ip:4.248.139.79","limit":10,"windowMs":60000,"count":10,"resetAt":"2025-12-02T17:12:24.707Z"}}
{"eventId":"78fa1277-554f-4f32-a7ce-266b679887bc","eventType":"auth.rate_limit.exceeded","timestamp":"2025-12-02T17:11:24.707Z","outcome":"failure","metadata":{"key":"signin:email:%d=_/~y5#v9@4dpe40.yfhcepowboj.ot","limit":10,"windowMs":900000,"count":10,"resetAt":"2025-12-02T17:26:24.707Z"}}
{"eventId":"a5bf2c57-2a1e-4d01-9b1b-1f6a725e7d21","eventType":"auth.rate_limit.exceeded","timestamp":"2025-12-02T17:11:24.707Z","outcome":"failure","metadata":{"key":"signin:email:%d=_/~y5#v9@4dpe40.yfhcepowboj.ot","limit":10,"windowMs":900000,"count":10,"resetAt":"2025-12-02T17:26:24.707Z"}}
{"eventId":"d79c12db-b035-4779-bc3d-629ad699dd3d","eventType":"auth.rate_limit.exceeded","timestamp":"2025-12-02T17:11:24.707Z","outcome":"failure","metadata":{"key":"signin:ip:42.1.218.249","limit":10,"windowMs":60000,"count":10,"resetAt":"2025-12-02T17:12:24.707Z"}}
{"eventId":"143b0412-792f-4ca8-a07a-247808a6d941","eventType":"auth.rate_limit.exceeded","timestamp":"2025-12-02T17:11:24.707Z","outcome":"failure","metadata":{"key":"signin:email:o#y4'6z.q$3g{`{'|q%@6.bu","limit":10,"windowMs":900000,"count":10,"resetAt":"2025-12-02T17:26:24.707Z"}}
{"eventId":"87da633e-00bd-4e52-bc3a-f038ca659f64","eventType":"auth.rate_limit.exceeded","timestamp":"2025-12-02T17:11:24.707Z","outcome":"failure","metadata":{"key":"signin:email:o#y4'6z.q$3g{`{'|q%@6.bu","limit":10,"windowMs":900000,"count":10,"resetAt":"2025-12-02T17:26:24.707Z"}}
{"eventId":"38a5bda0-2a9d-4aa3-a9fb-fe6757cc144f","eventType":"auth.rate_limit.exceeded","timestamp":"2025-12-02T17:11:24.707Z","outcome":"failure","metadata":{"key":"signin:ip:151.163.119.255","limit":10,"windowMs":60000,"count":10,"resetAt":"2025-12-02T17:12:24.707Z"}}
{"eventId":"7eb1b740-d9ba-4e66-8d9c-e0d52e15738b","eventType":"auth.rate_limit.exceeded","timestamp":"2025-12-02T17:11:24.707Z","outcome":"failure","metadata":{"key":"signin:email:wt*p&m}9@kd59edwcwcb.g6c.bj","limit":10,"windowMs":900000,"count":10,"resetAt":"2025-12-02T17:26:24.707Z"}}
{"eventId":"2c9c32c0-63d8-444e-9a86-2b4f5661225c","eventType":"auth.rate_limit.exceeded","timestamp":"2025-12-02T17:11:24.707Z","outcome":"failure","metadata":{"key":"signin:email:wt*p&m}9@kd59edwcwcb.g6c.bj","limit":10,"windowMs":900000,"count":10,"resetAt":"2025-12-02T17:26:24.707Z"}}
{"eventId":"dbd3c56e-105f-4153-86b7-964dfd79e434","eventType":"auth.rate_limit.exceeded","timestamp":"2025-12-02T17:11:24.707Z","outcome":"failure","metadata":{"key":"signin:ip:6.0.5.16","limit":10,"windowMs":60000,"count":10,"resetAt":"2025-12-02T17:12:24.707Z"}}
{"eventId":"57647219-0560-4b9b-a975-d55ce629e9eb","eventType":"auth.rate_limit.exceeded","timestamp":"2025-12-02T17:11:24.707Z","outcome":"failure","metadata":{"key":"signin:email:e.zb0l2.j@npgh.cs-c-ur5.bie","limit":10,"windowMs":900000,"count":10,"resetAt":"2025-12-02T17:26:24.707Z"}}
{"eventId":"6bae5393-7b82-4883-aab2-d7fb2760c035","eventType":"auth.rate_limit.exceeded","timestamp":"2025-12-02T17:11:24.707Z","outcome":"failure","metadata":{"key":"signin:email:e.zb0l2.j@npgh.cs-c-ur5.bie","limit":10,"windowMs":900000,"count":10,"resetAt":"2025-12-02T17:26:24.707Z"}}
{"eventId":"ccd62f04-6a74-420f-8afe-cf0dc7a6e13e","eventType":"auth.rate_limit.exceeded","timestamp":"2025-12-02T17:11:24.707Z","outcome":"failure","metadata":{"key":"signin:ip:49.101.31.32","limit":10,"windowMs":60000,"count":10,"resetAt":"2025-12-02T17:12:24.707Z"}}
{"eventId":"110a96a9-a52a-4392-84ad-c9e92e946e54","eventType":"auth.rate_limit.exceeded","timestamp":"2025-12-02T17:11:24.707Z","outcome":"failure","metadata":{"key":"signin:email:&`#hg5-!.x5tg6u+k.8hj?h^-|1t.0~34fy`e.k2n8$h.9n2#./d#6`0=vk9.?%@j.moc","limit":10,"windowMs":900000,"count":10,"resetAt":"2025-12-02T17:26:24.707Z"}}
{"eventId":"571665e5-9bcc-447a-9874-d8be24916013","eventType":"auth.rate_limit.exceeded","timestamp":"2025-12-02T17:11:24.707Z","outcome":"failure","metadata":{"key":"signin:email:&`#hg5-!.x5tg6u+k.8hj?h^-|1t.0~34fy`e.k2n8$h.9n2#./d#6`0=vk9.?%@j.moc","limit":10,"windowMs":900000,"count":10,"resetAt":"2025-12-02T17:26:24.707Z"}}
{"eventId":"fb3b10be-1589-4331-81cb-86c10af1275f","eventType":"auth.rate_limit.exceeded","timestamp":"2025-12-02T17:11:24.707Z","outcome":"failure","metadata":{"key":"signin:ip:7.197.117.42","limit":10,"windowMs":60000,"count":10,"resetAt":"2025-12-02T17:12:24.707Z"}}
{"eventId":"2b509c6c-5ec4-4044-8772-d9198d117264","eventType":"auth.rate_limit.exceeded","timestamp":"2025-12-02T17:11:24.707Z","outcome":"failure","metadata":{"key":"signin:email:k#~gsx4./dyof/x#i3v.}6{rdvqr4`o.5.2le.gxa'm9/.$.~e.|var?d+7bl@8m.cri","limit":10,"windowMs":900000,"count":10,"resetAt":"2025-12-02T17:26:24.707Z"}}
{"eventId":"dd2ac000-1f03-4ad7-a6cf-ccdfd30f2f5a","eventType":"auth.rate_limit.exceeded","timestamp":"2025-12-02T17:11:24.707Z","outcome":"failure","metadata":{"key":"signin:email:k#~gsx4./dyof/x#i3v.}6{rdvqr4`o.5.2le.gxa'm9/.$.~e.|var?d+7bl@8m.cri","limit":10,"windowMs":900000,"count":10,"resetAt":"2025-12-02T17:26:24.707Z"}}
{"eventId":"0b873f5e-928f-4405-9300-5112c943fa8d","eventType":"auth.rate_limit.exceeded","timestamp":"2025-12-02T17:11:24.707Z","outcome":"failure","metadata":{"key":"signin:ip:188.83.219.181","limit":10,"windowMs":60000,"count":10,"resetAt":"2025-12-02T17:12:24.707Z"}}
{"eventId":"c1a4fd2a-4fd7-44e4-a629-82a341b5272d","eventType":"auth.rate_limit.exceeded","timestamp":"2025-12-02T17:11:24.707Z","outcome":"failure","metadata":{"key":"signin:email:izdb.z3mg}x.8n.#_'287%e.+kr078.|+/.dv!528hd+e-.je^k0+yxm.{1*o|1@jd80pp9g.gfs","limit":10,"windowMs":900000,"count":10,"resetAt":"2025-12-02T17:26:24.707Z"}}
{"eventId":"dd0c78c9-a14f-48db-ba69-af6608fa93c2","eventType":"auth.rate_limit.exceeded","timestamp":"2025-12-02T17:11:24.707Z","outcome":"failure","metadata":{"key":"signin:email:izdb.z3mg}x.8n.#_'287%e.+kr078.|+/.dv!528hd+e-.je^k0+yxm.{1*o|1@jd80pp9g.gfs","limit":10,"windowMs":900000,"count":10,"resetAt":"2025-12-02T17:26:24.707Z"}}
{"eventId":"2ce2c47b-1229-48ef-97df-adf7c5a2c2f0","eventType":"auth.rate_limit.exceeded","timestamp":"2025-12-02T17:11:24.707Z","outcome":"failure","metadata":{"key":"signin:ip:191.251.56.0","limit":10,"windowMs":60000,"count":10,"resetAt":"2025-12-02T17:12:24.707Z"}}
{"eventId":"0f585820-b9bc-416a-829b-4d24f957d7be","eventType":"auth.rate_limit.exceeded","timestamp":"2025-12-02T17:11:24.707Z","outcome":"failure","metadata":{"key":"signin:email:2.*.up39i'$.1i@dy4nbqf.hjx","limit":10,"windowMs":900000,"count":10,"resetAt":"2025-12-02T17:26:24.707Z"}}
{"eventId":"b9a485cf-fbdd-4354-8bdd-00eab778698e","eventType":"auth.rate_limit.exceeded","timestamp":"2025-12-02T17:11:24.707Z","outcome":"failure","metadata":{"key":"signin:email:2.*.up39i'$.1i@dy4nbqf.hjx","limit":10,"windowMs":900000,"count":10,"resetAt":"2025-12-02T17:26:24.707Z"}}
{"eventId":"009ce486-9feb-4647-b8a7-4cebb55c9908","eventType":"auth.rate_limit.exceeded","timestamp":"2025-12-02T17:11:24.707Z","outcome":"failure","metadata":{"key":"signin:ip:95.74.1.58","limit":10,"windowMs":60000,"count":10,"resetAt":"2025-12-02T17:12:24.707Z"}}
{"eventId":"6c5565a9-cf23-4fff-ac81-737279aeddce","eventType":"auth.rate_limit.exceeded","timestamp":"2025-12-02T17:11:24.707Z","outcome":"failure","metadata":{"key":"signin:email:x.ft.=n=.j2dd44w.+wv^awj.urt_3e6@b.3nf.fyr","limit":10,"windowMs":900000,"count":10,"resetAt":"2025-12-02T17:26:24.707Z"}}
{"eventId":"7ebe5b0f-06e3-41f7-840a-536100276625","eventType":"auth.rate_limit.exceeded","timestamp":"2025-12-02T17:11:24.707Z","outcome":"failure","metadata":{"key":"signin:email:x.ft.=n=.j2dd44w.+wv^awj.urt_3e6@b.3nf.fyr","limit":10,"windowMs":900000,"count":10,"resetAt":"2025-12-02T17:26:24.707Z"}}
{"eventId":"f7c015d6-90ce-4542-a52d-ff68b917b76f","eventType":"auth.rate_limit.exceeded","timestamp":"2025-12-02T17:11:24.707Z","outcome":"failure","metadata":{"key":"signin:ip:4.1.4.89","limit":10,"windowMs":60000,"count":10,"resetAt":"2025-12-02T17:12:24.707Z"}}
{"eventId":"addcda4d-68ee-4fbf-8ce5-80a4cc2e9bff","eventType":"auth.rate_limit.exceeded","timestamp":"2025-12-02T17:11:24.707Z","outcome":"failure","metadata":{"key":"signin:email:4.$u6j=&@g.uv","limit":10,"windowMs":900000,"count":10,"resetAt":"2025-12-02T17:26:24.707Z"}}
{"eventId":"a97bbec9-820e-4acf-8a8f-efa19321e2f4","eventType":"auth.rate_limit.exceeded","timestamp":"2025-12-02T17:11:24.707Z","outcome":"failure","metadata":{"key":"signin:email:4.$u6j=&@g.uv","limit":10,"windowMs":900000,"count":10,"resetAt":"2025-12-02T17:26:24.707Z"}}
{"eventId":"82f8afda-2cf4-44c7-9c14-48e0212bec44","eventType":"auth.rate_limit.exceeded","timestamp":"2025-12-02T17:11:24.707Z","outcome":"failure","metadata":{"key":"signin:ip:2.251.166.156","limit":10,"windowMs":60000,"count":10,"resetAt":"2025-12-02T17:12:24.707Z"}}
{"eventId":"2a7e61eb-e13f-4cf9-9bf0-1b3d107ac856","eventType":"auth.rate_limit.exceeded","timestamp":"2025-12-02T17:11:24.707Z","outcome":"failure","metadata":{"key":"signin:email:gzjl/ci._8`3v_23l_'.a437`1u}.w.1%~7.+.^w|7$ve?#~g@mlvl4pjpbxr.ovo.ck","limit":10,"windowMs":900000,"count":10,"resetAt":"2025-12-02T17:26:24.707Z"}}
{"eventId":"f065ba29-32b2-44bc-a9c4-07c36de39a61","eventType":"auth.rate_limit.exceeded","timestamp":"2025-12-02T17:11:24.707Z","outcome":"failure","metadata":{"key":"signin:email:gzjl/ci._8`3v_23l_'.a437`1u}.w.1%~7.+.^w|7$ve?#~g@mlvl4pjpbxr.ovo.ck","limit":10,"windowMs":900000,"count":10,"resetAt":"2025-12-02T17:26:24.707Z"}}
{"eventId":"5858726b-8569-496e-9cf1-8976eb458873","eventType":"auth.rate_limit.exceeded","timestamp":"2025-12-02T17:11:24.707Z","outcome":"failure","metadata":{"key":"signin:ip:158.6.196.4","limit":10,"windowMs":60000,"count":10,"resetAt":"2025-12-02T17:12:24.707Z"}}
{"eventId":"89f78eae-1f73-4ae9-82b4-303f43cfa312","eventType":"auth.rate_limit.exceeded","timestamp":"2025-12-02T17:11:24.707Z","outcome":"failure","metadata":{"key":"signin:email:o.1t3!#8k`g.gcsm6cw.f.rict$`i!oi2o.s6n.%2b=r*/1o'@5xhhyz.w.ulb","limit":10,"windowMs":900000,"count":10,"resetAt":"2025-12-02T17:26:24.707Z"}}
{"eventId":"b8756948-241f-464e-b891-8ccd9ab67a0d","eventType":"auth.rate_limit.exceeded","timestamp":"2025-12-02T17:11:24.707Z","outcome":"failure","metadata":{"key":"signin:email:o.1t3!#8k`g.gcsm6cw.f.rict$`i!oi2o.s6n.%2b=r*/1o'@5xhhyz.w.ulb","limit":10,"windowMs":900000,"count":10,"resetAt":"2025-12-02T17:26:24.707Z"}}
{"eventId":"2036409a-90c0-4958-ad50-9cafb272617a","eventType":"auth.rate_limit.exceeded","timestamp":"2025-12-02T17:11:24.707Z","outcome":"failure","metadata":{"key":"signin:ip:73.253.145.108","limit":10,"windowMs":60000,"count":10,"resetAt":"2025-12-02T17:12:24.707Z"}}
{"eventId":"71d57a40-6ad8-402f-8d0f-2716b9a086f6","eventType":"auth.rate_limit.exceeded","timestamp":"2025-12-02T17:11:24.707Z","outcome":"failure","metadata":{"key":"signin:email:/`j.a4!._z7*w-+0.?8r?t.w}7n3!+}7n}u.2/xzc^.&-0o8df.7u^sx`#b6g@q.f.uff","limit":10,"windowMs":900000,"count":10,"resetAt":"2025-12-02T17:26:24.707Z"}}
{"eventId":"ac4078fb-461c-424f-965f-28e13f5b2a7c","eventType":"auth.rate_limit.exceeded","timestamp":"2025-12-02T17:11:24.707Z","outcome":"failure","metadata":{"key":"signin:email:/`j.a4!._z7*w-+0.?8r?t.w}7n3!+}7n}u.2/xzc^.&-0o8df.7u^sx`#b6g@q.f.uff","limit":10,"windowMs":900000,"count":10,"resetAt":"2025-12-02T17:26:24.707Z"}}
{"eventId":"be6dceea-212e-4ffa-8017-d25532d036cb","eventType":"auth.rate_limit.exceeded","timestamp":"2025-12-02T17:11:24.707Z","outcome":"failure","metadata":{"key":"signin:ip:248.2.227.73","limit":10,"windowMs":60000,"count":10,"resetAt":"2025-12-02T17:12:24.707Z"}}
{"eventId":"609f2f72-c8a2-433b-8ee6-aec52bedec06","eventType":"auth.rate_limit.exceeded","timestamp":"2025-12-02T17:11:24.707Z","outcome":"failure","metadata":{"key":"signin:email:{f_m/'vz.hvm%oi%zl?.n0`!%.k_mco.h`hr|^88^.lrz8n|6$3.pa$.0@zvcec5ye9qz5.y1-61.tvz","limit":10,"windowMs":900000,"count":10,"resetAt":"2025-12-02T17:26:24.707Z"}}
{"eventId":"44e901d3-dd20-4669-a439-9e863cd3a114","eventType":"auth.rate_limit.exceeded","timestamp":"2025-12-02T17:11:24.707Z","outcome":"failure","metadata":{"key":"signin:email:{f_m/'vz.hvm%oi%zl?.n0`!%.k_mco.h`hr|^88^.lrz8n|6$3.pa$.0@zvcec5ye9qz5.y1-61.tvz","limit":10,"windowMs":900000,"count":10,"resetAt":"2025-12-02T17:26:24.707Z"}}
{"eventId":"4e7630d4-1f90-490a-a4b9-d7184fc0b1f3","eventType":"auth.rate_limit.exceeded","timestamp":"2025-12-02T17:11:24.707Z","outcome":"failure","metadata":{"key":"signin:ip:172.102.113.112","limit":10,"windowMs":60000,"count":10,"resetAt":"2025-12-02T17:12:24.707Z"}}
{"eventId":"578d4a9d-6f22-40ef-bd36-1c59915dd3f9","eventType":"auth.rate_limit.exceeded","timestamp":"2025-12-02T17:11:24.707Z","outcome":"failure","metadata":{"key":"signin:email:b`*g%^4/%=!.?#!~sy.$7aq-g4./.*pt.e+s-uny|.&5i}j@6uaa9efbgf.6.fl","limit":10,"windowMs":900000,"count":10,"resetAt":"2025-12-02T17:26:24.707Z"}}
{"eventId":"43e4792c-8b37-46e2-9d07-bc52639d9995","eventType":"auth.rate_limit.exceeded","timestamp":"2025-12-02T17:11:24.707Z","outcome":"failure","metadata":{"key":"signin:email:b`*g%^4/%=!.?#!~sy.$7aq-g4./.*pt.e+s-uny|.&5i}j@6uaa9efbgf.6.fl","limit":10,"windowMs":900000,"count":10,"resetAt":"2025-12-02T17:26:24.707Z"}}
{"eventId":"05b598d5-adfe-434d-b3b8-857472e26eba","eventType":"auth.rate_limit.exceeded","timestamp":"2025-12-02T17:11:24.707Z","outcome":"failure","metadata":{"key":"signin:ip:199.165.241.189","limit":10,"windowMs":60000,"count":10,"resetAt":"2025-12-02T17:12:24.707Z"}}
{"eventId":"bee19b38-dd63-499b-9f5c-07fce7df7f8d","eventType":"auth.rate_limit.exceeded","timestamp":"2025-12-02T17:11:24.707Z","outcome":"failure","metadata":{"key":"signin:email:d$a|znj#px.`hh%||9zwd.ek7d61.em./jcdb*uy/%&.ll{6@2pl7iy7.gyq2b8gvr.mnf","limit":10,"windowMs":900000,"count":10,"resetAt":"2025-12-02T17:26:24.707Z"}}
{"eventId":"1cd5f82e-d019-47a0-ba62-7ef601cbc457","eventType":"auth.rate_limit.exceeded","timestamp":"2025-12-02T17:11:24.707Z","outcome":"failure","metadata":{"key":"signin:email:d$a|znj#px.`hh%||9zwd.ek7d61.em./jcdb*uy/%&.ll{6@2pl7iy7.gyq2b8gvr.mnf","limit":10,"windowMs":900000,"count":10,"resetAt":"2025-12-02T17:26:24.707Z"}}
{"eventId":"359fe338-fbe5-4e73-af4d-3d134b461c91","eventType":"auth.rate_limit.exceeded","timestamp":"2025-12-02T17:11:24.707Z","outcome":"failure","metadata":{"key":"signin:ip:51.251.18.5","limit":10,"windowMs":60000,"count":10,"resetAt":"2025-12-02T17:12:24.707Z"}}
{"eventId":"3de8903d-d988-41f6-949c-c46295dd0f7e","eventType":"auth.rate_limit.exceeded","timestamp":"2025-12-02T17:11:24.707Z","outcome":"failure","metadata":{"key":"signin:email:yi^zr$9$vg.n!.a*+za?a$*}dn./%qf$!em0#.hv.2r7?gp.}.he7.d!t4&d@up3-16.kq","limit":10,"windowMs":900000,"count":10,"resetAt":"2025-12-02T17:26:24.707Z"}}
{"eventId":"c12b0324-697b-44f0-9dc7-6471e01e79fa","eventType":"auth.rate_limit.exceeded","timestamp":"2025-12-02T17:11:24.707Z","outcome":"failure","metadata":{"key":"signin:email:yi^zr$9$vg.n!.a*+za?a$*}dn./%qf$!em0#.hv.2r7?gp.}.he7.d!t4&d@up3-16.kq","limit":10,"windowMs":900000,"count":10,"resetAt":"2025-12-02T17:26:24.707Z"}}
{"eventId":"4e11aee1-c052-4601-bfbc-4c58d3bece60","eventType":"auth.rate_limit.exceeded","timestamp":"2025-12-02T17:11:24.707Z","outcome":"failure","metadata":{"key":"signin:ip:157.139.2.212","limit":10,"windowMs":60000,"count":10,"resetAt":"2025-12-02T17:12:24.707Z"}}
{"eventId":"eca16ec3-69ac-4acb-a83e-2c9edc8de245","eventType":"auth.rate_limit.exceeded","timestamp":"2025-12-02T17:11:24.707Z","outcome":"failure","metadata":{"key":"signin:email:h*jb6.7o*!.z}s=#eb.1y6qfev8t!+.cmp}@n44v.5-tq56.ref","limit":10,"windowMs":900000,"count":10,"resetAt":"2025-12-02T17:26:24.707Z"}}
{"eventId":"c2e1c6aa-f84f-4cad-8ccd-44163f9c8925","eventType":"auth.rate_limit.exceeded","timestamp":"2025-12-02T17:11:24.707Z","outcome":"failure","metadata":{"key":"signin:email:h*jb6.7o*!.z}s=#eb.1y6qfev8t!+.cmp}@n44v.5-tq56.ref","limit":10,"windowMs":900000,"count":10,"resetAt":"2025-12-02T17:26:24.707Z"}}
{"eventId":"a07c5176-e8e9-4ea0-8cb2-a4c3e8509a05","eventType":"auth.rate_limit.exceeded","timestamp":"2025-12-02T17:11:24.708Z","outcome":"failure","metadata":{"key":"signin:ip:255.1.30.77","limit":10,"windowMs":60000,"count":10,"resetAt":"2025-12-02T17:12:24.708Z"}}
{"eventId":"6ca477b4-31e6-41c5-9825-b9129770d2af","eventType":"auth.rate_limit.exceeded","timestamp":"2025-12-02T17:11:24.708Z","outcome":"failure","metadata":{"key":"signin:email:6}f.5lq^kc#xl.!f5-=+fw2+3.9yp6$+-#|?}.r037`za^9^.6+_t%&'@rddt.qa","limit":10,"windowMs":900000,"count":10,"resetAt":"2025-12-02T17:26:24.708Z"}}
{"eventId":"db6874fb-dc46-42c7-84a9-dcb8db6e38c4","eventType":"auth.rate_limit.exceeded","timestamp":"2025-12-02T17:11:24.708Z","outcome":"failure","metadata":{"key":"signin:email:6}f.5lq^kc#xl.!f5-=+fw2+3.9yp6$+-#|?}.r037`za^9^.6+_t%&'@rddt.qa","limit":10,"windowMs":900000,"count":10,"resetAt":"2025-12-02T17:26:24.708Z"}}
{"eventId":"18ff33b4-4a74-45b7-bc1c-19c008d40374","eventType":"auth.rate_limit.exceeded","timestamp":"2025-12-02T17:11:24.708Z","outcome":"failure","metadata":{"key":"signin:ip:254.5.249.6","limit":10,"windowMs":60000,"count":10,"resetAt":"2025-12-02T17:12:24.708Z"}}
{"eventId":"3b30a722-4227-4a0b-b5cd-f4820468cba6","eventType":"auth.rate_limit.exceeded","timestamp":"2025-12-02T17:11:24.708Z","outcome":"failure","metadata":{"key":"signin:email:k`v2acbm6tb@z3e-1.o7rw6z6.jjp","limit":10,"windowMs":900000,"count":10,"resetAt":"2025-12-02T17:26:24.708Z"}}
{"eventId":"3abc308f-e18e-455a-8177-30aa46c72766","eventType":"auth.rate_limit.exceeded","timestamp":"2025-12-02T17:11:24.708Z","outcome":"failure","metadata":{"key":"signin:email:k`v2acbm6tb@z3e-1.o7rw6z6.jjp","limit":10,"windowMs":900000,"count":10,"resetAt":"2025-12-02T17:26:24.708Z"}}
{"eventId":"3f01bc78-f129-427b-9888-193fc37a983f","eventType":"auth.rate_limit.exceeded","timestamp":"2025-12-02T17:11:24.708Z","outcome":"failure","metadata":{"key":"signin:ip:1.122.6.5","limit":10,"windowMs":60000,"count":10,"resetAt":"2025-12-02T17:12:24.708Z"}}
{"eventId":"d8635047-cedc-4175-859a-c96046d59d69","eventType":"auth.rate_limit.exceeded","timestamp":"2025-12-02T17:11:24.708Z","outcome":"failure","metadata":{"key":"signin:email:i4^o}1{es.rk.0w&&l#ot'70.nzkp.p09#!.k&l.32kp?h.cdh^c.#pvqs71eeio@9166xbbtr1.7.dp","limit":10,"windowMs":900000,"count":10,"resetAt":"2025-12-02T17:26:24.708Z"}}
{"eventId":"731f2ee1-084b-47ce-9679-2a2f4a4dce30","eventType":"auth.rate_limit.exceeded","timestamp":"2025-12-02T17:11:24.708Z","outcome":"failure","metadata":{"key":"signin:email:i4^o}1{es.rk.0w&&l#ot'70.nzkp.p09#!.k&l.32kp?h.cdh^c.#pvqs71eeio@9166xbbtr1.7.dp","limit":10,"windowMs":900000,"count":10,"resetAt":"2025-12-02T17:26:24.708Z"}}
{"eventId":"1e411cc4-9ced-4cc3-b0b6-529fcfd04895","eventType":"auth.rate_limit.exceeded","timestamp":"2025-12-02T17:11:24.708Z","outcome":"failure","metadata":{"key":"signin:ip:222.0.115.3","limit":10,"windowMs":60000,"count":10,"resetAt":"2025-12-02T17:12:24.708Z"}}
{"eventId":"e212898a-6d75-482b-adef-1264cdce332e","eventType":"auth.rate_limit.exceeded","timestamp":"2025-12-02T17:11:24.708Z","outcome":"failure","metadata":{"key":"signin:email:4r._sxjn7.j.sou$wfx~.5=lo/.tid.i?$'@jof89kea.lhqlozdp.esl","limit":10,"windowMs":900000,"count":10,"resetAt":"2025-12-02T17:26:24.708Z"}}
{"eventId":"3261c7ec-1bbc-423a-b17d-a3744f62c029","eventType":"auth.rate_limit.exceeded","timestamp":"2025-12-02T17:11:24.708Z","outcome":"failure","metadata":{"key":"signin:email:4r._sxjn7.j.sou$wfx~.5=lo/.tid.i?$'@jof89kea.lhqlozdp.esl","limit":10,"windowMs":900000,"count":10,"resetAt":"2025-12-02T17:26:24.708Z"}}
{"eventId":"bbd34f54-bc49-48d4-a160-7951d9267565","eventType":"auth.rate_limit.exceeded","timestamp":"2025-12-02T17:11:24.708Z","outcome":"failure","metadata":{"key":"signin:ip:231.5.249.248","limit":10,"windowMs":60000,"count":10,"resetAt":"2025-12-02T17:12:24.708Z"}}
{"eventId":"e9a3a6ca-e52c-4f27-b34c-5a47123af1ae","eventType":"auth.rate_limit.exceeded","timestamp":"2025-12-02T17:11:24.708Z","outcome":"failure","metadata":{"key":"signin:email:8?1+p7.|}e%p&0^uw.o#bj!`b|y.900ch~/z#?s|.xpk/x!y&j1*.agx^-vp/@9x.cy","limit":10,"windowMs":900000,"count":10,"resetAt":"2025-12-02T17:26:24.708Z"}}
{"eventId":"0b8e8221-295a-4566-a2e6-b60323be0310","eventType":"auth.rate_limit.exceeded","timestamp":"2025-12-02T17:11:24.708Z","outcome":"failure","metadata":{"key":"signin:email:8?1+p7.|}e%p&0^uw.o#bj!`b|y.900ch~/z#?s|.xpk/x!y&j1*.agx^-vp/@9x.cy","limit":10,"windowMs":900000,"count":10,"resetAt":"2025-12-02T17:26:24.708Z"}}
{"eventId":"eafedcd5-0bb3-4b95-babd-3516c0da5a88","eventType":"auth.rate_limit.exceeded","timestamp":"2025-12-02T17:11:24.708Z","outcome":"failure","metadata":{"key":"signin:ip:4.250.181.163","limit":10,"windowMs":60000,"count":10,"resetAt":"2025-12-02T17:12:24.708Z"}}
{"eventId":"4e7fe62a-c490-4c65-aad3-e68794911509","eventType":"auth.rate_limit.exceeded","timestamp":"2025-12-02T17:11:24.708Z","outcome":"failure","metadata":{"key":"signin:email:8&w8s~.-v?v1'y+r6sh.u7x!/803?.4.!.#2.s%c1m?ur.}+zv*8.ep`r@cvfqu1a.out","limit":10,"windowMs":900000,"count":10,"resetAt":"2025-12-02T17:26:24.708Z"}}
{"eventId":"41a43605-bc19-4fb3-a77f-759373e695f6","eventType":"auth.rate_limit.exceeded","timestamp":"2025-12-02T17:11:24.708Z","outcome":"failure","metadata":{"key":"signin:email:8&w8s~.-v?v1'y+r6sh.u7x!/803?.4.!.#2.s%c1m?ur.}+zv*8.ep`r@cvfqu1a.out","limit":10,"windowMs":900000,"count":10,"resetAt":"2025-12-02T17:26:24.708Z"}}
{"eventId":"89e3de27-a438-45e0-b130-7094a378060e","eventType":"auth.rate_limit.exceeded","timestamp":"2025-12-02T17:11:24.708Z","outcome":"failure","metadata":{"key":"signin:ip:50.183.238.4","limit":10,"windowMs":60000,"count":10,"resetAt":"2025-12-02T17:12:24.708Z"}}
{"eventId":"fa37b6c0-0074-46c0-a89c-02bbda4a16be","eventType":"auth.rate_limit.exceeded","timestamp":"2025-12-02T17:11:24.708Z","outcome":"failure","metadata":{"key":"signin:email:x6sz/=qg28~}.0qox!ak_|.z=_d_b|.||b{_nzad'.en.n.4%bj5.pj0bfwb{@nsqkgu.myt","limit":10,"windowMs":900000,"count":10,"resetAt":"2025-12-02T17:26:24.708Z"}}
{"eventId":"8e6fec21-17d7-4a64-b90a-de23f188d339","eventType":"auth.rate_limit.exceeded","timestamp":"2025-12-02T17:11:24.708Z","outcome":"failure","metadata":{"key":"signin:email:x6sz/=qg28~}.0qox!ak_|.z=_d_b|.||b{_nzad'.en.n.4%bj5.pj0bfwb{@nsqkgu.myt","limit":10,"windowMs":900000,"count":10,"resetAt":"2025-12-02T17:26:24.708Z"}}
{"eventId":"32913a2c-19de-4b57-82a9-275832fc5ca6","eventType":"auth.rate_limit.exceeded","timestamp":"2025-12-02T17:11:24.708Z","outcome":"failure","metadata":{"key":"signin:ip:254.255.232.1","limit":10,"windowMs":60000,"count":10,"resetAt":"2025-12-02T17:12:24.708Z"}}
{"eventId":"40735843-0f77-4a66-bc44-079dd7ec9875","eventType":"auth.rate_limit.exceeded","timestamp":"2025-12-02T17:11:24.708Z","outcome":"failure","metadata":{"key":"signin:email:_*&w89'.t!e$#eqk85t.#q%^^.1}zy'.bdx_fih`#^e.call@b.e9s67b.aw","limit":10,"windowMs":900000,"count":10,"resetAt":"2025-12-02T17:26:24.708Z"}}
{"eventId":"6e586e43-4b2b-46ca-b047-57fcb9c7a77f","eventType":"auth.rate_limit.exceeded","timestamp":"2025-12-02T17:11:24.708Z","outcome":"failure","metadata":{"key":"signin:email:_*&w89'.t!e$#eqk85t.#q%^^.1}zy'.bdx_fih`#^e.call@b.e9s67b.aw","limit":10,"windowMs":900000,"count":10,"resetAt":"2025-12-02T17:26:24.708Z"}}
{"eventId":"9fb06d5c-d8b3-460b-96ed-b2c5a32b7c09","eventType":"auth.rate_limit.exceeded","timestamp":"2025-12-02T17:11:24.708Z","outcome":"failure","metadata":{"key":"signin:ip:152.67.126.206","limit":10,"windowMs":60000,"count":10,"resetAt":"2025-12-02T17:12:24.708Z"}}
{"eventId":"770d350e-f21b-42ff-abdf-30100995a44f","eventType":"auth.rate_limit.exceeded","timestamp":"2025-12-02T17:11:24.708Z","outcome":"failure","metadata":{"key":"signin:email:+.gxp*r%m./$y`d.$g8a58j}fh.976tg9ywos6.1d9fyngo+-z.w}5wp+z@vohm0x838.spz","limit":10,"windowMs":900000,"count":10,"resetAt":"2025-12-02T17:26:24.708Z"}}
{"eventId":"9dbce0dc-b84e-4006-9107-cbe05f858f50","eventType":"auth.rate_limit.exceeded","timestamp":"2025-12-02T17:11:24.708Z","outcome":"failure","metadata":{"key":"signin:email:+.gxp*r%m./$y`d.$g8a58j}fh.976tg9ywos6.1d9fyngo+-z.w}5wp+z@vohm0x838.spz","limit":10,"windowMs":900000,"count":10,"resetAt":"2025-12-02T17:26:24.708Z"}}
{"eventId":"93ca7e1e-e5b5-495b-aad8-e9b539941337","eventType":"auth.rate_limit.exceeded","timestamp":"2025-12-02T17:11:24.708Z","outcome":"failure","metadata":{"key":"signin:ip:225.97.9.2","limit":10,"windowMs":60000,"count":10,"resetAt":"2025-12-02T17:12:24.708Z"}}
{"eventId":"750091ad-0270-4078-902d-3b9bd0189be3","eventType":"auth.rate_limit.exceeded","timestamp":"2025-12-02T17:11:24.708Z","outcome":"failure","metadata":{"key":"signin:email:8wkbkk@wb57.brs","limit":10,"windowMs":900000,"count":10,"resetAt":"2025-12-02T17:26:24.708Z"}}
{"eventId":"d5e5b213-1ad4-428a-abe0-dd9cea85a56f","eventType":"auth.rate_limit.exceeded","timestamp":"2025-12-02T17:11:24.708Z","outcome":"failure","metadata":{"key":"signin:email:8wkbkk@wb57.brs","limit":10,"windowMs":900000,"count":10,"resetAt":"2025-12-02T17:26:24.708Z"}}
{"eventId":"252c58aa-a1e1-4bc8-bdca-75a8bf529418","eventType":"auth.rate_limit.exceeded","timestamp":"2025-12-02T17:11:24.708Z","outcome":"failure","metadata":{"key":"signin:ip:186.223.255.142","limit":10,"windowMs":60000,"count":10,"resetAt":"2025-12-02T17:12:24.708Z"}}
{"eventId":"7c3f36d7-2606-4b0b-bc3d-d965154e8725","eventType":"auth.rate_limit.exceeded","timestamp":"2025-12-02T17:11:24.708Z","outcome":"failure","metadata":{"key":"signin:email:t9olu*k^_mm/.su_#x6n6$r_.tb_u'&q-=^7?.^h%d_8#r6p_.9d@q8bd4e.uzk","limit":10,"windowMs":900000,"count":10,"resetAt":"2025-12-02T17:26:24.708Z"}}
{"eventId":"54cd7615-25af-4097-a7f3-ef4090d39977","eventType":"auth.rate_limit.exceeded","timestamp":"2025-12-02T17:11:24.708Z","outcome":"failure","metadata":{"key":"signin:email:t9olu*k^_mm/.su_#x6n6$r_.tb_u'&q-=^7?.^h%d_8#r6p_.9d@q8bd4e.uzk","limit":10,"windowMs":900000,"count":10,"resetAt":"2025-12-02T17:26:24.708Z"}}
{"eventId":"8b3699d3-3c17-4ad3-8ebd-62cb93f04707","eventType":"auth.rate_limit.exceeded","timestamp":"2025-12-02T17:11:24.708Z","outcome":"failure","metadata":{"key":"signin:ip:151.111.254.4","limit":10,"windowMs":60000,"count":10,"resetAt":"2025-12-02T17:12:24.708Z"}}
{"eventId":"4f1dcd45-0b49-40b7-a85f-cf8d20bae120","eventType":"auth.rate_limit.exceeded","timestamp":"2025-12-02T17:11:24.708Z","outcome":"failure","metadata":{"key":"signin:email:/#&f-p1j=&&h.2v+?e7@virep5n35m.kmd","limit":10,"windowMs":900000,"count":10,"resetAt":"2025-12-02T17:26:24.708Z"}}
{"eventId":"8a7b4b37-55d2-4e97-b394-18d4c16e38d4","eventType":"auth.rate_limit.exceeded","timestamp":"2025-12-02T17:11:24.708Z","outcome":"failure","metadata":{"key":"signin:email:/#&f-p1j=&&h.2v+?e7@virep5n35m.kmd","limit":10,"windowMs":900000,"count":10,"resetAt":"2025-12-02T17:26:24.708Z"}}
{"eventId":"b87b1744-7a13-4b41-b25f-a81a6051768c","eventType":"auth.rate_limit.exceeded","timestamp":"2025-12-02T17:11:24.708Z","outcome":"failure","metadata":{"key":"signin:ip:239.120.120.7","limit":10,"windowMs":60000,"count":10,"resetAt":"2025-12-02T17:12:24.708Z"}}
{"eventId":"32f3b980-c4eb-4b60-a9b5-fca7e82c071d","eventType":"auth.rate_limit.exceeded","timestamp":"2025-12-02T17:11:24.708Z","outcome":"failure","metadata":{"key":"signin:email:w#c-z.~1$2wc+`%#r.af223z0&'.&^v5ct**x^e*.l17a9.g6!*byj%?!5!@zdqzy6seb9wn.oe","limit":10,"windowMs":900000,"count":10,"resetAt":"2025-12-02T17:26:24.708Z"}}
{"eventId":"8b413736-5bbe-4671-a93d-5d95489ce5dd","eventType":"auth.rate_limit.exceeded","timestamp":"2025-12-02T17:11:24.708Z","outcome":"failure","metadata":{"key":"signin:email:w#c-z.~1$2wc+`%#r.af223z0&'.&^v5ct**x^e*.l17a9.g6!*byj%?!5!@zdqzy6seb9wn.oe","limit":10,"windowMs":900000,"count":10,"resetAt":"2025-12-02T17:26:24.708Z"}}
{"eventId":"a9a3a926-d393-4441-9864-f53297c2da4c","eventType":"auth.rate_limit.exceeded","timestamp":"2025-12-02T17:11:24.708Z","outcome":"failure","metadata":{"key":"signin:ip:247.151.5.32","limit":10,"windowMs":60000,"count":10,"resetAt":"2025-12-02T17:12:24.708Z"}}
{"eventId":"931671f2-8205-45e9-9ee5-a09a5bb4170d","eventType":"auth.rate_limit.exceeded","timestamp":"2025-12-02T17:11:24.708Z","outcome":"failure","metadata":{"key":"signin:email:v587wj.*`tr&_.lak'6|+b@es681.czq","limit":10,"windowMs":900000,"count":10,"resetAt":"2025-12-02T17:26:24.708Z"}}
{"eventId":"6968e455-4995-4e47-a95b-a92b0e500a48","eventType":"auth.rate_limit.exceeded","timestamp":"2025-12-02T17:11:24.708Z","outcome":"failure","metadata":{"key":"signin:email:v587wj.*`tr&_.lak'6|+b@es681.czq","limit":10,"windowMs":900000,"count":10,"resetAt":"2025-12-02T17:26:24.708Z"}}
{"eventId":"0dd39658-0b9b-4591-bb77-3776f709160b","eventType":"auth.rate_limit.exceeded","timestamp":"2025-12-02T17:11:24.708Z","outcome":"failure","metadata":{"key":"signin:ip:4.120.123.250","limit":10,"windowMs":60000,"count":10,"resetAt":"2025-12-02T17:12:24.708Z"}}
{"eventId":"de194771-f1d7-4f06-9911-0ec648b27280","eventType":"auth.rate_limit.exceeded","timestamp":"2025-12-02T17:11:24.708Z","outcome":"failure","metadata":{"key":"signin:email:m~440j3@n.dy","limit":10,"windowMs":900000,"count":10,"resetAt":"2025-12-02T17:26:24.708Z"}}
{"eventId":"e12ba6ac-98ce-4264-801c-8e55c1f22c8f","eventType":"auth.rate_limit.exceeded","timestamp":"2025-12-02T17:11:24.708Z","outcome":"failure","metadata":{"key":"signin:email:m~440j3@n.dy","limit":10,"windowMs":900000,"count":10,"resetAt":"2025-12-02T17:26:24.708Z"}}
{"eventId":"c9667a26-1e12-4197-bb7d-dc681dd4b3a5","eventType":"auth.rate_limit.exceeded","timestamp":"2025-12-02T17:11:24.708Z","outcome":"failure","metadata":{"key":"signin:ip:252.225.251.251","limit":10,"windowMs":60000,"count":10,"resetAt":"2025-12-02T17:12:24.708Z"}}
{"eventId":"3851ecdf-f905-4045-a0b8-d7d3eadf4fa1","eventType":"auth.rate_limit.exceeded","timestamp":"2025-12-02T17:11:24.708Z","outcome":"failure","metadata":{"key":"signin:email:=~t-p.i`v+&r+.2r7{8oqb}9rf.f+7'y4!.vbjlf`3~.'xtw*swwni=l.3-3#=2@2bgs-e.yjd","limit":10,"windowMs":900000,"count":10,"resetAt":"2025-12-02T17:26:24.708Z"}}
{"eventId":"4762f8d6-061e-4e7d-819c-c57158fb4909","eventType":"auth.rate_limit.exceeded","timestamp":"2025-12-02T17:11:24.708Z","outcome":"failure","metadata":{"key":"signin:email:=~t-p.i`v+&r+.2r7{8oqb}9rf.f+7'y4!.vbjlf`3~.'xtw*swwni=l.3-3#=2@2bgs-e.yjd","limit":10,"windowMs":900000,"count":10,"resetAt":"2025-12-02T17:26:24.708Z"}}
{"eventId":"f142ef42-b324-4191-85a8-1541d0879cb5","eventType":"auth.rate_limit.exceeded","timestamp":"2025-12-02T17:11:24.708Z","outcome":"failure","metadata":{"key":"signin:ip:65.247.184.64","limit":10,"windowMs":60000,"count":10,"resetAt":"2025-12-02T17:12:24.708Z"}}
{"eventId":"d67c9ab7-116f-43d5-8122-d8babf80435f","eventType":"auth.rate_limit.exceeded","timestamp":"2025-12-02T17:11:24.708Z","outcome":"failure","metadata":{"key":"signin:email:|.y`d2m.}95.*{bi~r$%g.94wn=ss5b??.'pu*3.wu$rejax.{hl`w2yvx}.e-3~@2cv.zagxi8bbac.fuy","limit":10,"windowMs":900000,"count":10,"resetAt":"2025-12-02T17:26:24.708Z"}}
{"eventId":"7d407dbc-1575-4c4d-95ef-63d4f7e3280f","eventType":"auth.rate_limit.exceeded","timestamp":"2025-12-02T17:11:24.708Z","outcome":"failure","metadata":{"key":"signin:email:|.y`d2m.}95.*{bi~r$%g.94wn=ss5b??.'pu*3.wu$rejax.{hl`w2yvx}.e-3~@2cv.zagxi8bbac.fuy","limit":10,"windowMs":900000,"count":10,"resetAt":"2025-12-02T17:26:24.708Z"}}
{"eventId":"15e5463c-6942-44c6-889b-d3555515adab","eventType":"auth.rate_limit.exceeded","timestamp":"2025-12-02T17:11:24.708Z","outcome":"failure","metadata":{"key":"signin:ip:167.223.33.123","limit":10,"windowMs":60000,"count":10,"resetAt":"2025-12-02T17:12:24.708Z"}}
{"eventId":"244a0775-756f-4897-8408-ae737ec943a0","eventType":"auth.rate_limit.exceeded","timestamp":"2025-12-02T17:11:24.708Z","outcome":"failure","metadata":{"key":"signin:email:t9i=z`m1qx__.c?p_p+d2.o8.i6tu$.*v^+1trirj&5.7z-_0l9.nqhfb*}fn}wc@s37pdosq.jz","limit":10,"windowMs":900000,"count":10,"resetAt":"2025-12-02T17:26:24.708Z"}}
{"eventId":"603bb66e-5088-4f6f-a880-66328e2a4cc4","eventType":"auth.rate_limit.exceeded","timestamp":"2025-12-02T17:11:24.708Z","outcome":"failure","metadata":{"key":"signin:email:t9i=z`m1qx__.c?p_p+d2.o8.i6tu$.*v^+1trirj&5.7z-_0l9.nqhfb*}fn}wc@s37pdosq.jz","limit":10,"windowMs":900000,"count":10,"resetAt":"2025-12-02T17:26:24.708Z"}}
{"eventId":"bdb8e74a-5bc8-4af0-b29f-f24d0eba9f2e","eventType":"auth.rate_limit.exceeded","timestamp":"2025-12-02T17:11:24.709Z","outcome":"failure","metadata":{"key":"signin:ip:2.129.17.91","limit":10,"windowMs":60000,"count":10,"resetAt":"2025-12-02T17:12:24.708Z"}}
{"eventId":"aae58cb7-cbe7-4281-94bb-db445b7a0c7d","eventType":"auth.rate_limit.exceeded","timestamp":"2025-12-02T17:11:24.709Z","outcome":"failure","metadata":{"key":"signin:email:q_}p'.*.k*c-d^!je.ho|h!v~8yz3.9.ifqj$8}9^'5.hdn}g.g&sxi2_*@wjtnxn.pa","limit":10,"windowMs":900000,"count":10,"resetAt":"2025-12-02T17:26:24.709Z"}}
{"eventId":"43b6a6c5-a5d8-47e6-a5b6-0738fece133c","eventType":"auth.rate_limit.exceeded","timestamp":"2025-12-02T17:11:24.709Z","outcome":"failure","metadata":{"key":"signin:email:q_}p'.*.k*c-d^!je.ho|h!v~8yz3.9.ifqj$8}9^'5.hdn}g.g&sxi2_*@wjtnxn.pa","limit":10,"windowMs":900000,"count":10,"resetAt":"2025-12-02T17:26:24.709Z"}}
{"eventId":"202e0201-36a2-43aa-ba4c-a86978068921","eventType":"auth.rate_limit.exceeded","timestamp":"2025-12-02T17:11:24.709Z","outcome":"failure","metadata":{"key":"signin:ip:5.254.2.2","limit":10,"windowMs":60000,"count":10,"resetAt":"2025-12-02T17:12:24.709Z"}}
{"eventId":"4ec9d1ac-bbc8-46ae-bd3a-af8ef93721b0","eventType":"auth.rate_limit.exceeded","timestamp":"2025-12-02T17:11:24.709Z","outcome":"failure","metadata":{"key":"signin:email:6c`.=rctsyq0~.g{._jg_7xkl3e.3._*.9l.gnh5.4y0w1@i.rm","limit":10,"windowMs":900000,"count":10,"resetAt":"2025-12-02T17:26:24.709Z"}}
{"eventId":"1546f553-4181-4d39-8443-cbe63c8f962b","eventType":"auth.rate_limit.exceeded","timestamp":"2025-12-02T17:11:24.709Z","outcome":"failure","metadata":{"key":"signin:email:6c`.=rctsyq0~.g{._jg_7xkl3e.3._*.9l.gnh5.4y0w1@i.rm","limit":10,"windowMs":900000,"count":10,"resetAt":"2025-12-02T17:26:24.709Z"}}
{"eventId":"05241a0d-c69a-43d0-957e-2131b23e4d75","eventType":"auth.rate_limit.exceeded","timestamp":"2025-12-02T17:11:24.709Z","outcome":"failure","metadata":{"key":"signin:ip:3.160.146.167","limit":10,"windowMs":60000,"count":10,"resetAt":"2025-12-02T17:12:24.709Z"}}
{"eventId":"2d625495-8f91-46a2-8c76-4937975570bc","eventType":"auth.rate_limit.exceeded","timestamp":"2025-12-02T17:11:24.709Z","outcome":"failure","metadata":{"key":"signin:email:b/%do.62}.by8mrqm=.4re4m.w'!jul^.2kdj{@b3446c.re","limit":10,"windowMs":900000,"count":10,"resetAt":"2025-12-02T17:26:24.709Z"}}
{"eventId":"143090ab-3869-4882-aa11-d53afee5450a","eventType":"auth.rate_limit.exceeded","timestamp":"2025-12-02T17:11:24.709Z","outcome":"failure","metadata":{"key":"signin:email:b/%do.62}.by8mrqm=.4re4m.w'!jul^.2kdj{@b3446c.re","limit":10,"windowMs":900000,"count":10,"resetAt":"2025-12-02T17:26:24.709Z"}}
{"eventId":"bfe10e05-881e-465e-b261-174f9db80b47","eventType":"auth.rate_limit.exceeded","timestamp":"2025-12-02T17:11:24.709Z","outcome":"failure","metadata":{"key":"signin:ip:22.6.42.68","limit":10,"windowMs":60000,"count":10,"resetAt":"2025-12-02T17:12:24.709Z"}}
{"eventId":"4384ae93-3585-4fdd-bdd0-af218b0f7454","eventType":"auth.rate_limit.exceeded","timestamp":"2025-12-02T17:11:24.709Z","outcome":"failure","metadata":{"key":"signin:email:wno2po-r.}v.m8.?y|.dz.43x'#dg~nolv.#syti%2vyy^.hk|x@k.mof","limit":10,"windowMs":900000,"count":10,"resetAt":"2025-12-02T17:26:24.709Z"}}
{"eventId":"e9db9eb3-0d77-4d98-9e10-6bf986400381","eventType":"auth.rate_limit.exceeded","timestamp":"2025-12-02T17:11:24.709Z","outcome":"failure","metadata":{"key":"signin:email:wno2po-r.}v.m8.?y|.dz.43x'#dg~nolv.#syti%2vyy^.hk|x@k.mof","limit":10,"windowMs":900000,"count":10,"resetAt":"2025-12-02T17:26:24.709Z"}}
{"eventId":"de677d6e-908e-4883-b2dd-faed6b156199","eventType":"auth.rate_limit.exceeded","timestamp":"2025-12-02T17:11:24.709Z","outcome":"failure","metadata":{"key":"signin:ip:193.179.243.69","limit":10,"windowMs":60000,"count":10,"resetAt":"2025-12-02T17:12:24.709Z"}}
{"eventId":"154cc83c-d894-416f-8942-4ecfb52527ea","eventType":"auth.rate_limit.exceeded","timestamp":"2025-12-02T17:11:24.709Z","outcome":"failure","metadata":{"key":"signin:email:svg/3}d.{'.#|j7k*!81!.%?.cz5o?*4e4.|t+51*/s0ca.&@lgovv.reh","limit":10,"windowMs":900000,"count":10,"resetAt":"2025-12-02T17:26:24.709Z"}}
{"eventId":"4a9e22e3-e0e7-4775-9859-21f8cb71b112","eventType":"auth.rate_limit.exceeded","timestamp":"2025-12-02T17:11:24.709Z","outcome":"failure","metadata":{"key":"signin:email:svg/3}d.{'.#|j7k*!81!.%?.cz5o?*4e4.|t+51*/s0ca.&@lgovv.reh","limit":10,"windowMs":900000,"count":10,"resetAt":"2025-12-02T17:26:24.709Z"}}
{"eventId":"a23224a6-8f8d-46f3-b4e0-ab98044fcfda","eventType":"auth.rate_limit.exceeded","timestamp":"2025-12-02T17:11:24.709Z","outcome":"failure","metadata":{"key":"signin:ip:254.171.5.76","limit":10,"windowMs":60000,"count":10,"resetAt":"2025-12-02T17:12:24.709Z"}}
{"eventId":"bbff5512-e184-400f-a508-47a2883725e1","eventType":"auth.rate_limit.exceeded","timestamp":"2025-12-02T17:11:24.709Z","outcome":"failure","metadata":{"key":"signin:email:n}aa4rc$!^{.7'm|y%g8c55w.n65@l9z044hk9.tq8izh9c0e.cav","limit":10,"windowMs":900000,"count":10,"resetAt":"2025-12-02T17:26:24.709Z"}}
{"eventId":"c2544d7c-338b-442a-b978-87a57101f288","eventType":"auth.rate_limit.exceeded","timestamp":"2025-12-02T17:11:24.709Z","outcome":"failure","metadata":{"key":"signin:email:n}aa4rc$!^{.7'm|y%g8c55w.n65@l9z044hk9.tq8izh9c0e.cav","limit":10,"windowMs":900000,"count":10,"resetAt":"2025-12-02T17:26:24.709Z"}}
{"eventId":"c3322811-bde1-4a8b-8423-aebc9b308b43","eventType":"auth.rate_limit.exceeded","timestamp":"2025-12-02T17:11:24.709Z","outcome":"failure","metadata":{"key":"signin:ip:113.54.189.5","limit":10,"windowMs":60000,"count":10,"resetAt":"2025-12-02T17:12:24.709Z"}}
{"eventId":"51d799f7-5b67-46f1-bf7c-bff66ec83d45","eventType":"auth.rate_limit.exceeded","timestamp":"2025-12-02T17:11:24.709Z","outcome":"failure","metadata":{"key":"signin:email:d_$0$bz32y=7.oh5.u&-b_4'g7#@s-4kaploob5.dl","limit":10,"windowMs":900000,"count":10,"resetAt":"2025-12-02T17:26:24.709Z"}}
{"eventId":"032e11a4-5335-4784-8a79-181bf5a7cf1c","eventType":"auth.rate_limit.exceeded","timestamp":"2025-12-02T17:11:24.709Z","outcome":"failure","metadata":{"key":"signin:email:d_$0$bz32y=7.oh5.u&-b_4'g7#@s-4kaploob5.dl","limit":10,"windowMs":900000,"count":10,"resetAt":"2025-12-02T17:26:24.709Z"}}
{"eventId":"d27a80d0-5d95-449b-895f-9a7879cce301","eventType":"auth.rate_limit.exceeded","timestamp":"2025-12-02T17:11:24.709Z","outcome":"failure","metadata":{"key":"signin:ip:250.252.237.2","limit":10,"windowMs":60000,"count":10,"resetAt":"2025-12-02T17:12:24.709Z"}}
{"eventId":"0ce8f9cb-876a-4044-b5b2-f03af4817f0c","eventType":"auth.rate_limit.exceeded","timestamp":"2025-12-02T17:11:24.709Z","outcome":"failure","metadata":{"key":"signin:email:+{{r$x?4.6t/qlqvkd@oanwu.sr","limit":10,"windowMs":900000,"count":10,"resetAt":"2025-12-02T17:26:24.709Z"}}
{"eventId":"64f6f24c-153b-4462-acfc-e03e8882ebca","eventType":"auth.rate_limit.exceeded","timestamp":"2025-12-02T17:11:24.709Z","outcome":"failure","metadata":{"key":"signin:email:+{{r$x?4.6t/qlqvkd@oanwu.sr","limit":10,"windowMs":900000,"count":10,"resetAt":"2025-12-02T17:26:24.709Z"}}
{"eventId":"b8d16e7c-3378-4c5a-80c5-ded57a3d877c","eventType":"auth.rate_limit.exceeded","timestamp":"2025-12-02T17:11:24.709Z","outcome":"failure","metadata":{"key":"signin:ip:133.13.254.254","limit":10,"windowMs":60000,"count":10,"resetAt":"2025-12-02T17:12:24.709Z"}}
{"eventId":"58a6ab8f-8e4b-475a-ae31-27adb4da6fa4","eventType":"auth.rate_limit.exceeded","timestamp":"2025-12-02T17:11:24.709Z","outcome":"failure","metadata":{"key":"signin:email:?peld@6-u7w-pv.m.kef","limit":10,"windowMs":900000,"count":10,"resetAt":"2025-12-02T17:26:24.709Z"}}
{"eventId":"df1d1319-94ec-437a-93ae-3f615eb349e0","eventType":"auth.rate_limit.exceeded","timestamp":"2025-12-02T17:11:24.709Z","outcome":"failure","metadata":{"key":"signin:email:?peld@6-u7w-pv.m.kef","limit":10,"windowMs":900000,"count":10,"resetAt":"2025-12-02T17:26:24.709Z"}}
{"eventId":"6624a3f5-9090-48d2-93c3-1f55b4dd316e","eventType":"auth.rate_limit.exceeded","timestamp":"2025-12-02T17:11:24.709Z","outcome":"failure","metadata":{"key":"signin:ip:69.4.98.253","limit":10,"windowMs":60000,"count":10,"resetAt":"2025-12-02T17:12:24.709Z"}}
{"eventId":"8e93819a-49a0-486f-aa3e-44e38d308d4c","eventType":"auth.rate_limit.exceeded","timestamp":"2025-12-02T17:11:24.709Z","outcome":"failure","metadata":{"key":"signin:email:qw.p?&@7ciux.fel","limit":10,"windowMs":900000,"count":10,"resetAt":"2025-12-02T17:26:24.709Z"}}
{"eventId":"fe55a959-adf8-4b9d-a4dc-77d8e54be31f","eventType":"auth.rate_limit.exceeded","timestamp":"2025-12-02T17:11:24.709Z","outcome":"failure","metadata":{"key":"signin:email:qw.p?&@7ciux.fel","limit":10,"windowMs":900000,"count":10,"resetAt":"2025-12-02T17:26:24.709Z"}}
{"eventId":"6ba33763-6a2c-430d-83bb-630e5ca9c3f7","eventType":"auth.rate_limit.exceeded","timestamp":"2025-12-02T17:11:24.709Z","outcome":"failure","metadata":{"key":"signin:ip:158.76.248.204","limit":10,"windowMs":60000,"count":10,"resetAt":"2025-12-02T17:12:24.709Z"}}
{"eventId":"44d186e3-4450-4174-942f-817183ddb0e9","eventType":"auth.rate_limit.exceeded","timestamp":"2025-12-02T17:11:24.709Z","outcome":"failure","metadata":{"key":"signin:email:m-iz/$k41=4.{{`c2c8.8$r.ye882q&.!wdc2i2^5_.wr.--hsn.?k!2*i_f1-0@8-5.8izoypu.qlr","limit":10,"windowMs":900000,"count":10,"resetAt":"2025-12-02T17:26:24.709Z"}}
{"eventId":"6195aa4c-3fb4-4c4c-808d-c4f5aface2fd","eventType":"auth.rate_limit.exceeded","timestamp":"2025-12-02T17:11:24.709Z","outcome":"failure","metadata":{"key":"signin:email:m-iz/$k41=4.{{`c2c8.8$r.ye882q&.!wdc2i2^5_.wr.--hsn.?k!2*i_f1-0@8-5.8izoypu.qlr","limit":10,"windowMs":900000,"count":10,"resetAt":"2025-12-02T17:26:24.709Z"}}
{"eventId":"96635e79-798d-49c8-8b66-d05f099da12f","eventType":"auth.rate_limit.exceeded","timestamp":"2025-12-02T17:11:24.709Z","outcome":"failure","metadata":{"key":"signin:ip:215.220.117.230","limit":10,"windowMs":60000,"count":10,"resetAt":"2025-12-02T17:12:24.709Z"}}
{"eventId":"3dd56742-e949-43ce-ae21-90220750113b","eventType":"auth.rate_limit.exceeded","timestamp":"2025-12-02T17:11:24.709Z","outcome":"failure","metadata":{"key":"signin:email:y50&ym-97~u.j3xy_y=enm.u_q^_yo+pw?y.!z&~r+sx}?cs.ur`&7ns66hm-@sh73s9.sxb3-2zux.gcu","limit":10,"windowMs":900000,"count":10,"resetAt":"2025-12-02T17:26:24.709Z"}}
{"eventId":"54adbcd2-7829-4631-b3ed-efd7eeea9313","eventType":"auth.rate_limit.exceeded","timestamp":"2025-12-02T17:11:24.709Z","outcome":"failure","metadata":{"key":"signin:email:y50&ym-97~u.j3xy_y=enm.u_q^_yo+pw?y.!z&~r+sx}?cs.ur`&7ns66hm-@sh73s9.sxb3-2zux.gcu","limit":10,"windowMs":900000,"count":10,"resetAt":"2025-12-02T17:26:24.709Z"}}
{"eventId":"c1438334-f96e-4386-b420-629de586fc48","eventType":"auth.rate_limit.exceeded","timestamp":"2025-12-02T17:11:24.709Z","outcome":"failure","metadata":{"key":"signin:ip:238.81.249.3","limit":10,"windowMs":60000,"count":10,"resetAt":"2025-12-02T17:12:24.709Z"}}
{"eventId":"508c1c4d-252f-4f76-8220-f12bcc2a75e8","eventType":"auth.rate_limit.exceeded","timestamp":"2025-12-02T17:11:24.709Z","outcome":"failure","metadata":{"key":"signin:email:}}0.il04a|.|}rn@ann27z3v-ih.vs","limit":10,"windowMs":900000,"count":10,"resetAt":"2025-12-02T17:26:24.709Z"}}
{"eventId":"adb1660c-23fe-4a30-9e6e-6aae3401fead","eventType":"auth.rate_limit.exceeded","timestamp":"2025-12-02T17:11:24.709Z","outcome":"failure","metadata":{"key":"signin:email:}}0.il04a|.|}rn@ann27z3v-ih.vs","limit":10,"windowMs":900000,"count":10,"resetAt":"2025-12-02T17:26:24.709Z"}}
{"eventId":"291dd1ca-a72c-42f9-886a-3915fba42f51","eventType":"auth.rate_limit.exceeded","timestamp":"2025-12-02T17:11:24.709Z","outcome":"failure","metadata":{"key":"signin:ip:116.116.122.86","limit":10,"windowMs":60000,"count":10,"resetAt":"2025-12-02T17:12:24.709Z"}}
{"eventId":"6a8c35c1-50af-4685-b155-a2a7ddef08c7","eventType":"auth.rate_limit.exceeded","timestamp":"2025-12-02T17:11:24.709Z","outcome":"failure","metadata":{"key":"signin:email:b.eod?d&+.{y.rkm.jc+0wl.+bk/d2k/o.'n|v91.#l5o7r?r.n|/y7*@f.ef","limit":10,"windowMs":900000,"count":10,"resetAt":"2025-12-02T17:26:24.709Z"}}
{"eventId":"03b06bf5-22cc-4949-b005-1fa7f96c23dd","eventType":"auth.rate_limit.exceeded","timestamp":"2025-12-02T17:11:24.709Z","outcome":"failure","metadata":{"key":"signin:email:b.eod?d&+.{y.rkm.jc+0wl.+bk/d2k/o.'n|v91.#l5o7r?r.n|/y7*@f.ef","limit":10,"windowMs":900000,"count":10,"resetAt":"2025-12-02T17:26:24.709Z"}}

stderr | src/server/auth/__tests__/login.property.test.ts > Property 8: Rate limiting blocks excessive sign-in attempts > Rate limit resets after window expires
{"eventId":"005a4f89-e5cb-4418-a8fc-dc2006494b05","eventType":"auth.rate_limit.exceeded","timestamp":"2025-12-02T17:11:24.906Z","outcome":"failure","metadata":{"key":"signin:ip:192.168.1.100","limit":3,"windowMs":100,"count":3,"resetAt":"2025-12-02T17:11:25.006Z"}}

stdout | src/app/api/auth/reset-password/__tests__/reset-password.property.test.ts > POST /api/auth/reset-password - Property-Based Tests > Property 17: Password reset invalidates all sessions
{"eventId":"7d07378a-0d7a-459f-8255-9cf72804c143","eventType":"auth.reset_password.success","timestamp":"2025-12-02T17:11:25.031Z","outcome":"success","userId":"bfe9bbd0-5e99-441c-ba8a-00c8f8b1b240","email":"ef8f27429376ad0a","ipAddress":"127.0.0.1","userAgent":"unknown","requestId":"54ab1323-7ac0-40de-bb05-c3e9b6ce50ea","metadata":{"tokenId":"4b96a3a2-e5e1-46b2-8172-62ab178bf062","sessionsInvalidated":true}}

stdout | src/server/auth/__tests__/rbac.test.ts > RBAC - Property-Based Tests > Property 18: Verified users receive default roles
[2025-12-02T17:11:25.082Z] [App] [INFO] rbac.assign_role.success {
  userId: '6ae83f6c-fabe-42dd-9561-eb20313267a0',
  role: 'TEAM_MEMBER',
  resourceType: 'team',
  resourceId: 'c8f7713c-9e90-4121-a76a-35687e352aee',
  roleId: '7b9db2e3-aeb1-4a26-904f-4598d9553f7d'
}

stdout | src/server/auth/__tests__/rbac.test.ts > RBAC - Property-Based Tests > Property 18: Verified users receive default roles
[2025-12-02T17:11:25.198Z] [App] [INFO] rbac.assign_role.success {
  userId: '8d766353-fc70-4dad-9329-6bc7f7cc18e1',
  role: 'TEAM_MEMBER',
  resourceType: 'team',
  resourceId: '3ac82ea7-4999-4d93-9454-fe88a162fcae',
  roleId: 'b48fcba8-2982-4475-8034-eceed1c90433'
}

stdout | src/server/auth/__tests__/rbac.test.ts > RBAC - Property-Based Tests > Property 18: Verified users receive default roles
[2025-12-02T17:11:25.312Z] [App] [INFO] rbac.assign_role.success {
  userId: '108e47ed-35b8-4bb1-9b00-2c05adc758ef',
  role: 'TEAM_MEMBER',
  resourceType: 'team',
  resourceId: 'a4a0ae2e-0531-4d6a-9b1d-a4c2431b2fb0',
  roleId: 'de02f27a-2e28-4ed6-8b47-1a40e3cc9a88'
}

stdout | src/app/api/auth/reset-password/__tests__/reset-password.property.test.ts > POST /api/auth/reset-password - Property-Based Tests > Property 17: Password reset invalidates all sessions
{"eventId":"ab0ae893-ca7f-4fb4-9336-d8c985429242","eventType":"auth.reset_password.success","timestamp":"2025-12-02T17:11:25.331Z","outcome":"success","ipAddress":"127.0.0.1","userAgent":"unknown","requestId":"372f82d8-7722-4658-b64a-453cb1e96ed7","metadata":{"stage":"attempt"}}

stderr | src/server/auth/__tests__/login.property.test.ts > Property 8: Rate limiting blocks excessive sign-in attempts > Different IPs have independent rate limits
{"eventId":"f2e63869-ee2c-415f-86b4-23573418ad6b","eventType":"auth.rate_limit.exceeded","timestamp":"2025-12-02T17:11:25.108Z","outcome":"failure","metadata":{"key":"signin:ip:13.248.1.158","limit":10,"windowMs":60000,"count":10,"resetAt":"2025-12-02T17:12:25.108Z"}}
{"eventId":"15429026-e2db-43b9-87d1-de64f36fa283","eventType":"auth.rate_limit.exceeded","timestamp":"2025-12-02T17:11:25.108Z","outcome":"failure","metadata":{"key":"signin:ip:179.162.180.147","limit":10,"windowMs":60000,"count":10,"resetAt":"2025-12-02T17:12:25.108Z"}}
{"eventId":"428314a8-4cde-43ec-b2c3-07034a1f786f","eventType":"auth.rate_limit.exceeded","timestamp":"2025-12-02T17:11:25.108Z","outcome":"failure","metadata":{"key":"signin:ip:13.248.1.158","limit":10,"windowMs":60000,"count":10,"resetAt":"2025-12-02T17:12:25.108Z"}}
{"eventId":"686b942c-afd9-4688-9842-85d6710a0bc2","eventType":"auth.rate_limit.exceeded","timestamp":"2025-12-02T17:11:25.108Z","outcome":"failure","metadata":{"key":"signin:ip:4.252.248.214","limit":10,"windowMs":60000,"count":10,"resetAt":"2025-12-02T17:12:25.108Z"}}
{"eventId":"826750c9-e40c-4816-b36d-ff4233660420","eventType":"auth.rate_limit.exceeded","timestamp":"2025-12-02T17:11:25.108Z","outcome":"failure","metadata":{"key":"signin:ip:252.2.0.6","limit":10,"windowMs":60000,"count":10,"resetAt":"2025-12-02T17:12:25.108Z"}}
{"eventId":"d869d807-5836-464b-8158-c70d900e9354","eventType":"auth.rate_limit.exceeded","timestamp":"2025-12-02T17:11:25.108Z","outcome":"failure","metadata":{"key":"signin:ip:4.252.248.214","limit":10,"windowMs":60000,"count":10,"resetAt":"2025-12-02T17:12:25.108Z"}}
{"eventId":"6057ccf9-d70e-4b65-9c8a-972501ecccd6","eventType":"auth.rate_limit.exceeded","timestamp":"2025-12-02T17:11:25.108Z","outcome":"failure","metadata":{"key":"signin:ip:255.159.255.249","limit":10,"windowMs":60000,"count":10,"resetAt":"2025-12-02T17:12:25.108Z"}}
{"eventId":"7b31157a-a143-4b3a-8bb8-25fcdb622657","eventType":"auth.rate_limit.exceeded","timestamp":"2025-12-02T17:11:25.108Z","outcome":"failure","metadata":{"key":"signin:ip:5.7.250.79","limit":10,"windowMs":60000,"count":10,"resetAt":"2025-12-02T17:12:25.108Z"}}
{"eventId":"0d92a8ed-d791-4bd7-a875-37d84f6b0fca","eventType":"auth.rate_limit.exceeded","timestamp":"2025-12-02T17:11:25.108Z","outcome":"failure","metadata":{"key":"signin:ip:255.159.255.249","limit":10,"windowMs":60000,"count":10,"resetAt":"2025-12-02T17:12:25.108Z"}}
{"eventId":"555eff89-8953-498f-b01f-9fda77c249cf","eventType":"auth.rate_limit.exceeded","timestamp":"2025-12-02T17:11:25.108Z","outcome":"failure","metadata":{"key":"signin:ip:252.95.0.4","limit":10,"windowMs":60000,"count":10,"resetAt":"2025-12-02T17:12:25.108Z"}}
{"eventId":"cd3f61c5-6b0a-44e0-ad1b-18de850a1c3b","eventType":"auth.rate_limit.exceeded","timestamp":"2025-12-02T17:11:25.108Z","outcome":"failure","metadata":{"key":"signin:ip:13.201.95.5","limit":10,"windowMs":60000,"count":10,"resetAt":"2025-12-02T17:12:25.108Z"}}
{"eventId":"a0128279-a83e-45f0-8035-f10e91f5ae22","eventType":"auth.rate_limit.exceeded","timestamp":"2025-12-02T17:11:25.108Z","outcome":"failure","metadata":{"key":"signin:ip:252.95.0.4","limit":10,"windowMs":60000,"count":10,"resetAt":"2025-12-02T17:12:25.108Z"}}
{"eventId":"22de093c-b4f7-4265-87bf-3f7eddb171f2","eventType":"auth.rate_limit.exceeded","timestamp":"2025-12-02T17:11:25.108Z","outcome":"failure","metadata":{"key":"signin:ip:12.130.205.2","limit":10,"windowMs":60000,"count":10,"resetAt":"2025-12-02T17:12:25.108Z"}}
{"eventId":"86cb2a40-8fd8-47ba-841a-060ae6dd93f3","eventType":"auth.rate_limit.exceeded","timestamp":"2025-12-02T17:11:25.108Z","outcome":"failure","metadata":{"key":"signin:ip:7.5.251.5","limit":10,"windowMs":60000,"count":10,"resetAt":"2025-12-02T17:12:25.108Z"}}
{"eventId":"7743bb4a-0072-47f7-a9e8-30496118fc1e","eventType":"auth.rate_limit.exceeded","timestamp":"2025-12-02T17:11:25.108Z","outcome":"failure","metadata":{"key":"signin:ip:12.130.205.2","limit":10,"windowMs":60000,"count":10,"resetAt":"2025-12-02T17:12:25.108Z"}}
{"eventId":"7ff03681-8fb0-46ad-9b34-f89dd2f86469","eventType":"auth.rate_limit.exceeded","timestamp":"2025-12-02T17:11:25.108Z","outcome":"failure","metadata":{"key":"signin:ip:85.227.90.6","limit":10,"windowMs":60000,"count":10,"resetAt":"2025-12-02T17:12:25.108Z"}}
{"eventId":"a135ffe5-a168-414c-b12a-a40c95a73b40","eventType":"auth.rate_limit.exceeded","timestamp":"2025-12-02T17:11:25.108Z","outcome":"failure","metadata":{"key":"signin:ip:227.4.253.2","limit":10,"windowMs":60000,"count":10,"resetAt":"2025-12-02T17:12:25.108Z"}}
{"eventId":"14725c36-365b-482c-9d1d-1819aede68f3","eventType":"auth.rate_limit.exceeded","timestamp":"2025-12-02T17:11:25.108Z","outcome":"failure","metadata":{"key":"signin:ip:85.227.90.6","limit":10,"windowMs":60000,"count":10,"resetAt":"2025-12-02T17:12:25.108Z"}}
{"eventId":"27e9c72f-eea8-4f99-9526-7519af49eeb7","eventType":"auth.rate_limit.exceeded","timestamp":"2025-12-02T17:11:25.108Z","outcome":"failure","metadata":{"key":"signin:ip:13.2.206.6","limit":10,"windowMs":60000,"count":10,"resetAt":"2025-12-02T17:12:25.108Z"}}
{"eventId":"06d992bf-6495-4f7a-92ab-86ae0476773a","eventType":"auth.rate_limit.exceeded","timestamp":"2025-12-02T17:11:25.108Z","outcome":"failure","metadata":{"key":"signin:ip:111.87.0.0","limit":10,"windowMs":60000,"count":10,"resetAt":"2025-12-02T17:12:25.108Z"}}
{"eventId":"e77699e8-57fc-47bd-8ad0-3f35338a1363","eventType":"auth.rate_limit.exceeded","timestamp":"2025-12-02T17:11:25.108Z","outcome":"failure","metadata":{"key":"signin:ip:13.2.206.6","limit":10,"windowMs":60000,"count":10,"resetAt":"2025-12-02T17:12:25.108Z"}}
{"eventId":"05044fef-2a64-49b6-b98d-1822aca8c67f","eventType":"auth.rate_limit.exceeded","timestamp":"2025-12-02T17:11:25.108Z","outcome":"failure","metadata":{"key":"signin:ip:3.7.10.7","limit":10,"windowMs":60000,"count":10,"resetAt":"2025-12-02T17:12:25.108Z"}}
{"eventId":"4f7fefa6-2fe4-4ccb-a9c7-74d8e3b6dd59","eventType":"auth.rate_limit.exceeded","timestamp":"2025-12-02T17:11:25.108Z","outcome":"failure","metadata":{"key":"signin:ip:242.131.227.59","limit":10,"windowMs":60000,"count":10,"resetAt":"2025-12-02T17:12:25.108Z"}}
{"eventId":"fcd54d6e-b045-42f1-ab22-016dfedddfff","eventType":"auth.rate_limit.exceeded","timestamp":"2025-12-02T17:11:25.108Z","outcome":"failure","metadata":{"key":"signin:ip:3.7.10.7","limit":10,"windowMs":60000,"count":10,"resetAt":"2025-12-02T17:12:25.108Z"}}
{"eventId":"8a2b23dd-7d2f-4d78-87d4-17bc121a3278","eventType":"auth.rate_limit.exceeded","timestamp":"2025-12-02T17:11:25.108Z","outcome":"failure","metadata":{"key":"signin:ip:45.250.1.38","limit":10,"windowMs":60000,"count":10,"resetAt":"2025-12-02T17:12:25.108Z"}}
{"eventId":"c7bf194a-6c0c-4b26-9282-1e352ca2324a","eventType":"auth.rate_limit.exceeded","timestamp":"2025-12-02T17:11:25.108Z","outcome":"failure","metadata":{"key":"signin:ip:1.93.14.7","limit":10,"windowMs":60000,"count":10,"resetAt":"2025-12-02T17:12:25.108Z"}}
{"eventId":"12131b20-343f-4dd0-9241-8fb992129762","eventType":"auth.rate_limit.exceeded","timestamp":"2025-12-02T17:11:25.108Z","outcome":"failure","metadata":{"key":"signin:ip:45.250.1.38","limit":10,"windowMs":60000,"count":10,"resetAt":"2025-12-02T17:12:25.108Z"}}
{"eventId":"e3449234-c1d8-400b-874c-62a7cbe91771","eventType":"auth.rate_limit.exceeded","timestamp":"2025-12-02T17:11:25.108Z","outcome":"failure","metadata":{"key":"signin:ip:1.157.28.7","limit":10,"windowMs":60000,"count":10,"resetAt":"2025-12-02T17:12:25.108Z"}}
{"eventId":"06ac7a7a-536b-4139-b286-6a9e014db1cd","eventType":"auth.rate_limit.exceeded","timestamp":"2025-12-02T17:11:25.108Z","outcome":"failure","metadata":{"key":"signin:ip:4.218.42.7","limit":10,"windowMs":60000,"count":10,"resetAt":"2025-12-02T17:12:25.108Z"}}
{"eventId":"67b5428b-668a-458d-827b-818e1fbbc417","eventType":"auth.rate_limit.exceeded","timestamp":"2025-12-02T17:11:25.108Z","outcome":"failure","metadata":{"key":"signin:ip:1.157.28.7","limit":10,"windowMs":60000,"count":10,"resetAt":"2025-12-02T17:12:25.108Z"}}
{"eventId":"8dc9e9dc-8e4b-40c2-aca1-ff764ded847d","eventType":"auth.rate_limit.exceeded","timestamp":"2025-12-02T17:11:25.108Z","outcome":"failure","metadata":{"key":"signin:ip:203.69.4.250","limit":10,"windowMs":60000,"count":10,"resetAt":"2025-12-02T17:12:25.108Z"}}
{"eventId":"2471ebb7-5792-463e-bbe3-0b96ee243413","eventType":"auth.rate_limit.exceeded","timestamp":"2025-12-02T17:11:25.109Z","outcome":"failure","metadata":{"key":"signin:ip:225.6.4.174","limit":10,"windowMs":60000,"count":10,"resetAt":"2025-12-02T17:12:25.109Z"}}
{"eventId":"1b062581-0aca-4249-89e0-4d1e20ee2dd0","eventType":"auth.rate_limit.exceeded","timestamp":"2025-12-02T17:11:25.109Z","outcome":"failure","metadata":{"key":"signin:ip:203.69.4.250","limit":10,"windowMs":60000,"count":10,"resetAt":"2025-12-02T17:12:25.108Z"}}
{"eventId":"a0cfbcb1-74ff-48df-a392-c5422d49b3c2","eventType":"auth.rate_limit.exceeded","timestamp":"2025-12-02T17:11:25.109Z","outcome":"failure","metadata":{"key":"signin:ip:143.4.1.40","limit":10,"windowMs":60000,"count":10,"resetAt":"2025-12-02T17:12:25.109Z"}}
{"eventId":"5416bdfb-ff31-48d2-9ede-2377d1224b32","eventType":"auth.rate_limit.exceeded","timestamp":"2025-12-02T17:11:25.109Z","outcome":"failure","metadata":{"key":"signin:ip:184.131.34.3","limit":10,"windowMs":60000,"count":10,"resetAt":"2025-12-02T17:12:25.109Z"}}
{"eventId":"54cb1a7a-a62f-4ebc-810f-dcb3f76edf37","eventType":"auth.rate_limit.exceeded","timestamp":"2025-12-02T17:11:25.109Z","outcome":"failure","metadata":{"key":"signin:ip:143.4.1.40","limit":10,"windowMs":60000,"count":10,"resetAt":"2025-12-02T17:12:25.109Z"}}
{"eventId":"32d72c6b-d8e1-467d-9619-6a64003ae92c","eventType":"auth.rate_limit.exceeded","timestamp":"2025-12-02T17:11:25.109Z","outcome":"failure","metadata":{"key":"signin:ip:129.251.251.20","limit":10,"windowMs":60000,"count":10,"resetAt":"2025-12-02T17:12:25.109Z"}}
{"eventId":"e2c3f271-cb89-48d9-b006-93d10ec143c3","eventType":"auth.rate_limit.exceeded","timestamp":"2025-12-02T17:11:25.109Z","outcome":"failure","metadata":{"key":"signin:ip:251.254.5.115","limit":10,"windowMs":60000,"count":10,"resetAt":"2025-12-02T17:12:25.109Z"}}
{"eventId":"1e69931c-cb81-451c-a16c-ece7d9b858a3","eventType":"auth.rate_limit.exceeded","timestamp":"2025-12-02T17:11:25.109Z","outcome":"failure","metadata":{"key":"signin:ip:129.251.251.20","limit":10,"windowMs":60000,"count":10,"resetAt":"2025-12-02T17:12:25.109Z"}}
{"eventId":"b0442c3e-01c0-4a18-bce2-a7afaa8ad19e","eventType":"auth.rate_limit.exceeded","timestamp":"2025-12-02T17:11:25.109Z","outcome":"failure","metadata":{"key":"signin:ip:136.204.25.2","limit":10,"windowMs":60000,"count":10,"resetAt":"2025-12-02T17:12:25.109Z"}}
{"eventId":"441d3ab5-aa2e-43f5-b0ae-433a08837df2","eventType":"auth.rate_limit.exceeded","timestamp":"2025-12-02T17:11:25.109Z","outcome":"failure","metadata":{"key":"signin:ip:134.2.61.166","limit":10,"windowMs":60000,"count":10,"resetAt":"2025-12-02T17:12:25.109Z"}}
{"eventId":"c25fb2a7-c244-4484-b7a2-d28dce060ee9","eventType":"auth.rate_limit.exceeded","timestamp":"2025-12-02T17:11:25.109Z","outcome":"failure","metadata":{"key":"signin:ip:136.204.25.2","limit":10,"windowMs":60000,"count":10,"resetAt":"2025-12-02T17:12:25.109Z"}}
{"eventId":"6c9552e2-bca4-42d2-bc97-5091d42e5329","eventType":"auth.rate_limit.exceeded","timestamp":"2025-12-02T17:11:25.109Z","outcome":"failure","metadata":{"key":"signin:ip:3.197.1.252","limit":10,"windowMs":60000,"count":10,"resetAt":"2025-12-02T17:12:25.109Z"}}
{"eventId":"d19fdc2a-5e4d-4468-b61d-c80452066286","eventType":"auth.rate_limit.exceeded","timestamp":"2025-12-02T17:11:25.109Z","outcome":"failure","metadata":{"key":"signin:ip:20.3.71.152","limit":10,"windowMs":60000,"count":10,"resetAt":"2025-12-02T17:12:25.109Z"}}
{"eventId":"39d456b6-b558-4c12-924d-a685f9378ab1","eventType":"auth.rate_limit.exceeded","timestamp":"2025-12-02T17:11:25.109Z","outcome":"failure","metadata":{"key":"signin:ip:3.197.1.252","limit":10,"windowMs":60000,"count":10,"resetAt":"2025-12-02T17:12:25.109Z"}}
{"eventId":"ba8f5608-9e61-4559-a53a-69716cbc2750","eventType":"auth.rate_limit.exceeded","timestamp":"2025-12-02T17:11:25.109Z","outcome":"failure","metadata":{"key":"signin:ip:5.181.237.142","limit":10,"windowMs":60000,"count":10,"resetAt":"2025-12-02T17:12:25.109Z"}}
{"eventId":"6df75923-ce42-4e01-a952-9f6cb94c2da1","eventType":"auth.rate_limit.exceeded","timestamp":"2025-12-02T17:11:25.109Z","outcome":"failure","metadata":{"key":"signin:ip:47.149.254.1","limit":10,"windowMs":60000,"count":10,"resetAt":"2025-12-02T17:12:25.109Z"}}
{"eventId":"c08234c1-46c4-4f7a-83b3-ae91c252c414","eventType":"auth.rate_limit.exceeded","timestamp":"2025-12-02T17:11:25.109Z","outcome":"failure","metadata":{"key":"signin:ip:5.181.237.142","limit":10,"windowMs":60000,"count":10,"resetAt":"2025-12-02T17:12:25.109Z"}}
{"eventId":"c3930ffd-f1ba-4f56-ab78-a8f83b8c9715","eventType":"auth.rate_limit.exceeded","timestamp":"2025-12-02T17:11:25.109Z","outcome":"failure","metadata":{"key":"signin:ip:6.60.255.210","limit":10,"windowMs":60000,"count":10,"resetAt":"2025-12-02T17:12:25.109Z"}}
{"eventId":"100490d6-1c2c-460a-ba60-9ba2cdfa0b5d","eventType":"auth.rate_limit.exceeded","timestamp":"2025-12-02T17:11:25.109Z","outcome":"failure","metadata":{"key":"signin:ip:7.0.40.171","limit":10,"windowMs":60000,"count":10,"resetAt":"2025-12-02T17:12:25.109Z"}}
{"eventId":"2a151aa6-63c4-4ef5-9b20-b0684cc2fa69","eventType":"auth.rate_limit.exceeded","timestamp":"2025-12-02T17:11:25.109Z","outcome":"failure","metadata":{"key":"signin:ip:6.60.255.210","limit":10,"windowMs":60000,"count":10,"resetAt":"2025-12-02T17:12:25.109Z"}}
{"eventId":"0a2b5b1d-249d-4f7d-9721-cf413494a4ca","eventType":"auth.rate_limit.exceeded","timestamp":"2025-12-02T17:11:25.109Z","outcome":"failure","metadata":{"key":"signin:ip:20.4.131.212","limit":10,"windowMs":60000,"count":10,"resetAt":"2025-12-02T17:12:25.109Z"}}
{"eventId":"438b974c-7a2c-4647-8bcf-62363f0c808e","eventType":"auth.rate_limit.exceeded","timestamp":"2025-12-02T17:11:25.109Z","outcome":"failure","metadata":{"key":"signin:ip:205.249.2.203","limit":10,"windowMs":60000,"count":10,"resetAt":"2025-12-02T17:12:25.109Z"}}
{"eventId":"e591557c-c482-4afd-8ae6-f00fd23206cb","eventType":"auth.rate_limit.exceeded","timestamp":"2025-12-02T17:11:25.109Z","outcome":"failure","metadata":{"key":"signin:ip:20.4.131.212","limit":10,"windowMs":60000,"count":10,"resetAt":"2025-12-02T17:12:25.109Z"}}
{"eventId":"da367ccb-30e3-4ee5-9f83-54b44f184ddc","eventType":"auth.rate_limit.exceeded","timestamp":"2025-12-02T17:11:25.109Z","outcome":"failure","metadata":{"key":"signin:ip:230.7.18.124","limit":10,"windowMs":60000,"count":10,"resetAt":"2025-12-02T17:12:25.109Z"}}
{"eventId":"2bef90a2-d273-45e5-85c4-c0950bb95585","eventType":"auth.rate_limit.exceeded","timestamp":"2025-12-02T17:11:25.109Z","outcome":"failure","metadata":{"key":"signin:ip:243.155.167.140","limit":10,"windowMs":60000,"count":10,"resetAt":"2025-12-02T17:12:25.109Z"}}
{"eventId":"bed0dfc7-8156-4f72-9a9f-d137ce335887","eventType":"auth.rate_limit.exceeded","timestamp":"2025-12-02T17:11:25.109Z","outcome":"failure","metadata":{"key":"signin:ip:230.7.18.124","limit":10,"windowMs":60000,"count":10,"resetAt":"2025-12-02T17:12:25.109Z"}}
{"eventId":"0ada1358-dfdc-4548-98d4-fa7b6b2db7e0","eventType":"auth.rate_limit.exceeded","timestamp":"2025-12-02T17:11:25.109Z","outcome":"failure","metadata":{"key":"signin:ip:240.6.204.1","limit":10,"windowMs":60000,"count":10,"resetAt":"2025-12-02T17:12:25.109Z"}}
{"eventId":"f1016d7e-0d61-46ce-bc13-722099e04f20","eventType":"auth.rate_limit.exceeded","timestamp":"2025-12-02T17:11:25.109Z","outcome":"failure","metadata":{"key":"signin:ip:37.200.5.6","limit":10,"windowMs":60000,"count":10,"resetAt":"2025-12-02T17:12:25.109Z"}}
{"eventId":"e5d5cfff-1b38-402a-a8fe-f1844026cd4d","eventType":"auth.rate_limit.exceeded","timestamp":"2025-12-02T17:11:25.109Z","outcome":"failure","metadata":{"key":"signin:ip:240.6.204.1","limit":10,"windowMs":60000,"count":10,"resetAt":"2025-12-02T17:12:25.109Z"}}
{"eventId":"690f832b-ffcd-4281-ac50-b40f4dce212c","eventType":"auth.rate_limit.exceeded","timestamp":"2025-12-02T17:11:25.109Z","outcome":"failure","metadata":{"key":"signin:ip:144.174.7.241","limit":10,"windowMs":60000,"count":10,"resetAt":"2025-12-02T17:12:25.109Z"}}
{"eventId":"af4ded95-b455-4f1d-8422-02c42a499a46","eventType":"auth.rate_limit.exceeded","timestamp":"2025-12-02T17:11:25.109Z","outcome":"failure","metadata":{"key":"signin:ip:251.196.2.183","limit":10,"windowMs":60000,"count":10,"resetAt":"2025-12-02T17:12:25.109Z"}}
{"eventId":"abf82d60-d44a-4ea7-bf65-eec7428b009a","eventType":"auth.rate_limit.exceeded","timestamp":"2025-12-02T17:11:25.109Z","outcome":"failure","metadata":{"key":"signin:ip:144.174.7.241","limit":10,"windowMs":60000,"count":10,"resetAt":"2025-12-02T17:12:25.109Z"}}
{"eventId":"2b7288d0-61fc-4c0a-b9de-8f4ec9bb909f","eventType":"auth.rate_limit.exceeded","timestamp":"2025-12-02T17:11:25.109Z","outcome":"failure","metadata":{"key":"signin:ip:192.170.17.169","limit":10,"windowMs":60000,"count":10,"resetAt":"2025-12-02T17:12:25.109Z"}}
{"eventId":"94b89491-2298-4823-ad3e-dd401fd9d797","eventType":"auth.rate_limit.exceeded","timestamp":"2025-12-02T17:11:25.109Z","outcome":"failure","metadata":{"key":"signin:ip:205.6.198.3","limit":10,"windowMs":60000,"count":10,"resetAt":"2025-12-02T17:12:25.109Z"}}
{"eventId":"002c27a9-f7b7-47c7-bfac-7d84205e14db","eventType":"auth.rate_limit.exceeded","timestamp":"2025-12-02T17:11:25.109Z","outcome":"failure","metadata":{"key":"signin:ip:192.170.17.169","limit":10,"windowMs":60000,"count":10,"resetAt":"2025-12-02T17:12:25.109Z"}}
{"eventId":"3ac7a5c4-fcbe-46e8-ada8-c6845471e23c","eventType":"auth.rate_limit.exceeded","timestamp":"2025-12-02T17:11:25.109Z","outcome":"failure","metadata":{"key":"signin:ip:231.76.245.101","limit":10,"windowMs":60000,"count":10,"resetAt":"2025-12-02T17:12:25.109Z"}}
{"eventId":"acb61f9e-f6b8-4d32-82e9-bdf8ea69ea09","eventType":"auth.rate_limit.exceeded","timestamp":"2025-12-02T17:11:25.109Z","outcome":"failure","metadata":{"key":"signin:ip:52.1.55.5","limit":10,"windowMs":60000,"count":10,"resetAt":"2025-12-02T17:12:25.109Z"}}
{"eventId":"707adc0a-9e64-411a-96a6-c8f6786aa93e","eventType":"auth.rate_limit.exceeded","timestamp":"2025-12-02T17:11:25.109Z","outcome":"failure","metadata":{"key":"signin:ip:231.76.245.101","limit":10,"windowMs":60000,"count":10,"resetAt":"2025-12-02T17:12:25.109Z"}}
{"eventId":"fea86b3d-3b65-44b5-9538-4fc9e319515f","eventType":"auth.rate_limit.exceeded","timestamp":"2025-12-02T17:11:25.109Z","outcome":"failure","metadata":{"key":"signin:ip:97.5.91.7","limit":10,"windowMs":60000,"count":10,"resetAt":"2025-12-02T17:12:25.109Z"}}
{"eventId":"c0cb9459-778a-45eb-a98f-2fdabcac9672","eventType":"auth.rate_limit.exceeded","timestamp":"2025-12-02T17:11:25.109Z","outcome":"failure","metadata":{"key":"signin:ip:2.5.16.42","limit":10,"windowMs":60000,"count":10,"resetAt":"2025-12-02T17:12:25.109Z"}}
{"eventId":"6d9f1e83-5dc0-432b-b6b3-0e1441c96c42","eventType":"auth.rate_limit.exceeded","timestamp":"2025-12-02T17:11:25.109Z","outcome":"failure","metadata":{"key":"signin:ip:97.5.91.7","limit":10,"windowMs":60000,"count":10,"resetAt":"2025-12-02T17:12:25.109Z"}}
{"eventId":"c28291a7-b4d5-4948-9242-0d7e023c56af","eventType":"auth.rate_limit.exceeded","timestamp":"2025-12-02T17:11:25.109Z","outcome":"failure","metadata":{"key":"signin:ip:39.211.252.85","limit":10,"windowMs":60000,"count":10,"resetAt":"2025-12-02T17:12:25.109Z"}}
{"eventId":"acaa0af5-2f29-41bc-82d9-d229fa386154","eventType":"auth.rate_limit.exceeded","timestamp":"2025-12-02T17:11:25.109Z","outcome":"failure","metadata":{"key":"signin:ip:144.138.109.121","limit":10,"windowMs":60000,"count":10,"resetAt":"2025-12-02T17:12:25.109Z"}}
{"eventId":"6bfa9df8-6189-4df1-80c1-621c686e8cd0","eventType":"auth.rate_limit.exceeded","timestamp":"2025-12-02T17:11:25.109Z","outcome":"failure","metadata":{"key":"signin:ip:39.211.252.85","limit":10,"windowMs":60000,"count":10,"resetAt":"2025-12-02T17:12:25.109Z"}}
{"eventId":"75122e6f-e612-4b37-a0ec-dc2ec187ba96","eventType":"auth.rate_limit.exceeded","timestamp":"2025-12-02T17:11:25.109Z","outcome":"failure","metadata":{"key":"signin:ip:197.2.59.246","limit":10,"windowMs":60000,"count":10,"resetAt":"2025-12-02T17:12:25.109Z"}}
{"eventId":"04b9269b-f778-46e4-97aa-e2bee4c4c44c","eventType":"auth.rate_limit.exceeded","timestamp":"2025-12-02T17:11:25.109Z","outcome":"failure","metadata":{"key":"signin:ip:52.113.193.195","limit":10,"windowMs":60000,"count":10,"resetAt":"2025-12-02T17:12:25.109Z"}}
{"eventId":"c12a7547-a004-4ea4-b3a9-d0a99b4fdf28","eventType":"auth.rate_limit.exceeded","timestamp":"2025-12-02T17:11:25.109Z","outcome":"failure","metadata":{"key":"signin:ip:197.2.59.246","limit":10,"windowMs":60000,"count":10,"resetAt":"2025-12-02T17:12:25.109Z"}}
{"eventId":"b622ed1d-5347-4d2d-bb97-8e5448cd32ba","eventType":"auth.rate_limit.exceeded","timestamp":"2025-12-02T17:11:25.109Z","outcome":"failure","metadata":{"key":"signin:ip:39.169.120.37","limit":10,"windowMs":60000,"count":10,"resetAt":"2025-12-02T17:12:25.109Z"}}
{"eventId":"2696f02e-5d23-41f0-a178-fc5a7ab8ac5d","eventType":"auth.rate_limit.exceeded","timestamp":"2025-12-02T17:11:25.109Z","outcome":"failure","metadata":{"key":"signin:ip:105.97.2.186","limit":10,"windowMs":60000,"count":10,"resetAt":"2025-12-02T17:12:25.109Z"}}
{"eventId":"f0933999-cdee-4a08-9c9a-4635588d3001","eventType":"auth.rate_limit.exceeded","timestamp":"2025-12-02T17:11:25.109Z","outcome":"failure","metadata":{"key":"signin:ip:39.169.120.37","limit":10,"windowMs":60000,"count":10,"resetAt":"2025-12-02T17:12:25.109Z"}}
{"eventId":"36d8dfbc-1235-4ea6-b13c-e007a794ec78","eventType":"auth.rate_limit.exceeded","timestamp":"2025-12-02T17:11:25.109Z","outcome":"failure","metadata":{"key":"signin:ip:59.255.248.65","limit":10,"windowMs":60000,"count":10,"resetAt":"2025-12-02T17:12:25.109Z"}}
{"eventId":"997e57e8-d0e1-47b1-95ca-86de47a57f20","eventType":"auth.rate_limit.exceeded","timestamp":"2025-12-02T17:11:25.109Z","outcome":"failure","metadata":{"key":"signin:ip:6.120.5.192","limit":10,"windowMs":60000,"count":10,"resetAt":"2025-12-02T17:12:25.109Z"}}
{"eventId":"3dcca9c0-be8d-4221-9b37-41f92868236c","eventType":"auth.rate_limit.exceeded","timestamp":"2025-12-02T17:11:25.109Z","outcome":"failure","metadata":{"key":"signin:ip:59.255.248.65","limit":10,"windowMs":60000,"count":10,"resetAt":"2025-12-02T17:12:25.109Z"}}
{"eventId":"44f7f49f-69a6-42f7-b511-a901b4239a15","eventType":"auth.rate_limit.exceeded","timestamp":"2025-12-02T17:11:25.109Z","outcome":"failure","metadata":{"key":"signin:ip:13.6.248.191","limit":10,"windowMs":60000,"count":10,"resetAt":"2025-12-02T17:12:25.109Z"}}
{"eventId":"d59b6966-a9a3-46c6-a994-dfc721c4fa03","eventType":"auth.rate_limit.exceeded","timestamp":"2025-12-02T17:11:25.109Z","outcome":"failure","metadata":{"key":"signin:ip:6.158.213.86","limit":10,"windowMs":60000,"count":10,"resetAt":"2025-12-02T17:12:25.109Z"}}
{"eventId":"0e66f7f2-fd0b-4e03-aff3-6fa91c738ac3","eventType":"auth.rate_limit.exceeded","timestamp":"2025-12-02T17:11:25.109Z","outcome":"failure","metadata":{"key":"signin:ip:13.6.248.191","limit":10,"windowMs":60000,"count":10,"resetAt":"2025-12-02T17:12:25.109Z"}}
{"eventId":"87ad59fb-53ac-4224-9e1d-a9d50dd2484d","eventType":"auth.rate_limit.exceeded","timestamp":"2025-12-02T17:11:25.109Z","outcome":"failure","metadata":{"key":"signin:ip:92.7.110.2","limit":10,"windowMs":60000,"count":10,"resetAt":"2025-12-02T17:12:25.109Z"}}
{"eventId":"c68d6cab-e8dc-4f7b-a2a4-e0d4c457cf43","eventType":"auth.rate_limit.exceeded","timestamp":"2025-12-02T17:11:25.110Z","outcome":"failure","metadata":{"key":"signin:ip:248.87.252.8","limit":10,"windowMs":60000,"count":10,"resetAt":"2025-12-02T17:12:25.109Z"}}
{"eventId":"92969adb-dd97-493b-a741-3fc049518526","eventType":"auth.rate_limit.exceeded","timestamp":"2025-12-02T17:11:25.110Z","outcome":"failure","metadata":{"key":"signin:ip:92.7.110.2","limit":10,"windowMs":60000,"count":10,"resetAt":"2025-12-02T17:12:25.109Z"}}
{"eventId":"d6c0edbd-b4b9-44b4-bdf3-31caf297d938","eventType":"auth.rate_limit.exceeded","timestamp":"2025-12-02T17:11:25.110Z","outcome":"failure","metadata":{"key":"signin:ip:0.130.0.95","limit":10,"windowMs":60000,"count":10,"resetAt":"2025-12-02T17:12:25.110Z"}}
{"eventId":"1f4d41b8-03c5-415b-be66-f7f93d48fea6","eventType":"auth.rate_limit.exceeded","timestamp":"2025-12-02T17:11:25.110Z","outcome":"failure","metadata":{"key":"signin:ip:1.1.143.3","limit":10,"windowMs":60000,"count":10,"resetAt":"2025-12-02T17:12:25.110Z"}}
{"eventId":"d66e5d86-9efb-4136-a3f9-1655b8adfe4d","eventType":"auth.rate_limit.exceeded","timestamp":"2025-12-02T17:11:25.110Z","outcome":"failure","metadata":{"key":"signin:ip:0.130.0.95","limit":10,"windowMs":60000,"count":10,"resetAt":"2025-12-02T17:12:25.110Z"}}
{"eventId":"116d3753-bb63-4625-a9f8-dd0ea51fa050","eventType":"auth.rate_limit.exceeded","timestamp":"2025-12-02T17:11:25.110Z","outcome":"failure","metadata":{"key":"signin:ip:20.82.223.5","limit":10,"windowMs":60000,"count":10,"resetAt":"2025-12-02T17:12:25.110Z"}}
{"eventId":"513f2d18-c702-42c3-9404-794826c36c54","eventType":"auth.rate_limit.exceeded","timestamp":"2025-12-02T17:11:25.110Z","outcome":"failure","metadata":{"key":"signin:ip:159.209.3.27","limit":10,"windowMs":60000,"count":10,"resetAt":"2025-12-02T17:12:25.110Z"}}
{"eventId":"a11c3102-7d37-4065-ab2f-9fa64d1c752c","eventType":"auth.rate_limit.exceeded","timestamp":"2025-12-02T17:11:25.110Z","outcome":"failure","metadata":{"key":"signin:ip:20.82.223.5","limit":10,"windowMs":60000,"count":10,"resetAt":"2025-12-02T17:12:25.110Z"}}
{"eventId":"efa2b495-4194-496d-9aee-3ca6ea951ded","eventType":"auth.rate_limit.exceeded","timestamp":"2025-12-02T17:11:25.110Z","outcome":"failure","metadata":{"key":"signin:ip:141.251.5.6","limit":10,"windowMs":60000,"count":10,"resetAt":"2025-12-02T17:12:25.110Z"}}
{"eventId":"9df1b8b2-ffe6-4025-b9e6-5c17339f116c","eventType":"auth.rate_limit.exceeded","timestamp":"2025-12-02T17:11:25.110Z","outcome":"failure","metadata":{"key":"signin:ip:232.212.6.69","limit":10,"windowMs":60000,"count":10,"resetAt":"2025-12-02T17:12:25.110Z"}}
{"eventId":"dbcea698-d019-4f22-97ff-65d6e8f3910a","eventType":"auth.rate_limit.exceeded","timestamp":"2025-12-02T17:11:25.110Z","outcome":"failure","metadata":{"key":"signin:ip:141.251.5.6","limit":10,"windowMs":60000,"count":10,"resetAt":"2025-12-02T17:12:25.110Z"}}
{"eventId":"7a95f909-4864-4e13-acde-86512f5c152d","eventType":"auth.rate_limit.exceeded","timestamp":"2025-12-02T17:11:25.110Z","outcome":"failure","metadata":{"key":"signin:ip:2.0.71.192","limit":10,"windowMs":60000,"count":10,"resetAt":"2025-12-02T17:12:25.110Z"}}
{"eventId":"75c8545a-7a3c-4f65-89cb-25b8d7a470e7","eventType":"auth.rate_limit.exceeded","timestamp":"2025-12-02T17:11:25.110Z","outcome":"failure","metadata":{"key":"signin:ip:18.7.248.194","limit":10,"windowMs":60000,"count":10,"resetAt":"2025-12-02T17:12:25.110Z"}}
{"eventId":"65868e48-e2d2-4706-b028-3ae7f1b0eb50","eventType":"auth.rate_limit.exceeded","timestamp":"2025-12-02T17:11:25.110Z","outcome":"failure","metadata":{"key":"signin:ip:2.0.71.192","limit":10,"windowMs":60000,"count":10,"resetAt":"2025-12-02T17:12:25.110Z"}}
{"eventId":"97aaa8bf-56d0-4b28-8256-c1e6a1196cd9","eventType":"auth.rate_limit.exceeded","timestamp":"2025-12-02T17:11:25.110Z","outcome":"failure","metadata":{"key":"signin:ip:132.224.140.249","limit":10,"windowMs":60000,"count":10,"resetAt":"2025-12-02T17:12:25.110Z"}}
{"eventId":"055e9fd1-1d7d-4f55-9057-dde4ba967f55","eventType":"auth.rate_limit.exceeded","timestamp":"2025-12-02T17:11:25.110Z","outcome":"failure","metadata":{"key":"signin:ip:50.251.41.32","limit":10,"windowMs":60000,"count":10,"resetAt":"2025-12-02T17:12:25.110Z"}}
{"eventId":"95786c88-973f-40e6-bd68-4b56697f8d10","eventType":"auth.rate_limit.exceeded","timestamp":"2025-12-02T17:11:25.110Z","outcome":"failure","metadata":{"key":"signin:ip:132.224.140.249","limit":10,"windowMs":60000,"count":10,"resetAt":"2025-12-02T17:12:25.110Z"}}
{"eventId":"4486db47-621d-4348-b427-c2966421c639","eventType":"auth.rate_limit.exceeded","timestamp":"2025-12-02T17:11:25.110Z","outcome":"failure","metadata":{"key":"signin:ip:47.180.1.7","limit":10,"windowMs":60000,"count":10,"resetAt":"2025-12-02T17:12:25.110Z"}}
{"eventId":"e37784ab-9af5-483e-94e9-6225133aca62","eventType":"auth.rate_limit.exceeded","timestamp":"2025-12-02T17:11:25.110Z","outcome":"failure","metadata":{"key":"signin:ip:221.115.129.164","limit":10,"windowMs":60000,"count":10,"resetAt":"2025-12-02T17:12:25.110Z"}}
{"eventId":"716ffceb-c11f-4971-b750-070fdf37243e","eventType":"auth.rate_limit.exceeded","timestamp":"2025-12-02T17:11:25.110Z","outcome":"failure","metadata":{"key":"signin:ip:47.180.1.7","limit":10,"windowMs":60000,"count":10,"resetAt":"2025-12-02T17:12:25.110Z"}}
{"eventId":"122fe91f-bc26-4d6c-b9c4-c90451bb32a9","eventType":"auth.rate_limit.exceeded","timestamp":"2025-12-02T17:11:25.110Z","outcome":"failure","metadata":{"key":"signin:ip:207.251.196.0","limit":10,"windowMs":60000,"count":10,"resetAt":"2025-12-02T17:12:25.110Z"}}
{"eventId":"857f33bd-0174-4da2-8202-484c553d05fc","eventType":"auth.rate_limit.exceeded","timestamp":"2025-12-02T17:11:25.110Z","outcome":"failure","metadata":{"key":"signin:ip:137.7.6.0","limit":10,"windowMs":60000,"count":10,"resetAt":"2025-12-02T17:12:25.110Z"}}
{"eventId":"766e1a86-e213-4236-a45f-5d097502fba1","eventType":"auth.rate_limit.exceeded","timestamp":"2025-12-02T17:11:25.110Z","outcome":"failure","metadata":{"key":"signin:ip:207.251.196.0","limit":10,"windowMs":60000,"count":10,"resetAt":"2025-12-02T17:12:25.110Z"}}
{"eventId":"12cdc8e0-af72-422c-83d4-2bce2e500d36","eventType":"auth.rate_limit.exceeded","timestamp":"2025-12-02T17:11:25.110Z","outcome":"failure","metadata":{"key":"signin:ip:200.161.5.6","limit":10,"windowMs":60000,"count":10,"resetAt":"2025-12-02T17:12:25.110Z"}}
{"eventId":"05e1b670-1d4d-455f-9fab-7bc269114a2a","eventType":"auth.rate_limit.exceeded","timestamp":"2025-12-02T17:11:25.110Z","outcome":"failure","metadata":{"key":"signin:ip:117.2.47.128","limit":10,"windowMs":60000,"count":10,"resetAt":"2025-12-02T17:12:25.110Z"}}
{"eventId":"095b3a7b-ebe6-4759-91ee-623a079cd740","eventType":"auth.rate_limit.exceeded","timestamp":"2025-12-02T17:11:25.110Z","outcome":"failure","metadata":{"key":"signin:ip:200.161.5.6","limit":10,"windowMs":60000,"count":10,"resetAt":"2025-12-02T17:12:25.110Z"}}
{"eventId":"1550f9a8-541f-4099-b1fd-5240b53e170f","eventType":"auth.rate_limit.exceeded","timestamp":"2025-12-02T17:11:25.110Z","outcome":"failure","metadata":{"key":"signin:ip:251.28.2.1","limit":10,"windowMs":60000,"count":10,"resetAt":"2025-12-02T17:12:25.110Z"}}
{"eventId":"048922f0-3427-4c2c-b189-688207243343","eventType":"auth.rate_limit.exceeded","timestamp":"2025-12-02T17:11:25.110Z","outcome":"failure","metadata":{"key":"signin:ip:3.59.1.172","limit":10,"windowMs":60000,"count":10,"resetAt":"2025-12-02T17:12:25.110Z"}}
{"eventId":"bdc0c1ed-43b4-40ed-98da-9db08e0067ee","eventType":"auth.rate_limit.exceeded","timestamp":"2025-12-02T17:11:25.110Z","outcome":"failure","metadata":{"key":"signin:ip:251.28.2.1","limit":10,"windowMs":60000,"count":10,"resetAt":"2025-12-02T17:12:25.110Z"}}
{"eventId":"d69aaf5d-0da6-4422-95a3-35be0fbd55f9","eventType":"auth.rate_limit.exceeded","timestamp":"2025-12-02T17:11:25.110Z","outcome":"failure","metadata":{"key":"signin:ip:219.228.2.72","limit":10,"windowMs":60000,"count":10,"resetAt":"2025-12-02T17:12:25.110Z"}}
{"eventId":"8910724c-aab4-4e30-a433-08804bcbfa77","eventType":"auth.rate_limit.exceeded","timestamp":"2025-12-02T17:11:25.110Z","outcome":"failure","metadata":{"key":"signin:ip:165.251.180.81","limit":10,"windowMs":60000,"count":10,"resetAt":"2025-12-02T17:12:25.110Z"}}
{"eventId":"1f495379-f9d5-4e82-8300-9b2c0c4876bf","eventType":"auth.rate_limit.exceeded","timestamp":"2025-12-02T17:11:25.110Z","outcome":"failure","metadata":{"key":"signin:ip:219.228.2.72","limit":10,"windowMs":60000,"count":10,"resetAt":"2025-12-02T17:12:25.110Z"}}
{"eventId":"ee7b4313-9835-4938-b568-1b183491a626","eventType":"auth.rate_limit.exceeded","timestamp":"2025-12-02T17:11:25.110Z","outcome":"failure","metadata":{"key":"signin:ip:5.59.191.172","limit":10,"windowMs":60000,"count":10,"resetAt":"2025-12-02T17:12:25.110Z"}}
{"eventId":"a9d1ca9c-0271-4c06-b249-816c6125545b","eventType":"auth.rate_limit.exceeded","timestamp":"2025-12-02T17:11:25.110Z","outcome":"failure","metadata":{"key":"signin:ip:52.132.46.225","limit":10,"windowMs":60000,"count":10,"resetAt":"2025-12-02T17:12:25.110Z"}}
{"eventId":"81940292-fb75-4cb4-9bbf-c0fe43909db3","eventType":"auth.rate_limit.exceeded","timestamp":"2025-12-02T17:11:25.110Z","outcome":"failure","metadata":{"key":"signin:ip:5.59.191.172","limit":10,"windowMs":60000,"count":10,"resetAt":"2025-12-02T17:12:25.110Z"}}
{"eventId":"09de784f-65f0-4f0d-8028-4dd0f617f75a","eventType":"auth.rate_limit.exceeded","timestamp":"2025-12-02T17:11:25.110Z","outcome":"failure","metadata":{"key":"signin:ip:254.104.5.248","limit":10,"windowMs":60000,"count":10,"resetAt":"2025-12-02T17:12:25.110Z"}}
{"eventId":"8bdab203-7f12-41fe-8612-a2d0913bef4a","eventType":"auth.rate_limit.exceeded","timestamp":"2025-12-02T17:11:25.110Z","outcome":"failure","metadata":{"key":"signin:ip:94.102.6.18","limit":10,"windowMs":60000,"count":10,"resetAt":"2025-12-02T17:12:25.110Z"}}
{"eventId":"4a930990-e6ec-4371-8662-43fa76871de8","eventType":"auth.rate_limit.exceeded","timestamp":"2025-12-02T17:11:25.110Z","outcome":"failure","metadata":{"key":"signin:ip:254.104.5.248","limit":10,"windowMs":60000,"count":10,"resetAt":"2025-12-02T17:12:25.110Z"}}
{"eventId":"3076dcc7-e7dc-4be4-893c-b2a1470f8e84","eventType":"auth.rate_limit.exceeded","timestamp":"2025-12-02T17:11:25.110Z","outcome":"failure","metadata":{"key":"signin:ip:249.229.252.198","limit":10,"windowMs":60000,"count":10,"resetAt":"2025-12-02T17:12:25.110Z"}}
{"eventId":"f5f636df-a5d0-436f-9046-3203f2e882f7","eventType":"auth.rate_limit.exceeded","timestamp":"2025-12-02T17:11:25.110Z","outcome":"failure","metadata":{"key":"signin:ip:6.79.94.4","limit":10,"windowMs":60000,"count":10,"resetAt":"2025-12-02T17:12:25.110Z"}}
{"eventId":"edaa30b2-56f4-4e72-a6ce-0f8d23adf36a","eventType":"auth.rate_limit.exceeded","timestamp":"2025-12-02T17:11:25.110Z","outcome":"failure","metadata":{"key":"signin:ip:249.229.252.198","limit":10,"windowMs":60000,"count":10,"resetAt":"2025-12-02T17:12:25.110Z"}}
{"eventId":"40b53814-a532-4192-bf9f-3a23fd9eae91","eventType":"auth.rate_limit.exceeded","timestamp":"2025-12-02T17:11:25.110Z","outcome":"failure","metadata":{"key":"signin:ip:247.254.204.210","limit":10,"windowMs":60000,"count":10,"resetAt":"2025-12-02T17:12:25.110Z"}}
{"eventId":"ca7ad525-e9bb-4eb8-bd01-50beddaaae16","eventType":"auth.rate_limit.exceeded","timestamp":"2025-12-02T17:11:25.110Z","outcome":"failure","metadata":{"key":"signin:ip:92.209.1.253","limit":10,"windowMs":60000,"count":10,"resetAt":"2025-12-02T17:12:25.110Z"}}
{"eventId":"e35dfc02-9e32-4588-9d19-bd4de01f83c0","eventType":"auth.rate_limit.exceeded","timestamp":"2025-12-02T17:11:25.110Z","outcome":"failure","metadata":{"key":"signin:ip:247.254.204.210","limit":10,"windowMs":60000,"count":10,"resetAt":"2025-12-02T17:12:25.110Z"}}
{"eventId":"f23a05d9-4f25-4b50-aed7-4e110d6331ff","eventType":"auth.rate_limit.exceeded","timestamp":"2025-12-02T17:11:25.110Z","outcome":"failure","metadata":{"key":"signin:ip:4.58.82.249","limit":10,"windowMs":60000,"count":10,"resetAt":"2025-12-02T17:12:25.110Z"}}
{"eventId":"9b23d414-7284-43e3-9ca9-ac1fc78f8743","eventType":"auth.rate_limit.exceeded","timestamp":"2025-12-02T17:11:25.110Z","outcome":"failure","metadata":{"key":"signin:ip:7.1.3.252","limit":10,"windowMs":60000,"count":10,"resetAt":"2025-12-02T17:12:25.110Z"}}
{"eventId":"e97f19ca-b5da-407f-b8b5-36e173ee576b","eventType":"auth.rate_limit.exceeded","timestamp":"2025-12-02T17:11:25.110Z","outcome":"failure","metadata":{"key":"signin:ip:4.58.82.249","limit":10,"windowMs":60000,"count":10,"resetAt":"2025-12-02T17:12:25.110Z"}}
{"eventId":"18ea7116-43b7-4ebe-be62-57f62c4d428c","eventType":"auth.rate_limit.exceeded","timestamp":"2025-12-02T17:11:25.110Z","outcome":"failure","metadata":{"key":"signin:ip:100.0.182.5","limit":10,"windowMs":60000,"count":10,"resetAt":"2025-12-02T17:12:25.110Z"}}
{"eventId":"abfbe844-7091-4dfa-b4a5-6dcf39e538ed","eventType":"auth.rate_limit.exceeded","timestamp":"2025-12-02T17:11:25.110Z","outcome":"failure","metadata":{"key":"signin:ip:221.24.104.255","limit":10,"windowMs":60000,"count":10,"resetAt":"2025-12-02T17:12:25.110Z"}}
{"eventId":"16c99035-ec7a-46ab-a6d1-a1fa8774867e","eventType":"auth.rate_limit.exceeded","timestamp":"2025-12-02T17:11:25.110Z","outcome":"failure","metadata":{"key":"signin:ip:100.0.182.5","limit":10,"windowMs":60000,"count":10,"resetAt":"2025-12-02T17:12:25.110Z"}}
{"eventId":"eb00ac86-66ac-4b93-be1e-76b80181af2e","eventType":"auth.rate_limit.exceeded","timestamp":"2025-12-02T17:11:25.110Z","outcome":"failure","metadata":{"key":"signin:ip:3.117.7.27","limit":10,"windowMs":60000,"count":10,"resetAt":"2025-12-02T17:12:25.110Z"}}
{"eventId":"5b00a954-d3be-46e8-8912-30bac2d22e7c","eventType":"auth.rate_limit.exceeded","timestamp":"2025-12-02T17:11:25.110Z","outcome":"failure","metadata":{"key":"signin:ip:170.151.47.249","limit":10,"windowMs":60000,"count":10,"resetAt":"2025-12-02T17:12:25.110Z"}}
{"eventId":"3324d28f-e186-4882-9e53-872952268444","eventType":"auth.rate_limit.exceeded","timestamp":"2025-12-02T17:11:25.110Z","outcome":"failure","metadata":{"key":"signin:ip:3.117.7.27","limit":10,"windowMs":60000,"count":10,"resetAt":"2025-12-02T17:12:25.110Z"}}
{"eventId":"4c537ee0-b9b9-42cb-8e5a-d9f4950347ac","eventType":"auth.rate_limit.exceeded","timestamp":"2025-12-02T17:11:25.110Z","outcome":"failure","metadata":{"key":"signin:ip:9.217.72.0","limit":10,"windowMs":60000,"count":10,"resetAt":"2025-12-02T17:12:25.110Z"}}
{"eventId":"7532b708-ec07-4287-b65b-10f0d32c39c4","eventType":"auth.rate_limit.exceeded","timestamp":"2025-12-02T17:11:25.110Z","outcome":"failure","metadata":{"key":"signin:ip:30.6.151.235","limit":10,"windowMs":60000,"count":10,"resetAt":"2025-12-02T17:12:25.110Z"}}
{"eventId":"6437ff61-d1c6-4bf4-875a-30424b30c5c6","eventType":"auth.rate_limit.exceeded","timestamp":"2025-12-02T17:11:25.110Z","outcome":"failure","metadata":{"key":"signin:ip:9.217.72.0","limit":10,"windowMs":60000,"count":10,"resetAt":"2025-12-02T17:12:25.110Z"}}
{"eventId":"fe30255b-c3b2-47f9-9266-22dd2dd5cba7","eventType":"auth.rate_limit.exceeded","timestamp":"2025-12-02T17:11:25.110Z","outcome":"failure","metadata":{"key":"signin:ip:7.5.202.220","limit":10,"windowMs":60000,"count":10,"resetAt":"2025-12-02T17:12:25.110Z"}}
{"eventId":"4f9fce6a-3285-451a-8520-02d14ae698d7","eventType":"auth.rate_limit.exceeded","timestamp":"2025-12-02T17:11:25.110Z","outcome":"failure","metadata":{"key":"signin:ip:184.253.4.45","limit":10,"windowMs":60000,"count":10,"resetAt":"2025-12-02T17:12:25.110Z"}}
{"eventId":"25fb3a37-d601-4368-8066-fb3b467e7841","eventType":"auth.rate_limit.exceeded","timestamp":"2025-12-02T17:11:25.110Z","outcome":"failure","metadata":{"key":"signin:ip:7.5.202.220","limit":10,"windowMs":60000,"count":10,"resetAt":"2025-12-02T17:12:25.110Z"}}
{"eventId":"8a7248fc-f4ff-422f-9515-7c506c137abd","eventType":"auth.rate_limit.exceeded","timestamp":"2025-12-02T17:11:25.110Z","outcome":"failure","metadata":{"key":"signin:ip:250.1.64.108","limit":10,"windowMs":60000,"count":10,"resetAt":"2025-12-02T17:12:25.110Z"}}
{"eventId":"143dd7f2-bcdd-4733-9385-b6cc995028e4","eventType":"auth.rate_limit.exceeded","timestamp":"2025-12-02T17:11:25.110Z","outcome":"failure","metadata":{"key":"signin:ip:138.84.3.117","limit":10,"windowMs":60000,"count":10,"resetAt":"2025-12-02T17:12:25.110Z"}}
{"eventId":"bbb992cc-a1ec-4227-ab87-e5329f46dac6","eventType":"auth.rate_limit.exceeded","timestamp":"2025-12-02T17:11:25.110Z","outcome":"failure","metadata":{"key":"signin:ip:250.1.64.108","limit":10,"windowMs":60000,"count":10,"resetAt":"2025-12-02T17:12:25.110Z"}}
{"eventId":"3d227db2-87a4-4cd8-86e6-3c570f4960c6","eventType":"auth.rate_limit.exceeded","timestamp":"2025-12-02T17:11:25.110Z","outcome":"failure","metadata":{"key":"signin:ip:0.225.121.15","limit":10,"windowMs":60000,"count":10,"resetAt":"2025-12-02T17:12:25.110Z"}}
{"eventId":"edd11d1d-34be-4ea3-bfc9-b26f7271962c","eventType":"auth.rate_limit.exceeded","timestamp":"2025-12-02T17:11:25.111Z","outcome":"failure","metadata":{"key":"signin:ip:250.58.8.216","limit":10,"windowMs":60000,"count":10,"resetAt":"2025-12-02T17:12:25.110Z"}}
{"eventId":"40d60493-f2b4-4ae4-9395-adabaf9fcf1b","eventType":"auth.rate_limit.exceeded","timestamp":"2025-12-02T17:11:25.111Z","outcome":"failure","metadata":{"key":"signin:ip:0.225.121.15","limit":10,"windowMs":60000,"count":10,"resetAt":"2025-12-02T17:12:25.110Z"}}
{"eventId":"ffbe0c67-4be3-4fbf-93af-fbc8c036740b","eventType":"auth.rate_limit.exceeded","timestamp":"2025-12-02T17:11:25.111Z","outcome":"failure","metadata":{"key":"signin:ip:28.96.2.1","limit":10,"windowMs":60000,"count":10,"resetAt":"2025-12-02T17:12:25.111Z"}}
{"eventId":"d21e478e-6d6f-4362-a83a-b4ea4d7f2438","eventType":"auth.rate_limit.exceeded","timestamp":"2025-12-02T17:11:25.111Z","outcome":"failure","metadata":{"key":"signin:ip:250.164.106.164","limit":10,"windowMs":60000,"count":10,"resetAt":"2025-12-02T17:12:25.111Z"}}
{"eventId":"fec3cd59-5ca0-4023-984b-4304e0d48561","eventType":"auth.rate_limit.exceeded","timestamp":"2025-12-02T17:11:25.111Z","outcome":"failure","metadata":{"key":"signin:ip:28.96.2.1","limit":10,"windowMs":60000,"count":10,"resetAt":"2025-12-02T17:12:25.111Z"}}
{"eventId":"56ccf952-823d-401b-a923-847a3b874c43","eventType":"auth.rate_limit.exceeded","timestamp":"2025-12-02T17:11:25.111Z","outcome":"failure","metadata":{"key":"signin:ip:98.137.253.4","limit":10,"windowMs":60000,"count":10,"resetAt":"2025-12-02T17:12:25.111Z"}}
{"eventId":"52734385-0ed5-40fc-9246-5d88b80e2e43","eventType":"auth.rate_limit.exceeded","timestamp":"2025-12-02T17:11:25.111Z","outcome":"failure","metadata":{"key":"signin:ip:95.6.58.110","limit":10,"windowMs":60000,"count":10,"resetAt":"2025-12-02T17:12:25.111Z"}}
{"eventId":"2157c194-1026-4d6c-8d13-fab0a648ea23","eventType":"auth.rate_limit.exceeded","timestamp":"2025-12-02T17:11:25.111Z","outcome":"failure","metadata":{"key":"signin:ip:98.137.253.4","limit":10,"windowMs":60000,"count":10,"resetAt":"2025-12-02T17:12:25.111Z"}}
{"eventId":"3169c668-4318-4fd1-9bf1-98ab942cdd2c","eventType":"auth.rate_limit.exceeded","timestamp":"2025-12-02T17:11:25.111Z","outcome":"failure","metadata":{"key":"signin:ip:0.101.86.98","limit":10,"windowMs":60000,"count":10,"resetAt":"2025-12-02T17:12:25.111Z"}}
{"eventId":"e4a78b43-938b-40b6-b7fa-bd5c9e1a1e83","eventType":"auth.rate_limit.exceeded","timestamp":"2025-12-02T17:11:25.111Z","outcome":"failure","metadata":{"key":"signin:ip:4.253.0.0","limit":10,"windowMs":60000,"count":10,"resetAt":"2025-12-02T17:12:25.111Z"}}
{"eventId":"26013fbf-9a1c-4341-8ea0-d938207bc4ea","eventType":"auth.rate_limit.exceeded","timestamp":"2025-12-02T17:11:25.111Z","outcome":"failure","metadata":{"key":"signin:ip:0.101.86.98","limit":10,"windowMs":60000,"count":10,"resetAt":"2025-12-02T17:12:25.111Z"}}
{"eventId":"1e385266-3804-45b6-a9b5-045a10439777","eventType":"auth.rate_limit.exceeded","timestamp":"2025-12-02T17:11:25.111Z","outcome":"failure","metadata":{"key":"signin:ip:31.7.174.159","limit":10,"windowMs":60000,"count":10,"resetAt":"2025-12-02T17:12:25.111Z"}}
{"eventId":"f717a2c7-70d0-4734-905a-6fcbb5ab0354","eventType":"auth.rate_limit.exceeded","timestamp":"2025-12-02T17:11:25.111Z","outcome":"failure","metadata":{"key":"signin:ip:83.149.112.63","limit":10,"windowMs":60000,"count":10,"resetAt":"2025-12-02T17:12:25.111Z"}}
{"eventId":"efa87550-3e89-45fd-b4e6-3fb35e77c764","eventType":"auth.rate_limit.exceeded","timestamp":"2025-12-02T17:11:25.111Z","outcome":"failure","metadata":{"key":"signin:ip:31.7.174.159","limit":10,"windowMs":60000,"count":10,"resetAt":"2025-12-02T17:12:25.111Z"}}
{"eventId":"f7b54163-0bd3-4d98-8c9e-6defbcf561dc","eventType":"auth.rate_limit.exceeded","timestamp":"2025-12-02T17:11:25.111Z","outcome":"failure","metadata":{"key":"signin:ip:22.204.208.205","limit":10,"windowMs":60000,"count":10,"resetAt":"2025-12-02T17:12:25.111Z"}}
{"eventId":"c924a507-4b42-4cec-9ec9-7aff2c22e364","eventType":"auth.rate_limit.exceeded","timestamp":"2025-12-02T17:11:25.111Z","outcome":"failure","metadata":{"key":"signin:ip:62.254.37.0","limit":10,"windowMs":60000,"count":10,"resetAt":"2025-12-02T17:12:25.111Z"}}
{"eventId":"070fb9c8-0820-4209-b60a-766a3cd68838","eventType":"auth.rate_limit.exceeded","timestamp":"2025-12-02T17:11:25.111Z","outcome":"failure","metadata":{"key":"signin:ip:22.204.208.205","limit":10,"windowMs":60000,"count":10,"resetAt":"2025-12-02T17:12:25.111Z"}}
{"eventId":"13ce3513-5884-4394-aaa5-14b00172e888","eventType":"auth.rate_limit.exceeded","timestamp":"2025-12-02T17:11:25.111Z","outcome":"failure","metadata":{"key":"signin:ip:38.127.111.50","limit":10,"windowMs":60000,"count":10,"resetAt":"2025-12-02T17:12:25.111Z"}}
{"eventId":"6f28c2b8-511c-4f8f-9f89-43c02d6241b4","eventType":"auth.rate_limit.exceeded","timestamp":"2025-12-02T17:11:25.111Z","outcome":"failure","metadata":{"key":"signin:ip:1.0.3.18","limit":10,"windowMs":60000,"count":10,"resetAt":"2025-12-02T17:12:25.111Z"}}
{"eventId":"95d6f706-6a28-4232-8ce8-f1e704a2405c","eventType":"auth.rate_limit.exceeded","timestamp":"2025-12-02T17:11:25.111Z","outcome":"failure","metadata":{"key":"signin:ip:38.127.111.50","limit":10,"windowMs":60000,"count":10,"resetAt":"2025-12-02T17:12:25.111Z"}}
{"eventId":"e002c671-2342-4669-879a-4cba39352af5","eventType":"auth.rate_limit.exceeded","timestamp":"2025-12-02T17:11:25.111Z","outcome":"failure","metadata":{"key":"signin:ip:87.163.88.87","limit":10,"windowMs":60000,"count":10,"resetAt":"2025-12-02T17:12:25.111Z"}}
{"eventId":"9e6c68b7-1414-419c-8271-28bf634e6d63","eventType":"auth.rate_limit.exceeded","timestamp":"2025-12-02T17:11:25.111Z","outcome":"failure","metadata":{"key":"signin:ip:2.3.163.41","limit":10,"windowMs":60000,"count":10,"resetAt":"2025-12-02T17:12:25.111Z"}}
{"eventId":"46186a74-0028-4274-8c5a-d1063f17c176","eventType":"auth.rate_limit.exceeded","timestamp":"2025-12-02T17:11:25.111Z","outcome":"failure","metadata":{"key":"signin:ip:87.163.88.87","limit":10,"windowMs":60000,"count":10,"resetAt":"2025-12-02T17:12:25.111Z"}}
{"eventId":"9067da1d-03fa-476c-b96f-90ca516c613f","eventType":"auth.rate_limit.exceeded","timestamp":"2025-12-02T17:11:25.111Z","outcome":"failure","metadata":{"key":"signin:ip:2.34.204.53","limit":10,"windowMs":60000,"count":10,"resetAt":"2025-12-02T17:12:25.111Z"}}
{"eventId":"0bfe71f3-2fa7-43b8-8ddf-c0baf0a92985","eventType":"auth.rate_limit.exceeded","timestamp":"2025-12-02T17:11:25.111Z","outcome":"failure","metadata":{"key":"signin:ip:0.4.149.9","limit":10,"windowMs":60000,"count":10,"resetAt":"2025-12-02T17:12:25.111Z"}}
{"eventId":"e437e651-ea25-4b9a-aa34-039cd0a34730","eventType":"auth.rate_limit.exceeded","timestamp":"2025-12-02T17:11:25.111Z","outcome":"failure","metadata":{"key":"signin:ip:2.34.204.53","limit":10,"windowMs":60000,"count":10,"resetAt":"2025-12-02T17:12:25.111Z"}}
{"eventId":"cd5746cd-7e92-4064-8abb-307bbe5e8394","eventType":"auth.rate_limit.exceeded","timestamp":"2025-12-02T17:11:25.111Z","outcome":"failure","metadata":{"key":"signin:ip:95.210.156.253","limit":10,"windowMs":60000,"count":10,"resetAt":"2025-12-02T17:12:25.111Z"}}
{"eventId":"87d0db3b-42b8-46f0-bd74-91c68537150b","eventType":"auth.rate_limit.exceeded","timestamp":"2025-12-02T17:11:25.112Z","outcome":"failure","metadata":{"key":"signin:ip:243.154.83.98","limit":10,"windowMs":60000,"count":10,"resetAt":"2025-12-02T17:12:25.111Z"}}
{"eventId":"ab80640f-50bc-495d-8974-8827bf27a8bc","eventType":"auth.rate_limit.exceeded","timestamp":"2025-12-02T17:11:25.112Z","outcome":"failure","metadata":{"key":"signin:ip:95.210.156.253","limit":10,"windowMs":60000,"count":10,"resetAt":"2025-12-02T17:12:25.111Z"}}
{"eventId":"7e363227-ab7b-4386-b715-d4c14d7ced51","eventType":"auth.rate_limit.exceeded","timestamp":"2025-12-02T17:11:25.112Z","outcome":"failure","metadata":{"key":"signin:ip:97.86.37.57","limit":10,"windowMs":60000,"count":10,"resetAt":"2025-12-02T17:12:25.112Z"}}
{"eventId":"890b94d5-a023-458f-99a6-b72957673b41","eventType":"auth.rate_limit.exceeded","timestamp":"2025-12-02T17:11:25.112Z","outcome":"failure","metadata":{"key":"signin:ip:3.253.6.1","limit":10,"windowMs":60000,"count":10,"resetAt":"2025-12-02T17:12:25.112Z"}}
{"eventId":"086869d6-8593-466b-9a29-298dc1194335","eventType":"auth.rate_limit.exceeded","timestamp":"2025-12-02T17:11:25.112Z","outcome":"failure","metadata":{"key":"signin:ip:97.86.37.57","limit":10,"windowMs":60000,"count":10,"resetAt":"2025-12-02T17:12:25.112Z"}}
{"eventId":"7837ec1f-5cc2-4556-8a85-98062e583a27","eventType":"auth.rate_limit.exceeded","timestamp":"2025-12-02T17:11:25.112Z","outcome":"failure","metadata":{"key":"signin:ip:196.255.72.135","limit":10,"windowMs":60000,"count":10,"resetAt":"2025-12-02T17:12:25.112Z"}}
{"eventId":"8b0ebab0-83cf-4c0f-a30c-7727c405963e","eventType":"auth.rate_limit.exceeded","timestamp":"2025-12-02T17:11:25.112Z","outcome":"failure","metadata":{"key":"signin:ip:253.7.167.0","limit":10,"windowMs":60000,"count":10,"resetAt":"2025-12-02T17:12:25.112Z"}}
{"eventId":"a668ef1e-28e6-49da-902f-1dbacc1ee057","eventType":"auth.rate_limit.exceeded","timestamp":"2025-12-02T17:11:25.112Z","outcome":"failure","metadata":{"key":"signin:ip:196.255.72.135","limit":10,"windowMs":60000,"count":10,"resetAt":"2025-12-02T17:12:25.112Z"}}
{"eventId":"08b1d730-1257-4d04-a1ad-bd63af19cff8","eventType":"auth.rate_limit.exceeded","timestamp":"2025-12-02T17:11:25.112Z","outcome":"failure","metadata":{"key":"signin:ip:4.3.2.4","limit":10,"windowMs":60000,"count":10,"resetAt":"2025-12-02T17:12:25.112Z"}}
{"eventId":"63e57268-5d28-4eed-a3bf-dd754357366c","eventType":"auth.rate_limit.exceeded","timestamp":"2025-12-02T17:11:25.112Z","outcome":"failure","metadata":{"key":"signin:ip:17.36.222.252","limit":10,"windowMs":60000,"count":10,"resetAt":"2025-12-02T17:12:25.112Z"}}
{"eventId":"b1942021-e879-4e87-8a8e-6a7f0a2b45be","eventType":"auth.rate_limit.exceeded","timestamp":"2025-12-02T17:11:25.112Z","outcome":"failure","metadata":{"key":"signin:ip:4.3.2.4","limit":10,"windowMs":60000,"count":10,"resetAt":"2025-12-02T17:12:25.112Z"}}
{"eventId":"87db8c3f-17fe-44c4-b10a-7fcb4a04f8e0","eventType":"auth.rate_limit.exceeded","timestamp":"2025-12-02T17:11:25.112Z","outcome":"failure","metadata":{"key":"signin:ip:83.45.133.241","limit":10,"windowMs":60000,"count":10,"resetAt":"2025-12-02T17:12:25.112Z"}}
{"eventId":"05f78cb5-c03a-4e84-9258-bbf49824a1ce","eventType":"auth.rate_limit.exceeded","timestamp":"2025-12-02T17:11:25.112Z","outcome":"failure","metadata":{"key":"signin:ip:10.170.7.107","limit":10,"windowMs":60000,"count":10,"resetAt":"2025-12-02T17:12:25.112Z"}}
{"eventId":"bc20b2aa-b2fc-4b55-a9bc-25404f987edc","eventType":"auth.rate_limit.exceeded","timestamp":"2025-12-02T17:11:25.112Z","outcome":"failure","metadata":{"key":"signin:ip:83.45.133.241","limit":10,"windowMs":60000,"count":10,"resetAt":"2025-12-02T17:12:25.112Z"}}
{"eventId":"3895d60a-340f-489a-a3b6-250f51e5762c","eventType":"auth.rate_limit.exceeded","timestamp":"2025-12-02T17:11:25.112Z","outcome":"failure","metadata":{"key":"signin:ip:248.110.215.6","limit":10,"windowMs":60000,"count":10,"resetAt":"2025-12-02T17:12:25.112Z"}}
{"eventId":"0a8fc30c-a0f5-4147-b172-faeec1772c7e","eventType":"auth.rate_limit.exceeded","timestamp":"2025-12-02T17:11:25.112Z","outcome":"failure","metadata":{"key":"signin:ip:247.122.193.116","limit":10,"windowMs":60000,"count":10,"resetAt":"2025-12-02T17:12:25.112Z"}}
{"eventId":"d4a1f676-2b42-473e-ac2a-e75048729c71","eventType":"auth.rate_limit.exceeded","timestamp":"2025-12-02T17:11:25.112Z","outcome":"failure","metadata":{"key":"signin:ip:248.110.215.6","limit":10,"windowMs":60000,"count":10,"resetAt":"2025-12-02T17:12:25.112Z"}}
{"eventId":"1bc19406-e816-46b2-9993-1a8d35509ec5","eventType":"auth.rate_limit.exceeded","timestamp":"2025-12-02T17:11:25.112Z","outcome":"failure","metadata":{"key":"signin:ip:4.42.121.96","limit":10,"windowMs":60000,"count":10,"resetAt":"2025-12-02T17:12:25.112Z"}}
{"eventId":"43a37e4d-0dfb-41e8-b78f-6c6271a106d0","eventType":"auth.rate_limit.exceeded","timestamp":"2025-12-02T17:11:25.112Z","outcome":"failure","metadata":{"key":"signin:ip:130.80.219.7","limit":10,"windowMs":60000,"count":10,"resetAt":"2025-12-02T17:12:25.112Z"}}
{"eventId":"7ff4a8c2-cf20-4c26-9e55-ebfb457ce983","eventType":"auth.rate_limit.exceeded","timestamp":"2025-12-02T17:11:25.112Z","outcome":"failure","metadata":{"key":"signin:ip:4.42.121.96","limit":10,"windowMs":60000,"count":10,"resetAt":"2025-12-02T17:12:25.112Z"}}
{"eventId":"ce7526a7-58c7-452c-98fe-a6e77c0b6c20","eventType":"auth.rate_limit.exceeded","timestamp":"2025-12-02T17:11:25.112Z","outcome":"failure","metadata":{"key":"signin:ip:55.254.9.81","limit":10,"windowMs":60000,"count":10,"resetAt":"2025-12-02T17:12:25.112Z"}}
{"eventId":"f9ae269e-200c-4424-845d-e6cbaf94bf82","eventType":"auth.rate_limit.exceeded","timestamp":"2025-12-02T17:11:25.112Z","outcome":"failure","metadata":{"key":"signin:ip:235.252.89.2","limit":10,"windowMs":60000,"count":10,"resetAt":"2025-12-02T17:12:25.112Z"}}
{"eventId":"d1577c4f-48a2-4df7-85ba-3be5c955e34a","eventType":"auth.rate_limit.exceeded","timestamp":"2025-12-02T17:11:25.112Z","outcome":"failure","metadata":{"key":"signin:ip:55.254.9.81","limit":10,"windowMs":60000,"count":10,"resetAt":"2025-12-02T17:12:25.112Z"}}
{"eventId":"c5b7d43e-2651-46de-ad9a-e558c34ac31c","eventType":"auth.rate_limit.exceeded","timestamp":"2025-12-02T17:11:25.112Z","outcome":"failure","metadata":{"key":"signin:ip:0.126.135.2","limit":10,"windowMs":60000,"count":10,"resetAt":"2025-12-02T17:12:25.112Z"}}
{"eventId":"2f82de97-86a2-41af-ba9c-8bec040540ef","eventType":"auth.rate_limit.exceeded","timestamp":"2025-12-02T17:11:25.112Z","outcome":"failure","metadata":{"key":"signin:ip:80.248.71.54","limit":10,"windowMs":60000,"count":10,"resetAt":"2025-12-02T17:12:25.112Z"}}
{"eventId":"d45614ef-86da-45ba-9778-4fecf38b12c4","eventType":"auth.rate_limit.exceeded","timestamp":"2025-12-02T17:11:25.112Z","outcome":"failure","metadata":{"key":"signin:ip:0.126.135.2","limit":10,"windowMs":60000,"count":10,"resetAt":"2025-12-02T17:12:25.112Z"}}
{"eventId":"6069ab78-957d-4eea-85d7-4fe8243a7f67","eventType":"auth.rate_limit.exceeded","timestamp":"2025-12-02T17:11:25.112Z","outcome":"failure","metadata":{"key":"signin:ip:86.174.213.139","limit":10,"windowMs":60000,"count":10,"resetAt":"2025-12-02T17:12:25.112Z"}}
{"eventId":"be3d5028-3b2f-4e4e-ab9f-c9089d824d18","eventType":"auth.rate_limit.exceeded","timestamp":"2025-12-02T17:11:25.112Z","outcome":"failure","metadata":{"key":"signin:ip:80.61.66.5","limit":10,"windowMs":60000,"count":10,"resetAt":"2025-12-02T17:12:25.112Z"}}
{"eventId":"1ae7d675-4c10-4f1b-ae71-5a4bba8c20d2","eventType":"auth.rate_limit.exceeded","timestamp":"2025-12-02T17:11:25.112Z","outcome":"failure","metadata":{"key":"signin:ip:86.174.213.139","limit":10,"windowMs":60000,"count":10,"resetAt":"2025-12-02T17:12:25.112Z"}}
{"eventId":"d92f7b1b-6398-4de9-b044-0b99e3c1cd6e","eventType":"auth.rate_limit.exceeded","timestamp":"2025-12-02T17:11:25.112Z","outcome":"failure","metadata":{"key":"signin:ip:7.49.124.83","limit":10,"windowMs":60000,"count":10,"resetAt":"2025-12-02T17:12:25.112Z"}}
{"eventId":"0ca70146-0d0d-41e5-afbd-1e714ca3fb02","eventType":"auth.rate_limit.exceeded","timestamp":"2025-12-02T17:11:25.112Z","outcome":"failure","metadata":{"key":"signin:ip:253.192.60.0","limit":10,"windowMs":60000,"count":10,"resetAt":"2025-12-02T17:12:25.112Z"}}
{"eventId":"b2a48a83-0e57-4034-8528-33fa14b49db9","eventType":"auth.rate_limit.exceeded","timestamp":"2025-12-02T17:11:25.112Z","outcome":"failure","metadata":{"key":"signin:ip:7.49.124.83","limit":10,"windowMs":60000,"count":10,"resetAt":"2025-12-02T17:12:25.112Z"}}
{"eventId":"353bf4a9-1169-4565-be0f-7ff46ae64caf","eventType":"auth.rate_limit.exceeded","timestamp":"2025-12-02T17:11:25.112Z","outcome":"failure","metadata":{"key":"signin:ip:226.250.1.249","limit":10,"windowMs":60000,"count":10,"resetAt":"2025-12-02T17:12:25.112Z"}}
{"eventId":"340e42c1-3584-4123-9ff5-827443d31906","eventType":"auth.rate_limit.exceeded","timestamp":"2025-12-02T17:11:25.112Z","outcome":"failure","metadata":{"key":"signin:ip:5.149.13.39","limit":10,"windowMs":60000,"count":10,"resetAt":"2025-12-02T17:12:25.112Z"}}
{"eventId":"a04cb04a-2945-4af4-9268-5aeeaca6d52e","eventType":"auth.rate_limit.exceeded","timestamp":"2025-12-02T17:11:25.112Z","outcome":"failure","metadata":{"key":"signin:ip:226.250.1.249","limit":10,"windowMs":60000,"count":10,"resetAt":"2025-12-02T17:12:25.112Z"}}
{"eventId":"89ef4691-2a9e-446a-abcf-60f765b03dcf","eventType":"auth.rate_limit.exceeded","timestamp":"2025-12-02T17:11:25.112Z","outcome":"failure","metadata":{"key":"signin:ip:4.2.201.8","limit":10,"windowMs":60000,"count":10,"resetAt":"2025-12-02T17:12:25.112Z"}}
{"eventId":"d4ceae81-aaf8-4ec5-ba4f-69e320a8e306","eventType":"auth.rate_limit.exceeded","timestamp":"2025-12-02T17:11:25.112Z","outcome":"failure","metadata":{"key":"signin:ip:0.227.103.252","limit":10,"windowMs":60000,"count":10,"resetAt":"2025-12-02T17:12:25.112Z"}}
{"eventId":"28129c60-a8ca-4cba-806d-5ea65441949b","eventType":"auth.rate_limit.exceeded","timestamp":"2025-12-02T17:11:25.112Z","outcome":"failure","metadata":{"key":"signin:ip:4.2.201.8","limit":10,"windowMs":60000,"count":10,"resetAt":"2025-12-02T17:12:25.112Z"}}
{"eventId":"32222897-3e3b-4eb0-9988-ca492ca6f151","eventType":"auth.rate_limit.exceeded","timestamp":"2025-12-02T17:11:25.112Z","outcome":"failure","metadata":{"key":"signin:ip:121.120.203.22","limit":10,"windowMs":60000,"count":10,"resetAt":"2025-12-02T17:12:25.112Z"}}
{"eventId":"a14f034f-f687-4dc9-8d7a-2b34e6701a5d","eventType":"auth.rate_limit.exceeded","timestamp":"2025-12-02T17:11:25.112Z","outcome":"failure","metadata":{"key":"signin:ip:154.1.7.89","limit":10,"windowMs":60000,"count":10,"resetAt":"2025-12-02T17:12:25.112Z"}}
{"eventId":"fe729b19-d1d1-48fd-be71-cf67b703b2e2","eventType":"auth.rate_limit.exceeded","timestamp":"2025-12-02T17:11:25.112Z","outcome":"failure","metadata":{"key":"signin:ip:121.120.203.22","limit":10,"windowMs":60000,"count":10,"resetAt":"2025-12-02T17:12:25.112Z"}}
{"eventId":"22504b52-97ae-493d-83ee-e1c8aee8742f","eventType":"auth.rate_limit.exceeded","timestamp":"2025-12-02T17:11:25.112Z","outcome":"failure","metadata":{"key":"signin:ip:250.176.110.1","limit":10,"windowMs":60000,"count":10,"resetAt":"2025-12-02T17:12:25.112Z"}}
{"eventId":"1b039f0e-cfad-4c2c-b607-f09cee1ad7da","eventType":"auth.rate_limit.exceeded","timestamp":"2025-12-02T17:11:25.112Z","outcome":"failure","metadata":{"key":"signin:ip:100.36.252.224","limit":10,"windowMs":60000,"count":10,"resetAt":"2025-12-02T17:12:25.112Z"}}
{"eventId":"f53db7b9-e354-4c8e-abf5-1c3a6e2e9f8a","eventType":"auth.rate_limit.exceeded","timestamp":"2025-12-02T17:11:25.112Z","outcome":"failure","metadata":{"key":"signin:ip:250.176.110.1","limit":10,"windowMs":60000,"count":10,"resetAt":"2025-12-02T17:12:25.112Z"}}
{"eventId":"cad2717c-d807-4f7f-aaf6-57e9c4e53588","eventType":"auth.rate_limit.exceeded","timestamp":"2025-12-02T17:11:25.112Z","outcome":"failure","metadata":{"key":"signin:ip:14.35.82.26","limit":10,"windowMs":60000,"count":10,"resetAt":"2025-12-02T17:12:25.112Z"}}
{"eventId":"6fe6c0b1-b3c1-464e-911c-3f32cf8184e2","eventType":"auth.rate_limit.exceeded","timestamp":"2025-12-02T17:11:25.112Z","outcome":"failure","metadata":{"key":"signin:ip:44.158.33.146","limit":10,"windowMs":60000,"count":10,"resetAt":"2025-12-02T17:12:25.112Z"}}
{"eventId":"a459148c-9ca2-4f6c-ad1d-6d14fd9edffc","eventType":"auth.rate_limit.exceeded","timestamp":"2025-12-02T17:11:25.112Z","outcome":"failure","metadata":{"key":"signin:ip:14.35.82.26","limit":10,"windowMs":60000,"count":10,"resetAt":"2025-12-02T17:12:25.112Z"}}
{"eventId":"2e5ed1f6-215a-4368-a6d2-8273921ca0e7","eventType":"auth.rate_limit.exceeded","timestamp":"2025-12-02T17:11:25.112Z","outcome":"failure","metadata":{"key":"signin:ip:254.119.4.61","limit":10,"windowMs":60000,"count":10,"resetAt":"2025-12-02T17:12:25.112Z"}}
{"eventId":"9ddc463e-1ed7-474b-a15d-e5638b059d01","eventType":"auth.rate_limit.exceeded","timestamp":"2025-12-02T17:11:25.112Z","outcome":"failure","metadata":{"key":"signin:ip:126.105.19.99","limit":10,"windowMs":60000,"count":10,"resetAt":"2025-12-02T17:12:25.112Z"}}
{"eventId":"f52a1142-48d9-4028-8f4e-7e5c9e015163","eventType":"auth.rate_limit.exceeded","timestamp":"2025-12-02T17:11:25.112Z","outcome":"failure","metadata":{"key":"signin:ip:254.119.4.61","limit":10,"windowMs":60000,"count":10,"resetAt":"2025-12-02T17:12:25.112Z"}}
{"eventId":"df88127a-aac2-4c11-8abe-4512dfbe2bae","eventType":"auth.rate_limit.exceeded","timestamp":"2025-12-02T17:11:25.112Z","outcome":"failure","metadata":{"key":"signin:ip:229.24.132.70","limit":10,"windowMs":60000,"count":10,"resetAt":"2025-12-02T17:12:25.112Z"}}
{"eventId":"dca3506c-3262-4802-98a9-f58f7e0fd993","eventType":"auth.rate_limit.exceeded","timestamp":"2025-12-02T17:11:25.112Z","outcome":"failure","metadata":{"key":"signin:ip:75.208.48.167","limit":10,"windowMs":60000,"count":10,"resetAt":"2025-12-02T17:12:25.112Z"}}
{"eventId":"32488956-d9f1-459a-bacb-8961965386e8","eventType":"auth.rate_limit.exceeded","timestamp":"2025-12-02T17:11:25.112Z","outcome":"failure","metadata":{"key":"signin:ip:229.24.132.70","limit":10,"windowMs":60000,"count":10,"resetAt":"2025-12-02T17:12:25.112Z"}}
{"eventId":"6f5939d4-2d85-4c5b-9dc9-4b2d557ca622","eventType":"auth.rate_limit.exceeded","timestamp":"2025-12-02T17:11:25.112Z","outcome":"failure","metadata":{"key":"signin:ip:16.49.233.147","limit":10,"windowMs":60000,"count":10,"resetAt":"2025-12-02T17:12:25.112Z"}}
{"eventId":"94d52e88-06fc-4504-b3bb-b55b81ff629a","eventType":"auth.rate_limit.exceeded","timestamp":"2025-12-02T17:11:25.113Z","outcome":"failure","metadata":{"key":"signin:ip:6.156.248.158","limit":10,"windowMs":60000,"count":10,"resetAt":"2025-12-02T17:12:25.113Z"}}
{"eventId":"0cf622cf-d0f9-4672-95ac-14dc6ff39a9e","eventType":"auth.rate_limit.exceeded","timestamp":"2025-12-02T17:11:25.113Z","outcome":"failure","metadata":{"key":"signin:ip:16.49.233.147","limit":10,"windowMs":60000,"count":10,"resetAt":"2025-12-02T17:12:25.112Z"}}
{"eventId":"aa62919f-b689-4849-985f-1c43f44f45f0","eventType":"auth.rate_limit.exceeded","timestamp":"2025-12-02T17:11:25.113Z","outcome":"failure","metadata":{"key":"signin:ip:126.2.17.230","limit":10,"windowMs":60000,"count":10,"resetAt":"2025-12-02T17:12:25.113Z"}}
{"eventId":"29f46ff4-c31d-4a4c-98ea-1014af2c4194","eventType":"auth.rate_limit.exceeded","timestamp":"2025-12-02T17:11:25.113Z","outcome":"failure","metadata":{"key":"signin:ip:6.239.250.92","limit":10,"windowMs":60000,"count":10,"resetAt":"2025-12-02T17:12:25.113Z"}}
{"eventId":"cfeda902-1838-48cd-90cc-0b9223000367","eventType":"auth.rate_limit.exceeded","timestamp":"2025-12-02T17:11:25.113Z","outcome":"failure","metadata":{"key":"signin:ip:126.2.17.230","limit":10,"windowMs":60000,"count":10,"resetAt":"2025-12-02T17:12:25.113Z"}}
{"eventId":"65e55f0d-eb33-446e-8eea-ec1a90cf06a4","eventType":"auth.rate_limit.exceeded","timestamp":"2025-12-02T17:11:25.113Z","outcome":"failure","metadata":{"key":"signin:ip:42.191.107.248","limit":10,"windowMs":60000,"count":10,"resetAt":"2025-12-02T17:12:25.113Z"}}
{"eventId":"2cde6bca-d571-4867-81a0-2ee09fe9d97b","eventType":"auth.rate_limit.exceeded","timestamp":"2025-12-02T17:11:25.113Z","outcome":"failure","metadata":{"key":"signin:ip:241.2.231.5","limit":10,"windowMs":60000,"count":10,"resetAt":"2025-12-02T17:12:25.113Z"}}
{"eventId":"5392fb49-21ce-41c7-b70f-81740294cf47","eventType":"auth.rate_limit.exceeded","timestamp":"2025-12-02T17:11:25.113Z","outcome":"failure","metadata":{"key":"signin:ip:42.191.107.248","limit":10,"windowMs":60000,"count":10,"resetAt":"2025-12-02T17:12:25.113Z"}}
{"eventId":"9033e9cd-3cee-49f4-8b88-34c68c1465f1","eventType":"auth.rate_limit.exceeded","timestamp":"2025-12-02T17:11:25.113Z","outcome":"failure","metadata":{"key":"signin:ip:127.3.253.43","limit":10,"windowMs":60000,"count":10,"resetAt":"2025-12-02T17:12:25.113Z"}}
{"eventId":"9e5cf8dc-d34c-442a-b229-2c65f7c4d43e","eventType":"auth.rate_limit.exceeded","timestamp":"2025-12-02T17:11:25.113Z","outcome":"failure","metadata":{"key":"signin:ip:170.80.23.245","limit":10,"windowMs":60000,"count":10,"resetAt":"2025-12-02T17:12:25.113Z"}}
{"eventId":"f4869f82-1e50-4f35-a814-9d8862b5325b","eventType":"auth.rate_limit.exceeded","timestamp":"2025-12-02T17:11:25.113Z","outcome":"failure","metadata":{"key":"signin:ip:127.3.253.43","limit":10,"windowMs":60000,"count":10,"resetAt":"2025-12-02T17:12:25.113Z"}}
{"eventId":"de07db97-41bb-41d3-94f6-0c634b2c37f9","eventType":"auth.rate_limit.exceeded","timestamp":"2025-12-02T17:11:25.113Z","outcome":"failure","metadata":{"key":"signin:ip:1.2.6.129","limit":10,"windowMs":60000,"count":10,"resetAt":"2025-12-02T17:12:25.113Z"}}
{"eventId":"c2ea2a60-57df-479d-9367-8b6856fae15a","eventType":"auth.rate_limit.exceeded","timestamp":"2025-12-02T17:11:25.113Z","outcome":"failure","metadata":{"key":"signin:ip:7.222.222.76","limit":10,"windowMs":60000,"count":10,"resetAt":"2025-12-02T17:12:25.113Z"}}
{"eventId":"49a36278-49b5-45c5-9529-cb0433acc83f","eventType":"auth.rate_limit.exceeded","timestamp":"2025-12-02T17:11:25.113Z","outcome":"failure","metadata":{"key":"signin:ip:1.2.6.129","limit":10,"windowMs":60000,"count":10,"resetAt":"2025-12-02T17:12:25.113Z"}}
{"eventId":"37bfbda3-4eb5-46ab-bb23-69271c441790","eventType":"auth.rate_limit.exceeded","timestamp":"2025-12-02T17:11:25.113Z","outcome":"failure","metadata":{"key":"signin:ip:1.254.3.1","limit":10,"windowMs":60000,"count":10,"resetAt":"2025-12-02T17:12:25.113Z"}}
{"eventId":"c4b5c085-01a3-45ef-89d1-42940df2ff01","eventType":"auth.rate_limit.exceeded","timestamp":"2025-12-02T17:11:25.113Z","outcome":"failure","metadata":{"key":"signin:ip:60.253.5.15","limit":10,"windowMs":60000,"count":10,"resetAt":"2025-12-02T17:12:25.113Z"}}
{"eventId":"af128105-2190-40dd-8377-670b4e7f37e6","eventType":"auth.rate_limit.exceeded","timestamp":"2025-12-02T17:11:25.113Z","outcome":"failure","metadata":{"key":"signin:ip:1.254.3.1","limit":10,"windowMs":60000,"count":10,"resetAt":"2025-12-02T17:12:25.113Z"}}
{"eventId":"94d47ee8-5bfc-4595-bd0c-31d2bcd09d6c","eventType":"auth.rate_limit.exceeded","timestamp":"2025-12-02T17:11:25.113Z","outcome":"failure","metadata":{"key":"signin:ip:79.105.2.139","limit":10,"windowMs":60000,"count":10,"resetAt":"2025-12-02T17:12:25.113Z"}}
{"eventId":"b13851be-687c-4276-977d-fd0c47c2a99d","eventType":"auth.rate_limit.exceeded","timestamp":"2025-12-02T17:11:25.113Z","outcome":"failure","metadata":{"key":"signin:ip:197.253.252.250","limit":10,"windowMs":60000,"count":10,"resetAt":"2025-12-02T17:12:25.113Z"}}
{"eventId":"b3876ea9-29ce-494d-9d35-2a92cdac2116","eventType":"auth.rate_limit.exceeded","timestamp":"2025-12-02T17:11:25.113Z","outcome":"failure","metadata":{"key":"signin:ip:79.105.2.139","limit":10,"windowMs":60000,"count":10,"resetAt":"2025-12-02T17:12:25.113Z"}}
{"eventId":"d727c9e9-7f23-4c7f-8a0d-4672b3cbad1c","eventType":"auth.rate_limit.exceeded","timestamp":"2025-12-02T17:11:25.113Z","outcome":"failure","metadata":{"key":"signin:ip:0.16.17.70","limit":10,"windowMs":60000,"count":10,"resetAt":"2025-12-02T17:12:25.113Z"}}
{"eventId":"9f911b37-1f61-4ca9-8d89-9dd59eaed4b1","eventType":"auth.rate_limit.exceeded","timestamp":"2025-12-02T17:11:25.113Z","outcome":"failure","metadata":{"key":"signin:ip:175.11.73.179","limit":10,"windowMs":60000,"count":10,"resetAt":"2025-12-02T17:12:25.113Z"}}
{"eventId":"79c2bdb0-2753-4161-9db8-41dbadd6ea33","eventType":"auth.rate_limit.exceeded","timestamp":"2025-12-02T17:11:25.113Z","outcome":"failure","metadata":{"key":"signin:ip:0.16.17.70","limit":10,"windowMs":60000,"count":10,"resetAt":"2025-12-02T17:12:25.113Z"}}
{"eventId":"d45d6000-7fef-4269-a46c-60b2ce5eeba8","eventType":"auth.rate_limit.exceeded","timestamp":"2025-12-02T17:11:25.113Z","outcome":"failure","metadata":{"key":"signin:ip:7.250.253.182","limit":10,"windowMs":60000,"count":10,"resetAt":"2025-12-02T17:12:25.113Z"}}
{"eventId":"052a4be3-ece7-4d95-8192-46826f2fab42","eventType":"auth.rate_limit.exceeded","timestamp":"2025-12-02T17:11:25.113Z","outcome":"failure","metadata":{"key":"signin:ip:2.12.7.104","limit":10,"windowMs":60000,"count":10,"resetAt":"2025-12-02T17:12:25.113Z"}}
{"eventId":"986b6b0f-68cc-4305-8025-fe9bb61be446","eventType":"auth.rate_limit.exceeded","timestamp":"2025-12-02T17:11:25.113Z","outcome":"failure","metadata":{"key":"signin:ip:7.250.253.182","limit":10,"windowMs":60000,"count":10,"resetAt":"2025-12-02T17:12:25.113Z"}}
{"eventId":"8d24e37d-0902-41a2-ba00-f208a4aea8a0","eventType":"auth.rate_limit.exceeded","timestamp":"2025-12-02T17:11:25.113Z","outcome":"failure","metadata":{"key":"signin:ip:251.5.7.43","limit":10,"windowMs":60000,"count":10,"resetAt":"2025-12-02T17:12:25.113Z"}}
{"eventId":"79d6cdbb-5f8e-42f9-ae55-420682927534","eventType":"auth.rate_limit.exceeded","timestamp":"2025-12-02T17:11:25.113Z","outcome":"failure","metadata":{"key":"signin:ip:46.147.249.7","limit":10,"windowMs":60000,"count":10,"resetAt":"2025-12-02T17:12:25.113Z"}}
{"eventId":"d3b15914-f059-4d85-90d5-7f18c828e0bf","eventType":"auth.rate_limit.exceeded","timestamp":"2025-12-02T17:11:25.113Z","outcome":"failure","metadata":{"key":"signin:ip:251.5.7.43","limit":10,"windowMs":60000,"count":10,"resetAt":"2025-12-02T17:12:25.113Z"}}
{"eventId":"0e08565d-1f6f-4c03-a1c6-78463391534e","eventType":"auth.rate_limit.exceeded","timestamp":"2025-12-02T17:11:25.113Z","outcome":"failure","metadata":{"key":"signin:ip:2.0.84.223","limit":10,"windowMs":60000,"count":10,"resetAt":"2025-12-02T17:12:25.113Z"}}
{"eventId":"9094e2bd-201c-499e-89c5-b25fe78150dc","eventType":"auth.rate_limit.exceeded","timestamp":"2025-12-02T17:11:25.113Z","outcome":"failure","metadata":{"key":"signin:ip:64.32.7.61","limit":10,"windowMs":60000,"count":10,"resetAt":"2025-12-02T17:12:25.113Z"}}
{"eventId":"cdf0802d-e1cd-474b-b5ca-2b82972c91ac","eventType":"auth.rate_limit.exceeded","timestamp":"2025-12-02T17:11:25.113Z","outcome":"failure","metadata":{"key":"signin:ip:2.0.84.223","limit":10,"windowMs":60000,"count":10,"resetAt":"2025-12-02T17:12:25.113Z"}}
{"eventId":"0cc31e14-4b95-4046-aa09-63db6d4eba66","eventType":"auth.rate_limit.exceeded","timestamp":"2025-12-02T17:11:25.113Z","outcome":"failure","metadata":{"key":"signin:ip:250.123.251.173","limit":10,"windowMs":60000,"count":10,"resetAt":"2025-12-02T17:12:25.113Z"}}
{"eventId":"5fc6a0c7-a26b-4543-9eae-e8424885971f","eventType":"auth.rate_limit.exceeded","timestamp":"2025-12-02T17:11:25.113Z","outcome":"failure","metadata":{"key":"signin:ip:207.112.230.204","limit":10,"windowMs":60000,"count":10,"resetAt":"2025-12-02T17:12:25.113Z"}}
{"eventId":"1b12b2ce-86d5-4347-b839-da834677fc99","eventType":"auth.rate_limit.exceeded","timestamp":"2025-12-02T17:11:25.113Z","outcome":"failure","metadata":{"key":"signin:ip:250.123.251.173","limit":10,"windowMs":60000,"count":10,"resetAt":"2025-12-02T17:12:25.113Z"}}
{"eventId":"36c41d47-e82a-4c13-aae9-6e5ca416d883","eventType":"auth.rate_limit.exceeded","timestamp":"2025-12-02T17:11:25.113Z","outcome":"failure","metadata":{"key":"signin:ip:87.255.4.238","limit":10,"windowMs":60000,"count":10,"resetAt":"2025-12-02T17:12:25.113Z"}}
{"eventId":"dfabcf6f-182b-4002-96a5-1323b92fbb60","eventType":"auth.rate_limit.exceeded","timestamp":"2025-12-02T17:11:25.113Z","outcome":"failure","metadata":{"key":"signin:ip:81.163.28.2","limit":10,"windowMs":60000,"count":10,"resetAt":"2025-12-02T17:12:25.113Z"}}
{"eventId":"e4f9955d-7624-405c-a801-91eb76315729","eventType":"auth.rate_limit.exceeded","timestamp":"2025-12-02T17:11:25.113Z","outcome":"failure","metadata":{"key":"signin:ip:87.255.4.238","limit":10,"windowMs":60000,"count":10,"resetAt":"2025-12-02T17:12:25.113Z"}}
{"eventId":"dc5c51b9-c19d-49c8-9a3b-42bf0c1b6280","eventType":"auth.rate_limit.exceeded","timestamp":"2025-12-02T17:11:25.113Z","outcome":"failure","metadata":{"key":"signin:ip:175.7.82.84","limit":10,"windowMs":60000,"count":10,"resetAt":"2025-12-02T17:12:25.113Z"}}
{"eventId":"c4b062e0-64fe-4a95-adad-71d7a575ea7d","eventType":"auth.rate_limit.exceeded","timestamp":"2025-12-02T17:11:25.113Z","outcome":"failure","metadata":{"key":"signin:ip:252.149.169.224","limit":10,"windowMs":60000,"count":10,"resetAt":"2025-12-02T17:12:25.113Z"}}
{"eventId":"92836923-c64c-413b-86fa-f0efcb1cd522","eventType":"auth.rate_limit.exceeded","timestamp":"2025-12-02T17:11:25.113Z","outcome":"failure","metadata":{"key":"signin:ip:175.7.82.84","limit":10,"windowMs":60000,"count":10,"resetAt":"2025-12-02T17:12:25.113Z"}}
{"eventId":"ddd0a99b-d011-4fc8-81f8-d8dc6bb6506a","eventType":"auth.rate_limit.exceeded","timestamp":"2025-12-02T17:11:25.113Z","outcome":"failure","metadata":{"key":"signin:ip:102.7.142.248","limit":10,"windowMs":60000,"count":10,"resetAt":"2025-12-02T17:12:25.113Z"}}
{"eventId":"7b67b9e4-2636-4db7-b867-45780bb90685","eventType":"auth.rate_limit.exceeded","timestamp":"2025-12-02T17:11:25.113Z","outcome":"failure","metadata":{"key":"signin:ip:22.3.246.1","limit":10,"windowMs":60000,"count":10,"resetAt":"2025-12-02T17:12:25.113Z"}}
{"eventId":"a32e26b6-1ca2-4ab5-aea5-d22fdc247fc5","eventType":"auth.rate_limit.exceeded","timestamp":"2025-12-02T17:11:25.113Z","outcome":"failure","metadata":{"key":"signin:ip:102.7.142.248","limit":10,"windowMs":60000,"count":10,"resetAt":"2025-12-02T17:12:25.113Z"}}
{"eventId":"b23b4490-b518-49b9-b014-0dc290cbb3d6","eventType":"auth.rate_limit.exceeded","timestamp":"2025-12-02T17:11:25.113Z","outcome":"failure","metadata":{"key":"signin:ip:248.4.1.57","limit":10,"windowMs":60000,"count":10,"resetAt":"2025-12-02T17:12:25.113Z"}}
{"eventId":"0b29ed82-7b40-4c1e-b7e4-3b1dc5edd679","eventType":"auth.rate_limit.exceeded","timestamp":"2025-12-02T17:11:25.113Z","outcome":"failure","metadata":{"key":"signin:ip:254.139.1.1","limit":10,"windowMs":60000,"count":10,"resetAt":"2025-12-02T17:12:25.113Z"}}
{"eventId":"ac2430ee-6e19-4a2d-999a-a56f2001a7f9","eventType":"auth.rate_limit.exceeded","timestamp":"2025-12-02T17:11:25.113Z","outcome":"failure","metadata":{"key":"signin:ip:248.4.1.57","limit":10,"windowMs":60000,"count":10,"resetAt":"2025-12-02T17:12:25.113Z"}}
{"eventId":"b2e76140-6c37-43fb-8392-a526380d6014","eventType":"auth.rate_limit.exceeded","timestamp":"2025-12-02T17:11:25.113Z","outcome":"failure","metadata":{"key":"signin:ip:2.2.252.47","limit":10,"windowMs":60000,"count":10,"resetAt":"2025-12-02T17:12:25.113Z"}}
{"eventId":"cc6eefb6-b0d4-4431-9f0d-f8df1ffef5d5","eventType":"auth.rate_limit.exceeded","timestamp":"2025-12-02T17:11:25.113Z","outcome":"failure","metadata":{"key":"signin:ip:250.252.2.2","limit":10,"windowMs":60000,"count":10,"resetAt":"2025-12-02T17:12:25.113Z"}}
{"eventId":"4a21ea29-95f6-4c78-9e44-5770941280bc","eventType":"auth.rate_limit.exceeded","timestamp":"2025-12-02T17:11:25.113Z","outcome":"failure","metadata":{"key":"signin:ip:2.2.252.47","limit":10,"windowMs":60000,"count":10,"resetAt":"2025-12-02T17:12:25.113Z"}}
{"eventId":"7efd2671-7d9a-4357-bd4a-2aea9c2e36d6","eventType":"auth.rate_limit.exceeded","timestamp":"2025-12-02T17:11:25.113Z","outcome":"failure","metadata":{"key":"signin:ip:176.7.150.64","limit":10,"windowMs":60000,"count":10,"resetAt":"2025-12-02T17:12:25.113Z"}}
{"eventId":"832d5704-ab75-4eef-9e6a-f379b8d76d12","eventType":"auth.rate_limit.exceeded","timestamp":"2025-12-02T17:11:25.113Z","outcome":"failure","metadata":{"key":"signin:ip:74.0.86.13","limit":10,"windowMs":60000,"count":10,"resetAt":"2025-12-02T17:12:25.113Z"}}
{"eventId":"503b0789-21cf-4843-b1aa-1594d6ba3de9","eventType":"auth.rate_limit.exceeded","timestamp":"2025-12-02T17:11:25.113Z","outcome":"failure","metadata":{"key":"signin:ip:176.7.150.64","limit":10,"windowMs":60000,"count":10,"resetAt":"2025-12-02T17:12:25.113Z"}}
{"eventId":"09af5dc3-2007-4fb4-b8fb-8099d081c17b","eventType":"auth.rate_limit.exceeded","timestamp":"2025-12-02T17:11:25.113Z","outcome":"failure","metadata":{"key":"signin:ip:206.255.168.107","limit":10,"windowMs":60000,"count":10,"resetAt":"2025-12-02T17:12:25.113Z"}}
{"eventId":"9735e47e-ae48-4248-87e1-9b37c11f057b","eventType":"auth.rate_limit.exceeded","timestamp":"2025-12-02T17:11:25.114Z","outcome":"failure","metadata":{"key":"signin:ip:174.253.251.175","limit":10,"windowMs":60000,"count":10,"resetAt":"2025-12-02T17:12:25.113Z"}}
{"eventId":"2dc272fd-2a20-43d2-a60c-20122ad0e43d","eventType":"auth.rate_limit.exceeded","timestamp":"2025-12-02T17:11:25.114Z","outcome":"failure","metadata":{"key":"signin:ip:206.255.168.107","limit":10,"windowMs":60000,"count":10,"resetAt":"2025-12-02T17:12:25.113Z"}}
{"eventId":"3e18b397-7a1c-4f1f-9702-0a81fe697475","eventType":"auth.rate_limit.exceeded","timestamp":"2025-12-02T17:11:25.114Z","outcome":"failure","metadata":{"key":"signin:ip:6.108.255.12","limit":10,"windowMs":60000,"count":10,"resetAt":"2025-12-02T17:12:25.114Z"}}
{"eventId":"96afa24c-80bf-40c9-b1a9-6d11e15ab71e","eventType":"auth.rate_limit.exceeded","timestamp":"2025-12-02T17:11:25.114Z","outcome":"failure","metadata":{"key":"signin:ip:250.87.251.5","limit":10,"windowMs":60000,"count":10,"resetAt":"2025-12-02T17:12:25.114Z"}}
{"eventId":"00eb5455-9a20-4412-bd7a-14fa4c92846c","eventType":"auth.rate_limit.exceeded","timestamp":"2025-12-02T17:11:25.114Z","outcome":"failure","metadata":{"key":"signin:ip:6.108.255.12","limit":10,"windowMs":60000,"count":10,"resetAt":"2025-12-02T17:12:25.114Z"}}
{"eventId":"2e204c1a-36d2-4d5a-9721-5be83fa572d0","eventType":"auth.rate_limit.exceeded","timestamp":"2025-12-02T17:11:25.114Z","outcome":"failure","metadata":{"key":"signin:ip:6.0.200.6","limit":10,"windowMs":60000,"count":10,"resetAt":"2025-12-02T17:12:25.114Z"}}
{"eventId":"2f45958b-1ffd-46c4-a0a6-cf67da09b185","eventType":"auth.rate_limit.exceeded","timestamp":"2025-12-02T17:11:25.114Z","outcome":"failure","metadata":{"key":"signin:ip:228.0.248.31","limit":10,"windowMs":60000,"count":10,"resetAt":"2025-12-02T17:12:25.114Z"}}
{"eventId":"0bd30c2c-cb05-4c50-aa39-87490d995e81","eventType":"auth.rate_limit.exceeded","timestamp":"2025-12-02T17:11:25.114Z","outcome":"failure","metadata":{"key":"signin:ip:6.0.200.6","limit":10,"windowMs":60000,"count":10,"resetAt":"2025-12-02T17:12:25.114Z"}}
{"eventId":"48ae8e07-6fd7-4cbe-a382-acb1e0e08f03","eventType":"auth.rate_limit.exceeded","timestamp":"2025-12-02T17:11:25.114Z","outcome":"failure","metadata":{"key":"signin:ip:62.201.167.83","limit":10,"windowMs":60000,"count":10,"resetAt":"2025-12-02T17:12:25.114Z"}}
{"eventId":"3dbacce3-26da-44d1-87cd-7bd284c85981","eventType":"auth.rate_limit.exceeded","timestamp":"2025-12-02T17:11:25.114Z","outcome":"failure","metadata":{"key":"signin:ip:7.52.220.255","limit":10,"windowMs":60000,"count":10,"resetAt":"2025-12-02T17:12:25.114Z"}}
{"eventId":"dabe480f-b25a-4805-b516-36f86e25b3e0","eventType":"auth.rate_limit.exceeded","timestamp":"2025-12-02T17:11:25.114Z","outcome":"failure","metadata":{"key":"signin:ip:62.201.167.83","limit":10,"windowMs":60000,"count":10,"resetAt":"2025-12-02T17:12:25.114Z"}}
{"eventId":"30302158-214a-4355-b75d-69eba6cdd672","eventType":"auth.rate_limit.exceeded","timestamp":"2025-12-02T17:11:25.114Z","outcome":"failure","metadata":{"key":"signin:ip:75.3.189.120","limit":10,"windowMs":60000,"count":10,"resetAt":"2025-12-02T17:12:25.114Z"}}
{"eventId":"93ca2089-584d-4506-9c77-0dba0e5fa81a","eventType":"auth.rate_limit.exceeded","timestamp":"2025-12-02T17:11:25.114Z","outcome":"failure","metadata":{"key":"signin:ip:83.155.142.223","limit":10,"windowMs":60000,"count":10,"resetAt":"2025-12-02T17:12:25.114Z"}}
{"eventId":"b1752942-b2a5-4ebc-b96f-1ad1bb46e44d","eventType":"auth.rate_limit.exceeded","timestamp":"2025-12-02T17:11:25.114Z","outcome":"failure","metadata":{"key":"signin:ip:75.3.189.120","limit":10,"windowMs":60000,"count":10,"resetAt":"2025-12-02T17:12:25.114Z"}}

stderr | src/server/auth/__tests__/login.property.test.ts > Property 8: Rate limiting blocks excessive sign-in attempts > Different emails have independent rate limits
{"eventId":"ef52f618-acd8-48e5-b36f-e752a1ac5975","eventType":"auth.rate_limit.exceeded","timestamp":"2025-12-02T17:11:25.217Z","outcome":"failure","metadata":{"key":"signin:email:?1}a/#p.^+2e4i0+2.8&.3ir*2e.c{qb8e/c.=m?mv^&zf%i#.~j*{/wtul#@b.cap","limit":10,"windowMs":900000,"count":10,"resetAt":"2025-12-02T17:26:25.217Z"}}
{"eventId":"c8b9baae-f45a-4a4d-ab33-6d9aaf86dabe","eventType":"auth.rate_limit.exceeded","timestamp":"2025-12-02T17:11:25.217Z","outcome":"failure","metadata":{"key":"signin:email:e.8!.g$7mi{t/gt|@s45n.vt","limit":10,"windowMs":900000,"count":10,"resetAt":"2025-12-02T17:26:25.217Z"}}
{"eventId":"fa45ac22-eff7-4a87-a67a-93c00a5fb489","eventType":"auth.rate_limit.exceeded","timestamp":"2025-12-02T17:11:25.217Z","outcome":"failure","metadata":{"key":"signin:email:8sa|ixzl+.on./dho9.constructor.q0=.1f8m46.fj0*ky.nz.call@wd1n7r-sb.bl","limit":10,"windowMs":900000,"count":10,"resetAt":"2025-12-02T17:26:25.217Z"}}
{"eventId":"a6fae72f-95de-43ea-9f2e-060c08017532","eventType":"auth.rate_limit.exceeded","timestamp":"2025-12-02T17:11:25.217Z","outcome":"failure","metadata":{"key":"signin:email:kz|.n8br&o{.1+n0?.l.|npc$f8b~{.=9z4&=o9@8yxb39q.hp","limit":10,"windowMs":900000,"count":10,"resetAt":"2025-12-02T17:26:25.217Z"}}
{"eventId":"c846b2d7-6227-42fc-a313-81a728fc442f","eventType":"auth.rate_limit.exceeded","timestamp":"2025-12-02T17:11:25.217Z","outcome":"failure","metadata":{"key":"signin:email:_&/`j9xn.nl#xryaw8|._9.0r_e#{%4e.`%$2q.86$@5ca.ref","limit":10,"windowMs":900000,"count":10,"resetAt":"2025-12-02T17:26:25.217Z"}}
{"eventId":"b9a0888e-7564-4173-aa42-29cbe8bdcd1d","eventType":"auth.rate_limit.exceeded","timestamp":"2025-12-02T17:11:25.217Z","outcome":"failure","metadata":{"key":"signin:email:b^//~bt~.p'g+-it0!#.b2dviotf.i81.2h0e^ftf+xob.xl9^+4.ms9.9+7^2ca@zwqw.a22pf.lps","limit":10,"windowMs":900000,"count":10,"resetAt":"2025-12-02T17:26:25.217Z"}}
{"eventId":"1808e77d-18b8-421b-a216-d4996d2fdfd9","eventType":"auth.rate_limit.exceeded","timestamp":"2025-12-02T17:11:25.217Z","outcome":"failure","metadata":{"key":"signin:email:b#8s#851nx6'.'?ln!`4`p-~@6.epc.db","limit":10,"windowMs":900000,"count":10,"resetAt":"2025-12-02T17:26:25.217Z"}}
{"eventId":"310019e7-e4fa-4e82-a46a-b2e7f27c16f0","eventType":"auth.rate_limit.exceeded","timestamp":"2025-12-02T17:11:25.217Z","outcome":"failure","metadata":{"key":"signin:email:m?e#m.e6c.|#}.f}~c&ereedec.af.py7d.call.{c?bqgee`2h1@9.kqg","limit":10,"windowMs":900000,"count":10,"resetAt":"2025-12-02T17:26:25.217Z"}}
{"eventId":"33da5806-638d-452c-8baa-de72a8401e24","eventType":"auth.rate_limit.exceeded","timestamp":"2025-12-02T17:11:25.217Z","outcome":"failure","metadata":{"key":"signin:email:'f~rx$6pf.+0=~1}ou09.&cw}s$.frj.ibf2'y.~-^=.`fo@rnvl.3i.zet","limit":10,"windowMs":900000,"count":10,"resetAt":"2025-12-02T17:26:25.217Z"}}
{"eventId":"c769c6e8-b01e-4804-b5af-bff105b09d0e","eventType":"auth.rate_limit.exceeded","timestamp":"2025-12-02T17:11:25.217Z","outcome":"failure","metadata":{"key":"signin:email:}$ob~e}6l=x.}yie-d5'.vb3q@5sslx5t7nmx.pa","limit":10,"windowMs":900000,"count":10,"resetAt":"2025-12-02T17:26:25.217Z"}}
{"eventId":"4c6c17e1-9a67-4b64-a25d-4c8a4cd3695f","eventType":"auth.rate_limit.exceeded","timestamp":"2025-12-02T17:11:25.217Z","outcome":"failure","metadata":{"key":"signin:email:&a._ou*be4d@ifs17e.zw","limit":10,"windowMs":900000,"count":10,"resetAt":"2025-12-02T17:26:25.217Z"}}
{"eventId":"b07e6973-cf38-47ab-a6a6-a307b2f6b1d0","eventType":"auth.rate_limit.exceeded","timestamp":"2025-12-02T17:11:25.217Z","outcome":"failure","metadata":{"key":"signin:email:z$.^}.w`p'#+'d*.s&=v.l/tv+rzupujo.uw#~.&#_$!h?}h#i._'li4kbv@o.o.dq","limit":10,"windowMs":900000,"count":10,"resetAt":"2025-12-02T17:26:25.217Z"}}
{"eventId":"fb7dea69-e583-4955-9641-e34f7daafd12","eventType":"auth.rate_limit.exceeded","timestamp":"2025-12-02T17:11:25.218Z","outcome":"failure","metadata":{"key":"signin:email:40f4l{j28.|*z{}`*d.t{d.iry%9|1l7!=@7ju6jkzbe.gb","limit":10,"windowMs":900000,"count":10,"resetAt":"2025-12-02T17:26:25.218Z"}}
{"eventId":"0bf02fbc-3150-4136-abcd-0cb1659e08d1","eventType":"auth.rate_limit.exceeded","timestamp":"2025-12-02T17:11:25.218Z","outcome":"failure","metadata":{"key":"signin:email:uxtn.qf0.%7g&0%p.#.constructor.u=1m.vx.r-aoc!89_.j$%q.+mkc@ojyx6b.yc","limit":10,"windowMs":900000,"count":10,"resetAt":"2025-12-02T17:26:25.218Z"}}
{"eventId":"aeaae969-31b3-42f9-9300-f64d38125485","eventType":"auth.rate_limit.exceeded","timestamp":"2025-12-02T17:11:25.218Z","outcome":"failure","metadata":{"key":"signin:email:#6.!.3t*qoa9}dk.5x?ddhtf?z4./ij4.jh0.g}|&um@1.bw","limit":10,"windowMs":900000,"count":10,"resetAt":"2025-12-02T17:26:25.218Z"}}
{"eventId":"9dc7229d-c5f2-4331-9f2f-d61f72299555","eventType":"auth.rate_limit.exceeded","timestamp":"2025-12-02T17:11:25.218Z","outcome":"failure","metadata":{"key":"signin:email:t~x%%jzd0_.`jz{_0?3c{2.^jh#8a+j&lk.%fz@8h.uph","limit":10,"windowMs":900000,"count":10,"resetAt":"2025-12-02T17:26:25.218Z"}}
{"eventId":"7c4e51ba-fd29-4149-b432-48eaf0fb4e73","eventType":"auth.rate_limit.exceeded","timestamp":"2025-12-02T17:11:25.218Z","outcome":"failure","metadata":{"key":"signin:email:=c4-^rq.o1*p'/=ubiun.?^7bs`^.ow?pzg1.qqd8.6|^h.!a!0j&?/+a*2@9j.ov","limit":10,"windowMs":900000,"count":10,"resetAt":"2025-12-02T17:26:25.218Z"}}
{"eventId":"1045897c-dba5-465f-a209-2fa1a7147c1e","eventType":"auth.rate_limit.exceeded","timestamp":"2025-12-02T17:11:25.218Z","outcome":"failure","metadata":{"key":"signin:email:a.my_0/'lji.a`5d4t!^/.*=iarp+@wocrq.bg","limit":10,"windowMs":900000,"count":10,"resetAt":"2025-12-02T17:26:25.218Z"}}
{"eventId":"bf7b284b-7f93-4bbf-9101-406e24753bc1","eventType":"auth.rate_limit.exceeded","timestamp":"2025-12-02T17:11:25.218Z","outcome":"failure","metadata":{"key":"signin:email:4d$g+_2j7wf.$k*t9sms+o{i.au^#==&zy+^b.$lg^rh-%q.~d@os40mv.j.fm","limit":10,"windowMs":900000,"count":10,"resetAt":"2025-12-02T17:26:25.218Z"}}
{"eventId":"0b71450c-ea2f-43c4-b5ed-6b450ded7bf7","eventType":"auth.rate_limit.exceeded","timestamp":"2025-12-02T17:11:25.218Z","outcome":"failure","metadata":{"key":"signin:email:q!xmq~'wa5.?90z-_ue._7'!w6!q|`m3.a./4n.'!1&+^~efy@rw.cf","limit":10,"windowMs":900000,"count":10,"resetAt":"2025-12-02T17:26:25.218Z"}}
{"eventId":"fe2604d4-a143-4062-8e9b-117d10475efa","eventType":"auth.rate_limit.exceeded","timestamp":"2025-12-02T17:11:25.218Z","outcome":"failure","metadata":{"key":"signin:email:hk8ps@yrfnxfiml.71rufn.sfh","limit":10,"windowMs":900000,"count":10,"resetAt":"2025-12-02T17:26:25.218Z"}}
{"eventId":"c01c2af9-afc6-4e9d-8b22-5c2a3ed02954","eventType":"auth.rate_limit.exceeded","timestamp":"2025-12-02T17:11:25.218Z","outcome":"failure","metadata":{"key":"signin:email:%_`draw9{%gg.tj{!l}o26wf.{2r`d|@ihbt.ynr","limit":10,"windowMs":900000,"count":10,"resetAt":"2025-12-02T17:26:25.218Z"}}
{"eventId":"dda9f4e6-4054-4aa2-9748-7a4f292e9977","eventType":"auth.rate_limit.exceeded","timestamp":"2025-12-02T17:11:25.218Z","outcome":"failure","metadata":{"key":"signin:email:1.s*iapbid8.{fs_&l.8=idqnu.dcmmswobkb+.?pz9z&v.2umc!mw&@81cl2ieib.2l.vpz","limit":10,"windowMs":900000,"count":10,"resetAt":"2025-12-02T17:26:25.218Z"}}
{"eventId":"b2281f71-550e-443d-8bfd-c697232cb5de","eventType":"auth.rate_limit.exceeded","timestamp":"2025-12-02T17:11:25.218Z","outcome":"failure","metadata":{"key":"signin:email:tzak@qnzbapvw.pd","limit":10,"windowMs":900000,"count":10,"resetAt":"2025-12-02T17:26:25.218Z"}}
{"eventId":"06876592-af79-4aea-a9ea-bcb0363482a1","eventType":"auth.rate_limit.exceeded","timestamp":"2025-12-02T17:11:25.218Z","outcome":"failure","metadata":{"key":"signin:email:0?ek/.$~ux86?_.6n3c'j+de.y3l*!5e~4b8`.x74k|q&`.j5#d6.`v@u81gb.gng","limit":10,"windowMs":900000,"count":10,"resetAt":"2025-12-02T17:26:25.218Z"}}
{"eventId":"13383311-f954-4c20-be79-1a0988e8dcd4","eventType":"auth.rate_limit.exceeded","timestamp":"2025-12-02T17:11:25.218Z","outcome":"failure","metadata":{"key":"signin:email:m'/sgyk'g.9f~t^vi$#'k|@zkxx.2vcic.ar","limit":10,"windowMs":900000,"count":10,"resetAt":"2025-12-02T17:26:25.218Z"}}
{"eventId":"632e9af3-5982-4985-bf83-afe0cb95e2cf","eventType":"auth.rate_limit.exceeded","timestamp":"2025-12-02T17:11:25.218Z","outcome":"failure","metadata":{"key":"signin:email:=szw3s+.^w3#s!^}$@ryaq6hh5nag.8gjm5a8.snl","limit":10,"windowMs":900000,"count":10,"resetAt":"2025-12-02T17:26:25.218Z"}}
{"eventId":"68f39404-5d83-41cc-8663-03cf39921275","eventType":"auth.rate_limit.exceeded","timestamp":"2025-12-02T17:11:25.218Z","outcome":"failure","metadata":{"key":"signin:email:d_.#x#k1!/=c.ao!h-&.ss.}?p6n0=m9sb.{f`*mo*/.y.~zqyn0skpo`e@maf6zpc5mc.xm","limit":10,"windowMs":900000,"count":10,"resetAt":"2025-12-02T17:26:25.218Z"}}
{"eventId":"88921a31-3b0d-48d1-a910-7f6c2a7410c0","eventType":"auth.rate_limit.exceeded","timestamp":"2025-12-02T17:11:25.218Z","outcome":"failure","metadata":{"key":"signin:email:|b&$y8^k!=.3`t!.d41p#.ha/^/dae.w.w.!9$.5oh.1ps8^x30.6mot=~+c.&h!@rx5.gpalhib.tu","limit":10,"windowMs":900000,"count":10,"resetAt":"2025-12-02T17:26:25.218Z"}}
{"eventId":"381ebafd-4e96-4263-aa1a-1c83e04eb19f","eventType":"auth.rate_limit.exceeded","timestamp":"2025-12-02T17:11:25.218Z","outcome":"failure","metadata":{"key":"signin:email:^`.wfcce%rq%'.^r9^e-!yi^fj.3-!^1bjo.z?=u2lc+.bxyf8d.ig/y$!|.b*@0n2m.ih","limit":10,"windowMs":900000,"count":10,"resetAt":"2025-12-02T17:26:25.218Z"}}
{"eventId":"c6bd41be-d66e-4b05-a9b4-211f14eef078","eventType":"auth.rate_limit.exceeded","timestamp":"2025-12-02T17:11:25.219Z","outcome":"failure","metadata":{"key":"signin:email:j4$.7#0t6'9=o$.yqetrp.a44j/.?.x!@dqkmk3qe0.8.kja","limit":10,"windowMs":900000,"count":10,"resetAt":"2025-12-02T17:26:25.219Z"}}
{"eventId":"6c3e3751-af40-4beb-9a0e-4e3c38122cfe","eventType":"auth.rate_limit.exceeded","timestamp":"2025-12-02T17:11:25.219Z","outcome":"failure","metadata":{"key":"signin:email:d`|&6|eo`{.*-.y{@60ych9.wdm6vg7tzi7.hem","limit":10,"windowMs":900000,"count":10,"resetAt":"2025-12-02T17:26:25.219Z"}}
{"eventId":"78d74275-e856-4d4a-b7aa-179f2020017b","eventType":"auth.rate_limit.exceeded","timestamp":"2025-12-02T17:11:25.222Z","outcome":"failure","metadata":{"key":"signin:email:}h150fxbn6l.xe}yd1tu7q.o0r#.%~&?.}a.p#jbcxe`k|i.wv.n+@k9.vgctnn9hvmr.ied","limit":10,"windowMs":900000,"count":10,"resetAt":"2025-12-02T17:26:25.222Z"}}
{"eventId":"15d5040c-c531-4c4b-a9b7-07ad51493813","eventType":"auth.rate_limit.exceeded","timestamp":"2025-12-02T17:11:25.222Z","outcome":"failure","metadata":{"key":"signin:email:f_d@a2pn6i.zy","limit":10,"windowMs":900000,"count":10,"resetAt":"2025-12-02T17:26:25.222Z"}}
{"eventId":"f3e5c163-c915-400e-bf15-fd6d0ced7cb0","eventType":"auth.rate_limit.exceeded","timestamp":"2025-12-02T17:11:25.222Z","outcome":"failure","metadata":{"key":"signin:email:b1%br{~.1'%c~wb3bfjh@xcqy650ii.vm","limit":10,"windowMs":900000,"count":10,"resetAt":"2025-12-02T17:26:25.222Z"}}
{"eventId":"6fc4f833-b4d3-49aa-b92d-5b910f8063cd","eventType":"auth.rate_limit.exceeded","timestamp":"2025-12-02T17:11:25.222Z","outcome":"failure","metadata":{"key":"signin:email:m2c`+-o8f56@d19zfsr3j.skw","limit":10,"windowMs":900000,"count":10,"resetAt":"2025-12-02T17:26:25.222Z"}}
{"eventId":"15e233f7-d36a-43ea-9f0a-4a8c67f0f9fe","eventType":"auth.rate_limit.exceeded","timestamp":"2025-12-02T17:11:25.222Z","outcome":"failure","metadata":{"key":"signin:email:fhj.m|88%x8?u`7.xc@vj5co.gos","limit":10,"windowMs":900000,"count":10,"resetAt":"2025-12-02T17:26:25.222Z"}}
{"eventId":"42e1f01f-0843-43e8-a542-5a1104f6ab3f","eventType":"auth.rate_limit.exceeded","timestamp":"2025-12-02T17:11:25.222Z","outcome":"failure","metadata":{"key":"signin:email:^fv&k~h3_n5.z4%.{#g^`i.~4fv^v@jt2.s4.wxu","limit":10,"windowMs":900000,"count":10,"resetAt":"2025-12-02T17:26:25.222Z"}}
{"eventId":"b938a5a8-6296-429a-bdc6-c4ddd7cde2f5","eventType":"auth.rate_limit.exceeded","timestamp":"2025-12-02T17:11:25.222Z","outcome":"failure","metadata":{"key":"signin:email:*.gs^.ulyj#`9r.eca8b~!=a{|.6rnj5#s^x%h^.~!9^w-|swa.9.57&@iaa27m.wh","limit":10,"windowMs":900000,"count":10,"resetAt":"2025-12-02T17:26:25.222Z"}}
{"eventId":"46b1dc08-44ab-4257-b352-e2acf65371ca","eventType":"auth.rate_limit.exceeded","timestamp":"2025-12-02T17:11:25.222Z","outcome":"failure","metadata":{"key":"signin:email:%+ylb'i?$&de.z{7*3?61.xi.%'!q=.az}16_jozv29.}=}wrab}_-y._n8e.}q|@9.vl","limit":10,"windowMs":900000,"count":10,"resetAt":"2025-12-02T17:26:25.222Z"}}
{"eventId":"acff71d5-0ff4-4a21-b37b-e82f4d5bf173","eventType":"auth.rate_limit.exceeded","timestamp":"2025-12-02T17:11:25.222Z","outcome":"failure","metadata":{"key":"signin:email:o!wx~|_$#'+d.'54qh#~2g*|=.tx.5}jci.zs_d#^7x{o.mop!a.xy0s#s@ajcab31bao.km","limit":10,"windowMs":900000,"count":10,"resetAt":"2025-12-02T17:26:25.222Z"}}
{"eventId":"c33be9aa-282d-43ff-a68b-4ca892cfd842","eventType":"auth.rate_limit.exceeded","timestamp":"2025-12-02T17:11:25.222Z","outcome":"failure","metadata":{"key":"signin:email:clnyr*_m2.a{.q?l-2~ij*5.dhzi.|=j._5`+cj'~zb_.ww7ta_.g=p.|3/5@cx5rpx.ydu","limit":10,"windowMs":900000,"count":10,"resetAt":"2025-12-02T17:26:25.222Z"}}
{"eventId":"3496100f-b54b-4b99-9a77-180c58ba2266","eventType":"auth.rate_limit.exceeded","timestamp":"2025-12-02T17:11:25.222Z","outcome":"failure","metadata":{"key":"signin:email:d}.rhl4d0-_@q6m.hii-9huv.nj","limit":10,"windowMs":900000,"count":10,"resetAt":"2025-12-02T17:26:25.222Z"}}
{"eventId":"3f7c58c7-f7a9-4401-8156-fd6aa2dd9c71","eventType":"auth.rate_limit.exceeded","timestamp":"2025-12-02T17:11:25.222Z","outcome":"failure","metadata":{"key":"signin:email:n`~^.x}?6hc}b.hd.g7?7rzl$io/*.m~.{j.+0?}/e?z47.w-o.xwt{!6@bx5uw.pocodhzpj.xw","limit":10,"windowMs":900000,"count":10,"resetAt":"2025-12-02T17:26:25.222Z"}}
{"eventId":"8fe59a51-06e3-4fd7-bdd4-3e1a7f16c813","eventType":"auth.rate_limit.exceeded","timestamp":"2025-12-02T17:11:25.222Z","outcome":"failure","metadata":{"key":"signin:email:q$ok^3mam.w8w|.a}7`iwiv7~f.y|ro_z=*z.!3z?341f5^@0gy.wt","limit":10,"windowMs":900000,"count":10,"resetAt":"2025-12-02T17:26:25.222Z"}}
{"eventId":"9bada3ed-780f-42be-b50b-4d053e8dc12c","eventType":"auth.rate_limit.exceeded","timestamp":"2025-12-02T17:11:25.222Z","outcome":"failure","metadata":{"key":"signin:email:3}f%`22=c.lqgpy?si8y5.dfd.*0dfy+@tj.hl","limit":10,"windowMs":900000,"count":10,"resetAt":"2025-12-02T17:26:25.222Z"}}
{"eventId":"aa0d33c0-a620-420f-b266-3f94c236a2bd","eventType":"auth.rate_limit.exceeded","timestamp":"2025-12-02T17:11:25.222Z","outcome":"failure","metadata":{"key":"signin:email:i.g95d#utbvha.o$.huy.q`h@a.bby","limit":10,"windowMs":900000,"count":10,"resetAt":"2025-12-02T17:26:25.222Z"}}
{"eventId":"91200e92-8e82-47c8-a097-7943245b4b5d","eventType":"auth.rate_limit.exceeded","timestamp":"2025-12-02T17:11:25.223Z","outcome":"failure","metadata":{"key":"signin:email:0-^o@6ne.le.ax","limit":10,"windowMs":900000,"count":10,"resetAt":"2025-12-02T17:26:25.223Z"}}
{"eventId":"26097dcf-92d1-45bd-af0d-1d676720c8d8","eventType":"auth.rate_limit.exceeded","timestamp":"2025-12-02T17:11:25.223Z","outcome":"failure","metadata":{"key":"signin:email:wndhct{.f@9.k.dc","limit":10,"windowMs":900000,"count":10,"resetAt":"2025-12-02T17:26:25.223Z"}}
{"eventId":"60748a3d-b39c-4914-8502-d83e01407b4b","eventType":"auth.rate_limit.exceeded","timestamp":"2025-12-02T17:11:25.223Z","outcome":"failure","metadata":{"key":"signin:email:g{a%.r*xtm6l_4cf0@5qutp6bc765d.2.gti","limit":10,"windowMs":900000,"count":10,"resetAt":"2025-12-02T17:26:25.223Z"}}
{"eventId":"c1660704-340f-47cd-a71d-3dc8a96cf2ff","eventType":"auth.rate_limit.exceeded","timestamp":"2025-12-02T17:11:25.223Z","outcome":"failure","metadata":{"key":"signin:email:_2t5eo.#.v%jy~`dgztpd@dk0hoswsj.eab","limit":10,"windowMs":900000,"count":10,"resetAt":"2025-12-02T17:26:25.223Z"}}
{"eventId":"e0dbef35-5364-4a1f-a0c4-07c1c31076ae","eventType":"auth.rate_limit.exceeded","timestamp":"2025-12-02T17:11:25.223Z","outcome":"failure","metadata":{"key":"signin:email:1e5/5##d.=_.7.7/7#+9pe~2.vd7*?p`-&t.%vf.`_.s$%a2?+!?.za$+{%~z%@4u2rlvi3k3c.fos","limit":10,"windowMs":900000,"count":10,"resetAt":"2025-12-02T17:26:25.223Z"}}
{"eventId":"b9ea8f00-fbdf-4298-9459-b645ba08a1b1","eventType":"auth.rate_limit.exceeded","timestamp":"2025-12-02T17:11:25.223Z","outcome":"failure","metadata":{"key":"signin:email:q&.7fj.j?6nhft6pu=o@gou.qf","limit":10,"windowMs":900000,"count":10,"resetAt":"2025-12-02T17:26:25.223Z"}}
{"eventId":"da623927-055a-4497-9387-34bdb15e6d34","eventType":"auth.rate_limit.exceeded","timestamp":"2025-12-02T17:11:25.223Z","outcome":"failure","metadata":{"key":"signin:email:xny`.6$@03.ci","limit":10,"windowMs":900000,"count":10,"resetAt":"2025-12-02T17:26:25.223Z"}}
{"eventId":"d3d30fce-9ce0-4925-b925-1f05dc263663","eventType":"auth.rate_limit.exceeded","timestamp":"2025-12-02T17:11:25.223Z","outcome":"failure","metadata":{"key":"signin:email:x4bykk=kopo.|qargumentsc@4lengthc.rnd7w9l4.gse","limit":10,"windowMs":900000,"count":10,"resetAt":"2025-12-02T17:26:25.223Z"}}
{"eventId":"af8d7634-cd5a-481f-bcb9-8d244eb93bb1","eventType":"auth.rate_limit.exceeded","timestamp":"2025-12-02T17:11:25.223Z","outcome":"failure","metadata":{"key":"signin:email:bxj.k{i`6$~.%3k@lblaw.qt","limit":10,"windowMs":900000,"count":10,"resetAt":"2025-12-02T17:26:25.223Z"}}
{"eventId":"d4e9e940-cf5a-45d4-b275-9d5036051b8f","eventType":"auth.rate_limit.exceeded","timestamp":"2025-12-02T17:11:25.223Z","outcome":"failure","metadata":{"key":"signin:email:#a-0`p^-dp@y.6c.vw","limit":10,"windowMs":900000,"count":10,"resetAt":"2025-12-02T17:26:25.223Z"}}
{"eventId":"bfb57ba7-c170-4eec-91fa-d098f42c2eca","eventType":"auth.rate_limit.exceeded","timestamp":"2025-12-02T17:11:25.223Z","outcome":"failure","metadata":{"key":"signin:email:y'_i--3q|k.o'g`4c_lo.5w5p8bhqb_q~.wdheh|1`+.o%ysp.%3w*a^.so|k|@ctbkd.d5udgt9cjlx.thd","limit":10,"windowMs":900000,"count":10,"resetAt":"2025-12-02T17:26:25.223Z"}}
{"eventId":"c6bae297-b688-436f-87e4-3ffb62ffaee3","eventType":"auth.rate_limit.exceeded","timestamp":"2025-12-02T17:11:25.223Z","outcome":"failure","metadata":{"key":"signin:email:e99y_p.6keyruco./$f.&9ehod/-~1k6@gdjh27w951g.yatq.uw","limit":10,"windowMs":900000,"count":10,"resetAt":"2025-12-02T17:26:25.223Z"}}
{"eventId":"8e641d83-6ee4-4117-8941-4ab499552168","eventType":"auth.rate_limit.exceeded","timestamp":"2025-12-02T17:11:25.223Z","outcome":"failure","metadata":{"key":"signin:email:}6g4l4q{2.z?.4#xbz'2htj3'.}x|4q8|`.{r.ub|.9+w$gx0.f=5apa1.ek^@ssqv35t9.i0p3c0r.ptd","limit":10,"windowMs":900000,"count":10,"resetAt":"2025-12-02T17:26:25.223Z"}}
{"eventId":"96a4991b-e313-4dbb-ae2e-148e2c7bd221","eventType":"auth.rate_limit.exceeded","timestamp":"2025-12-02T17:11:25.223Z","outcome":"failure","metadata":{"key":"signin:email:?m6._u'.y&q.v$5v{at*.9==nq$u.~z~4#9006-}q.i.'5c6audt'.!a^$04's=s@b28-abia.7cv-0.uva","limit":10,"windowMs":900000,"count":10,"resetAt":"2025-12-02T17:26:25.223Z"}}
{"eventId":"48635dfe-a38b-4fe0-935c-354adb640f44","eventType":"auth.rate_limit.exceeded","timestamp":"2025-12-02T17:11:25.223Z","outcome":"failure","metadata":{"key":"signin:email:a}3t.i?j*.s||8.27__mx0{bcd-.hrt?.t7f|8y@0ss.mnz","limit":10,"windowMs":900000,"count":10,"resetAt":"2025-12-02T17:26:25.223Z"}}
{"eventId":"48425050-4ac7-4204-a563-132ef3076227","eventType":"auth.rate_limit.exceeded","timestamp":"2025-12-02T17:11:25.223Z","outcome":"failure","metadata":{"key":"signin:email:'8^.pa~~~.d3d}zca8ls.i.%|'a1w&.k}8c*q+80#a.#ih|*_.8/^fo/.n5=2@iedn2bs1gy.hbl","limit":10,"windowMs":900000,"count":10,"resetAt":"2025-12-02T17:26:25.223Z"}}
{"eventId":"61e51dfb-0b28-4c4d-8506-09b3f66c3313","eventType":"auth.rate_limit.exceeded","timestamp":"2025-12-02T17:11:25.223Z","outcome":"failure","metadata":{"key":"signin:email:0=ty&`dm@9035uio.evow240jozly.wu","limit":10,"windowMs":900000,"count":10,"resetAt":"2025-12-02T17:26:25.223Z"}}
{"eventId":"5bd1cd7c-4c55-4e37-8ccd-ee4ee9fcf579","eventType":"auth.rate_limit.exceeded","timestamp":"2025-12-02T17:11:25.223Z","outcome":"failure","metadata":{"key":"signin:email:`_/s6s.&/btad.-5hl/.mj*du@pgxd8yj9p6.yk","limit":10,"windowMs":900000,"count":10,"resetAt":"2025-12-02T17:26:25.223Z"}}
{"eventId":"f24ede9f-313f-4da8-b33d-d3cf17130d11","eventType":"auth.rate_limit.exceeded","timestamp":"2025-12-02T17:11:25.223Z","outcome":"failure","metadata":{"key":"signin:email:~$+bh?b7y1.|c96z#sx=sh.b^bf7v.yr=e47j.r$2}t.dz6/#9+wr6&j.i597o'h@48.fod.iu","limit":10,"windowMs":900000,"count":10,"resetAt":"2025-12-02T17:26:25.223Z"}}
{"eventId":"1519e5d4-4b33-4b8d-9fe0-4577a1e3b7fe","eventType":"auth.rate_limit.exceeded","timestamp":"2025-12-02T17:11:25.223Z","outcome":"failure","metadata":{"key":"signin:email:?^g5w.`%7rh4#.m-.l{*#@zdvis4mfg6f.wb","limit":10,"windowMs":900000,"count":10,"resetAt":"2025-12-02T17:26:25.223Z"}}
{"eventId":"b31c0321-5812-4161-bcd9-7afd6f0744fe","eventType":"auth.rate_limit.exceeded","timestamp":"2025-12-02T17:11:25.223Z","outcome":"failure","metadata":{"key":"signin:email:{.=4w3'+?p=sg7.$ev&z-c+.!jgolt+w0!0/.5fla.943q-scdd.#*kaz.'!}1}@n08e.rtg","limit":10,"windowMs":900000,"count":10,"resetAt":"2025-12-02T17:26:25.223Z"}}
{"eventId":"31f06061-b677-4a83-aaa2-c7fd49625ad4","eventType":"auth.rate_limit.exceeded","timestamp":"2025-12-02T17:11:25.223Z","outcome":"failure","metadata":{"key":"signin:email:!$u~8hx#3f.stes.mj}g.^.o75+tuv&73k.|oi2-~j^@olp4.wk","limit":10,"windowMs":900000,"count":10,"resetAt":"2025-12-02T17:26:25.223Z"}}
{"eventId":"c46275ea-b984-426a-9077-8201796fe524","eventType":"auth.rate_limit.exceeded","timestamp":"2025-12-02T17:11:25.223Z","outcome":"failure","metadata":{"key":"signin:email:`.n.jcfy_bfc`b.constructor.}ir$z3~w@6n6fgzywg6.ro","limit":10,"windowMs":900000,"count":10,"resetAt":"2025-12-02T17:26:25.223Z"}}
{"eventId":"e77278bf-3299-42c5-9384-abf3f316436b","eventType":"auth.rate_limit.exceeded","timestamp":"2025-12-02T17:11:25.224Z","outcome":"failure","metadata":{"key":"signin:email:'8lx66'6./6`nnl--+m!.m7u-0$31lz4.3|%=m'46}/@cvazbvnixi2.xty","limit":10,"windowMs":900000,"count":10,"resetAt":"2025-12-02T17:26:25.224Z"}}
{"eventId":"a685193c-df5f-4210-bb5d-f2ca0eda4409","eventType":"auth.rate_limit.exceeded","timestamp":"2025-12-02T17:11:25.224Z","outcome":"failure","metadata":{"key":"signin:email:a}z.jd{.r&b8~.~h~.call.t7xtqcbdx@c0ectq.v7i7sv2whh.lr","limit":10,"windowMs":900000,"count":10,"resetAt":"2025-12-02T17:26:25.224Z"}}
{"eventId":"a5fbe4f4-36f5-4054-b5ce-1d5167e3d33d","eventType":"auth.rate_limit.exceeded","timestamp":"2025-12-02T17:11:25.224Z","outcome":"failure","metadata":{"key":"signin:email:jr/h-m%7^n*@9.men","limit":10,"windowMs":900000,"count":10,"resetAt":"2025-12-02T17:26:25.224Z"}}
{"eventId":"33209ef8-a9dc-4ff9-a154-04c187c60d71","eventType":"auth.rate_limit.exceeded","timestamp":"2025-12-02T17:11:25.224Z","outcome":"failure","metadata":{"key":"signin:email:g087!6!%./.^zam9?c}/g.$8`a+=@nezujak.eou","limit":10,"windowMs":900000,"count":10,"resetAt":"2025-12-02T17:26:25.224Z"}}
{"eventId":"b854de5a-7c01-4e7d-a6ed-5e6d669aa3c0","eventType":"auth.rate_limit.exceeded","timestamp":"2025-12-02T17:11:25.224Z","outcome":"failure","metadata":{"key":"signin:email:-!92p0t`ki.gvqfuz7.h26!~`fnd6._~./lo=0yj!}$$.`.%gt1s.q|l28&*e6lo@xu0xxawn.di","limit":10,"windowMs":900000,"count":10,"resetAt":"2025-12-02T17:26:25.224Z"}}
{"eventId":"e3d01cc6-a286-4593-91c5-6eb04f49439b","eventType":"auth.rate_limit.exceeded","timestamp":"2025-12-02T17:11:25.224Z","outcome":"failure","metadata":{"key":"signin:email:nj.*yhwhh*.-xz=%.v$ee.c2wc$|y.k-`w.%.096r^8p.}lusnyq.z`n@0ab.ew","limit":10,"windowMs":900000,"count":10,"resetAt":"2025-12-02T17:26:25.224Z"}}
{"eventId":"325f538a-90c6-4e1d-92c0-d7a9c5dc54e3","eventType":"auth.rate_limit.exceeded","timestamp":"2025-12-02T17:11:25.224Z","outcome":"failure","metadata":{"key":"signin:email:9$4fq|?=.0n1z_m&@0g2tht.22g5.kz","limit":10,"windowMs":900000,"count":10,"resetAt":"2025-12-02T17:26:25.224Z"}}
{"eventId":"13b1dfb2-8135-4a00-9131-12c22344de7f","eventType":"auth.rate_limit.exceeded","timestamp":"2025-12-02T17:11:25.224Z","outcome":"failure","metadata":{"key":"signin:email:`&?uhr.~y2$7.h8u0*5e9h.?=hl^ze.q6ltd+-u.w/3.fr/hn$3cvum.mw@acu.jqu","limit":10,"windowMs":900000,"count":10,"resetAt":"2025-12-02T17:26:25.224Z"}}
{"eventId":"acd571a5-58dc-4167-9b63-096da273ae45","eventType":"auth.rate_limit.exceeded","timestamp":"2025-12-02T17:11:25.224Z","outcome":"failure","metadata":{"key":"signin:email:9jhaxio.!3^*j.z.$6qdt3@u.ckiy5fex5bqq.bnm","limit":10,"windowMs":900000,"count":10,"resetAt":"2025-12-02T17:26:25.224Z"}}
{"eventId":"c3f039eb-d3e8-4027-b90d-bac8873af606","eventType":"auth.rate_limit.exceeded","timestamp":"2025-12-02T17:11:25.224Z","outcome":"failure","metadata":{"key":"signin:email:r49$zgjg!*.~&{.`8h16.xc`*dk@qr8.qcu","limit":10,"windowMs":900000,"count":10,"resetAt":"2025-12-02T17:26:25.224Z"}}
{"eventId":"bbf94dd5-cd20-47f6-94a0-5a78a95033b3","eventType":"auth.rate_limit.exceeded","timestamp":"2025-12-02T17:11:25.224Z","outcome":"failure","metadata":{"key":"signin:email:u._7.!xj.m-j~b7!5.%2ed02*ijg@6pl.xo","limit":10,"windowMs":900000,"count":10,"resetAt":"2025-12-02T17:26:25.224Z"}}
{"eventId":"353b933e-04f4-4a1b-a735-06ead85d27b7","eventType":"auth.rate_limit.exceeded","timestamp":"2025-12-02T17:11:25.224Z","outcome":"failure","metadata":{"key":"signin:email:=.?-+o@v-d-soe2f.cka","limit":10,"windowMs":900000,"count":10,"resetAt":"2025-12-02T17:26:25.224Z"}}
{"eventId":"1d793460-48a2-4a02-b10f-f12ee9ca407e","eventType":"auth.rate_limit.exceeded","timestamp":"2025-12-02T17:11:25.224Z","outcome":"failure","metadata":{"key":"signin:email:%rh$$#&u+gj.apply03~#bb@34bv6uu.vz","limit":10,"windowMs":900000,"count":10,"resetAt":"2025-12-02T17:26:25.224Z"}}
{"eventId":"d8efe639-9a8f-4ba4-8da5-a2ba3a1bba70","eventType":"auth.rate_limit.exceeded","timestamp":"2025-12-02T17:11:25.224Z","outcome":"failure","metadata":{"key":"signin:email:1.1+q^h?s.~}kvj2s&4k.r_}59^0~&a4a.r^%'v7*ct.nj`{qlau.f*t^pa4946@dxicuuk483qj.ima","limit":10,"windowMs":900000,"count":10,"resetAt":"2025-12-02T17:26:25.224Z"}}
{"eventId":"0be61596-1ab3-4464-b92e-b651c838aba2","eventType":"auth.rate_limit.exceeded","timestamp":"2025-12-02T17:11:25.224Z","outcome":"failure","metadata":{"key":"signin:email:mnfy.3lqvb.4gnx.0.m~$++k.e{9rk4i^.$w_a~yp^.19}hf{+{.1x0uso{*ia6r@s9otn3.ng","limit":10,"windowMs":900000,"count":10,"resetAt":"2025-12-02T17:26:25.224Z"}}
{"eventId":"489bcde8-cdc1-4505-89a5-f5e0040f638e","eventType":"auth.rate_limit.exceeded","timestamp":"2025-12-02T17:11:25.224Z","outcome":"failure","metadata":{"key":"signin:email:c1v*xy}|$?p.jy2vho``i.dt.'v_l3v*.8`u.*a`/e08@znijhvauzgt.cv","limit":10,"windowMs":900000,"count":10,"resetAt":"2025-12-02T17:26:25.224Z"}}
{"eventId":"0259a8f7-3fae-436e-aab5-cd0f4d5a0fcf","eventType":"auth.rate_limit.exceeded","timestamp":"2025-12-02T17:11:25.224Z","outcome":"failure","metadata":{"key":"signin:email:}w~v=hb++v.m{nn.!.u5681!.u./!-=.33!.uce=7h.}nj$n1s3/$@c81hu.ff5.ir","limit":10,"windowMs":900000,"count":10,"resetAt":"2025-12-02T17:26:25.224Z"}}
{"eventId":"40b3da34-7eba-4b93-aaac-4e2697084039","eventType":"auth.rate_limit.exceeded","timestamp":"2025-12-02T17:11:25.224Z","outcome":"failure","metadata":{"key":"signin:email:c{mmxh1h6hl.fa?h=c.v|hfobjlx4.}*&mr_yoz.0j#t0h`.qsfe3oda`0_@0x.gj","limit":10,"windowMs":900000,"count":10,"resetAt":"2025-12-02T17:26:25.224Z"}}
{"eventId":"b5c741c4-8c04-4b4b-a762-f55a47c56cd4","eventType":"auth.rate_limit.exceeded","timestamp":"2025-12-02T17:11:25.224Z","outcome":"failure","metadata":{"key":"signin:email:0.9zp'.`u64g/bg1.m3usl#^5*#bz.5nd}q67nc6'z.htwq$?ib3t7.#l1a|.{fu@6al.ca","limit":10,"windowMs":900000,"count":10,"resetAt":"2025-12-02T17:26:25.224Z"}}
{"eventId":"185dd581-f56c-44f9-b078-4ce4c6572fc2","eventType":"auth.rate_limit.exceeded","timestamp":"2025-12-02T17:11:25.224Z","outcome":"failure","metadata":{"key":"signin:email:kt%.m*7{q.z6z2.}8en=ojje5-t.cb.&5j`fh^x/.'p=7lg?r@qkacn3yxl.pt","limit":10,"windowMs":900000,"count":10,"resetAt":"2025-12-02T17:26:25.224Z"}}
{"eventId":"22d53001-0753-4e7e-ab70-76ddab58f23e","eventType":"auth.rate_limit.exceeded","timestamp":"2025-12-02T17:11:25.224Z","outcome":"failure","metadata":{"key":"signin:email:u`n*ht.t=s6v__@b.jp","limit":10,"windowMs":900000,"count":10,"resetAt":"2025-12-02T17:26:25.224Z"}}
{"eventId":"353fd376-1307-4b01-8a6d-519067e6b55b","eventType":"auth.rate_limit.exceeded","timestamp":"2025-12-02T17:11:25.224Z","outcome":"failure","metadata":{"key":"signin:email:{~+i.+-+%~.6|rc3n3~%@9.hq.rty","limit":10,"windowMs":900000,"count":10,"resetAt":"2025-12-02T17:26:25.224Z"}}
{"eventId":"7ec25fc8-7aa0-4341-92ba-0bd90ca170b9","eventType":"auth.rate_limit.exceeded","timestamp":"2025-12-02T17:11:25.224Z","outcome":"failure","metadata":{"key":"signin:email:yj/=^&60uoma.9&pjejo.omr#.m+n}t2@a.m.hv","limit":10,"windowMs":900000,"count":10,"resetAt":"2025-12-02T17:26:25.224Z"}}
{"eventId":"2d6d7b09-e4c5-45d0-a558-721ff3bfda1a","eventType":"auth.rate_limit.exceeded","timestamp":"2025-12-02T17:11:25.224Z","outcome":"failure","metadata":{"key":"signin:email:w5.fg$*.|60@6btcocsrr1.10lgndgm.hvp","limit":10,"windowMs":900000,"count":10,"resetAt":"2025-12-02T17:26:25.224Z"}}
{"eventId":"ccb32c75-9ed7-4fa4-8e6d-849d18562618","eventType":"auth.rate_limit.exceeded","timestamp":"2025-12-02T17:11:25.224Z","outcome":"failure","metadata":{"key":"signin:email:#%9o@l3-lrtbs.xlq","limit":10,"windowMs":900000,"count":10,"resetAt":"2025-12-02T17:26:25.224Z"}}
{"eventId":"f5087c55-5646-45df-abd1-3517ef4b8b31","eventType":"auth.rate_limit.exceeded","timestamp":"2025-12-02T17:11:25.224Z","outcome":"failure","metadata":{"key":"signin:email:i}me%$u7j.x/auj#.9%axd{b*&/9`@ulee.dpoep.lnp","limit":10,"windowMs":900000,"count":10,"resetAt":"2025-12-02T17:26:25.224Z"}}
{"eventId":"af0a9f9c-403e-4253-b456-525404daba1e","eventType":"auth.rate_limit.exceeded","timestamp":"2025-12-02T17:11:25.225Z","outcome":"failure","metadata":{"key":"signin:email:p}6.v~5ks}/.yc%=7|e=/'qm.}%2e.rrtcw5.%./dv&3t3p`{o.y^l.q_-~qot-@xpmrt.z21erye.ine","limit":10,"windowMs":900000,"count":10,"resetAt":"2025-12-02T17:26:25.225Z"}}
{"eventId":"16cbd9cc-9ad9-4495-9a93-7c76d7617c46","eventType":"auth.rate_limit.exceeded","timestamp":"2025-12-02T17:11:25.225Z","outcome":"failure","metadata":{"key":"signin:email:-6zdj5^x._37q.8+.pgscv1ruwx.w+q+i-$^.-b1z2k^x@azjem5.tzza2uj0o9.bbc","limit":10,"windowMs":900000,"count":10,"resetAt":"2025-12-02T17:26:25.225Z"}}
{"eventId":"8503a415-7cb9-4394-a5da-644d2e9d46e5","eventType":"auth.rate_limit.exceeded","timestamp":"2025-12-02T17:11:25.225Z","outcome":"failure","metadata":{"key":"signin:email:e.2+}ob/agn.xcvywy&_2e7#.5&+%zb3ak='.dm45#!fi&g5j.mqe5.l%iz5%7'y@80yjpc.ll","limit":10,"windowMs":900000,"count":10,"resetAt":"2025-12-02T17:26:25.225Z"}}
{"eventId":"40d51150-d2be-45ca-9fae-50ba64ef0f66","eventType":"auth.rate_limit.exceeded","timestamp":"2025-12-02T17:11:25.225Z","outcome":"failure","metadata":{"key":"signin:email:8t7i!3om~-}7.0qztr9^w.&+d.%~p4o&9.67b#*?'_d.!6.4q}2_%=n.-~e|q+.9@xdww3n.jc","limit":10,"windowMs":900000,"count":10,"resetAt":"2025-12-02T17:26:25.225Z"}}

stdout | src/app/api/auth/logout/__tests__/logout.property.test.ts > POST /api/auth/logout - Property-Based Tests > Property 12: Sign-out invalidates session
{"eventId":"f6f769ac-4020-453d-9279-7547b611bfb1","eventType":"auth.logout.success","timestamp":"2025-12-02T17:11:24.570Z","outcome":"success","userId":"be0700bd-96a6-47d7-a790-7db586fb0d1c","email":"c623109ad06d914f","ipAddress":"unknown","userAgent":"unknown","requestId":"2fbce894-e589-4c38-80b3-6e34bc08191b","metadata":{"sessionId":"49926b14-e8e3-46cc-b91a-9671864c2eea"}}
{"eventId":"4b8a98de-0331-4f52-8d0d-4ce9e085385a","eventType":"auth.logout.success","timestamp":"2025-12-02T17:11:24.579Z","outcome":"success","userId":"be0700bd-96a6-47d7-a790-7db586fb0d1c","email":"c623109ad06d914f","ipAddress":"unknown","userAgent":"unknown","requestId":"a9a0c4b4-4258-4b30-8097-99c3e11a0b47","metadata":{"sessionId":"c90ed0f0-118a-4b2d-a27c-8cb4ff852453"}}
{"eventId":"b92fcff1-5996-48d1-96c0-c0a4222e58a7","eventType":"auth.logout.success","timestamp":"2025-12-02T17:11:24.591Z","outcome":"success","userId":"be0700bd-96a6-47d7-a790-7db586fb0d1c","email":"c623109ad06d914f","ipAddress":"unknown","userAgent":"unknown","requestId":"abfac1b5-5ea2-4548-aeba-65f40d422a69","metadata":{"sessionId":"58d16468-b85d-4fe1-850e-56f4a3da0453"}}
{"eventId":"32a29047-a231-4500-ae5c-21acceaa9378","eventType":"auth.logout.success","timestamp":"2025-12-02T17:11:24.599Z","outcome":"success","userId":"be0700bd-96a6-47d7-a790-7db586fb0d1c","email":"c623109ad06d914f","ipAddress":"unknown","userAgent":"unknown","requestId":"bd1151e3-7ee5-44ff-a19a-4894362a20cc","metadata":{"sessionId":"b36f8acc-90d6-4a01-a373-09c06784193a"}}
{"eventId":"d3fb0ee7-53f5-4ba1-aefd-5b7ec2ecb606","eventType":"auth.logout.success","timestamp":"2025-12-02T17:11:24.603Z","outcome":"success","userId":"be0700bd-96a6-47d7-a790-7db586fb0d1c","email":"c623109ad06d914f","ipAddress":"unknown","userAgent":"unknown","requestId":"b789bd24-f0fd-46df-8938-46b2a196c0af","metadata":{"sessionId":"7327a26c-a484-4016-a4d5-e4d0bc0d11c8"}}
{"eventId":"d4002f51-0ba3-4bc0-9223-f6300f9c4d50","eventType":"auth.logout.success","timestamp":"2025-12-02T17:11:24.606Z","outcome":"success","userId":"be0700bd-96a6-47d7-a790-7db586fb0d1c","email":"c623109ad06d914f","ipAddress":"unknown","userAgent":"unknown","requestId":"85be17bf-57ad-42fd-80de-1802562f357f","metadata":{"sessionId":"2799f443-3a6f-45fc-a2c0-78ef493a95bd"}}
{"eventId":"f7329fe7-b95c-4f4a-b1d7-c79b8756e39c","eventType":"auth.logout.success","timestamp":"2025-12-02T17:11:24.609Z","outcome":"success","userId":"be0700bd-96a6-47d7-a790-7db586fb0d1c","email":"c623109ad06d914f","ipAddress":"unknown","userAgent":"unknown","requestId":"da224de0-ad63-4469-8782-65405186c322","metadata":{"sessionId":"6ff9cf91-aa11-4308-800e-32e255795e24"}}
{"eventId":"e1c03917-b30f-4b08-a2bf-b41acd1ae608","eventType":"auth.logout.success","timestamp":"2025-12-02T17:11:24.616Z","outcome":"success","userId":"be0700bd-96a6-47d7-a790-7db586fb0d1c","email":"c623109ad06d914f","ipAddress":"unknown","userAgent":"unknown","requestId":"5a1a27bd-def8-405f-a87b-398b14c7aed5","metadata":{"sessionId":"0ab8aa20-6c75-464d-bf06-507001a5b8d8"}}
{"eventId":"45fb54ae-5259-4580-866e-e439d299a66b","eventType":"auth.logout.success","timestamp":"2025-12-02T17:11:24.625Z","outcome":"success","userId":"be0700bd-96a6-47d7-a790-7db586fb0d1c","email":"c623109ad06d914f","ipAddress":"unknown","userAgent":"unknown","requestId":"d852ccbd-6dd6-4d3c-ae59-79c49d1bcd67","metadata":{"sessionId":"b978a71c-ae9d-4dcc-b773-833423d552bc"}}
{"eventId":"55a64f57-6b66-4d36-ad83-bf876ec46092","eventType":"auth.logout.success","timestamp":"2025-12-02T17:11:24.639Z","outcome":"success","userId":"be0700bd-96a6-47d7-a790-7db586fb0d1c","email":"c623109ad06d914f","ipAddress":"unknown","userAgent":"unknown","requestId":"b806f520-3277-4ea0-b944-369a42ade255","metadata":{"sessionId":"c3ebc47d-4b4c-4229-a9f3-586c309414b1"}}
{"eventId":"c4f6324e-a2c2-469f-90f3-508e6f73c6d6","eventType":"auth.logout.success","timestamp":"2025-12-02T17:11:24.658Z","outcome":"success","userId":"be0700bd-96a6-47d7-a790-7db586fb0d1c","email":"c623109ad06d914f","ipAddress":"unknown","userAgent":"unknown","requestId":"efa6870e-b297-4edb-a1f4-52ac73f89bed","metadata":{"sessionId":"39a3a03e-62af-48b7-b913-3d91d86f756f"}}
{"eventId":"f3eb4c22-34e7-43b4-adc8-b50664b66099","eventType":"auth.logout.success","timestamp":"2025-12-02T17:11:24.665Z","outcome":"success","userId":"be0700bd-96a6-47d7-a790-7db586fb0d1c","email":"c623109ad06d914f","ipAddress":"unknown","userAgent":"unknown","requestId":"819c3151-5366-4b46-b89e-1734344870d2","metadata":{"sessionId":"50ae3d71-f867-4b1d-9091-666a5f9e6c50"}}
{"eventId":"0efe8bd0-3d99-47eb-95ed-a405a4dc4031","eventType":"auth.logout.success","timestamp":"2025-12-02T17:11:24.669Z","outcome":"success","userId":"be0700bd-96a6-47d7-a790-7db586fb0d1c","email":"c623109ad06d914f","ipAddress":"unknown","userAgent":"unknown","requestId":"bd9a9434-28c3-4fec-81c5-2d1c97b09fdc","metadata":{"sessionId":"829c91a5-6c59-4d2e-aba8-744b74a08071"}}
{"eventId":"88dfd4c1-c4f4-4035-8efe-12305dff309c","eventType":"auth.logout.success","timestamp":"2025-12-02T17:11:24.676Z","outcome":"success","userId":"be0700bd-96a6-47d7-a790-7db586fb0d1c","email":"c623109ad06d914f","ipAddress":"unknown","userAgent":"unknown","requestId":"fbdce7e7-0956-431a-915b-ff9b5e307c81","metadata":{"sessionId":"83ba967c-9f61-4ee9-a5ae-e3aa6e0a07c2"}}
{"eventId":"6b603841-578b-49c3-b4d3-36b7ee945dd6","eventType":"auth.logout.success","timestamp":"2025-12-02T17:11:24.685Z","outcome":"success","userId":"be0700bd-96a6-47d7-a790-7db586fb0d1c","email":"c623109ad06d914f","ipAddress":"unknown","userAgent":"unknown","requestId":"ca9fa10c-0761-40ec-b2e6-dc465a0e5590","metadata":{"sessionId":"cf9f22f6-595f-4f06-bfad-9ffc48b76100"}}
{"eventId":"b3eb0013-175f-4d9e-b01c-7ef3bde04061","eventType":"auth.logout.success","timestamp":"2025-12-02T17:11:24.688Z","outcome":"success","userId":"be0700bd-96a6-47d7-a790-7db586fb0d1c","email":"c623109ad06d914f","ipAddress":"unknown","userAgent":"unknown","requestId":"58170edb-ff16-4a9b-90da-960e05555c2b","metadata":{"sessionId":"48e67621-1fc5-4e08-beb8-5a98765963fe"}}
{"eventId":"22a01bb0-9618-45bb-a8e8-9093f8304775","eventType":"auth.logout.success","timestamp":"2025-12-02T17:11:24.693Z","outcome":"success","userId":"be0700bd-96a6-47d7-a790-7db586fb0d1c","email":"c623109ad06d914f","ipAddress":"unknown","userAgent":"unknown","requestId":"bf2dcd0b-3fd1-41d9-9048-e2282785d89a","metadata":{"sessionId":"31e00938-2c1a-43e5-a983-2d8d195a07c9"}}
{"eventId":"74a6372d-0952-4f84-a8bd-30b08eb74cf5","eventType":"auth.logout.success","timestamp":"2025-12-02T17:11:24.698Z","outcome":"success","userId":"be0700bd-96a6-47d7-a790-7db586fb0d1c","email":"c623109ad06d914f","ipAddress":"unknown","userAgent":"unknown","requestId":"370c9cf7-630f-4c1a-a3c8-1f4ac0fc9c95","metadata":{"sessionId":"e7675c40-babd-4002-bf88-e9a6a5bc078f"}}
{"eventId":"fa454088-d81e-41b1-a9a5-8d198f168b77","eventType":"auth.logout.success","timestamp":"2025-12-02T17:11:24.701Z","outcome":"success","userId":"be0700bd-96a6-47d7-a790-7db586fb0d1c","email":"c623109ad06d914f","ipAddress":"unknown","userAgent":"unknown","requestId":"7951803b-648d-4dba-998e-8617d5cd6e54","metadata":{"sessionId":"bf3b8fca-8c51-48be-beca-e087b723b077"}}
{"eventId":"9929dc89-2efe-4a40-bb6c-d8c64f1ff4bf","eventType":"auth.logout.success","timestamp":"2025-12-02T17:11:24.703Z","outcome":"success","userId":"be0700bd-96a6-47d7-a790-7db586fb0d1c","email":"c623109ad06d914f","ipAddress":"unknown","userAgent":"unknown","requestId":"a4df3d60-22f3-484d-8ae2-7561599dfeeb","metadata":{"sessionId":"42afa133-202c-4c85-af6f-381955365ba3"}}
{"eventId":"d286ddc9-7606-4bd8-961d-3101f027954a","eventType":"auth.logout.success","timestamp":"2025-12-02T17:11:24.710Z","outcome":"success","userId":"be0700bd-96a6-47d7-a790-7db586fb0d1c","email":"c623109ad06d914f","ipAddress":"unknown","userAgent":"unknown","requestId":"e6f7de55-c239-4279-a3bc-9247e7ad2f18","metadata":{"sessionId":"84765ea5-6f9f-4c07-a523-638cfd15bf49"}}
{"eventId":"ff2fee15-0981-4458-97e1-c92133f25b1e","eventType":"auth.logout.success","timestamp":"2025-12-02T17:11:24.715Z","outcome":"success","userId":"be0700bd-96a6-47d7-a790-7db586fb0d1c","email":"c623109ad06d914f","ipAddress":"unknown","userAgent":"unknown","requestId":"5b700754-137c-48a7-b0a5-aa08eb244a37","metadata":{"sessionId":"c72ea068-d332-48f1-8894-825753d70c4e"}}
{"eventId":"af626f13-7bb1-4e3b-bf21-ecda3c030866","eventType":"auth.logout.success","timestamp":"2025-12-02T17:11:24.717Z","outcome":"success","userId":"be0700bd-96a6-47d7-a790-7db586fb0d1c","email":"c623109ad06d914f","ipAddress":"unknown","userAgent":"unknown","requestId":"5b15b46a-f544-47fa-9e76-f9a27d589350","metadata":{"sessionId":"757a0600-7e25-498c-b10e-882f11c61545"}}
{"eventId":"4bb7d0c3-a171-4495-b2cf-f932228284ad","eventType":"auth.logout.success","timestamp":"2025-12-02T17:11:24.720Z","outcome":"success","userId":"be0700bd-96a6-47d7-a790-7db586fb0d1c","email":"c623109ad06d914f","ipAddress":"unknown","userAgent":"unknown","requestId":"06b4da49-9d69-4d0f-b522-e69c58c809ff","metadata":{"sessionId":"b954efe9-6717-4360-8aed-5bf2070ed2be"}}
{"eventId":"eeb5c36d-ef25-4a6e-83f3-22d81bba4524","eventType":"auth.logout.success","timestamp":"2025-12-02T17:11:24.721Z","outcome":"success","userId":"be0700bd-96a6-47d7-a790-7db586fb0d1c","email":"c623109ad06d914f","ipAddress":"unknown","userAgent":"unknown","requestId":"32c15ddf-9aef-45f0-b595-51919ffd1484","metadata":{"sessionId":"1d9ddf1f-dbae-4015-9ad4-949cfc73ae81"}}
{"eventId":"4bdd5b45-a128-4558-946c-3a25cb81e368","eventType":"auth.logout.success","timestamp":"2025-12-02T17:11:24.724Z","outcome":"success","userId":"be0700bd-96a6-47d7-a790-7db586fb0d1c","email":"c623109ad06d914f","ipAddress":"unknown","userAgent":"unknown","requestId":"f91edc85-5c5a-40d1-b234-68cda3ab48ef","metadata":{"sessionId":"f9a85be8-2f0a-4be5-b8f6-c7caed4db6fb"}}
{"eventId":"b59a3b65-a1ac-441c-834a-4905cfc3d965","eventType":"auth.logout.success","timestamp":"2025-12-02T17:11:24.726Z","outcome":"success","userId":"be0700bd-96a6-47d7-a790-7db586fb0d1c","email":"c623109ad06d914f","ipAddress":"unknown","userAgent":"unknown","requestId":"719f8981-2124-469d-858e-9b81264b2f59","metadata":{"sessionId":"d137a562-3359-4a09-95da-77338cb7cea6"}}
{"eventId":"9af077f6-edbd-4164-8f50-f5dcb324bdfe","eventType":"auth.logout.success","timestamp":"2025-12-02T17:11:24.754Z","outcome":"success","userId":"be0700bd-96a6-47d7-a790-7db586fb0d1c","email":"c623109ad06d914f","ipAddress":"unknown","userAgent":"unknown","requestId":"749d3531-8163-462b-97b5-c8077c74a6e7","metadata":{"sessionId":"96775561-997f-4936-abe9-ee202375dcd3"}}
{"eventId":"8462b862-1f47-4b2d-a00b-7cc6c7e3f5ca","eventType":"auth.logout.success","timestamp":"2025-12-02T17:11:24.757Z","outcome":"success","userId":"be0700bd-96a6-47d7-a790-7db586fb0d1c","email":"c623109ad06d914f","ipAddress":"unknown","userAgent":"unknown","requestId":"eca0b465-e3a0-4cd5-915b-9757d3487abc","metadata":{"sessionId":"f942fdf2-915f-42d3-b47c-13ab26550f87"}}
{"eventId":"52240102-88de-4cd0-9547-b7522208a525","eventType":"auth.logout.success","timestamp":"2025-12-02T17:11:24.763Z","outcome":"success","userId":"be0700bd-96a6-47d7-a790-7db586fb0d1c","email":"c623109ad06d914f","ipAddress":"unknown","userAgent":"unknown","requestId":"be2c2529-cbea-403c-804f-29cae7aa295b","metadata":{"sessionId":"4868ae7e-7f3f-4c22-8676-1cb44457a99a"}}
{"eventId":"75a26779-0c65-4f21-918d-80ecbed04d27","eventType":"auth.logout.success","timestamp":"2025-12-02T17:11:24.774Z","outcome":"success","userId":"be0700bd-96a6-47d7-a790-7db586fb0d1c","email":"c623109ad06d914f","ipAddress":"unknown","userAgent":"unknown","requestId":"9f5b5e83-bf24-4f5c-a1b9-957c0783c63f","metadata":{"sessionId":"136cb464-41d2-4ca6-8519-db8efe76a206"}}
{"eventId":"47ad71fa-e636-4460-b66b-39e68a8bfc68","eventType":"auth.logout.success","timestamp":"2025-12-02T17:11:24.777Z","outcome":"success","userId":"be0700bd-96a6-47d7-a790-7db586fb0d1c","email":"c623109ad06d914f","ipAddress":"unknown","userAgent":"unknown","requestId":"830e4958-9580-47f0-8d1b-c3679b5fa625","metadata":{"sessionId":"237d243e-2a06-4caa-a78b-aac4e43d8ef1"}}
{"eventId":"fa2da67b-a05c-49e7-8300-3f15b761fee6","eventType":"auth.logout.success","timestamp":"2025-12-02T17:11:24.782Z","outcome":"success","userId":"be0700bd-96a6-47d7-a790-7db586fb0d1c","email":"c623109ad06d914f","ipAddress":"unknown","userAgent":"unknown","requestId":"923ef9b6-c52b-4610-9739-9eb1c433cd45","metadata":{"sessionId":"f922d108-246f-46a4-80d0-8b61c0166c9a"}}
{"eventId":"e2804132-59f6-48cb-b1d2-1c79856fcb91","eventType":"auth.logout.success","timestamp":"2025-12-02T17:11:24.785Z","outcome":"success","userId":"be0700bd-96a6-47d7-a790-7db586fb0d1c","email":"c623109ad06d914f","ipAddress":"unknown","userAgent":"unknown","requestId":"48951ef1-5fe1-4f00-aea9-ea90cd4f75bc","metadata":{"sessionId":"df9b4ff2-6e40-4dc4-be66-9594039155e1"}}
{"eventId":"21438eda-19c8-4661-986e-cbef32bcb9b3","eventType":"auth.logout.success","timestamp":"2025-12-02T17:11:24.786Z","outcome":"success","userId":"be0700bd-96a6-47d7-a790-7db586fb0d1c","email":"c623109ad06d914f","ipAddress":"unknown","userAgent":"unknown","requestId":"3dd62f4e-a33c-48f9-84da-98fe463a4546","metadata":{"sessionId":"1949d4cc-5134-4488-be5f-7ad8cee45d9b"}}
{"eventId":"64177e74-4fc4-4edb-bc39-823dd15405a3","eventType":"auth.logout.success","timestamp":"2025-12-02T17:11:24.788Z","outcome":"success","userId":"be0700bd-96a6-47d7-a790-7db586fb0d1c","email":"c623109ad06d914f","ipAddress":"unknown","userAgent":"unknown","requestId":"93fe05c9-e7a0-486b-913c-d2038683c66f","metadata":{"sessionId":"37bbb47c-0114-4795-8fc1-5231be5a306b"}}
{"eventId":"270f2e04-b551-4187-8dad-74cc3d1075ac","eventType":"auth.logout.success","timestamp":"2025-12-02T17:11:24.794Z","outcome":"success","userId":"be0700bd-96a6-47d7-a790-7db586fb0d1c","email":"c623109ad06d914f","ipAddress":"unknown","userAgent":"unknown","requestId":"1300af1a-baf3-4a6a-a8a1-cb0c15232527","metadata":{"sessionId":"b9400a44-d9c5-4cd3-87e0-504743dc3ee4"}}
{"eventId":"97ac9612-5b5c-445e-9932-92c6d934b7e7","eventType":"auth.logout.success","timestamp":"2025-12-02T17:11:24.798Z","outcome":"success","userId":"be0700bd-96a6-47d7-a790-7db586fb0d1c","email":"c623109ad06d914f","ipAddress":"unknown","userAgent":"unknown","requestId":"a7d22f56-be17-40cd-818c-3d0aae02d794","metadata":{"sessionId":"254fb973-7e81-42e0-8ab9-892fa0ca19fd"}}
{"eventId":"df81df15-9c5d-4c83-b65b-577eee9d032e","eventType":"auth.logout.success","timestamp":"2025-12-02T17:11:24.803Z","outcome":"success","userId":"be0700bd-96a6-47d7-a790-7db586fb0d1c","email":"c623109ad06d914f","ipAddress":"unknown","userAgent":"unknown","requestId":"44c41f78-f968-4a0c-94c8-426ae0c65b7f","metadata":{"sessionId":"9e00bc1d-270a-47fa-a189-e6a260b3bd21"}}
{"eventId":"a05d5c18-49e1-414f-b9e9-c06ffe111a4f","eventType":"auth.logout.success","timestamp":"2025-12-02T17:11:24.808Z","outcome":"success","userId":"be0700bd-96a6-47d7-a790-7db586fb0d1c","email":"c623109ad06d914f","ipAddress":"unknown","userAgent":"unknown","requestId":"5d787118-2b8d-4363-bf9a-0dce658acf91","metadata":{"sessionId":"45451caf-1738-43bd-9e32-ab9693686834"}}
{"eventId":"50f89cae-fdd6-4468-8d79-7ff755e7e636","eventType":"auth.logout.success","timestamp":"2025-12-02T17:11:24.810Z","outcome":"success","userId":"be0700bd-96a6-47d7-a790-7db586fb0d1c","email":"c623109ad06d914f","ipAddress":"unknown","userAgent":"unknown","requestId":"473c235c-e5c7-4b2c-8928-2f6328f62a50","metadata":{"sessionId":"d9130c2e-6fbc-4160-9c1c-9d8e50b5efd1"}}
{"eventId":"87a962b6-0570-449d-b1f3-3d326d43c2c1","eventType":"auth.logout.success","timestamp":"2025-12-02T17:11:24.814Z","outcome":"success","userId":"be0700bd-96a6-47d7-a790-7db586fb0d1c","email":"c623109ad06d914f","ipAddress":"unknown","userAgent":"unknown","requestId":"178e71a9-458d-4174-8dda-907524ecaf2a","metadata":{"sessionId":"478dacd8-00e3-4acc-a5cd-3143ba7a50b2"}}
{"eventId":"9024f983-9412-46d0-89b2-e427131558d9","eventType":"auth.logout.success","timestamp":"2025-12-02T17:11:24.816Z","outcome":"success","userId":"be0700bd-96a6-47d7-a790-7db586fb0d1c","email":"c623109ad06d914f","ipAddress":"unknown","userAgent":"unknown","requestId":"e4540544-1685-4b9a-988f-c549ed295338","metadata":{"sessionId":"58c9e81a-e40c-4802-aa16-07284d512ae2"}}
{"eventId":"87b1760d-b67b-4fee-915f-6f4c93ae8081","eventType":"auth.logout.success","timestamp":"2025-12-02T17:11:24.818Z","outcome":"success","userId":"be0700bd-96a6-47d7-a790-7db586fb0d1c","email":"c623109ad06d914f","ipAddress":"unknown","userAgent":"unknown","requestId":"0a305e09-9e11-44ca-b532-f5236807847d","metadata":{"sessionId":"1120c7f7-c68e-48be-83f6-7fb68665bf2d"}}
{"eventId":"e9833b0b-6a76-4325-9dbd-86e52f961db4","eventType":"auth.logout.success","timestamp":"2025-12-02T17:11:24.819Z","outcome":"success","userId":"be0700bd-96a6-47d7-a790-7db586fb0d1c","email":"c623109ad06d914f","ipAddress":"unknown","userAgent":"unknown","requestId":"c9b9f288-e04f-41fb-913a-3b033a1ec968","metadata":{"sessionId":"9a6c49d2-56dd-4e25-bd33-6fae5aa269ef"}}
{"eventId":"889ba8f1-2652-4237-ac94-c2b7bb729404","eventType":"auth.logout.success","timestamp":"2025-12-02T17:11:24.821Z","outcome":"success","userId":"be0700bd-96a6-47d7-a790-7db586fb0d1c","email":"c623109ad06d914f","ipAddress":"unknown","userAgent":"unknown","requestId":"91bc8db1-7b97-4d25-bff8-f324667701bc","metadata":{"sessionId":"807b47a2-5401-4be6-a42b-6fa5b184f74f"}}
{"eventId":"b4cf59c1-10f2-4624-bd38-2e125464bcb7","eventType":"auth.logout.success","timestamp":"2025-12-02T17:11:24.851Z","outcome":"success","userId":"be0700bd-96a6-47d7-a790-7db586fb0d1c","email":"c623109ad06d914f","ipAddress":"unknown","userAgent":"unknown","requestId":"2c381c00-43f1-4544-b8c5-64f57a044d1f","metadata":{"sessionId":"8a97b970-effb-4330-a084-099449ea62e3"}}
{"eventId":"47ed94a8-2a37-4f3b-afe6-2d8490b9646f","eventType":"auth.logout.success","timestamp":"2025-12-02T17:11:24.859Z","outcome":"success","userId":"be0700bd-96a6-47d7-a790-7db586fb0d1c","email":"c623109ad06d914f","ipAddress":"unknown","userAgent":"unknown","requestId":"5b9ffa1d-cf14-4923-8059-37e18720454c","metadata":{"sessionId":"3eec1a70-991e-4c7a-8139-0356e37f7d13"}}
{"eventId":"cecb56cf-0896-45c6-9bc9-fe543567510c","eventType":"auth.logout.success","timestamp":"2025-12-02T17:11:24.866Z","outcome":"success","userId":"be0700bd-96a6-47d7-a790-7db586fb0d1c","email":"c623109ad06d914f","ipAddress":"unknown","userAgent":"unknown","requestId":"62b9cce1-8b4e-4fc8-a8ff-2e2793ece9c9","metadata":{"sessionId":"90c92e81-47c0-47e4-9c63-9342a8bea89d"}}
{"eventId":"ca3c492c-f83f-4a83-83e7-6f60edeb2eec","eventType":"auth.logout.success","timestamp":"2025-12-02T17:11:24.869Z","outcome":"success","userId":"be0700bd-96a6-47d7-a790-7db586fb0d1c","email":"c623109ad06d914f","ipAddress":"unknown","userAgent":"unknown","requestId":"5ceccad6-95fe-4482-9284-d32fd7556fbf","metadata":{"sessionId":"46a98b9a-b475-4952-916b-e775c11b2b59"}}
{"eventId":"8b1ee044-75ef-4efb-a996-01313fa2953e","eventType":"auth.logout.success","timestamp":"2025-12-02T17:11:24.874Z","outcome":"success","userId":"be0700bd-96a6-47d7-a790-7db586fb0d1c","email":"c623109ad06d914f","ipAddress":"unknown","userAgent":"unknown","requestId":"85d83df6-c796-4704-b9ae-129de0ab362c","metadata":{"sessionId":"746afbbe-e5e8-480f-8166-92302c9412ee"}}
{"eventId":"89ff112a-0a0c-41e8-8f68-f81585acf02d","eventType":"auth.logout.success","timestamp":"2025-12-02T17:11:24.881Z","outcome":"success","userId":"be0700bd-96a6-47d7-a790-7db586fb0d1c","email":"c623109ad06d914f","ipAddress":"unknown","userAgent":"unknown","requestId":"9704fb6b-ca76-4dba-9358-6282c498f76c","metadata":{"sessionId":"0e395fd8-44a3-46c8-a800-945cc65d7d22"}}
{"eventId":"7b085c68-810e-437f-b3f6-6908e4c47a76","eventType":"auth.logout.success","timestamp":"2025-12-02T17:11:24.884Z","outcome":"success","userId":"be0700bd-96a6-47d7-a790-7db586fb0d1c","email":"c623109ad06d914f","ipAddress":"unknown","userAgent":"unknown","requestId":"92962bd8-dbe8-424c-bd5f-a409ae27e99e","metadata":{"sessionId":"a7313af0-7209-452a-9726-d7e0c33a31ea"}}
{"eventId":"2eafb5c9-65f5-4090-8581-2a5cc441d382","eventType":"auth.logout.success","timestamp":"2025-12-02T17:11:25.033Z","outcome":"success","userId":"be0700bd-96a6-47d7-a790-7db586fb0d1c","email":"c623109ad06d914f","ipAddress":"unknown","userAgent":"unknown","requestId":"72bb3a54-e9fc-41e4-818a-f4aeb84719f1","metadata":{"sessionId":"d6431fa3-f14a-4c54-a513-c562d6da3c3d"}}
{"eventId":"1195964c-b4a7-46e1-bbff-889236be10c5","eventType":"auth.logout.success","timestamp":"2025-12-02T17:11:25.041Z","outcome":"success","userId":"be0700bd-96a6-47d7-a790-7db586fb0d1c","email":"c623109ad06d914f","ipAddress":"unknown","userAgent":"unknown","requestId":"0b4efd69-34df-4df8-a6a5-a9005d177d53","metadata":{"sessionId":"5718aa21-500e-45f8-8394-fe0d393d49d8"}}
{"eventId":"27ab692e-a2c5-4336-ab08-954d52dc1805","eventType":"auth.logout.success","timestamp":"2025-12-02T17:11:25.050Z","outcome":"success","userId":"be0700bd-96a6-47d7-a790-7db586fb0d1c","email":"c623109ad06d914f","ipAddress":"unknown","userAgent":"unknown","requestId":"a56c2c29-e612-4dec-bef5-6ca53417bb68","metadata":{"sessionId":"5c918b5f-b94d-40da-b71e-015a9de6e70d"}}
{"eventId":"47569a7d-13a1-408d-af2d-898ad7cf0882","eventType":"auth.logout.success","timestamp":"2025-12-02T17:11:25.058Z","outcome":"success","userId":"be0700bd-96a6-47d7-a790-7db586fb0d1c","email":"c623109ad06d914f","ipAddress":"unknown","userAgent":"unknown","requestId":"8c50b53b-f4cb-405f-b3cb-bc7821123c05","metadata":{"sessionId":"2d7a1eaa-4ec7-47b4-9c7d-495dc4ab2230"}}
{"eventId":"6b17dbcb-d863-43d1-9ad8-7fcd9bd1f2b4","eventType":"auth.logout.success","timestamp":"2025-12-02T17:11:25.069Z","outcome":"success","userId":"be0700bd-96a6-47d7-a790-7db586fb0d1c","email":"c623109ad06d914f","ipAddress":"unknown","userAgent":"unknown","requestId":"cf60b8b8-f8ac-4627-8061-d1226351c9bd","metadata":{"sessionId":"c3750467-8eb3-4713-a9e1-2493082c79a9"}}
{"eventId":"3e7fc5a6-ce65-4984-821a-b332c7bceef6","eventType":"auth.logout.success","timestamp":"2025-12-02T17:11:25.083Z","outcome":"success","userId":"be0700bd-96a6-47d7-a790-7db586fb0d1c","email":"c623109ad06d914f","ipAddress":"unknown","userAgent":"unknown","requestId":"7f698a8e-353b-447c-b5b9-9f0fb8eeebc0","metadata":{"sessionId":"06204801-8409-4824-8368-d6c40c7de947"}}
{"eventId":"773b4552-fae9-4313-acae-a09e21b85bca","eventType":"auth.logout.success","timestamp":"2025-12-02T17:11:25.091Z","outcome":"success","userId":"be0700bd-96a6-47d7-a790-7db586fb0d1c","email":"c623109ad06d914f","ipAddress":"unknown","userAgent":"unknown","requestId":"9ebfab85-7894-45d2-992c-bae0f8ebdb53","metadata":{"sessionId":"63eb12ad-17f2-4dee-a01b-219ce4b677fd"}}
{"eventId":"7cb9cbbc-38ac-46cd-b816-bcef67162ab4","eventType":"auth.logout.success","timestamp":"2025-12-02T17:11:25.134Z","outcome":"success","userId":"be0700bd-96a6-47d7-a790-7db586fb0d1c","email":"c623109ad06d914f","ipAddress":"unknown","userAgent":"unknown","requestId":"0d37afff-65c7-4728-9af0-3de54038b9dc","metadata":{"sessionId":"754dff79-b0a2-4ea6-a020-643177309ed5"}}
{"eventId":"4c96da1f-d255-4c68-920c-4f25dca7fdcd","eventType":"auth.logout.success","timestamp":"2025-12-02T17:11:25.147Z","outcome":"success","userId":"be0700bd-96a6-47d7-a790-7db586fb0d1c","email":"c623109ad06d914f","ipAddress":"unknown","userAgent":"unknown","requestId":"10b47047-75ef-4396-b160-f5e59f806dd7","metadata":{"sessionId":"947fd056-3666-480e-aacd-30826b0f0762"}}
{"eventId":"e1638a2d-f645-4a54-939f-f6c61a614383","eventType":"auth.logout.success","timestamp":"2025-12-02T17:11:25.157Z","outcome":"success","userId":"be0700bd-96a6-47d7-a790-7db586fb0d1c","email":"c623109ad06d914f","ipAddress":"unknown","userAgent":"unknown","requestId":"17417c43-4488-4086-bebd-f79b9dabf5a8","metadata":{"sessionId":"855d77b6-398e-409b-a383-69a01942ba35"}}
{"eventId":"10ec8b36-5134-4e99-9c43-1173c55cf9ac","eventType":"auth.logout.success","timestamp":"2025-12-02T17:11:25.160Z","outcome":"success","userId":"be0700bd-96a6-47d7-a790-7db586fb0d1c","email":"c623109ad06d914f","ipAddress":"unknown","userAgent":"unknown","requestId":"d4ea23f2-b71b-4ab6-b6a0-bcb7b21e86d2","metadata":{"sessionId":"d68f372b-27bd-49f3-bc12-b3bbed816ab9"}}
{"eventId":"9fcbd165-1564-485b-833e-de89b62fc637","eventType":"auth.logout.success","timestamp":"2025-12-02T17:11:25.179Z","outcome":"success","userId":"be0700bd-96a6-47d7-a790-7db586fb0d1c","email":"c623109ad06d914f","ipAddress":"unknown","userAgent":"unknown","requestId":"e2cbb793-af96-4e2f-a035-dca6222c6298","metadata":{"sessionId":"652c07d6-13e2-471c-8cdd-122a379801ec"}}
{"eventId":"df008c55-d684-4ab6-a8b0-033c2521fcda","eventType":"auth.logout.success","timestamp":"2025-12-02T17:11:25.182Z","outcome":"success","userId":"be0700bd-96a6-47d7-a790-7db586fb0d1c","email":"c623109ad06d914f","ipAddress":"unknown","userAgent":"unknown","requestId":"09717a20-1e8a-448f-9347-60154ea808fd","metadata":{"sessionId":"0f9f03a0-0a3f-4cce-987b-09d768da5f63"}}
{"eventId":"3e7a6ba8-938f-474a-8827-5793b9b6f426","eventType":"auth.logout.success","timestamp":"2025-12-02T17:11:25.186Z","outcome":"success","userId":"be0700bd-96a6-47d7-a790-7db586fb0d1c","email":"c623109ad06d914f","ipAddress":"unknown","userAgent":"unknown","requestId":"a69db779-7b12-4391-a1a7-a19e90ff74bf","metadata":{"sessionId":"e383aeae-e8e3-42ef-ac00-58c07cb003c3"}}
{"eventId":"ed0471a8-9fef-43ca-b343-06b8c0c83f33","eventType":"auth.logout.success","timestamp":"2025-12-02T17:11:25.188Z","outcome":"success","userId":"be0700bd-96a6-47d7-a790-7db586fb0d1c","email":"c623109ad06d914f","ipAddress":"unknown","userAgent":"unknown","requestId":"64c4b37a-4d1d-43b6-a7af-229702ff66ee","metadata":{"sessionId":"add50928-aa43-4e02-a018-872e58f967dc"}}
{"eventId":"d84d1639-c4df-4b4a-a247-fe7409f54849","eventType":"auth.logout.success","timestamp":"2025-12-02T17:11:25.190Z","outcome":"success","userId":"be0700bd-96a6-47d7-a790-7db586fb0d1c","email":"c623109ad06d914f","ipAddress":"unknown","userAgent":"unknown","requestId":"5a29c2f1-cca1-475c-8dcf-e3c516d26e68","metadata":{"sessionId":"c4ba2f09-8320-477e-8279-2e70c61898c9"}}
{"eventId":"e81c19a7-a997-4509-91fb-1f1cae60eb6e","eventType":"auth.logout.success","timestamp":"2025-12-02T17:11:25.196Z","outcome":"success","userId":"be0700bd-96a6-47d7-a790-7db586fb0d1c","email":"c623109ad06d914f","ipAddress":"unknown","userAgent":"unknown","requestId":"6117267c-138e-46fa-9122-045e1ea298b8","metadata":{"sessionId":"a80edb02-e4f6-4e89-a16b-80caa680679d"}}
{"eventId":"d5ec9d43-5a62-4cbb-bd5b-f2a12e645b58","eventType":"auth.logout.success","timestamp":"2025-12-02T17:11:25.210Z","outcome":"success","userId":"be0700bd-96a6-47d7-a790-7db586fb0d1c","email":"c623109ad06d914f","ipAddress":"unknown","userAgent":"unknown","requestId":"2afd78be-9461-4659-8f8c-498451c66a00","metadata":{"sessionId":"21fe04e7-1ed1-4df7-9dc2-a3eeb72cc98f"}}
{"eventId":"f4a21e00-7915-4ed0-9acd-9748e1add7cb","eventType":"auth.logout.success","timestamp":"2025-12-02T17:11:25.214Z","outcome":"success","userId":"be0700bd-96a6-47d7-a790-7db586fb0d1c","email":"c623109ad06d914f","ipAddress":"unknown","userAgent":"unknown","requestId":"47a7fe11-67e3-4b0b-80e3-6a2cf9784b24","metadata":{"sessionId":"662b8fe8-bf91-439b-ac13-84a0d3cff463"}}
{"eventId":"fa2b6473-3096-47b7-afce-e9b2552732d7","eventType":"auth.logout.success","timestamp":"2025-12-02T17:11:25.216Z","outcome":"success","userId":"be0700bd-96a6-47d7-a790-7db586fb0d1c","email":"c623109ad06d914f","ipAddress":"unknown","userAgent":"unknown","requestId":"4c255039-351d-45d7-be40-18a526159a14","metadata":{"sessionId":"58033571-5f75-4363-9a6c-1198f51e3c5a"}}
{"eventId":"cfb23c29-0f03-4ca0-8d54-1e36d7fa8c9b","eventType":"auth.logout.success","timestamp":"2025-12-02T17:11:25.218Z","outcome":"success","userId":"be0700bd-96a6-47d7-a790-7db586fb0d1c","email":"c623109ad06d914f","ipAddress":"unknown","userAgent":"unknown","requestId":"781efab0-ab7f-4230-9912-ca473a37cd7c","metadata":{"sessionId":"a17b9367-da94-43a6-a7d1-5b909245de5c"}}
{"eventId":"acf04f04-c83a-47ee-a347-d48b5b747d16","eventType":"auth.logout.success","timestamp":"2025-12-02T17:11:25.232Z","outcome":"success","userId":"be0700bd-96a6-47d7-a790-7db586fb0d1c","email":"c623109ad06d914f","ipAddress":"unknown","userAgent":"unknown","requestId":"7c0b85bf-e5ce-48c3-9206-ce3ca43ea067","metadata":{"sessionId":"9fbab8c9-a0a0-415b-85e1-57b4a6ac19c5"}}
{"eventId":"d9f968f7-28d4-4ff6-a627-f8fbe7243023","eventType":"auth.logout.success","timestamp":"2025-12-02T17:11:25.247Z","outcome":"success","userId":"be0700bd-96a6-47d7-a790-7db586fb0d1c","email":"c623109ad06d914f","ipAddress":"unknown","userAgent":"unknown","requestId":"89f7eaaa-06f4-4676-852e-5fac715d3f7d","metadata":{"sessionId":"ba066e5d-6948-4f14-8a92-f33f97ba3537"}}
{"eventId":"dcd78f80-0454-49a5-89dc-507cb6a139ef","eventType":"auth.logout.success","timestamp":"2025-12-02T17:11:25.252Z","outcome":"success","userId":"be0700bd-96a6-47d7-a790-7db586fb0d1c","email":"c623109ad06d914f","ipAddress":"unknown","userAgent":"unknown","requestId":"4015a55f-5925-4258-a3ac-244e3ff7b453","metadata":{"sessionId":"1cfa8490-e924-4c62-8cc1-eb15dde150df"}}
{"eventId":"6ff21cc1-fbe6-4fc3-8589-1f6f39e4b9eb","eventType":"auth.logout.success","timestamp":"2025-12-02T17:11:25.254Z","outcome":"success","userId":"be0700bd-96a6-47d7-a790-7db586fb0d1c","email":"c623109ad06d914f","ipAddress":"unknown","userAgent":"unknown","requestId":"bf07ad6d-5360-4827-87e6-205b234300df","metadata":{"sessionId":"bec66f4c-b7c9-47ec-a2f0-d4cc9b457847"}}
{"eventId":"d69a714f-f70b-40af-812f-55eb952ad3d9","eventType":"auth.logout.success","timestamp":"2025-12-02T17:11:25.256Z","outcome":"success","userId":"be0700bd-96a6-47d7-a790-7db586fb0d1c","email":"c623109ad06d914f","ipAddress":"unknown","userAgent":"unknown","requestId":"750c6613-08e0-4e2e-a1ad-f6a99f50ed19","metadata":{"sessionId":"97dba56a-082d-4b0a-8827-071f2f576c85"}}
{"eventId":"374648d2-82b5-4960-8406-a4ca9f18b98d","eventType":"auth.logout.success","timestamp":"2025-12-02T17:11:25.258Z","outcome":"success","userId":"be0700bd-96a6-47d7-a790-7db586fb0d1c","email":"c623109ad06d914f","ipAddress":"unknown","userAgent":"unknown","requestId":"c5b3f1da-f7dc-4ce0-8476-815367fdabc4","metadata":{"sessionId":"724f2123-fa2f-4e81-8548-532dc480b0ff"}}
{"eventId":"b9b47e04-3d6f-41d0-bc02-0a87c4c6b3bb","eventType":"auth.logout.success","timestamp":"2025-12-02T17:11:25.268Z","outcome":"success","userId":"be0700bd-96a6-47d7-a790-7db586fb0d1c","email":"c623109ad06d914f","ipAddress":"unknown","userAgent":"unknown","requestId":"d8b25d53-8fc6-49b0-b848-d34007740d1e","metadata":{"sessionId":"ef033f9c-b6cf-4087-a2b1-c09a57950f11"}}
{"eventId":"ec66412a-c13d-462a-ac81-1bac6cbe7e05","eventType":"auth.logout.success","timestamp":"2025-12-02T17:11:25.271Z","outcome":"success","userId":"be0700bd-96a6-47d7-a790-7db586fb0d1c","email":"c623109ad06d914f","ipAddress":"unknown","userAgent":"unknown","requestId":"304c4dd2-4ac6-4af9-97e7-81224d45d183","metadata":{"sessionId":"fb3aeead-7a0a-4166-9911-a688799130d6"}}
{"eventId":"cf7a77ab-fa6d-4d60-8576-37bb5d6a7b37","eventType":"auth.logout.success","timestamp":"2025-12-02T17:11:25.273Z","outcome":"success","userId":"be0700bd-96a6-47d7-a790-7db586fb0d1c","email":"c623109ad06d914f","ipAddress":"unknown","userAgent":"unknown","requestId":"9ab9814f-fd14-4233-bbef-bfe55fa96e28","metadata":{"sessionId":"ebbb4565-e2a1-4097-a366-d8c8b4a15f83"}}
{"eventId":"ec738d0e-94b1-4bcd-a9b4-688dcb53bfa1","eventType":"auth.logout.success","timestamp":"2025-12-02T17:11:25.286Z","outcome":"success","userId":"be0700bd-96a6-47d7-a790-7db586fb0d1c","email":"c623109ad06d914f","ipAddress":"unknown","userAgent":"unknown","requestId":"ed4b4b89-2e09-4b2c-9d48-e93525ac6792","metadata":{"sessionId":"d15239db-4438-4d04-8093-4705fd36f6b0"}}
{"eventId":"d4d7ed69-692c-4c62-99c5-25d176093869","eventType":"auth.logout.success","timestamp":"2025-12-02T17:11:25.288Z","outcome":"success","userId":"be0700bd-96a6-47d7-a790-7db586fb0d1c","email":"c623109ad06d914f","ipAddress":"unknown","userAgent":"unknown","requestId":"6d3452ac-bcea-417f-98eb-dafaefb41bd8","metadata":{"sessionId":"56da4942-c6f0-464d-94d9-6c1bcf5d85f2"}}
{"eventId":"3e70a562-4fb7-4ea6-b03b-4b8685c3f08e","eventType":"auth.logout.success","timestamp":"2025-12-02T17:11:25.290Z","outcome":"success","userId":"be0700bd-96a6-47d7-a790-7db586fb0d1c","email":"c623109ad06d914f","ipAddress":"unknown","userAgent":"unknown","requestId":"780f0953-9d55-4d16-a3c8-79ea0fbd1bb2","metadata":{"sessionId":"31b42c6f-1d98-4d58-ac95-dbfcf1dffee1"}}
{"eventId":"5f27c04a-fb60-4d5d-80d2-996b2205113c","eventType":"auth.logout.success","timestamp":"2025-12-02T17:11:25.304Z","outcome":"success","userId":"be0700bd-96a6-47d7-a790-7db586fb0d1c","email":"c623109ad06d914f","ipAddress":"unknown","userAgent":"unknown","requestId":"707a2ba3-b60e-406e-bf9e-3668852966d1","metadata":{"sessionId":"e9782598-705d-4166-bb6a-8dfe9e6d2b9d"}}
{"eventId":"94fb3c49-af1e-41ca-a378-51492978d185","eventType":"auth.logout.success","timestamp":"2025-12-02T17:11:25.306Z","outcome":"success","userId":"be0700bd-96a6-47d7-a790-7db586fb0d1c","email":"c623109ad06d914f","ipAddress":"unknown","userAgent":"unknown","requestId":"b0212e08-ac3e-43c6-9e7e-fe6962feea38","metadata":{"sessionId":"5dda5fdc-0696-49d9-955f-cbdf4d415d13"}}
{"eventId":"290f513e-23bb-4c10-9880-bd44fa1d0c35","eventType":"auth.logout.success","timestamp":"2025-12-02T17:11:25.308Z","outcome":"success","userId":"be0700bd-96a6-47d7-a790-7db586fb0d1c","email":"c623109ad06d914f","ipAddress":"unknown","userAgent":"unknown","requestId":"470bed1b-3f81-4bb8-81f8-dbf17690428f","metadata":{"sessionId":"39ecaf20-7dbc-4eba-94e8-027b7ea221f7"}}
{"eventId":"ac3d00a1-2415-40cc-952f-5d777df1513b","eventType":"auth.logout.success","timestamp":"2025-12-02T17:11:25.309Z","outcome":"success","userId":"be0700bd-96a6-47d7-a790-7db586fb0d1c","email":"c623109ad06d914f","ipAddress":"unknown","userAgent":"unknown","requestId":"8aed6126-f355-416d-9dae-f6f8d7d53366","metadata":{"sessionId":"cd068207-221a-4de9-8132-7b7650638c6f"}}
{"eventId":"ab4ae299-18e7-44d5-9a35-3da89b73b2a8","eventType":"auth.logout.success","timestamp":"2025-12-02T17:11:25.312Z","outcome":"success","userId":"be0700bd-96a6-47d7-a790-7db586fb0d1c","email":"c623109ad06d914f","ipAddress":"unknown","userAgent":"unknown","requestId":"59891db5-1136-4fa8-b5c0-72d4197f7d76","metadata":{"sessionId":"450d1dde-c789-4a62-b888-d4552aa4ada0"}}
{"eventId":"ca8f7fd2-20d5-4973-9ab9-18d35c206cee","eventType":"auth.logout.success","timestamp":"2025-12-02T17:11:25.350Z","outcome":"success","userId":"be0700bd-96a6-47d7-a790-7db586fb0d1c","email":"c623109ad06d914f","ipAddress":"unknown","userAgent":"unknown","requestId":"570d42c9-4fa1-4c97-add6-4da98e9da499","metadata":{"sessionId":"d5e2f36d-9a07-4b09-a6f3-af6f44c66167"}}
{"eventId":"83c7003b-0bfd-488b-b941-643f8e374466","eventType":"auth.logout.success","timestamp":"2025-12-02T17:11:25.371Z","outcome":"success","userId":"be0700bd-96a6-47d7-a790-7db586fb0d1c","email":"c623109ad06d914f","ipAddress":"unknown","userAgent":"unknown","requestId":"c1bd4faf-7c45-4ce9-9bba-d8c264614190","metadata":{"sessionId":"613c4ec9-fb79-4ae8-9988-4272367521a6"}}
{"eventId":"0780c97e-8fa3-4d47-8f84-4ec80f0fc086","eventType":"auth.logout.success","timestamp":"2025-12-02T17:11:25.382Z","outcome":"success","userId":"be0700bd-96a6-47d7-a790-7db586fb0d1c","email":"c623109ad06d914f","ipAddress":"unknown","userAgent":"unknown","requestId":"fdda0669-0207-498c-ac21-f36302be29da","metadata":{"sessionId":"a578b34e-acb3-4074-bbc3-0bc10b4f7628"}}
{"eventId":"993320ea-9537-479a-9147-3e8de65607c0","eventType":"auth.logout.success","timestamp":"2025-12-02T17:11:25.384Z","outcome":"success","userId":"be0700bd-96a6-47d7-a790-7db586fb0d1c","email":"c623109ad06d914f","ipAddress":"unknown","userAgent":"unknown","requestId":"20b901c9-6678-46fe-8f47-f470ccd8ca38","metadata":{"sessionId":"2214da76-c2ed-49f0-a6fc-5c5e8fec4046"}}
{"eventId":"c7ccfcea-5bf0-45b8-bccc-4627fc25b87f","eventType":"auth.logout.success","timestamp":"2025-12-02T17:11:25.386Z","outcome":"success","userId":"be0700bd-96a6-47d7-a790-7db586fb0d1c","email":"c623109ad06d914f","ipAddress":"unknown","userAgent":"unknown","requestId":"7bc31f52-9039-4126-87aa-d132d464de9c","metadata":{"sessionId":"ed7d4e6a-c7d4-46db-9ad8-1cda40f4055d"}}
{"eventId":"07ad58bf-8ddd-4b46-af87-bb3463ac2ca2","eventType":"auth.logout.success","timestamp":"2025-12-02T17:11:25.388Z","outcome":"success","userId":"be0700bd-96a6-47d7-a790-7db586fb0d1c","email":"c623109ad06d914f","ipAddress":"unknown","userAgent":"unknown","requestId":"46ce9dd5-099d-4169-b8e3-8accf04db9d1","metadata":{"sessionId":"a85a1cd4-b964-402e-857a-6e7f397389f4"}}
{"eventId":"74e05c85-3705-46e5-876d-8db0ff69a47b","eventType":"auth.logout.success","timestamp":"2025-12-02T17:11:25.389Z","outcome":"success","userId":"be0700bd-96a6-47d7-a790-7db586fb0d1c","email":"c623109ad06d914f","ipAddress":"unknown","userAgent":"unknown","requestId":"736d3947-96a5-4e04-9663-9b1502f01385","metadata":{"sessionId":"49573d48-1239-4aac-9fda-7403a31a58d0"}}
{"eventId":"2228e775-da67-4862-a2f3-0455f21db068","eventType":"auth.logout.success","timestamp":"2025-12-02T17:11:25.411Z","outcome":"success","userId":"be0700bd-96a6-47d7-a790-7db586fb0d1c","email":"c623109ad06d914f","ipAddress":"unknown","userAgent":"unknown","requestId":"6ecf5ed2-5cec-4180-a7d2-437392f5159b","metadata":{"sessionId":"e08cedc7-f67a-47d6-b833-eeaf9a13467c"}}
{"eventId":"4c097d78-d8e1-4732-860c-7d63180290c0","eventType":"auth.logout.success","timestamp":"2025-12-02T17:11:25.419Z","outcome":"success","userId":"be0700bd-96a6-47d7-a790-7db586fb0d1c","email":"c623109ad06d914f","ipAddress":"unknown","userAgent":"unknown","requestId":"33b74751-10eb-4a8d-8f2b-5375e5b12321","metadata":{"sessionId":"fdf4480d-a283-4896-9441-c05206b62e8e"}}

stdout | src/server/auth/__tests__/rbac.test.ts > RBAC - Property-Based Tests > Property 18: Verified users receive default roles
[2025-12-02T17:11:25.477Z] [App] [INFO] rbac.assign_role.success {
  userId: '7b109958-da61-44c7-a1f7-c556b981933a',
  role: 'TEAM_MEMBER',
  resourceType: 'team',
  resourceId: '377131f9-161c-422f-8d68-6c3617fd4463',
  roleId: '7b71358b-07ae-41d1-a4d5-73b899ce267b'
}

stdout | src/app/api/auth/reset-password/__tests__/reset-password.property.test.ts > POST /api/auth/reset-password - Property-Based Tests > Property 17: Password reset invalidates all sessions
{"eventId":"3b7e6b36-c4c6-488e-860f-13fb65df26dc","eventType":"auth.reset_password.success","timestamp":"2025-12-02T17:11:25.477Z","outcome":"success","userId":"bfe9bbd0-5e99-441c-ba8a-00c8f8b1b240","email":"ef8f27429376ad0a","ipAddress":"127.0.0.1","userAgent":"unknown","requestId":"372f82d8-7722-4658-b64a-453cb1e96ed7","metadata":{"tokenId":"9d12898a-dc60-4236-895e-4a73b3836770","sessionsInvalidated":true}}

stdout | src/server/auth/__tests__/rbac.test.ts > RBAC - Property-Based Tests > Property 18: Verified users receive default roles
[2025-12-02T17:11:25.650Z] [App] [INFO] rbac.assign_role.success {
  userId: 'ca2e49a6-38b8-429e-8c6a-f76d96781881',
  role: 'TEAM_MEMBER',
  resourceType: 'team',
  resourceId: '58ecb5c4-19a9-40f4-b0ba-d317f1190f5c',
  roleId: 'f615b3d3-dff4-4848-b2b3-a1643cb253a3'
}

stderr | src/server/auth/__tests__/login.property.test.ts > Property 8: Rate limiting blocks excessive sign-in attempts > Zero remaining attempts means rate limited
{"eventId":"fc1ac639-e58b-438e-baae-d35dbf1a5b9c","eventType":"auth.rate_limit.exceeded","timestamp":"2025-12-02T17:11:25.618Z","outcome":"failure","metadata":{"key":"signin:ip:243.71.91.205","limit":10,"windowMs":60000,"count":10,"resetAt":"2025-12-02T17:12:25.618Z"}}
{"eventId":"9e4f331a-b126-468e-91b2-dcf3a73eca20","eventType":"auth.rate_limit.exceeded","timestamp":"2025-12-02T17:11:25.618Z","outcome":"failure","metadata":{"key":"signin:ip:70.241.1.144","limit":10,"windowMs":60000,"count":10,"resetAt":"2025-12-02T17:12:25.618Z"}}
{"eventId":"8357f16d-d55c-4cae-8971-376df616ab61","eventType":"auth.rate_limit.exceeded","timestamp":"2025-12-02T17:11:25.618Z","outcome":"failure","metadata":{"key":"signin:ip:251.250.43.110","limit":10,"windowMs":60000,"count":10,"resetAt":"2025-12-02T17:12:25.618Z"}}
{"eventId":"2c5bb16a-885c-4855-9085-bb79561f2d88","eventType":"auth.rate_limit.exceeded","timestamp":"2025-12-02T17:11:25.618Z","outcome":"failure","metadata":{"key":"signin:ip:250.157.86.39","limit":10,"windowMs":60000,"count":10,"resetAt":"2025-12-02T17:12:25.618Z"}}
{"eventId":"835c0a18-fb93-4cef-b6a9-02c936b4bcbb","eventType":"auth.rate_limit.exceeded","timestamp":"2025-12-02T17:11:25.618Z","outcome":"failure","metadata":{"key":"signin:ip:0.115.1.254","limit":10,"windowMs":60000,"count":10,"resetAt":"2025-12-02T17:12:25.618Z"}}
{"eventId":"9a03a734-9bed-446a-8cd8-06d31fcef0ba","eventType":"auth.rate_limit.exceeded","timestamp":"2025-12-02T17:11:25.618Z","outcome":"failure","metadata":{"key":"signin:ip:128.254.254.94","limit":10,"windowMs":60000,"count":10,"resetAt":"2025-12-02T17:12:25.618Z"}}
{"eventId":"0625ad17-d66a-46fb-a709-ea4e455d94d1","eventType":"auth.rate_limit.exceeded","timestamp":"2025-12-02T17:11:25.618Z","outcome":"failure","metadata":{"key":"signin:ip:3.136.180.19","limit":10,"windowMs":60000,"count":10,"resetAt":"2025-12-02T17:12:25.618Z"}}
{"eventId":"c006f8d0-6634-425a-8b09-ef072052fb52","eventType":"auth.rate_limit.exceeded","timestamp":"2025-12-02T17:11:25.618Z","outcome":"failure","metadata":{"key":"signin:ip:69.254.146.128","limit":10,"windowMs":60000,"count":10,"resetAt":"2025-12-02T17:12:25.618Z"}}
{"eventId":"3184f619-1f4f-4a53-b6ce-ac77152ee848","eventType":"auth.rate_limit.exceeded","timestamp":"2025-12-02T17:11:25.618Z","outcome":"failure","metadata":{"key":"signin:ip:121.40.72.113","limit":10,"windowMs":60000,"count":10,"resetAt":"2025-12-02T17:12:25.618Z"}}
{"eventId":"bd09be5d-36f1-44bd-8912-bb89f5f8f1b0","eventType":"auth.rate_limit.exceeded","timestamp":"2025-12-02T17:11:25.618Z","outcome":"failure","metadata":{"key":"signin:ip:181.183.219.2","limit":10,"windowMs":60000,"count":10,"resetAt":"2025-12-02T17:12:25.618Z"}}
{"eventId":"42332ebc-a706-4c05-ba4d-bc39c84543ee","eventType":"auth.rate_limit.exceeded","timestamp":"2025-12-02T17:11:25.618Z","outcome":"failure","metadata":{"key":"signin:ip:24.5.116.35","limit":10,"windowMs":60000,"count":10,"resetAt":"2025-12-02T17:12:25.618Z"}}
{"eventId":"c1e98ac0-6909-4a0e-baf6-ae2eb4af9546","eventType":"auth.rate_limit.exceeded","timestamp":"2025-12-02T17:11:25.618Z","outcome":"failure","metadata":{"key":"signin:ip:8.74.15.3","limit":10,"windowMs":60000,"count":10,"resetAt":"2025-12-02T17:12:25.618Z"}}
{"eventId":"bfb455f8-29e7-4c34-a096-3a0501141e6c","eventType":"auth.rate_limit.exceeded","timestamp":"2025-12-02T17:11:25.618Z","outcome":"failure","metadata":{"key":"signin:ip:242.236.204.234","limit":10,"windowMs":60000,"count":10,"resetAt":"2025-12-02T17:12:25.618Z"}}
{"eventId":"5dc3974c-97e1-42b4-ad68-80a7a2058bba","eventType":"auth.rate_limit.exceeded","timestamp":"2025-12-02T17:11:25.618Z","outcome":"failure","metadata":{"key":"signin:ip:155.2.44.189","limit":10,"windowMs":60000,"count":10,"resetAt":"2025-12-02T17:12:25.618Z"}}
{"eventId":"d9c7074d-d405-4cd3-acd4-628397722059","eventType":"auth.rate_limit.exceeded","timestamp":"2025-12-02T17:11:25.618Z","outcome":"failure","metadata":{"key":"signin:ip:253.249.90.201","limit":10,"windowMs":60000,"count":10,"resetAt":"2025-12-02T17:12:25.618Z"}}
{"eventId":"bdc3f1e1-2899-4f46-928b-7af7251f8350","eventType":"auth.rate_limit.exceeded","timestamp":"2025-12-02T17:11:25.618Z","outcome":"failure","metadata":{"key":"signin:ip:2.89.8.7","limit":10,"windowMs":60000,"count":10,"resetAt":"2025-12-02T17:12:25.618Z"}}
{"eventId":"de109374-52e9-4a10-b307-311388ec0cff","eventType":"auth.rate_limit.exceeded","timestamp":"2025-12-02T17:11:25.618Z","outcome":"failure","metadata":{"key":"signin:ip:127.1.243.6","limit":10,"windowMs":60000,"count":10,"resetAt":"2025-12-02T17:12:25.618Z"}}
{"eventId":"befc59dc-75d0-46b4-b825-0f45d2420a0f","eventType":"auth.rate_limit.exceeded","timestamp":"2025-12-02T17:11:25.618Z","outcome":"failure","metadata":{"key":"signin:ip:3.83.35.46","limit":10,"windowMs":60000,"count":10,"resetAt":"2025-12-02T17:12:25.618Z"}}
{"eventId":"4eec798f-5535-4095-8a25-ca7b085a5260","eventType":"auth.rate_limit.exceeded","timestamp":"2025-12-02T17:11:25.618Z","outcome":"failure","metadata":{"key":"signin:ip:59.249.207.226","limit":10,"windowMs":60000,"count":10,"resetAt":"2025-12-02T17:12:25.618Z"}}
{"eventId":"c5d08e9a-786d-479a-9a70-8c0be09a436a","eventType":"auth.rate_limit.exceeded","timestamp":"2025-12-02T17:11:25.618Z","outcome":"failure","metadata":{"key":"signin:ip:5.255.36.112","limit":10,"windowMs":60000,"count":10,"resetAt":"2025-12-02T17:12:25.618Z"}}
{"eventId":"7e7e92ae-cafe-45a3-8620-3d2cf79803b9","eventType":"auth.rate_limit.exceeded","timestamp":"2025-12-02T17:11:25.618Z","outcome":"failure","metadata":{"key":"signin:ip:61.142.70.93","limit":10,"windowMs":60000,"count":10,"resetAt":"2025-12-02T17:12:25.618Z"}}
{"eventId":"aec5c8e1-ae17-4ab1-ab17-6cee2fe6c061","eventType":"auth.rate_limit.exceeded","timestamp":"2025-12-02T17:11:25.618Z","outcome":"failure","metadata":{"key":"signin:ip:56.220.254.252","limit":10,"windowMs":60000,"count":10,"resetAt":"2025-12-02T17:12:25.618Z"}}
{"eventId":"100ebfd3-9ca0-41e6-b5d0-4277359fb3fc","eventType":"auth.rate_limit.exceeded","timestamp":"2025-12-02T17:11:25.618Z","outcome":"failure","metadata":{"key":"signin:ip:0.4.134.6","limit":10,"windowMs":60000,"count":10,"resetAt":"2025-12-02T17:12:25.618Z"}}
{"eventId":"1d673633-229a-46ba-92ee-a25542f78661","eventType":"auth.rate_limit.exceeded","timestamp":"2025-12-02T17:11:25.618Z","outcome":"failure","metadata":{"key":"signin:ip:85.24.254.23","limit":10,"windowMs":60000,"count":10,"resetAt":"2025-12-02T17:12:25.618Z"}}
{"eventId":"9c2a60e5-41da-4491-adab-f18fd5e21994","eventType":"auth.rate_limit.exceeded","timestamp":"2025-12-02T17:11:25.618Z","outcome":"failure","metadata":{"key":"signin:ip:157.3.1.251","limit":10,"windowMs":60000,"count":10,"resetAt":"2025-12-02T17:12:25.618Z"}}
{"eventId":"65cf67de-f134-4bec-bac0-4ba493aefccd","eventType":"auth.rate_limit.exceeded","timestamp":"2025-12-02T17:11:25.618Z","outcome":"failure","metadata":{"key":"signin:ip:91.255.165.1","limit":10,"windowMs":60000,"count":10,"resetAt":"2025-12-02T17:12:25.618Z"}}
{"eventId":"ac408751-2976-45f8-a657-ac7753f81f49","eventType":"auth.rate_limit.exceeded","timestamp":"2025-12-02T17:11:25.618Z","outcome":"failure","metadata":{"key":"signin:ip:74.225.2.203","limit":10,"windowMs":60000,"count":10,"resetAt":"2025-12-02T17:12:25.618Z"}}
{"eventId":"cc43395e-dd85-45cf-910c-fd37335aafca","eventType":"auth.rate_limit.exceeded","timestamp":"2025-12-02T17:11:25.618Z","outcome":"failure","metadata":{"key":"signin:ip:131.160.248.251","limit":10,"windowMs":60000,"count":10,"resetAt":"2025-12-02T17:12:25.618Z"}}
{"eventId":"2f225fd0-864b-4d37-bce0-a72992b4ee13","eventType":"auth.rate_limit.exceeded","timestamp":"2025-12-02T17:11:25.618Z","outcome":"failure","metadata":{"key":"signin:ip:164.48.2.143","limit":10,"windowMs":60000,"count":10,"resetAt":"2025-12-02T17:12:25.618Z"}}
{"eventId":"f62af41c-0a6d-402f-a433-3ea42a2fb27b","eventType":"auth.rate_limit.exceeded","timestamp":"2025-12-02T17:11:25.618Z","outcome":"failure","metadata":{"key":"signin:ip:2.57.128.20","limit":10,"windowMs":60000,"count":10,"resetAt":"2025-12-02T17:12:25.618Z"}}
{"eventId":"cba40a1f-067c-4b27-ba55-a48cc82b170b","eventType":"auth.rate_limit.exceeded","timestamp":"2025-12-02T17:11:25.618Z","outcome":"failure","metadata":{"key":"signin:ip:251.0.225.189","limit":10,"windowMs":60000,"count":10,"resetAt":"2025-12-02T17:12:25.618Z"}}
{"eventId":"9d8ea2a4-9f80-4f8c-b7d5-6990501a4c99","eventType":"auth.rate_limit.exceeded","timestamp":"2025-12-02T17:11:25.618Z","outcome":"failure","metadata":{"key":"signin:ip:44.121.209.222","limit":10,"windowMs":60000,"count":10,"resetAt":"2025-12-02T17:12:25.618Z"}}
{"eventId":"50ec5749-295c-4095-9f00-191c64873a2e","eventType":"auth.rate_limit.exceeded","timestamp":"2025-12-02T17:11:25.618Z","outcome":"failure","metadata":{"key":"signin:ip:97.2.52.171","limit":10,"windowMs":60000,"count":10,"resetAt":"2025-12-02T17:12:25.618Z"}}
{"eventId":"d9975755-ac3d-4748-a14b-e6a990643247","eventType":"auth.rate_limit.exceeded","timestamp":"2025-12-02T17:11:25.618Z","outcome":"failure","metadata":{"key":"signin:ip:2.1.250.21","limit":10,"windowMs":60000,"count":10,"resetAt":"2025-12-02T17:12:25.618Z"}}
{"eventId":"f7e89ccb-7427-4044-9b0a-9cd65d6a26c0","eventType":"auth.rate_limit.exceeded","timestamp":"2025-12-02T17:11:25.618Z","outcome":"failure","metadata":{"key":"signin:ip:181.252.3.6","limit":10,"windowMs":60000,"count":10,"resetAt":"2025-12-02T17:12:25.618Z"}}
{"eventId":"384ddf5f-57ec-49f9-b538-6a0712bc688f","eventType":"auth.rate_limit.exceeded","timestamp":"2025-12-02T17:11:25.618Z","outcome":"failure","metadata":{"key":"signin:ip:68.72.15.20","limit":10,"windowMs":60000,"count":10,"resetAt":"2025-12-02T17:12:25.618Z"}}
{"eventId":"8b961181-defb-449b-9819-2b1ba0c651e5","eventType":"auth.rate_limit.exceeded","timestamp":"2025-12-02T17:11:25.619Z","outcome":"failure","metadata":{"key":"signin:ip:249.86.250.3","limit":10,"windowMs":60000,"count":10,"resetAt":"2025-12-02T17:12:25.619Z"}}
{"eventId":"d5df6a70-5fb4-4435-9886-9f5150ad65cb","eventType":"auth.rate_limit.exceeded","timestamp":"2025-12-02T17:11:25.619Z","outcome":"failure","metadata":{"key":"signin:ip:4.7.252.91","limit":10,"windowMs":60000,"count":10,"resetAt":"2025-12-02T17:12:25.619Z"}}
{"eventId":"6cf92aa9-18fa-4c98-b1af-dab9f1edb890","eventType":"auth.rate_limit.exceeded","timestamp":"2025-12-02T17:11:25.619Z","outcome":"failure","metadata":{"key":"signin:ip:67.7.253.203","limit":10,"windowMs":60000,"count":10,"resetAt":"2025-12-02T17:12:25.619Z"}}
{"eventId":"cc65e746-e232-4ad9-ab4f-414663dbd09a","eventType":"auth.rate_limit.exceeded","timestamp":"2025-12-02T17:11:25.619Z","outcome":"failure","metadata":{"key":"signin:ip:50.108.5.251","limit":10,"windowMs":60000,"count":10,"resetAt":"2025-12-02T17:12:25.619Z"}}
{"eventId":"64448b3b-c209-49c1-8b1b-ba5f68e71904","eventType":"auth.rate_limit.exceeded","timestamp":"2025-12-02T17:11:25.619Z","outcome":"failure","metadata":{"key":"signin:ip:2.26.106.71","limit":10,"windowMs":60000,"count":10,"resetAt":"2025-12-02T17:12:25.619Z"}}
{"eventId":"b1a26f12-6c68-42b2-9e2f-b9b0952bf469","eventType":"auth.rate_limit.exceeded","timestamp":"2025-12-02T17:11:25.619Z","outcome":"failure","metadata":{"key":"signin:ip:4.0.63.255","limit":10,"windowMs":60000,"count":10,"resetAt":"2025-12-02T17:12:25.619Z"}}
{"eventId":"3ca95122-517b-4501-9752-0ae0e335603f","eventType":"auth.rate_limit.exceeded","timestamp":"2025-12-02T17:11:25.619Z","outcome":"failure","metadata":{"key":"signin:ip:7.150.239.6","limit":10,"windowMs":60000,"count":10,"resetAt":"2025-12-02T17:12:25.619Z"}}
{"eventId":"9f61d812-4b09-4148-9766-1e8920be25a2","eventType":"auth.rate_limit.exceeded","timestamp":"2025-12-02T17:11:25.619Z","outcome":"failure","metadata":{"key":"signin:ip:156.75.241.33","limit":10,"windowMs":60000,"count":10,"resetAt":"2025-12-02T17:12:25.619Z"}}
{"eventId":"8ea74ebc-6d92-443b-8b6a-349ca1ad7a9e","eventType":"auth.rate_limit.exceeded","timestamp":"2025-12-02T17:11:25.619Z","outcome":"failure","metadata":{"key":"signin:ip:167.151.5.231","limit":10,"windowMs":60000,"count":10,"resetAt":"2025-12-02T17:12:25.619Z"}}
{"eventId":"13900be0-eec3-4363-acad-9a874f9503d7","eventType":"auth.rate_limit.exceeded","timestamp":"2025-12-02T17:11:25.619Z","outcome":"failure","metadata":{"key":"signin:ip:125.252.34.46","limit":10,"windowMs":60000,"count":10,"resetAt":"2025-12-02T17:12:25.619Z"}}
{"eventId":"a22b9c23-10a0-434b-88aa-ca962f76052f","eventType":"auth.rate_limit.exceeded","timestamp":"2025-12-02T17:11:25.619Z","outcome":"failure","metadata":{"key":"signin:ip:7.34.173.223","limit":10,"windowMs":60000,"count":10,"resetAt":"2025-12-02T17:12:25.619Z"}}
{"eventId":"ea904226-6020-415f-9ff7-dc1a75b79b54","eventType":"auth.rate_limit.exceeded","timestamp":"2025-12-02T17:11:25.619Z","outcome":"failure","metadata":{"key":"signin:ip:249.3.247.6","limit":10,"windowMs":60000,"count":10,"resetAt":"2025-12-02T17:12:25.619Z"}}
{"eventId":"454df518-63bd-4f59-a0f2-1a3b55259e08","eventType":"auth.rate_limit.exceeded","timestamp":"2025-12-02T17:11:25.619Z","outcome":"failure","metadata":{"key":"signin:ip:227.8.3.194","limit":10,"windowMs":60000,"count":10,"resetAt":"2025-12-02T17:12:25.619Z"}}
{"eventId":"914c97b6-e8c5-4df7-9213-f659d8b4852b","eventType":"auth.rate_limit.exceeded","timestamp":"2025-12-02T17:11:25.619Z","outcome":"failure","metadata":{"key":"signin:ip:155.243.4.6","limit":10,"windowMs":60000,"count":10,"resetAt":"2025-12-02T17:12:25.619Z"}}
{"eventId":"e72b727f-2457-4ddf-9e57-649412ed2d18","eventType":"auth.rate_limit.exceeded","timestamp":"2025-12-02T17:11:25.619Z","outcome":"failure","metadata":{"key":"signin:ip:3.40.247.81","limit":10,"windowMs":60000,"count":10,"resetAt":"2025-12-02T17:12:25.619Z"}}
{"eventId":"0d01a52b-bbca-4a67-81bf-4c220a70c609","eventType":"auth.rate_limit.exceeded","timestamp":"2025-12-02T17:11:25.619Z","outcome":"failure","metadata":{"key":"signin:ip:1.131.40.145","limit":10,"windowMs":60000,"count":10,"resetAt":"2025-12-02T17:12:25.619Z"}}
{"eventId":"c002d929-8634-4e0e-9655-e8ad7922d2f3","eventType":"auth.rate_limit.exceeded","timestamp":"2025-12-02T17:11:25.619Z","outcome":"failure","metadata":{"key":"signin:ip:118.248.247.5","limit":10,"windowMs":60000,"count":10,"resetAt":"2025-12-02T17:12:25.619Z"}}
{"eventId":"b5ab31ce-b56c-4ce7-8fd3-ecc0c3d6cf90","eventType":"auth.rate_limit.exceeded","timestamp":"2025-12-02T17:11:25.619Z","outcome":"failure","metadata":{"key":"signin:ip:2.4.121.160","limit":10,"windowMs":60000,"count":10,"resetAt":"2025-12-02T17:12:25.619Z"}}
{"eventId":"49842f8e-7355-4d47-b778-6cb03e36da73","eventType":"auth.rate_limit.exceeded","timestamp":"2025-12-02T17:11:25.619Z","outcome":"failure","metadata":{"key":"signin:ip:115.175.1.1","limit":10,"windowMs":60000,"count":10,"resetAt":"2025-12-02T17:12:25.619Z"}}
{"eventId":"4210b5b4-430d-43d6-9411-88f573962278","eventType":"auth.rate_limit.exceeded","timestamp":"2025-12-02T17:11:25.619Z","outcome":"failure","metadata":{"key":"signin:ip:250.2.2.230","limit":10,"windowMs":60000,"count":10,"resetAt":"2025-12-02T17:12:25.619Z"}}
{"eventId":"0f30235d-5e71-4395-b904-d3ca28062ad7","eventType":"auth.rate_limit.exceeded","timestamp":"2025-12-02T17:11:25.619Z","outcome":"failure","metadata":{"key":"signin:ip:248.254.47.12","limit":10,"windowMs":60000,"count":10,"resetAt":"2025-12-02T17:12:25.619Z"}}
{"eventId":"5b59a65d-b761-4658-a609-7316169d405a","eventType":"auth.rate_limit.exceeded","timestamp":"2025-12-02T17:11:25.619Z","outcome":"failure","metadata":{"key":"signin:ip:7.121.6.6","limit":10,"windowMs":60000,"count":10,"resetAt":"2025-12-02T17:12:25.619Z"}}
{"eventId":"36dc8a27-2599-4031-969a-6c78d2cfe4bb","eventType":"auth.rate_limit.exceeded","timestamp":"2025-12-02T17:11:25.619Z","outcome":"failure","metadata":{"key":"signin:ip:52.2.241.255","limit":10,"windowMs":60000,"count":10,"resetAt":"2025-12-02T17:12:25.619Z"}}
{"eventId":"7b99881c-3ef1-4efe-8063-a1dd278add4d","eventType":"auth.rate_limit.exceeded","timestamp":"2025-12-02T17:11:25.619Z","outcome":"failure","metadata":{"key":"signin:ip:248.250.106.136","limit":10,"windowMs":60000,"count":10,"resetAt":"2025-12-02T17:12:25.619Z"}}
{"eventId":"3fd07142-995d-4a9d-8c78-4d09e5f37e62","eventType":"auth.rate_limit.exceeded","timestamp":"2025-12-02T17:11:25.619Z","outcome":"failure","metadata":{"key":"signin:ip:156.242.122.109","limit":10,"windowMs":60000,"count":10,"resetAt":"2025-12-02T17:12:25.619Z"}}
{"eventId":"1d6fa144-e453-4fee-85dd-ed768f505c43","eventType":"auth.rate_limit.exceeded","timestamp":"2025-12-02T17:11:25.619Z","outcome":"failure","metadata":{"key":"signin:ip:6.190.250.5","limit":10,"windowMs":60000,"count":10,"resetAt":"2025-12-02T17:12:25.619Z"}}
{"eventId":"6aa7bc6e-6439-4704-8b1b-a4c8b0b83fad","eventType":"auth.rate_limit.exceeded","timestamp":"2025-12-02T17:11:25.619Z","outcome":"failure","metadata":{"key":"signin:ip:5.128.189.5","limit":10,"windowMs":60000,"count":10,"resetAt":"2025-12-02T17:12:25.619Z"}}
{"eventId":"cae91c71-1594-4521-9316-3fb95ff230d8","eventType":"auth.rate_limit.exceeded","timestamp":"2025-12-02T17:11:25.619Z","outcome":"failure","metadata":{"key":"signin:ip:11.254.3.67","limit":10,"windowMs":60000,"count":10,"resetAt":"2025-12-02T17:12:25.619Z"}}
{"eventId":"d722b386-a807-4357-8978-184487eaacb6","eventType":"auth.rate_limit.exceeded","timestamp":"2025-12-02T17:11:25.619Z","outcome":"failure","metadata":{"key":"signin:ip:167.5.109.184","limit":10,"windowMs":60000,"count":10,"resetAt":"2025-12-02T17:12:25.619Z"}}
{"eventId":"65276cd7-ece1-4c6b-b982-554e94569b90","eventType":"auth.rate_limit.exceeded","timestamp":"2025-12-02T17:11:25.619Z","outcome":"failure","metadata":{"key":"signin:ip:74.20.0.252","limit":10,"windowMs":60000,"count":10,"resetAt":"2025-12-02T17:12:25.619Z"}}
{"eventId":"6a9ad2bd-6766-44c0-9a26-e8a9e07d256e","eventType":"auth.rate_limit.exceeded","timestamp":"2025-12-02T17:11:25.619Z","outcome":"failure","metadata":{"key":"signin:ip:163.27.79.2","limit":10,"windowMs":60000,"count":10,"resetAt":"2025-12-02T17:12:25.619Z"}}
{"eventId":"ac801c55-eec3-4938-8dee-444c83b3ff3d","eventType":"auth.rate_limit.exceeded","timestamp":"2025-12-02T17:11:25.619Z","outcome":"failure","metadata":{"key":"signin:ip:7.10.3.102","limit":10,"windowMs":60000,"count":10,"resetAt":"2025-12-02T17:12:25.619Z"}}
{"eventId":"9f980d95-1617-471d-8fec-c812e1a5c9fa","eventType":"auth.rate_limit.exceeded","timestamp":"2025-12-02T17:11:25.619Z","outcome":"failure","metadata":{"key":"signin:ip:114.22.169.242","limit":10,"windowMs":60000,"count":10,"resetAt":"2025-12-02T17:12:25.619Z"}}
{"eventId":"eb76ac91-826c-45ea-8f08-b9e3a03f94c9","eventType":"auth.rate_limit.exceeded","timestamp":"2025-12-02T17:11:25.619Z","outcome":"failure","metadata":{"key":"signin:ip:59.15.253.251","limit":10,"windowMs":60000,"count":10,"resetAt":"2025-12-02T17:12:25.619Z"}}
{"eventId":"d13f49a6-af00-4092-b685-31ec04f6d74f","eventType":"auth.rate_limit.exceeded","timestamp":"2025-12-02T17:11:25.619Z","outcome":"failure","metadata":{"key":"signin:ip:191.0.25.252","limit":10,"windowMs":60000,"count":10,"resetAt":"2025-12-02T17:12:25.619Z"}}
{"eventId":"2794f464-42cd-46ee-bea0-9d8912808a44","eventType":"auth.rate_limit.exceeded","timestamp":"2025-12-02T17:11:25.619Z","outcome":"failure","metadata":{"key":"signin:ip:248.234.241.9","limit":10,"windowMs":60000,"count":10,"resetAt":"2025-12-02T17:12:25.619Z"}}
{"eventId":"aab79e3b-1459-44ee-8679-1ccf7794b9c0","eventType":"auth.rate_limit.exceeded","timestamp":"2025-12-02T17:11:25.619Z","outcome":"failure","metadata":{"key":"signin:ip:211.5.0.172","limit":10,"windowMs":60000,"count":10,"resetAt":"2025-12-02T17:12:25.619Z"}}
{"eventId":"09b02dcb-597e-48bf-a2e7-a6be94bac29d","eventType":"auth.rate_limit.exceeded","timestamp":"2025-12-02T17:11:25.619Z","outcome":"failure","metadata":{"key":"signin:ip:202.249.171.47","limit":10,"windowMs":60000,"count":10,"resetAt":"2025-12-02T17:12:25.619Z"}}
{"eventId":"27150546-ecbe-454f-851e-365c3ed9e646","eventType":"auth.rate_limit.exceeded","timestamp":"2025-12-02T17:11:25.619Z","outcome":"failure","metadata":{"key":"signin:ip:212.8.248.254","limit":10,"windowMs":60000,"count":10,"resetAt":"2025-12-02T17:12:25.619Z"}}
{"eventId":"d4c1c96e-a426-42fd-99f4-6929eeeff758","eventType":"auth.rate_limit.exceeded","timestamp":"2025-12-02T17:11:25.619Z","outcome":"failure","metadata":{"key":"signin:ip:204.29.201.125","limit":10,"windowMs":60000,"count":10,"resetAt":"2025-12-02T17:12:25.619Z"}}
{"eventId":"ecfe09ee-18e5-4945-bef9-2bd5934e5f6d","eventType":"auth.rate_limit.exceeded","timestamp":"2025-12-02T17:11:25.619Z","outcome":"failure","metadata":{"key":"signin:ip:198.42.9.223","limit":10,"windowMs":60000,"count":10,"resetAt":"2025-12-02T17:12:25.619Z"}}
{"eventId":"291bb696-8ce4-4769-a66e-2e613de4db1f","eventType":"auth.rate_limit.exceeded","timestamp":"2025-12-02T17:11:25.619Z","outcome":"failure","metadata":{"key":"signin:ip:243.5.5.202","limit":10,"windowMs":60000,"count":10,"resetAt":"2025-12-02T17:12:25.619Z"}}
{"eventId":"5e33d6ff-f34c-4a93-b793-bdab11aa48cf","eventType":"auth.rate_limit.exceeded","timestamp":"2025-12-02T17:11:25.619Z","outcome":"failure","metadata":{"key":"signin:ip:109.70.133.252","limit":10,"windowMs":60000,"count":10,"resetAt":"2025-12-02T17:12:25.619Z"}}
{"eventId":"494e58cc-eab9-4925-a208-c482e46e3d92","eventType":"auth.rate_limit.exceeded","timestamp":"2025-12-02T17:11:25.619Z","outcome":"failure","metadata":{"key":"signin:ip:248.127.29.119","limit":10,"windowMs":60000,"count":10,"resetAt":"2025-12-02T17:12:25.619Z"}}
{"eventId":"270fc6e8-d4e7-4fe9-83f0-9d7b65366978","eventType":"auth.rate_limit.exceeded","timestamp":"2025-12-02T17:11:25.619Z","outcome":"failure","metadata":{"key":"signin:ip:249.98.6.0","limit":10,"windowMs":60000,"count":10,"resetAt":"2025-12-02T17:12:25.619Z"}}
{"eventId":"5672b334-e75b-40d7-bcbc-b935d20eb59a","eventType":"auth.rate_limit.exceeded","timestamp":"2025-12-02T17:11:25.619Z","outcome":"failure","metadata":{"key":"signin:ip:245.153.6.7","limit":10,"windowMs":60000,"count":10,"resetAt":"2025-12-02T17:12:25.619Z"}}
{"eventId":"822a952d-65b5-43cc-92e4-14ea9d32480d","eventType":"auth.rate_limit.exceeded","timestamp":"2025-12-02T17:11:25.619Z","outcome":"failure","metadata":{"key":"signin:ip:4.120.74.197","limit":10,"windowMs":60000,"count":10,"resetAt":"2025-12-02T17:12:25.619Z"}}
{"eventId":"93d432f5-0f9e-42c6-b36c-c67cbf560797","eventType":"auth.rate_limit.exceeded","timestamp":"2025-12-02T17:11:25.619Z","outcome":"failure","metadata":{"key":"signin:ip:66.33.248.38","limit":10,"windowMs":60000,"count":10,"resetAt":"2025-12-02T17:12:25.619Z"}}
{"eventId":"04bfae3d-abb2-453a-acb2-571c7a36075e","eventType":"auth.rate_limit.exceeded","timestamp":"2025-12-02T17:11:25.619Z","outcome":"failure","metadata":{"key":"signin:ip:251.4.95.148","limit":10,"windowMs":60000,"count":10,"resetAt":"2025-12-02T17:12:25.619Z"}}
{"eventId":"83204f44-733c-4635-9683-2e6af7972aba","eventType":"auth.rate_limit.exceeded","timestamp":"2025-12-02T17:11:25.619Z","outcome":"failure","metadata":{"key":"signin:ip:31.14.5.179","limit":10,"windowMs":60000,"count":10,"resetAt":"2025-12-02T17:12:25.619Z"}}
{"eventId":"7a5c5566-cbc0-4416-a3b1-41f2bbbaa57a","eventType":"auth.rate_limit.exceeded","timestamp":"2025-12-02T17:11:25.619Z","outcome":"failure","metadata":{"key":"signin:ip:224.4.142.124","limit":10,"windowMs":60000,"count":10,"resetAt":"2025-12-02T17:12:25.619Z"}}
{"eventId":"16942e57-388c-41cd-9aee-11fa1a46f0b5","eventType":"auth.rate_limit.exceeded","timestamp":"2025-12-02T17:11:25.619Z","outcome":"failure","metadata":{"key":"signin:ip:3.251.4.0","limit":10,"windowMs":60000,"count":10,"resetAt":"2025-12-02T17:12:25.619Z"}}
{"eventId":"d5779786-13a2-4945-a912-5b49158109d3","eventType":"auth.rate_limit.exceeded","timestamp":"2025-12-02T17:11:25.619Z","outcome":"failure","metadata":{"key":"signin:ip:251.97.178.6","limit":10,"windowMs":60000,"count":10,"resetAt":"2025-12-02T17:12:25.619Z"}}
{"eventId":"c3e7f6a2-4a37-4e9d-b26a-f7285f06f370","eventType":"auth.rate_limit.exceeded","timestamp":"2025-12-02T17:11:25.619Z","outcome":"failure","metadata":{"key":"signin:ip:0.7.23.180","limit":10,"windowMs":60000,"count":10,"resetAt":"2025-12-02T17:12:25.619Z"}}
{"eventId":"3a9b1ecb-0cf7-41d3-9aab-b97c7797fc29","eventType":"auth.rate_limit.exceeded","timestamp":"2025-12-02T17:11:25.619Z","outcome":"failure","metadata":{"key":"signin:ip:4.203.2.1","limit":10,"windowMs":60000,"count":10,"resetAt":"2025-12-02T17:12:25.619Z"}}
{"eventId":"6ca5206f-8e9c-4eb1-a66c-918bdb285cba","eventType":"auth.rate_limit.exceeded","timestamp":"2025-12-02T17:11:25.619Z","outcome":"failure","metadata":{"key":"signin:ip:2.5.40.59","limit":10,"windowMs":60000,"count":10,"resetAt":"2025-12-02T17:12:25.619Z"}}
{"eventId":"79e94016-485f-419a-898e-e4e6c57ae1b4","eventType":"auth.rate_limit.exceeded","timestamp":"2025-12-02T17:11:25.620Z","outcome":"failure","metadata":{"key":"signin:ip:251.252.248.35","limit":10,"windowMs":60000,"count":10,"resetAt":"2025-12-02T17:12:25.620Z"}}
{"eventId":"302fff4f-739c-4925-a612-238ec7804833","eventType":"auth.rate_limit.exceeded","timestamp":"2025-12-02T17:11:25.620Z","outcome":"failure","metadata":{"key":"signin:ip:123.6.82.110","limit":10,"windowMs":60000,"count":10,"resetAt":"2025-12-02T17:12:25.620Z"}}
{"eventId":"0db971b1-eed6-4836-8c1d-f0ffde066d34","eventType":"auth.rate_limit.exceeded","timestamp":"2025-12-02T17:11:25.620Z","outcome":"failure","metadata":{"key":"signin:ip:245.89.93.164","limit":10,"windowMs":60000,"count":10,"resetAt":"2025-12-02T17:12:25.620Z"}}
{"eventId":"30cf0089-a771-4c24-8621-d5350f619c70","eventType":"auth.rate_limit.exceeded","timestamp":"2025-12-02T17:11:25.620Z","outcome":"failure","metadata":{"key":"signin:ip:214.86.1.4","limit":10,"windowMs":60000,"count":10,"resetAt":"2025-12-02T17:12:25.620Z"}}
{"eventId":"b9bbd128-6b16-4f38-b15f-ded0b59c4303","eventType":"auth.rate_limit.exceeded","timestamp":"2025-12-02T17:11:25.620Z","outcome":"failure","metadata":{"key":"signin:ip:253.39.15.248","limit":10,"windowMs":60000,"count":10,"resetAt":"2025-12-02T17:12:25.620Z"}}
{"eventId":"da7d62ce-bf9d-47dc-904a-5e109195ba4e","eventType":"auth.rate_limit.exceeded","timestamp":"2025-12-02T17:11:25.620Z","outcome":"failure","metadata":{"key":"signin:ip:255.90.6.177","limit":10,"windowMs":60000,"count":10,"resetAt":"2025-12-02T17:12:25.620Z"}}
{"eventId":"4fbf9319-f7df-4357-aabf-4420e146ac55","eventType":"auth.rate_limit.exceeded","timestamp":"2025-12-02T17:11:25.620Z","outcome":"failure","metadata":{"key":"signin:ip:141.147.0.68","limit":10,"windowMs":60000,"count":10,"resetAt":"2025-12-02T17:12:25.620Z"}}
{"eventId":"10fe96fc-3d68-4bcd-a1f8-d06596c5f250","eventType":"auth.rate_limit.exceeded","timestamp":"2025-12-02T17:11:25.620Z","outcome":"failure","metadata":{"key":"signin:ip:82.57.103.254","limit":10,"windowMs":60000,"count":10,"resetAt":"2025-12-02T17:12:25.620Z"}}

stderr | src/server/auth/__tests__/login.property.test.ts > Property 8: Rate limiting blocks excessive sign-in attempts > Rate limit applies to both successful and failed login attempts
{"eventId":"00bc8422-2d6d-4693-8b1e-3085a9a26746","eventType":"auth.rate_limit.exceeded","timestamp":"2025-12-02T17:11:25.673Z","outcome":"failure","metadata":{"key":"signin:email:6.p`}r1f}p!%/+.kj1#^jn3/9t!@6e8unamcob.muc","limit":10,"windowMs":900000,"count":10,"resetAt":"2025-12-02T17:26:25.672Z"}}
{"eventId":"fa046d77-d739-4d2e-a6d4-51ad52808f82","eventType":"auth.rate_limit.exceeded","timestamp":"2025-12-02T17:11:25.673Z","outcome":"failure","metadata":{"key":"signin:email:__proto__!.length.le.|@jx2.svf","limit":10,"windowMs":900000,"count":10,"resetAt":"2025-12-02T17:26:25.673Z"}}
{"eventId":"29732e15-0aaf-44d9-bf87-acba45cc210b","eventType":"auth.rate_limit.exceeded","timestamp":"2025-12-02T17:11:25.673Z","outcome":"failure","metadata":{"key":"signin:email:blmk|9*.m8u*w=&-#a.^u6ad'.+5cjj^_*.9e6.|b.dr`.+pl6dz4hi5t@ee4.kye","limit":10,"windowMs":900000,"count":10,"resetAt":"2025-12-02T17:26:25.673Z"}}
{"eventId":"f5f452ee-b146-48df-8bc3-46ed0f542842","eventType":"auth.rate_limit.exceeded","timestamp":"2025-12-02T17:11:25.673Z","outcome":"failure","metadata":{"key":"signin:email:*e2a=f@93f.dy6c.gc","limit":10,"windowMs":900000,"count":10,"resetAt":"2025-12-02T17:26:25.673Z"}}
{"eventId":"511e2bf1-ec57-451b-99ca-2548c5ac56f1","eventType":"auth.rate_limit.exceeded","timestamp":"2025-12-02T17:11:25.673Z","outcome":"failure","metadata":{"key":"signin:email:n~1_}`.ufd.3@c1yfa4rdk.qc","limit":10,"windowMs":900000,"count":10,"resetAt":"2025-12-02T17:26:25.673Z"}}
{"eventId":"f5171c7c-b665-4e3d-969f-e0594ea2fedb","eventType":"auth.rate_limit.exceeded","timestamp":"2025-12-02T17:11:25.674Z","outcome":"failure","metadata":{"key":"signin:email:wu5mz?55!.f#5t.xg.=nvc`.+24c@fcaller5.azw","limit":10,"windowMs":900000,"count":10,"resetAt":"2025-12-02T17:26:25.674Z"}}
{"eventId":"e83ab97e-b8e1-46f4-8ef9-7700430ff72b","eventType":"auth.rate_limit.exceeded","timestamp":"2025-12-02T17:11:25.674Z","outcome":"failure","metadata":{"key":"signin:email:na.aa`|/if.-|p@e907jm.nps","limit":10,"windowMs":900000,"count":10,"resetAt":"2025-12-02T17:26:25.674Z"}}
{"eventId":"5b89353f-6dfa-49cf-aada-a45c434845bf","eventType":"auth.rate_limit.exceeded","timestamp":"2025-12-02T17:11:25.674Z","outcome":"failure","metadata":{"key":"signin:email:cb.e.=.8a.see.c~_e9jm5tc.name.}bk.3ia.k+_gtmq`.34@e.wzv","limit":10,"windowMs":900000,"count":10,"resetAt":"2025-12-02T17:26:25.674Z"}}
{"eventId":"8d8973d3-4079-4076-9999-544c5b0b4310","eventType":"auth.rate_limit.exceeded","timestamp":"2025-12-02T17:11:25.675Z","outcome":"failure","metadata":{"key":"signin:email:ly$_.y45?c$.md'.%.p`n&./cjf.fgca1#.~7ks~ic.fd}c00g.gq5c!._*o-d0@1prototypeb.dlengthd.dd","limit":10,"windowMs":900000,"count":10,"resetAt":"2025-12-02T17:26:25.674Z"}}
{"eventId":"8bd5287a-9bd4-4912-8dcb-3c11f8214e21","eventType":"auth.rate_limit.exceeded","timestamp":"2025-12-02T17:11:25.675Z","outcome":"failure","metadata":{"key":"signin:email:`9fj_e!jf{1.$e!6&8erf~.gv54eiol$#s.g_?z'._8?|y@8304.fy","limit":10,"windowMs":900000,"count":10,"resetAt":"2025-12-02T17:26:25.675Z"}}
{"eventId":"f8a8a578-9a82-439b-8da5-a068a061c411","eventType":"auth.rate_limit.exceeded","timestamp":"2025-12-02T17:11:25.675Z","outcome":"failure","metadata":{"key":"signin:email:bsvt=/.y7eaz~{o*b.ev#5'lza$sxd.+`n+$@fb3e.yfjf-6.zw","limit":10,"windowMs":900000,"count":10,"resetAt":"2025-12-02T17:26:25.675Z"}}
{"eventId":"bf3ef772-35b4-4c4f-88a2-f9e2b9d11f7e","eventType":"auth.rate_limit.exceeded","timestamp":"2025-12-02T17:11:25.675Z","outcome":"failure","metadata":{"key":"signin:email:771996*5l!u.1-t.igh?-=e@x7cmx6j8t4.mjd3le6qxj3z.ref","limit":10,"windowMs":900000,"count":10,"resetAt":"2025-12-02T17:26:25.675Z"}}
{"eventId":"c39eb3bc-6bfa-44c4-93ba-3f221d7fa3dd","eventType":"auth.rate_limit.exceeded","timestamp":"2025-12-02T17:11:25.675Z","outcome":"failure","metadata":{"key":"signin:email:f?1`2n0i!n#.?n$4_he#$.?^'g'r{y.'^hk_u&{.ji%xk4i.c9.3$fx1s8jh@rz8w5k.d0.dui","limit":10,"windowMs":900000,"count":10,"resetAt":"2025-12-02T17:26:25.675Z"}}
{"eventId":"9eb7b187-8f8a-4ec7-95ae-aba67c37ed1a","eventType":"auth.rate_limit.exceeded","timestamp":"2025-12-02T17:11:25.675Z","outcome":"failure","metadata":{"key":"signin:email:!m.dg-im.=l!nw.&beh&t.t&&nz7d.1{96s9.cb8c.$x&5#$'m8i=.eh.9c5@8-x96urso.ykh","limit":10,"windowMs":900000,"count":10,"resetAt":"2025-12-02T17:26:25.675Z"}}
{"eventId":"b0f65430-7758-4e35-85d8-7a6ec80c6a56","eventType":"auth.rate_limit.exceeded","timestamp":"2025-12-02T17:11:25.675Z","outcome":"failure","metadata":{"key":"signin:email:x_|sl.zl*uv$*x.jy.~`rsc#mia$.cm.nz|%7sdic{.2}53yd.=57ls@70js.sjm8a.en","limit":10,"windowMs":900000,"count":10,"resetAt":"2025-12-02T17:26:25.675Z"}}
{"eventId":"cae43271-bc1a-44d4-a046-5a4a502d2440","eventType":"auth.rate_limit.exceeded","timestamp":"2025-12-02T17:11:25.675Z","outcome":"failure","metadata":{"key":"signin:email:`t48s`d'hf%s.|v9rhir._6c.^jo*4s*.!brg.u14e*j5.ka}n9yh`|2.!.wnyz@l8zteb.8nwp2jg.bb","limit":10,"windowMs":900000,"count":10,"resetAt":"2025-12-02T17:26:25.675Z"}}
{"eventId":"d5a70635-25ae-4633-8473-5082b8b88fc9","eventType":"auth.rate_limit.exceeded","timestamp":"2025-12-02T17:11:25.675Z","outcome":"failure","metadata":{"key":"signin:email:&_=*@l09z.cs","limit":10,"windowMs":900000,"count":10,"resetAt":"2025-12-02T17:26:25.675Z"}}
{"eventId":"f58db0f0-1673-4c36-b0a3-8e71bff71bfb","eventType":"auth.rate_limit.exceeded","timestamp":"2025-12-02T17:11:25.675Z","outcome":"failure","metadata":{"key":"signin:email:e+~}r^%q1ez.4~o@1wuuuoiw.uy","limit":10,"windowMs":900000,"count":10,"resetAt":"2025-12-02T17:26:25.675Z"}}
{"eventId":"12994bb1-45bb-411f-8333-a54f5ab688a9","eventType":"auth.rate_limit.exceeded","timestamp":"2025-12-02T17:11:25.675Z","outcome":"failure","metadata":{"key":"signin:email:tg|xiil}f6t.b!f_{3f^.ihn.qa_bb2|{px2@ctwj9m.ybp","limit":10,"windowMs":900000,"count":10,"resetAt":"2025-12-02T17:26:25.675Z"}}
{"eventId":"15cb1167-08d9-46b9-89f7-2a0aab5ae8e3","eventType":"auth.rate_limit.exceeded","timestamp":"2025-12-02T17:11:25.675Z","outcome":"failure","metadata":{"key":"signin:email:syng|@c.ci","limit":10,"windowMs":900000,"count":10,"resetAt":"2025-12-02T17:26:25.675Z"}}
{"eventId":"cd9c9ec2-4cdc-4c95-aef5-bbfccf4af7f3","eventType":"auth.rate_limit.exceeded","timestamp":"2025-12-02T17:11:25.676Z","outcome":"failure","metadata":{"key":"signin:email:9=c$0cbeu^3q.tf9aa.j4a'@tg.le7i50.zc","limit":10,"windowMs":900000,"count":10,"resetAt":"2025-12-02T17:26:25.675Z"}}
{"eventId":"c00870b1-fe63-4bed-a85a-3f56ae685114","eventType":"auth.rate_limit.exceeded","timestamp":"2025-12-02T17:11:25.676Z","outcome":"failure","metadata":{"key":"signin:email:a}94y$5k6.5!3.~ts0qy.d=3k.yg7%{'m3^.4&1y651zmn&.g!4.+6q%-/.18}~k@7ifdk9e.65milh8a.uzv","limit":10,"windowMs":900000,"count":10,"resetAt":"2025-12-02T17:26:25.676Z"}}
{"eventId":"88bc3c50-5196-45b3-b75e-9e41bca9f208","eventType":"auth.rate_limit.exceeded","timestamp":"2025-12-02T17:11:25.676Z","outcome":"failure","metadata":{"key":"signin:email:/.+!$zh1.pqxf{8sye$!.i~=b}.*.|nuo=v'8m_q0.a.q_`6@5h-bsl.ch","limit":10,"windowMs":900000,"count":10,"resetAt":"2025-12-02T17:26:25.676Z"}}
{"eventId":"5f8982e0-c533-4891-bc87-2b83ad1408d4","eventType":"auth.rate_limit.exceeded","timestamp":"2025-12-02T17:11:25.676Z","outcome":"failure","metadata":{"key":"signin:email:9hz_9l.~d4{_4{&05}f@4.iy","limit":10,"windowMs":900000,"count":10,"resetAt":"2025-12-02T17:26:25.676Z"}}
{"eventId":"aada02d5-6674-460a-817e-67187f1c807d","eventType":"auth.rate_limit.exceeded","timestamp":"2025-12-02T17:11:25.676Z","outcome":"failure","metadata":{"key":"signin:email:t4.482h^._gidzw.4.oi$45!g9.wk=0.uw%3md4.a9/v.#n|j#%$#|xx@gci6h7k-zwwx.xpd7sjx-ir9t.ah","limit":10,"windowMs":900000,"count":10,"resetAt":"2025-12-02T17:26:25.676Z"}}
{"eventId":"28e64d27-ada4-4fbc-93c6-42351794a5f5","eventType":"auth.rate_limit.exceeded","timestamp":"2025-12-02T17:11:25.676Z","outcome":"failure","metadata":{"key":"signin:email:2y=e+/i'.q7!'-.8=4vyo.y~`0u.jn#fqzrm-24.ylgt.7k${.k?r21c#xdo.ps@6kz1d2trrvbl.t.dbv","limit":10,"windowMs":900000,"count":10,"resetAt":"2025-12-02T17:26:25.676Z"}}
{"eventId":"34dfb381-cdb6-46ab-966a-cf481382f7a3","eventType":"auth.rate_limit.exceeded","timestamp":"2025-12-02T17:11:25.676Z","outcome":"failure","metadata":{"key":"signin:email:%h84o.q3.glc!o*u@byl3gkm42.f.bdg","limit":10,"windowMs":900000,"count":10,"resetAt":"2025-12-02T17:26:25.676Z"}}
{"eventId":"f8cf9707-78b2-4a90-ad35-e7327f065d34","eventType":"auth.rate_limit.exceeded","timestamp":"2025-12-02T17:11:25.676Z","outcome":"failure","metadata":{"key":"signin:email:*l.%vd^=xw*gl%.pop|0ra^k8u.!._'khftg@p8o7o.fy","limit":10,"windowMs":900000,"count":10,"resetAt":"2025-12-02T17:26:25.676Z"}}
{"eventId":"8471b5dc-30a1-483b-b710-9d9f820f079e","eventType":"auth.rate_limit.exceeded","timestamp":"2025-12-02T17:11:25.676Z","outcome":"failure","metadata":{"key":"signin:email:%&2~#j*/3^u.iv~po$r+.bq8i7u.l.%?2@40bh4vc5otyi.rce.cl","limit":10,"windowMs":900000,"count":10,"resetAt":"2025-12-02T17:26:25.676Z"}}
{"eventId":"81365b96-8fd5-45c6-99fa-b907502c444e","eventType":"auth.rate_limit.exceeded","timestamp":"2025-12-02T17:11:25.676Z","outcome":"failure","metadata":{"key":"signin:email:rbxh6km=c.d5=01q3cv.dx.}eafcn9~f.%@v.hi","limit":10,"windowMs":900000,"count":10,"resetAt":"2025-12-02T17:26:25.676Z"}}
{"eventId":"4b019c4c-0647-44ee-ab6e-5057387babe1","eventType":"auth.rate_limit.exceeded","timestamp":"2025-12-02T17:11:25.676Z","outcome":"failure","metadata":{"key":"signin:email:rf$^at!h-pe.=@1ie4ei7zv2a5.wd","limit":10,"windowMs":900000,"count":10,"resetAt":"2025-12-02T17:26:25.676Z"}}
{"eventId":"ca9632ad-b5a5-47ca-a236-91f0efdf509a","eventType":"auth.rate_limit.exceeded","timestamp":"2025-12-02T17:11:25.676Z","outcome":"failure","metadata":{"key":"signin:email:vud~2$z!u.a.dm5.y$=k9?r~x.{mf!?%&4!c`i.50/rzw.hw&ak1ta%e@zjqdj7pt.qk","limit":10,"windowMs":900000,"count":10,"resetAt":"2025-12-02T17:26:25.676Z"}}
{"eventId":"fa7c99a9-278b-4da7-810d-6db3d14878e3","eventType":"auth.rate_limit.exceeded","timestamp":"2025-12-02T17:11:25.676Z","outcome":"failure","metadata":{"key":"signin:email:tj6t0.079!~^^`.2y9k6d.|hp?.8~mp$4.ua.e.x3{nwv{v{zg.{}7c}}._2%@skfax38.dyv","limit":10,"windowMs":900000,"count":10,"resetAt":"2025-12-02T17:26:25.676Z"}}
{"eventId":"33adde7d-cf80-4831-b41a-7a53b6a5a747","eventType":"auth.rate_limit.exceeded","timestamp":"2025-12-02T17:11:25.676Z","outcome":"failure","metadata":{"key":"signin:email:'@2nbu.wuj","limit":10,"windowMs":900000,"count":10,"resetAt":"2025-12-02T17:26:25.676Z"}}
{"eventId":"dfab8aef-243e-4727-8632-ce0700439e29","eventType":"auth.rate_limit.exceeded","timestamp":"2025-12-02T17:11:25.676Z","outcome":"failure","metadata":{"key":"signin:email:u{.ezu0cf1qas@8yd2i22.ayi","limit":10,"windowMs":900000,"count":10,"resetAt":"2025-12-02T17:26:25.676Z"}}
{"eventId":"ee0ef42c-625b-477f-949b-e502ef9cb5e9","eventType":"auth.rate_limit.exceeded","timestamp":"2025-12-02T17:11:25.676Z","outcome":"failure","metadata":{"key":"signin:email:z`c$318=rh$.kp.mtcv3*#`*.`ll23z38+9.e+.+g%hkzts{?2.0w#f!7{o|!w@bz14dagbix2d.f.ml","limit":10,"windowMs":900000,"count":10,"resetAt":"2025-12-02T17:26:25.676Z"}}
{"eventId":"c6e7faa0-8d8e-47b6-b988-012315751568","eventType":"auth.rate_limit.exceeded","timestamp":"2025-12-02T17:11:25.677Z","outcome":"failure","metadata":{"key":"signin:email:y.qk^.ujb#d5.b*.~*`33||x{.k7zpj?7f.17bq1.!o`jt_j$?.`br.4ql@8lkbqm.j1gc-tnhzv.jaq","limit":10,"windowMs":900000,"count":10,"resetAt":"2025-12-02T17:26:25.676Z"}}
{"eventId":"b016328c-fde0-4326-84a8-4b2505806b68","eventType":"auth.rate_limit.exceeded","timestamp":"2025-12-02T17:11:25.677Z","outcome":"failure","metadata":{"key":"signin:email:-ukw$3xh#2?'.daamr2##.zgw.4c/'`/_c+.r/w{^'g*6.a.q$3gi%@iw0u.iy","limit":10,"windowMs":900000,"count":10,"resetAt":"2025-12-02T17:26:25.677Z"}}
{"eventId":"ac957b8a-2259-4aa5-b6fb-7efc4ece963e","eventType":"auth.rate_limit.exceeded","timestamp":"2025-12-02T17:11:25.677Z","outcome":"failure","metadata":{"key":"signin:email:7s?e4{$.sy{jj$.h|2jqm.~3%v8.lw65-o#us.7|l$5'_=e@ga8d8d0x33.9semtyyvnes9.jr","limit":10,"windowMs":900000,"count":10,"resetAt":"2025-12-02T17:26:25.677Z"}}
{"eventId":"316b1fe6-d4ca-4313-bb86-b050fbcb11f8","eventType":"auth.rate_limit.exceeded","timestamp":"2025-12-02T17:11:25.677Z","outcome":"failure","metadata":{"key":"signin:email:y}?*iz`.%.5a?&/sue._0afdnz.p20%.^87b3dec87.s`d`o.ocp7.diud}nj6n4@8hku6f.y.xc","limit":10,"windowMs":900000,"count":10,"resetAt":"2025-12-02T17:26:25.677Z"}}
{"eventId":"9e21ee9e-ccfe-4965-af55-9a537bffe21a","eventType":"auth.rate_limit.exceeded","timestamp":"2025-12-02T17:11:25.677Z","outcome":"failure","metadata":{"key":"signin:email:'3_b$*nbmr56.8di783o$j.mm{h?8b#.9!.k1ds0.g.}d0.7|880.m.uxt&=h@ygiq.rw","limit":10,"windowMs":900000,"count":10,"resetAt":"2025-12-02T17:26:25.677Z"}}
{"eventId":"e1d54e9b-dfab-4191-b3e9-7d8855334fdf","eventType":"auth.rate_limit.exceeded","timestamp":"2025-12-02T17:11:25.677Z","outcome":"failure","metadata":{"key":"signin:email:12g8scv/t+~.^5ml.io`h1w.b~s8?~ufz=m.~/0g%v$#*.m*'o/k&@l5u.c91mt1g5.xnv","limit":10,"windowMs":900000,"count":10,"resetAt":"2025-12-02T17:26:25.677Z"}}
{"eventId":"cd6d38dc-dcc8-40cd-a880-765d8935ade3","eventType":"auth.rate_limit.exceeded","timestamp":"2025-12-02T17:11:25.677Z","outcome":"failure","metadata":{"key":"signin:email:5lh90{#s@chxgx8nqbp.ee","limit":10,"windowMs":900000,"count":10,"resetAt":"2025-12-02T17:26:25.677Z"}}
{"eventId":"ea19f465-2647-4fb8-83e9-a71a2b7f611f","eventType":"auth.rate_limit.exceeded","timestamp":"2025-12-02T17:11:25.677Z","outcome":"failure","metadata":{"key":"signin:email:?|c@pzknttx9wi.nrxuikmk.vns","limit":10,"windowMs":900000,"count":10,"resetAt":"2025-12-02T17:26:25.677Z"}}
{"eventId":"6fc4d557-f88a-4fbb-aad0-d407a0a4e734","eventType":"auth.rate_limit.exceeded","timestamp":"2025-12-02T17:11:25.677Z","outcome":"failure","metadata":{"key":"signin:email:xh.f.0k2u'.v5d=wp#c&1o@zq0v5x90evg.v.zel","limit":10,"windowMs":900000,"count":10,"resetAt":"2025-12-02T17:26:25.677Z"}}
{"eventId":"85ba47e9-5fac-41fd-bd2a-1129afeacc9f","eventType":"auth.rate_limit.exceeded","timestamp":"2025-12-02T17:11:25.677Z","outcome":"failure","metadata":{"key":"signin:email:}2!ttee{bl.{prot.~p90a.|r/_e84l*$.f|+5anrp4m.%`6p_'+z&.!z+gs`_t'@k2a.jyv","limit":10,"windowMs":900000,"count":10,"resetAt":"2025-12-02T17:26:25.677Z"}}
{"eventId":"f7897e92-3e64-49bc-839a-e60cb139f231","eventType":"auth.rate_limit.exceeded","timestamp":"2025-12-02T17:11:25.677Z","outcome":"failure","metadata":{"key":"signin:email:name.*@a.l7i5.duq","limit":10,"windowMs":900000,"count":10,"resetAt":"2025-12-02T17:26:25.677Z"}}
{"eventId":"1deb6f21-17ae-46d8-8b46-bb0ed3555112","eventType":"auth.rate_limit.exceeded","timestamp":"2025-12-02T17:11:25.677Z","outcome":"failure","metadata":{"key":"signin:email:o}-4cxy.|sj*r6+*h1w.u.6~ad.#/lz+{w5u.!vm-x0eu.x0@6ccfgi0ec.dso","limit":10,"windowMs":900000,"count":10,"resetAt":"2025-12-02T17:26:25.677Z"}}
{"eventId":"5a9d7152-2cb2-451f-a1c1-33432c0fa383","eventType":"auth.rate_limit.exceeded","timestamp":"2025-12-02T17:11:25.677Z","outcome":"failure","metadata":{"key":"signin:email:ma1kz_.3%!1v!|'.`d-t8'|9|d~.lq{cd9n!-xk3.7-.}{.atk6/.83x6vlx_~/^@2yyv1ssp9.u1z2ab3dcnhu.nlb","limit":10,"windowMs":900000,"count":10,"resetAt":"2025-12-02T17:26:25.677Z"}}
{"eventId":"f04bf9d9-451e-40aa-8ece-d1d25c937ee0","eventType":"auth.rate_limit.exceeded","timestamp":"2025-12-02T17:11:25.677Z","outcome":"failure","metadata":{"key":"signin:email:{zo.#x@67-c.ydy","limit":10,"windowMs":900000,"count":10,"resetAt":"2025-12-02T17:26:25.677Z"}}
{"eventId":"3200c3df-ba8d-4643-a80f-ff96ce45c963","eventType":"auth.rate_limit.exceeded","timestamp":"2025-12-02T17:11:25.677Z","outcome":"failure","metadata":{"key":"signin:email:1c}.p.b__s.i-_}h@uxwf08.prc","limit":10,"windowMs":900000,"count":10,"resetAt":"2025-12-02T17:26:25.677Z"}}
{"eventId":"a2985d68-ecd1-45b6-9631-b77c0481e3f9","eventType":"auth.rate_limit.exceeded","timestamp":"2025-12-02T17:11:25.677Z","outcome":"failure","metadata":{"key":"signin:email:bj.he.*h'cc`t.q4nhnu3-&@8qwqyqcce4hl.jl","limit":10,"windowMs":900000,"count":10,"resetAt":"2025-12-02T17:26:25.677Z"}}
{"eventId":"0ebbb1e3-4ba5-4408-9e7f-bf0c61ef503b","eventType":"auth.rate_limit.exceeded","timestamp":"2025-12-02T17:11:25.679Z","outcome":"failure","metadata":{"key":"signin:email:gl.^hhs9rk.`_ly.d2pko.or'/3$u.&'=$6?b~@m3n.ms","limit":10,"windowMs":900000,"count":10,"resetAt":"2025-12-02T17:26:25.678Z"}}
{"eventId":"2ef0ae81-6e10-496d-a5b4-0f318ffc97b4","eventType":"auth.rate_limit.exceeded","timestamp":"2025-12-02T17:11:25.679Z","outcome":"failure","metadata":{"key":"signin:email:kvy*l4q2ix.d*.i3yrc+ylzexa.{n.4^p##d%!0$.ep'|`.o4c`/'^3vs.!#0o@d.s85.esy","limit":10,"windowMs":900000,"count":10,"resetAt":"2025-12-02T17:26:25.679Z"}}
{"eventId":"1f2c93c8-1dac-4c42-8128-bf4f32cb11dd","eventType":"auth.rate_limit.exceeded","timestamp":"2025-12-02T17:11:25.679Z","outcome":"failure","metadata":{"key":"signin:email:jbu!aos.6bhf4mou07gs.blf}f'b/fz4+.n3n=$-!xtfv@cb.lxv","limit":10,"windowMs":900000,"count":10,"resetAt":"2025-12-02T17:26:25.679Z"}}
{"eventId":"a844494e-0ab8-42c7-a222-e2a3e2ed7f62","eventType":"auth.rate_limit.exceeded","timestamp":"2025-12-02T17:11:25.679Z","outcome":"failure","metadata":{"key":"signin:email:ss_}t*_4e.$.ir.t.s.kr0c0*w#92@i34gv.c896ojn6.twl","limit":10,"windowMs":900000,"count":10,"resetAt":"2025-12-02T17:26:25.679Z"}}
{"eventId":"37d59171-8803-4dd7-a6ed-1fcd5b80f1f0","eventType":"auth.rate_limit.exceeded","timestamp":"2025-12-02T17:11:25.679Z","outcome":"failure","metadata":{"key":"signin:email:jvz~`20{~w.&.p{!w=j.4cyok/xh1y.$.+rk6s@3kx3xchq.3qqcgp4.kjg","limit":10,"windowMs":900000,"count":10,"resetAt":"2025-12-02T17:26:25.679Z"}}
{"eventId":"50d0f888-61f6-4964-ba82-24ab44cb4a61","eventType":"auth.rate_limit.exceeded","timestamp":"2025-12-02T17:11:25.679Z","outcome":"failure","metadata":{"key":"signin:email:8.ipn-.3oi9$|+b'+r'.w/*g4$1u_.ouum@7.q9.gsl","limit":10,"windowMs":900000,"count":10,"resetAt":"2025-12-02T17:26:25.679Z"}}
{"eventId":"836e75ec-91a3-418e-98b5-80d268a6cd32","eventType":"auth.rate_limit.exceeded","timestamp":"2025-12-02T17:11:25.680Z","outcome":"failure","metadata":{"key":"signin:email:mtj##phem$l.%.ib3l&x.wqo=.r$}#bap0'+~e.7uq2}.10k.l+6230a.*1js+@j50ygwaja-n.nos","limit":10,"windowMs":900000,"count":10,"resetAt":"2025-12-02T17:26:25.679Z"}}
{"eventId":"5e7618b4-27a5-4f75-a3a6-41eba7142412","eventType":"auth.rate_limit.exceeded","timestamp":"2025-12-02T17:11:25.680Z","outcome":"failure","metadata":{"key":"signin:email:-x__6.g?c.xqesg'=z%#?q.=e^.is0vg}.#&r`t^*.5u!fnl!9t2-t.|8$@anz3o2o7v.ndeaed69xspz.hq","limit":10,"windowMs":900000,"count":10,"resetAt":"2025-12-02T17:26:25.680Z"}}
{"eventId":"ac71c3ec-4d64-42bc-b753-b343b02afc1c","eventType":"auth.rate_limit.exceeded","timestamp":"2025-12-02T17:11:25.680Z","outcome":"failure","metadata":{"key":"signin:email:^`#q$k_1n7z@hfbp2.7xj5ej9drulm.rv","limit":10,"windowMs":900000,"count":10,"resetAt":"2025-12-02T17:26:25.680Z"}}
{"eventId":"77f6d023-aa66-4313-beed-aeefee7c6862","eventType":"auth.rate_limit.exceeded","timestamp":"2025-12-02T17:11:25.680Z","outcome":"failure","metadata":{"key":"signin:email:ne+z_#_.``cr9.wv.o$j=ris=v3n.n/*|a4u%.p}as?.'#*f.$8`gp8@s.ykr","limit":10,"windowMs":900000,"count":10,"resetAt":"2025-12-02T17:26:25.680Z"}}
{"eventId":"61355e2d-aafb-4dd5-a320-b868725598aa","eventType":"auth.rate_limit.exceeded","timestamp":"2025-12-02T17:11:25.680Z","outcome":"failure","metadata":{"key":"signin:email:bj0p.=.a~.1`zz3n6hw.iut3u.91f3z^kb.n_12au.k8+_l/_+!r19.&.#e%be@f6uithy2tn.ez","limit":10,"windowMs":900000,"count":10,"resetAt":"2025-12-02T17:26:25.680Z"}}
{"eventId":"1ed0979b-8617-4154-a17f-5515a67ed7e8","eventType":"auth.rate_limit.exceeded","timestamp":"2025-12-02T17:11:25.680Z","outcome":"failure","metadata":{"key":"signin:email:/d`.9^oll@c9l5-tkjpur9.ujg","limit":10,"windowMs":900000,"count":10,"resetAt":"2025-12-02T17:26:25.680Z"}}
{"eventId":"cde72256-95fb-4d8f-950e-2b414fb309ae","eventType":"auth.rate_limit.exceeded","timestamp":"2025-12-02T17:11:25.680Z","outcome":"failure","metadata":{"key":"signin:email:v4j}l*ujh@asg04o.len-d5od.dx","limit":10,"windowMs":900000,"count":10,"resetAt":"2025-12-02T17:26:25.680Z"}}
{"eventId":"132c5dc7-73e4-42cb-b169-2bc8f1604689","eventType":"auth.rate_limit.exceeded","timestamp":"2025-12-02T17:11:25.680Z","outcome":"failure","metadata":{"key":"signin:email:bq7./^6d0ib-cv6'.d.`&fsj8%3n}wp.and~d.n1q_.out-itt6.an&t3f%v@b84s6ka-vn.qp","limit":10,"windowMs":900000,"count":10,"resetAt":"2025-12-02T17:26:25.680Z"}}
{"eventId":"475ca97f-a570-41ec-9db5-993651304972","eventType":"auth.rate_limit.exceeded","timestamp":"2025-12-02T17:11:25.680Z","outcome":"failure","metadata":{"key":"signin:email:o`.nz`u.o*fa%_+3op.!1$*`1|h.k9`o@jr.ycj.kz","limit":10,"windowMs":900000,"count":10,"resetAt":"2025-12-02T17:26:25.680Z"}}
{"eventId":"59e1effa-da84-4982-89da-f0be78730a66","eventType":"auth.rate_limit.exceeded","timestamp":"2025-12-02T17:11:25.680Z","outcome":"failure","metadata":{"key":"signin:email:t_.b$r3=`f+&@upbx.lh","limit":10,"windowMs":900000,"count":10,"resetAt":"2025-12-02T17:26:25.680Z"}}
{"eventId":"21daf7d1-c27d-44d6-b952-61773c6be37d","eventType":"auth.rate_limit.exceeded","timestamp":"2025-12-02T17:11:25.681Z","outcome":"failure","metadata":{"key":"signin:email:h?n.`/.*#55'3mwvji9.0`yl@r5ul2du47jt.awg","limit":10,"windowMs":900000,"count":10,"resetAt":"2025-12-02T17:26:25.681Z"}}
{"eventId":"62700c96-4448-4feb-bd1a-5f26d61931d7","eventType":"auth.rate_limit.exceeded","timestamp":"2025-12-02T17:11:25.681Z","outcome":"failure","metadata":{"key":"signin:email:0b/fr6w&z.03#yr@if97d4dobovy.qoloi9x.kg","limit":10,"windowMs":900000,"count":10,"resetAt":"2025-12-02T17:26:25.681Z"}}
{"eventId":"09674950-840e-4ae2-b7da-d2f418ad8191","eventType":"auth.rate_limit.exceeded","timestamp":"2025-12-02T17:11:25.681Z","outcome":"failure","metadata":{"key":"signin:email:dgq!s$%av.~t#_{}3i3s04.lb?$.|j%^.*k31g{.smo7xh_.a!r7s.6$4l`xk@c2e.ga","limit":10,"windowMs":900000,"count":10,"resetAt":"2025-12-02T17:26:25.681Z"}}
{"eventId":"f13dd40a-0ade-4782-a679-901c91d46c8e","eventType":"auth.rate_limit.exceeded","timestamp":"2025-12-02T17:11:25.681Z","outcome":"failure","metadata":{"key":"signin:email:pu.v0*1bz_|h?qr.2`*bl.87r$n=^w9{s.hv.x~9#!5/.l72*wqful#8s@18upwl.rl.oj","limit":10,"windowMs":900000,"count":10,"resetAt":"2025-12-02T17:26:25.681Z"}}
{"eventId":"2ca691de-167e-4fe7-8bea-ab2104e8a0c0","eventType":"auth.rate_limit.exceeded","timestamp":"2025-12-02T17:11:25.681Z","outcome":"failure","metadata":{"key":"signin:email:r^u&%p7d1.zdn.*yve}a~f.2?f`0.91_`^6%o9lnb.5in!-.x10z68o.?xv${ot7@dx9q5lo.uf","limit":10,"windowMs":900000,"count":10,"resetAt":"2025-12-02T17:26:25.681Z"}}
{"eventId":"32937813-8cb8-4af5-815a-4f36ce63d16c","eventType":"auth.rate_limit.exceeded","timestamp":"2025-12-02T17:11:25.681Z","outcome":"failure","metadata":{"key":"signin:email:ajzm_c|ddm.c4c!gs7p5n'/.e%&~.+^/r6n7w.'.^b.^$74{l.~x*r-y.'@m.cu","limit":10,"windowMs":900000,"count":10,"resetAt":"2025-12-02T17:26:25.681Z"}}
{"eventId":"cfafd5dc-bda3-40ba-b2fe-9b8b14067f6e","eventType":"auth.rate_limit.exceeded","timestamp":"2025-12-02T17:11:25.681Z","outcome":"failure","metadata":{"key":"signin:email:lsjqo{_#|.7-.'!ly6ty3~.^2.w6mc5=vsc.afy!oc55-5.&.qn/%9@f5m-hqddg.xz","limit":10,"windowMs":900000,"count":10,"resetAt":"2025-12-02T17:26:25.681Z"}}
{"eventId":"388012cf-45f6-41e4-abb3-191d712d865e","eventType":"auth.rate_limit.exceeded","timestamp":"2025-12-02T17:11:25.681Z","outcome":"failure","metadata":{"key":"signin:email:flcfips9xynm.$+k2f|s%x!de.s~8_ccpk{*@w.w3ol.kg","limit":10,"windowMs":900000,"count":10,"resetAt":"2025-12-02T17:26:25.681Z"}}
{"eventId":"17837dc7-b7f9-409b-8335-4343ea249539","eventType":"auth.rate_limit.exceeded","timestamp":"2025-12-02T17:11:25.681Z","outcome":"failure","metadata":{"key":"signin:email:lk}}rjc}~.ba.r5`9*h+8mm-@yksfrdu8j.ge","limit":10,"windowMs":900000,"count":10,"resetAt":"2025-12-02T17:26:25.681Z"}}
{"eventId":"1ddc6860-fd1d-42fc-a456-c06612f6fb38","eventType":"auth.rate_limit.exceeded","timestamp":"2025-12-02T17:11:25.681Z","outcome":"failure","metadata":{"key":"signin:email:ny!^.^^*.!*7{~%-.5{ajtdk.gy4f&e*q|dp5@nq57x21yzj4x.2lig0t8k.gpi","limit":10,"windowMs":900000,"count":10,"resetAt":"2025-12-02T17:26:25.681Z"}}
{"eventId":"863bc42f-ec54-43db-8192-2acb7e804d93","eventType":"auth.rate_limit.exceeded","timestamp":"2025-12-02T17:11:25.681Z","outcome":"failure","metadata":{"key":"signin:email:u3d.%%d?#26.vp~e36'#yh@aj9fqc.pl","limit":10,"windowMs":900000,"count":10,"resetAt":"2025-12-02T17:26:25.681Z"}}
{"eventId":"69b38ecf-6e15-4fb3-b64c-ecf5ee243349","eventType":"auth.rate_limit.exceeded","timestamp":"2025-12-02T17:11:25.681Z","outcome":"failure","metadata":{"key":"signin:email:g=.~an5f{@6ra4501ah7a.amt","limit":10,"windowMs":900000,"count":10,"resetAt":"2025-12-02T17:26:25.681Z"}}
{"eventId":"e0e4a077-2d01-4d5a-a47f-96797310b617","eventType":"auth.rate_limit.exceeded","timestamp":"2025-12-02T17:11:25.681Z","outcome":"failure","metadata":{"key":"signin:email:=wx02.%p1!##~c.s99ec}8wm6.1**.^%i17f$8g_1g@cd6g3kzs0kk.we7y.rpv","limit":10,"windowMs":900000,"count":10,"resetAt":"2025-12-02T17:26:25.681Z"}}
{"eventId":"8c25b818-af27-4a5d-b9f7-3a69a903901b","eventType":"auth.rate_limit.exceeded","timestamp":"2025-12-02T17:11:25.681Z","outcome":"failure","metadata":{"key":"signin:email:l+!+^*x^b+p.2z+$1exoq^t_.72+u$9yl5r0@aedb.ci.pa","limit":10,"windowMs":900000,"count":10,"resetAt":"2025-12-02T17:26:25.681Z"}}
{"eventId":"297391c4-a372-4a69-8319-20d696e210f4","eventType":"auth.rate_limit.exceeded","timestamp":"2025-12-02T17:11:25.681Z","outcome":"failure","metadata":{"key":"signin:email:}'hvi3^f@9p5.jz","limit":10,"windowMs":900000,"count":10,"resetAt":"2025-12-02T17:26:25.681Z"}}
{"eventId":"d300bc7d-632f-49e5-89f6-b6c3edb3655f","eventType":"auth.rate_limit.exceeded","timestamp":"2025-12-02T17:11:25.682Z","outcome":"failure","metadata":{"key":"signin:email:p8.6uh84m8k{z-.r$!.e{cp1uy!.|*.bd&6#$`?cim%.mg.drc.$ew+@el33o1cf.hvr","limit":10,"windowMs":900000,"count":10,"resetAt":"2025-12-02T17:26:25.681Z"}}
{"eventId":"f8cd8669-275a-4714-a451-d4bd827c4415","eventType":"auth.rate_limit.exceeded","timestamp":"2025-12-02T17:11:25.682Z","outcome":"failure","metadata":{"key":"signin:email:9e_.key*re_z}42_.=*mk_.argu@0.bi","limit":10,"windowMs":900000,"count":10,"resetAt":"2025-12-02T17:26:25.682Z"}}
{"eventId":"49c7ae39-f722-4423-964f-5fa4940405c9","eventType":"auth.rate_limit.exceeded","timestamp":"2025-12-02T17:11:25.682Z","outcome":"failure","metadata":{"key":"signin:email:'!.&+@6hjx.gm","limit":10,"windowMs":900000,"count":10,"resetAt":"2025-12-02T17:26:25.682Z"}}
{"eventId":"9b8573a0-97dc-4c65-9c55-91fc50c23f18","eventType":"auth.rate_limit.exceeded","timestamp":"2025-12-02T17:11:25.682Z","outcome":"failure","metadata":{"key":"signin:email:h'l$bqs}^l.^vcfjm2v.r^m_n=@1.rlcd-w5k2.ref","limit":10,"windowMs":900000,"count":10,"resetAt":"2025-12-02T17:26:25.682Z"}}
{"eventId":"52741e22-3a13-44a5-af1c-2eb2f6a1180e","eventType":"auth.rate_limit.exceeded","timestamp":"2025-12-02T17:11:25.682Z","outcome":"failure","metadata":{"key":"signin:email:jr6faev*.%v~fp%o#o%rw.31%%^a{9t.4_?.u*&3%vw`d.g-l`5!fh.+z{2@rfzucct.el","limit":10,"windowMs":900000,"count":10,"resetAt":"2025-12-02T17:26:25.682Z"}}
{"eventId":"e21937c2-5041-485f-a3d3-30f651c308fc","eventType":"auth.rate_limit.exceeded","timestamp":"2025-12-02T17:11:25.682Z","outcome":"failure","metadata":{"key":"signin:email:7rs{x^0o*6.key.r`a.c|e*.-&}%.6fa_'%7{ywb.=s~#b2~^.cl0605^@b9281k74px3j.4zpg1wp-88-w.ueo","limit":10,"windowMs":900000,"count":10,"resetAt":"2025-12-02T17:26:25.682Z"}}
{"eventId":"00224481-3317-49d0-b3fa-9589583a1c3f","eventType":"auth.rate_limit.exceeded","timestamp":"2025-12-02T17:11:25.682Z","outcome":"failure","metadata":{"key":"signin:email:el|}lt.$x$z6+b't@drpw0v.b.js","limit":10,"windowMs":900000,"count":10,"resetAt":"2025-12-02T17:26:25.682Z"}}
{"eventId":"059a5ea0-6e2c-49f5-aa76-615723ecc5e7","eventType":"auth.rate_limit.exceeded","timestamp":"2025-12-02T17:11:25.682Z","outcome":"failure","metadata":{"key":"signin:email:9yr=!`.l%w|22&s.%s_/p%040i.h2@tqps490tii7.mmv","limit":10,"windowMs":900000,"count":10,"resetAt":"2025-12-02T17:26:25.682Z"}}
{"eventId":"b90cc9d3-8248-4c34-ba05-b6221c36af5c","eventType":"auth.rate_limit.exceeded","timestamp":"2025-12-02T17:11:25.682Z","outcome":"failure","metadata":{"key":"signin:email:^%$@x26.w-q2mfn7.nlb","limit":10,"windowMs":900000,"count":10,"resetAt":"2025-12-02T17:26:25.682Z"}}
{"eventId":"00680710-17a7-43de-9443-959498017599","eventType":"auth.rate_limit.exceeded","timestamp":"2025-12-02T17:11:25.682Z","outcome":"failure","metadata":{"key":"signin:email:3%}z-.~5=}uj$rt.em|wm'.e|e8{qpi59t4.|?1$sop{.3t^mle9haw@7uf56.0.uv","limit":10,"windowMs":900000,"count":10,"resetAt":"2025-12-02T17:26:25.682Z"}}
{"eventId":"a870f33e-6e74-45bc-bca1-c0905cda4161","eventType":"auth.rate_limit.exceeded","timestamp":"2025-12-02T17:11:25.682Z","outcome":"failure","metadata":{"key":"signin:email:^$%.ad6.ref.=a2$2^=y.cn.b|9?so0*l.q7aca=h`e7.i!2p3i.bc.-`ah=-@sn.fd7bu8w.qni","limit":10,"windowMs":900000,"count":10,"resetAt":"2025-12-02T17:26:25.682Z"}}
{"eventId":"39b0ddaa-a1ec-4e30-9d2f-5cf6c89f5aca","eventType":"auth.rate_limit.exceeded","timestamp":"2025-12-02T17:11:25.682Z","outcome":"failure","metadata":{"key":"signin:email:r{.ngk*5?x#&|.6+$2|8q&=*3#.q}uh=vgs1@kq3-7p.kfi","limit":10,"windowMs":900000,"count":10,"resetAt":"2025-12-02T17:26:25.682Z"}}
{"eventId":"d6fccf4a-13a4-4b76-b03b-64127b8b0847","eventType":"auth.rate_limit.exceeded","timestamp":"2025-12-02T17:11:25.682Z","outcome":"failure","metadata":{"key":"signin:email:z#!b0.llq}-+.l~sd.677/r!'?.%}&%6p.c3nzqfp1$_a.%4dop/$%^%.%y&@zy.045eraz.nv","limit":10,"windowMs":900000,"count":10,"resetAt":"2025-12-02T17:26:25.682Z"}}
{"eventId":"6cd211dd-6c01-4f68-b29c-d672ec40fd79","eventType":"auth.rate_limit.exceeded","timestamp":"2025-12-02T17:11:25.682Z","outcome":"failure","metadata":{"key":"signin:email:applylen.x./?.*._dlp#*uc.~m5/al9.h8.iz*3u1=v@xsrk.oe","limit":10,"windowMs":900000,"count":10,"resetAt":"2025-12-02T17:26:25.682Z"}}
{"eventId":"11a9e52d-7039-4670-a97d-911bda0839ee","eventType":"auth.rate_limit.exceeded","timestamp":"2025-12-02T17:11:25.682Z","outcome":"failure","metadata":{"key":"signin:email:4wc2&.ricb$$5v$/.5pg2$.8%|8_da.#y!~&*!}.r.5.09f2+r1pn3`+@33sln.x.hge","limit":10,"windowMs":900000,"count":10,"resetAt":"2025-12-02T17:26:25.682Z"}}
{"eventId":"556f52ee-71c7-4b57-9681-08d6108b6ee6","eventType":"auth.rate_limit.exceeded","timestamp":"2025-12-02T17:11:25.682Z","outcome":"failure","metadata":{"key":"signin:email:nk{3^svpn/y.6.944157|&6c8.{3_3n%q.m=}+}{.#v0i9`!a=3.3yf|-da@m3rn7c5.jk","limit":10,"windowMs":900000,"count":10,"resetAt":"2025-12-02T17:26:25.682Z"}}
{"eventId":"559b49d4-25fd-4a8f-9aad-b81989f179ad","eventType":"auth.rate_limit.exceeded","timestamp":"2025-12-02T17:11:25.683Z","outcome":"failure","metadata":{"key":"signin:email:uz-=j8}7.8c#ac7!b6?.~oq3}.=/|!b~^.4c@m168b7i70.uc","limit":10,"windowMs":900000,"count":10,"resetAt":"2025-12-02T17:26:25.683Z"}}

 ✓ src/server/auth/__tests__/login.property.test.ts (10 tests) 1565ms
   ✓ Property 8: Rate limiting blocks excessive sign-in attempts > Retry-after time decreases as time passes 305ms
stdout | src/app/api/auth/reset-password/__tests__/reset-password.property.test.ts > POST /api/auth/reset-password - Property-Based Tests > Property 17: Password reset invalidates all sessions
{"eventId":"6844ab57-85e3-4303-a128-66c3adf977a3","eventType":"auth.reset_password.success","timestamp":"2025-12-02T17:11:25.823Z","outcome":"success","ipAddress":"127.0.0.1","userAgent":"unknown","requestId":"b2372015-67c3-4653-b2ac-7edca8287937","metadata":{"stage":"attempt"}}

stdout | src/server/auth/__tests__/rbac.test.ts > RBAC - Property-Based Tests > Property 18: Verified users receive default roles
[2025-12-02T17:11:25.847Z] [App] [INFO] rbac.assign_role.success {
  userId: '7410db7d-1696-49e4-b8d6-0379f6ccd9aa',
  role: 'TEAM_MEMBER',
  resourceType: 'team',
  resourceId: '6473f381-41d8-4503-a637-6011e76e56f5',
  roleId: '52b697e7-791f-4e6e-b4b9-3c20c6a10d63'
}

stdout | src/server/auth/__tests__/rbac.test.ts > RBAC - Property-Based Tests > Property 18: Verified users receive default roles
[2025-12-02T17:11:26.018Z] [App] [INFO] rbac.assign_role.success {
  userId: '59394ff8-a5bc-423f-9e2a-c16a78c548fe',
  role: 'TEAM_MEMBER',
  resourceType: 'team',
  resourceId: '46e31974-fd38-4acd-b9f0-9bc9a24e745e',
  roleId: 'e9fd25ca-e6a3-49ee-95c7-093aba6a0446'
}

stdout | src/app/api/auth/reset-password/__tests__/reset-password.property.test.ts > POST /api/auth/reset-password - Property-Based Tests > Property 17: Password reset invalidates all sessions
{"eventId":"7eec921f-9362-408f-9a4b-0f4e0d3fc24c","eventType":"auth.reset_password.success","timestamp":"2025-12-02T17:11:26.057Z","outcome":"success","userId":"bfe9bbd0-5e99-441c-ba8a-00c8f8b1b240","email":"ef8f27429376ad0a","ipAddress":"127.0.0.1","userAgent":"unknown","requestId":"b2372015-67c3-4653-b2ac-7edca8287937","metadata":{"tokenId":"61abe7e3-ad43-4b4b-8902-10ab8a630fb7","sessionsInvalidated":true}}

stdout | src/server/auth/__tests__/rbac.test.ts > RBAC - Property-Based Tests > Property 18: Verified users receive default roles
[2025-12-02T17:11:26.186Z] [App] [INFO] rbac.assign_role.success {
  userId: '8cba6aa8-9811-47f8-ab04-a9e16aefed4e',
  role: 'TEAM_MEMBER',
  resourceType: 'team',
  resourceId: 'e6cdd569-52ad-4194-8561-191f98a463a9',
  roleId: '88fbae0d-112a-475d-9c54-4a4cf0d0553e'
}

stderr | src/server/auth/__tests__/rate-limiter.test.ts > Rate Limiter - Property-Based Tests > Property 33: IP-based rate limiting enforces limits
{"eventId":"7892003b-4906-4852-b180-0388cbcfe8aa","eventType":"auth.rate_limit.exceeded","timestamp":"2025-12-02T17:11:25.990Z","outcome":"failure","metadata":{"key":"signin:ip:7.86.68.250","limit":10,"windowMs":60000,"count":10,"resetAt":"2025-12-02T17:12:25.977Z"}}
{"eventId":"4b858d20-4f2b-41e7-a2e9-848be6aee733","eventType":"auth.rate_limit.exceeded","timestamp":"2025-12-02T17:11:25.993Z","outcome":"failure","metadata":{"key":"signin:ip:95.118.244.72","limit":10,"windowMs":60000,"count":10,"resetAt":"2025-12-02T17:12:25.993Z"}}
{"eventId":"5d5f016b-f6ad-4baa-be97-ad390406bde5","eventType":"auth.rate_limit.exceeded","timestamp":"2025-12-02T17:11:25.993Z","outcome":"failure","metadata":{"key":"signin:ip:254.250.209.4","limit":10,"windowMs":60000,"count":10,"resetAt":"2025-12-02T17:12:25.993Z"}}
{"eventId":"ec5481db-2c3e-4c8c-b7f3-765f410461c9","eventType":"auth.rate_limit.exceeded","timestamp":"2025-12-02T17:11:25.997Z","outcome":"failure","metadata":{"key":"signin:ip:58.0.33.55","limit":10,"windowMs":60000,"count":10,"resetAt":"2025-12-02T17:12:25.994Z"}}
{"eventId":"f3f1bb3c-218d-4daf-9505-5ca4d5206733","eventType":"auth.rate_limit.exceeded","timestamp":"2025-12-02T17:11:25.998Z","outcome":"failure","metadata":{"key":"signin:ip:29.243.254.183","limit":10,"windowMs":60000,"count":10,"resetAt":"2025-12-02T17:12:25.997Z"}}
{"eventId":"7386f4eb-ee00-47a6-97ca-96fbfe769343","eventType":"auth.rate_limit.exceeded","timestamp":"2025-12-02T17:11:26.000Z","outcome":"failure","metadata":{"key":"signin:ip:1.138.65.251","limit":10,"windowMs":60000,"count":10,"resetAt":"2025-12-02T17:12:25.998Z"}}
{"eventId":"f32e29e8-5ddd-4d9e-bb47-a6273b0f3a51","eventType":"auth.rate_limit.exceeded","timestamp":"2025-12-02T17:11:26.004Z","outcome":"failure","metadata":{"key":"signin:ip:39.59.252.52","limit":10,"windowMs":60000,"count":10,"resetAt":"2025-12-02T17:12:26.002Z"}}
{"eventId":"6918bb5c-6f20-4287-a865-edc9a7639020","eventType":"auth.rate_limit.exceeded","timestamp":"2025-12-02T17:11:26.005Z","outcome":"failure","metadata":{"key":"signin:ip:6.200.166.6","limit":10,"windowMs":60000,"count":10,"resetAt":"2025-12-02T17:12:26.004Z"}}
{"eventId":"9ce17a41-eb95-4b44-9fb2-2fd5646fbe55","eventType":"auth.rate_limit.exceeded","timestamp":"2025-12-02T17:11:26.006Z","outcome":"failure","metadata":{"key":"signin:ip:2.0.168.109","limit":10,"windowMs":60000,"count":10,"resetAt":"2025-12-02T17:12:26.005Z"}}
{"eventId":"f2af93de-c700-4c78-aca6-a5055cea5961","eventType":"auth.rate_limit.exceeded","timestamp":"2025-12-02T17:11:26.012Z","outcome":"failure","metadata":{"key":"signin:ip:70.69.166.207","limit":10,"windowMs":60000,"count":10,"resetAt":"2025-12-02T17:12:26.007Z"}}
{"eventId":"b04113c0-a1a9-4b46-98a4-85206138d950","eventType":"auth.rate_limit.exceeded","timestamp":"2025-12-02T17:11:26.019Z","outcome":"failure","metadata":{"key":"signin:ip:77.252.11.6","limit":10,"windowMs":60000,"count":10,"resetAt":"2025-12-02T17:12:26.013Z"}}
{"eventId":"81eb085f-2d46-49a7-b884-b301ad9e6802","eventType":"auth.rate_limit.exceeded","timestamp":"2025-12-02T17:11:26.034Z","outcome":"failure","metadata":{"key":"signin:ip:75.5.153.156","limit":10,"windowMs":60000,"count":10,"resetAt":"2025-12-02T17:12:26.020Z"}}
{"eventId":"9f94c574-69cd-4138-9b18-cadb39078452","eventType":"auth.rate_limit.exceeded","timestamp":"2025-12-02T17:11:26.043Z","outcome":"failure","metadata":{"key":"signin:ip:29.103.107.88","limit":10,"windowMs":60000,"count":10,"resetAt":"2025-12-02T17:12:26.043Z"}}
{"eventId":"cf9f2411-dce2-4d30-a151-2e8e054e4062","eventType":"auth.rate_limit.exceeded","timestamp":"2025-12-02T17:11:26.048Z","outcome":"failure","metadata":{"key":"signin:ip:5.26.23.2","limit":10,"windowMs":60000,"count":10,"resetAt":"2025-12-02T17:12:26.047Z"}}
{"eventId":"4ebe87d3-0823-48c9-a246-3b302a6540b2","eventType":"auth.rate_limit.exceeded","timestamp":"2025-12-02T17:11:26.049Z","outcome":"failure","metadata":{"key":"signin:ip:123.176.218.5","limit":10,"windowMs":60000,"count":10,"resetAt":"2025-12-02T17:12:26.049Z"}}
{"eventId":"f093d4a9-3ab0-4c18-b461-2ff4b561d0b9","eventType":"auth.rate_limit.exceeded","timestamp":"2025-12-02T17:11:26.049Z","outcome":"failure","metadata":{"key":"signin:ip:74.71.137.152","limit":10,"windowMs":60000,"count":10,"resetAt":"2025-12-02T17:12:26.049Z"}}
{"eventId":"c26b3235-af8c-4dc4-ae83-c6950a071533","eventType":"auth.rate_limit.exceeded","timestamp":"2025-12-02T17:11:26.051Z","outcome":"failure","metadata":{"key":"signin:ip:4.160.115.249","limit":10,"windowMs":60000,"count":10,"resetAt":"2025-12-02T17:12:26.049Z"}}
{"eventId":"3d3b80b3-cb30-4ccd-b90a-42d94f2474c1","eventType":"auth.rate_limit.exceeded","timestamp":"2025-12-02T17:11:26.054Z","outcome":"failure","metadata":{"key":"signin:ip:23.173.165.2","limit":10,"windowMs":60000,"count":10,"resetAt":"2025-12-02T17:12:26.054Z"}}
{"eventId":"3c01ced2-2880-41cc-902a-012bdf8e9c3f","eventType":"auth.rate_limit.exceeded","timestamp":"2025-12-02T17:11:26.055Z","outcome":"failure","metadata":{"key":"signin:ip:7.106.56.51","limit":10,"windowMs":60000,"count":10,"resetAt":"2025-12-02T17:12:26.055Z"}}
{"eventId":"17c04870-f203-41b3-a18a-19ccda90a64c","eventType":"auth.rate_limit.exceeded","timestamp":"2025-12-02T17:11:26.055Z","outcome":"failure","metadata":{"key":"signin:ip:96.195.1.253","limit":10,"windowMs":60000,"count":10,"resetAt":"2025-12-02T17:12:26.055Z"}}
{"eventId":"dd301e7c-579f-4e30-a1c4-65e449ade595","eventType":"auth.rate_limit.exceeded","timestamp":"2025-12-02T17:11:26.056Z","outcome":"failure","metadata":{"key":"signin:ip:219.110.90.37","limit":10,"windowMs":60000,"count":10,"resetAt":"2025-12-02T17:12:26.056Z"}}
{"eventId":"67c950da-a0a2-4bbb-bbcf-7cc2d737fc38","eventType":"auth.rate_limit.exceeded","timestamp":"2025-12-02T17:11:26.056Z","outcome":"failure","metadata":{"key":"signin:ip:242.153.254.245","limit":10,"windowMs":60000,"count":10,"resetAt":"2025-12-02T17:12:26.056Z"}}
{"eventId":"7da84a1d-e7f2-4701-ae29-31a8f2c0de90","eventType":"auth.rate_limit.exceeded","timestamp":"2025-12-02T17:11:26.056Z","outcome":"failure","metadata":{"key":"signin:ip:66.104.6.16","limit":10,"windowMs":60000,"count":10,"resetAt":"2025-12-02T17:12:26.056Z"}}
{"eventId":"85974a21-a98d-48dc-b278-1f94eff4a827","eventType":"auth.rate_limit.exceeded","timestamp":"2025-12-02T17:11:26.056Z","outcome":"failure","metadata":{"key":"signin:ip:101.240.57.165","limit":10,"windowMs":60000,"count":10,"resetAt":"2025-12-02T17:12:26.056Z"}}
{"eventId":"0f6a74b5-f3ee-4b6a-b8c0-3bc4c6b524f8","eventType":"auth.rate_limit.exceeded","timestamp":"2025-12-02T17:11:26.056Z","outcome":"failure","metadata":{"key":"signin:ip:146.130.213.0","limit":10,"windowMs":60000,"count":10,"resetAt":"2025-12-02T17:12:26.056Z"}}
{"eventId":"22ecba90-3cd4-4236-bcca-8baa68d09a1f","eventType":"auth.rate_limit.exceeded","timestamp":"2025-12-02T17:11:26.056Z","outcome":"failure","metadata":{"key":"signin:ip:253.198.5.254","limit":10,"windowMs":60000,"count":10,"resetAt":"2025-12-02T17:12:26.056Z"}}
{"eventId":"185b6c0f-5bbc-42f6-af46-313f9a51cf76","eventType":"auth.rate_limit.exceeded","timestamp":"2025-12-02T17:11:26.057Z","outcome":"failure","metadata":{"key":"signin:ip:159.148.182.7","limit":10,"windowMs":60000,"count":10,"resetAt":"2025-12-02T17:12:26.056Z"}}
{"eventId":"b64b3e8d-f4b3-414d-9767-e116aaec9506","eventType":"auth.rate_limit.exceeded","timestamp":"2025-12-02T17:11:26.057Z","outcome":"failure","metadata":{"key":"signin:ip:6.20.139.97","limit":10,"windowMs":60000,"count":10,"resetAt":"2025-12-02T17:12:26.057Z"}}
{"eventId":"1a6f10a1-6648-427f-b4d0-c29428c23d48","eventType":"auth.rate_limit.exceeded","timestamp":"2025-12-02T17:11:26.057Z","outcome":"failure","metadata":{"key":"signin:ip:1.23.23.140","limit":10,"windowMs":60000,"count":10,"resetAt":"2025-12-02T17:12:26.057Z"}}
{"eventId":"04285280-ef7e-46cd-8b13-adfc040ddc99","eventType":"auth.rate_limit.exceeded","timestamp":"2025-12-02T17:11:26.057Z","outcome":"failure","metadata":{"key":"signin:ip:4.0.202.188","limit":10,"windowMs":60000,"count":10,"resetAt":"2025-12-02T17:12:26.057Z"}}
{"eventId":"36cae656-0859-4365-a2d5-ac980a276ffe","eventType":"auth.rate_limit.exceeded","timestamp":"2025-12-02T17:11:26.057Z","outcome":"failure","metadata":{"key":"signin:ip:0.99.208.5","limit":10,"windowMs":60000,"count":10,"resetAt":"2025-12-02T17:12:26.057Z"}}
{"eventId":"d76b1658-5f1c-4d2c-b346-680b8b1aea4c","eventType":"auth.rate_limit.exceeded","timestamp":"2025-12-02T17:11:26.057Z","outcome":"failure","metadata":{"key":"signin:ip:7.253.51.93","limit":10,"windowMs":60000,"count":10,"resetAt":"2025-12-02T17:12:26.057Z"}}
{"eventId":"f7da1f50-9473-4d1b-9d1e-bcda7d1ca548","eventType":"auth.rate_limit.exceeded","timestamp":"2025-12-02T17:11:26.057Z","outcome":"failure","metadata":{"key":"signin:ip:234.253.58.1","limit":10,"windowMs":60000,"count":10,"resetAt":"2025-12-02T17:12:26.057Z"}}
{"eventId":"a1f04c23-9c22-4dc0-ab9f-b512d443e7e8","eventType":"auth.rate_limit.exceeded","timestamp":"2025-12-02T17:11:26.057Z","outcome":"failure","metadata":{"key":"signin:ip:213.76.4.36","limit":10,"windowMs":60000,"count":10,"resetAt":"2025-12-02T17:12:26.057Z"}}
{"eventId":"fec7b9fa-e609-4694-ae15-6741f8178aca","eventType":"auth.rate_limit.exceeded","timestamp":"2025-12-02T17:11:26.057Z","outcome":"failure","metadata":{"key":"signin:ip:144.6.3.220","limit":10,"windowMs":60000,"count":10,"resetAt":"2025-12-02T17:12:26.057Z"}}
{"eventId":"f810e80f-f92f-4046-a14e-0a8d99587c7f","eventType":"auth.rate_limit.exceeded","timestamp":"2025-12-02T17:11:26.058Z","outcome":"failure","metadata":{"key":"signin:ip:0.1.115.171","limit":10,"windowMs":60000,"count":10,"resetAt":"2025-12-02T17:12:26.057Z"}}
{"eventId":"b9f72644-666b-4ac9-9633-9eec87846e49","eventType":"auth.rate_limit.exceeded","timestamp":"2025-12-02T17:11:26.058Z","outcome":"failure","metadata":{"key":"signin:ip:86.28.86.76","limit":10,"windowMs":60000,"count":10,"resetAt":"2025-12-02T17:12:26.058Z"}}
{"eventId":"d1fe07bf-c601-4932-9adc-0356538d1a7e","eventType":"auth.rate_limit.exceeded","timestamp":"2025-12-02T17:11:26.058Z","outcome":"failure","metadata":{"key":"signin:ip:106.213.1.47","limit":10,"windowMs":60000,"count":10,"resetAt":"2025-12-02T17:12:26.058Z"}}
{"eventId":"3f6898b2-939b-4edf-b71e-e76a62d4653c","eventType":"auth.rate_limit.exceeded","timestamp":"2025-12-02T17:11:26.058Z","outcome":"failure","metadata":{"key":"signin:ip:246.7.23.60","limit":10,"windowMs":60000,"count":10,"resetAt":"2025-12-02T17:12:26.058Z"}}
{"eventId":"8677cc83-c47c-480a-9ddd-67541c5002aa","eventType":"auth.rate_limit.exceeded","timestamp":"2025-12-02T17:11:26.058Z","outcome":"failure","metadata":{"key":"signin:ip:80.194.3.3","limit":10,"windowMs":60000,"count":10,"resetAt":"2025-12-02T17:12:26.058Z"}}
{"eventId":"2aab6d61-805f-4ad8-9bc7-4c6d2b1ad6b4","eventType":"auth.rate_limit.exceeded","timestamp":"2025-12-02T17:11:26.058Z","outcome":"failure","metadata":{"key":"signin:ip:1.160.207.177","limit":10,"windowMs":60000,"count":10,"resetAt":"2025-12-02T17:12:26.058Z"}}
{"eventId":"877bce2c-29e4-4793-9ffb-7303b6a715f4","eventType":"auth.rate_limit.exceeded","timestamp":"2025-12-02T17:11:26.058Z","outcome":"failure","metadata":{"key":"signin:ip:253.46.255.1","limit":10,"windowMs":60000,"count":10,"resetAt":"2025-12-02T17:12:26.058Z"}}
{"eventId":"03d8fd31-822a-441f-b71f-c0b6831cfa0a","eventType":"auth.rate_limit.exceeded","timestamp":"2025-12-02T17:11:26.058Z","outcome":"failure","metadata":{"key":"signin:ip:253.1.93.123","limit":10,"windowMs":60000,"count":10,"resetAt":"2025-12-02T17:12:26.058Z"}}
{"eventId":"6cb9c2f3-8d54-4aaf-9952-091a032290ea","eventType":"auth.rate_limit.exceeded","timestamp":"2025-12-02T17:11:26.058Z","outcome":"failure","metadata":{"key":"signin:ip:255.135.109.66","limit":10,"windowMs":60000,"count":10,"resetAt":"2025-12-02T17:12:26.058Z"}}
{"eventId":"fb708ee0-5f8b-4a10-8d13-1dc22ab78f0e","eventType":"auth.rate_limit.exceeded","timestamp":"2025-12-02T17:11:26.059Z","outcome":"failure","metadata":{"key":"signin:ip:4.11.7.7","limit":10,"windowMs":60000,"count":10,"resetAt":"2025-12-02T17:12:26.058Z"}}
{"eventId":"4c74f06c-bac4-43a4-9f59-73e08f03f6b4","eventType":"auth.rate_limit.exceeded","timestamp":"2025-12-02T17:11:26.059Z","outcome":"failure","metadata":{"key":"signin:ip:207.21.15.4","limit":10,"windowMs":60000,"count":10,"resetAt":"2025-12-02T17:12:26.059Z"}}
{"eventId":"1c299328-bb41-4c08-be93-37d45a063dc2","eventType":"auth.rate_limit.exceeded","timestamp":"2025-12-02T17:11:26.059Z","outcome":"failure","metadata":{"key":"signin:ip:229.106.3.2","limit":10,"windowMs":60000,"count":10,"resetAt":"2025-12-02T17:12:26.059Z"}}
{"eventId":"377baec8-78c5-42a7-b8b8-9944b7692b7c","eventType":"auth.rate_limit.exceeded","timestamp":"2025-12-02T17:11:26.059Z","outcome":"failure","metadata":{"key":"signin:ip:4.64.188.1","limit":10,"windowMs":60000,"count":10,"resetAt":"2025-12-02T17:12:26.059Z"}}
{"eventId":"940821a2-7ae0-47f5-997c-a06134000acf","eventType":"auth.rate_limit.exceeded","timestamp":"2025-12-02T17:11:26.059Z","outcome":"failure","metadata":{"key":"signin:ip:88.185.90.2","limit":10,"windowMs":60000,"count":10,"resetAt":"2025-12-02T17:12:26.059Z"}}
{"eventId":"9f7eda5c-0768-4d2b-8491-03148a2f0ed2","eventType":"auth.rate_limit.exceeded","timestamp":"2025-12-02T17:11:26.059Z","outcome":"failure","metadata":{"key":"signin:ip:251.129.225.142","limit":10,"windowMs":60000,"count":10,"resetAt":"2025-12-02T17:12:26.059Z"}}
{"eventId":"2d85cf12-e9c2-43df-9ccd-004368c215b7","eventType":"auth.rate_limit.exceeded","timestamp":"2025-12-02T17:11:26.059Z","outcome":"failure","metadata":{"key":"signin:ip:83.249.249.58","limit":10,"windowMs":60000,"count":10,"resetAt":"2025-12-02T17:12:26.059Z"}}
{"eventId":"9a5655e1-2bba-43b3-bdff-f614f808a144","eventType":"auth.rate_limit.exceeded","timestamp":"2025-12-02T17:11:26.059Z","outcome":"failure","metadata":{"key":"signin:ip:5.225.91.95","limit":10,"windowMs":60000,"count":10,"resetAt":"2025-12-02T17:12:26.059Z"}}
{"eventId":"7269bf61-58d0-4b6d-a3d4-ced672651319","eventType":"auth.rate_limit.exceeded","timestamp":"2025-12-02T17:11:26.059Z","outcome":"failure","metadata":{"key":"signin:ip:129.5.152.7","limit":10,"windowMs":60000,"count":10,"resetAt":"2025-12-02T17:12:26.059Z"}}
{"eventId":"ec191d6e-d10a-4a5d-bc14-be27aaadd663","eventType":"auth.rate_limit.exceeded","timestamp":"2025-12-02T17:11:26.060Z","outcome":"failure","metadata":{"key":"signin:ip:1.234.6.71","limit":10,"windowMs":60000,"count":10,"resetAt":"2025-12-02T17:12:26.059Z"}}
{"eventId":"3f92f719-5d08-4c06-89d2-e72871b046d7","eventType":"auth.rate_limit.exceeded","timestamp":"2025-12-02T17:11:26.060Z","outcome":"failure","metadata":{"key":"signin:ip:254.6.215.123","limit":10,"windowMs":60000,"count":10,"resetAt":"2025-12-02T17:12:26.060Z"}}
{"eventId":"31edd055-0d6b-4cf2-960f-f08f1b81c527","eventType":"auth.rate_limit.exceeded","timestamp":"2025-12-02T17:11:26.063Z","outcome":"failure","metadata":{"key":"signin:ip:175.92.169.64","limit":10,"windowMs":60000,"count":10,"resetAt":"2025-12-02T17:12:26.060Z"}}
{"eventId":"d24ebb32-e3a1-4b50-9445-fb28a6d3a500","eventType":"auth.rate_limit.exceeded","timestamp":"2025-12-02T17:11:26.070Z","outcome":"failure","metadata":{"key":"signin:ip:99.168.83.2","limit":10,"windowMs":60000,"count":10,"resetAt":"2025-12-02T17:12:26.070Z"}}
{"eventId":"98469964-fb9f-44d8-a8f0-5fcb745b67f8","eventType":"auth.rate_limit.exceeded","timestamp":"2025-12-02T17:11:26.070Z","outcome":"failure","metadata":{"key":"signin:ip:3.3.75.140","limit":10,"windowMs":60000,"count":10,"resetAt":"2025-12-02T17:12:26.070Z"}}
{"eventId":"89faca3c-89e2-4262-a08d-729f59c1182b","eventType":"auth.rate_limit.exceeded","timestamp":"2025-12-02T17:11:26.074Z","outcome":"failure","metadata":{"key":"signin:ip:100.27.188.254","limit":10,"windowMs":60000,"count":10,"resetAt":"2025-12-02T17:12:26.071Z"}}
{"eventId":"e5432a57-a269-45b2-92dc-29f17d3bcbfc","eventType":"auth.rate_limit.exceeded","timestamp":"2025-12-02T17:11:26.075Z","outcome":"failure","metadata":{"key":"signin:ip:2.124.159.2","limit":10,"windowMs":60000,"count":10,"resetAt":"2025-12-02T17:12:26.075Z"}}
{"eventId":"b1d33481-50dd-48c3-9f59-5cde6d2d54ee","eventType":"auth.rate_limit.exceeded","timestamp":"2025-12-02T17:11:26.075Z","outcome":"failure","metadata":{"key":"signin:ip:6.6.253.250","limit":10,"windowMs":60000,"count":10,"resetAt":"2025-12-02T17:12:26.075Z"}}
{"eventId":"3a339d72-6882-4818-93d7-7c60e1533389","eventType":"auth.rate_limit.exceeded","timestamp":"2025-12-02T17:11:26.075Z","outcome":"failure","metadata":{"key":"signin:ip:4.7.42.254","limit":10,"windowMs":60000,"count":10,"resetAt":"2025-12-02T17:12:26.075Z"}}
{"eventId":"985aa0e2-1c33-4b96-82ff-9ddb2a7465f9","eventType":"auth.rate_limit.exceeded","timestamp":"2025-12-02T17:11:26.075Z","outcome":"failure","metadata":{"key":"signin:ip:95.13.64.148","limit":10,"windowMs":60000,"count":10,"resetAt":"2025-12-02T17:12:26.075Z"}}
{"eventId":"968acdd0-4a6b-42e7-b3a3-29ded950c0e4","eventType":"auth.rate_limit.exceeded","timestamp":"2025-12-02T17:11:26.075Z","outcome":"failure","metadata":{"key":"signin:ip:22.2.130.78","limit":10,"windowMs":60000,"count":10,"resetAt":"2025-12-02T17:12:26.075Z"}}
{"eventId":"fe787fef-a237-440f-80b7-606b4a273571","eventType":"auth.rate_limit.exceeded","timestamp":"2025-12-02T17:11:26.075Z","outcome":"failure","metadata":{"key":"signin:ip:5.121.248.237","limit":10,"windowMs":60000,"count":10,"resetAt":"2025-12-02T17:12:26.075Z"}}
{"eventId":"efb0a83b-3343-4e69-b18b-0b971bab736f","eventType":"auth.rate_limit.exceeded","timestamp":"2025-12-02T17:11:26.075Z","outcome":"failure","metadata":{"key":"signin:ip:228.7.2.8","limit":10,"windowMs":60000,"count":10,"resetAt":"2025-12-02T17:12:26.075Z"}}
{"eventId":"4aef13ee-afe9-4285-9d05-14f1c7f933c3","eventType":"auth.rate_limit.exceeded","timestamp":"2025-12-02T17:11:26.075Z","outcome":"failure","metadata":{"key":"signin:ip:215.91.6.113","limit":10,"windowMs":60000,"count":10,"resetAt":"2025-12-02T17:12:26.075Z"}}
{"eventId":"111678e6-70b8-4046-9995-e498c36cab71","eventType":"auth.rate_limit.exceeded","timestamp":"2025-12-02T17:11:26.079Z","outcome":"failure","metadata":{"key":"signin:ip:53.55.223.38","limit":10,"windowMs":60000,"count":10,"resetAt":"2025-12-02T17:12:26.075Z"}}
{"eventId":"3b26e5bd-cfdf-4292-9193-bcd625560523","eventType":"auth.rate_limit.exceeded","timestamp":"2025-12-02T17:11:26.079Z","outcome":"failure","metadata":{"key":"signin:ip:1.255.175.206","limit":10,"windowMs":60000,"count":10,"resetAt":"2025-12-02T17:12:26.079Z"}}
{"eventId":"4be99fed-7d00-446d-8a87-2dd6f36f8a83","eventType":"auth.rate_limit.exceeded","timestamp":"2025-12-02T17:11:26.080Z","outcome":"failure","metadata":{"key":"signin:ip:157.7.7.125","limit":10,"windowMs":60000,"count":10,"resetAt":"2025-12-02T17:12:26.079Z"}}
{"eventId":"0064f199-96c8-4110-b354-441afb9560e6","eventType":"auth.rate_limit.exceeded","timestamp":"2025-12-02T17:11:26.080Z","outcome":"failure","metadata":{"key":"signin:ip:254.1.249.5","limit":10,"windowMs":60000,"count":10,"resetAt":"2025-12-02T17:12:26.080Z"}}
{"eventId":"e2f4eaa2-89eb-4053-a5aa-7c7deb5d620a","eventType":"auth.rate_limit.exceeded","timestamp":"2025-12-02T17:11:26.080Z","outcome":"failure","metadata":{"key":"signin:ip:5.249.234.201","limit":10,"windowMs":60000,"count":10,"resetAt":"2025-12-02T17:12:26.080Z"}}
{"eventId":"382345fe-5f05-4920-ba9b-12d1860bf643","eventType":"auth.rate_limit.exceeded","timestamp":"2025-12-02T17:11:26.080Z","outcome":"failure","metadata":{"key":"signin:ip:118.55.34.4","limit":10,"windowMs":60000,"count":10,"resetAt":"2025-12-02T17:12:26.080Z"}}
{"eventId":"b09cceb9-6dec-4d0b-8faa-d0bf65df5c25","eventType":"auth.rate_limit.exceeded","timestamp":"2025-12-02T17:11:26.081Z","outcome":"failure","metadata":{"key":"signin:ip:214.31.184.243","limit":10,"windowMs":60000,"count":10,"resetAt":"2025-12-02T17:12:26.080Z"}}
{"eventId":"7fb08d6d-067c-444a-9c7a-2e7ef15cb476","eventType":"auth.rate_limit.exceeded","timestamp":"2025-12-02T17:11:26.081Z","outcome":"failure","metadata":{"key":"signin:ip:252.250.212.140","limit":10,"windowMs":60000,"count":10,"resetAt":"2025-12-02T17:12:26.081Z"}}
{"eventId":"658a37f8-fc60-46db-9cbd-eaaa0efdde57","eventType":"auth.rate_limit.exceeded","timestamp":"2025-12-02T17:11:26.081Z","outcome":"failure","metadata":{"key":"signin:ip:7.247.119.252","limit":10,"windowMs":60000,"count":10,"resetAt":"2025-12-02T17:12:26.081Z"}}
{"eventId":"0e38f748-ae55-4e2e-b017-b16ddda7c357","eventType":"auth.rate_limit.exceeded","timestamp":"2025-12-02T17:11:26.082Z","outcome":"failure","metadata":{"key":"signin:ip:1.224.2.67","limit":10,"windowMs":60000,"count":10,"resetAt":"2025-12-02T17:12:26.081Z"}}
{"eventId":"3dfeddc5-de5a-4a80-9526-65e012107095","eventType":"auth.rate_limit.exceeded","timestamp":"2025-12-02T17:11:26.082Z","outcome":"failure","metadata":{"key":"signin:ip:251.238.248.252","limit":10,"windowMs":60000,"count":10,"resetAt":"2025-12-02T17:12:26.082Z"}}
{"eventId":"89c95568-53e4-4be2-aae7-930d1f416d27","eventType":"auth.rate_limit.exceeded","timestamp":"2025-12-02T17:11:26.082Z","outcome":"failure","metadata":{"key":"signin:ip:116.0.2.2","limit":10,"windowMs":60000,"count":10,"resetAt":"2025-12-02T17:12:26.082Z"}}
{"eventId":"583f3f90-4aa1-4f9a-a1f2-37da708e41e7","eventType":"auth.rate_limit.exceeded","timestamp":"2025-12-02T17:11:26.082Z","outcome":"failure","metadata":{"key":"signin:ip:54.107.32.123","limit":10,"windowMs":60000,"count":10,"resetAt":"2025-12-02T17:12:26.082Z"}}
{"eventId":"6466dff7-9d75-44a4-8420-37493aad9c16","eventType":"auth.rate_limit.exceeded","timestamp":"2025-12-02T17:11:26.082Z","outcome":"failure","metadata":{"key":"signin:ip:2.0.83.168","limit":10,"windowMs":60000,"count":10,"resetAt":"2025-12-02T17:12:26.082Z"}}
{"eventId":"d10a3ec7-39e1-4418-a273-c062f8fd5eb9","eventType":"auth.rate_limit.exceeded","timestamp":"2025-12-02T17:11:26.083Z","outcome":"failure","metadata":{"key":"signin:ip:119.0.200.7","limit":10,"windowMs":60000,"count":10,"resetAt":"2025-12-02T17:12:26.082Z"}}
{"eventId":"20188e8b-e707-4b5d-9edb-4dbb0ae5b75c","eventType":"auth.rate_limit.exceeded","timestamp":"2025-12-02T17:11:26.083Z","outcome":"failure","metadata":{"key":"signin:ip:136.254.201.170","limit":10,"windowMs":60000,"count":10,"resetAt":"2025-12-02T17:12:26.083Z"}}
{"eventId":"120159fa-6ff9-4874-ac7f-988488ed121e","eventType":"auth.rate_limit.exceeded","timestamp":"2025-12-02T17:11:26.083Z","outcome":"failure","metadata":{"key":"signin:ip:3.7.249.95","limit":10,"windowMs":60000,"count":10,"resetAt":"2025-12-02T17:12:26.083Z"}}
{"eventId":"64ac52aa-e7bb-4bd5-9e40-450eab7f149a","eventType":"auth.rate_limit.exceeded","timestamp":"2025-12-02T17:11:26.083Z","outcome":"failure","metadata":{"key":"signin:ip:1.252.241.35","limit":10,"windowMs":60000,"count":10,"resetAt":"2025-12-02T17:12:26.083Z"}}
{"eventId":"5767b0aa-e33d-45f5-92d0-c25fe5b0aea4","eventType":"auth.rate_limit.exceeded","timestamp":"2025-12-02T17:11:26.083Z","outcome":"failure","metadata":{"key":"signin:ip:77.252.141.2","limit":10,"windowMs":60000,"count":10,"resetAt":"2025-12-02T17:12:26.083Z"}}
{"eventId":"72a41748-289c-4887-8ad5-2aba31dce18a","eventType":"auth.rate_limit.exceeded","timestamp":"2025-12-02T17:11:26.084Z","outcome":"failure","metadata":{"key":"signin:ip:6.5.124.231","limit":10,"windowMs":60000,"count":10,"resetAt":"2025-12-02T17:12:26.084Z"}}
{"eventId":"1a052826-54b3-4bc0-82be-fd466f2912fc","eventType":"auth.rate_limit.exceeded","timestamp":"2025-12-02T17:11:26.084Z","outcome":"failure","metadata":{"key":"signin:ip:71.7.54.180","limit":10,"windowMs":60000,"count":10,"resetAt":"2025-12-02T17:12:26.084Z"}}
{"eventId":"d8b1257f-cf4a-4884-8ea6-e55f1f72dbbb","eventType":"auth.rate_limit.exceeded","timestamp":"2025-12-02T17:11:26.084Z","outcome":"failure","metadata":{"key":"signin:ip:77.4.223.71","limit":10,"windowMs":60000,"count":10,"resetAt":"2025-12-02T17:12:26.084Z"}}
{"eventId":"6e238ee9-5b24-4261-8921-1eab9ad179d4","eventType":"auth.rate_limit.exceeded","timestamp":"2025-12-02T17:11:26.085Z","outcome":"failure","metadata":{"key":"signin:ip:216.56.205.7","limit":10,"windowMs":60000,"count":10,"resetAt":"2025-12-02T17:12:26.084Z"}}
{"eventId":"165adf28-35af-46eb-8174-b056afd95c60","eventType":"auth.rate_limit.exceeded","timestamp":"2025-12-02T17:11:26.085Z","outcome":"failure","metadata":{"key":"signin:ip:41.49.130.219","limit":10,"windowMs":60000,"count":10,"resetAt":"2025-12-02T17:12:26.085Z"}}
{"eventId":"890569a1-d3d4-42fc-aabf-ab408c2c039d","eventType":"auth.rate_limit.exceeded","timestamp":"2025-12-02T17:11:26.085Z","outcome":"failure","metadata":{"key":"signin:ip:6.252.165.113","limit":10,"windowMs":60000,"count":10,"resetAt":"2025-12-02T17:12:26.085Z"}}
{"eventId":"c9b6d7d9-413a-495a-bd79-d3f5430a09df","eventType":"auth.rate_limit.exceeded","timestamp":"2025-12-02T17:11:26.085Z","outcome":"failure","metadata":{"key":"signin:ip:89.7.124.117","limit":10,"windowMs":60000,"count":10,"resetAt":"2025-12-02T17:12:26.085Z"}}
{"eventId":"06d1c853-5043-4dac-8bf9-67cb59415a63","eventType":"auth.rate_limit.exceeded","timestamp":"2025-12-02T17:11:26.085Z","outcome":"failure","metadata":{"key":"signin:ip:18.93.167.151","limit":10,"windowMs":60000,"count":10,"resetAt":"2025-12-02T17:12:26.085Z"}}
{"eventId":"0c405096-f8df-41bb-8a8b-58039af5cb33","eventType":"auth.rate_limit.exceeded","timestamp":"2025-12-02T17:11:26.085Z","outcome":"failure","metadata":{"key":"signin:ip:0.140.82.105","limit":10,"windowMs":60000,"count":10,"resetAt":"2025-12-02T17:12:26.085Z"}}
{"eventId":"89f3fea9-6453-4f88-83eb-0c9f3f1fa065","eventType":"auth.rate_limit.exceeded","timestamp":"2025-12-02T17:11:26.085Z","outcome":"failure","metadata":{"key":"signin:ip:129.248.234.62","limit":10,"windowMs":60000,"count":10,"resetAt":"2025-12-02T17:12:26.085Z"}}
{"eventId":"2470c4b2-6567-44c1-932e-e538e5f2d528","eventType":"auth.rate_limit.exceeded","timestamp":"2025-12-02T17:11:26.087Z","outcome":"failure","metadata":{"key":"signin:ip:167.231.251.0","limit":10,"windowMs":60000,"count":10,"resetAt":"2025-12-02T17:12:26.087Z"}}
{"eventId":"b285b6ee-a6b0-4dc8-b54e-38d82ef6c922","eventType":"auth.rate_limit.exceeded","timestamp":"2025-12-02T17:11:26.088Z","outcome":"failure","metadata":{"key":"signin:ip:249.100.96.182","limit":10,"windowMs":60000,"count":10,"resetAt":"2025-12-02T17:12:26.087Z"}}
{"eventId":"5952db73-2686-4f31-b2ea-049a5f796726","eventType":"auth.rate_limit.exceeded","timestamp":"2025-12-02T17:11:26.088Z","outcome":"failure","metadata":{"key":"signin:ip:255.7.12.186","limit":10,"windowMs":60000,"count":10,"resetAt":"2025-12-02T17:12:26.088Z"}}
{"eventId":"24a1efe5-b898-409e-a1fc-6676309e8c2d","eventType":"auth.rate_limit.exceeded","timestamp":"2025-12-02T17:11:26.088Z","outcome":"failure","metadata":{"key":"signin:ip:215.153.148.186","limit":10,"windowMs":60000,"count":10,"resetAt":"2025-12-02T17:12:26.088Z"}}

stdout | src/server/auth/__tests__/rbac.test.ts > RBAC - Property-Based Tests > Property 18: Verified users receive default roles
[2025-12-02T17:11:26.418Z] [App] [INFO] rbac.assign_role.success {
  userId: '48b6c5f8-7efc-445f-b585-7643b23567c5',
  role: 'TEAM_MEMBER',
  resourceType: 'team',
  resourceId: '85577fb4-9567-45fa-84ed-9d4893bae7f9',
  roleId: '51645aa4-d459-4b32-8618-a0200cd62c89'
}

stderr | src/server/auth/__tests__/rate-limiter.test.ts > Rate Limiter - Property-Based Tests > Property 34: Email-based rate limiting enforces limits
{"eventId":"ff54a1de-d7fb-44dd-a271-a4923e5bb512","eventType":"auth.rate_limit.exceeded","timestamp":"2025-12-02T17:11:26.167Z","outcome":"failure","metadata":{"key":"signin:email:fnv`c2c12s18.8rzo`@c38.ng.vm","limit":10,"windowMs":900000,"count":10,"resetAt":"2025-12-02T17:26:26.167Z"}}
{"eventId":"36279980-0bd3-4683-b32e-3027216e3ac9","eventType":"auth.rate_limit.exceeded","timestamp":"2025-12-02T17:11:26.167Z","outcome":"failure","metadata":{"key":"signin:email:bb@rylss.z-ei.ku","limit":10,"windowMs":900000,"count":10,"resetAt":"2025-12-02T17:26:26.167Z"}}
{"eventId":"26eb38a4-3b05-4183-97b0-9f9d9fc31cf5","eventType":"auth.rate_limit.exceeded","timestamp":"2025-12-02T17:11:26.167Z","outcome":"failure","metadata":{"key":"signin:email:#kldb.|{9_.z4e5nv2'*{0p.12l_#4lyurn6.-yg@u-0p6lgg4e.ake","limit":10,"windowMs":900000,"count":10,"resetAt":"2025-12-02T17:26:26.167Z"}}
{"eventId":"72c7cb3c-d6a4-4db6-9bab-054c87b118d5","eventType":"auth.rate_limit.exceeded","timestamp":"2025-12-02T17:11:26.168Z","outcome":"failure","metadata":{"key":"signin:email:&b|.4*iy.k^lhc8eq0f.0.y=0.7+*=q_.+i&f*.l4{f/}`|.y!8g+q-xg^*a@e4.de","limit":10,"windowMs":900000,"count":10,"resetAt":"2025-12-02T17:26:26.168Z"}}
{"eventId":"7a81d03c-92f7-430a-a8dc-6459c2ba31a5","eventType":"auth.rate_limit.exceeded","timestamp":"2025-12-02T17:11:26.168Z","outcome":"failure","metadata":{"key":"signin:email:at.sa3rh*.=7q}.|l.r1x~@9vskvz.ow","limit":10,"windowMs":900000,"count":10,"resetAt":"2025-12-02T17:26:26.168Z"}}
{"eventId":"15f8cc9c-cf6e-45a1-9fd3-bef35ed6c82c","eventType":"auth.rate_limit.exceeded","timestamp":"2025-12-02T17:11:26.168Z","outcome":"failure","metadata":{"key":"signin:email:c.j!.f_7n@zeo8kodfp.ye","limit":10,"windowMs":900000,"count":10,"resetAt":"2025-12-02T17:26:26.168Z"}}
{"eventId":"e850aa95-d456-42b3-a3a7-ed83bd09544f","eventType":"auth.rate_limit.exceeded","timestamp":"2025-12-02T17:11:26.168Z","outcome":"failure","metadata":{"key":"signin:email:'q0=}p8?.=82=3$d9c?k3@r5j0tnvwtp5.ca","limit":10,"windowMs":900000,"count":10,"resetAt":"2025-12-02T17:26:26.168Z"}}
{"eventId":"632fc853-9efe-4f1b-9eb1-485ff696d8d6","eventType":"auth.rate_limit.exceeded","timestamp":"2025-12-02T17:11:26.168Z","outcome":"failure","metadata":{"key":"signin:email:i.c?e3y{q.xhg&q.pd{.$6b*d/.+l70@e8ag56gw.qv.eb","limit":10,"windowMs":900000,"count":10,"resetAt":"2025-12-02T17:26:26.168Z"}}
{"eventId":"5c708b37-3e99-42cb-89fd-db6d4c9ba2ed","eventType":"auth.rate_limit.exceeded","timestamp":"2025-12-02T17:11:26.168Z","outcome":"failure","metadata":{"key":"signin:email:dblve#@981-a6dr0.fx","limit":10,"windowMs":900000,"count":10,"resetAt":"2025-12-02T17:26:26.168Z"}}
{"eventId":"b63221bd-e4a8-4390-8edb-b7532b17767a","eventType":"auth.rate_limit.exceeded","timestamp":"2025-12-02T17:11:26.168Z","outcome":"failure","metadata":{"key":"signin:email:js-12s.5k-dukf{@o8dr4h.qvznp3hbo3r6.bhc","limit":10,"windowMs":900000,"count":10,"resetAt":"2025-12-02T17:26:26.168Z"}}
{"eventId":"968da08d-fd82-4391-bdac-3756286040ad","eventType":"auth.rate_limit.exceeded","timestamp":"2025-12-02T17:11:26.169Z","outcome":"failure","metadata":{"key":"signin:email:8ae`g%-l{`}p.x.5.?y6&@imif2.shf","limit":10,"windowMs":900000,"count":10,"resetAt":"2025-12-02T17:26:26.169Z"}}
{"eventId":"5e22872f-5ba5-4d69-98ff-24d86c2a4092","eventType":"auth.rate_limit.exceeded","timestamp":"2025-12-02T17:11:26.169Z","outcome":"failure","metadata":{"key":"signin:email:j{al&.c3o_y/+qca^q.=.u|=.gxajr?4.z~=rpx2.~wu&{0?!-m{.b8?`nh-z7e#@lt7hx.x7kdz1cvw.zde","limit":10,"windowMs":900000,"count":10,"resetAt":"2025-12-02T17:26:26.169Z"}}
{"eventId":"188772a0-722d-415a-ad7a-afc33f5dc959","eventType":"auth.rate_limit.exceeded","timestamp":"2025-12-02T17:11:26.169Z","outcome":"failure","metadata":{"key":"signin:email:?^s'bab61|/.h4!y'yi1=_q6.q$8rdit3/r.m0e.`./{*=&.*o$4cf#w4-@cja49lqh.oe","limit":10,"windowMs":900000,"count":10,"resetAt":"2025-12-02T17:26:26.169Z"}}
{"eventId":"6cc3b2f9-da6f-4673-8997-ff4d00d636d0","eventType":"auth.rate_limit.exceeded","timestamp":"2025-12-02T17:11:26.169Z","outcome":"failure","metadata":{"key":"signin:email:f37l5g.f8*pyd}=l316.3j4|b1z.#!mc?60u_fm-.&+'87/.p&3.h?fy658.*b+q@5t5xc.jpwa.qdw","limit":10,"windowMs":900000,"count":10,"resetAt":"2025-12-02T17:26:26.169Z"}}
{"eventId":"8bf43e78-1b95-40d3-8a74-1edda5c4e81e","eventType":"auth.rate_limit.exceeded","timestamp":"2025-12-02T17:11:26.169Z","outcome":"failure","metadata":{"key":"signin:email:-=2'=y%3bt$*.#8/i@c.xy","limit":10,"windowMs":900000,"count":10,"resetAt":"2025-12-02T17:26:26.169Z"}}
{"eventId":"d3feac84-82d7-450f-808b-c085b44bad2f","eventType":"auth.rate_limit.exceeded","timestamp":"2025-12-02T17:11:26.169Z","outcome":"failure","metadata":{"key":"signin:email:-#lzl~9?&o.=.xhu3ln%g.69%'6101y=t@8ofbjrqsb.nz","limit":10,"windowMs":900000,"count":10,"resetAt":"2025-12-02T17:26:26.169Z"}}
{"eventId":"5bceddfb-486c-40ae-a6e7-125cb00a5f79","eventType":"auth.rate_limit.exceeded","timestamp":"2025-12-02T17:11:26.169Z","outcome":"failure","metadata":{"key":"signin:email:a{}*}_+88du.3b%_.c!|5?3.`-u`%k5.-ji.~`m+.x*1s%cki7tu.d1&h&t@4pto9g2v-v8.jx","limit":10,"windowMs":900000,"count":10,"resetAt":"2025-12-02T17:26:26.169Z"}}
{"eventId":"adaca816-cac5-4375-99a7-b068981f9305","eventType":"auth.rate_limit.exceeded","timestamp":"2025-12-02T17:11:26.170Z","outcome":"failure","metadata":{"key":"signin:email:gvn'f|.{tr`c$jn~f.d5-y?#q~.'09~rmz!'tu4@z.s4x-yd8.dg","limit":10,"windowMs":900000,"count":10,"resetAt":"2025-12-02T17:26:26.170Z"}}
{"eventId":"0a1202de-2998-4227-9c80-c2cee14c6192","eventType":"auth.rate_limit.exceeded","timestamp":"2025-12-02T17:11:26.170Z","outcome":"failure","metadata":{"key":"signin:email:'-n}3y6ot.v._3./-p.'-.s@9.hvvvybot7m.fc","limit":10,"windowMs":900000,"count":10,"resetAt":"2025-12-02T17:26:26.170Z"}}
{"eventId":"5694c477-caf8-463e-9a7e-5c2aa04ca26b","eventType":"auth.rate_limit.exceeded","timestamp":"2025-12-02T17:11:26.170Z","outcome":"failure","metadata":{"key":"signin:email:mhb~j0x'v*g.-srx{.e}t7-xem^/@v.2trg.ibe","limit":10,"windowMs":900000,"count":10,"resetAt":"2025-12-02T17:26:26.170Z"}}
{"eventId":"c77d2906-4a19-4621-8f0f-facda5103820","eventType":"auth.rate_limit.exceeded","timestamp":"2025-12-02T17:11:26.170Z","outcome":"failure","metadata":{"key":"signin:email:$lfj{a~9{.2wk%l`?!$9fi.vnu'1{04`-ca.l`3o_gv~*6_@xgec4jb9.ec","limit":10,"windowMs":900000,"count":10,"resetAt":"2025-12-02T17:26:26.170Z"}}
{"eventId":"6d5765c0-6daf-4e3b-a287-c06b56cd664e","eventType":"auth.rate_limit.exceeded","timestamp":"2025-12-02T17:11:26.170Z","outcome":"failure","metadata":{"key":"signin:email:yh.!z@tsolqage.mck","limit":10,"windowMs":900000,"count":10,"resetAt":"2025-12-02T17:26:26.170Z"}}
{"eventId":"3645bc57-32d7-4ff6-9613-6f71c5f937e9","eventType":"auth.rate_limit.exceeded","timestamp":"2025-12-02T17:11:26.170Z","outcome":"failure","metadata":{"key":"signin:email:-r{xi+kx.~@00.jsp","limit":10,"windowMs":900000,"count":10,"resetAt":"2025-12-02T17:26:26.170Z"}}
{"eventId":"c990ddf2-8925-4d42-a85c-ee77eee7d7b1","eventType":"auth.rate_limit.exceeded","timestamp":"2025-12-02T17:11:26.170Z","outcome":"failure","metadata":{"key":"signin:email:9om%29.536{b*%.|20!7-gj}a71@3a83lfsufmb.w4.wxk","limit":10,"windowMs":900000,"count":10,"resetAt":"2025-12-02T17:26:26.170Z"}}
{"eventId":"78742cd0-c3b7-4581-9d93-80285e672835","eventType":"auth.rate_limit.exceeded","timestamp":"2025-12-02T17:11:26.170Z","outcome":"failure","metadata":{"key":"signin:email:2iq_.7g77*2.9~31n7n|^h.~@4ap5.nbj","limit":10,"windowMs":900000,"count":10,"resetAt":"2025-12-02T17:26:26.170Z"}}
{"eventId":"b2aa8ca4-7a4b-40c0-a198-37808fa5eb1a","eventType":"auth.rate_limit.exceeded","timestamp":"2025-12-02T17:11:26.170Z","outcome":"failure","metadata":{"key":"signin:email:ur'a--.f{d*&+q-0l.%6}&+pg?.g63d!nb.fxb.ti|d213f6|&.15@re5-lbvw7jm.fnamereflena.db","limit":10,"windowMs":900000,"count":10,"resetAt":"2025-12-02T17:26:26.170Z"}}
{"eventId":"241d0c64-fcb3-44d2-82db-02521505fb35","eventType":"auth.rate_limit.exceeded","timestamp":"2025-12-02T17:11:26.171Z","outcome":"failure","metadata":{"key":"signin:email:bkn%i.oql?0c!xy8.y|&^k&aa.cs#7$.f*'3.v&t@p2.0bt46se-s9u.dhr","limit":10,"windowMs":900000,"count":10,"resetAt":"2025-12-02T17:26:26.170Z"}}
{"eventId":"744e416c-3f33-4bdd-82c9-9dbb594048ff","eventType":"auth.rate_limit.exceeded","timestamp":"2025-12-02T17:11:26.171Z","outcome":"failure","metadata":{"key":"signin:email:l.f'.wghh-pxofqg.length?ngle.9e$'|3|=0.9.0d*@g01.hw","limit":10,"windowMs":900000,"count":10,"resetAt":"2025-12-02T17:26:26.171Z"}}
{"eventId":"c28aeedf-0d59-486b-813e-dda8955b5cd2","eventType":"auth.rate_limit.exceeded","timestamp":"2025-12-02T17:11:26.171Z","outcome":"failure","metadata":{"key":"signin:email:jam}y.gpk'~d/~`{.19-my9?_g*.^+9*2u|b`^r^.tdx#~g*.i%{@c.m.hw","limit":10,"windowMs":900000,"count":10,"resetAt":"2025-12-02T17:26:26.171Z"}}
{"eventId":"8990de70-c24f-47cd-966b-2d6633faa91b","eventType":"auth.rate_limit.exceeded","timestamp":"2025-12-02T17:11:26.171Z","outcome":"failure","metadata":{"key":"signin:email:_9/08.lzt+7}04b*u.z~.7h!.zbe~4}&~.*0@614yu.8i7ijm9.zbw","limit":10,"windowMs":900000,"count":10,"resetAt":"2025-12-02T17:26:26.171Z"}}
{"eventId":"b98f3664-2355-48c4-977e-25bed5e10398","eventType":"auth.rate_limit.exceeded","timestamp":"2025-12-02T17:11:26.171Z","outcome":"failure","metadata":{"key":"signin:email:6/yjc^176/._m5as/5.^8p-n2+k1/q%.6.}0e'rt4cqwa./#_?y#}.0.qh9|#@937w58bs.qi70i.dxz","limit":10,"windowMs":900000,"count":10,"resetAt":"2025-12-02T17:26:26.171Z"}}
{"eventId":"a6e0df62-a014-4419-a115-c3d5883153a0","eventType":"auth.rate_limit.exceeded","timestamp":"2025-12-02T17:11:26.171Z","outcome":"failure","metadata":{"key":"signin:email:*pr.ljh.-&qgq|{d!@v3s-ptdga.yjat5212a.bfe","limit":10,"windowMs":900000,"count":10,"resetAt":"2025-12-02T17:26:26.171Z"}}
{"eventId":"38e2c2fd-08bd-4a07-a237-af8871028115","eventType":"auth.rate_limit.exceeded","timestamp":"2025-12-02T17:11:26.171Z","outcome":"failure","metadata":{"key":"signin:email:za0s+=67-z.q%p4.0hg.*468ykzv.{.&6~yse^-|.db.x^z`'!v.!.~~-#c+zn#t@g.151w6bx7wj3.gt","limit":10,"windowMs":900000,"count":10,"resetAt":"2025-12-02T17:26:26.171Z"}}
{"eventId":"95302a86-cd43-464d-b1f3-57ff4732a7b5","eventType":"auth.rate_limit.exceeded","timestamp":"2025-12-02T17:11:26.171Z","outcome":"failure","metadata":{"key":"signin:email:~w^^.q*27.9^.q$|/8jo/3?6.j.$1i+a.'q|6_*.-rclu6#.r~v&?msu7.`&.r^@9e.whp","limit":10,"windowMs":900000,"count":10,"resetAt":"2025-12-02T17:26:26.171Z"}}
{"eventId":"834e5d35-1724-4073-8192-60642afe7363","eventType":"auth.rate_limit.exceeded","timestamp":"2025-12-02T17:11:26.171Z","outcome":"failure","metadata":{"key":"signin:email:#0y/``_xte.ov%.p+*-+8mn9.qi#ewr%-5.2_+.1861=1_'8ua.wkuiyl_f@xema-gxg.n5hizcur7bs.kgm","limit":10,"windowMs":900000,"count":10,"resetAt":"2025-12-02T17:26:26.171Z"}}
{"eventId":"00c0fa2d-3bb8-45d4-8e59-0d66ea8bad72","eventType":"auth.rate_limit.exceeded","timestamp":"2025-12-02T17:11:26.172Z","outcome":"failure","metadata":{"key":"signin:email:226b#*vt{j.r.`qx.}.d@0bel82o4.3.aa","limit":10,"windowMs":900000,"count":10,"resetAt":"2025-12-02T17:26:26.172Z"}}
{"eventId":"68fa3104-05ba-43e5-8a7e-a61f11cf8b49","eventType":"auth.rate_limit.exceeded","timestamp":"2025-12-02T17:11:26.172Z","outcome":"failure","metadata":{"key":"signin:email:ycg*ts-8i.3qh-woa_#'.c}}&w_?*./dc.c$-^c$xha.%^=h09.f|%c^&${@10fdq29-e4.bgd","limit":10,"windowMs":900000,"count":10,"resetAt":"2025-12-02T17:26:26.172Z"}}
{"eventId":"bcacb071-cb2c-4c24-891c-7f2b1adee0d2","eventType":"auth.rate_limit.exceeded","timestamp":"2025-12-02T17:11:26.172Z","outcome":"failure","metadata":{"key":"signin:email:{wp68!~2qpq.m'59q5's{w.+5^nd7mq%2bs.nv.jeysx|3-g'?%.1lzx^l#@u.4dj3yi3s5494.tsm","limit":10,"windowMs":900000,"count":10,"resetAt":"2025-12-02T17:26:26.172Z"}}
{"eventId":"c1a7155a-b39d-4c15-901d-62b952498355","eventType":"auth.rate_limit.exceeded","timestamp":"2025-12-02T17:11:26.172Z","outcome":"failure","metadata":{"key":"signin:email:~rf&|kvzr*z-.}cm3+$./050?.b74~#9n+%.-%5k=qy!k'h`.n=g{6g/4@r.39l4bkrn0ssb.zpx","limit":10,"windowMs":900000,"count":10,"resetAt":"2025-12-02T17:26:26.172Z"}}
{"eventId":"756ec474-b44f-4e80-969c-f27b51deb790","eventType":"auth.rate_limit.exceeded","timestamp":"2025-12-02T17:11:26.172Z","outcome":"failure","metadata":{"key":"signin:email:0%.9_=q+zd9f+.7l=j~k-.$wx'khg#$o.#z36ui?t}.~f.zqj17g.t2._?`v@3a-67hr-j4.wv","limit":10,"windowMs":900000,"count":10,"resetAt":"2025-12-02T17:26:26.172Z"}}
{"eventId":"908dd76f-660f-46b1-ad80-1ed255cbfcfe","eventType":"auth.rate_limit.exceeded","timestamp":"2025-12-02T17:11:26.172Z","outcome":"failure","metadata":{"key":"signin:email:p/_z@bzwrh89.sfuc8sisha.qx","limit":10,"windowMs":900000,"count":10,"resetAt":"2025-12-02T17:26:26.172Z"}}
{"eventId":"d3734d1b-b8c5-4c18-97d9-a43505455e11","eventType":"auth.rate_limit.exceeded","timestamp":"2025-12-02T17:11:26.172Z","outcome":"failure","metadata":{"key":"signin:email:*f$.t#&s.dvsx.2a93vzz1n|xo.$*&.o|glp~.my|5@hz.bxxis4o.ov","limit":10,"windowMs":900000,"count":10,"resetAt":"2025-12-02T17:26:26.172Z"}}
{"eventId":"244cc57d-9aa8-449a-978d-55e6de4ea7c0","eventType":"auth.rate_limit.exceeded","timestamp":"2025-12-02T17:11:26.172Z","outcome":"failure","metadata":{"key":"signin:email:&7`81a=.}s^fpfkjz.}7&t3fqh.|r.ec'#fimj91q.q96f4ol%$.vjal=me}r~@4udztkpoql.fbh","limit":10,"windowMs":900000,"count":10,"resetAt":"2025-12-02T17:26:26.172Z"}}
{"eventId":"5b14cf46-d497-4ba5-9277-949f94152d9b","eventType":"auth.rate_limit.exceeded","timestamp":"2025-12-02T17:11:26.173Z","outcome":"failure","metadata":{"key":"signin:email:&-sdz!g`a%v.g4}+.{.970h{1s#%z.4^r2!ale`=4.|rt3.%_7l`.*s7ms2co#|@vgqikh3a1.aqw","limit":10,"windowMs":900000,"count":10,"resetAt":"2025-12-02T17:26:26.173Z"}}
{"eventId":"df52fbae-aada-4098-be27-d2b79bc35806","eventType":"auth.rate_limit.exceeded","timestamp":"2025-12-02T17:11:26.173Z","outcome":"failure","metadata":{"key":"signin:email:a=5e#*yl+g/@guvgzj-y.uv.cr","limit":10,"windowMs":900000,"count":10,"resetAt":"2025-12-02T17:26:26.173Z"}}
{"eventId":"6a63cc0b-6a35-4879-bb4b-d9447ab15db1","eventType":"auth.rate_limit.exceeded","timestamp":"2025-12-02T17:11:26.173Z","outcome":"failure","metadata":{"key":"signin:email:jf'}+k.l|.bl#lhr|-w~c.3cn_|p.rhkp@ofz8h5s.xv","limit":10,"windowMs":900000,"count":10,"resetAt":"2025-12-02T17:26:26.173Z"}}
{"eventId":"43828075-8773-42bd-ad41-dc94ae662eb7","eventType":"auth.rate_limit.exceeded","timestamp":"2025-12-02T17:11:26.173Z","outcome":"failure","metadata":{"key":"signin:email:?qlxgd@ymw.nywhob1rdu8g.is","limit":10,"windowMs":900000,"count":10,"resetAt":"2025-12-02T17:26:26.173Z"}}
{"eventId":"7b8abe25-855d-463a-b2fd-f9a41ee4e885","eventType":"auth.rate_limit.exceeded","timestamp":"2025-12-02T17:11:26.173Z","outcome":"failure","metadata":{"key":"signin:email:ce`vrfg.z~r@aj80dyjjx5.i.eca","limit":10,"windowMs":900000,"count":10,"resetAt":"2025-12-02T17:26:26.173Z"}}
{"eventId":"9b641913-3815-4f2f-b1da-116bab6feb7d","eventType":"auth.rate_limit.exceeded","timestamp":"2025-12-02T17:11:26.173Z","outcome":"failure","metadata":{"key":"signin:email:i$em#j._2+.=b'}i&t@f-vu6acj.bqg7eim-ie.xr","limit":10,"windowMs":900000,"count":10,"resetAt":"2025-12-02T17:26:26.173Z"}}
{"eventId":"aaf7e94b-fe6a-4172-b38d-65245edd1e7c","eventType":"auth.rate_limit.exceeded","timestamp":"2025-12-02T17:11:26.173Z","outcome":"failure","metadata":{"key":"signin:email:-q.1+}bw$ij7xl-.g48fk-g17v.e!.=r5^h.qx.e#m|o`r'g.x&oa2uha5%@ssw-qpj3.le8.hp","limit":10,"windowMs":900000,"count":10,"resetAt":"2025-12-02T17:26:26.173Z"}}
{"eventId":"7632282b-6849-4f56-a07a-f5390fbe2cb1","eventType":"auth.rate_limit.exceeded","timestamp":"2025-12-02T17:11:26.173Z","outcome":"failure","metadata":{"key":"signin:email:'9s#p!?!9b.s6h@knky.zz","limit":10,"windowMs":900000,"count":10,"resetAt":"2025-12-02T17:26:26.173Z"}}
{"eventId":"2e69f37a-cc67-4ae1-8293-4dd5466a4555","eventType":"auth.rate_limit.exceeded","timestamp":"2025-12-02T17:11:26.173Z","outcome":"failure","metadata":{"key":"signin:email:m`=l$+.}td{5f?tz2.19o.cx&.'$.u8txmesb{.nd9y={ds.'zcbmoa{o@8u68z3.ba","limit":10,"windowMs":900000,"count":10,"resetAt":"2025-12-02T17:26:26.173Z"}}
{"eventId":"9fa9dd90-416b-4f3d-b325-efa495cd190f","eventType":"auth.rate_limit.exceeded","timestamp":"2025-12-02T17:11:26.173Z","outcome":"failure","metadata":{"key":"signin:email:vduux*l6h.nw}!=m-0bz.$adzhjj.2xd0p+$+b6r`.p0o1=h`l~.`vp6#`?_f6tb@j82inxae.bfhgnmfa.ur","limit":10,"windowMs":900000,"count":10,"resetAt":"2025-12-02T17:26:26.173Z"}}
{"eventId":"cf1afc30-2660-4ede-b7e0-3b67400341b3","eventType":"auth.rate_limit.exceeded","timestamp":"2025-12-02T17:11:26.174Z","outcome":"failure","metadata":{"key":"signin:email:w}w3?.&9!j7.6h=.7`|{m90.w@ncfkf00ie.ugk","limit":10,"windowMs":900000,"count":10,"resetAt":"2025-12-02T17:26:26.174Z"}}
{"eventId":"3163ad14-fdf9-44df-8088-346f0e14b6df","eventType":"auth.rate_limit.exceeded","timestamp":"2025-12-02T17:11:26.174Z","outcome":"failure","metadata":{"key":"signin:email:9.f1{/g%k|./bindcons.pc5`.name?2urakey.kb+.`7'?.c'h.79f.%`dyf@rf.jil","limit":10,"windowMs":900000,"count":10,"resetAt":"2025-12-02T17:26:26.174Z"}}
{"eventId":"bad80671-fb55-49a6-926b-c3f9a464cbd2","eventType":"auth.rate_limit.exceeded","timestamp":"2025-12-02T17:11:26.174Z","outcome":"failure","metadata":{"key":"signin:email:p{+oo=+/w.2/_z=ab+8`j.m+7%e9b$6p.&~q6l.s+x.iw*kzk7j*h6.b9w%v%jrc@k.zj","limit":10,"windowMs":900000,"count":10,"resetAt":"2025-12-02T17:26:26.174Z"}}
{"eventId":"ed0ae3fb-b994-42b4-88c4-d9c0591d905a","eventType":"auth.rate_limit.exceeded","timestamp":"2025-12-02T17:11:26.174Z","outcome":"failure","metadata":{"key":"signin:email:lvvnn.f4.b08}9?nu51m.?f.}9fw.bv/xwjt.rvl@t.isw","limit":10,"windowMs":900000,"count":10,"resetAt":"2025-12-02T17:26:26.174Z"}}
{"eventId":"80938331-6c0c-4563-8269-91a589dd5b34","eventType":"auth.rate_limit.exceeded","timestamp":"2025-12-02T17:11:26.174Z","outcome":"failure","metadata":{"key":"signin:email:!2rotondfh%.z@xt2.f.xpi","limit":10,"windowMs":900000,"count":10,"resetAt":"2025-12-02T17:26:26.174Z"}}
{"eventId":"775abd53-99e6-4cac-8dbe-3a0fd0d70f80","eventType":"auth.rate_limit.exceeded","timestamp":"2025-12-02T17:11:26.174Z","outcome":"failure","metadata":{"key":"signin:email:9`'re5x.7'2l#.yupf9k.`aw0$|cv`@cmaubfi9kf.a.co","limit":10,"windowMs":900000,"count":10,"resetAt":"2025-12-02T17:26:26.174Z"}}
{"eventId":"9a5f67d5-099d-4494-8d24-affeb8a300ee","eventType":"auth.rate_limit.exceeded","timestamp":"2025-12-02T17:11:26.174Z","outcome":"failure","metadata":{"key":"signin:email:t?jh|$`?.f$*$c7s2@zwc3qc3ls17.ae","limit":10,"windowMs":900000,"count":10,"resetAt":"2025-12-02T17:26:26.174Z"}}
{"eventId":"7e7a8197-3af3-41f0-bae6-41f54f56f379","eventType":"auth.rate_limit.exceeded","timestamp":"2025-12-02T17:11:26.174Z","outcome":"failure","metadata":{"key":"signin:email:6.l}|e}'x.vrs1-.^o+-1.*~713x.t.^@b3ejp6.yg.guh","limit":10,"windowMs":900000,"count":10,"resetAt":"2025-12-02T17:26:26.174Z"}}
{"eventId":"56d59abe-9f4f-4d1b-8d95-aed259734777","eventType":"auth.rate_limit.exceeded","timestamp":"2025-12-02T17:11:26.174Z","outcome":"failure","metadata":{"key":"signin:email:t`$.callcotycal.xm}f1u.{z@kxcs.cm","limit":10,"windowMs":900000,"count":10,"resetAt":"2025-12-02T17:26:26.174Z"}}
{"eventId":"e9a2b36c-15f1-44ba-b577-919124f7228c","eventType":"auth.rate_limit.exceeded","timestamp":"2025-12-02T17:11:26.175Z","outcome":"failure","metadata":{"key":"signin:email:f.|^k{.b|a.od8je2i0~~7@736.hwx8d8cvq8ea.bvv","limit":10,"windowMs":900000,"count":10,"resetAt":"2025-12-02T17:26:26.174Z"}}
{"eventId":"0ab79a67-32fa-4f70-876a-1bf47fb43a45","eventType":"auth.rate_limit.exceeded","timestamp":"2025-12-02T17:11:26.175Z","outcome":"failure","metadata":{"key":"signin:email:r_jt.{f+0/.xv.'zj2|6s{m@qy.fq","limit":10,"windowMs":900000,"count":10,"resetAt":"2025-12-02T17:26:26.175Z"}}
{"eventId":"4a0f0b60-8f2e-4fac-bf48-6a9382009057","eventType":"auth.rate_limit.exceeded","timestamp":"2025-12-02T17:11:26.175Z","outcome":"failure","metadata":{"key":"signin:email:k3fne&'i%|.u&{/5eyp+2.a@uf2r.0.gvf","limit":10,"windowMs":900000,"count":10,"resetAt":"2025-12-02T17:26:26.175Z"}}
{"eventId":"ac92fb9a-3dad-4922-a99b-e076c868a1c4","eventType":"auth.rate_limit.exceeded","timestamp":"2025-12-02T17:11:26.175Z","outcome":"failure","metadata":{"key":"signin:email:j.|n-7*h'4!h.z?i!e#75f.z.3cy6~xe2_.?.|&9&do`9.adsp.63#.n69#ikh|@rwtl3ehg.wa","limit":10,"windowMs":900000,"count":10,"resetAt":"2025-12-02T17:26:26.175Z"}}
{"eventId":"985ff02c-1942-436a-874c-047c3a4f0cea","eventType":"auth.rate_limit.exceeded","timestamp":"2025-12-02T17:11:26.175Z","outcome":"failure","metadata":{"key":"signin:email:~t7f'a~}.ent@p.p.zy","limit":10,"windowMs":900000,"count":10,"resetAt":"2025-12-02T17:26:26.175Z"}}
{"eventId":"726ef473-066d-4bfc-bc3e-6fac4c84165e","eventType":"auth.rate_limit.exceeded","timestamp":"2025-12-02T17:11:26.175Z","outcome":"failure","metadata":{"key":"signin:email:kpyi~bo_1.53.09cypa@ua3nfhlawnz.2-olcdkaz6q3.tat","limit":10,"windowMs":900000,"count":10,"resetAt":"2025-12-02T17:26:26.175Z"}}
{"eventId":"09d07e58-f559-438c-946a-c7883ff6f1d2","eventType":"auth.rate_limit.exceeded","timestamp":"2025-12-02T17:11:26.175Z","outcome":"failure","metadata":{"key":"signin:email:yq8g8a.=2c-.{g.=q8.p3io%cv.h6.baall{b.?dz86^!'.t5-sxuqf|q5@qcskkl2hg65s.nm","limit":10,"windowMs":900000,"count":10,"resetAt":"2025-12-02T17:26:26.175Z"}}
{"eventId":"e6ffb6db-828a-46f8-9cdb-585374825050","eventType":"auth.rate_limit.exceeded","timestamp":"2025-12-02T17:11:26.175Z","outcome":"failure","metadata":{"key":"signin:email:bbtgx.p.z_kh{.lr/.e'll$grvc~.0.kb-'aa1egt8x@yv.3isv.xwi","limit":10,"windowMs":900000,"count":10,"resetAt":"2025-12-02T17:26:26.175Z"}}
{"eventId":"e21a0494-c00b-4ba2-89b7-0d836574b7d9","eventType":"auth.rate_limit.exceeded","timestamp":"2025-12-02T17:11:26.175Z","outcome":"failure","metadata":{"key":"signin:email:b45$3i.7e#@0n-r3o44.lo","limit":10,"windowMs":900000,"count":10,"resetAt":"2025-12-02T17:26:26.175Z"}}
{"eventId":"4ef0a7fb-b3f3-45e8-8599-4255a6012739","eventType":"auth.rate_limit.exceeded","timestamp":"2025-12-02T17:11:26.175Z","outcome":"failure","metadata":{"key":"signin:email:'mhx$jkp46.'2bqk6-665.?zr`gaf0.mh{-}7p!w.mr+4s.|.3mwj.%14@05flrd5s.cqe.gu","limit":10,"windowMs":900000,"count":10,"resetAt":"2025-12-02T17:26:26.175Z"}}
{"eventId":"8df762b8-57d0-4333-a8eb-4831155bded0","eventType":"auth.rate_limit.exceeded","timestamp":"2025-12-02T17:11:26.175Z","outcome":"failure","metadata":{"key":"signin:email:~m@xg2b-u603.nyu","limit":10,"windowMs":900000,"count":10,"resetAt":"2025-12-02T17:26:26.175Z"}}
{"eventId":"04096739-8480-4ec6-8cce-91a5a37b51a7","eventType":"auth.rate_limit.exceeded","timestamp":"2025-12-02T17:11:26.176Z","outcome":"failure","metadata":{"key":"signin:email:b9kwo&6-@3mk1jz.bw","limit":10,"windowMs":900000,"count":10,"resetAt":"2025-12-02T17:26:26.175Z"}}
{"eventId":"49c5597f-ecbb-48a2-a954-1badbaa13570","eventType":"auth.rate_limit.exceeded","timestamp":"2025-12-02T17:11:26.176Z","outcome":"failure","metadata":{"key":"signin:email:eg#3cs.80+'=`%?t+.ruc9%&kr.c7#g9%48uz8.9#~=7|#`+.?|125zn55y@hf.ufg","limit":10,"windowMs":900000,"count":10,"resetAt":"2025-12-02T17:26:26.176Z"}}
{"eventId":"1165f831-0097-4aac-97fe-0bea7409764f","eventType":"auth.rate_limit.exceeded","timestamp":"2025-12-02T17:11:26.176Z","outcome":"failure","metadata":{"key":"signin:email:eqk@1q0a0shzw3.57w2.omd","limit":10,"windowMs":900000,"count":10,"resetAt":"2025-12-02T17:26:26.176Z"}}
{"eventId":"d444ba66-81c9-4afb-8b83-202c17e23da2","eventType":"auth.rate_limit.exceeded","timestamp":"2025-12-02T17:11:26.176Z","outcome":"failure","metadata":{"key":"signin:email:~b.t!_wt_z?xn.=@oggkgwtjcz.3.zwd","limit":10,"windowMs":900000,"count":10,"resetAt":"2025-12-02T17:26:26.176Z"}}
{"eventId":"5cc30569-7263-464d-b88a-0d1fd5812d65","eventType":"auth.rate_limit.exceeded","timestamp":"2025-12-02T17:11:26.176Z","outcome":"failure","metadata":{"key":"signin:email:+8at$u=.tfw.p1'5`0~p^3wv.}^b*.n^/ln}.lo~.q#7o_~|m.n~/x/0x+.^=8{@e8j.5.tys","limit":10,"windowMs":900000,"count":10,"resetAt":"2025-12-02T17:26:26.176Z"}}
{"eventId":"33e95b72-5132-4909-8886-2cf9d28d3df7","eventType":"auth.rate_limit.exceeded","timestamp":"2025-12-02T17:11:26.176Z","outcome":"failure","metadata":{"key":"signin:email:%.&n7{3!`tzqc.key08_7al^.ej#+!#.bh/e5d$a.52/s!h^@xnpkgx6.esmee7.fi","limit":10,"windowMs":900000,"count":10,"resetAt":"2025-12-02T17:26:26.176Z"}}
{"eventId":"c2070809-2a80-4827-89b9-be26618c8ef2","eventType":"auth.rate_limit.exceeded","timestamp":"2025-12-02T17:11:26.176Z","outcome":"failure","metadata":{"key":"signin:email:c-2e$tvy_.m5#3yu2l.*.h~ggx-~.acal.xs&%{g8i`pa.a@tzjtqxl.szpot.oyr","limit":10,"windowMs":900000,"count":10,"resetAt":"2025-12-02T17:26:26.176Z"}}
{"eventId":"e07e3c9f-ae88-4beb-b641-803d73ec1917","eventType":"auth.rate_limit.exceeded","timestamp":"2025-12-02T17:11:26.176Z","outcome":"failure","metadata":{"key":"signin:email:ijn.ag.0+dya`ca.yzsu.t@a9.au","limit":10,"windowMs":900000,"count":10,"resetAt":"2025-12-02T17:26:26.176Z"}}
{"eventId":"e455da2f-0054-4ac0-9291-5cc4bc1d3c5d","eventType":"auth.rate_limit.exceeded","timestamp":"2025-12-02T17:11:26.176Z","outcome":"failure","metadata":{"key":"signin:email:bt04.#jb~66.q~8h#~j16.%c@82.kur","limit":10,"windowMs":900000,"count":10,"resetAt":"2025-12-02T17:26:26.176Z"}}
{"eventId":"5cf7ef86-563d-453f-8218-8fb6849d56c2","eventType":"auth.rate_limit.exceeded","timestamp":"2025-12-02T17:11:26.176Z","outcome":"failure","metadata":{"key":"signin:email:d|3|h+xucfjr.#e=`c2.i'.7t/}.kuc&cvfxprs.n~9yed+8.^-ss#yi@b3ngxqm4l.si","limit":10,"windowMs":900000,"count":10,"resetAt":"2025-12-02T17:26:26.176Z"}}
{"eventId":"bbab7218-aec6-4085-a761-ca22a6f53aae","eventType":"auth.rate_limit.exceeded","timestamp":"2025-12-02T17:11:26.176Z","outcome":"failure","metadata":{"key":"signin:email:&h{x!dwe9.l{c}`z`}~`e.hr42'+2i&}.^.p@k.kb","limit":10,"windowMs":900000,"count":10,"resetAt":"2025-12-02T17:26:26.176Z"}}
{"eventId":"df1c1161-855e-4a22-a042-0e24986d4ec6","eventType":"auth.rate_limit.exceeded","timestamp":"2025-12-02T17:11:26.177Z","outcome":"failure","metadata":{"key":"signin:email:^q$/+9m1xp=t.i{ysoexl-wv.o/{1/_l.mo^l%j#yo9k~.%cp4h5.{8@p3655kr.jhffxch46.hm","limit":10,"windowMs":900000,"count":10,"resetAt":"2025-12-02T17:26:26.177Z"}}
{"eventId":"3e19c1de-987a-4025-9cf0-19bcc3a04ff3","eventType":"auth.rate_limit.exceeded","timestamp":"2025-12-02T17:11:26.177Z","outcome":"failure","metadata":{"key":"signin:email:!0rt&h.i8/~m-&a-am%.ai._9z~&b*|0@ydke-51ne.fy9bc3.db","limit":10,"windowMs":900000,"count":10,"resetAt":"2025-12-02T17:26:26.177Z"}}
{"eventId":"7da899fe-1f1e-4eee-809b-16eb4350ea09","eventType":"auth.rate_limit.exceeded","timestamp":"2025-12-02T17:11:26.177Z","outcome":"failure","metadata":{"key":"signin:email:4aa6s#n=^wx.h6ug.s#2|bc.}k.2mh%.$~$u`1}1gjm7.x36z0v+.z}ntc?n{4@w9a.63bol5sbh2.fw","limit":10,"windowMs":900000,"count":10,"resetAt":"2025-12-02T17:26:26.177Z"}}
{"eventId":"f83eedff-1bae-4afe-b5d0-c93132785085","eventType":"auth.rate_limit.exceeded","timestamp":"2025-12-02T17:11:26.177Z","outcome":"failure","metadata":{"key":"signin:email:tfi6lz#'b.q=_6-q3_9/.l}u8t-kh-pr.z/}?ug6.r8gu`me4m3.t%'s1+*8{^b0@i07d9.6wf9v5k-z.osw","limit":10,"windowMs":900000,"count":10,"resetAt":"2025-12-02T17:26:26.177Z"}}
{"eventId":"ec7ba9e9-8ee2-4197-8cea-733a7a56ac17","eventType":"auth.rate_limit.exceeded","timestamp":"2025-12-02T17:11:26.177Z","outcome":"failure","metadata":{"key":"signin:email:4}.4uo#'7`a.e.9&$3`.l5xq.v=9$r*'r9`.emzl0^a+q.oq_{42rtni@3.2g7k4.ma","limit":10,"windowMs":900000,"count":10,"resetAt":"2025-12-02T17:26:26.177Z"}}
{"eventId":"afbf69a8-fbaf-4ad3-b78b-a2ab05c29117","eventType":"auth.rate_limit.exceeded","timestamp":"2025-12-02T17:11:26.177Z","outcome":"failure","metadata":{"key":"signin:email:cys.i=17ipowy|.|~0'18g%s+*m.{-f4{u7b~`@eelx0rqz.9mvjtau.jud","limit":10,"windowMs":900000,"count":10,"resetAt":"2025-12-02T17:26:26.177Z"}}
{"eventId":"c1f3906f-329f-4572-a7a0-fe7aaf899902","eventType":"auth.rate_limit.exceeded","timestamp":"2025-12-02T17:11:26.177Z","outcome":"failure","metadata":{"key":"signin:email:{k1r.s__j.ljc@dk.bf","limit":10,"windowMs":900000,"count":10,"resetAt":"2025-12-02T17:26:26.177Z"}}
{"eventId":"f38deb53-b204-43c7-9a1c-55bdc0fe3d95","eventType":"auth.rate_limit.exceeded","timestamp":"2025-12-02T17:11:26.177Z","outcome":"failure","metadata":{"key":"signin:email:s.!qtc-uk{g.^y.|z5~sb^hs._od4.&1p^.o~wvmph.rk07vu@y1x-p.ym","limit":10,"windowMs":900000,"count":10,"resetAt":"2025-12-02T17:26:26.177Z"}}
{"eventId":"f06d23a5-2f61-48f3-854d-7650c6ac5b15","eventType":"auth.rate_limit.exceeded","timestamp":"2025-12-02T17:11:26.177Z","outcome":"failure","metadata":{"key":"signin:email:f#@wg.k1jtv0.gb","limit":10,"windowMs":900000,"count":10,"resetAt":"2025-12-02T17:26:26.177Z"}}
{"eventId":"b98132b1-6b36-437d-ae1d-2e48e9e209b3","eventType":"auth.rate_limit.exceeded","timestamp":"2025-12-02T17:11:26.178Z","outcome":"failure","metadata":{"key":"signin:email:{n.kn4kv._+`+oc7*.}{^``?/9j=.=ah835-1.l~g.s*ykctg4.zqo#@fyhfaq.zm","limit":10,"windowMs":900000,"count":10,"resetAt":"2025-12-02T17:26:26.177Z"}}
{"eventId":"3167b15c-7f9d-4759-9c86-df8118c7e8e4","eventType":"auth.rate_limit.exceeded","timestamp":"2025-12-02T17:11:26.178Z","outcome":"failure","metadata":{"key":"signin:email:d@sw.vd","limit":10,"windowMs":900000,"count":10,"resetAt":"2025-12-02T17:26:26.178Z"}}
{"eventId":"0f8fe942-a9a1-483c-ab49-7db6edc3041c","eventType":"auth.rate_limit.exceeded","timestamp":"2025-12-02T17:11:26.179Z","outcome":"failure","metadata":{"key":"signin:email:k/ml&h=!&e#9.%@6mjtl5x.edk","limit":10,"windowMs":900000,"count":10,"resetAt":"2025-12-02T17:26:26.179Z"}}
{"eventId":"426e1075-5a3a-45fc-b985-5e351bc01eea","eventType":"auth.rate_limit.exceeded","timestamp":"2025-12-02T17:11:26.179Z","outcome":"failure","metadata":{"key":"signin:email:|i}gt6ao/^4.a*2'8!.kejmi7_%&m%.c%y1=8ti.otchi.8ex.0jt/+$52{#@5kdvntl-m.ryb1jkbvgw.ae","limit":10,"windowMs":900000,"count":10,"resetAt":"2025-12-02T17:26:26.179Z"}}
{"eventId":"a770f178-7d03-46f4-bf8c-a8f1464fa5a5","eventType":"auth.rate_limit.exceeded","timestamp":"2025-12-02T17:11:26.179Z","outcome":"failure","metadata":{"key":"signin:email:-`hpbk3uv{{.u-g8zvz!6.%}.a05jtn.!_4=*mpp%i@fs5adh4.rck","limit":10,"windowMs":900000,"count":10,"resetAt":"2025-12-02T17:26:26.179Z"}}
{"eventId":"f726fe1f-5304-4422-a4ee-da4b76faaf10","eventType":"auth.rate_limit.exceeded","timestamp":"2025-12-02T17:11:26.179Z","outcome":"failure","metadata":{"key":"signin:email:2x'x2&z@p.lq","limit":10,"windowMs":900000,"count":10,"resetAt":"2025-12-02T17:26:26.179Z"}}
{"eventId":"7eb10c12-8015-4be9-9676-433bca5a60fc","eventType":"auth.rate_limit.exceeded","timestamp":"2025-12-02T17:11:26.179Z","outcome":"failure","metadata":{"key":"signin:email:6'*66h?rm.i4?6%0#9x=e.'t0~.hyc5^o!7.4zq?iik'|^#7.7`f=fz/^@b3k.7a9a.dvp","limit":10,"windowMs":900000,"count":10,"resetAt":"2025-12-02T17:26:26.179Z"}}

stderr | src/server/auth/__tests__/rate-limiter.test.ts > Rate Limiter - Property-Based Tests > Property 36: Rate limit responses include retry-after information
{"eventId":"f5fa6f47-8e3b-4e09-957e-113805974faa","eventType":"auth.rate_limit.exceeded","timestamp":"2025-12-02T17:11:26.237Z","outcome":"failure","metadata":{"key":"test:$-V<@Pt)","limit":1,"windowMs":24952,"count":1,"resetAt":"2025-12-02T17:11:51.189Z"}}
{"eventId":"f50e6979-9311-486c-8707-640ec679e579","eventType":"auth.rate_limit.exceeded","timestamp":"2025-12-02T17:11:26.237Z","outcome":"failure","metadata":{"key":"test:3~g ;x","limit":6,"windowMs":1008,"count":6,"resetAt":"2025-12-02T17:11:27.245Z"}}
{"eventId":"190b085a-c22c-4e45-baa9-64029e24ed78","eventType":"auth.rate_limit.exceeded","timestamp":"2025-12-02T17:11:26.237Z","outcome":"failure","metadata":{"key":"test:%","limit":6,"windowMs":59998,"count":6,"resetAt":"2025-12-02T17:12:26.235Z"}}
{"eventId":"52aeb8aa-b19a-4d6e-9a3e-c3509d2f2f80","eventType":"auth.rate_limit.exceeded","timestamp":"2025-12-02T17:11:26.237Z","outcome":"failure","metadata":{"key":"test:Ju=Iz!","limit":6,"windowMs":1012,"count":6,"resetAt":"2025-12-02T17:11:27.249Z"}}
{"eventId":"33401e76-3946-47ba-b88c-94b25d2181d0","eventType":"auth.rate_limit.exceeded","timestamp":"2025-12-02T17:11:26.237Z","outcome":"failure","metadata":{"key":"test:$Q&\"$xxyy","limit":2,"windowMs":59998,"count":2,"resetAt":"2025-12-02T17:12:26.235Z"}}
{"eventId":"b1043e08-9e97-4128-9503-f1c8de37e3aa","eventType":"auth.rate_limit.exceeded","timestamp":"2025-12-02T17:11:26.237Z","outcome":"failure","metadata":{"key":"test:j__4mf","limit":9,"windowMs":1000,"count":9,"resetAt":"2025-12-02T17:11:27.237Z"}}
{"eventId":"f6b25cbd-dea8-490d-a388-65f57f92f60a","eventType":"auth.rate_limit.exceeded","timestamp":"2025-12-02T17:11:26.237Z","outcome":"failure","metadata":{"key":"test:KIf","limit":6,"windowMs":17854,"count":6,"resetAt":"2025-12-02T17:11:44.091Z"}}
{"eventId":"e5122480-db47-45fd-a6c0-2994d09befd1","eventType":"auth.rate_limit.exceeded","timestamp":"2025-12-02T17:11:26.237Z","outcome":"failure","metadata":{"key":"test:_z@","limit":1,"windowMs":1014,"count":1,"resetAt":"2025-12-02T17:11:27.251Z"}}
{"eventId":"a6804eef-343d-4eca-8b7d-7a5e84c9c865","eventType":"auth.rate_limit.exceeded","timestamp":"2025-12-02T17:11:26.237Z","outcome":"failure","metadata":{"key":"test:>7b|YFQk?RF","limit":4,"windowMs":1011,"count":4,"resetAt":"2025-12-02T17:11:27.248Z"}}
{"eventId":"2a0e170c-36fb-419e-9d8e-03c8406b4dd8","eventType":"auth.rate_limit.exceeded","timestamp":"2025-12-02T17:11:26.237Z","outcome":"failure","metadata":{"key":"test:+k\"","limit":7,"windowMs":32324,"count":7,"resetAt":"2025-12-02T17:11:58.561Z"}}
{"eventId":"fe852782-1e8c-497f-a0bc-0367154ac73c","eventType":"auth.rate_limit.exceeded","timestamp":"2025-12-02T17:11:26.238Z","outcome":"failure","metadata":{"key":"test:Gyi$=~}H.$zy","limit":3,"windowMs":35923,"count":3,"resetAt":"2025-12-02T17:12:02.161Z"}}
{"eventId":"6864b823-66cc-430b-8087-f3154f05e8e0","eventType":"auth.rate_limit.exceeded","timestamp":"2025-12-02T17:11:26.238Z","outcome":"failure","metadata":{"key":"test:ut2[","limit":8,"windowMs":23295,"count":8,"resetAt":"2025-12-02T17:11:49.533Z"}}
{"eventId":"1d890eda-f994-479a-ae49-7c5e2c6d0fca","eventType":"auth.rate_limit.exceeded","timestamp":"2025-12-02T17:11:26.238Z","outcome":"failure","metadata":{"key":"test: ","limit":10,"windowMs":30241,"count":10,"resetAt":"2025-12-02T17:11:56.479Z"}}
{"eventId":"7f439f46-216e-421f-ba20-9e8ef7f51e77","eventType":"auth.rate_limit.exceeded","timestamp":"2025-12-02T17:11:26.238Z","outcome":"failure","metadata":{"key":"test:]o61d","limit":5,"windowMs":40226,"count":5,"resetAt":"2025-12-02T17:12:06.464Z"}}
{"eventId":"9425b37f-d42c-471e-ab3a-61dcce47a6a7","eventType":"auth.rate_limit.exceeded","timestamp":"2025-12-02T17:11:26.238Z","outcome":"failure","metadata":{"key":"test:|,%=","limit":1,"windowMs":1000,"count":1,"resetAt":"2025-12-02T17:11:27.238Z"}}
{"eventId":"b726568d-a58e-4fec-971c-56a20e2fbc60","eventType":"auth.rate_limit.exceeded","timestamp":"2025-12-02T17:11:26.238Z","outcome":"failure","metadata":{"key":"test:iiMNHXEr#","limit":1,"windowMs":1011,"count":1,"resetAt":"2025-12-02T17:11:27.249Z"}}
{"eventId":"8d1dfd59-d371-49ac-a11a-f133324be028","eventType":"auth.rate_limit.exceeded","timestamp":"2025-12-02T17:11:26.238Z","outcome":"failure","metadata":{"key":"test:arguments2co","limit":8,"windowMs":37832,"count":8,"resetAt":"2025-12-02T17:12:04.070Z"}}
{"eventId":"1bcb6d6d-ac50-407d-9f15-23e126a97ce3","eventType":"auth.rate_limit.exceeded","timestamp":"2025-12-02T17:11:26.238Z","outcome":"failure","metadata":{"key":"test:callin__","limit":2,"windowMs":1005,"count":2,"resetAt":"2025-12-02T17:11:27.243Z"}}
{"eventId":"aa63d940-5236-4b14-ada8-9b6d5966ca63","eventType":"auth.rate_limit.exceeded","timestamp":"2025-12-02T17:11:26.238Z","outcome":"failure","metadata":{"key":"test:>8EqJGr","limit":7,"windowMs":52286,"count":7,"resetAt":"2025-12-02T17:12:18.524Z"}}
{"eventId":"f8e5a19d-963b-470d-b601-6f0d3e71787e","eventType":"auth.rate_limit.exceeded","timestamp":"2025-12-02T17:11:26.238Z","outcome":"failure","metadata":{"key":"test:m?z@Cd[j,`_","limit":5,"windowMs":1003,"count":5,"resetAt":"2025-12-02T17:11:27.241Z"}}
{"eventId":"ebdd2f4f-f968-4a7d-b160-5ab236e7db79","eventType":"auth.rate_limit.exceeded","timestamp":"2025-12-02T17:11:26.238Z","outcome":"failure","metadata":{"key":"test:T","limit":8,"windowMs":54027,"count":8,"resetAt":"2025-12-02T17:12:20.265Z"}}
{"eventId":"4d3c7667-b9e4-4ca2-810e-1b0ad2fbca95","eventType":"auth.rate_limit.exceeded","timestamp":"2025-12-02T17:11:26.238Z","outcome":"failure","metadata":{"key":"test:*?D8{","limit":8,"windowMs":1007,"count":8,"resetAt":"2025-12-02T17:11:27.245Z"}}
{"eventId":"f94b31ad-bf9a-440e-b7be-b94c78b99033","eventType":"auth.rate_limit.exceeded","timestamp":"2025-12-02T17:11:26.238Z","outcome":"failure","metadata":{"key":"test:1j","limit":4,"windowMs":16111,"count":4,"resetAt":"2025-12-02T17:11:42.349Z"}}
{"eventId":"cc48a2ea-a1d4-4144-9c5f-bc410c8e410f","eventType":"auth.rate_limit.exceeded","timestamp":"2025-12-02T17:11:26.238Z","outcome":"failure","metadata":{"key":"test:w)1>}J ","limit":3,"windowMs":42665,"count":3,"resetAt":"2025-12-02T17:12:08.903Z"}}
{"eventId":"c8204e95-87b1-406c-a611-e75291fc2de2","eventType":"auth.rate_limit.exceeded","timestamp":"2025-12-02T17:11:26.238Z","outcome":"failure","metadata":{"key":"test:}!","limit":4,"windowMs":31042,"count":4,"resetAt":"2025-12-02T17:11:57.280Z"}}
{"eventId":"4480f82c-d7e6-4f2e-b87c-22cf22ec5c8c","eventType":"auth.rate_limit.exceeded","timestamp":"2025-12-02T17:11:26.239Z","outcome":"failure","metadata":{"key":"test:_xh","limit":2,"windowMs":36001,"count":2,"resetAt":"2025-12-02T17:12:02.240Z"}}
{"eventId":"357b1e34-2a31-4cee-9510-ebf735d32831","eventType":"auth.rate_limit.exceeded","timestamp":"2025-12-02T17:11:26.239Z","outcome":"failure","metadata":{"key":"test:,-j\"dXf,~J","limit":3,"windowMs":1013,"count":3,"resetAt":"2025-12-02T17:11:27.252Z"}}
{"eventId":"fb56d3c5-429b-4647-a19b-20e97d6adaaa","eventType":"auth.rate_limit.exceeded","timestamp":"2025-12-02T17:11:26.239Z","outcome":"failure","metadata":{"key":"test:%#2jt","limit":1,"windowMs":1002,"count":1,"resetAt":"2025-12-02T17:11:27.241Z"}}
{"eventId":"f5e1b84f-cc34-4d91-8992-4a48d1ff4fe6","eventType":"auth.rate_limit.exceeded","timestamp":"2025-12-02T17:11:26.239Z","outcome":"failure","metadata":{"key":"test:x6btH/Q>._r","limit":9,"windowMs":59999,"count":9,"resetAt":"2025-12-02T17:12:26.238Z"}}
{"eventId":"eda22b43-f2b3-418f-a032-bf3abddad46d","eventType":"auth.rate_limit.exceeded","timestamp":"2025-12-02T17:11:26.239Z","outcome":"failure","metadata":{"key":"test:__defineGe","limit":9,"windowMs":1003,"count":9,"resetAt":"2025-12-02T17:11:27.242Z"}}
{"eventId":"d8694012-a6c0-4ed4-a013-30fbf1662227","eventType":"auth.rate_limit.exceeded","timestamp":"2025-12-02T17:11:26.239Z","outcome":"failure","metadata":{"key":"test:F0sU'[d055G","limit":2,"windowMs":43208,"count":2,"resetAt":"2025-12-02T17:12:09.447Z"}}
{"eventId":"0caf5803-152b-4399-a416-51b1ac4063fa","eventType":"auth.rate_limit.exceeded","timestamp":"2025-12-02T17:11:26.239Z","outcome":"failure","metadata":{"key":"test:dr:u","limit":3,"windowMs":59999,"count":3,"resetAt":"2025-12-02T17:12:26.238Z"}}
{"eventId":"7d79c0ca-1787-4d90-9133-119afa817459","eventType":"auth.rate_limit.exceeded","timestamp":"2025-12-02T17:11:26.239Z","outcome":"failure","metadata":{"key":"test:C","limit":2,"windowMs":41316,"count":2,"resetAt":"2025-12-02T17:12:07.555Z"}}
{"eventId":"344d1f80-0660-466f-b64c-a77df7365626","eventType":"auth.rate_limit.exceeded","timestamp":"2025-12-02T17:11:26.239Z","outcome":"failure","metadata":{"key":"test:Y k","limit":10,"windowMs":38686,"count":10,"resetAt":"2025-12-02T17:12:04.925Z"}}
{"eventId":"9f37fd6d-0836-4758-ba4d-46ae8bb28984","eventType":"auth.rate_limit.exceeded","timestamp":"2025-12-02T17:11:26.239Z","outcome":"failure","metadata":{"key":"test::_v9_u>un:g","limit":5,"windowMs":21568,"count":5,"resetAt":"2025-12-02T17:11:47.807Z"}}
{"eventId":"56733c2d-313a-4587-8041-562c715fdba3","eventType":"auth.rate_limit.exceeded","timestamp":"2025-12-02T17:11:26.239Z","outcome":"failure","metadata":{"key":"test:@UT73z","limit":6,"windowMs":55821,"count":6,"resetAt":"2025-12-02T17:12:22.060Z"}}
{"eventId":"6ba317d4-2c63-410e-9c7f-07bc7522f2eb","eventType":"auth.rate_limit.exceeded","timestamp":"2025-12-02T17:11:26.239Z","outcome":"failure","metadata":{"key":"test:'\"RaKf>f>/","limit":9,"windowMs":32436,"count":9,"resetAt":"2025-12-02T17:11:58.675Z"}}
{"eventId":"a7eb5958-fe6b-48bc-99b0-d8fe2f6d7c32","eventType":"auth.rate_limit.exceeded","timestamp":"2025-12-02T17:11:26.239Z","outcome":"failure","metadata":{"key":"test:NG","limit":7,"windowMs":58916,"count":7,"resetAt":"2025-12-02T17:12:25.155Z"}}
{"eventId":"b11157c0-5d9e-4f5c-bcd8-be380409195d","eventType":"auth.rate_limit.exceeded","timestamp":"2025-12-02T17:11:26.239Z","outcome":"failure","metadata":{"key":"test:|yg+~w4Fn2%\"","limit":6,"windowMs":20566,"count":6,"resetAt":"2025-12-02T17:11:46.805Z"}}
{"eventId":"57b511aa-0259-42fd-af59-231dc128c975","eventType":"auth.rate_limit.exceeded","timestamp":"2025-12-02T17:11:26.239Z","outcome":"failure","metadata":{"key":"test:Cg","limit":9,"windowMs":1000,"count":9,"resetAt":"2025-12-02T17:11:27.239Z"}}
{"eventId":"48190d2d-416d-4b55-b8de-a289034d756c","eventType":"auth.rate_limit.exceeded","timestamp":"2025-12-02T17:11:26.239Z","outcome":"failure","metadata":{"key":"test:!\\*C","limit":3,"windowMs":1000,"count":3,"resetAt":"2025-12-02T17:11:27.239Z"}}
{"eventId":"1d8896a0-ca83-40ee-84e0-e6d6259ee79d","eventType":"auth.rate_limit.exceeded","timestamp":"2025-12-02T17:11:26.239Z","outcome":"failure","metadata":{"key":"test:3KI#btM3;(4`","limit":4,"windowMs":12716,"count":4,"resetAt":"2025-12-02T17:11:38.955Z"}}
{"eventId":"180c5d20-e270-481c-80fe-88d95d78c0fb","eventType":"auth.rate_limit.exceeded","timestamp":"2025-12-02T17:11:26.239Z","outcome":"failure","metadata":{"key":"test:1rS!CU\\7j6","limit":2,"windowMs":59993,"count":2,"resetAt":"2025-12-02T17:12:26.232Z"}}
{"eventId":"9fc5aba1-5486-422a-97e5-f997e9716d68","eventType":"auth.rate_limit.exceeded","timestamp":"2025-12-02T17:11:26.239Z","outcome":"failure","metadata":{"key":"test::,<.boxb]","limit":3,"windowMs":57016,"count":3,"resetAt":"2025-12-02T17:12:23.255Z"}}
{"eventId":"a1383419-ea13-4ea2-8c2a-620b603fc7e5","eventType":"auth.rate_limit.exceeded","timestamp":"2025-12-02T17:11:26.239Z","outcome":"failure","metadata":{"key":"test:a","limit":10,"windowMs":51093,"count":10,"resetAt":"2025-12-02T17:12:17.332Z"}}
{"eventId":"b8de5f9f-1a74-47b4-8e0c-e3a71c8a70b1","eventType":"auth.rate_limit.exceeded","timestamp":"2025-12-02T17:11:26.239Z","outcome":"failure","metadata":{"key":"test:;<","limit":9,"windowMs":34970,"count":9,"resetAt":"2025-12-02T17:12:01.209Z"}}
{"eventId":"9a38638c-d599-44fc-b74e-f301e01294fa","eventType":"auth.rate_limit.exceeded","timestamp":"2025-12-02T17:11:26.239Z","outcome":"failure","metadata":{"key":"test:x#AGy(w 3","limit":7,"windowMs":11108,"count":7,"resetAt":"2025-12-02T17:11:37.347Z"}}
{"eventId":"51b9cf43-d114-4be4-bdf5-26530ae4edda","eventType":"auth.rate_limit.exceeded","timestamp":"2025-12-02T17:11:26.239Z","outcome":"failure","metadata":{"key":"test:n","limit":5,"windowMs":59994,"count":5,"resetAt":"2025-12-02T17:12:26.233Z"}}
{"eventId":"a0706eeb-b6ee-4315-bf45-5e03a1edb91f","eventType":"auth.rate_limit.exceeded","timestamp":"2025-12-02T17:11:26.239Z","outcome":"failure","metadata":{"key":"test:aO*_","limit":2,"windowMs":38757,"count":2,"resetAt":"2025-12-02T17:12:04.996Z"}}
{"eventId":"031e9dac-2473-45a6-a8ed-f3d0499c18c4","eventType":"auth.rate_limit.exceeded","timestamp":"2025-12-02T17:11:26.239Z","outcome":"failure","metadata":{"key":"test:#xQ_","limit":7,"windowMs":1320,"count":7,"resetAt":"2025-12-02T17:11:27.559Z"}}
{"eventId":"d06ea4c7-c33f-4f02-bebf-fe82888bbd13","eventType":"auth.rate_limit.exceeded","timestamp":"2025-12-02T17:11:26.239Z","outcome":"failure","metadata":{"key":"test:#fB","limit":9,"windowMs":14564,"count":9,"resetAt":"2025-12-02T17:11:40.803Z"}}
{"eventId":"9cdaecf2-59c3-4fd3-b763-601248d3a477","eventType":"auth.rate_limit.exceeded","timestamp":"2025-12-02T17:11:26.239Z","outcome":"failure","metadata":{"key":"test:Dv","limit":2,"windowMs":13950,"count":2,"resetAt":"2025-12-02T17:11:40.189Z"}}
{"eventId":"229da205-ef34-460e-acbf-9a3faadc04af","eventType":"auth.rate_limit.exceeded","timestamp":"2025-12-02T17:11:26.239Z","outcome":"failure","metadata":{"key":"test:!2","limit":9,"windowMs":59999,"count":9,"resetAt":"2025-12-02T17:12:26.238Z"}}
{"eventId":"772dc219-d6d5-45bf-8be3-36df001ad542","eventType":"auth.rate_limit.exceeded","timestamp":"2025-12-02T17:11:26.239Z","outcome":"failure","metadata":{"key":"test:NL","limit":2,"windowMs":15970,"count":2,"resetAt":"2025-12-02T17:11:42.209Z"}}
{"eventId":"70235709-0563-424b-b34c-7749a7b93824","eventType":"auth.rate_limit.exceeded","timestamp":"2025-12-02T17:11:26.239Z","outcome":"failure","metadata":{"key":"test:gD$y#kGynV","limit":9,"windowMs":20024,"count":9,"resetAt":"2025-12-02T17:11:46.263Z"}}
{"eventId":"19ac25cf-9f5d-4653-ad5f-b8e73e3f4dab","eventType":"auth.rate_limit.exceeded","timestamp":"2025-12-02T17:11:26.239Z","outcome":"failure","metadata":{"key":"test:}","limit":1,"windowMs":60000,"count":1,"resetAt":"2025-12-02T17:12:26.239Z"}}
{"eventId":"5055db49-f0ca-4a4c-9736-ad5a238dd825","eventType":"auth.rate_limit.exceeded","timestamp":"2025-12-02T17:11:26.239Z","outcome":"failure","metadata":{"key":"test:jy[7}bW'6a&.","limit":1,"windowMs":19918,"count":1,"resetAt":"2025-12-02T17:11:46.157Z"}}
{"eventId":"8d57918e-baec-478b-b274-3f16ab628401","eventType":"auth.rate_limit.exceeded","timestamp":"2025-12-02T17:11:26.239Z","outcome":"failure","metadata":{"key":"test:5#XA~ByWF","limit":9,"windowMs":3121,"count":9,"resetAt":"2025-12-02T17:11:29.360Z"}}
{"eventId":"542ebcda-1c15-488c-9741-9ea25b2c6504","eventType":"auth.rate_limit.exceeded","timestamp":"2025-12-02T17:11:26.239Z","outcome":"failure","metadata":{"key":"test:Y>)TV","limit":3,"windowMs":59993,"count":3,"resetAt":"2025-12-02T17:12:26.232Z"}}
{"eventId":"a3275009-5079-4596-913a-f51d76b9dda7","eventType":"auth.rate_limit.exceeded","timestamp":"2025-12-02T17:11:26.239Z","outcome":"failure","metadata":{"key":"test:kay}2y*#D'j","limit":1,"windowMs":1002,"count":1,"resetAt":"2025-12-02T17:11:27.241Z"}}
{"eventId":"b65b2701-24df-4729-a425-26cc29ed696f","eventType":"auth.rate_limit.exceeded","timestamp":"2025-12-02T17:11:26.239Z","outcome":"failure","metadata":{"key":"test:oF&","limit":4,"windowMs":29214,"count":4,"resetAt":"2025-12-02T17:11:55.453Z"}}
{"eventId":"adb3fe87-01a5-45ad-8091-374af949099a","eventType":"auth.rate_limit.exceeded","timestamp":"2025-12-02T17:11:26.239Z","outcome":"failure","metadata":{"key":"test:&um","limit":2,"windowMs":36835,"count":2,"resetAt":"2025-12-02T17:12:03.074Z"}}
{"eventId":"042f5d8e-c10c-4dca-ab2d-be8f5c5c3550","eventType":"auth.rate_limit.exceeded","timestamp":"2025-12-02T17:11:26.240Z","outcome":"failure","metadata":{"key":"test:WLX{J,V1&\"","limit":2,"windowMs":1000,"count":2,"resetAt":"2025-12-02T17:11:27.239Z"}}
{"eventId":"790895b3-db9d-4fb3-9d79-5194b1b26625","eventType":"auth.rate_limit.exceeded","timestamp":"2025-12-02T17:11:26.240Z","outcome":"failure","metadata":{"key":"test:jSpw]Z","limit":5,"windowMs":31134,"count":5,"resetAt":"2025-12-02T17:11:57.374Z"}}
{"eventId":"e1bb31b6-3bcb-49eb-8603-7838d85aba68","eventType":"auth.rate_limit.exceeded","timestamp":"2025-12-02T17:11:26.240Z","outcome":"failure","metadata":{"key":"test:(0{Rx+ck|.~{","limit":2,"windowMs":32590,"count":2,"resetAt":"2025-12-02T17:11:58.830Z"}}
{"eventId":"2be2cf10-9e82-466e-9831-5a4b8af8cf13","eventType":"auth.rate_limit.exceeded","timestamp":"2025-12-02T17:11:26.240Z","outcome":"failure","metadata":{"key":"test:c4:gU\"(ytW]{","limit":9,"windowMs":2231,"count":9,"resetAt":"2025-12-02T17:11:28.471Z"}}
{"eventId":"3a6ee493-232f-4711-85c6-3c3bcadd812a","eventType":"auth.rate_limit.exceeded","timestamp":"2025-12-02T17:11:26.240Z","outcome":"failure","metadata":{"key":"test:sdw~473","limit":1,"windowMs":55804,"count":1,"resetAt":"2025-12-02T17:12:22.044Z"}}
{"eventId":"c95d2d56-a74a-419e-a47e-857cc57b358d","eventType":"auth.rate_limit.exceeded","timestamp":"2025-12-02T17:11:26.240Z","outcome":"failure","metadata":{"key":"test:HYqn:3./","limit":4,"windowMs":45761,"count":4,"resetAt":"2025-12-02T17:12:12.001Z"}}
{"eventId":"99cf45d4-1a3b-4d2f-9574-9da9d23e4413","eventType":"auth.rate_limit.exceeded","timestamp":"2025-12-02T17:11:26.240Z","outcome":"failure","metadata":{"key":"test:7KIPO:DL:I","limit":9,"windowMs":14693,"count":9,"resetAt":"2025-12-02T17:11:40.933Z"}}
{"eventId":"5c08142d-6f2a-463a-bd30-54fca6ea1880","eventType":"auth.rate_limit.exceeded","timestamp":"2025-12-02T17:11:26.240Z","outcome":"failure","metadata":{"key":"test:5M:%D","limit":7,"windowMs":28317,"count":7,"resetAt":"2025-12-02T17:11:54.557Z"}}
{"eventId":"9084551b-4ba0-49ee-9779-79e5cd7dd481","eventType":"auth.rate_limit.exceeded","timestamp":"2025-12-02T17:11:26.240Z","outcome":"failure","metadata":{"key":"test:o%d","limit":2,"windowMs":28962,"count":2,"resetAt":"2025-12-02T17:11:55.202Z"}}
{"eventId":"5fb0c3af-859f-4c0e-9400-9b71fed93c05","eventType":"auth.rate_limit.exceeded","timestamp":"2025-12-02T17:11:26.240Z","outcome":"failure","metadata":{"key":"test:&h#d\\Y~Hl\"","limit":3,"windowMs":59996,"count":3,"resetAt":"2025-12-02T17:12:26.236Z"}}
{"eventId":"5129d966-3f00-47dd-80d9-6d0173bdca78","eventType":"auth.rate_limit.exceeded","timestamp":"2025-12-02T17:11:26.240Z","outcome":"failure","metadata":{"key":"test:N)$\"S=qot","limit":9,"windowMs":32168,"count":9,"resetAt":"2025-12-02T17:11:58.408Z"}}
{"eventId":"05274ed3-8f7a-4b96-bc54-c603557cdcea","eventType":"auth.rate_limit.exceeded","timestamp":"2025-12-02T17:11:26.240Z","outcome":"failure","metadata":{"key":"test:M\\8","limit":10,"windowMs":37926,"count":10,"resetAt":"2025-12-02T17:12:04.166Z"}}
{"eventId":"fa5a42f3-2a08-4d12-819a-1ace31b1f203","eventType":"auth.rate_limit.exceeded","timestamp":"2025-12-02T17:11:26.240Z","outcome":"failure","metadata":{"key":"test:fxDM2KQfTzI","limit":5,"windowMs":1015,"count":5,"resetAt":"2025-12-02T17:11:27.255Z"}}
{"eventId":"658dda19-f1da-4d26-9638-c30b9de2d439","eventType":"auth.rate_limit.exceeded","timestamp":"2025-12-02T17:11:26.240Z","outcome":"failure","metadata":{"key":"test:}\"m{","limit":3,"windowMs":59991,"count":3,"resetAt":"2025-12-02T17:12:26.231Z"}}
{"eventId":"5f22898d-0f4a-45aa-ada8-0babbea2bc7c","eventType":"auth.rate_limit.exceeded","timestamp":"2025-12-02T17:11:26.240Z","outcome":"failure","metadata":{"key":"test:+!9^]","limit":5,"windowMs":1014,"count":5,"resetAt":"2025-12-02T17:11:27.254Z"}}
{"eventId":"b2de30b6-226c-420b-91a0-5850b2060ef4","eventType":"auth.rate_limit.exceeded","timestamp":"2025-12-02T17:11:26.240Z","outcome":"failure","metadata":{"key":"test:BW\"\".","limit":1,"windowMs":49963,"count":1,"resetAt":"2025-12-02T17:12:16.203Z"}}
{"eventId":"7936b627-bbf8-4347-b999-b91d2b12b471","eventType":"auth.rate_limit.exceeded","timestamp":"2025-12-02T17:11:26.240Z","outcome":"failure","metadata":{"key":"test:%","limit":9,"windowMs":52593,"count":9,"resetAt":"2025-12-02T17:12:18.833Z"}}
{"eventId":"89e4a91d-53b4-42f2-a258-c36ac4598599","eventType":"auth.rate_limit.exceeded","timestamp":"2025-12-02T17:11:26.240Z","outcome":"failure","metadata":{"key":"test:F5*\\J9bgn(9.","limit":9,"windowMs":1002,"count":9,"resetAt":"2025-12-02T17:11:27.242Z"}}
{"eventId":"a8e2166a-61e8-4056-b2c0-1d00a14dc464","eventType":"auth.rate_limit.exceeded","timestamp":"2025-12-02T17:11:26.240Z","outcome":"failure","metadata":{"key":"test:Opx%Q\\e0","limit":7,"windowMs":1004,"count":7,"resetAt":"2025-12-02T17:11:27.244Z"}}
{"eventId":"a87380f2-0db1-45d4-85c5-040cbb8fdcfd","eventType":"auth.rate_limit.exceeded","timestamp":"2025-12-02T17:11:26.240Z","outcome":"failure","metadata":{"key":"test::]V:7n}Da;fo","limit":9,"windowMs":54578,"count":9,"resetAt":"2025-12-02T17:12:20.818Z"}}
{"eventId":"26c81677-cd90-4584-b92c-1f22bb21cc37","eventType":"auth.rate_limit.exceeded","timestamp":"2025-12-02T17:11:26.240Z","outcome":"failure","metadata":{"key":"test:T`*DFw","limit":6,"windowMs":39260,"count":6,"resetAt":"2025-12-02T17:12:05.500Z"}}
{"eventId":"7d5a170f-0812-445d-a7de-c636eb0999df","eventType":"auth.rate_limit.exceeded","timestamp":"2025-12-02T17:11:26.240Z","outcome":"failure","metadata":{"key":"test:G0,$KC","limit":6,"windowMs":1012,"count":6,"resetAt":"2025-12-02T17:11:27.252Z"}}
{"eventId":"325e0c47-3ed0-477d-a560-f3780b446635","eventType":"auth.rate_limit.exceeded","timestamp":"2025-12-02T17:11:26.240Z","outcome":"failure","metadata":{"key":"test:O;WeG\"z\\y","limit":4,"windowMs":37075,"count":4,"resetAt":"2025-12-02T17:12:03.315Z"}}
{"eventId":"8fa916f8-5c35-4dfa-a633-e7563f5db854","eventType":"auth.rate_limit.exceeded","timestamp":"2025-12-02T17:11:26.240Z","outcome":"failure","metadata":{"key":"test:_j544>&[","limit":8,"windowMs":1008,"count":8,"resetAt":"2025-12-02T17:11:27.248Z"}}
{"eventId":"d25ba1ab-c244-4b3a-aaf9-ae4cfb26e9d1","eventType":"auth.rate_limit.exceeded","timestamp":"2025-12-02T17:11:26.240Z","outcome":"failure","metadata":{"key":"test:$x]%!'ODI>~H","limit":3,"windowMs":1008,"count":3,"resetAt":"2025-12-02T17:11:27.248Z"}}
{"eventId":"800846e2-22cb-41e1-80a4-07bb3cafd277","eventType":"auth.rate_limit.exceeded","timestamp":"2025-12-02T17:11:26.240Z","outcome":"failure","metadata":{"key":"test:gX1e","limit":2,"windowMs":1012,"count":2,"resetAt":"2025-12-02T17:11:27.252Z"}}
{"eventId":"2fd1f914-5ecc-4cae-882a-0da3fc3bd2e3","eventType":"auth.rate_limit.exceeded","timestamp":"2025-12-02T17:11:26.240Z","outcome":"failure","metadata":{"key":"test:6HXE7>Up-","limit":2,"windowMs":15508,"count":2,"resetAt":"2025-12-02T17:11:41.748Z"}}
{"eventId":"a9afea5e-fb59-4f63-a0ea-ec67d65a008f","eventType":"auth.rate_limit.exceeded","timestamp":"2025-12-02T17:11:26.240Z","outcome":"failure","metadata":{"key":"test:^#","limit":6,"windowMs":41113,"count":6,"resetAt":"2025-12-02T17:12:07.353Z"}}
{"eventId":"31df4c91-6ca6-4b22-b0e0-f8aa9ed5a0e4","eventType":"auth.rate_limit.exceeded","timestamp":"2025-12-02T17:11:26.240Z","outcome":"failure","metadata":{"key":"test:u'","limit":2,"windowMs":16359,"count":2,"resetAt":"2025-12-02T17:11:42.599Z"}}
{"eventId":"164ed4e3-f91e-432a-88c7-ba6ef994fdbd","eventType":"auth.rate_limit.exceeded","timestamp":"2025-12-02T17:11:26.240Z","outcome":"failure","metadata":{"key":"test:`5YU","limit":1,"windowMs":42300,"count":1,"resetAt":"2025-12-02T17:12:08.540Z"}}
{"eventId":"6d8cfe7e-090f-41ee-8105-681ec2af37f0","eventType":"auth.rate_limit.exceeded","timestamp":"2025-12-02T17:11:26.240Z","outcome":"failure","metadata":{"key":"test:}to","limit":3,"windowMs":52452,"count":3,"resetAt":"2025-12-02T17:12:18.692Z"}}
{"eventId":"c70697eb-0556-471d-acb1-f275789b889f","eventType":"auth.rate_limit.exceeded","timestamp":"2025-12-02T17:11:26.240Z","outcome":"failure","metadata":{"key":"test:`]3Ov\\p","limit":10,"windowMs":40215,"count":10,"resetAt":"2025-12-02T17:12:06.455Z"}}
{"eventId":"0bf32402-824e-4e0a-a9ac-73c0292fa150","eventType":"auth.rate_limit.exceeded","timestamp":"2025-12-02T17:11:26.240Z","outcome":"failure","metadata":{"key":"test:4Q5 =U,%","limit":7,"windowMs":1013,"count":7,"resetAt":"2025-12-02T17:11:27.253Z"}}
{"eventId":"c66535d4-66bf-400e-8692-4525c66c80da","eventType":"auth.rate_limit.exceeded","timestamp":"2025-12-02T17:11:26.240Z","outcome":"failure","metadata":{"key":"test:#e","limit":1,"windowMs":59993,"count":1,"resetAt":"2025-12-02T17:12:26.233Z"}}
{"eventId":"085ef472-14eb-425e-8074-0200aa10dfa0","eventType":"auth.rate_limit.exceeded","timestamp":"2025-12-02T17:11:26.240Z","outcome":"failure","metadata":{"key":"test:#Et6m64a=^V","limit":4,"windowMs":15769,"count":4,"resetAt":"2025-12-02T17:11:42.009Z"}}
{"eventId":"d420a4bc-f912-468a-aa22-86b8fc2d43d5","eventType":"auth.rate_limit.exceeded","timestamp":"2025-12-02T17:11:26.240Z","outcome":"failure","metadata":{"key":"test:l","limit":10,"windowMs":3587,"count":10,"resetAt":"2025-12-02T17:11:29.827Z"}}
{"eventId":"c5cb58fc-7a34-49c5-85ed-df943e36fbf2","eventType":"auth.rate_limit.exceeded","timestamp":"2025-12-02T17:11:26.240Z","outcome":"failure","metadata":{"key":"test:caller","limit":9,"windowMs":59995,"count":9,"resetAt":"2025-12-02T17:12:26.235Z"}}
{"eventId":"16737ad2-76c2-4e26-8c66-bd7c3d2f6b9b","eventType":"auth.rate_limit.exceeded","timestamp":"2025-12-02T17:11:26.240Z","outcome":"failure","metadata":{"key":"test:G{3Jr","limit":10,"windowMs":1011,"count":10,"resetAt":"2025-12-02T17:11:27.251Z"}}

stderr | src/server/auth/__tests__/rate-limiter.test.ts > Rate Limiter - Property-Based Tests > Property: Rate limit resets after window expires
{"eventId":"c5ace29d-cdd7-4a3c-8bfc-fa79b94eacad","eventType":"auth.rate_limit.exceeded","timestamp":"2025-12-02T17:11:26.416Z","outcome":"failure","metadata":{"key":"test:reset","limit":3,"windowMs":100,"count":3,"resetAt":"2025-12-02T17:11:26.515Z"}}

stdout | src/app/api/auth/reset-password/__tests__/reset-password.property.test.ts > POST /api/auth/reset-password - Property-Based Tests > Property 17: Password reset invalidates all sessions
{"eventId":"65bd8c63-d82f-4610-a3d3-f6328df9593c","eventType":"auth.reset_password.success","timestamp":"2025-12-02T17:11:26.450Z","outcome":"success","ipAddress":"127.0.0.1","userAgent":"unknown","requestId":"210b6bfd-2e60-44e4-97b9-fa4216192945","metadata":{"stage":"attempt"}}

stdout | src/server/auth/__tests__/rbac.test.ts > RBAC - Property-Based Tests > Property 18: Verified users receive default roles
[2025-12-02T17:11:26.640Z] [App] [INFO] rbac.assign_role.success {
  userId: 'bb2fa9a9-380b-4007-8a03-bd0ac8dba6f7',
  role: 'TEAM_MEMBER',
  resourceType: 'team',
  resourceId: 'ce301c10-5e67-44af-b991-88788f8f96cf',
  roleId: 'ff344593-20f7-4304-a331-cd8282976d27'
}

 ✓ scripts/__tests__/migrate.integration.test.ts (17 tests) 18746ms
   ✓ Migration Runner - Integration Tests > Happy Path - Multiple migrations execute successfully > should apply all pending migrations in order 1459ms
   ✓ Migration Runner - Integration Tests > Happy Path - Multiple migrations execute successfully > should execute migrations in chronological order by timestamp 1104ms
   ✓ Migration Runner - Integration Tests > Happy Path - Multiple migrations execute successfully > should report correct count of applied migrations 1005ms
   ✓ Migration Runner - Integration Tests > Partial Failure - First succeeds, second fails, third does not run > should halt execution after first failure 896ms
   ✓ Migration Runner - Integration Tests > Partial Failure - First succeeds, second fails, third does not run > should preserve successful migrations before failure 1128ms
   ✓ Migration Runner - Integration Tests > Retry After Failure - Fix failed migration and re-run > should successfully apply fixed migration on retry 1026ms
   ✓ Migration Runner - Integration Tests > Retry After Failure - Fix failed migration and re-run > should continue with remaining migrations after fix 1046ms
   ✓ Migration Runner - Integration Tests > Empty Migration Directory - No migrations to apply > should handle empty migration directory gracefully 1207ms
   ✓ Migration Runner - Integration Tests > Empty Migration Directory - No migrations to apply > should report zero migrations applied 1193ms
   ✓ Migration Runner - Integration Tests > All Migrations Applied - All in tracking table > should skip all migrations when already applied 1385ms
   ✓ Migration Runner - Integration Tests > All Migrations Applied - All in tracking table > should report correct skipped count 917ms
   ✓ Migration Runner - Integration Tests > All Migrations Applied - All in tracking table > should maintain idempotency across multiple runs 849ms
   ✓ Migration Runner - Integration Tests > Transaction Atomicity > should rollback failed migration completely 1081ms
   ✓ Migration Runner - Integration Tests > Transaction Atomicity > should not update tracking table on failure 1409ms
   ✓ Migration Runner - Integration Tests > Batch Migration Consistency > should detect multiple pending migrations 854ms
   ✓ Migration Runner - Integration Tests > Batch Migration Consistency > should execute batch in chronological order 1118ms
   ✓ Migration Runner - Integration Tests > Batch Migration Consistency > should report accurate batch summary 1006ms
stdout | src/app/api/auth/reset-password/__tests__/reset-password.property.test.ts > POST /api/auth/reset-password - Property-Based Tests > Property 17: Password reset invalidates all sessions
{"eventId":"3b63ed1a-16ce-445d-8bda-196f3d10623e","eventType":"auth.reset_password.success","timestamp":"2025-12-02T17:11:26.683Z","outcome":"success","userId":"bfe9bbd0-5e99-441c-ba8a-00c8f8b1b240","email":"ef8f27429376ad0a","ipAddress":"127.0.0.1","userAgent":"unknown","requestId":"210b6bfd-2e60-44e4-97b9-fa4216192945","metadata":{"tokenId":"b6e262bf-94a0-4cb2-bb0f-69fe3ead9124","sessionsInvalidated":true}}

stdout | src/app/api/auth/logout/__tests__/logout.property.test.ts > POST /api/auth/logout - Property-Based Tests > Property 13: Sign-out preserves other sessions
{"eventId":"6ce2f0b3-9d22-410c-a783-485e25981b5e","eventType":"auth.logout.success","timestamp":"2025-12-02T17:11:25.665Z","outcome":"success","userId":"fb346994-2615-4fae-8399-239f8905d317","email":"865e4b55dd4931ee","ipAddress":"unknown","userAgent":"unknown","requestId":"791f9f8f-69d4-4fde-97dd-4264d0df5fe0","metadata":{"sessionId":"258ced67-b343-46fa-9797-fc34a2bad612"}}
{"eventId":"019e6841-387b-416c-ab17-f2c41d7a24f2","eventType":"auth.logout.success","timestamp":"2025-12-02T17:11:25.671Z","outcome":"success","userId":"fb346994-2615-4fae-8399-239f8905d317","email":"865e4b55dd4931ee","ipAddress":"unknown","userAgent":"unknown","requestId":"0fd5ad23-c047-49a2-ac32-194e9b032b24","metadata":{"sessionId":"500c6851-1ab5-43bb-b5b7-2626aba671e9"}}
{"eventId":"bf2b656f-8a3a-47e6-98cd-777fb53d3271","eventType":"auth.logout.success","timestamp":"2025-12-02T17:11:25.677Z","outcome":"success","userId":"fb346994-2615-4fae-8399-239f8905d317","email":"865e4b55dd4931ee","ipAddress":"unknown","userAgent":"unknown","requestId":"09c55cee-f9ec-4ea4-82dc-2be9aec99c50","metadata":{"sessionId":"becda712-1098-4ba9-a62b-199631667e5b"}}
{"eventId":"00f19bce-1fe4-48d6-a032-6c7b895b4bf7","eventType":"auth.logout.success","timestamp":"2025-12-02T17:11:25.683Z","outcome":"success","userId":"fb346994-2615-4fae-8399-239f8905d317","email":"865e4b55dd4931ee","ipAddress":"unknown","userAgent":"unknown","requestId":"cf71af3c-6c1d-4f7c-9ed6-23092662e507","metadata":{"sessionId":"1ec96fb1-f03a-42df-b0c0-93a791628524"}}
{"eventId":"bef0af65-bef4-4947-9387-2d0bb0f1e954","eventType":"auth.logout.success","timestamp":"2025-12-02T17:11:25.687Z","outcome":"success","userId":"fb346994-2615-4fae-8399-239f8905d317","email":"865e4b55dd4931ee","ipAddress":"unknown","userAgent":"unknown","requestId":"989ca556-9545-48cd-883f-73b4f9c77504","metadata":{"sessionId":"cede2a4f-924b-41c6-81ce-ae09f24287dd"}}
{"eventId":"99650b61-b454-47f2-8048-e2483c84db59","eventType":"auth.logout.success","timestamp":"2025-12-02T17:11:25.691Z","outcome":"success","userId":"fb346994-2615-4fae-8399-239f8905d317","email":"865e4b55dd4931ee","ipAddress":"unknown","userAgent":"unknown","requestId":"9bd9fc0c-b3af-4c68-9841-39b889303c21","metadata":{"sessionId":"28064831-4b5a-413d-aedf-4ba1d86f649c"}}
{"eventId":"46f9a1b3-11a9-4d67-8956-6ae3cfd4ec03","eventType":"auth.logout.success","timestamp":"2025-12-02T17:11:25.701Z","outcome":"success","userId":"fb346994-2615-4fae-8399-239f8905d317","email":"865e4b55dd4931ee","ipAddress":"unknown","userAgent":"unknown","requestId":"dab3d43d-4e0d-4307-8c10-9a4d45c69333","metadata":{"sessionId":"775b1f8f-0af6-48d7-956b-146d010245bc"}}
{"eventId":"e56dc50c-349a-4707-b490-dcf92cd40ddc","eventType":"auth.logout.success","timestamp":"2025-12-02T17:11:25.734Z","outcome":"success","userId":"fb346994-2615-4fae-8399-239f8905d317","email":"865e4b55dd4931ee","ipAddress":"unknown","userAgent":"unknown","requestId":"16358b9d-5ec4-44c6-b74f-38c1e9a82190","metadata":{"sessionId":"ec51e7e6-ec20-4352-8c76-c41874349f7a"}}
{"eventId":"22ef0247-8682-4dd7-bc7b-82fba2c508ed","eventType":"auth.logout.success","timestamp":"2025-12-02T17:11:25.751Z","outcome":"success","userId":"fb346994-2615-4fae-8399-239f8905d317","email":"865e4b55dd4931ee","ipAddress":"unknown","userAgent":"unknown","requestId":"aab34c54-dda1-416f-a1f5-6154c13d4a88","metadata":{"sessionId":"8ff99176-7c23-4087-b39c-f698f21a7b25"}}
{"eventId":"d236caca-5316-497e-bd32-ec6b7bf2d939","eventType":"auth.logout.success","timestamp":"2025-12-02T17:11:25.769Z","outcome":"success","userId":"fb346994-2615-4fae-8399-239f8905d317","email":"865e4b55dd4931ee","ipAddress":"unknown","userAgent":"unknown","requestId":"5618163f-24d5-4a25-bc55-57f5d1946d1c","metadata":{"sessionId":"4f614bfb-e7d9-48e8-8cdc-79321ad8c159"}}
{"eventId":"750d080f-3673-4ea8-9be6-91038e4967e7","eventType":"auth.logout.success","timestamp":"2025-12-02T17:11:25.776Z","outcome":"success","userId":"fb346994-2615-4fae-8399-239f8905d317","email":"865e4b55dd4931ee","ipAddress":"unknown","userAgent":"unknown","requestId":"f843db9e-83fd-4dc2-b651-29c82c0ae490","metadata":{"sessionId":"b18b7d23-58ea-46eb-8356-18aebf557fca"}}
{"eventId":"5a79fd77-b742-4d67-8df4-0f2ab2bdc2ab","eventType":"auth.logout.success","timestamp":"2025-12-02T17:11:25.809Z","outcome":"success","userId":"fb346994-2615-4fae-8399-239f8905d317","email":"865e4b55dd4931ee","ipAddress":"unknown","userAgent":"unknown","requestId":"725d2f76-613c-4cc0-b811-d77249dfb050","metadata":{"sessionId":"aec085e9-a38d-444a-b7c0-75d5b3f43001"}}
{"eventId":"00caf62e-b5a7-42c9-8dea-704d96843631","eventType":"auth.logout.success","timestamp":"2025-12-02T17:11:25.834Z","outcome":"success","userId":"fb346994-2615-4fae-8399-239f8905d317","email":"865e4b55dd4931ee","ipAddress":"unknown","userAgent":"unknown","requestId":"96e2a8e0-f21a-4922-b268-e018f8a58d46","metadata":{"sessionId":"a0c2bffd-e729-4f72-8493-b4e063152772"}}
{"eventId":"1822a1df-be96-4d37-9fdc-f2daade15e97","eventType":"auth.logout.success","timestamp":"2025-12-02T17:11:25.837Z","outcome":"success","userId":"fb346994-2615-4fae-8399-239f8905d317","email":"865e4b55dd4931ee","ipAddress":"unknown","userAgent":"unknown","requestId":"edf96f98-2b85-4d61-9e2b-de80ed857953","metadata":{"sessionId":"4fd3ed41-05f7-433b-9e26-68f5c4a603ee"}}
{"eventId":"49699a4a-eeef-4497-940e-dfec0573c969","eventType":"auth.logout.success","timestamp":"2025-12-02T17:11:25.841Z","outcome":"success","userId":"fb346994-2615-4fae-8399-239f8905d317","email":"865e4b55dd4931ee","ipAddress":"unknown","userAgent":"unknown","requestId":"556587f1-f7d3-419f-9afe-0acbc90ea97e","metadata":{"sessionId":"a4410a53-23c5-495b-a287-1b46b7998b6a"}}
{"eventId":"94cf2d22-5b1b-4846-8602-0bb8e2f7869e","eventType":"auth.logout.success","timestamp":"2025-12-02T17:11:25.849Z","outcome":"success","userId":"fb346994-2615-4fae-8399-239f8905d317","email":"865e4b55dd4931ee","ipAddress":"unknown","userAgent":"unknown","requestId":"695785d4-7366-4308-89b9-69668d8dc076","metadata":{"sessionId":"21e2e610-2992-4e7e-8103-49b02011350a"}}
{"eventId":"1fa45815-ead9-4ae6-875a-30eb07436aa4","eventType":"auth.logout.success","timestamp":"2025-12-02T17:11:25.866Z","outcome":"success","userId":"fb346994-2615-4fae-8399-239f8905d317","email":"865e4b55dd4931ee","ipAddress":"unknown","userAgent":"unknown","requestId":"ec503beb-21fe-4e2f-b108-d681a06d2f31","metadata":{"sessionId":"2b287fb8-df2c-46ce-8904-636056466c41"}}
{"eventId":"bd693b8d-2ab3-459f-ab70-427844b62edb","eventType":"auth.logout.success","timestamp":"2025-12-02T17:11:25.870Z","outcome":"success","userId":"fb346994-2615-4fae-8399-239f8905d317","email":"865e4b55dd4931ee","ipAddress":"unknown","userAgent":"unknown","requestId":"d8dee818-d807-4524-9b6b-1ff4f2d80c36","metadata":{"sessionId":"07c3d276-db27-4df6-86ee-97fb4910c9e7"}}
{"eventId":"c0222ee9-63c4-4ac8-b406-6090d34b9f1d","eventType":"auth.logout.success","timestamp":"2025-12-02T17:11:25.874Z","outcome":"success","userId":"fb346994-2615-4fae-8399-239f8905d317","email":"865e4b55dd4931ee","ipAddress":"unknown","userAgent":"unknown","requestId":"4a6ce6ff-f9d7-49b0-b648-3eaf8b06da32","metadata":{"sessionId":"7547c202-8d4d-4d7f-8fdd-6772468c5696"}}
{"eventId":"3755e183-8603-4435-8d93-6e919fde18d1","eventType":"auth.logout.success","timestamp":"2025-12-02T17:11:25.887Z","outcome":"success","userId":"fb346994-2615-4fae-8399-239f8905d317","email":"865e4b55dd4931ee","ipAddress":"unknown","userAgent":"unknown","requestId":"20152c16-4ed1-4d71-8d2c-17d0c165b39e","metadata":{"sessionId":"0fb372a4-c437-41ad-9c15-30bfcaf0d620"}}
{"eventId":"892b0888-348b-4090-b4a1-3937d3ea4dea","eventType":"auth.logout.success","timestamp":"2025-12-02T17:11:25.890Z","outcome":"success","userId":"fb346994-2615-4fae-8399-239f8905d317","email":"865e4b55dd4931ee","ipAddress":"unknown","userAgent":"unknown","requestId":"50e1bf1c-ce76-44ce-b8a8-4cd99fca6cf3","metadata":{"sessionId":"78bdefd1-3c1b-49c9-ab9c-6b5bf73f037f"}}
{"eventId":"407055c0-aeeb-413b-878d-0f461392465c","eventType":"auth.logout.success","timestamp":"2025-12-02T17:11:25.898Z","outcome":"success","userId":"fb346994-2615-4fae-8399-239f8905d317","email":"865e4b55dd4931ee","ipAddress":"unknown","userAgent":"unknown","requestId":"64937011-6251-4d3c-8ee1-0962b0b3f4bf","metadata":{"sessionId":"273e015f-9236-4a4e-b1d6-f26533c9ad2d"}}
{"eventId":"467ba646-c96c-4c3b-bc55-bb3036b1676a","eventType":"auth.logout.success","timestamp":"2025-12-02T17:11:25.903Z","outcome":"success","userId":"fb346994-2615-4fae-8399-239f8905d317","email":"865e4b55dd4931ee","ipAddress":"unknown","userAgent":"unknown","requestId":"45e326c2-66e1-4f49-94b9-6bb6cffec291","metadata":{"sessionId":"7a71eb50-22f9-445c-a183-8bbe9cf2a73e"}}
{"eventId":"faa9381c-aed6-4a93-8581-1c63a4fcd9f0","eventType":"auth.logout.success","timestamp":"2025-12-02T17:11:25.907Z","outcome":"success","userId":"fb346994-2615-4fae-8399-239f8905d317","email":"865e4b55dd4931ee","ipAddress":"unknown","userAgent":"unknown","requestId":"6f4a3782-dbc7-4828-9f01-6642a9705244","metadata":{"sessionId":"5c32d337-0102-4efe-8e05-ebe68b767f0f"}}
{"eventId":"aa2ab40c-a31b-414d-9042-b6de7e3f79be","eventType":"auth.logout.success","timestamp":"2025-12-02T17:11:25.914Z","outcome":"success","userId":"fb346994-2615-4fae-8399-239f8905d317","email":"865e4b55dd4931ee","ipAddress":"unknown","userAgent":"unknown","requestId":"2bb6151c-c489-4e26-a1e2-8d22d1bbd5f2","metadata":{"sessionId":"7c200512-fb86-4567-9092-01af3dc92d10"}}
{"eventId":"4c2210f8-a5f0-435f-86aa-c99b97bc5245","eventType":"auth.logout.success","timestamp":"2025-12-02T17:11:25.927Z","outcome":"success","userId":"fb346994-2615-4fae-8399-239f8905d317","email":"865e4b55dd4931ee","ipAddress":"unknown","userAgent":"unknown","requestId":"1e318c84-2c34-41fa-906f-574bf7f0ef56","metadata":{"sessionId":"75d7e982-9c18-47fd-a0b2-df3c44125f54"}}
{"eventId":"90bc5011-901a-4205-be03-d4cded31dcc3","eventType":"auth.logout.success","timestamp":"2025-12-02T17:11:25.937Z","outcome":"success","userId":"fb346994-2615-4fae-8399-239f8905d317","email":"865e4b55dd4931ee","ipAddress":"unknown","userAgent":"unknown","requestId":"9154b953-85d4-4635-9523-bdb0292132c0","metadata":{"sessionId":"e8884a57-4181-4ba6-8336-3fa801f4169e"}}
{"eventId":"c56bc104-8fb0-4443-a2eb-3b03fe082032","eventType":"auth.logout.success","timestamp":"2025-12-02T17:11:25.940Z","outcome":"success","userId":"fb346994-2615-4fae-8399-239f8905d317","email":"865e4b55dd4931ee","ipAddress":"unknown","userAgent":"unknown","requestId":"466ca954-5698-4fe1-b4cb-c5f880150c9f","metadata":{"sessionId":"14bbe9f8-0bb7-439f-a308-b5f1bd1e3303"}}
{"eventId":"0613ec48-055f-4331-a141-54116baf4eda","eventType":"auth.logout.success","timestamp":"2025-12-02T17:11:25.944Z","outcome":"success","userId":"fb346994-2615-4fae-8399-239f8905d317","email":"865e4b55dd4931ee","ipAddress":"unknown","userAgent":"unknown","requestId":"b5175c56-1991-49d1-9e39-15f10d7b37b4","metadata":{"sessionId":"d3f76bbf-2b66-41fd-bf2a-9e22c92bcd30"}}
{"eventId":"63b83ff8-4c11-45b1-8b4b-74a8bebf7088","eventType":"auth.logout.success","timestamp":"2025-12-02T17:11:25.949Z","outcome":"success","userId":"fb346994-2615-4fae-8399-239f8905d317","email":"865e4b55dd4931ee","ipAddress":"unknown","userAgent":"unknown","requestId":"87773694-3454-446a-b8d8-7e77c4e89555","metadata":{"sessionId":"43688143-e3fb-4f15-857e-4102293caf72"}}
{"eventId":"d9559a53-2500-4fdf-af45-2ada994d1028","eventType":"auth.logout.success","timestamp":"2025-12-02T17:11:25.952Z","outcome":"success","userId":"fb346994-2615-4fae-8399-239f8905d317","email":"865e4b55dd4931ee","ipAddress":"unknown","userAgent":"unknown","requestId":"c336a4c4-d06d-4e17-99e9-92fa098eb491","metadata":{"sessionId":"374c2928-0a16-4c21-9142-a286422a9c4a"}}
{"eventId":"96dce613-72e7-4a05-a096-253799bde61f","eventType":"auth.logout.success","timestamp":"2025-12-02T17:11:25.958Z","outcome":"success","userId":"fb346994-2615-4fae-8399-239f8905d317","email":"865e4b55dd4931ee","ipAddress":"unknown","userAgent":"unknown","requestId":"f84fc4d2-2ebd-4c99-8766-2dd39c931a0e","metadata":{"sessionId":"6c923059-4784-4b77-9e6e-a96baa1fdf68"}}
{"eventId":"dae6a07b-cb11-464d-9b24-030150aa10cd","eventType":"auth.logout.success","timestamp":"2025-12-02T17:11:25.965Z","outcome":"success","userId":"fb346994-2615-4fae-8399-239f8905d317","email":"865e4b55dd4931ee","ipAddress":"unknown","userAgent":"unknown","requestId":"59a871de-b2d1-4bef-b9b4-3f22284e8c8a","metadata":{"sessionId":"05a69ebf-caff-4899-9bd3-52833bb09863"}}
{"eventId":"dcba7d87-5558-42c4-a568-f8b01db6da5e","eventType":"auth.logout.success","timestamp":"2025-12-02T17:11:25.991Z","outcome":"success","userId":"fb346994-2615-4fae-8399-239f8905d317","email":"865e4b55dd4931ee","ipAddress":"unknown","userAgent":"unknown","requestId":"342b0866-05e7-403c-8c41-c4214a2d6423","metadata":{"sessionId":"15eddff4-077f-4353-ab39-fe740031f600"}}
{"eventId":"37f498d9-0b80-4a69-a788-9ceb83251b0f","eventType":"auth.logout.success","timestamp":"2025-12-02T17:11:25.999Z","outcome":"success","userId":"fb346994-2615-4fae-8399-239f8905d317","email":"865e4b55dd4931ee","ipAddress":"unknown","userAgent":"unknown","requestId":"e9c068ed-dc39-4cb3-89b4-a92c9b509162","metadata":{"sessionId":"a6af241c-dbca-4558-956e-fe94ee47db7e"}}
{"eventId":"470fffd9-34fa-4af2-944d-422a9839605a","eventType":"auth.logout.success","timestamp":"2025-12-02T17:11:26.007Z","outcome":"success","userId":"fb346994-2615-4fae-8399-239f8905d317","email":"865e4b55dd4931ee","ipAddress":"unknown","userAgent":"unknown","requestId":"db8a1702-73cc-4469-9aed-d65198bb2324","metadata":{"sessionId":"4e8b98ba-f15e-4278-b450-92e5f2228ded"}}
{"eventId":"7dd8d622-51aa-4e76-bd26-d1020e826b02","eventType":"auth.logout.success","timestamp":"2025-12-02T17:11:26.023Z","outcome":"success","userId":"fb346994-2615-4fae-8399-239f8905d317","email":"865e4b55dd4931ee","ipAddress":"unknown","userAgent":"unknown","requestId":"76e4f5d2-c265-403a-8626-b12f9b9e72fa","metadata":{"sessionId":"ee4471eb-db03-4d2b-a701-ddb3f6ff8d63"}}
{"eventId":"ad289de9-93ac-4533-b271-ae050548fba1","eventType":"auth.logout.success","timestamp":"2025-12-02T17:11:26.072Z","outcome":"success","userId":"fb346994-2615-4fae-8399-239f8905d317","email":"865e4b55dd4931ee","ipAddress":"unknown","userAgent":"unknown","requestId":"5e1c6ec6-f520-438d-8b83-718ed0fa2022","metadata":{"sessionId":"d3825a7c-9b8b-400b-9b5c-3837f34d4532"}}
{"eventId":"ca0d4c27-3941-4493-ae64-92d31644b4b1","eventType":"auth.logout.success","timestamp":"2025-12-02T17:11:26.084Z","outcome":"success","userId":"fb346994-2615-4fae-8399-239f8905d317","email":"865e4b55dd4931ee","ipAddress":"unknown","userAgent":"unknown","requestId":"7477bbc7-447c-4cf2-9611-a19adc1cdef7","metadata":{"sessionId":"daf865e6-7362-4449-849e-be0ca0cf2dd7"}}
{"eventId":"6068ba1f-0157-45ef-9d8e-853f2d81a0af","eventType":"auth.logout.success","timestamp":"2025-12-02T17:11:26.096Z","outcome":"success","userId":"fb346994-2615-4fae-8399-239f8905d317","email":"865e4b55dd4931ee","ipAddress":"unknown","userAgent":"unknown","requestId":"d3a72ff6-57f5-4e8d-92f2-94c745b983d5","metadata":{"sessionId":"7addd0d6-1ea8-4ca6-ad3d-ae3d148b8b2f"}}
{"eventId":"2b9b3a9a-2c4f-49e9-848b-b16054c17e23","eventType":"auth.logout.success","timestamp":"2025-12-02T17:11:26.101Z","outcome":"success","userId":"fb346994-2615-4fae-8399-239f8905d317","email":"865e4b55dd4931ee","ipAddress":"unknown","userAgent":"unknown","requestId":"8b86f921-a056-432e-b6e3-c5991eb4c6cc","metadata":{"sessionId":"97b50a8a-0798-4ee3-a9ac-d2d729815b57"}}
{"eventId":"7d35f24c-5105-406c-8c45-ab9faffe8c09","eventType":"auth.logout.success","timestamp":"2025-12-02T17:11:26.114Z","outcome":"success","userId":"fb346994-2615-4fae-8399-239f8905d317","email":"865e4b55dd4931ee","ipAddress":"unknown","userAgent":"unknown","requestId":"9df520b7-5f57-46b2-a496-b653a05cd969","metadata":{"sessionId":"2e2146d0-60f0-48d5-9274-613b47921b61"}}
{"eventId":"b544c012-ad94-4386-81e2-0c62be695c1e","eventType":"auth.logout.success","timestamp":"2025-12-02T17:11:26.118Z","outcome":"success","userId":"fb346994-2615-4fae-8399-239f8905d317","email":"865e4b55dd4931ee","ipAddress":"unknown","userAgent":"unknown","requestId":"9d11f442-7430-46ab-9e70-dcc878d7e5d0","metadata":{"sessionId":"79762a80-74b7-43fb-b70a-76d95c752dad"}}
{"eventId":"49818ad4-25a1-453e-9dca-e941de68d7e9","eventType":"auth.logout.success","timestamp":"2025-12-02T17:11:26.122Z","outcome":"success","userId":"fb346994-2615-4fae-8399-239f8905d317","email":"865e4b55dd4931ee","ipAddress":"unknown","userAgent":"unknown","requestId":"a8493868-b965-4ef6-b1d5-c32a438f6898","metadata":{"sessionId":"f93365dd-c44c-4c75-82ce-c72936d3b6de"}}
{"eventId":"6b0f0289-d0ab-478e-80b4-6576c817d00a","eventType":"auth.logout.success","timestamp":"2025-12-02T17:11:26.136Z","outcome":"success","userId":"fb346994-2615-4fae-8399-239f8905d317","email":"865e4b55dd4931ee","ipAddress":"unknown","userAgent":"unknown","requestId":"8d6eaa84-372e-4385-a8aa-dbb62e3c4476","metadata":{"sessionId":"f1d9c8b3-6464-4c56-b7a8-92299fa82579"}}
{"eventId":"5eebc3de-4197-4b37-97f7-139ad71613f4","eventType":"auth.logout.success","timestamp":"2025-12-02T17:11:26.144Z","outcome":"success","userId":"fb346994-2615-4fae-8399-239f8905d317","email":"865e4b55dd4931ee","ipAddress":"unknown","userAgent":"unknown","requestId":"92f70882-4fcf-4a36-b1a2-c1c2b0d2e71c","metadata":{"sessionId":"dd7cd362-e4f8-4b13-b4df-40de4a0d1467"}}
{"eventId":"120c4909-9928-43e3-bdc7-9243196bc01d","eventType":"auth.logout.success","timestamp":"2025-12-02T17:11:26.160Z","outcome":"success","userId":"fb346994-2615-4fae-8399-239f8905d317","email":"865e4b55dd4931ee","ipAddress":"unknown","userAgent":"unknown","requestId":"56bc5b04-0ea4-4ff5-a8b3-9dba20730f6a","metadata":{"sessionId":"4c0fbcd1-a840-48ea-9ded-8ed0d9c520e1"}}
{"eventId":"e150d3aa-cefd-4320-a43b-c80d8011669d","eventType":"auth.logout.success","timestamp":"2025-12-02T17:11:26.172Z","outcome":"success","userId":"fb346994-2615-4fae-8399-239f8905d317","email":"865e4b55dd4931ee","ipAddress":"unknown","userAgent":"unknown","requestId":"3a7aebac-7baf-4346-a8f0-ff597de3b221","metadata":{"sessionId":"bb67d36a-84cf-40af-9dc6-36488cc41189"}}
{"eventId":"4d15eaec-4419-4fe0-a71d-de02a29ca84f","eventType":"auth.logout.success","timestamp":"2025-12-02T17:11:26.180Z","outcome":"success","userId":"fb346994-2615-4fae-8399-239f8905d317","email":"865e4b55dd4931ee","ipAddress":"unknown","userAgent":"unknown","requestId":"050d030c-3225-4d0f-ac63-a25242e611de","metadata":{"sessionId":"8100b8a7-74dc-4acf-aa9f-358919f6ce8f"}}
{"eventId":"844d26e5-32c5-41a4-9351-5f0a6defc6e0","eventType":"auth.logout.success","timestamp":"2025-12-02T17:11:26.184Z","outcome":"success","userId":"fb346994-2615-4fae-8399-239f8905d317","email":"865e4b55dd4931ee","ipAddress":"unknown","userAgent":"unknown","requestId":"5ffdb380-09e6-45b5-9ced-bf3dd01b646d","metadata":{"sessionId":"59247b74-9de3-4673-965b-bce45708eb89"}}
{"eventId":"61129e63-54fe-4aac-b040-ce1d09a633a4","eventType":"auth.logout.success","timestamp":"2025-12-02T17:11:26.187Z","outcome":"success","userId":"fb346994-2615-4fae-8399-239f8905d317","email":"865e4b55dd4931ee","ipAddress":"unknown","userAgent":"unknown","requestId":"5188ac4a-6e90-476a-a8ea-a5afa16d7bad","metadata":{"sessionId":"22cb58cf-222c-4584-a17f-0686fc259824"}}
{"eventId":"bdce746e-4fa5-4f8f-951d-bd5ff9b8ea7f","eventType":"auth.logout.success","timestamp":"2025-12-02T17:11:26.191Z","outcome":"success","userId":"fb346994-2615-4fae-8399-239f8905d317","email":"865e4b55dd4931ee","ipAddress":"unknown","userAgent":"unknown","requestId":"6e062c43-c5e7-4989-9f68-1a4bdd92a66c","metadata":{"sessionId":"78b34ed6-3359-4149-975b-085ebc27f84d"}}
{"eventId":"210e9c5a-d6da-4128-9e5e-bf70997fceb4","eventType":"auth.logout.success","timestamp":"2025-12-02T17:11:26.202Z","outcome":"success","userId":"fb346994-2615-4fae-8399-239f8905d317","email":"865e4b55dd4931ee","ipAddress":"unknown","userAgent":"unknown","requestId":"bd4fc03d-8827-4f87-a164-901b22bac65e","metadata":{"sessionId":"69a5790f-be15-4762-b839-c157abcb05bb"}}
{"eventId":"d7bfb1b0-8434-4411-8041-a0388bfb3d6c","eventType":"auth.logout.success","timestamp":"2025-12-02T17:11:26.210Z","outcome":"success","userId":"fb346994-2615-4fae-8399-239f8905d317","email":"865e4b55dd4931ee","ipAddress":"unknown","userAgent":"unknown","requestId":"fd560bc5-24a3-4357-b40b-57836ad12b21","metadata":{"sessionId":"04f55ca4-2331-4edc-afc2-b0b88ccd98da"}}
{"eventId":"7d522784-2acd-4e0c-8855-96ed3d6302a5","eventType":"auth.logout.success","timestamp":"2025-12-02T17:11:26.216Z","outcome":"success","userId":"fb346994-2615-4fae-8399-239f8905d317","email":"865e4b55dd4931ee","ipAddress":"unknown","userAgent":"unknown","requestId":"d400b17b-62af-4e0d-ad35-85a7c27f64da","metadata":{"sessionId":"caf8b4ad-e544-4b62-b976-961ae55fc064"}}
{"eventId":"e17c0b14-9f20-4beb-992f-978a1c98ea78","eventType":"auth.logout.success","timestamp":"2025-12-02T17:11:26.258Z","outcome":"success","userId":"fb346994-2615-4fae-8399-239f8905d317","email":"865e4b55dd4931ee","ipAddress":"unknown","userAgent":"unknown","requestId":"c3e459d7-a5d9-4ff7-85f4-64791853bfe7","metadata":{"sessionId":"97827d6b-b72f-46f1-bdaa-b6a0895a538d"}}
{"eventId":"8714a795-9994-4dde-8bb5-550e8d2adbba","eventType":"auth.logout.success","timestamp":"2025-12-02T17:11:26.262Z","outcome":"success","userId":"fb346994-2615-4fae-8399-239f8905d317","email":"865e4b55dd4931ee","ipAddress":"unknown","userAgent":"unknown","requestId":"b50f9efb-dcb7-44a1-b494-194490c81bb5","metadata":{"sessionId":"5afb7f7e-3b45-4b48-adb4-b62889a45589"}}
{"eventId":"7f1af842-ec56-4ea5-8181-4bf7719ccbd2","eventType":"auth.logout.success","timestamp":"2025-12-02T17:11:26.266Z","outcome":"success","userId":"fb346994-2615-4fae-8399-239f8905d317","email":"865e4b55dd4931ee","ipAddress":"unknown","userAgent":"unknown","requestId":"c7962c91-d1b9-4d92-abce-6137188a5f48","metadata":{"sessionId":"a8297764-80f7-4ec8-8f23-5b33224ecddb"}}
{"eventId":"a5390f72-651f-4701-8f54-40522b79edde","eventType":"auth.logout.success","timestamp":"2025-12-02T17:11:26.280Z","outcome":"success","userId":"fb346994-2615-4fae-8399-239f8905d317","email":"865e4b55dd4931ee","ipAddress":"unknown","userAgent":"unknown","requestId":"bc208bf3-1eed-4d81-8d81-e6642dfcaaeb","metadata":{"sessionId":"d005b5bf-6a43-43a3-80ed-2a784e088409"}}
{"eventId":"89ab579a-8d0d-4c22-be0d-e88b66adcd5c","eventType":"auth.logout.success","timestamp":"2025-12-02T17:11:26.287Z","outcome":"success","userId":"fb346994-2615-4fae-8399-239f8905d317","email":"865e4b55dd4931ee","ipAddress":"unknown","userAgent":"unknown","requestId":"8be302f9-0847-4bed-b6e7-d9e4167a4ed3","metadata":{"sessionId":"8cae6753-bd9d-4f5c-b583-fa0e02155165"}}
{"eventId":"f7a223a4-0c44-4db8-b07b-13a819bf6962","eventType":"auth.logout.success","timestamp":"2025-12-02T17:11:26.291Z","outcome":"success","userId":"fb346994-2615-4fae-8399-239f8905d317","email":"865e4b55dd4931ee","ipAddress":"unknown","userAgent":"unknown","requestId":"b609c215-53ae-45ab-bbc5-062586c83fb0","metadata":{"sessionId":"84d791f3-7e0d-4764-8610-ebcd45b4b2f5"}}
{"eventId":"8316a0ac-4cb3-4099-81a6-7784c212774f","eventType":"auth.logout.success","timestamp":"2025-12-02T17:11:26.295Z","outcome":"success","userId":"fb346994-2615-4fae-8399-239f8905d317","email":"865e4b55dd4931ee","ipAddress":"unknown","userAgent":"unknown","requestId":"b0ed92ac-6b85-49c3-95b7-95ffb3072b9c","metadata":{"sessionId":"23da50c2-587d-4048-9df9-b68acc4d4385"}}
{"eventId":"5af359b4-d620-4efb-92ff-227615709a38","eventType":"auth.logout.success","timestamp":"2025-12-02T17:11:26.314Z","outcome":"success","userId":"fb346994-2615-4fae-8399-239f8905d317","email":"865e4b55dd4931ee","ipAddress":"unknown","userAgent":"unknown","requestId":"f757eeae-90af-4a62-a70f-ad78eac351cd","metadata":{"sessionId":"100c0439-fcca-4173-8c5b-0d1f685fc33d"}}
{"eventId":"f402ef50-e1c2-4b73-80d7-d473c129653d","eventType":"auth.logout.success","timestamp":"2025-12-02T17:11:26.325Z","outcome":"success","userId":"fb346994-2615-4fae-8399-239f8905d317","email":"865e4b55dd4931ee","ipAddress":"unknown","userAgent":"unknown","requestId":"e4528a88-dbb7-4544-908d-415a90569e13","metadata":{"sessionId":"f1613cf6-cda8-40f4-ac5e-45d46488003a"}}
{"eventId":"ab3088ab-091c-4a64-973d-b1a1947c1683","eventType":"auth.logout.success","timestamp":"2025-12-02T17:11:26.335Z","outcome":"success","userId":"fb346994-2615-4fae-8399-239f8905d317","email":"865e4b55dd4931ee","ipAddress":"unknown","userAgent":"unknown","requestId":"3c31d0e8-30bc-4f3d-bee6-34f08bc429aa","metadata":{"sessionId":"f08376fa-ef58-42b9-ab3a-2f86e7c8dd1d"}}
{"eventId":"38f5a60e-e338-4ec7-b9d1-8a033d7d27f2","eventType":"auth.logout.success","timestamp":"2025-12-02T17:11:26.351Z","outcome":"success","userId":"fb346994-2615-4fae-8399-239f8905d317","email":"865e4b55dd4931ee","ipAddress":"unknown","userAgent":"unknown","requestId":"81d05ea3-7257-471f-90c7-dd04c11781de","metadata":{"sessionId":"73e7db46-7b7b-4a84-8d64-1375e030297c"}}
{"eventId":"4905f109-cef8-4e0b-92f9-690c6eae6db8","eventType":"auth.logout.success","timestamp":"2025-12-02T17:11:26.374Z","outcome":"success","userId":"fb346994-2615-4fae-8399-239f8905d317","email":"865e4b55dd4931ee","ipAddress":"unknown","userAgent":"unknown","requestId":"ce9112be-0eac-464d-81a8-5960b6d8a02c","metadata":{"sessionId":"315897f5-eaf7-4ab4-b6af-ad0de7b3dbc8"}}
{"eventId":"6487bfbc-8d93-4297-9394-196341e06330","eventType":"auth.logout.success","timestamp":"2025-12-02T17:11:26.383Z","outcome":"success","userId":"fb346994-2615-4fae-8399-239f8905d317","email":"865e4b55dd4931ee","ipAddress":"unknown","userAgent":"unknown","requestId":"cc574509-643c-4a17-8a15-a8e660bb33ad","metadata":{"sessionId":"f2271773-89f4-40cf-918c-aac7a3126b7a"}}
{"eventId":"ccc357c2-6b55-4513-9e12-dd82fec5727d","eventType":"auth.logout.success","timestamp":"2025-12-02T17:11:26.407Z","outcome":"success","userId":"fb346994-2615-4fae-8399-239f8905d317","email":"865e4b55dd4931ee","ipAddress":"unknown","userAgent":"unknown","requestId":"26d6b15c-45b6-427f-ac57-9d4f667fafcd","metadata":{"sessionId":"7cdf5002-dbc4-43cb-81b1-64c04d870814"}}
{"eventId":"697febb9-75ed-4b03-8ce0-739c881c891f","eventType":"auth.logout.success","timestamp":"2025-12-02T17:11:26.416Z","outcome":"success","userId":"fb346994-2615-4fae-8399-239f8905d317","email":"865e4b55dd4931ee","ipAddress":"unknown","userAgent":"unknown","requestId":"dc9d14d4-073c-45cb-82fe-963419ea67b6","metadata":{"sessionId":"9f964bf8-da6f-44b6-9447-0b8f55ceadf7"}}
{"eventId":"c59fc74c-4e1c-41e2-a41c-de10e6ec0716","eventType":"auth.logout.success","timestamp":"2025-12-02T17:11:26.420Z","outcome":"success","userId":"fb346994-2615-4fae-8399-239f8905d317","email":"865e4b55dd4931ee","ipAddress":"unknown","userAgent":"unknown","requestId":"0143672d-12e4-427b-827e-07bd5461f026","metadata":{"sessionId":"44d60bb3-da6b-498b-a1ed-bf0e098dfbe8"}}
{"eventId":"b7ca3867-d57b-4bce-84ae-adda6f3f8ceb","eventType":"auth.logout.success","timestamp":"2025-12-02T17:11:26.442Z","outcome":"success","userId":"fb346994-2615-4fae-8399-239f8905d317","email":"865e4b55dd4931ee","ipAddress":"unknown","userAgent":"unknown","requestId":"922e5988-5f56-4436-8b50-febdc2bdf6d3","metadata":{"sessionId":"1f0744a1-c271-414a-8a2f-51be9aa88295"}}
{"eventId":"cf32e005-95e6-4f51-99f8-72b6996a639d","eventType":"auth.logout.success","timestamp":"2025-12-02T17:11:26.470Z","outcome":"success","userId":"fb346994-2615-4fae-8399-239f8905d317","email":"865e4b55dd4931ee","ipAddress":"unknown","userAgent":"unknown","requestId":"a21bad70-b471-4214-abe7-a3d16cb87013","metadata":{"sessionId":"d29ef245-fc28-4dfd-baab-ec26bb97fe90"}}
{"eventId":"c303ba25-0071-4a15-97ea-c35b4c0feb01","eventType":"auth.logout.success","timestamp":"2025-12-02T17:11:26.485Z","outcome":"success","userId":"fb346994-2615-4fae-8399-239f8905d317","email":"865e4b55dd4931ee","ipAddress":"unknown","userAgent":"unknown","requestId":"6796cd5a-b54c-4100-858b-fd916afcf797","metadata":{"sessionId":"f3ce77b3-223d-461d-a557-80cba25d103c"}}
{"eventId":"33537a4e-dcb4-4475-981e-869d89f7aedb","eventType":"auth.logout.success","timestamp":"2025-12-02T17:11:26.491Z","outcome":"success","userId":"fb346994-2615-4fae-8399-239f8905d317","email":"865e4b55dd4931ee","ipAddress":"unknown","userAgent":"unknown","requestId":"dc6a2f5c-270e-47aa-8893-89594c55bbef","metadata":{"sessionId":"b9fae120-8511-468c-be5c-a933c6bb3359"}}
{"eventId":"0ad6cb21-9011-40f8-8fd0-65d688a2672a","eventType":"auth.logout.success","timestamp":"2025-12-02T17:11:26.502Z","outcome":"success","userId":"fb346994-2615-4fae-8399-239f8905d317","email":"865e4b55dd4931ee","ipAddress":"unknown","userAgent":"unknown","requestId":"fd146025-a08e-450f-b5c8-c5dae9a4299d","metadata":{"sessionId":"dc2ac140-ab0a-4da0-8901-8d7e6202ac9a"}}
{"eventId":"78c45fab-df5f-4551-921e-e9fbdf8aabd3","eventType":"auth.logout.success","timestamp":"2025-12-02T17:11:26.509Z","outcome":"success","userId":"fb346994-2615-4fae-8399-239f8905d317","email":"865e4b55dd4931ee","ipAddress":"unknown","userAgent":"unknown","requestId":"f78110c3-35d5-4d12-8b3e-45fe3ea8f8a1","metadata":{"sessionId":"102c6fbb-46a6-4a14-9b7b-fc52b0bb887c"}}
{"eventId":"b2851341-d653-47ca-90da-d697eb2d29bc","eventType":"auth.logout.success","timestamp":"2025-12-02T17:11:26.530Z","outcome":"success","userId":"fb346994-2615-4fae-8399-239f8905d317","email":"865e4b55dd4931ee","ipAddress":"unknown","userAgent":"unknown","requestId":"f6c0f503-bb5d-401d-b7a8-821e89e00e91","metadata":{"sessionId":"3405d3b3-3293-44d3-8668-c2a669800ca2"}}
{"eventId":"32b6e09b-9cf1-49d9-a894-5563adfe1aa0","eventType":"auth.logout.success","timestamp":"2025-12-02T17:11:26.577Z","outcome":"success","userId":"fb346994-2615-4fae-8399-239f8905d317","email":"865e4b55dd4931ee","ipAddress":"unknown","userAgent":"unknown","requestId":"7d3c0254-7f06-4938-95f9-ecfbba9cbbed","metadata":{"sessionId":"e780a8fa-c7a7-4050-9e1a-7dfe2626157f"}}
{"eventId":"09dfc5fb-c323-4bbb-b8ee-919af75a46f9","eventType":"auth.logout.success","timestamp":"2025-12-02T17:11:26.601Z","outcome":"success","userId":"fb346994-2615-4fae-8399-239f8905d317","email":"865e4b55dd4931ee","ipAddress":"unknown","userAgent":"unknown","requestId":"85024b5b-e6b6-4694-8719-297f6ade8508","metadata":{"sessionId":"66de1380-87d9-48da-8dd9-31ca17076c16"}}
{"eventId":"2cf57e19-a894-4c9a-88b4-69465178ab4d","eventType":"auth.logout.success","timestamp":"2025-12-02T17:11:26.607Z","outcome":"success","userId":"fb346994-2615-4fae-8399-239f8905d317","email":"865e4b55dd4931ee","ipAddress":"unknown","userAgent":"unknown","requestId":"05ff1677-abef-43af-a507-f43cf6257334","metadata":{"sessionId":"7e79513b-6029-4912-b260-d06b245c2b4b"}}
{"eventId":"dd057bce-fd7b-49a1-9a16-0b7e8d683071","eventType":"auth.logout.success","timestamp":"2025-12-02T17:11:26.611Z","outcome":"success","userId":"fb346994-2615-4fae-8399-239f8905d317","email":"865e4b55dd4931ee","ipAddress":"unknown","userAgent":"unknown","requestId":"7108934a-8393-4d30-8146-74fbd952b9c1","metadata":{"sessionId":"0e238d94-b15c-48e1-b87e-2ca064933b3d"}}
{"eventId":"443c80e3-f41f-4ee3-86be-d5f57b797d22","eventType":"auth.logout.success","timestamp":"2025-12-02T17:11:26.661Z","outcome":"success","userId":"fb346994-2615-4fae-8399-239f8905d317","email":"865e4b55dd4931ee","ipAddress":"unknown","userAgent":"unknown","requestId":"4b9c032d-c28e-43ea-a948-08ce7e0da354","metadata":{"sessionId":"7037a0a6-2661-4d81-afb8-f3a512651e6c"}}
{"eventId":"36f0f4a4-040b-4957-ab20-ceb21ae4abfa","eventType":"auth.logout.success","timestamp":"2025-12-02T17:11:26.672Z","outcome":"success","userId":"fb346994-2615-4fae-8399-239f8905d317","email":"865e4b55dd4931ee","ipAddress":"unknown","userAgent":"unknown","requestId":"6515170f-cc39-4491-9e61-fdee97dc8cf3","metadata":{"sessionId":"6bbae8c6-2c05-4846-b5db-66b333efeb14"}}
{"eventId":"bda77646-5efb-41d9-aaa0-c8ac838281e1","eventType":"auth.logout.success","timestamp":"2025-12-02T17:11:26.681Z","outcome":"success","userId":"fb346994-2615-4fae-8399-239f8905d317","email":"865e4b55dd4931ee","ipAddress":"unknown","userAgent":"unknown","requestId":"5ff8bd6c-2415-4634-813f-7f48a9160f27","metadata":{"sessionId":"0e1e0a28-a45f-4366-bd34-fd85e47f72b9"}}
{"eventId":"8131ff9f-5bce-49c9-976a-a3ddb77a02e0","eventType":"auth.logout.success","timestamp":"2025-12-02T17:11:26.685Z","outcome":"success","userId":"fb346994-2615-4fae-8399-239f8905d317","email":"865e4b55dd4931ee","ipAddress":"unknown","userAgent":"unknown","requestId":"9c0b9994-6f93-4a11-83ad-b91a76435821","metadata":{"sessionId":"2adc8ad2-4a2b-407e-b478-6e87050d4e26"}}
{"eventId":"3dec6f23-5ee0-4af4-b532-1185e2178172","eventType":"auth.logout.success","timestamp":"2025-12-02T17:11:26.688Z","outcome":"success","userId":"fb346994-2615-4fae-8399-239f8905d317","email":"865e4b55dd4931ee","ipAddress":"unknown","userAgent":"unknown","requestId":"35f1b908-ff00-4ef4-8cab-96fff6d8e307","metadata":{"sessionId":"fefc4d78-2de4-4e37-b33b-38372233b62f"}}
{"eventId":"a43c167c-c83b-46f4-9b10-05b5de4d9d19","eventType":"auth.logout.success","timestamp":"2025-12-02T17:11:26.692Z","outcome":"success","userId":"fb346994-2615-4fae-8399-239f8905d317","email":"865e4b55dd4931ee","ipAddress":"unknown","userAgent":"unknown","requestId":"6a92c723-08c3-4955-b3aa-879cf29ce97c","metadata":{"sessionId":"5985801a-6d84-4a0d-a67a-32b6f219539b"}}
{"eventId":"750abc1d-1a67-4138-8812-e55959f4efb2","eventType":"auth.logout.success","timestamp":"2025-12-02T17:11:26.699Z","outcome":"success","userId":"fb346994-2615-4fae-8399-239f8905d317","email":"865e4b55dd4931ee","ipAddress":"unknown","userAgent":"unknown","requestId":"2c2eb2c7-9ff3-4ddb-9b43-0da1ac43a5ff","metadata":{"sessionId":"02edac7e-1dab-4b86-a17e-286d521ed632"}}
{"eventId":"2a7f693d-d83b-49b2-9251-b8b71acc17d5","eventType":"auth.logout.success","timestamp":"2025-12-02T17:11:26.702Z","outcome":"success","userId":"fb346994-2615-4fae-8399-239f8905d317","email":"865e4b55dd4931ee","ipAddress":"unknown","userAgent":"unknown","requestId":"0497790d-e73f-46cd-acd9-3598037ec576","metadata":{"sessionId":"45982197-596d-425b-94bf-37300da7e0d8"}}
{"eventId":"e8d10184-e836-4829-8d81-a62755f15b37","eventType":"auth.logout.success","timestamp":"2025-12-02T17:11:26.712Z","outcome":"success","userId":"fb346994-2615-4fae-8399-239f8905d317","email":"865e4b55dd4931ee","ipAddress":"unknown","userAgent":"unknown","requestId":"47553314-f184-4cd6-8c5b-e6a47253e83a","metadata":{"sessionId":"50744a82-b683-436b-8c8a-679aa11f8125"}}
{"eventId":"33a661e5-59c8-48fe-8602-9e1d004aeb9f","eventType":"auth.logout.success","timestamp":"2025-12-02T17:11:26.717Z","outcome":"success","userId":"fb346994-2615-4fae-8399-239f8905d317","email":"865e4b55dd4931ee","ipAddress":"unknown","userAgent":"unknown","requestId":"06bd9b37-d340-4493-b616-59b73fc5799f","metadata":{"sessionId":"17bfbaa8-dbdf-4351-9f74-11ab89bfe53b"}}
{"eventId":"424115a8-4f78-468e-8562-0bc8dbd1ede1","eventType":"auth.logout.success","timestamp":"2025-12-02T17:11:26.745Z","outcome":"success","userId":"fb346994-2615-4fae-8399-239f8905d317","email":"865e4b55dd4931ee","ipAddress":"unknown","userAgent":"unknown","requestId":"7ec23579-3f7e-4879-97ee-52c00d1620d7","metadata":{"sessionId":"2c1b8387-24e5-4918-9424-41749123ba0e"}}
{"eventId":"731ab372-6f1c-426d-bf67-6ef90e10a631","eventType":"auth.logout.success","timestamp":"2025-12-02T17:11:26.751Z","outcome":"success","userId":"fb346994-2615-4fae-8399-239f8905d317","email":"865e4b55dd4931ee","ipAddress":"unknown","userAgent":"unknown","requestId":"503dc166-4ee5-4c3b-97a8-e86ef78a44d9","metadata":{"sessionId":"9e8bc701-33ca-4ad7-9ae3-50d4895fa0b8"}}
{"eventId":"9fc491da-b419-490c-8441-948bfb4e090f","eventType":"auth.logout.success","timestamp":"2025-12-02T17:11:26.755Z","outcome":"success","userId":"fb346994-2615-4fae-8399-239f8905d317","email":"865e4b55dd4931ee","ipAddress":"unknown","userAgent":"unknown","requestId":"53b2ae2a-35d3-4fa6-b903-b8ee631f5604","metadata":{"sessionId":"9970c6e6-7fc6-4fc7-8b42-3a8ff6202486"}}
{"eventId":"aba25a11-8262-4d3b-af41-e529af33194c","eventType":"auth.logout.success","timestamp":"2025-12-02T17:11:26.759Z","outcome":"success","userId":"fb346994-2615-4fae-8399-239f8905d317","email":"865e4b55dd4931ee","ipAddress":"unknown","userAgent":"unknown","requestId":"3550b126-b009-40b8-8db4-497ea93b063f","metadata":{"sessionId":"1b42ba77-38ab-475d-991f-88f4f7f33892"}}
{"eventId":"ce0d9892-3b96-4bb3-aa0e-1d7b23d3ca6c","eventType":"auth.logout.success","timestamp":"2025-12-02T17:11:26.768Z","outcome":"success","userId":"fb346994-2615-4fae-8399-239f8905d317","email":"865e4b55dd4931ee","ipAddress":"unknown","userAgent":"unknown","requestId":"cc7b2884-530c-4701-b334-cc25ff51071e","metadata":{"sessionId":"c0608538-4c0e-448f-ba8d-6ecc37b60f76"}}
{"eventId":"20894260-171e-4634-b7ae-22a9d49a6923","eventType":"auth.logout.success","timestamp":"2025-12-02T17:11:26.771Z","outcome":"success","userId":"fb346994-2615-4fae-8399-239f8905d317","email":"865e4b55dd4931ee","ipAddress":"unknown","userAgent":"unknown","requestId":"f35a24e5-4a79-41e9-952b-358073554aca","metadata":{"sessionId":"e2142a2d-fbe3-48fc-adf4-13990f0d93d6"}}
{"eventId":"0b5897fd-6881-46ae-9d49-396509e5915d","eventType":"auth.logout.success","timestamp":"2025-12-02T17:11:26.775Z","outcome":"success","userId":"fb346994-2615-4fae-8399-239f8905d317","email":"865e4b55dd4931ee","ipAddress":"unknown","userAgent":"unknown","requestId":"2e681e55-b192-4253-a8fb-1c4847d75c45","metadata":{"sessionId":"427ec423-ffc1-4fc5-9e97-e24c021be6c8"}}
{"eventId":"2c72ee27-d0e4-4afa-ba25-c963eadf1bb2","eventType":"auth.logout.success","timestamp":"2025-12-02T17:11:26.784Z","outcome":"success","userId":"fb346994-2615-4fae-8399-239f8905d317","email":"865e4b55dd4931ee","ipAddress":"unknown","userAgent":"unknown","requestId":"b23713ab-af28-44be-aa5e-4ac9c47d8597","metadata":{"sessionId":"88e4b816-cf73-42f0-a036-427809ae8f9b"}}

stdout | src/server/auth/__tests__/rbac.test.ts > RBAC - Property-Based Tests > Property 18: Verified users receive default roles
[2025-12-02T17:11:26.902Z] [App] [INFO] rbac.assign_role.success {
  userId: 'a17abe50-da6c-4f21-a1ab-81bbd722e458',
  role: 'TEAM_MEMBER',
  resourceType: 'team',
  resourceId: 'a446c2f4-9bf6-4489-b2ad-5d73cb5fc107',
  roleId: '4a781eed-7a76-4f89-9d22-5bb1f730d551'
}

stderr | src/server/auth/__tests__/tokens.test.ts > Token Generation and Verification - Property-Based Tests > Property: Token signature verification
{"eventId":"16ba41d9-7aab-444f-aaaf-dee0276415d8","eventType":"auth.token.tampered","timestamp":"2025-12-02T17:11:24.150Z","outcome":"failure","userId":"c938ed0d-075e-48e9-af5e-6dabd353fd22X","errorCode":"INVALID_TOKEN_SIGNATURE","errorMessage":"Token signature is invalid","metadata":{"tokenType":"email_verification","reason":"invalid_signature"}}
{"eventId":"94627a7e-b7b4-4622-8b4c-3c7ecc4471af","eventType":"auth.token.tampered","timestamp":"2025-12-02T17:11:24.151Z","outcome":"failure","userId":"d2646609-b9de-41a9-97d6-68ac5146dd12X","errorCode":"INVALID_TOKEN_SIGNATURE","errorMessage":"Token signature is invalid","metadata":{"tokenType":"email_verification","reason":"invalid_signature"}}
{"eventId":"b60d0728-e88c-4f71-969c-253c4725e325","eventType":"auth.token.tampered","timestamp":"2025-12-02T17:11:24.153Z","outcome":"failure","userId":"9a66d3ff-10c7-4499-8ecf-efee25423e44X","errorCode":"INVALID_TOKEN_SIGNATURE","errorMessage":"Token signature is invalid","metadata":{"tokenType":"email_verification","reason":"invalid_signature"}}
{"eventId":"c1276749-e28f-41d0-8a15-c80a6a8d8f3b","eventType":"auth.token.tampered","timestamp":"2025-12-02T17:11:24.155Z","outcome":"failure","userId":"48e76dab-51a8-4d71-bcc7-72f4312325eaX","errorCode":"INVALID_TOKEN_SIGNATURE","errorMessage":"Token signature is invalid","metadata":{"tokenType":"email_verification","reason":"invalid_signature"}}
{"eventId":"bb85183b-2c75-4972-8a4a-c8c57fdee590","eventType":"auth.token.tampered","timestamp":"2025-12-02T17:11:24.156Z","outcome":"failure","userId":"3ca4c13d-c784-4257-afb5-c958cf15a19bX","errorCode":"INVALID_TOKEN_SIGNATURE","errorMessage":"Token signature is invalid","metadata":{"tokenType":"email_verification","reason":"invalid_signature"}}
{"eventId":"f5e40763-794a-42b2-ba69-34f83ed4207f","eventType":"auth.token.tampered","timestamp":"2025-12-02T17:11:24.156Z","outcome":"failure","userId":"f93488db-046a-4398-b7bd-79fae3cfcc8bX","errorCode":"INVALID_TOKEN_SIGNATURE","errorMessage":"Token signature is invalid","metadata":{"tokenType":"email_verification","reason":"invalid_signature"}}
{"eventId":"389b60dc-7bfc-416c-bd41-ee4558e37ef7","eventType":"auth.token.tampered","timestamp":"2025-12-02T17:11:24.157Z","outcome":"failure","userId":"73672dd8-8dcf-455f-9b7a-ae869c2430ccX","errorCode":"INVALID_TOKEN_SIGNATURE","errorMessage":"Token signature is invalid","metadata":{"tokenType":"email_verification","reason":"invalid_signature"}}
{"eventId":"8081c6bb-83ad-431f-9669-4c15c233b3f4","eventType":"auth.token.tampered","timestamp":"2025-12-02T17:11:24.159Z","outcome":"failure","userId":"23bf1b12-c129-438b-90a8-eb8aeb245c2dX","errorCode":"INVALID_TOKEN_SIGNATURE","errorMessage":"Token signature is invalid","metadata":{"tokenType":"email_verification","reason":"invalid_signature"}}
{"eventId":"b9bdd8b5-98a8-4fa6-845f-66d3c358b87a","eventType":"auth.token.tampered","timestamp":"2025-12-02T17:11:24.164Z","outcome":"failure","userId":"3c0ac3e3-d060-4558-a386-cc0b5b99e42bX","errorCode":"INVALID_TOKEN_SIGNATURE","errorMessage":"Token signature is invalid","metadata":{"tokenType":"email_verification","reason":"invalid_signature"}}
{"eventId":"0c8534d6-1aa5-4aa1-8a61-359e9af66b95","eventType":"auth.token.tampered","timestamp":"2025-12-02T17:11:24.172Z","outcome":"failure","userId":"123b89a8-5117-4187-8ab3-cc28fac419e8X","errorCode":"INVALID_TOKEN_SIGNATURE","errorMessage":"Token signature is invalid","metadata":{"tokenType":"email_verification","reason":"invalid_signature"}}
{"eventId":"8a0996e5-c608-4f26-a4ce-428864f5c3b1","eventType":"auth.token.tampered","timestamp":"2025-12-02T17:11:24.181Z","outcome":"failure","userId":"791820e0-ba24-4afe-a43c-ab44053a9521X","errorCode":"INVALID_TOKEN_SIGNATURE","errorMessage":"Token signature is invalid","metadata":{"tokenType":"email_verification","reason":"invalid_signature"}}
{"eventId":"c5f91842-d1c3-49f6-bb89-85e155a9c569","eventType":"auth.token.tampered","timestamp":"2025-12-02T17:11:24.187Z","outcome":"failure","userId":"d0225de9-a233-4abe-9448-6dbdf5a03229X","errorCode":"INVALID_TOKEN_SIGNATURE","errorMessage":"Token signature is invalid","metadata":{"tokenType":"email_verification","reason":"invalid_signature"}}
{"eventId":"4df47cb9-2da5-4502-a356-957085988810","eventType":"auth.token.tampered","timestamp":"2025-12-02T17:11:24.191Z","outcome":"failure","userId":"0bcc2410-be42-4fc1-9fa0-bc94611e3980X","errorCode":"INVALID_TOKEN_SIGNATURE","errorMessage":"Token signature is invalid","metadata":{"tokenType":"email_verification","reason":"invalid_signature"}}
{"eventId":"1f3846b7-d6dd-4d55-b085-238c5e36e3f7","eventType":"auth.token.tampered","timestamp":"2025-12-02T17:11:24.192Z","outcome":"failure","userId":"f97662c9-1bc6-40f2-87d5-1fd679e1a289X","errorCode":"INVALID_TOKEN_SIGNATURE","errorMessage":"Token signature is invalid","metadata":{"tokenType":"email_verification","reason":"invalid_signature"}}
{"eventId":"436bda99-f20c-419c-bd40-53ef03dd2820","eventType":"auth.token.tampered","timestamp":"2025-12-02T17:11:24.198Z","outcome":"failure","userId":"13b01e32-fa64-4be7-bee9-cf889963b7d6X","errorCode":"INVALID_TOKEN_SIGNATURE","errorMessage":"Token signature is invalid","metadata":{"tokenType":"email_verification","reason":"invalid_signature"}}
{"eventId":"a7b32b2c-d95a-46a9-8889-f7255a47c407","eventType":"auth.token.tampered","timestamp":"2025-12-02T17:11:24.206Z","outcome":"failure","userId":"f51ce939-a1f9-48a6-8257-dbea752dfae8X","errorCode":"INVALID_TOKEN_SIGNATURE","errorMessage":"Token signature is invalid","metadata":{"tokenType":"email_verification","reason":"invalid_signature"}}
{"eventId":"335eefb7-2da1-49ee-bd63-8e10fea7a5bb","eventType":"auth.token.tampered","timestamp":"2025-12-02T17:11:24.207Z","outcome":"failure","userId":"9458bc2b-95fc-41ac-9509-498233e3376fX","errorCode":"INVALID_TOKEN_SIGNATURE","errorMessage":"Token signature is invalid","metadata":{"tokenType":"email_verification","reason":"invalid_signature"}}
{"eventId":"4b86e5a4-ef87-45b7-a54b-5ac37241165e","eventType":"auth.token.tampered","timestamp":"2025-12-02T17:11:24.209Z","outcome":"failure","userId":"0ec5a9df-43cd-4de1-9a1b-2ce0fd24bf0cX","errorCode":"INVALID_TOKEN_SIGNATURE","errorMessage":"Token signature is invalid","metadata":{"tokenType":"email_verification","reason":"invalid_signature"}}
{"eventId":"075ce04c-1edb-4b0b-9b9e-425017566f72","eventType":"auth.token.tampered","timestamp":"2025-12-02T17:11:24.211Z","outcome":"failure","userId":"b78460df-3d49-45b2-b10c-94cf3fed9bbdX","errorCode":"INVALID_TOKEN_SIGNATURE","errorMessage":"Token signature is invalid","metadata":{"tokenType":"email_verification","reason":"invalid_signature"}}
{"eventId":"082faffb-7487-46ac-9fdf-d477d6eb5061","eventType":"auth.token.tampered","timestamp":"2025-12-02T17:11:24.215Z","outcome":"failure","userId":"7baf0e8e-cafb-4db6-9cba-1b43a15209fdX","errorCode":"INVALID_TOKEN_SIGNATURE","errorMessage":"Token signature is invalid","metadata":{"tokenType":"email_verification","reason":"invalid_signature"}}
{"eventId":"1ef13ef2-3436-4bef-ba26-5f665c627d99","eventType":"auth.token.tampered","timestamp":"2025-12-02T17:11:24.216Z","outcome":"failure","userId":"338070ee-1a03-4b78-9326-74fd6e5a2bf6X","errorCode":"INVALID_TOKEN_SIGNATURE","errorMessage":"Token signature is invalid","metadata":{"tokenType":"email_verification","reason":"invalid_signature"}}
{"eventId":"7aa9f06d-2e41-460a-ae7c-76caefe83c93","eventType":"auth.token.tampered","timestamp":"2025-12-02T17:11:24.250Z","outcome":"failure","userId":"a7e98590-8392-409a-a25c-580a623bb7dbX","errorCode":"INVALID_TOKEN_SIGNATURE","errorMessage":"Token signature is invalid","metadata":{"tokenType":"email_verification","reason":"invalid_signature"}}
{"eventId":"0afa52c8-56a3-4552-9176-31d008bbebf0","eventType":"auth.token.tampered","timestamp":"2025-12-02T17:11:24.255Z","outcome":"failure","userId":"83d9a848-5526-4be5-993f-7d65b9c80dc0X","errorCode":"INVALID_TOKEN_SIGNATURE","errorMessage":"Token signature is invalid","metadata":{"tokenType":"email_verification","reason":"invalid_signature"}}
{"eventId":"595ac8d2-4f34-40c7-b219-c460e89978ac","eventType":"auth.token.tampered","timestamp":"2025-12-02T17:11:24.256Z","outcome":"failure","userId":"916e2bc0-5747-4cb2-83e2-8512b83bca54X","errorCode":"INVALID_TOKEN_SIGNATURE","errorMessage":"Token signature is invalid","metadata":{"tokenType":"email_verification","reason":"invalid_signature"}}
{"eventId":"5021c4ec-695f-4a8a-b063-d680ed2d343a","eventType":"auth.token.tampered","timestamp":"2025-12-02T17:11:24.257Z","outcome":"failure","userId":"fb0cee4d-5cd6-434d-9cd8-44e8b1b25357X","errorCode":"INVALID_TOKEN_SIGNATURE","errorMessage":"Token signature is invalid","metadata":{"tokenType":"email_verification","reason":"invalid_signature"}}
{"eventId":"10a2be05-fa9b-4184-bc45-792d5de15d5b","eventType":"auth.token.tampered","timestamp":"2025-12-02T17:11:24.264Z","outcome":"failure","userId":"4c08885a-2e3b-43ee-ab20-63f96ab46f8fX","errorCode":"INVALID_TOKEN_SIGNATURE","errorMessage":"Token signature is invalid","metadata":{"tokenType":"email_verification","reason":"invalid_signature"}}
{"eventId":"7a487c48-ffe7-4330-8fcc-eff7fa9743d8","eventType":"auth.token.tampered","timestamp":"2025-12-02T17:11:24.267Z","outcome":"failure","userId":"870d6f02-4c5b-4c91-bf40-5589d93b86f2X","errorCode":"INVALID_TOKEN_SIGNATURE","errorMessage":"Token signature is invalid","metadata":{"tokenType":"email_verification","reason":"invalid_signature"}}
{"eventId":"7bc005c4-c385-45fc-a897-7e02ec8384cd","eventType":"auth.token.tampered","timestamp":"2025-12-02T17:11:24.268Z","outcome":"failure","userId":"4f03ef33-8025-4d7f-8efd-04f996ae4b90X","errorCode":"INVALID_TOKEN_SIGNATURE","errorMessage":"Token signature is invalid","metadata":{"tokenType":"email_verification","reason":"invalid_signature"}}
{"eventId":"3d477930-6e36-433b-b5b0-c4e8f1513ad3","eventType":"auth.token.tampered","timestamp":"2025-12-02T17:11:24.269Z","outcome":"failure","userId":"f7c815a8-7e21-444d-aa1c-9815e869af02X","errorCode":"INVALID_TOKEN_SIGNATURE","errorMessage":"Token signature is invalid","metadata":{"tokenType":"email_verification","reason":"invalid_signature"}}
{"eventId":"e3e024e7-2b88-4206-a4a9-8796c0720640","eventType":"auth.token.tampered","timestamp":"2025-12-02T17:11:24.269Z","outcome":"failure","userId":"0a3f518d-19f1-498b-8df8-70158321e4d5X","errorCode":"INVALID_TOKEN_SIGNATURE","errorMessage":"Token signature is invalid","metadata":{"tokenType":"email_verification","reason":"invalid_signature"}}
{"eventId":"caf92439-118d-4c82-9382-4e4104514063","eventType":"auth.token.tampered","timestamp":"2025-12-02T17:11:24.270Z","outcome":"failure","userId":"b9ed170b-825f-4b2e-94ef-2aee1b9aa752X","errorCode":"INVALID_TOKEN_SIGNATURE","errorMessage":"Token signature is invalid","metadata":{"tokenType":"email_verification","reason":"invalid_signature"}}
{"eventId":"d64ba44e-84fa-42f8-8b6f-ed4b2b148aeb","eventType":"auth.token.tampered","timestamp":"2025-12-02T17:11:24.271Z","outcome":"failure","userId":"867d4071-4e69-454b-845a-a996dc5ef784X","errorCode":"INVALID_TOKEN_SIGNATURE","errorMessage":"Token signature is invalid","metadata":{"tokenType":"email_verification","reason":"invalid_signature"}}
{"eventId":"0cf6302a-226a-4aa9-8c31-7903e93e303a","eventType":"auth.token.tampered","timestamp":"2025-12-02T17:11:24.272Z","outcome":"failure","userId":"1da9aa66-819c-46bb-b77d-9bac9a86d811X","errorCode":"INVALID_TOKEN_SIGNATURE","errorMessage":"Token signature is invalid","metadata":{"tokenType":"email_verification","reason":"invalid_signature"}}
{"eventId":"9d70aaf5-3703-4ee0-8a4f-26060fab9c8c","eventType":"auth.token.tampered","timestamp":"2025-12-02T17:11:24.284Z","outcome":"failure","userId":"8d450ee9-8dbd-4e1d-8cdc-e41714c43761X","errorCode":"INVALID_TOKEN_SIGNATURE","errorMessage":"Token signature is invalid","metadata":{"tokenType":"email_verification","reason":"invalid_signature"}}
{"eventId":"faa6f11f-43dd-4d8a-870b-7976f3cd837d","eventType":"auth.token.tampered","timestamp":"2025-12-02T17:11:24.302Z","outcome":"failure","userId":"a99f9255-5f80-4df4-bda1-c78fa4421d45X","errorCode":"INVALID_TOKEN_SIGNATURE","errorMessage":"Token signature is invalid","metadata":{"tokenType":"email_verification","reason":"invalid_signature"}}
{"eventId":"c89baa13-6141-4acd-8abf-11691ae3d96c","eventType":"auth.token.tampered","timestamp":"2025-12-02T17:11:24.323Z","outcome":"failure","userId":"e1fd042c-5f8d-4cce-9e20-e837d6bb9da2X","errorCode":"INVALID_TOKEN_SIGNATURE","errorMessage":"Token signature is invalid","metadata":{"tokenType":"email_verification","reason":"invalid_signature"}}
{"eventId":"bbe85043-03a7-464f-9da3-8e670f65e096","eventType":"auth.token.tampered","timestamp":"2025-12-02T17:11:24.332Z","outcome":"failure","userId":"cc0c4680-d7ee-4add-ac2e-5cf6cbb3fa94X","errorCode":"INVALID_TOKEN_SIGNATURE","errorMessage":"Token signature is invalid","metadata":{"tokenType":"email_verification","reason":"invalid_signature"}}
{"eventId":"8cc210f0-f4f1-4c7f-8306-b8558843f259","eventType":"auth.token.tampered","timestamp":"2025-12-02T17:11:24.348Z","outcome":"failure","userId":"de9f0f2e-4d7a-4076-9402-d391794ba23bX","errorCode":"INVALID_TOKEN_SIGNATURE","errorMessage":"Token signature is invalid","metadata":{"tokenType":"email_verification","reason":"invalid_signature"}}
{"eventId":"d1e89e93-1546-46ca-ba85-706e0abeb5d5","eventType":"auth.token.tampered","timestamp":"2025-12-02T17:11:24.350Z","outcome":"failure","userId":"c32767ce-3196-4e27-8fed-f8bab7f7aa78X","errorCode":"INVALID_TOKEN_SIGNATURE","errorMessage":"Token signature is invalid","metadata":{"tokenType":"email_verification","reason":"invalid_signature"}}
{"eventId":"c59b6eb6-c7da-44f4-a0b6-1fdc53ab2cde","eventType":"auth.token.tampered","timestamp":"2025-12-02T17:11:24.353Z","outcome":"failure","userId":"1fc8cd45-82ba-4d1f-b4f0-445c7adb8ecdX","errorCode":"INVALID_TOKEN_SIGNATURE","errorMessage":"Token signature is invalid","metadata":{"tokenType":"email_verification","reason":"invalid_signature"}}
{"eventId":"e0936c95-a0b9-4c37-bbbb-333c42a98f27","eventType":"auth.token.tampered","timestamp":"2025-12-02T17:11:24.358Z","outcome":"failure","userId":"32413e83-022a-495b-94b5-bf858a12f3caX","errorCode":"INVALID_TOKEN_SIGNATURE","errorMessage":"Token signature is invalid","metadata":{"tokenType":"email_verification","reason":"invalid_signature"}}
{"eventId":"77c676b7-14ef-493a-a2eb-8f1190c86c71","eventType":"auth.token.tampered","timestamp":"2025-12-02T17:11:24.410Z","outcome":"failure","userId":"47cb1e2b-032c-41f1-bc0b-74b8e57303d6X","errorCode":"INVALID_TOKEN_SIGNATURE","errorMessage":"Token signature is invalid","metadata":{"tokenType":"email_verification","reason":"invalid_signature"}}
{"eventId":"d13c9883-209b-44f4-9a87-632ce1f852a2","eventType":"auth.token.tampered","timestamp":"2025-12-02T17:11:24.415Z","outcome":"failure","userId":"96b52e2d-1592-468f-8558-aaeff592c44cX","errorCode":"INVALID_TOKEN_SIGNATURE","errorMessage":"Token signature is invalid","metadata":{"tokenType":"email_verification","reason":"invalid_signature"}}
{"eventId":"80ea0b22-1911-4ef2-8b19-fa5b9427c55d","eventType":"auth.token.tampered","timestamp":"2025-12-02T17:11:24.416Z","outcome":"failure","userId":"c1899744-738e-423b-8dfd-5e9bff13fb5cX","errorCode":"INVALID_TOKEN_SIGNATURE","errorMessage":"Token signature is invalid","metadata":{"tokenType":"email_verification","reason":"invalid_signature"}}
{"eventId":"b0dc9bed-bb83-41fa-87ff-23e0cd95a459","eventType":"auth.token.tampered","timestamp":"2025-12-02T17:11:24.417Z","outcome":"failure","userId":"70ccc66e-d28a-40a9-b5c2-bb977b93f615X","errorCode":"INVALID_TOKEN_SIGNATURE","errorMessage":"Token signature is invalid","metadata":{"tokenType":"email_verification","reason":"invalid_signature"}}
{"eventId":"3bc82448-249a-4845-b2cd-36ab65fe5693","eventType":"auth.token.tampered","timestamp":"2025-12-02T17:11:24.418Z","outcome":"failure","userId":"fa75b6a5-4731-4b01-8517-6c9f530779b0X","errorCode":"INVALID_TOKEN_SIGNATURE","errorMessage":"Token signature is invalid","metadata":{"tokenType":"email_verification","reason":"invalid_signature"}}
{"eventId":"0f2c2278-39e1-44d6-be72-186d301fcb43","eventType":"auth.token.tampered","timestamp":"2025-12-02T17:11:24.419Z","outcome":"failure","userId":"15fd9a09-4841-4b67-832e-7ae9f3214627X","errorCode":"INVALID_TOKEN_SIGNATURE","errorMessage":"Token signature is invalid","metadata":{"tokenType":"email_verification","reason":"invalid_signature"}}
{"eventId":"bf9dba49-9bc9-4268-89d2-fa87ff2b0062","eventType":"auth.token.tampered","timestamp":"2025-12-02T17:11:24.419Z","outcome":"failure","userId":"cf846a4a-8dee-4c5f-b95f-b74914934823X","errorCode":"INVALID_TOKEN_SIGNATURE","errorMessage":"Token signature is invalid","metadata":{"tokenType":"email_verification","reason":"invalid_signature"}}
{"eventId":"933b8475-ac31-4091-a299-6ce24c15d0f2","eventType":"auth.token.tampered","timestamp":"2025-12-02T17:11:24.420Z","outcome":"failure","userId":"1eb62596-4fde-4c20-bccd-f227a2e02708X","errorCode":"INVALID_TOKEN_SIGNATURE","errorMessage":"Token signature is invalid","metadata":{"tokenType":"email_verification","reason":"invalid_signature"}}
{"eventId":"182480a2-e442-48cb-af71-e68071a96e50","eventType":"auth.token.tampered","timestamp":"2025-12-02T17:11:24.420Z","outcome":"failure","userId":"55fc2a34-0e25-411d-aa5c-e613fd743b37X","errorCode":"INVALID_TOKEN_SIGNATURE","errorMessage":"Token signature is invalid","metadata":{"tokenType":"email_verification","reason":"invalid_signature"}}
{"eventId":"67b0c90d-8d01-4976-a20d-85ea7f2a1562","eventType":"auth.token.tampered","timestamp":"2025-12-02T17:11:24.421Z","outcome":"failure","userId":"73d66e56-a6ba-4a72-aef1-00ca22277288X","errorCode":"INVALID_TOKEN_SIGNATURE","errorMessage":"Token signature is invalid","metadata":{"tokenType":"email_verification","reason":"invalid_signature"}}
{"eventId":"00f0466f-57d7-4d3b-a7ca-ab82703e9ec5","eventType":"auth.token.tampered","timestamp":"2025-12-02T17:11:24.422Z","outcome":"failure","userId":"db94df55-e67e-4baa-9664-11b5041968ebX","errorCode":"INVALID_TOKEN_SIGNATURE","errorMessage":"Token signature is invalid","metadata":{"tokenType":"email_verification","reason":"invalid_signature"}}
{"eventId":"70b78a45-bde0-44db-bdbe-9c164d512ebd","eventType":"auth.token.tampered","timestamp":"2025-12-02T17:11:24.422Z","outcome":"failure","userId":"aa7fee6c-e0eb-417c-8e20-474e1af9cf67X","errorCode":"INVALID_TOKEN_SIGNATURE","errorMessage":"Token signature is invalid","metadata":{"tokenType":"email_verification","reason":"invalid_signature"}}
{"eventId":"41c1cd48-8f6e-4b05-b248-b675ce8b91e6","eventType":"auth.token.tampered","timestamp":"2025-12-02T17:11:24.423Z","outcome":"failure","userId":"2148714c-ad27-4fdc-8517-7793427e4fc7X","errorCode":"INVALID_TOKEN_SIGNATURE","errorMessage":"Token signature is invalid","metadata":{"tokenType":"email_verification","reason":"invalid_signature"}}
{"eventId":"aa908977-4234-485b-8ba9-30d40563b3c6","eventType":"auth.token.tampered","timestamp":"2025-12-02T17:11:24.424Z","outcome":"failure","userId":"5ef78c78-f2bb-4ccb-9088-f1cc3b78dc0aX","errorCode":"INVALID_TOKEN_SIGNATURE","errorMessage":"Token signature is invalid","metadata":{"tokenType":"email_verification","reason":"invalid_signature"}}
{"eventId":"6a66bdac-2952-4c88-920c-e5b55cf02297","eventType":"auth.token.tampered","timestamp":"2025-12-02T17:11:24.424Z","outcome":"failure","userId":"757cef95-2e8e-4578-ac15-12ee720ca780X","errorCode":"INVALID_TOKEN_SIGNATURE","errorMessage":"Token signature is invalid","metadata":{"tokenType":"email_verification","reason":"invalid_signature"}}
{"eventId":"584d3912-9b61-4544-b745-e9a88b72154d","eventType":"auth.token.tampered","timestamp":"2025-12-02T17:11:24.425Z","outcome":"failure","userId":"bcacb40b-aba1-47e5-8330-da01b30d732dX","errorCode":"INVALID_TOKEN_SIGNATURE","errorMessage":"Token signature is invalid","metadata":{"tokenType":"email_verification","reason":"invalid_signature"}}
{"eventId":"8e02a2fd-edd6-46fe-9d70-278d6b934371","eventType":"auth.token.tampered","timestamp":"2025-12-02T17:11:24.426Z","outcome":"failure","userId":"d8defdae-dc0a-4738-b75a-52f7137017bfX","errorCode":"INVALID_TOKEN_SIGNATURE","errorMessage":"Token signature is invalid","metadata":{"tokenType":"email_verification","reason":"invalid_signature"}}
{"eventId":"3cfcdb57-0f2a-4647-b6c4-438ebc23b764","eventType":"auth.token.tampered","timestamp":"2025-12-02T17:11:24.426Z","outcome":"failure","userId":"8f4716fb-11a2-41f2-bbaf-abcf0fdd969fX","errorCode":"INVALID_TOKEN_SIGNATURE","errorMessage":"Token signature is invalid","metadata":{"tokenType":"email_verification","reason":"invalid_signature"}}
{"eventId":"2cd02879-e097-41cb-b357-040a11230b29","eventType":"auth.token.tampered","timestamp":"2025-12-02T17:11:24.427Z","outcome":"failure","userId":"e2751c14-85cb-44be-9f32-fa8d55c4e935X","errorCode":"INVALID_TOKEN_SIGNATURE","errorMessage":"Token signature is invalid","metadata":{"tokenType":"email_verification","reason":"invalid_signature"}}
{"eventId":"3d520834-017a-4af1-94de-f8a444c2542d","eventType":"auth.token.tampered","timestamp":"2025-12-02T17:11:24.429Z","outcome":"failure","userId":"2a64fe4f-1b8c-4814-82f2-e0fa5fbfbe88X","errorCode":"INVALID_TOKEN_SIGNATURE","errorMessage":"Token signature is invalid","metadata":{"tokenType":"email_verification","reason":"invalid_signature"}}
{"eventId":"5d3c6b75-1835-4a7d-8784-7cb712d5bd72","eventType":"auth.token.tampered","timestamp":"2025-12-02T17:11:24.430Z","outcome":"failure","userId":"91509d50-d641-4e4b-a717-e71b4ebad0f2X","errorCode":"INVALID_TOKEN_SIGNATURE","errorMessage":"Token signature is invalid","metadata":{"tokenType":"email_verification","reason":"invalid_signature"}}
{"eventId":"a74cb80e-f8df-4be0-996f-187f09746439","eventType":"auth.token.tampered","timestamp":"2025-12-02T17:11:24.431Z","outcome":"failure","userId":"c2948511-ac41-4da5-bc1a-a4a79a325336X","errorCode":"INVALID_TOKEN_SIGNATURE","errorMessage":"Token signature is invalid","metadata":{"tokenType":"email_verification","reason":"invalid_signature"}}
{"eventId":"20490b66-2d63-4761-b076-b342317fe883","eventType":"auth.token.tampered","timestamp":"2025-12-02T17:11:24.432Z","outcome":"failure","userId":"30a24333-36bb-472a-bca0-82a1d396a2c0X","errorCode":"INVALID_TOKEN_SIGNATURE","errorMessage":"Token signature is invalid","metadata":{"tokenType":"email_verification","reason":"invalid_signature"}}
{"eventId":"1835539d-0aec-45f9-abd7-40defab36a6d","eventType":"auth.token.tampered","timestamp":"2025-12-02T17:11:24.432Z","outcome":"failure","userId":"6dea88da-ff4c-4150-b4f0-5783e5820be3X","errorCode":"INVALID_TOKEN_SIGNATURE","errorMessage":"Token signature is invalid","metadata":{"tokenType":"email_verification","reason":"invalid_signature"}}
{"eventId":"2fd583ca-9b7a-4624-a6ab-a93b7d9ce6cd","eventType":"auth.token.tampered","timestamp":"2025-12-02T17:11:24.433Z","outcome":"failure","userId":"7cac6840-99d8-4922-9b9a-0130a09a658eX","errorCode":"INVALID_TOKEN_SIGNATURE","errorMessage":"Token signature is invalid","metadata":{"tokenType":"email_verification","reason":"invalid_signature"}}
{"eventId":"0317c142-f133-4d4d-afec-b403793ffe64","eventType":"auth.token.tampered","timestamp":"2025-12-02T17:11:24.434Z","outcome":"failure","userId":"6f738831-4203-429c-b426-8c856dc28689X","errorCode":"INVALID_TOKEN_SIGNATURE","errorMessage":"Token signature is invalid","metadata":{"tokenType":"email_verification","reason":"invalid_signature"}}
{"eventId":"27d7e619-96a0-49fb-a6f5-2a9d350e6a1a","eventType":"auth.token.tampered","timestamp":"2025-12-02T17:11:24.434Z","outcome":"failure","userId":"7f66c69f-a953-437a-a8e2-8b70af08f0b8X","errorCode":"INVALID_TOKEN_SIGNATURE","errorMessage":"Token signature is invalid","metadata":{"tokenType":"email_verification","reason":"invalid_signature"}}
{"eventId":"8e8a5b46-1ca9-481a-8798-52b79e248c99","eventType":"auth.token.tampered","timestamp":"2025-12-02T17:11:24.435Z","outcome":"failure","userId":"4576e772-091b-409c-a6f9-faa714a1da73X","errorCode":"INVALID_TOKEN_SIGNATURE","errorMessage":"Token signature is invalid","metadata":{"tokenType":"email_verification","reason":"invalid_signature"}}
{"eventId":"50edd110-6240-4c40-b79d-9256a88bd598","eventType":"auth.token.tampered","timestamp":"2025-12-02T17:11:24.436Z","outcome":"failure","userId":"5168ce14-566c-426e-bc82-86ca21f2c5f2X","errorCode":"INVALID_TOKEN_SIGNATURE","errorMessage":"Token signature is invalid","metadata":{"tokenType":"email_verification","reason":"invalid_signature"}}
{"eventId":"c2dc53b1-81f4-4d20-8549-0ec1d245db7f","eventType":"auth.token.tampered","timestamp":"2025-12-02T17:11:24.436Z","outcome":"failure","userId":"6167e0b2-cc78-44ce-a5ef-914fd3aca76dX","errorCode":"INVALID_TOKEN_SIGNATURE","errorMessage":"Token signature is invalid","metadata":{"tokenType":"email_verification","reason":"invalid_signature"}}
{"eventId":"17c76937-552b-4de1-85da-c4b2eb685d4f","eventType":"auth.token.tampered","timestamp":"2025-12-02T17:11:24.437Z","outcome":"failure","userId":"77505c10-833e-4808-8053-8d1f5640231aX","errorCode":"INVALID_TOKEN_SIGNATURE","errorMessage":"Token signature is invalid","metadata":{"tokenType":"email_verification","reason":"invalid_signature"}}
{"eventId":"825d58a8-14c9-40e6-86f9-ae8b5f87db52","eventType":"auth.token.tampered","timestamp":"2025-12-02T17:11:24.438Z","outcome":"failure","userId":"a2b28639-7956-415e-8226-cd8f562d6ce7X","errorCode":"INVALID_TOKEN_SIGNATURE","errorMessage":"Token signature is invalid","metadata":{"tokenType":"email_verification","reason":"invalid_signature"}}
{"eventId":"908cd5ea-20eb-460c-8fb6-88314e27c14d","eventType":"auth.token.tampered","timestamp":"2025-12-02T17:11:24.439Z","outcome":"failure","userId":"dcc84e60-e47b-48b7-8192-450a70cf2f87X","errorCode":"INVALID_TOKEN_SIGNATURE","errorMessage":"Token signature is invalid","metadata":{"tokenType":"email_verification","reason":"invalid_signature"}}
{"eventId":"553c6a9c-e230-4a35-9c60-bc34aa61bdd9","eventType":"auth.token.tampered","timestamp":"2025-12-02T17:11:24.440Z","outcome":"failure","userId":"b6feaf94-0636-4405-b51e-52e70c71c76aX","errorCode":"INVALID_TOKEN_SIGNATURE","errorMessage":"Token signature is invalid","metadata":{"tokenType":"email_verification","reason":"invalid_signature"}}
{"eventId":"3b975e0d-36f6-4769-b50a-42407f0d153a","eventType":"auth.token.tampered","timestamp":"2025-12-02T17:11:24.441Z","outcome":"failure","userId":"173e70bd-efa7-4ab4-8e0d-aad5036d8b58X","errorCode":"INVALID_TOKEN_SIGNATURE","errorMessage":"Token signature is invalid","metadata":{"tokenType":"email_verification","reason":"invalid_signature"}}
{"eventId":"88ac7215-422e-4276-8697-7c7049f26a60","eventType":"auth.token.tampered","timestamp":"2025-12-02T17:11:24.442Z","outcome":"failure","userId":"8a29344d-91d4-4c71-abe8-b26823ac7cadX","errorCode":"INVALID_TOKEN_SIGNATURE","errorMessage":"Token signature is invalid","metadata":{"tokenType":"email_verification","reason":"invalid_signature"}}
{"eventId":"86e17159-7bca-4e93-abf7-5283774f7a09","eventType":"auth.token.tampered","timestamp":"2025-12-02T17:11:24.443Z","outcome":"failure","userId":"980ebdc4-248b-4ec5-8656-706bc05e01dfX","errorCode":"INVALID_TOKEN_SIGNATURE","errorMessage":"Token signature is invalid","metadata":{"tokenType":"email_verification","reason":"invalid_signature"}}
{"eventId":"14532054-06c8-46b3-a1b3-618400fa500f","eventType":"auth.token.tampered","timestamp":"2025-12-02T17:11:24.443Z","outcome":"failure","userId":"61c2d25c-3aeb-4327-9e52-1c1f21fcfc7eX","errorCode":"INVALID_TOKEN_SIGNATURE","errorMessage":"Token signature is invalid","metadata":{"tokenType":"email_verification","reason":"invalid_signature"}}
{"eventId":"22eb98d8-7d65-4665-95cd-2c8f7af1e38a","eventType":"auth.token.tampered","timestamp":"2025-12-02T17:11:24.444Z","outcome":"failure","userId":"285d3321-4756-494d-8a21-c22bf366d9ecX","errorCode":"INVALID_TOKEN_SIGNATURE","errorMessage":"Token signature is invalid","metadata":{"tokenType":"email_verification","reason":"invalid_signature"}}
{"eventId":"e7129556-6453-4995-91f1-cd675de38e03","eventType":"auth.token.tampered","timestamp":"2025-12-02T17:11:24.446Z","outcome":"failure","userId":"777ea91c-0d8f-4665-a2b4-b8afb3f77433X","errorCode":"INVALID_TOKEN_SIGNATURE","errorMessage":"Token signature is invalid","metadata":{"tokenType":"email_verification","reason":"invalid_signature"}}
{"eventId":"b693824f-ef5c-4002-a415-6b37c834da7e","eventType":"auth.token.tampered","timestamp":"2025-12-02T17:11:24.448Z","outcome":"failure","userId":"34568a08-d796-4663-ac69-181d690200b3X","errorCode":"INVALID_TOKEN_SIGNATURE","errorMessage":"Token signature is invalid","metadata":{"tokenType":"email_verification","reason":"invalid_signature"}}
{"eventId":"cba21f9c-1fc1-455f-978f-19e29e37b0a4","eventType":"auth.token.tampered","timestamp":"2025-12-02T17:11:24.453Z","outcome":"failure","userId":"69e5e2d7-ffe8-496d-b1dc-865411f83650X","errorCode":"INVALID_TOKEN_SIGNATURE","errorMessage":"Token signature is invalid","metadata":{"tokenType":"email_verification","reason":"invalid_signature"}}
{"eventId":"a568c322-d4d2-4919-8c2b-8e63c05fb158","eventType":"auth.token.tampered","timestamp":"2025-12-02T17:11:24.455Z","outcome":"failure","userId":"2046822c-ec18-4f84-8000-0dce9de674f1X","errorCode":"INVALID_TOKEN_SIGNATURE","errorMessage":"Token signature is invalid","metadata":{"tokenType":"email_verification","reason":"invalid_signature"}}
{"eventId":"cef46084-b88f-4e08-bb80-44f6d1b7b045","eventType":"auth.token.tampered","timestamp":"2025-12-02T17:11:24.456Z","outcome":"failure","userId":"61fabc41-3b49-4ad7-974b-922eab8fc12bX","errorCode":"INVALID_TOKEN_SIGNATURE","errorMessage":"Token signature is invalid","metadata":{"tokenType":"email_verification","reason":"invalid_signature"}}
{"eventId":"d7921575-cf1d-48f4-96e0-9a74c84196e3","eventType":"auth.token.tampered","timestamp":"2025-12-02T17:11:24.473Z","outcome":"failure","userId":"ac947e73-5439-40df-a07a-b0a66724b414X","errorCode":"INVALID_TOKEN_SIGNATURE","errorMessage":"Token signature is invalid","metadata":{"tokenType":"email_verification","reason":"invalid_signature"}}
{"eventId":"aee764ce-eb86-4046-8e00-2ce1dc689e96","eventType":"auth.token.tampered","timestamp":"2025-12-02T17:11:24.474Z","outcome":"failure","userId":"bae4b01f-4739-480d-af16-7f707915dd25X","errorCode":"INVALID_TOKEN_SIGNATURE","errorMessage":"Token signature is invalid","metadata":{"tokenType":"email_verification","reason":"invalid_signature"}}
{"eventId":"4fa6cbf9-74dd-4bfd-aba9-6c927d0220f1","eventType":"auth.token.tampered","timestamp":"2025-12-02T17:11:24.484Z","outcome":"failure","userId":"ab6e56c2-12b4-4b57-b7a9-66e3bf530fb6X","errorCode":"INVALID_TOKEN_SIGNATURE","errorMessage":"Token signature is invalid","metadata":{"tokenType":"email_verification","reason":"invalid_signature"}}
{"eventId":"5f14cd3d-cc34-4330-8afa-857934fc39e3","eventType":"auth.token.tampered","timestamp":"2025-12-02T17:11:24.487Z","outcome":"failure","userId":"a2e5908f-715b-4549-ac51-39150ec50d9cX","errorCode":"INVALID_TOKEN_SIGNATURE","errorMessage":"Token signature is invalid","metadata":{"tokenType":"email_verification","reason":"invalid_signature"}}
{"eventId":"8aeabab8-b7fd-4683-b64a-a8425fdb923a","eventType":"auth.token.tampered","timestamp":"2025-12-02T17:11:24.492Z","outcome":"failure","userId":"bd9a5ffb-afa8-4d98-9350-f4cbeddc15b7X","errorCode":"INVALID_TOKEN_SIGNATURE","errorMessage":"Token signature is invalid","metadata":{"tokenType":"email_verification","reason":"invalid_signature"}}
{"eventId":"8b5c0fe3-2604-42cb-805c-d345eec38c59","eventType":"auth.token.tampered","timestamp":"2025-12-02T17:11:24.502Z","outcome":"failure","userId":"2cdd72a7-9bad-4025-a342-51494191fca1X","errorCode":"INVALID_TOKEN_SIGNATURE","errorMessage":"Token signature is invalid","metadata":{"tokenType":"email_verification","reason":"invalid_signature"}}
{"eventId":"e7d22094-845c-4a48-a708-34e765884e03","eventType":"auth.token.tampered","timestamp":"2025-12-02T17:11:24.503Z","outcome":"failure","userId":"1940b9b6-7500-489b-9269-0d0f32ec3a3aX","errorCode":"INVALID_TOKEN_SIGNATURE","errorMessage":"Token signature is invalid","metadata":{"tokenType":"email_verification","reason":"invalid_signature"}}
{"eventId":"b94751ab-28da-46f2-a4a9-e243bc90002d","eventType":"auth.token.tampered","timestamp":"2025-12-02T17:11:24.504Z","outcome":"failure","userId":"2340a4ed-6c87-4d99-87fd-5e512c5cec99X","errorCode":"INVALID_TOKEN_SIGNATURE","errorMessage":"Token signature is invalid","metadata":{"tokenType":"email_verification","reason":"invalid_signature"}}
{"eventId":"0519b682-46bf-4998-ba6d-38dc4a73ce58","eventType":"auth.token.tampered","timestamp":"2025-12-02T17:11:24.505Z","outcome":"failure","userId":"6fd751a4-d47e-4ea3-b5ee-d8a5a5930a7dX","errorCode":"INVALID_TOKEN_SIGNATURE","errorMessage":"Token signature is invalid","metadata":{"tokenType":"email_verification","reason":"invalid_signature"}}
{"eventId":"6a38a0ca-8864-4293-a6d6-8b342bd6cfec","eventType":"auth.token.tampered","timestamp":"2025-12-02T17:11:24.506Z","outcome":"failure","userId":"c7314a6e-0ad7-4d35-8f9f-03350eb00fbbX","errorCode":"INVALID_TOKEN_SIGNATURE","errorMessage":"Token signature is invalid","metadata":{"tokenType":"email_verification","reason":"invalid_signature"}}
{"eventId":"665527ef-a149-4e46-84a0-767f138f573d","eventType":"auth.token.tampered","timestamp":"2025-12-02T17:11:24.507Z","outcome":"failure","userId":"c6e61c2c-cd8f-4a45-b1ba-e84aa695c9d3X","errorCode":"INVALID_TOKEN_SIGNATURE","errorMessage":"Token signature is invalid","metadata":{"tokenType":"email_verification","reason":"invalid_signature"}}
{"eventId":"e79b9ad1-47cf-42d1-8ea4-2b38312621ab","eventType":"auth.token.tampered","timestamp":"2025-12-02T17:11:24.508Z","outcome":"failure","userId":"60188be0-73bd-4bc8-9b5c-c45d6effa131X","errorCode":"INVALID_TOKEN_SIGNATURE","errorMessage":"Token signature is invalid","metadata":{"tokenType":"email_verification","reason":"invalid_signature"}}
{"eventId":"3427ecff-ea46-497a-af9e-42234fbbcdc9","eventType":"auth.token.tampered","timestamp":"2025-12-02T17:11:24.510Z","outcome":"failure","userId":"b9f272c2-8608-43de-9263-76445ccc5970X","errorCode":"INVALID_TOKEN_SIGNATURE","errorMessage":"Token signature is invalid","metadata":{"tokenType":"email_verification","reason":"invalid_signature"}}
{"eventId":"1635bad4-d26f-4052-8d00-5bb4cb243d93","eventType":"auth.token.tampered","timestamp":"2025-12-02T17:11:24.511Z","outcome":"failure","userId":"dcc78bc0-e1cc-4db6-a457-d4a4b93a098dX","errorCode":"INVALID_TOKEN_SIGNATURE","errorMessage":"Token signature is invalid","metadata":{"tokenType":"email_verification","reason":"invalid_signature"}}
{"eventId":"e75101aa-2d86-4e04-a7b6-e3030981bf82","eventType":"auth.token.tampered","timestamp":"2025-12-02T17:11:24.513Z","outcome":"failure","userId":"614037e3-8f9f-4b4a-997f-c0f9ed66f631X","errorCode":"INVALID_TOKEN_SIGNATURE","errorMessage":"Token signature is invalid","metadata":{"tokenType":"email_verification","reason":"invalid_signature"}}

stderr | src/server/auth/__tests__/tokens.test.ts > Token Generation and Verification - Property-Based Tests > Property: Token type mismatch
{"eventId":"3a1c0d3e-2f7e-4691-926c-6c3cfa485739","eventType":"auth.token.tampered","timestamp":"2025-12-02T17:11:24.635Z","outcome":"failure","userId":"6a367c33-4e18-464e-ad6e-97df0161f2a9","errorCode":"INVALID_TOKEN_SIGNATURE","errorMessage":"Token signature is invalid","metadata":{"tokenType":"password_reset","reason":"invalid_signature"}}
{"eventId":"48a7a664-9ec2-4e71-a39f-35d2743d1c09","eventType":"auth.token.tampered","timestamp":"2025-12-02T17:11:24.636Z","outcome":"failure","userId":"cc45ca6f-237b-4a11-ad3d-7d687eadde12","errorCode":"INVALID_TOKEN_SIGNATURE","errorMessage":"Token signature is invalid","metadata":{"tokenType":"password_reset","reason":"invalid_signature"}}
{"eventId":"aaebef85-bbd3-46ad-8d45-377737eb3b9c","eventType":"auth.token.tampered","timestamp":"2025-12-02T17:11:24.636Z","outcome":"failure","userId":"c7bd7d2c-9287-4bf2-9cad-7c9ee1c55402","errorCode":"INVALID_TOKEN_SIGNATURE","errorMessage":"Token signature is invalid","metadata":{"tokenType":"password_reset","reason":"invalid_signature"}}
{"eventId":"eecb456c-3307-475c-be12-c5346d29308e","eventType":"auth.token.tampered","timestamp":"2025-12-02T17:11:24.646Z","outcome":"failure","userId":"3785fe82-3df7-4d23-a542-bc3ff2ed47f1","errorCode":"INVALID_TOKEN_SIGNATURE","errorMessage":"Token signature is invalid","metadata":{"tokenType":"password_reset","reason":"invalid_signature"}}
{"eventId":"08618823-a22c-4db3-b6e6-58611ac63a85","eventType":"auth.token.tampered","timestamp":"2025-12-02T17:11:24.648Z","outcome":"failure","userId":"13f0365b-96bf-43f0-a5ab-94fd161d1212","errorCode":"INVALID_TOKEN_SIGNATURE","errorMessage":"Token signature is invalid","metadata":{"tokenType":"password_reset","reason":"invalid_signature"}}
{"eventId":"1aeea84f-b951-4477-8a5e-b539c17aedf5","eventType":"auth.token.tampered","timestamp":"2025-12-02T17:11:24.649Z","outcome":"failure","userId":"0f866c21-d502-46f5-8173-4776eaab7f26","errorCode":"INVALID_TOKEN_SIGNATURE","errorMessage":"Token signature is invalid","metadata":{"tokenType":"password_reset","reason":"invalid_signature"}}
{"eventId":"9526e032-ee33-4922-8bde-3a045c5a8a7c","eventType":"auth.token.tampered","timestamp":"2025-12-02T17:11:24.649Z","outcome":"failure","userId":"2f5dd279-4afe-4e86-bcb9-8e30222f3238","errorCode":"INVALID_TOKEN_SIGNATURE","errorMessage":"Token signature is invalid","metadata":{"tokenType":"password_reset","reason":"invalid_signature"}}
{"eventId":"d8a51268-0113-4240-826e-f736872d9b4a","eventType":"auth.token.tampered","timestamp":"2025-12-02T17:11:24.654Z","outcome":"failure","userId":"f08234d2-b2f1-4a12-8460-0ce650f80aa7","errorCode":"INVALID_TOKEN_SIGNATURE","errorMessage":"Token signature is invalid","metadata":{"tokenType":"password_reset","reason":"invalid_signature"}}
{"eventId":"307dc892-1253-45cd-a6ee-814252272569","eventType":"auth.token.tampered","timestamp":"2025-12-02T17:11:24.655Z","outcome":"failure","userId":"a111c67a-5d34-423f-ac75-0420d7fe5931","errorCode":"INVALID_TOKEN_SIGNATURE","errorMessage":"Token signature is invalid","metadata":{"tokenType":"password_reset","reason":"invalid_signature"}}
{"eventId":"05c0676c-bd09-482a-96b9-5f142161e854","eventType":"auth.token.tampered","timestamp":"2025-12-02T17:11:24.656Z","outcome":"failure","userId":"13f023bb-87b4-4dae-962a-f9a9022b1df2","errorCode":"INVALID_TOKEN_SIGNATURE","errorMessage":"Token signature is invalid","metadata":{"tokenType":"password_reset","reason":"invalid_signature"}}
{"eventId":"fc32841b-045e-44b2-b5ad-7395b484b609","eventType":"auth.token.tampered","timestamp":"2025-12-02T17:11:24.657Z","outcome":"failure","userId":"2c265534-d86a-43e6-830d-a8bd3b2554cb","errorCode":"INVALID_TOKEN_SIGNATURE","errorMessage":"Token signature is invalid","metadata":{"tokenType":"password_reset","reason":"invalid_signature"}}
{"eventId":"a0681360-8a12-435c-9988-ec8a47b55a4a","eventType":"auth.token.tampered","timestamp":"2025-12-02T17:11:24.658Z","outcome":"failure","userId":"2afc6573-d5af-47eb-bf48-3d08842be03e","errorCode":"INVALID_TOKEN_SIGNATURE","errorMessage":"Token signature is invalid","metadata":{"tokenType":"password_reset","reason":"invalid_signature"}}
{"eventId":"49f659f7-a1d6-4b77-a7a2-31265862e850","eventType":"auth.token.tampered","timestamp":"2025-12-02T17:11:24.658Z","outcome":"failure","userId":"6374a227-672c-4631-a8c9-856f46e3a0fc","errorCode":"INVALID_TOKEN_SIGNATURE","errorMessage":"Token signature is invalid","metadata":{"tokenType":"password_reset","reason":"invalid_signature"}}
{"eventId":"6a6d57e8-61fa-4e2b-94ae-0ed9ab18ffc8","eventType":"auth.token.tampered","timestamp":"2025-12-02T17:11:24.659Z","outcome":"failure","userId":"1fad14a6-b40b-4195-9aed-cb9a124958d2","errorCode":"INVALID_TOKEN_SIGNATURE","errorMessage":"Token signature is invalid","metadata":{"tokenType":"password_reset","reason":"invalid_signature"}}
{"eventId":"a14e1ae7-4c95-4e25-bcce-8bfb67804774","eventType":"auth.token.tampered","timestamp":"2025-12-02T17:11:24.660Z","outcome":"failure","userId":"f54ba6f8-da09-4ba4-a05d-61f3404f8709","errorCode":"INVALID_TOKEN_SIGNATURE","errorMessage":"Token signature is invalid","metadata":{"tokenType":"password_reset","reason":"invalid_signature"}}
{"eventId":"f751e059-dbea-4c09-83a9-b8870fd47841","eventType":"auth.token.tampered","timestamp":"2025-12-02T17:11:24.660Z","outcome":"failure","userId":"43ff648b-37ca-4a7f-9b83-37409a2fb6ec","errorCode":"INVALID_TOKEN_SIGNATURE","errorMessage":"Token signature is invalid","metadata":{"tokenType":"password_reset","reason":"invalid_signature"}}
{"eventId":"8ba8341f-742f-4a89-a425-2960e4b142b8","eventType":"auth.token.tampered","timestamp":"2025-12-02T17:11:24.665Z","outcome":"failure","userId":"c4f29c92-5f81-49b4-ac06-2c317f7e2935","errorCode":"INVALID_TOKEN_SIGNATURE","errorMessage":"Token signature is invalid","metadata":{"tokenType":"password_reset","reason":"invalid_signature"}}
{"eventId":"7d9df497-9e0e-4cf9-8b71-ce7b9ed3746e","eventType":"auth.token.tampered","timestamp":"2025-12-02T17:11:24.671Z","outcome":"failure","userId":"3a95d9c8-e827-4623-9e24-4ca6f20a097d","errorCode":"INVALID_TOKEN_SIGNATURE","errorMessage":"Token signature is invalid","metadata":{"tokenType":"password_reset","reason":"invalid_signature"}}
{"eventId":"bc60e01b-d0d8-4140-96b6-87b98a32d222","eventType":"auth.token.tampered","timestamp":"2025-12-02T17:11:24.685Z","outcome":"failure","userId":"856af54b-20b1-474c-b64f-937a793ae15a","errorCode":"INVALID_TOKEN_SIGNATURE","errorMessage":"Token signature is invalid","metadata":{"tokenType":"password_reset","reason":"invalid_signature"}}
{"eventId":"afa157c8-c59c-4a6c-bdbd-cef6b2ce46e2","eventType":"auth.token.tampered","timestamp":"2025-12-02T17:11:24.686Z","outcome":"failure","userId":"c58ace6c-fdeb-4561-b6c2-851617dcd9a8","errorCode":"INVALID_TOKEN_SIGNATURE","errorMessage":"Token signature is invalid","metadata":{"tokenType":"password_reset","reason":"invalid_signature"}}
{"eventId":"3d3af2cb-f079-41d3-b229-28da9f6125eb","eventType":"auth.token.tampered","timestamp":"2025-12-02T17:11:24.687Z","outcome":"failure","userId":"faad1376-9a78-4a6e-b65c-064b01b52512","errorCode":"INVALID_TOKEN_SIGNATURE","errorMessage":"Token signature is invalid","metadata":{"tokenType":"password_reset","reason":"invalid_signature"}}
{"eventId":"48bae345-6a73-4682-a635-b29b09a36c91","eventType":"auth.token.tampered","timestamp":"2025-12-02T17:11:24.691Z","outcome":"failure","userId":"c6bf83f8-caf0-4614-a9ff-5e711932bf7f","errorCode":"INVALID_TOKEN_SIGNATURE","errorMessage":"Token signature is invalid","metadata":{"tokenType":"password_reset","reason":"invalid_signature"}}
{"eventId":"d3f8d006-e31c-4287-9d64-27692a7c18ab","eventType":"auth.token.tampered","timestamp":"2025-12-02T17:11:24.692Z","outcome":"failure","userId":"0a10deb5-f53c-43a6-97b7-0867a48bced4","errorCode":"INVALID_TOKEN_SIGNATURE","errorMessage":"Token signature is invalid","metadata":{"tokenType":"password_reset","reason":"invalid_signature"}}
{"eventId":"d36ae3a3-4ac2-4796-89b5-68fae7c2b841","eventType":"auth.token.tampered","timestamp":"2025-12-02T17:11:24.693Z","outcome":"failure","userId":"15ea8677-a542-4e81-b7c1-d12e87f73c4b","errorCode":"INVALID_TOKEN_SIGNATURE","errorMessage":"Token signature is invalid","metadata":{"tokenType":"password_reset","reason":"invalid_signature"}}
{"eventId":"9754c4b1-c5a6-41dc-ab57-29c697b2f253","eventType":"auth.token.tampered","timestamp":"2025-12-02T17:11:24.694Z","outcome":"failure","userId":"fc4a9ac7-8434-4069-b747-d0c0377c0999","errorCode":"INVALID_TOKEN_SIGNATURE","errorMessage":"Token signature is invalid","metadata":{"tokenType":"password_reset","reason":"invalid_signature"}}
{"eventId":"98856406-27e6-4026-b2e7-d25102a3fa05","eventType":"auth.token.tampered","timestamp":"2025-12-02T17:11:24.716Z","outcome":"failure","userId":"d08f4ad8-c3cc-4f08-aeb4-7262b1e25ee4","errorCode":"INVALID_TOKEN_SIGNATURE","errorMessage":"Token signature is invalid","metadata":{"tokenType":"password_reset","reason":"invalid_signature"}}
{"eventId":"70f21e01-05ec-4917-ba8c-0332a50643df","eventType":"auth.token.tampered","timestamp":"2025-12-02T17:11:24.718Z","outcome":"failure","userId":"d6867d00-e8c6-4b05-8b2c-c2a68e99cb00","errorCode":"INVALID_TOKEN_SIGNATURE","errorMessage":"Token signature is invalid","metadata":{"tokenType":"password_reset","reason":"invalid_signature"}}
{"eventId":"97569795-17a6-402b-9a76-78c3b10c8c88","eventType":"auth.token.tampered","timestamp":"2025-12-02T17:11:24.725Z","outcome":"failure","userId":"9e239767-460b-474f-b70d-5e6aa387e782","errorCode":"INVALID_TOKEN_SIGNATURE","errorMessage":"Token signature is invalid","metadata":{"tokenType":"password_reset","reason":"invalid_signature"}}
{"eventId":"3af75563-e86f-4ab2-8e7b-445c8b2155d6","eventType":"auth.token.tampered","timestamp":"2025-12-02T17:11:24.726Z","outcome":"failure","userId":"5eb5eb8c-72e6-416e-aa23-50ed64eeb254","errorCode":"INVALID_TOKEN_SIGNATURE","errorMessage":"Token signature is invalid","metadata":{"tokenType":"password_reset","reason":"invalid_signature"}}
{"eventId":"eabadd16-6cc8-45c5-a7c3-1a67cfc00d3e","eventType":"auth.token.tampered","timestamp":"2025-12-02T17:11:24.752Z","outcome":"failure","userId":"9eef7787-8c7f-4c93-8e0b-9a7b0eb80825","errorCode":"INVALID_TOKEN_SIGNATURE","errorMessage":"Token signature is invalid","metadata":{"tokenType":"password_reset","reason":"invalid_signature"}}
{"eventId":"cf301a8e-bc91-47ff-b8b6-49ca4f47fd66","eventType":"auth.token.tampered","timestamp":"2025-12-02T17:11:24.756Z","outcome":"failure","userId":"1205662a-6b20-4787-9130-93d16acb1edc","errorCode":"INVALID_TOKEN_SIGNATURE","errorMessage":"Token signature is invalid","metadata":{"tokenType":"password_reset","reason":"invalid_signature"}}
{"eventId":"19f93721-3d52-432c-97d5-3c411435a0c4","eventType":"auth.token.tampered","timestamp":"2025-12-02T17:11:24.757Z","outcome":"failure","userId":"c7e87f41-f635-4487-bf9a-d41fdd0ff530","errorCode":"INVALID_TOKEN_SIGNATURE","errorMessage":"Token signature is invalid","metadata":{"tokenType":"password_reset","reason":"invalid_signature"}}
{"eventId":"a0269158-bde3-4c95-8f9d-b244436f941e","eventType":"auth.token.tampered","timestamp":"2025-12-02T17:11:24.758Z","outcome":"failure","userId":"79206dd7-6267-4764-8da0-a83408c80469","errorCode":"INVALID_TOKEN_SIGNATURE","errorMessage":"Token signature is invalid","metadata":{"tokenType":"password_reset","reason":"invalid_signature"}}
{"eventId":"dd164926-9ef4-4837-a2c7-026f4811e4aa","eventType":"auth.token.tampered","timestamp":"2025-12-02T17:11:24.758Z","outcome":"failure","userId":"b6892265-9a5a-4cdf-ba56-a94a74197d40","errorCode":"INVALID_TOKEN_SIGNATURE","errorMessage":"Token signature is invalid","metadata":{"tokenType":"password_reset","reason":"invalid_signature"}}
{"eventId":"4e4df976-e86d-40ee-be69-afde26f7968d","eventType":"auth.token.tampered","timestamp":"2025-12-02T17:11:24.759Z","outcome":"failure","userId":"5d1766cb-6567-46d0-ab6f-261195e55f77","errorCode":"INVALID_TOKEN_SIGNATURE","errorMessage":"Token signature is invalid","metadata":{"tokenType":"password_reset","reason":"invalid_signature"}}
{"eventId":"0a9249c6-7095-4204-a8ac-166e045316b4","eventType":"auth.token.tampered","timestamp":"2025-12-02T17:11:24.764Z","outcome":"failure","userId":"59ea750a-ec20-40f0-b918-09ba82a3b02c","errorCode":"INVALID_TOKEN_SIGNATURE","errorMessage":"Token signature is invalid","metadata":{"tokenType":"password_reset","reason":"invalid_signature"}}
{"eventId":"daf2fd8e-b9d0-4aaf-bd77-1aa7ae5ff5ac","eventType":"auth.token.tampered","timestamp":"2025-12-02T17:11:24.766Z","outcome":"failure","userId":"ec7851d1-7177-480c-bb2c-437fdfae7494","errorCode":"INVALID_TOKEN_SIGNATURE","errorMessage":"Token signature is invalid","metadata":{"tokenType":"password_reset","reason":"invalid_signature"}}
{"eventId":"74c169d5-e327-4d89-9e4b-5161f630c23c","eventType":"auth.token.tampered","timestamp":"2025-12-02T17:11:24.797Z","outcome":"failure","userId":"f237ba80-b873-4795-8b22-d4b63e70b0bc","errorCode":"INVALID_TOKEN_SIGNATURE","errorMessage":"Token signature is invalid","metadata":{"tokenType":"password_reset","reason":"invalid_signature"}}
{"eventId":"0c05f414-4322-4512-a4d8-843e4a64eab3","eventType":"auth.token.tampered","timestamp":"2025-12-02T17:11:24.798Z","outcome":"failure","userId":"18bf2099-f5db-40d6-81c5-fcba3f319b93","errorCode":"INVALID_TOKEN_SIGNATURE","errorMessage":"Token signature is invalid","metadata":{"tokenType":"password_reset","reason":"invalid_signature"}}
{"eventId":"62bc1c6c-79b7-4453-bcd1-47b9a465900d","eventType":"auth.token.tampered","timestamp":"2025-12-02T17:11:24.810Z","outcome":"failure","userId":"f153c598-8376-476e-9fb9-c973150a5801","errorCode":"INVALID_TOKEN_SIGNATURE","errorMessage":"Token signature is invalid","metadata":{"tokenType":"password_reset","reason":"invalid_signature"}}
{"eventId":"09fe003d-580e-4aa0-b9f1-c1182fc64027","eventType":"auth.token.tampered","timestamp":"2025-12-02T17:11:24.824Z","outcome":"failure","userId":"9b77a084-88c3-46d2-9c32-37b29b5e84a8","errorCode":"INVALID_TOKEN_SIGNATURE","errorMessage":"Token signature is invalid","metadata":{"tokenType":"password_reset","reason":"invalid_signature"}}
{"eventId":"e5e63b46-747e-4900-8fd1-17ba3892b313","eventType":"auth.token.tampered","timestamp":"2025-12-02T17:11:24.830Z","outcome":"failure","userId":"6fbab4ea-5ef7-4ef4-ab7d-4fc51fbc4ac3","errorCode":"INVALID_TOKEN_SIGNATURE","errorMessage":"Token signature is invalid","metadata":{"tokenType":"password_reset","reason":"invalid_signature"}}
{"eventId":"2039f2c1-f138-4178-a060-25300c8f1993","eventType":"auth.token.tampered","timestamp":"2025-12-02T17:11:24.832Z","outcome":"failure","userId":"81ce777b-14cc-43e6-8e9c-91170db10987","errorCode":"INVALID_TOKEN_SIGNATURE","errorMessage":"Token signature is invalid","metadata":{"tokenType":"password_reset","reason":"invalid_signature"}}
{"eventId":"05766a2c-d1ef-401b-8837-030a38794013","eventType":"auth.token.tampered","timestamp":"2025-12-02T17:11:24.834Z","outcome":"failure","userId":"b28af370-6661-4420-ae88-06a3236659fb","errorCode":"INVALID_TOKEN_SIGNATURE","errorMessage":"Token signature is invalid","metadata":{"tokenType":"password_reset","reason":"invalid_signature"}}
{"eventId":"910970a8-00a9-4aa4-9fdb-ce8bcc24124c","eventType":"auth.token.tampered","timestamp":"2025-12-02T17:11:24.841Z","outcome":"failure","userId":"4e03f46f-5731-4c3d-830b-200065ae6bc1","errorCode":"INVALID_TOKEN_SIGNATURE","errorMessage":"Token signature is invalid","metadata":{"tokenType":"password_reset","reason":"invalid_signature"}}
{"eventId":"a2bac68d-71cc-4869-9384-c196e1718ba7","eventType":"auth.token.tampered","timestamp":"2025-12-02T17:11:24.848Z","outcome":"failure","userId":"ac1a67c9-9461-44f0-9024-4a59c1e928ed","errorCode":"INVALID_TOKEN_SIGNATURE","errorMessage":"Token signature is invalid","metadata":{"tokenType":"password_reset","reason":"invalid_signature"}}
{"eventId":"7810bf77-eaae-44de-bbaf-59f8c3ba5e12","eventType":"auth.token.tampered","timestamp":"2025-12-02T17:11:24.850Z","outcome":"failure","userId":"0756b116-35fc-44ee-a99a-cadbb043faca","errorCode":"INVALID_TOKEN_SIGNATURE","errorMessage":"Token signature is invalid","metadata":{"tokenType":"password_reset","reason":"invalid_signature"}}
{"eventId":"a8e0aba4-b509-4560-a0ed-56bf392182ed","eventType":"auth.token.tampered","timestamp":"2025-12-02T17:11:24.851Z","outcome":"failure","userId":"582ddf4d-3a5e-43fa-8d2d-9ff3dd564dab","errorCode":"INVALID_TOKEN_SIGNATURE","errorMessage":"Token signature is invalid","metadata":{"tokenType":"password_reset","reason":"invalid_signature"}}
{"eventId":"b750aaa9-e6b0-45a4-a848-497c78131b96","eventType":"auth.token.tampered","timestamp":"2025-12-02T17:11:24.852Z","outcome":"failure","userId":"ee8e7d94-3b7c-41c8-8243-7ce48a80d540","errorCode":"INVALID_TOKEN_SIGNATURE","errorMessage":"Token signature is invalid","metadata":{"tokenType":"password_reset","reason":"invalid_signature"}}
{"eventId":"da648574-fed5-489b-a367-db68f3867de4","eventType":"auth.token.tampered","timestamp":"2025-12-02T17:11:24.852Z","outcome":"failure","userId":"13365316-1924-41cb-9ed3-d43085f9aa0b","errorCode":"INVALID_TOKEN_SIGNATURE","errorMessage":"Token signature is invalid","metadata":{"tokenType":"password_reset","reason":"invalid_signature"}}
{"eventId":"4a308e87-f261-444f-af2a-3b8d590af344","eventType":"auth.token.tampered","timestamp":"2025-12-02T17:11:24.853Z","outcome":"failure","userId":"dd16f2ba-e7f2-480b-9597-b9f5c22c2b5e","errorCode":"INVALID_TOKEN_SIGNATURE","errorMessage":"Token signature is invalid","metadata":{"tokenType":"password_reset","reason":"invalid_signature"}}
{"eventId":"c37492ef-0aaf-45b8-a909-981c40624f8f","eventType":"auth.token.tampered","timestamp":"2025-12-02T17:11:24.854Z","outcome":"failure","userId":"334c7cd9-5640-402e-8e1e-425770ad32f8","errorCode":"INVALID_TOKEN_SIGNATURE","errorMessage":"Token signature is invalid","metadata":{"tokenType":"password_reset","reason":"invalid_signature"}}
{"eventId":"bd3b3f09-3bc1-42b6-a87e-6df109a1b49f","eventType":"auth.token.tampered","timestamp":"2025-12-02T17:11:24.855Z","outcome":"failure","userId":"cd39ff7f-be53-41fe-a844-95a56b173c0a","errorCode":"INVALID_TOKEN_SIGNATURE","errorMessage":"Token signature is invalid","metadata":{"tokenType":"password_reset","reason":"invalid_signature"}}
{"eventId":"7c85f75f-b8cf-4c03-8bdc-6d7656b8e65b","eventType":"auth.token.tampered","timestamp":"2025-12-02T17:11:24.855Z","outcome":"failure","userId":"86be56c2-16e8-4ce5-ba61-aa199a317a2f","errorCode":"INVALID_TOKEN_SIGNATURE","errorMessage":"Token signature is invalid","metadata":{"tokenType":"password_reset","reason":"invalid_signature"}}
{"eventId":"735896c2-6022-4b16-adac-ac5c2082cb3c","eventType":"auth.token.tampered","timestamp":"2025-12-02T17:11:24.856Z","outcome":"failure","userId":"0f24dfbf-e8b7-47b9-8929-b68d55eb7063","errorCode":"INVALID_TOKEN_SIGNATURE","errorMessage":"Token signature is invalid","metadata":{"tokenType":"password_reset","reason":"invalid_signature"}}
{"eventId":"be91d9d5-07df-4ea7-83b1-c42d86a6ce93","eventType":"auth.token.tampered","timestamp":"2025-12-02T17:11:24.857Z","outcome":"failure","userId":"d01ab8a2-2d78-476b-b05e-edd47ec476da","errorCode":"INVALID_TOKEN_SIGNATURE","errorMessage":"Token signature is invalid","metadata":{"tokenType":"password_reset","reason":"invalid_signature"}}
{"eventId":"0e2b1e42-5f78-451d-82ce-b75942103ec0","eventType":"auth.token.tampered","timestamp":"2025-12-02T17:11:24.857Z","outcome":"failure","userId":"dc7208a7-4dab-453c-b01e-5a87fc636b08","errorCode":"INVALID_TOKEN_SIGNATURE","errorMessage":"Token signature is invalid","metadata":{"tokenType":"password_reset","reason":"invalid_signature"}}
{"eventId":"cb660c60-8ad5-442a-835e-e1e7a3b3144e","eventType":"auth.token.tampered","timestamp":"2025-12-02T17:11:24.858Z","outcome":"failure","userId":"925e717d-303f-4284-bc36-dc7266743d46","errorCode":"INVALID_TOKEN_SIGNATURE","errorMessage":"Token signature is invalid","metadata":{"tokenType":"password_reset","reason":"invalid_signature"}}
{"eventId":"316bcf53-1a9c-4cde-a144-3f0c8ea8c74a","eventType":"auth.token.tampered","timestamp":"2025-12-02T17:11:24.859Z","outcome":"failure","userId":"e3f5207f-3654-45e6-bf09-1af9e210b7c8","errorCode":"INVALID_TOKEN_SIGNATURE","errorMessage":"Token signature is invalid","metadata":{"tokenType":"password_reset","reason":"invalid_signature"}}
{"eventId":"20428585-1f95-453e-8153-055ed1bcce7f","eventType":"auth.token.tampered","timestamp":"2025-12-02T17:11:24.859Z","outcome":"failure","userId":"66cc704c-ee05-4d29-9720-4239a3e2952f","errorCode":"INVALID_TOKEN_SIGNATURE","errorMessage":"Token signature is invalid","metadata":{"tokenType":"password_reset","reason":"invalid_signature"}}
{"eventId":"b650745d-a128-4322-a135-5856caf0b7c1","eventType":"auth.token.tampered","timestamp":"2025-12-02T17:11:24.860Z","outcome":"failure","userId":"86892428-bbef-4b9b-99a7-42c665bacfc4","errorCode":"INVALID_TOKEN_SIGNATURE","errorMessage":"Token signature is invalid","metadata":{"tokenType":"password_reset","reason":"invalid_signature"}}
{"eventId":"a4e71b34-a034-4915-903f-e033e13fc6b1","eventType":"auth.token.tampered","timestamp":"2025-12-02T17:11:24.861Z","outcome":"failure","userId":"e7e8da31-8b70-4a6c-aa25-ab634f1580d1","errorCode":"INVALID_TOKEN_SIGNATURE","errorMessage":"Token signature is invalid","metadata":{"tokenType":"password_reset","reason":"invalid_signature"}}
{"eventId":"4cd907a5-2acf-4e84-b7bd-17b473529f1f","eventType":"auth.token.tampered","timestamp":"2025-12-02T17:11:24.864Z","outcome":"failure","userId":"bff6215a-d413-4691-bc9f-152c41cc102f","errorCode":"INVALID_TOKEN_SIGNATURE","errorMessage":"Token signature is invalid","metadata":{"tokenType":"password_reset","reason":"invalid_signature"}}
{"eventId":"1c6de66f-9baa-42c0-9089-dd3063e198da","eventType":"auth.token.tampered","timestamp":"2025-12-02T17:11:24.865Z","outcome":"failure","userId":"4997b972-ad70-4c19-b16d-11a6b5fcc2f2","errorCode":"INVALID_TOKEN_SIGNATURE","errorMessage":"Token signature is invalid","metadata":{"tokenType":"password_reset","reason":"invalid_signature"}}
{"eventId":"58556fa4-413a-4d0d-b738-941929a92ab9","eventType":"auth.token.tampered","timestamp":"2025-12-02T17:11:24.865Z","outcome":"failure","userId":"c7123af8-0412-4515-8e56-0067213571b5","errorCode":"INVALID_TOKEN_SIGNATURE","errorMessage":"Token signature is invalid","metadata":{"tokenType":"password_reset","reason":"invalid_signature"}}
{"eventId":"a73148ed-61ec-4cf3-a195-85cef48c4fde","eventType":"auth.token.tampered","timestamp":"2025-12-02T17:11:24.866Z","outcome":"failure","userId":"940d3395-4bdf-4b1c-8421-96539c896f65","errorCode":"INVALID_TOKEN_SIGNATURE","errorMessage":"Token signature is invalid","metadata":{"tokenType":"password_reset","reason":"invalid_signature"}}
{"eventId":"3bc5fb1b-99b2-41d7-ad95-9d6f0e4dd4a0","eventType":"auth.token.tampered","timestamp":"2025-12-02T17:11:24.867Z","outcome":"failure","userId":"427738fe-7df3-494f-a27e-d26c11a02291","errorCode":"INVALID_TOKEN_SIGNATURE","errorMessage":"Token signature is invalid","metadata":{"tokenType":"password_reset","reason":"invalid_signature"}}
{"eventId":"47c00a4c-554d-4eb1-b918-1daccc7aa0b8","eventType":"auth.token.tampered","timestamp":"2025-12-02T17:11:24.869Z","outcome":"failure","userId":"2593d191-2f00-49fc-8d87-28178b90c250","errorCode":"INVALID_TOKEN_SIGNATURE","errorMessage":"Token signature is invalid","metadata":{"tokenType":"password_reset","reason":"invalid_signature"}}
{"eventId":"29f1ac8b-45c1-4cee-8278-bc7ffbb43d63","eventType":"auth.token.tampered","timestamp":"2025-12-02T17:11:24.870Z","outcome":"failure","userId":"faec406e-b084-4e4f-8448-590deda16e71","errorCode":"INVALID_TOKEN_SIGNATURE","errorMessage":"Token signature is invalid","metadata":{"tokenType":"password_reset","reason":"invalid_signature"}}
{"eventId":"0b2509ed-4c1b-40bc-93a9-1a42b9662b66","eventType":"auth.token.tampered","timestamp":"2025-12-02T17:11:24.871Z","outcome":"failure","userId":"0c0ae8a8-65f1-42ac-a07f-8c2a60de9e49","errorCode":"INVALID_TOKEN_SIGNATURE","errorMessage":"Token signature is invalid","metadata":{"tokenType":"password_reset","reason":"invalid_signature"}}
{"eventId":"281941f1-096f-47ea-9680-44570bd35c50","eventType":"auth.token.tampered","timestamp":"2025-12-02T17:11:24.871Z","outcome":"failure","userId":"f8eed261-a83d-4125-8582-812ebdc54dbb","errorCode":"INVALID_TOKEN_SIGNATURE","errorMessage":"Token signature is invalid","metadata":{"tokenType":"password_reset","reason":"invalid_signature"}}
{"eventId":"5fc06f3c-d3d5-4cc7-b5b0-a7d77a072351","eventType":"auth.token.tampered","timestamp":"2025-12-02T17:11:24.872Z","outcome":"failure","userId":"502119d9-69b0-4038-948e-59a63d54fde1","errorCode":"INVALID_TOKEN_SIGNATURE","errorMessage":"Token signature is invalid","metadata":{"tokenType":"password_reset","reason":"invalid_signature"}}
{"eventId":"c1f0f53b-515a-4e4c-8a24-eaf0346c550e","eventType":"auth.token.tampered","timestamp":"2025-12-02T17:11:24.873Z","outcome":"failure","userId":"bfc0ab2c-c40b-465a-97d9-26e14a906078","errorCode":"INVALID_TOKEN_SIGNATURE","errorMessage":"Token signature is invalid","metadata":{"tokenType":"password_reset","reason":"invalid_signature"}}
{"eventId":"43a14b4a-a9a4-4e90-96fd-36677a5f6672","eventType":"auth.token.tampered","timestamp":"2025-12-02T17:11:24.882Z","outcome":"failure","userId":"dcdb1512-35be-484a-83af-212c3ca293ca","errorCode":"INVALID_TOKEN_SIGNATURE","errorMessage":"Token signature is invalid","metadata":{"tokenType":"password_reset","reason":"invalid_signature"}}
{"eventId":"7e6e97f6-4a28-47e8-af30-937ca55511aa","eventType":"auth.token.tampered","timestamp":"2025-12-02T17:11:24.960Z","outcome":"failure","userId":"94b69586-5aa2-4a58-8c74-9faa82e290e8","errorCode":"INVALID_TOKEN_SIGNATURE","errorMessage":"Token signature is invalid","metadata":{"tokenType":"password_reset","reason":"invalid_signature"}}
{"eventId":"271e99bf-b809-4fac-b6a1-760087cdb32f","eventType":"auth.token.tampered","timestamp":"2025-12-02T17:11:24.966Z","outcome":"failure","userId":"1cba1479-9144-443b-81a0-59d36f54e7d8","errorCode":"INVALID_TOKEN_SIGNATURE","errorMessage":"Token signature is invalid","metadata":{"tokenType":"password_reset","reason":"invalid_signature"}}
{"eventId":"a81813bd-728d-4e0c-a0a2-177c2116bfdd","eventType":"auth.token.tampered","timestamp":"2025-12-02T17:11:24.968Z","outcome":"failure","userId":"fd9c9dbd-4f6f-4dd6-8302-2ef93a263ee8","errorCode":"INVALID_TOKEN_SIGNATURE","errorMessage":"Token signature is invalid","metadata":{"tokenType":"password_reset","reason":"invalid_signature"}}
{"eventId":"add510ad-8924-499b-a5b4-a42c206a1b26","eventType":"auth.token.tampered","timestamp":"2025-12-02T17:11:24.977Z","outcome":"failure","userId":"41f20fcb-8d10-4136-9d65-8a5d443e9e4f","errorCode":"INVALID_TOKEN_SIGNATURE","errorMessage":"Token signature is invalid","metadata":{"tokenType":"password_reset","reason":"invalid_signature"}}
{"eventId":"06c3ad29-d3b8-4ed3-acaa-013fb0fbab27","eventType":"auth.token.tampered","timestamp":"2025-12-02T17:11:24.979Z","outcome":"failure","userId":"42482b00-74ca-45fd-9493-ab41241bc321","errorCode":"INVALID_TOKEN_SIGNATURE","errorMessage":"Token signature is invalid","metadata":{"tokenType":"password_reset","reason":"invalid_signature"}}
{"eventId":"10a9e035-a6c1-4042-afa3-d0fcdd57ffac","eventType":"auth.token.tampered","timestamp":"2025-12-02T17:11:24.988Z","outcome":"failure","userId":"5651dd8b-07c1-4c37-95ae-7dd4409464a9","errorCode":"INVALID_TOKEN_SIGNATURE","errorMessage":"Token signature is invalid","metadata":{"tokenType":"password_reset","reason":"invalid_signature"}}
{"eventId":"756e17f5-4855-4823-94f9-b3c3ce3c249b","eventType":"auth.token.tampered","timestamp":"2025-12-02T17:11:24.993Z","outcome":"failure","userId":"6f951b09-852a-498c-996f-d1ffba50c502","errorCode":"INVALID_TOKEN_SIGNATURE","errorMessage":"Token signature is invalid","metadata":{"tokenType":"password_reset","reason":"invalid_signature"}}
{"eventId":"2ae7984d-a6dd-42e9-b635-43d3f352986b","eventType":"auth.token.tampered","timestamp":"2025-12-02T17:11:24.999Z","outcome":"failure","userId":"dbbdef55-1545-429f-8b86-67fad834fa53","errorCode":"INVALID_TOKEN_SIGNATURE","errorMessage":"Token signature is invalid","metadata":{"tokenType":"password_reset","reason":"invalid_signature"}}
{"eventId":"9fb71f7b-29d9-4d03-a98a-b1cb34c9fca0","eventType":"auth.token.tampered","timestamp":"2025-12-02T17:11:25.003Z","outcome":"failure","userId":"555ce72c-8a6e-46ab-9d55-95f2be832fb4","errorCode":"INVALID_TOKEN_SIGNATURE","errorMessage":"Token signature is invalid","metadata":{"tokenType":"password_reset","reason":"invalid_signature"}}
{"eventId":"587a913a-adae-481e-b9e4-f7b9c3972840","eventType":"auth.token.tampered","timestamp":"2025-12-02T17:11:25.005Z","outcome":"failure","userId":"b474d6ce-aa0d-4423-bec6-be444f3728a4","errorCode":"INVALID_TOKEN_SIGNATURE","errorMessage":"Token signature is invalid","metadata":{"tokenType":"password_reset","reason":"invalid_signature"}}
{"eventId":"a59012f5-d90e-4a20-895d-86cf539cb62c","eventType":"auth.token.tampered","timestamp":"2025-12-02T17:11:25.065Z","outcome":"failure","userId":"aba57a22-bb77-49e9-9d94-c7ddda34546a","errorCode":"INVALID_TOKEN_SIGNATURE","errorMessage":"Token signature is invalid","metadata":{"tokenType":"password_reset","reason":"invalid_signature"}}
{"eventId":"b973d9bc-562a-4518-9769-ab1761e3eb15","eventType":"auth.token.tampered","timestamp":"2025-12-02T17:11:25.096Z","outcome":"failure","userId":"2c911e0b-27bd-4509-a4a7-c558df5bdf2c","errorCode":"INVALID_TOKEN_SIGNATURE","errorMessage":"Token signature is invalid","metadata":{"tokenType":"password_reset","reason":"invalid_signature"}}
{"eventId":"9dca1502-b693-4775-98e2-37de8fa4038c","eventType":"auth.token.tampered","timestamp":"2025-12-02T17:11:25.098Z","outcome":"failure","userId":"98283871-cfb2-4b4a-b1a1-9a44c07f6f7a","errorCode":"INVALID_TOKEN_SIGNATURE","errorMessage":"Token signature is invalid","metadata":{"tokenType":"password_reset","reason":"invalid_signature"}}
{"eventId":"08e26f34-7651-46a2-963a-887512612391","eventType":"auth.token.tampered","timestamp":"2025-12-02T17:11:25.099Z","outcome":"failure","userId":"e6f1bcfc-7f51-444b-aac3-34368449552f","errorCode":"INVALID_TOKEN_SIGNATURE","errorMessage":"Token signature is invalid","metadata":{"tokenType":"password_reset","reason":"invalid_signature"}}
{"eventId":"bd9d3d04-8bdc-4941-a322-4424f311d40f","eventType":"auth.token.tampered","timestamp":"2025-12-02T17:11:25.100Z","outcome":"failure","userId":"b3c0820f-414c-4b97-8811-0d70b824ea24","errorCode":"INVALID_TOKEN_SIGNATURE","errorMessage":"Token signature is invalid","metadata":{"tokenType":"password_reset","reason":"invalid_signature"}}
{"eventId":"d804949f-476b-40aa-b62a-e01067205e68","eventType":"auth.token.tampered","timestamp":"2025-12-02T17:11:25.101Z","outcome":"failure","userId":"a92b5b3b-0a9e-4326-bfaf-bd0c7f6d27c7","errorCode":"INVALID_TOKEN_SIGNATURE","errorMessage":"Token signature is invalid","metadata":{"tokenType":"password_reset","reason":"invalid_signature"}}
{"eventId":"a10c0838-4aa5-4f31-9bb5-3a9b61e953ae","eventType":"auth.token.tampered","timestamp":"2025-12-02T17:11:25.102Z","outcome":"failure","userId":"d7f24ff6-fce5-408a-8bad-a1cfcd6d655d","errorCode":"INVALID_TOKEN_SIGNATURE","errorMessage":"Token signature is invalid","metadata":{"tokenType":"password_reset","reason":"invalid_signature"}}
{"eventId":"3da41b94-93cc-4f4c-b42a-69ee68ffc41f","eventType":"auth.token.tampered","timestamp":"2025-12-02T17:11:25.107Z","outcome":"failure","userId":"34168547-742a-445b-b2d3-cc068d293fe4","errorCode":"INVALID_TOKEN_SIGNATURE","errorMessage":"Token signature is invalid","metadata":{"tokenType":"password_reset","reason":"invalid_signature"}}
{"eventId":"861c672a-ecc7-47a9-94aa-9bf88d74d92d","eventType":"auth.token.tampered","timestamp":"2025-12-02T17:11:25.109Z","outcome":"failure","userId":"7dc53536-7e6f-4134-a593-bf136639b588","errorCode":"INVALID_TOKEN_SIGNATURE","errorMessage":"Token signature is invalid","metadata":{"tokenType":"password_reset","reason":"invalid_signature"}}
{"eventId":"43392752-921d-43ba-91c7-a9f4c4bf1275","eventType":"auth.token.tampered","timestamp":"2025-12-02T17:11:25.110Z","outcome":"failure","userId":"173be7eb-e0c4-4b78-9df0-90553247f2b9","errorCode":"INVALID_TOKEN_SIGNATURE","errorMessage":"Token signature is invalid","metadata":{"tokenType":"password_reset","reason":"invalid_signature"}}
{"eventId":"e7b55bb4-5e97-47f6-8b56-d5de4720e676","eventType":"auth.token.tampered","timestamp":"2025-12-02T17:11:25.115Z","outcome":"failure","userId":"3689999c-8381-4daa-83bf-c6ac89f0609e","errorCode":"INVALID_TOKEN_SIGNATURE","errorMessage":"Token signature is invalid","metadata":{"tokenType":"password_reset","reason":"invalid_signature"}}
{"eventId":"6f86206e-f64c-4261-8481-03021f73b26d","eventType":"auth.token.tampered","timestamp":"2025-12-02T17:11:25.118Z","outcome":"failure","userId":"42bc930a-b103-451f-8d09-5598deea6588","errorCode":"INVALID_TOKEN_SIGNATURE","errorMessage":"Token signature is invalid","metadata":{"tokenType":"password_reset","reason":"invalid_signature"}}
{"eventId":"bf39258f-691b-4c75-bdc4-7e8fbe4375c4","eventType":"auth.token.tampered","timestamp":"2025-12-02T17:11:25.120Z","outcome":"failure","userId":"1ed4b727-ff43-4de7-975f-9f591de44f4c","errorCode":"INVALID_TOKEN_SIGNATURE","errorMessage":"Token signature is invalid","metadata":{"tokenType":"password_reset","reason":"invalid_signature"}}
{"eventId":"7495fe78-b857-432f-b2d8-e0b9546d7da2","eventType":"auth.token.tampered","timestamp":"2025-12-02T17:11:25.121Z","outcome":"failure","userId":"cc3d8a86-acb3-4d14-83b4-9441eb82bc35","errorCode":"INVALID_TOKEN_SIGNATURE","errorMessage":"Token signature is invalid","metadata":{"tokenType":"password_reset","reason":"invalid_signature"}}
{"eventId":"56ab1b0d-6636-457e-ad8e-37a3a9bb8efd","eventType":"auth.token.tampered","timestamp":"2025-12-02T17:11:25.122Z","outcome":"failure","userId":"fba9570b-bfb7-42d2-9667-271088f00964","errorCode":"INVALID_TOKEN_SIGNATURE","errorMessage":"Token signature is invalid","metadata":{"tokenType":"password_reset","reason":"invalid_signature"}}
{"eventId":"dde17940-92fb-4444-a696-da5ce37fc200","eventType":"auth.token.tampered","timestamp":"2025-12-02T17:11:25.126Z","outcome":"failure","userId":"84f7750b-485c-40eb-86e6-5919613c9540","errorCode":"INVALID_TOKEN_SIGNATURE","errorMessage":"Token signature is invalid","metadata":{"tokenType":"password_reset","reason":"invalid_signature"}}

stderr | src/server/auth/__tests__/tokens.test.ts > Token Generation and Verification - Property-Based Tests > Edge case: Invalid token format returns null
{"eventId":"b964122a-1e0c-4b83-874e-707ea653fa8c","eventType":"auth.token.tampered","timestamp":"2025-12-02T17:11:25.425Z","outcome":"failure","errorCode":"INVALID_TOKEN_FORMAT","errorMessage":"Token format is invalid","metadata":{"tokenType":"email_verification","reason":"invalid_format"}}
{"eventId":"67811230-23a1-49e2-a969-59f285f2a142","eventType":"auth.token.tampered","timestamp":"2025-12-02T17:11:25.425Z","outcome":"failure","errorCode":"INVALID_TOKEN_FORMAT","errorMessage":"Token format is invalid","metadata":{"tokenType":"email_verification","reason":"invalid_format"}}
{"eventId":"30ea8fb5-dcbc-4ac3-ba88-2f6178ae7701","eventType":"auth.token.tampered","timestamp":"2025-12-02T17:11:25.425Z","outcome":"failure","errorCode":"INVALID_TOKEN_FORMAT","errorMessage":"Token format is invalid","metadata":{"tokenType":"email_verification","reason":"invalid_format"}}

 ✓ src/server/auth/__tests__/tokens.test.ts (14 tests) 7129ms
   ✓ Token Generation and Verification - Property-Based Tests > Property 3: Registration creates verification token 655ms
   ✓ Token Generation and Verification - Property-Based Tests > Property 6: New verification token invalidates previous tokens 1302ms
   ✓ Token Generation and Verification - Property-Based Tests > Property: Token type isolation 1150ms
   ✓ Token Generation and Verification - Property-Based Tests > Property: Token one-time use 1140ms
   ✓ Token Generation and Verification - Property-Based Tests > Property: Token signature verification 486ms
   ✓ Token Generation and Verification - Property-Based Tests > Property: Token type mismatch 750ms
   ✓ Token Generation and Verification - Property-Based Tests > Property: Multiple tokens per user 682ms
   ✓ Token Generation and Verification - Property-Based Tests > Property: Token uniqueness 481ms
stdout | src/app/api/auth/reset-password/__tests__/reset-password.property.test.ts > POST /api/auth/reset-password - Property-Based Tests > Property 17: Password reset invalidates all sessions
{"eventId":"adc2e8f3-e329-4636-bc03-7f6648a1a517","eventType":"auth.reset_password.success","timestamp":"2025-12-02T17:11:26.965Z","outcome":"success","ipAddress":"127.0.0.1","userAgent":"unknown","requestId":"e18cf1cc-914d-41b7-b3ce-96ac0fee65ea","metadata":{"stage":"attempt"}}

stderr | src/server/auth/__tests__/rate-limiter.test.ts > Rate Limiter - Property-Based Tests > Property: Different keys are independent
{"eventId":"fa4db5c3-21b3-427f-8a9d-5f8b3ec6f27c","eventType":"auth.rate_limit.exceeded","timestamp":"2025-12-02T17:11:26.737Z","outcome":"failure","metadata":{"key":"test:+EG#$nE","limit":7,"windowMs":60000,"count":7,"resetAt":"2025-12-02T17:12:26.737Z"}}
{"eventId":"d85cd6f8-2837-4742-bc3e-6770e080b82e","eventType":"auth.rate_limit.exceeded","timestamp":"2025-12-02T17:11:26.737Z","outcome":"failure","metadata":{"key":"test:bind","limit":10,"windowMs":60000,"count":10,"resetAt":"2025-12-02T17:12:26.737Z"}}
{"eventId":"40331837-2dc3-4cbf-841b-714d66b58ba8","eventType":"auth.rate_limit.exceeded","timestamp":"2025-12-02T17:11:26.737Z","outcome":"failure","metadata":{"key":"test:a","limit":10,"windowMs":60000,"count":10,"resetAt":"2025-12-02T17:12:26.737Z"}}
{"eventId":"9331798b-19a0-45cf-b7ac-169e8d67c8b1","eventType":"auth.rate_limit.exceeded","timestamp":"2025-12-02T17:11:26.737Z","outcome":"failure","metadata":{"key":"test:4Y{ ","limit":10,"windowMs":60000,"count":10,"resetAt":"2025-12-02T17:12:26.737Z"}}
{"eventId":"4eaf2301-d1ee-476c-9610-ad5ff5b509d8","eventType":"auth.rate_limit.exceeded","timestamp":"2025-12-02T17:11:26.737Z","outcome":"failure","metadata":{"key":"test:0lyC-jd","limit":1,"windowMs":60000,"count":1,"resetAt":"2025-12-02T17:12:26.737Z"}}
{"eventId":"edf14b34-1ed7-4d5e-b3a3-f4b8194c69b8","eventType":"auth.rate_limit.exceeded","timestamp":"2025-12-02T17:11:26.737Z","outcome":"failure","metadata":{"key":"test:&)","limit":4,"windowMs":60000,"count":4,"resetAt":"2025-12-02T17:12:26.737Z"}}
{"eventId":"4bf33441-a3f7-4340-87ec-907da1568bfd","eventType":"auth.rate_limit.exceeded","timestamp":"2025-12-02T17:11:26.737Z","outcome":"failure","metadata":{"key":"test:gcd&F1L?0]","limit":9,"windowMs":60000,"count":9,"resetAt":"2025-12-02T17:12:26.737Z"}}
{"eventId":"118d702f-4b89-4afa-ae6b-32b752410901","eventType":"auth.rate_limit.exceeded","timestamp":"2025-12-02T17:11:26.737Z","outcome":"failure","metadata":{"key":"test:b:DUWwU","limit":5,"windowMs":60000,"count":5,"resetAt":"2025-12-02T17:12:26.737Z"}}
{"eventId":"f661932a-e4ef-452b-8bc3-4dbf45da1a0e","eventType":"auth.rate_limit.exceeded","timestamp":"2025-12-02T17:11:26.737Z","outcome":"failure","metadata":{"key":"test:Pde,FzW","limit":3,"windowMs":60000,"count":3,"resetAt":"2025-12-02T17:12:26.737Z"}}
{"eventId":"5f43cf6d-17bc-4e14-ad46-8eccac4da549","eventType":"auth.rate_limit.exceeded","timestamp":"2025-12-02T17:11:26.737Z","outcome":"failure","metadata":{"key":"test:;F.=uygQ8QK","limit":7,"windowMs":60000,"count":7,"resetAt":"2025-12-02T17:12:26.737Z"}}
{"eventId":"c3a86375-d735-4bc0-a4d6-339a2f65e844","eventType":"auth.rate_limit.exceeded","timestamp":"2025-12-02T17:11:26.737Z","outcome":"failure","metadata":{"key":"test:bi","limit":10,"windowMs":60000,"count":10,"resetAt":"2025-12-02T17:12:26.737Z"}}
{"eventId":"5d61108a-3aed-4920-b6c4-dbfdf9ee113a","eventType":"auth.rate_limit.exceeded","timestamp":"2025-12-02T17:11:26.737Z","outcome":"failure","metadata":{"key":"test:@_V*","limit":4,"windowMs":60000,"count":4,"resetAt":"2025-12-02T17:12:26.737Z"}}
{"eventId":"fcbfb2d1-bfc6-4c58-a6ed-854a5e5719ce","eventType":"auth.rate_limit.exceeded","timestamp":"2025-12-02T17:11:26.737Z","outcome":"failure","metadata":{"key":"test:|m","limit":5,"windowMs":60000,"count":5,"resetAt":"2025-12-02T17:12:26.737Z"}}
{"eventId":"714d92e3-5689-471b-b568-52a4323350a8","eventType":"auth.rate_limit.exceeded","timestamp":"2025-12-02T17:11:26.738Z","outcome":"failure","metadata":{"key":"test::2o?\"A_I","limit":8,"windowMs":60000,"count":8,"resetAt":"2025-12-02T17:12:26.737Z"}}
{"eventId":"c2a7ac90-d066-446b-90f6-fa22d8341a40","eventType":"auth.rate_limit.exceeded","timestamp":"2025-12-02T17:11:26.738Z","outcome":"failure","metadata":{"key":"test:(2~!~GRh","limit":6,"windowMs":60000,"count":6,"resetAt":"2025-12-02T17:12:26.738Z"}}
{"eventId":"c6a85776-31d0-47a8-8b54-db0a7903631c","eventType":"auth.rate_limit.exceeded","timestamp":"2025-12-02T17:11:26.738Z","outcome":"failure","metadata":{"key":"test:qFK]\\","limit":7,"windowMs":60000,"count":7,"resetAt":"2025-12-02T17:12:26.738Z"}}
{"eventId":"b7ae2a22-8610-4cea-bda6-39f399a8e4ac","eventType":"auth.rate_limit.exceeded","timestamp":"2025-12-02T17:11:26.738Z","outcome":"failure","metadata":{"key":"test:':Wse=/b6","limit":2,"windowMs":60000,"count":2,"resetAt":"2025-12-02T17:12:26.738Z"}}
{"eventId":"8781e234-a7d2-49fe-808b-2c06539ee27f","eventType":"auth.rate_limit.exceeded","timestamp":"2025-12-02T17:11:26.738Z","outcome":"failure","metadata":{"key":"test:T#+","limit":3,"windowMs":60000,"count":3,"resetAt":"2025-12-02T17:12:26.738Z"}}
{"eventId":"014a0a4e-200a-47dc-9b05-8251f278a0ee","eventType":"auth.rate_limit.exceeded","timestamp":"2025-12-02T17:11:26.738Z","outcome":"failure","metadata":{"key":"test:En4t}@Bk@","limit":5,"windowMs":60000,"count":5,"resetAt":"2025-12-02T17:12:26.738Z"}}
{"eventId":"91b0079f-e503-45aa-b42b-0c84d8648bf3","eventType":"auth.rate_limit.exceeded","timestamp":"2025-12-02T17:11:26.738Z","outcome":"failure","metadata":{"key":"test:Ll6HTEvW","limit":8,"windowMs":60000,"count":8,"resetAt":"2025-12-02T17:12:26.738Z"}}
{"eventId":"cc5d9e40-0493-446c-b767-6a5b26447355","eventType":"auth.rate_limit.exceeded","timestamp":"2025-12-02T17:11:26.738Z","outcome":"failure","metadata":{"key":"test:#&8Jd8@J#{D%","limit":2,"windowMs":60000,"count":2,"resetAt":"2025-12-02T17:12:26.738Z"}}
{"eventId":"bb9528e2-dd39-45fa-8417-d8d51cb6f314","eventType":"auth.rate_limit.exceeded","timestamp":"2025-12-02T17:11:26.738Z","outcome":"failure","metadata":{"key":"test:M?R_b","limit":10,"windowMs":60000,"count":10,"resetAt":"2025-12-02T17:12:26.738Z"}}
{"eventId":"248b188e-ec1e-4f3e-ba87-2a126b1345e1","eventType":"auth.rate_limit.exceeded","timestamp":"2025-12-02T17:11:26.738Z","outcome":"failure","metadata":{"key":"test:O2<key{~!","limit":4,"windowMs":60000,"count":4,"resetAt":"2025-12-02T17:12:26.738Z"}}
{"eventId":"6e94c0e3-2619-4a00-826c-bf0400641c8e","eventType":"auth.rate_limit.exceeded","timestamp":"2025-12-02T17:11:26.738Z","outcome":"failure","metadata":{"key":"test:w`|<D~","limit":3,"windowMs":60000,"count":3,"resetAt":"2025-12-02T17:12:26.738Z"}}
{"eventId":"a6d7f59d-6b65-4cc8-9c0f-7780b33d95ff","eventType":"auth.rate_limit.exceeded","timestamp":"2025-12-02T17:11:26.738Z","outcome":"failure","metadata":{"key":"test:voEDy1G/d\\","limit":1,"windowMs":60000,"count":1,"resetAt":"2025-12-02T17:12:26.738Z"}}
{"eventId":"b025a23f-d043-4620-a27f-e1eff3b3c212","eventType":"auth.rate_limit.exceeded","timestamp":"2025-12-02T17:11:26.738Z","outcome":"failure","metadata":{"key":"test:xKW<23_fE|v","limit":8,"windowMs":60000,"count":8,"resetAt":"2025-12-02T17:12:26.738Z"}}
{"eventId":"066f2b71-db11-44bd-8417-da4dd68ad73f","eventType":"auth.rate_limit.exceeded","timestamp":"2025-12-02T17:11:26.738Z","outcome":"failure","metadata":{"key":"test:Si_\\L=o)P","limit":3,"windowMs":60000,"count":3,"resetAt":"2025-12-02T17:12:26.738Z"}}
{"eventId":"84e0f6c8-ce86-4cb7-9b56-5527409e43e7","eventType":"auth.rate_limit.exceeded","timestamp":"2025-12-02T17:11:26.738Z","outcome":"failure","metadata":{"key":"test:$Ub|TTyQ","limit":3,"windowMs":60000,"count":3,"resetAt":"2025-12-02T17:12:26.738Z"}}
{"eventId":"0f52e18a-524b-46bf-aa9d-ad32e1bec4de","eventType":"auth.rate_limit.exceeded","timestamp":"2025-12-02T17:11:26.738Z","outcome":"failure","metadata":{"key":"test:@bQ1Z?9zl5","limit":9,"windowMs":60000,"count":9,"resetAt":"2025-12-02T17:12:26.738Z"}}
{"eventId":"8978febe-42c3-4076-a1b9-3b513d98391d","eventType":"auth.rate_limit.exceeded","timestamp":"2025-12-02T17:11:26.738Z","outcome":"failure","metadata":{"key":"test:P=|NU*q:h-?\\","limit":9,"windowMs":60000,"count":9,"resetAt":"2025-12-02T17:12:26.738Z"}}
{"eventId":"aca78271-91c9-4d7d-ad94-4d144c5e5fd7","eventType":"auth.rate_limit.exceeded","timestamp":"2025-12-02T17:11:26.738Z","outcome":"failure","metadata":{"key":"test:ropertyI","limit":7,"windowMs":60000,"count":7,"resetAt":"2025-12-02T17:12:26.738Z"}}
{"eventId":"f5860963-6636-4fb7-bcb2-af122020edd5","eventType":"auth.rate_limit.exceeded","timestamp":"2025-12-02T17:11:26.738Z","outcome":"failure","metadata":{"key":"test:!:f`2& ","limit":1,"windowMs":60000,"count":1,"resetAt":"2025-12-02T17:12:26.738Z"}}
{"eventId":"d57684a6-9ee7-4f4a-a1a0-6ca4d7bddd80","eventType":"auth.rate_limit.exceeded","timestamp":"2025-12-02T17:11:26.738Z","outcome":"failure","metadata":{"key":"test:Vox#DgS$/Q","limit":10,"windowMs":60000,"count":10,"resetAt":"2025-12-02T17:12:26.738Z"}}
{"eventId":"d18b829e-664e-48e2-9edc-186a1be6b0d5","eventType":"auth.rate_limit.exceeded","timestamp":"2025-12-02T17:11:26.738Z","outcome":"failure","metadata":{"key":"test:0w0s8O3F","limit":8,"windowMs":60000,"count":8,"resetAt":"2025-12-02T17:12:26.738Z"}}
{"eventId":"effaa91f-e0e0-4500-abe4-1bcc47f23449","eventType":"auth.rate_limit.exceeded","timestamp":"2025-12-02T17:11:26.738Z","outcome":"failure","metadata":{"key":"test:#{` ","limit":4,"windowMs":60000,"count":4,"resetAt":"2025-12-02T17:12:26.738Z"}}
{"eventId":"66884196-b970-4260-9500-ec0a925b7627","eventType":"auth.rate_limit.exceeded","timestamp":"2025-12-02T17:11:26.738Z","outcome":"failure","metadata":{"key":"test:N:","limit":6,"windowMs":60000,"count":6,"resetAt":"2025-12-02T17:12:26.738Z"}}
{"eventId":"f9148a31-7d5e-46ca-9bf1-8e0acd75af38","eventType":"auth.rate_limit.exceeded","timestamp":"2025-12-02T17:11:26.738Z","outcome":"failure","metadata":{"key":"test:u[PZzk/","limit":1,"windowMs":60000,"count":1,"resetAt":"2025-12-02T17:12:26.738Z"}}
{"eventId":"0d340261-87ca-454a-a04f-2b45fd19091b","eventType":"auth.rate_limit.exceeded","timestamp":"2025-12-02T17:11:26.738Z","outcome":"failure","metadata":{"key":"test:}\"_T4CKoIH+","limit":8,"windowMs":60000,"count":8,"resetAt":"2025-12-02T17:12:26.738Z"}}
{"eventId":"708090fd-cc52-4d9c-ad28-9ab15b791582","eventType":"auth.rate_limit.exceeded","timestamp":"2025-12-02T17:11:26.738Z","outcome":"failure","metadata":{"key":"test:R[ U'-","limit":1,"windowMs":60000,"count":1,"resetAt":"2025-12-02T17:12:26.738Z"}}
{"eventId":"647bfb79-a091-4b2c-a0a6-6e79d2d5fa2e","eventType":"auth.rate_limit.exceeded","timestamp":"2025-12-02T17:11:26.738Z","outcome":"failure","metadata":{"key":"test:\"|zky:g","limit":9,"windowMs":60000,"count":9,"resetAt":"2025-12-02T17:12:26.738Z"}}
{"eventId":"3041a99f-2b56-467c-a855-3090d04b80f1","eventType":"auth.rate_limit.exceeded","timestamp":"2025-12-02T17:11:26.738Z","outcome":"failure","metadata":{"key":"test:5E[5A$p4u6;!","limit":3,"windowMs":60000,"count":3,"resetAt":"2025-12-02T17:12:26.738Z"}}
{"eventId":"48cbf6fd-c842-48c4-9202-a4c5eee2f4fc","eventType":"auth.rate_limit.exceeded","timestamp":"2025-12-02T17:11:26.738Z","outcome":"failure","metadata":{"key":"test:pw;{{\"b)K?[V","limit":2,"windowMs":60000,"count":2,"resetAt":"2025-12-02T17:12:26.738Z"}}
{"eventId":"c5a37aa1-38d0-4ecb-bf31-d964f1d34059","eventType":"auth.rate_limit.exceeded","timestamp":"2025-12-02T17:11:26.738Z","outcome":"failure","metadata":{"key":"test:|;/5","limit":10,"windowMs":60000,"count":10,"resetAt":"2025-12-02T17:12:26.738Z"}}
{"eventId":"1b8ea391-4c73-42f5-9fca-03efdd7ad77f","eventType":"auth.rate_limit.exceeded","timestamp":"2025-12-02T17:11:26.738Z","outcome":"failure","metadata":{"key":"test:cxG","limit":4,"windowMs":60000,"count":4,"resetAt":"2025-12-02T17:12:26.738Z"}}
{"eventId":"ef465291-8f02-4330-a472-0c499241bfcf","eventType":"auth.rate_limit.exceeded","timestamp":"2025-12-02T17:11:26.738Z","outcome":"failure","metadata":{"key":"test:bUN=v5A9G","limit":3,"windowMs":60000,"count":3,"resetAt":"2025-12-02T17:12:26.738Z"}}
{"eventId":"723e7f5c-1ed4-4f91-bbd8-b44d9e3df4aa","eventType":"auth.rate_limit.exceeded","timestamp":"2025-12-02T17:11:26.738Z","outcome":"failure","metadata":{"key":"test:+F). ","limit":5,"windowMs":60000,"count":5,"resetAt":"2025-12-02T17:12:26.738Z"}}
{"eventId":"28417ef3-de0b-4be9-b9ce-12c4bcd92be4","eventType":"auth.rate_limit.exceeded","timestamp":"2025-12-02T17:11:26.738Z","outcome":"failure","metadata":{"key":"test:j-/*","limit":5,"windowMs":60000,"count":5,"resetAt":"2025-12-02T17:12:26.738Z"}}
{"eventId":"8fd4c0d7-a2d2-4eb6-bc5d-5be2a155884d","eventType":"auth.rate_limit.exceeded","timestamp":"2025-12-02T17:11:26.738Z","outcome":"failure","metadata":{"key":"test:M","limit":3,"windowMs":60000,"count":3,"resetAt":"2025-12-02T17:12:26.738Z"}}
{"eventId":"0a60a76c-16c8-42d2-8d90-8f0b8d9dcd83","eventType":"auth.rate_limit.exceeded","timestamp":"2025-12-02T17:11:26.738Z","outcome":"failure","metadata":{"key":"test:o","limit":6,"windowMs":60000,"count":6,"resetAt":"2025-12-02T17:12:26.738Z"}}
{"eventId":"c7939d45-754a-42c9-81ea-c7f36dd80339","eventType":"auth.rate_limit.exceeded","timestamp":"2025-12-02T17:11:26.738Z","outcome":"failure","metadata":{"key":"test:OLGw~B7hb","limit":9,"windowMs":60000,"count":9,"resetAt":"2025-12-02T17:12:26.738Z"}}
{"eventId":"40e1fb37-33e1-4f7b-adfc-af32fdc30972","eventType":"auth.rate_limit.exceeded","timestamp":"2025-12-02T17:11:26.738Z","outcome":"failure","metadata":{"key":"test:n)\"$3","limit":2,"windowMs":60000,"count":2,"resetAt":"2025-12-02T17:12:26.738Z"}}
{"eventId":"1ea0450f-b8d9-40a6-9f7b-acac57c23ec3","eventType":"auth.rate_limit.exceeded","timestamp":"2025-12-02T17:11:26.738Z","outcome":"failure","metadata":{"key":"test:mZ&cA$","limit":3,"windowMs":60000,"count":3,"resetAt":"2025-12-02T17:12:26.738Z"}}
{"eventId":"5659f041-5d54-47be-8372-873cdd04157e","eventType":"auth.rate_limit.exceeded","timestamp":"2025-12-02T17:11:26.738Z","outcome":"failure","metadata":{"key":"test:G-{\\95","limit":6,"windowMs":60000,"count":6,"resetAt":"2025-12-02T17:12:26.738Z"}}
{"eventId":"2e29fba1-31c0-41d1-aaf5-378160ec4266","eventType":"auth.rate_limit.exceeded","timestamp":"2025-12-02T17:11:26.738Z","outcome":"failure","metadata":{"key":"test:}/_","limit":9,"windowMs":60000,"count":9,"resetAt":"2025-12-02T17:12:26.738Z"}}
{"eventId":"327df47b-a728-45cd-b4c2-92a7096218ec","eventType":"auth.rate_limit.exceeded","timestamp":"2025-12-02T17:11:26.738Z","outcome":"failure","metadata":{"key":"test:1Zxuey","limit":8,"windowMs":60000,"count":8,"resetAt":"2025-12-02T17:12:26.738Z"}}
{"eventId":"516a89ea-d3dd-4f24-ac39-418fe2689ef2","eventType":"auth.rate_limit.exceeded","timestamp":"2025-12-02T17:11:26.738Z","outcome":"failure","metadata":{"key":"test:.![&","limit":9,"windowMs":60000,"count":9,"resetAt":"2025-12-02T17:12:26.738Z"}}
{"eventId":"17f198c2-063d-4b91-b5b3-3f442c925813","eventType":"auth.rate_limit.exceeded","timestamp":"2025-12-02T17:11:26.739Z","outcome":"failure","metadata":{"key":"test:8^t[Q","limit":7,"windowMs":60000,"count":7,"resetAt":"2025-12-02T17:12:26.738Z"}}
{"eventId":"004111c7-a084-48ca-8219-d87bfba60e61","eventType":"auth.rate_limit.exceeded","timestamp":"2025-12-02T17:11:26.739Z","outcome":"failure","metadata":{"key":"test:@~@","limit":4,"windowMs":60000,"count":4,"resetAt":"2025-12-02T17:12:26.739Z"}}
{"eventId":"873ab2a2-cad1-4974-a0c6-26a564be0dbe","eventType":"auth.rate_limit.exceeded","timestamp":"2025-12-02T17:11:26.739Z","outcome":"failure","metadata":{"key":"test:N","limit":10,"windowMs":60000,"count":10,"resetAt":"2025-12-02T17:12:26.739Z"}}
{"eventId":"3afb8b05-1298-484a-8813-387dd24b8b15","eventType":"auth.rate_limit.exceeded","timestamp":"2025-12-02T17:11:26.739Z","outcome":"failure","metadata":{"key":"test: hA\\","limit":8,"windowMs":60000,"count":8,"resetAt":"2025-12-02T17:12:26.739Z"}}
{"eventId":"fac33e2c-97ec-4337-a0e7-9defb08cfdf1","eventType":"auth.rate_limit.exceeded","timestamp":"2025-12-02T17:11:26.739Z","outcome":"failure","metadata":{"key":"test:V=n%4E9","limit":6,"windowMs":60000,"count":6,"resetAt":"2025-12-02T17:12:26.739Z"}}
{"eventId":"a82dfba3-54bf-4f26-ab6c-36ae7c3b6fbf","eventType":"auth.rate_limit.exceeded","timestamp":"2025-12-02T17:11:26.739Z","outcome":"failure","metadata":{"key":"test:t","limit":6,"windowMs":60000,"count":6,"resetAt":"2025-12-02T17:12:26.739Z"}}
{"eventId":"7e242074-0ddd-4772-bb6f-51b9c71caaa3","eventType":"auth.rate_limit.exceeded","timestamp":"2025-12-02T17:11:26.739Z","outcome":"failure","metadata":{"key":"test:ller__lookup","limit":3,"windowMs":60000,"count":3,"resetAt":"2025-12-02T17:12:26.739Z"}}
{"eventId":"9c71f7f2-a2b0-4ac7-b51f-34cc8ae4cb2d","eventType":"auth.rate_limit.exceeded","timestamp":"2025-12-02T17:11:26.739Z","outcome":"failure","metadata":{"key":"test:/","limit":1,"windowMs":60000,"count":1,"resetAt":"2025-12-02T17:12:26.739Z"}}
{"eventId":"28c1c6a4-8395-48c3-9f94-940ee30c6b39","eventType":"auth.rate_limit.exceeded","timestamp":"2025-12-02T17:11:26.739Z","outcome":"failure","metadata":{"key":"test:%a4z8hPh,28*","limit":3,"windowMs":60000,"count":3,"resetAt":"2025-12-02T17:12:26.739Z"}}
{"eventId":"d1063d56-b16c-4bd8-af43-9cbfec9231fd","eventType":"auth.rate_limit.exceeded","timestamp":"2025-12-02T17:11:26.739Z","outcome":"failure","metadata":{"key":"test:toString","limit":8,"windowMs":60000,"count":8,"resetAt":"2025-12-02T17:12:26.739Z"}}
{"eventId":"b2a6cc27-b1b0-4ec3-9ffc-eb51dde00ef9","eventType":"auth.rate_limit.exceeded","timestamp":"2025-12-02T17:11:26.739Z","outcome":"failure","metadata":{"key":"test:0","limit":6,"windowMs":60000,"count":6,"resetAt":"2025-12-02T17:12:26.739Z"}}
{"eventId":"44dc6df5-525f-4ecb-83a2-a17b52b9338c","eventType":"auth.rate_limit.exceeded","timestamp":"2025-12-02T17:11:26.739Z","outcome":"failure","metadata":{"key":"test:V","limit":4,"windowMs":60000,"count":4,"resetAt":"2025-12-02T17:12:26.739Z"}}
{"eventId":"bf976aa4-fc57-41c3-8bbc-d764d33397be","eventType":"auth.rate_limit.exceeded","timestamp":"2025-12-02T17:11:26.739Z","outcome":"failure","metadata":{"key":"test:\\S","limit":5,"windowMs":60000,"count":5,"resetAt":"2025-12-02T17:12:26.739Z"}}
{"eventId":"5cbd3361-1672-4657-9cac-58f92048988d","eventType":"auth.rate_limit.exceeded","timestamp":"2025-12-02T17:11:26.739Z","outcome":"failure","metadata":{"key":"test:ryI0","limit":2,"windowMs":60000,"count":2,"resetAt":"2025-12-02T17:12:26.739Z"}}
{"eventId":"42d90491-b96d-4ff7-ac9c-1dc29ac5f35c","eventType":"auth.rate_limit.exceeded","timestamp":"2025-12-02T17:11:26.739Z","outcome":"failure","metadata":{"key":"test:Uxk#:M(Jf8","limit":3,"windowMs":60000,"count":3,"resetAt":"2025-12-02T17:12:26.739Z"}}
{"eventId":"bd01fa6a-6354-4203-a4c7-e6567efb5e66","eventType":"auth.rate_limit.exceeded","timestamp":"2025-12-02T17:11:26.739Z","outcome":"failure","metadata":{"key":"test:<*0f","limit":2,"windowMs":60000,"count":2,"resetAt":"2025-12-02T17:12:26.739Z"}}
{"eventId":"b2aded34-7b6f-4abb-920c-93de1d64e6f0","eventType":"auth.rate_limit.exceeded","timestamp":"2025-12-02T17:11:26.739Z","outcome":"failure","metadata":{"key":"test:3Xr&;pxsf","limit":6,"windowMs":60000,"count":6,"resetAt":"2025-12-02T17:12:26.739Z"}}
{"eventId":"d41ffaf9-b00a-48e4-982e-a10cf844ef00","eventType":"auth.rate_limit.exceeded","timestamp":"2025-12-02T17:11:26.739Z","outcome":"failure","metadata":{"key":"test:>5}LH7gcz","limit":6,"windowMs":60000,"count":6,"resetAt":"2025-12-02T17:12:26.739Z"}}
{"eventId":"095e6f33-f311-4e1c-94c1-eedc26703cbd","eventType":"auth.rate_limit.exceeded","timestamp":"2025-12-02T17:11:26.739Z","outcome":"failure","metadata":{"key":"test:0&DWLX5hB","limit":1,"windowMs":60000,"count":1,"resetAt":"2025-12-02T17:12:26.739Z"}}
{"eventId":"e5087b53-7a2f-4cbf-a675-7b92cdfacbfd","eventType":"auth.rate_limit.exceeded","timestamp":"2025-12-02T17:11:26.739Z","outcome":"failure","metadata":{"key":"test: 7&","limit":6,"windowMs":60000,"count":6,"resetAt":"2025-12-02T17:12:26.739Z"}}
{"eventId":"3d3f3702-59d0-44ef-8fea-07f2f67a06f1","eventType":"auth.rate_limit.exceeded","timestamp":"2025-12-02T17:11:26.739Z","outcome":"failure","metadata":{"key":"test:A\"zyA","limit":5,"windowMs":60000,"count":5,"resetAt":"2025-12-02T17:12:26.739Z"}}
{"eventId":"5235bcf7-c7d3-4542-80a1-f3526086ef22","eventType":"auth.rate_limit.exceeded","timestamp":"2025-12-02T17:11:26.739Z","outcome":"failure","metadata":{"key":"test:'33(I?","limit":2,"windowMs":60000,"count":2,"resetAt":"2025-12-02T17:12:26.739Z"}}
{"eventId":"5adcb983-e294-4d1d-b667-30a6947e03ff","eventType":"auth.rate_limit.exceeded","timestamp":"2025-12-02T17:11:26.739Z","outcome":"failure","metadata":{"key":"test:j}C\"=}qAm`","limit":6,"windowMs":60000,"count":6,"resetAt":"2025-12-02T17:12:26.739Z"}}
{"eventId":"ef9ea232-ee22-4029-b4fc-dd38959118c3","eventType":"auth.rate_limit.exceeded","timestamp":"2025-12-02T17:11:26.739Z","outcome":"failure","metadata":{"key":"test:\"5e)-qudi","limit":3,"windowMs":60000,"count":3,"resetAt":"2025-12-02T17:12:26.739Z"}}
{"eventId":"6336ac74-4054-4caa-a149-00c2232924fe","eventType":"auth.rate_limit.exceeded","timestamp":"2025-12-02T17:11:26.739Z","outcome":"failure","metadata":{"key":"test:/\\BO>4-S","limit":1,"windowMs":60000,"count":1,"resetAt":"2025-12-02T17:12:26.739Z"}}
{"eventId":"52f69abf-768c-459e-9e5c-31998f6ced05","eventType":"auth.rate_limit.exceeded","timestamp":"2025-12-02T17:11:26.739Z","outcome":"failure","metadata":{"key":"test:__proto__!k","limit":2,"windowMs":60000,"count":2,"resetAt":"2025-12-02T17:12:26.739Z"}}
{"eventId":"bc39a7d6-f89f-4118-a46e-8c1273fe4140","eventType":"auth.rate_limit.exceeded","timestamp":"2025-12-02T17:11:26.739Z","outcome":"failure","metadata":{"key":"test:{$-qt7Qz $A","limit":7,"windowMs":60000,"count":7,"resetAt":"2025-12-02T17:12:26.739Z"}}
{"eventId":"75a0c9b4-6a7b-4d67-a31c-42170d7c83c8","eventType":"auth.rate_limit.exceeded","timestamp":"2025-12-02T17:11:26.739Z","outcome":"failure","metadata":{"key":"test:%#$k","limit":3,"windowMs":60000,"count":3,"resetAt":"2025-12-02T17:12:26.739Z"}}
{"eventId":"c37b5456-bc54-456f-b386-7106e276f52e","eventType":"auth.rate_limit.exceeded","timestamp":"2025-12-02T17:11:26.739Z","outcome":"failure","metadata":{"key":"test:N5nOz Bmy","limit":6,"windowMs":60000,"count":6,"resetAt":"2025-12-02T17:12:26.739Z"}}
{"eventId":"b43f37b4-7191-419c-9aec-1e517c68043e","eventType":"auth.rate_limit.exceeded","timestamp":"2025-12-02T17:11:26.739Z","outcome":"failure","metadata":{"key":"test:)o.","limit":3,"windowMs":60000,"count":3,"resetAt":"2025-12-02T17:12:26.739Z"}}
{"eventId":"c622e3a1-c989-41fa-9577-21f9d19ee8c2","eventType":"auth.rate_limit.exceeded","timestamp":"2025-12-02T17:11:26.739Z","outcome":"failure","metadata":{"key":"test:Viproperty","limit":4,"windowMs":60000,"count":4,"resetAt":"2025-12-02T17:12:26.739Z"}}
{"eventId":"7047caa4-bfe0-44ce-b693-a93605afef7d","eventType":"auth.rate_limit.exceeded","timestamp":"2025-12-02T17:11:26.739Z","outcome":"failure","metadata":{"key":"test:gNl8'U<&5","limit":7,"windowMs":60000,"count":7,"resetAt":"2025-12-02T17:12:26.739Z"}}
{"eventId":"7fa60c05-e14d-4068-881c-6521ca8d5b27","eventType":"auth.rate_limit.exceeded","timestamp":"2025-12-02T17:11:26.739Z","outcome":"failure","metadata":{"key":"test:gs7g[Rym","limit":7,"windowMs":60000,"count":7,"resetAt":"2025-12-02T17:12:26.739Z"}}
{"eventId":"1b7d9d0e-ac3c-481c-afb3-1f4ffc9c811d","eventType":"auth.rate_limit.exceeded","timestamp":"2025-12-02T17:11:26.739Z","outcome":"failure","metadata":{"key":"test:-VK","limit":4,"windowMs":60000,"count":4,"resetAt":"2025-12-02T17:12:26.739Z"}}
{"eventId":"e424c364-95eb-4bbf-933b-dc7b4ac98173","eventType":"auth.rate_limit.exceeded","timestamp":"2025-12-02T17:11:26.739Z","outcome":"failure","metadata":{"key":"test:Mx}@","limit":2,"windowMs":60000,"count":2,"resetAt":"2025-12-02T17:12:26.739Z"}}
{"eventId":"cc1cfdd8-7e65-4919-99a1-6d385630bbaa","eventType":"auth.rate_limit.exceeded","timestamp":"2025-12-02T17:11:26.739Z","outcome":"failure","metadata":{"key":"test:$TRe","limit":10,"windowMs":60000,"count":10,"resetAt":"2025-12-02T17:12:26.739Z"}}
{"eventId":"6fdcedf6-73ed-46ef-ade8-e94facadfba4","eventType":"auth.rate_limit.exceeded","timestamp":"2025-12-02T17:11:26.739Z","outcome":"failure","metadata":{"key":"test:caller","limit":4,"windowMs":60000,"count":4,"resetAt":"2025-12-02T17:12:26.739Z"}}
{"eventId":"4a9de9a1-9e78-4dcb-a7f3-56d49466c6e6","eventType":"auth.rate_limit.exceeded","timestamp":"2025-12-02T17:11:26.739Z","outcome":"failure","metadata":{"key":"test:{ Tb","limit":9,"windowMs":60000,"count":9,"resetAt":"2025-12-02T17:12:26.739Z"}}
{"eventId":"b7c428ba-1b42-4898-bc8a-8d4de5138dac","eventType":"auth.rate_limit.exceeded","timestamp":"2025-12-02T17:11:26.739Z","outcome":"failure","metadata":{"key":"test:~15NA@","limit":3,"windowMs":60000,"count":3,"resetAt":"2025-12-02T17:12:26.739Z"}}
{"eventId":"c1bcc12d-4d6e-4da2-828a-73386eafd5d3","eventType":"auth.rate_limit.exceeded","timestamp":"2025-12-02T17:11:26.739Z","outcome":"failure","metadata":{"key":"test:skh","limit":8,"windowMs":60000,"count":8,"resetAt":"2025-12-02T17:12:26.739Z"}}
{"eventId":"5ed7e4e8-b1b4-467d-8ae7-997ff5c9bcec","eventType":"auth.rate_limit.exceeded","timestamp":"2025-12-02T17:11:26.739Z","outcome":"failure","metadata":{"key":"test:v! !","limit":10,"windowMs":60000,"count":10,"resetAt":"2025-12-02T17:12:26.739Z"}}
{"eventId":"3f35ed34-0103-4a6b-8e43-ee0b9d9ed7a2","eventType":"auth.rate_limit.exceeded","timestamp":"2025-12-02T17:11:26.739Z","outcome":"failure","metadata":{"key":"test:!4P\"lJE?%g","limit":8,"windowMs":60000,"count":8,"resetAt":"2025-12-02T17:12:26.739Z"}}
{"eventId":"266fa284-f607-413e-ab1e-d1f5594a35eb","eventType":"auth.rate_limit.exceeded","timestamp":"2025-12-02T17:11:26.740Z","outcome":"failure","metadata":{"key":"test:kSLW","limit":6,"windowMs":60000,"count":6,"resetAt":"2025-12-02T17:12:26.740Z"}}
{"eventId":"78140e07-2448-4324-94fd-fca6287ad5c0","eventType":"auth.rate_limit.exceeded","timestamp":"2025-12-02T17:11:26.740Z","outcome":"failure","metadata":{"key":"test:dpm0\"P)lC$#m","limit":7,"windowMs":60000,"count":7,"resetAt":"2025-12-02T17:12:26.740Z"}}

stderr | src/server/auth/__tests__/rate-limiter.test.ts > Rate Limiter - Property-Based Tests > Property: Email keys are case-insensitive
{"eventId":"483bfe03-9b85-4606-acae-2261d854094e","eventType":"auth.rate_limit.exceeded","timestamp":"2025-12-02T17:11:26.800Z","outcome":"failure","metadata":{"key":"signin:email:*!b4qji6.dpztxhv.f'xb*_*o/q=@ql9p.f1oq0u.yle","limit":3,"windowMs":60000,"count":3,"resetAt":"2025-12-02T17:12:26.800Z"}}
{"eventId":"108c34f7-dcf9-4425-82c0-858355f21cae","eventType":"auth.rate_limit.exceeded","timestamp":"2025-12-02T17:11:26.800Z","outcome":"failure","metadata":{"key":"signin:email:zr.a1p'&bnhpbf.key.name.$1'yjx.{h1`7{}i?`d.t@fk3-vzn.r.dsh","limit":3,"windowMs":60000,"count":3,"resetAt":"2025-12-02T17:12:26.800Z"}}
{"eventId":"2a562e73-5eef-495f-9127-a76018bc5672","eventType":"auth.rate_limit.exceeded","timestamp":"2025-12-02T17:11:26.800Z","outcome":"failure","metadata":{"key":"signin:email:#_7g'8ytzss.{./3%m01.~nc9}./#hh./*'k0o-c#/b.t?7k8b%3.^.|@6aphz79o.cvtjm1.bi","limit":3,"windowMs":60000,"count":3,"resetAt":"2025-12-02T17:12:26.800Z"}}
{"eventId":"6fe5d572-abde-4ff3-8230-dde3e4712730","eventType":"auth.rate_limit.exceeded","timestamp":"2025-12-02T17:11:26.800Z","outcome":"failure","metadata":{"key":"signin:email:hk6p8t!0sr|.e@d6smb.mb","limit":3,"windowMs":60000,"count":3,"resetAt":"2025-12-02T17:12:26.800Z"}}
{"eventId":"0076f99f-493c-4dd7-8c9d-7a7af26cc588","eventType":"auth.rate_limit.exceeded","timestamp":"2025-12-02T17:11:26.800Z","outcome":"failure","metadata":{"key":"signin:email:8v|.er!w5'@4e5vvbzy.td","limit":3,"windowMs":60000,"count":3,"resetAt":"2025-12-02T17:12:26.800Z"}}
{"eventId":"e321cf26-a233-4b58-aeb1-9981d0e7e337","eventType":"auth.rate_limit.exceeded","timestamp":"2025-12-02T17:11:26.800Z","outcome":"failure","metadata":{"key":"signin:email:d.eac.zq9{4.h-1i2*k/.ke.gumentslen.name.df.dcallertrg@5b.bc","limit":3,"windowMs":60000,"count":3,"resetAt":"2025-12-02T17:12:26.800Z"}}
{"eventId":"73b1ea8f-618e-48b7-904f-9808d9968228","eventType":"auth.rate_limit.exceeded","timestamp":"2025-12-02T17:11:26.800Z","outcome":"failure","metadata":{"key":"signin:email:c}_.9.`a`.'~*.0kf2klcb#?._`a|{x=m.$rt4cm3`|'a.|_/.f|_k.ly%@bdab.zl","limit":3,"windowMs":60000,"count":3,"resetAt":"2025-12-02T17:12:26.800Z"}}
{"eventId":"b698d397-4fa0-4f35-b1dd-ca0273f41882","eventType":"auth.rate_limit.exceeded","timestamp":"2025-12-02T17:11:26.800Z","outcome":"failure","metadata":{"key":"signin:email:-+$-d.!/lq.$_6o+=.0dny|s*8{`e.i{60.idl.*|?w|}ivq3#.r3~f$@xa.as","limit":3,"windowMs":60000,"count":3,"resetAt":"2025-12-02T17:12:26.800Z"}}
{"eventId":"7dd740a4-3e9d-4be4-8238-1751bc19748f","eventType":"auth.rate_limit.exceeded","timestamp":"2025-12-02T17:11:26.801Z","outcome":"failure","metadata":{"key":"signin:email:=ymd.ti?s%~h7@uh.edj","limit":3,"windowMs":60000,"count":3,"resetAt":"2025-12-02T17:12:26.801Z"}}
{"eventId":"3046afbc-7f38-41a1-b718-c68d62187217","eventType":"auth.rate_limit.exceeded","timestamp":"2025-12-02T17:11:26.801Z","outcome":"failure","metadata":{"key":"signin:email:#rth&hu9/8`m.{0.t56&.cf~_dbcc@b.vjr","limit":3,"windowMs":60000,"count":3,"resetAt":"2025-12-02T17:12:26.801Z"}}
{"eventId":"e86fe1ca-3f2c-439c-8b09-f4765a42c8bc","eventType":"auth.rate_limit.exceeded","timestamp":"2025-12-02T17:11:26.801Z","outcome":"failure","metadata":{"key":"signin:email:hp{wxg%0.10h5''g^}.z9&te}`//zy.4_$+.$8-ern3c8'4_.tr2n0d*w2.4-b5@6jwh2xpo2.tzz","limit":3,"windowMs":60000,"count":3,"resetAt":"2025-12-02T17:12:26.801Z"}}
{"eventId":"fce45569-969e-4615-aa0a-97936a20454f","eventType":"auth.rate_limit.exceeded","timestamp":"2025-12-02T17:11:26.801Z","outcome":"failure","metadata":{"key":"signin:email:k1xh.!50^}n?o@q.fayag-9xf.zb","limit":3,"windowMs":60000,"count":3,"resetAt":"2025-12-02T17:12:26.801Z"}}
{"eventId":"f51f36c6-0085-4115-98e5-e3dfb00b8cdd","eventType":"auth.rate_limit.exceeded","timestamp":"2025-12-02T17:11:26.801Z","outcome":"failure","metadata":{"key":"signin:email:}!@2p2y84emqch.6ycz0snc.zb","limit":3,"windowMs":60000,"count":3,"resetAt":"2025-12-02T17:12:26.801Z"}}
{"eventId":"3cdc186c-34b4-431d-8e4f-005d5d9fa5f6","eventType":"auth.rate_limit.exceeded","timestamp":"2025-12-02T17:11:26.801Z","outcome":"failure","metadata":{"key":"signin:email:2i4kd4r?@dnsv3f8t.ref","limit":3,"windowMs":60000,"count":3,"resetAt":"2025-12-02T17:12:26.801Z"}}
{"eventId":"57656e3e-3ba1-4f89-a695-41b0b1996df8","eventType":"auth.rate_limit.exceeded","timestamp":"2025-12-02T17:11:26.801Z","outcome":"failure","metadata":{"key":"signin:email:aak}baez}r^j.jq'rcd6q.'c~0yg.=}_.amcal__prot5.~m&'wejb+x/u@799muv.le","limit":3,"windowMs":60000,"count":3,"resetAt":"2025-12-02T17:12:26.801Z"}}
{"eventId":"d91d02be-cf55-4281-86af-190c57a0fb3e","eventType":"auth.rate_limit.exceeded","timestamp":"2025-12-02T17:11:26.801Z","outcome":"failure","metadata":{"key":"signin:email:name.{ym3a9`.v!y?'?ezxk.bt_*-ylp|ya&.l._e!n|3~.d6dhsd5v.p8w@8f.ejb","limit":3,"windowMs":60000,"count":3,"resetAt":"2025-12-02T17:12:26.801Z"}}
{"eventId":"0dccdc66-80ee-4e21-9b1a-cc2df0788a71","eventType":"auth.rate_limit.exceeded","timestamp":"2025-12-02T17:11:26.801Z","outcome":"failure","metadata":{"key":"signin:email:t.d.'cq#h7.^~`&wum9s@8--ht321.346we67u2.rhq","limit":3,"windowMs":60000,"count":3,"resetAt":"2025-12-02T17:12:26.801Z"}}
{"eventId":"46acae09-8bdb-400f-85db-e04771c346b3","eventType":"auth.rate_limit.exceeded","timestamp":"2025-12-02T17:11:26.801Z","outcome":"failure","metadata":{"key":"signin:email:'?*rg1*i?.*4+y7.t=4^&7m2}1g~.!o20n25d.p#g*}w@kcuoby2r44.fys","limit":3,"windowMs":60000,"count":3,"resetAt":"2025-12-02T17:12:26.801Z"}}
{"eventId":"e47fdf7b-c8be-4320-badc-667e5ea5f5b1","eventType":"auth.rate_limit.exceeded","timestamp":"2025-12-02T17:11:26.801Z","outcome":"failure","metadata":{"key":"signin:email:-=nvc+.86__01s.tm4&aw.b_~#rnh.|8k2u5w1.r-a2.&1jc`9&bil!.5o``om@d.xky","limit":3,"windowMs":60000,"count":3,"resetAt":"2025-12-02T17:12:26.801Z"}}
{"eventId":"b05dceba-95ff-4655-8576-0854a9d4339a","eventType":"auth.rate_limit.exceeded","timestamp":"2025-12-02T17:11:26.801Z","outcome":"failure","metadata":{"key":"signin:email:caller7.9ojbi}g.4p6v1{~-@tjhto.2u0jbf9b2qr.sw","limit":3,"windowMs":60000,"count":3,"resetAt":"2025-12-02T17:12:26.801Z"}}
{"eventId":"db5d26e3-ddfd-451b-8912-e9702cf62e2f","eventType":"auth.rate_limit.exceeded","timestamp":"2025-12-02T17:11:26.801Z","outcome":"failure","metadata":{"key":"signin:email:137cd`2u=9.*x.-az/.q=~#fl/1.dy{#h`+px^17.w*?9^.vu_*v!!r$@al.ef","limit":3,"windowMs":60000,"count":3,"resetAt":"2025-12-02T17:12:26.801Z"}}
{"eventId":"550b5454-a2b9-4474-b419-51d55ac20d22","eventType":"auth.rate_limit.exceeded","timestamp":"2025-12-02T17:11:26.801Z","outcome":"failure","metadata":{"key":"signin:email:3.l~j6!y=|dyj.iyxs.l_y0hx-_t5`}.hitv?j.h2'0a~c.0&%3&ept5w@5zj3gr.1a.pm","limit":3,"windowMs":60000,"count":3,"resetAt":"2025-12-02T17:12:26.801Z"}}
{"eventId":"35dd51ec-8d1c-4554-a638-a5c57d8a1976","eventType":"auth.rate_limit.exceeded","timestamp":"2025-12-02T17:11:26.801Z","outcome":"failure","metadata":{"key":"signin:email:bz!1.6x5$84n.-a+_ub0@6dzeg.ns","limit":3,"windowMs":60000,"count":3,"resetAt":"2025-12-02T17:12:26.801Z"}}
{"eventId":"e59cf186-7d42-43f0-b2e8-e290404e6fe9","eventType":"auth.rate_limit.exceeded","timestamp":"2025-12-02T17:11:26.801Z","outcome":"failure","metadata":{"key":"signin:email:7?_&b!.=+.c.ve{#}&be{trs./7r`be~.0jq}^8v.4oopqqe9.z&bc^$`{$t8@4exktm6f07-3.iis0a1pf1.ab","limit":3,"windowMs":60000,"count":3,"resetAt":"2025-12-02T17:12:26.801Z"}}
{"eventId":"5d0cbaac-9ef0-4a4e-9c49-ecc56e6498ac","eventType":"auth.rate_limit.exceeded","timestamp":"2025-12-02T17:11:26.801Z","outcome":"failure","metadata":{"key":"signin:email:ugj|.5pl.7s$v?9$04cyv.t%90-.{_-0.i.okp'.p%6yy.rv7x/y=3zj@bxu.s4xe8.gpn","limit":3,"windowMs":60000,"count":3,"resetAt":"2025-12-02T17:12:26.801Z"}}
{"eventId":"8d586149-2770-48e5-889d-897bb67f8342","eventType":"auth.rate_limit.exceeded","timestamp":"2025-12-02T17:11:26.801Z","outcome":"failure","metadata":{"key":"signin:email:con@w.5.le","limit":3,"windowMs":60000,"count":3,"resetAt":"2025-12-02T17:12:26.801Z"}}
{"eventId":"9d2e40a5-9bea-417f-b301-8c0b0609ac68","eventType":"auth.rate_limit.exceeded","timestamp":"2025-12-02T17:11:26.801Z","outcome":"failure","metadata":{"key":"signin:email:=$42o$k@ep5vhgpsf.tg","limit":3,"windowMs":60000,"count":3,"resetAt":"2025-12-02T17:12:26.801Z"}}
{"eventId":"dbe3a64d-38ea-4a19-95dd-f28604551b45","eventType":"auth.rate_limit.exceeded","timestamp":"2025-12-02T17:11:26.801Z","outcome":"failure","metadata":{"key":"signin:email:lq&v}`jt!.p3`0%~%sgh.}.tb5*-|g%52l=.'|tkq`@j7z1x.ggv","limit":3,"windowMs":60000,"count":3,"resetAt":"2025-12-02T17:12:26.801Z"}}
{"eventId":"6da5f36c-f024-4950-826c-9df10631f6c1","eventType":"auth.rate_limit.exceeded","timestamp":"2025-12-02T17:11:26.801Z","outcome":"failure","metadata":{"key":"signin:email:enamoto.h.qc?.cgz_.ou2w2s.mv4pb3.constr.3j8b'o}cc@xn8c7y.c.na","limit":3,"windowMs":60000,"count":3,"resetAt":"2025-12-02T17:12:26.801Z"}}
{"eventId":"ca1c1b6a-94f7-44e1-a5f4-6687b66ca621","eventType":"auth.rate_limit.exceeded","timestamp":"2025-12-02T17:11:26.802Z","outcome":"failure","metadata":{"key":"signin:email:ref.d6.%vf|e.bp.k7@w357h4epyvx.fre2ulyx0fj.qiw","limit":3,"windowMs":60000,"count":3,"resetAt":"2025-12-02T17:12:26.802Z"}}
{"eventId":"91b73e94-de5d-4882-b022-35b31bd5fad9","eventType":"auth.rate_limit.exceeded","timestamp":"2025-12-02T17:11:26.802Z","outcome":"failure","metadata":{"key":"signin:email:=?4&.vez}2*u.h1i%.v/?d*kei5.6l99/1v.i`sl.|2co$.51c$~dy.&'*v.*|@m.dya","limit":3,"windowMs":60000,"count":3,"resetAt":"2025-12-02T17:12:26.802Z"}}
{"eventId":"429a073b-12ab-4182-95d7-1fff2a9cf1aa","eventType":"auth.rate_limit.exceeded","timestamp":"2025-12-02T17:11:26.802Z","outcome":"failure","metadata":{"key":"signin:email:v7/8hiz429.3txs-*&#_sj9.d./+nrg9k&4h-c.j&9/m2u*q.1-e?fkt-@a3oe.kc","limit":3,"windowMs":60000,"count":3,"resetAt":"2025-12-02T17:12:26.802Z"}}
{"eventId":"eede765f-65fc-4dc9-894e-57457f19d474","eventType":"auth.rate_limit.exceeded","timestamp":"2025-12-02T17:11:26.802Z","outcome":"failure","metadata":{"key":"signin:email:o~7i`-4zl8.b%~3p+-0z'.hakgn.2xa|j_%7lwl.=.2.!.u-a{7v.i@6t6brddw.2l0zoxoq7t.kg","limit":3,"windowMs":60000,"count":3,"resetAt":"2025-12-02T17:12:26.802Z"}}
{"eventId":"6f66e637-2568-434b-bf39-567902deae9c","eventType":"auth.rate_limit.exceeded","timestamp":"2025-12-02T17:11:26.802Z","outcome":"failure","metadata":{"key":"signin:email:f!1o_7/p2.m83&mu.p-cu.#.lw.ixm^$.}0$nu}0m}|t.!gk.bku/m6.zar+5w6j@pd4p5l.y049r1.awc","limit":3,"windowMs":60000,"count":3,"resetAt":"2025-12-02T17:12:26.802Z"}}
{"eventId":"b336bef3-33ae-4b27-a340-6d75222add5a","eventType":"auth.rate_limit.exceeded","timestamp":"2025-12-02T17:11:26.802Z","outcome":"failure","metadata":{"key":"signin:email:p#9f/@f.jv","limit":3,"windowMs":60000,"count":3,"resetAt":"2025-12-02T17:12:26.802Z"}}
{"eventId":"818854c6-67c1-433c-ae0f-a65eb9d47e82","eventType":"auth.rate_limit.exceeded","timestamp":"2025-12-02T17:11:26.802Z","outcome":"failure","metadata":{"key":"signin:email:vg{gs=/.*8w9.+.n1'59$'.nxss$e.db+9/}5gl.5scxud7?=g.ym~v.#3?9}h@0wa43v-62.pt","limit":3,"windowMs":60000,"count":3,"resetAt":"2025-12-02T17:12:26.802Z"}}
{"eventId":"a0b298bf-5675-4e0c-8957-18babf1d61b0","eventType":"auth.rate_limit.exceeded","timestamp":"2025-12-02T17:11:26.802Z","outcome":"failure","metadata":{"key":"signin:email:a'%.x4-%5cj&!#$a.e{{x~m-3}.g=lknq|ws3.0igg-.fqd/.w3*&jp^+$q|!.$@cz7cysla7a.qn","limit":3,"windowMs":60000,"count":3,"resetAt":"2025-12-02T17:12:26.802Z"}}
{"eventId":"32a4b4f4-1dd5-4693-b2b2-9bbeadec4ad6","eventType":"auth.rate_limit.exceeded","timestamp":"2025-12-02T17:11:26.802Z","outcome":"failure","metadata":{"key":"signin:email:c.dm`bu{.|e_f0bpa.o_@p9mmqcf.vt","limit":3,"windowMs":60000,"count":3,"resetAt":"2025-12-02T17:12:26.802Z"}}
{"eventId":"007b5ca6-8506-4892-b772-9c0a7660f7e9","eventType":"auth.rate_limit.exceeded","timestamp":"2025-12-02T17:11:26.802Z","outcome":"failure","metadata":{"key":"signin:email:pbcd%./qe.d}/7|~_ehmk.nt.l.loovf2re62.w~^n1|rbm.'|3i@b1.bez","limit":3,"windowMs":60000,"count":3,"resetAt":"2025-12-02T17:12:26.802Z"}}
{"eventId":"501854fa-ae30-49a0-aad5-d40576ce9683","eventType":"auth.rate_limit.exceeded","timestamp":"2025-12-02T17:11:26.802Z","outcome":"failure","metadata":{"key":"signin:email:pr&j^%9q1rm.e82345h26.m'0jd{{+gt.g5/|.~&^j@2sn.e5.bb","limit":3,"windowMs":60000,"count":3,"resetAt":"2025-12-02T17:12:26.802Z"}}
{"eventId":"9be84781-17e8-4b4d-9c94-01f00d51f750","eventType":"auth.rate_limit.exceeded","timestamp":"2025-12-02T17:11:26.802Z","outcome":"failure","metadata":{"key":"signin:email:?-g^pd.2.wtx%0x_rciop.n$o`-.{7$w.qu$v19-gn}.{q?0.+%7@qfll32.xgo","limit":3,"windowMs":60000,"count":3,"resetAt":"2025-12-02T17:12:26.802Z"}}
{"eventId":"18de6c08-61a6-4636-8766-a264a9d14073","eventType":"auth.rate_limit.exceeded","timestamp":"2025-12-02T17:11:26.802Z","outcome":"failure","metadata":{"key":"signin:email:j.$*j^ppai.g?a.{caller@a.jo","limit":3,"windowMs":60000,"count":3,"resetAt":"2025-12-02T17:12:26.802Z"}}
{"eventId":"4e6c3773-e904-48f0-8096-538f2a5175aa","eventType":"auth.rate_limit.exceeded","timestamp":"2025-12-02T17:11:26.802Z","outcome":"failure","metadata":{"key":"signin:email:{37a.w6ai`galf.!~&i%.2.ah5_du%&/a`e.denl%16`r_j.9y.rjuq|9?'*@ici8jw.dzrl83.jrf","limit":3,"windowMs":60000,"count":3,"resetAt":"2025-12-02T17:12:26.802Z"}}
{"eventId":"601e1dd2-a20b-43e2-b2c3-c64e6d72352d","eventType":"auth.rate_limit.exceeded","timestamp":"2025-12-02T17:11:26.802Z","outcome":"failure","metadata":{"key":"signin:email:9q~9.vj.j1.8u*r%ft-j_8.y.co.a#e-.$/6}ex@a.lb","limit":3,"windowMs":60000,"count":3,"resetAt":"2025-12-02T17:12:26.802Z"}}
{"eventId":"b090c5a0-189e-4302-b40f-e7151a76974a","eventType":"auth.rate_limit.exceeded","timestamp":"2025-12-02T17:11:26.802Z","outcome":"failure","metadata":{"key":"signin:email:{q$?k'|kg.+!6a?7-$./*''9~s/.g4em2~zd2k.}l8hf@yebo21hlp6kn.oofyyrm0u-l.mi","limit":3,"windowMs":60000,"count":3,"resetAt":"2025-12-02T17:12:26.802Z"}}
{"eventId":"c4477653-576f-4129-a6b4-323304aff5cf","eventType":"auth.rate_limit.exceeded","timestamp":"2025-12-02T17:11:26.802Z","outcome":"failure","metadata":{"key":"signin:email:%fc9l|.z4s.j!ci=x/.jg!m.1=*l*q.|vs.ta!jhj8?p~3@kg2csjaea.qj5jjf3qk9.rd","limit":3,"windowMs":60000,"count":3,"resetAt":"2025-12-02T17:12:26.802Z"}}
{"eventId":"21a902be-c4b9-49ff-aff9-bff506eb2221","eventType":"auth.rate_limit.exceeded","timestamp":"2025-12-02T17:11:26.802Z","outcome":"failure","metadata":{"key":"signin:email:^l@2xkup6y7c.6.qi","limit":3,"windowMs":60000,"count":3,"resetAt":"2025-12-02T17:12:26.802Z"}}
{"eventId":"3473d76b-4ddf-4a3d-ab2d-6909b1795f5a","eventType":"auth.rate_limit.exceeded","timestamp":"2025-12-02T17:11:26.802Z","outcome":"failure","metadata":{"key":"signin:email:`b#4!nd?r5.uo3`nk`_}6r{.#pelnx.{mu2q@5v4ipt3r5rk.wq","limit":3,"windowMs":60000,"count":3,"resetAt":"2025-12-02T17:12:26.802Z"}}
{"eventId":"338f7936-209d-4e23-9661-78a25a3edabf","eventType":"auth.rate_limit.exceeded","timestamp":"2025-12-02T17:11:26.802Z","outcome":"failure","metadata":{"key":"signin:email:ee0cc.0'5b.o0=8y.{up.m~?85tx4d//?.eabtk|y*?1f.}|ypf7rs0.*kv'}@0ccr4di22zb.gvj","limit":3,"windowMs":60000,"count":3,"resetAt":"2025-12-02T17:12:26.802Z"}}
{"eventId":"7b9f8eeb-01cc-418a-8119-8e2e0daf94f0","eventType":"auth.rate_limit.exceeded","timestamp":"2025-12-02T17:11:26.802Z","outcome":"failure","metadata":{"key":"signin:email:&{.7idik`%s?/2i.'.%/9'1evf.d.z`h&q.f8{=^n?.5.cs0r'zq@v5.bfh.aef","limit":3,"windowMs":60000,"count":3,"resetAt":"2025-12-02T17:12:26.802Z"}}
{"eventId":"a9218c77-fed1-49cd-9d0e-14661d25b86f","eventType":"auth.rate_limit.exceeded","timestamp":"2025-12-02T17:11:26.802Z","outcome":"failure","metadata":{"key":"signin:email:-'i_-&min4h.`tjgzi.=rl^5`yb&.a1nif|'._8w.|&+h.7?^&#$8/%yi*@q7ei.kes","limit":3,"windowMs":60000,"count":3,"resetAt":"2025-12-02T17:12:26.802Z"}}
{"eventId":"4c37147f-9801-4a4c-9cf4-70ae13b7fd0b","eventType":"auth.rate_limit.exceeded","timestamp":"2025-12-02T17:11:26.802Z","outcome":"failure","metadata":{"key":"signin:email:n}ek%r04h.gi32dl-&e6rn.!$+.jjr@w-q8ccxfbl.rnf","limit":3,"windowMs":60000,"count":3,"resetAt":"2025-12-02T17:12:26.802Z"}}
{"eventId":"aa6afb49-da79-438a-a8d0-068869f2b20a","eventType":"auth.rate_limit.exceeded","timestamp":"2025-12-02T17:11:26.802Z","outcome":"failure","metadata":{"key":"signin:email:w~-~63'=h1a%.rlh#3-6.ua&!0q8}%1b.*73xym0qasv@vvae3uh34b.aa","limit":3,"windowMs":60000,"count":3,"resetAt":"2025-12-02T17:12:26.802Z"}}
{"eventId":"179c8d20-6f0f-4a00-977a-ae53b8fe665c","eventType":"auth.rate_limit.exceeded","timestamp":"2025-12-02T17:11:26.803Z","outcome":"failure","metadata":{"key":"signin:email:u^&gza2k.1iidn'cw_+#._jigaw./up5~ktf@7kzqasiftr.l-18h8pdv.xpv","limit":3,"windowMs":60000,"count":3,"resetAt":"2025-12-02T17:12:26.803Z"}}
{"eventId":"1fe8c722-5271-420d-98c2-d01ee54ee78e","eventType":"auth.rate_limit.exceeded","timestamp":"2025-12-02T17:11:26.803Z","outcome":"failure","metadata":{"key":"signin:email:8~.a.l&#@n5k2v.ocb","limit":3,"windowMs":60000,"count":3,"resetAt":"2025-12-02T17:12:26.803Z"}}
{"eventId":"4b0f3d6a-2610-40ac-ad97-f85a626dedc4","eventType":"auth.rate_limit.exceeded","timestamp":"2025-12-02T17:11:26.803Z","outcome":"failure","metadata":{"key":"signin:email:h$.p#=07u=.i.n!u33&_.pkk6x+`|7.`hym9emd.?t0kd|%zp@iwgcc372kjaa.rgw","limit":3,"windowMs":60000,"count":3,"resetAt":"2025-12-02T17:12:26.803Z"}}
{"eventId":"b2d12ec3-c0ac-4646-894f-8f0cf06ae0bd","eventType":"auth.rate_limit.exceeded","timestamp":"2025-12-02T17:11:26.803Z","outcome":"failure","metadata":{"key":"signin:email:c.-r&j@7d13.vlr","limit":3,"windowMs":60000,"count":3,"resetAt":"2025-12-02T17:12:26.803Z"}}
{"eventId":"b26e6417-6dc4-4320-97fa-94ac680521a3","eventType":"auth.rate_limit.exceeded","timestamp":"2025-12-02T17:11:26.803Z","outcome":"failure","metadata":{"key":"signin:email:4b?l^988%@d.fax","limit":3,"windowMs":60000,"count":3,"resetAt":"2025-12-02T17:12:26.803Z"}}
{"eventId":"308c0af5-9dc8-4bb7-bb44-e3b2df8acc05","eventType":"auth.rate_limit.exceeded","timestamp":"2025-12-02T17:11:26.803Z","outcome":"failure","metadata":{"key":"signin:email:}/qx.i=sf!.|g&}ytf$0y.3%b.ry`vyat@9v0gidztdsl.034924.wg","limit":3,"windowMs":60000,"count":3,"resetAt":"2025-12-02T17:12:26.803Z"}}
{"eventId":"b6b92b06-1b19-4659-9aab-2b5644fcff5c","eventType":"auth.rate_limit.exceeded","timestamp":"2025-12-02T17:11:26.803Z","outcome":"failure","metadata":{"key":"signin:email:^q.=pq.`8.n#94$ggn*.sj%-#gm%n@vtfvaz.amm","limit":3,"windowMs":60000,"count":3,"resetAt":"2025-12-02T17:12:26.803Z"}}
{"eventId":"23cf1a20-ca3e-4417-a8ff-cff0d7e00982","eventType":"auth.rate_limit.exceeded","timestamp":"2025-12-02T17:11:26.803Z","outcome":"failure","metadata":{"key":"signin:email:naz^?q/3'.5h4?|u.e_1y2t3e.vegq@vy0img.4wwjohec.zm","limit":3,"windowMs":60000,"count":3,"resetAt":"2025-12-02T17:12:26.803Z"}}
{"eventId":"028402aa-2ac9-41ad-8596-021623980fe6","eventType":"auth.rate_limit.exceeded","timestamp":"2025-12-02T17:11:26.803Z","outcome":"failure","metadata":{"key":"signin:email:us.^.=ub_s-1.bd=6vxxq^}1=.|k}*h1s0.&c`h!o.8qjqesx6s$m.c^*g6-opu!@pi0d8ifm33.rlu","limit":3,"windowMs":60000,"count":3,"resetAt":"2025-12-02T17:12:26.803Z"}}
{"eventId":"27db7e62-61a6-40df-bcd8-a67fd739b078","eventType":"auth.rate_limit.exceeded","timestamp":"2025-12-02T17:11:26.803Z","outcome":"failure","metadata":{"key":"signin:email:=~}4bc9n.&&|*@cn-r.zd","limit":3,"windowMs":60000,"count":3,"resetAt":"2025-12-02T17:12:26.803Z"}}
{"eventId":"7f762cb5-609e-47d0-a7f3-2ce83065463d","eventType":"auth.rate_limit.exceeded","timestamp":"2025-12-02T17:11:26.803Z","outcome":"failure","metadata":{"key":"signin:email:a=+.iu*?.halgrs!.'jy6a8st5'29.&c9da'y6o/{6.vf/%$rh$em@q.cuc","limit":3,"windowMs":60000,"count":3,"resetAt":"2025-12-02T17:12:26.803Z"}}
{"eventId":"d27ac0cd-36ed-41d8-8d95-92909e58b254","eventType":"auth.rate_limit.exceeded","timestamp":"2025-12-02T17:11:26.803Z","outcome":"failure","metadata":{"key":"signin:email:5{9~7.%e~u@3x288xz6f.4.pm","limit":3,"windowMs":60000,"count":3,"resetAt":"2025-12-02T17:12:26.803Z"}}
{"eventId":"5393c575-57e3-428a-9cfe-5be943195149","eventType":"auth.rate_limit.exceeded","timestamp":"2025-12-02T17:11:26.803Z","outcome":"failure","metadata":{"key":"signin:email:c?*43.615.jb8!.db5@qh8sl1a.hzmvwb8pl5.drz","limit":3,"windowMs":60000,"count":3,"resetAt":"2025-12-02T17:12:26.803Z"}}
{"eventId":"77199a9c-e8c2-4830-b656-c6b56d1dc079","eventType":"auth.rate_limit.exceeded","timestamp":"2025-12-02T17:11:26.803Z","outcome":"failure","metadata":{"key":"signin:email:msh?.x5.!.name@z.sn","limit":3,"windowMs":60000,"count":3,"resetAt":"2025-12-02T17:12:26.803Z"}}
{"eventId":"b9691897-3740-4689-9fa7-1c2eb0850e38","eventType":"auth.rate_limit.exceeded","timestamp":"2025-12-02T17:11:26.803Z","outcome":"failure","metadata":{"key":"signin:email:d|^8vs~zir3.*#1@vcehb0bxh.oc","limit":3,"windowMs":60000,"count":3,"resetAt":"2025-12-02T17:12:26.803Z"}}
{"eventId":"bc5f984c-e86e-4fb6-a28d-2eb8f18f41ee","eventType":"auth.rate_limit.exceeded","timestamp":"2025-12-02T17:11:26.803Z","outcome":"failure","metadata":{"key":"signin:email:+p.mi6k.q%2n_.gea~bh6.m#.p$^`rl?{=d@lx.qkq","limit":3,"windowMs":60000,"count":3,"resetAt":"2025-12-02T17:12:26.803Z"}}
{"eventId":"64a8fdab-7326-4fb6-8f50-b1d192b73322","eventType":"auth.rate_limit.exceeded","timestamp":"2025-12-02T17:11:26.803Z","outcome":"failure","metadata":{"key":"signin:email:or&d08n{.^dom.?-5r_.f6y#yg6?xn.$h}s+u.m3.&5&-5&zz*9-*@9jfokef.pfe","limit":3,"windowMs":60000,"count":3,"resetAt":"2025-12-02T17:12:26.803Z"}}
{"eventId":"f8f72a5b-b3d6-405e-a4f0-ed31073790df","eventType":"auth.rate_limit.exceeded","timestamp":"2025-12-02T17:11:26.803Z","outcome":"failure","metadata":{"key":"signin:email:p?9pr.u0fx#%n#1.r`.8.y.g.*9q.u.y-g-i`eso+@z4.4-2w672ufh.riy","limit":3,"windowMs":60000,"count":3,"resetAt":"2025-12-02T17:12:26.803Z"}}
{"eventId":"6da75ff4-bf24-453c-a940-ee479c58f8b2","eventType":"auth.rate_limit.exceeded","timestamp":"2025-12-02T17:11:26.803Z","outcome":"failure","metadata":{"key":"signin:email:q3lz|1u.f.3vq|-undo.ikr.%7hg=$%1yf.87-~oa6k%.le4oyn?z$.~_5d%t.gt@i1x7tww.01.kfy","limit":3,"windowMs":60000,"count":3,"resetAt":"2025-12-02T17:12:26.803Z"}}
{"eventId":"e0362e75-bdb7-444f-a5d2-086271b45067","eventType":"auth.rate_limit.exceeded","timestamp":"2025-12-02T17:11:26.803Z","outcome":"failure","metadata":{"key":"signin:email:=3.c0.vd8=iwwwl#4/.dba.2cirm'.k=982y.na0.0z38=h029x5.innargu@49lno-a44k.hs6g.hpm","limit":3,"windowMs":60000,"count":3,"resetAt":"2025-12-02T17:12:26.803Z"}}
{"eventId":"c11a6198-fe09-40d5-92fe-d706b407864d","eventType":"auth.rate_limit.exceeded","timestamp":"2025-12-02T17:11:26.803Z","outcome":"failure","metadata":{"key":"signin:email:q!!2ou}{c.fzsqn6lp.fd0g+#g*^c2.#2g^.xxi*`p^e_!`.xmjal%rcyr{.&%im@m3n8.swu","limit":3,"windowMs":60000,"count":3,"resetAt":"2025-12-02T17:12:26.803Z"}}
{"eventId":"2039b4ab-24b5-4ffe-8361-9c64c7bfc189","eventType":"auth.rate_limit.exceeded","timestamp":"2025-12-02T17:11:26.803Z","outcome":"failure","metadata":{"key":"signin:email:name@c.qxoi.gx","limit":3,"windowMs":60000,"count":3,"resetAt":"2025-12-02T17:12:26.803Z"}}
{"eventId":"d87278d7-ec4a-4000-ba25-6189d59d42eb","eventType":"auth.rate_limit.exceeded","timestamp":"2025-12-02T17:11:26.803Z","outcome":"failure","metadata":{"key":"signin:email:c.i{jvb`/-&3./}3+kl.ad./u-j59kw8.&_-=k&%zb3qo.r.~9v#-c@qskgr.ki4vnh8jx.hg","limit":3,"windowMs":60000,"count":3,"resetAt":"2025-12-02T17:12:26.803Z"}}
{"eventId":"53c83400-9031-468d-8f69-c0bb3dc98be8","eventType":"auth.rate_limit.exceeded","timestamp":"2025-12-02T17:11:26.803Z","outcome":"failure","metadata":{"key":"signin:email:?n4f-44rj1{.?.=s}e$?.-voqjsh^.k!3|e^fbci.hm.o9/wn.%`n`x|apa!@8f8zngsa.jsp","limit":3,"windowMs":60000,"count":3,"resetAt":"2025-12-02T17:12:26.803Z"}}
{"eventId":"2f996b90-82b7-4020-baca-5b7f1fe7d6fc","eventType":"auth.rate_limit.exceeded","timestamp":"2025-12-02T17:11:26.803Z","outcome":"failure","metadata":{"key":"signin:email:'.h~p7c8@ku4i7bk.xnu","limit":3,"windowMs":60000,"count":3,"resetAt":"2025-12-02T17:12:26.803Z"}}
{"eventId":"11e3b2d5-36ff-4d92-9b80-99274c8c3db2","eventType":"auth.rate_limit.exceeded","timestamp":"2025-12-02T17:11:26.804Z","outcome":"failure","metadata":{"key":"signin:email:-yo.d4|pu.qt$hacy.#+q.}5n?k9.#9ee.fzbaf.bp.x5w+*q^`$*9.$c`mbpw|=@jwayi0s.dr","limit":3,"windowMs":60000,"count":3,"resetAt":"2025-12-02T17:12:26.804Z"}}
{"eventId":"6e215afa-6562-4652-941c-285ab6af8eda","eventType":"auth.rate_limit.exceeded","timestamp":"2025-12-02T17:11:26.804Z","outcome":"failure","metadata":{"key":"signin:email:'y|yb6i.'lm7xvc*dv2.{ylhh{gw37.s_*'a_c${29.6j|+.2j6dqt.+at7.~tc2@1vypa888k.7.xcm","limit":3,"windowMs":60000,"count":3,"resetAt":"2025-12-02T17:12:26.804Z"}}
{"eventId":"9584b50b-14ae-43e3-b0da-64ed0614d9b9","eventType":"auth.rate_limit.exceeded","timestamp":"2025-12-02T17:11:26.804Z","outcome":"failure","metadata":{"key":"signin:email:e'.=.l.%h?kf*/s.%.{ssyj^2l.ll{a.gqy=rk^m.h6}3j's0%wt._@uhlixje8.too","limit":3,"windowMs":60000,"count":3,"resetAt":"2025-12-02T17:12:26.804Z"}}
{"eventId":"2ed4cea0-5f96-45f7-99de-68874df12400","eventType":"auth.rate_limit.exceeded","timestamp":"2025-12-02T17:11:26.804Z","outcome":"failure","metadata":{"key":"signin:email:8j&83r@n5b8k53t.ean.wod","limit":3,"windowMs":60000,"count":3,"resetAt":"2025-12-02T17:12:26.804Z"}}
{"eventId":"0c5b6d7e-1b43-4aeb-a999-20ccf070dbd1","eventType":"auth.rate_limit.exceeded","timestamp":"2025-12-02T17:11:26.804Z","outcome":"failure","metadata":{"key":"signin:email:x._v6.n-#.h}=c.n%tnf_@14fsixt8.dts","limit":3,"windowMs":60000,"count":3,"resetAt":"2025-12-02T17:12:26.804Z"}}
{"eventId":"3b419569-a099-40f3-94eb-46e106988cf3","eventType":"auth.rate_limit.exceeded","timestamp":"2025-12-02T17:11:26.804Z","outcome":"failure","metadata":{"key":"signin:email:c5bv.y't?lrv.l9|d=j'=9t.8qs#ng$.{`g#'ts`7.|*.x'--d1l33@wiwuoeb2qfnd.odp51.obw","limit":3,"windowMs":60000,"count":3,"resetAt":"2025-12-02T17:12:26.804Z"}}
{"eventId":"bd588762-34bc-475e-b9f9-2c0c45ff4990","eventType":"auth.rate_limit.exceeded","timestamp":"2025-12-02T17:11:26.804Z","outcome":"failure","metadata":{"key":"signin:email:jk!.^$0d1ln?.{*'kvba{fek`.%96q=9%#6vlp@0a.a.vet","limit":3,"windowMs":60000,"count":3,"resetAt":"2025-12-02T17:12:26.804Z"}}
{"eventId":"d363edca-3a68-4fb2-afa6-bcbf1a0dc9be","eventType":"auth.rate_limit.exceeded","timestamp":"2025-12-02T17:11:26.804Z","outcome":"failure","metadata":{"key":"signin:email:1u^&3./5vn|@vwoj8bbkk-l.sou","limit":3,"windowMs":60000,"count":3,"resetAt":"2025-12-02T17:12:26.804Z"}}
{"eventId":"62824669-85cd-4b3b-933a-27a98cdf3c80","eventType":"auth.rate_limit.exceeded","timestamp":"2025-12-02T17:11:26.804Z","outcome":"failure","metadata":{"key":"signin:email:c.iarguments!.^.ref@5mk3lhu2.o0b3j34bcd7.ht","limit":3,"windowMs":60000,"count":3,"resetAt":"2025-12-02T17:12:26.804Z"}}
{"eventId":"974999e9-b83c-4205-b193-2f4accc9451f","eventType":"auth.rate_limit.exceeded","timestamp":"2025-12-02T17:11:26.804Z","outcome":"failure","metadata":{"key":"signin:email:x}l}'.x0j^dfo.jx.zo2-.}kb$n#d^bh@qqa84.th","limit":3,"windowMs":60000,"count":3,"resetAt":"2025-12-02T17:12:26.804Z"}}
{"eventId":"afefdd14-1366-435f-b1b2-9d4964054c97","eventType":"auth.rate_limit.exceeded","timestamp":"2025-12-02T17:11:26.804Z","outcome":"failure","metadata":{"key":"signin:email:%=f$tbl4+v./?dyt}61+n.-pplj.k1{/+6/tmy=.|&bnait1{-%@cp.oghv058vlk.ovg","limit":3,"windowMs":60000,"count":3,"resetAt":"2025-12-02T17:12:26.804Z"}}
{"eventId":"2f3623b9-ec2b-4648-ac58-0a84459993b1","eventType":"auth.rate_limit.exceeded","timestamp":"2025-12-02T17:11:26.804Z","outcome":"failure","metadata":{"key":"signin:email:2xdr6|#{^/3|.&5u%-h/o.^j9d3%.m`gqq*8g*o.&%*99&q}}0.95#%.j}0u`@focl8.roy","limit":3,"windowMs":60000,"count":3,"resetAt":"2025-12-02T17:12:26.804Z"}}
{"eventId":"2889d7b8-68bb-4bc7-8f7c-eb734550bbbb","eventType":"auth.rate_limit.exceeded","timestamp":"2025-12-02T17:11:26.804Z","outcome":"failure","metadata":{"key":"signin:email:y%le*|1@i1jm92.xi","limit":3,"windowMs":60000,"count":3,"resetAt":"2025-12-02T17:12:26.804Z"}}
{"eventId":"97533edd-1c75-494a-9675-ebc8c7636f1d","eventType":"auth.rate_limit.exceeded","timestamp":"2025-12-02T17:11:26.804Z","outcome":"failure","metadata":{"key":"signin:email:6`01'#.a^qp|d.fz#&/z.z?1*c`0bz{.=10.s2e1_@1.hi","limit":3,"windowMs":60000,"count":3,"resetAt":"2025-12-02T17:12:26.804Z"}}
{"eventId":"109bcf68-bb6e-45b4-86ed-9a96a2637cda","eventType":"auth.rate_limit.exceeded","timestamp":"2025-12-02T17:11:26.804Z","outcome":"failure","metadata":{"key":"signin:email:2y.m2x/ospn*=.sv3e!ejvt'.4_p~064r}!l._hemy}1@fr3s2tgro9.qwn","limit":3,"windowMs":60000,"count":3,"resetAt":"2025-12-02T17:12:26.804Z"}}
{"eventId":"81aec931-2779-4ced-9680-367f7e12bdcd","eventType":"auth.rate_limit.exceeded","timestamp":"2025-12-02T17:11:26.804Z","outcome":"failure","metadata":{"key":"signin:email:&b`qcp%#qb.z$rp=._'~*lpb6r9^.a{p@aj2e75-yo.bez","limit":3,"windowMs":60000,"count":3,"resetAt":"2025-12-02T17:12:26.804Z"}}
{"eventId":"0d313fdc-f24f-4b37-9af9-49c04749539f","eventType":"auth.rate_limit.exceeded","timestamp":"2025-12-02T17:11:26.804Z","outcome":"failure","metadata":{"key":"signin:email:7~bk3wr%h34.ie48l-2.?9!.jao61.z=$2`.6?`*.9szo{l_}=h?.d*s#.q{@5ed0sasg.dyzvj.opx","limit":3,"windowMs":60000,"count":3,"resetAt":"2025-12-02T17:12:26.804Z"}}
{"eventId":"a5ab6e58-8398-4adb-8f67-1bf1f6404bbc","eventType":"auth.rate_limit.exceeded","timestamp":"2025-12-02T17:11:26.804Z","outcome":"failure","metadata":{"key":"signin:email:a.c.m$pw0!b{up4@gxn9alp.mo.ewd","limit":3,"windowMs":60000,"count":3,"resetAt":"2025-12-02T17:12:26.804Z"}}
{"eventId":"d8ca7d1b-1d5a-4a4e-9763-8cde9bf39502","eventType":"auth.rate_limit.exceeded","timestamp":"2025-12-02T17:11:26.804Z","outcome":"failure","metadata":{"key":"signin:email:='|scv.#quwl~&=#.s*mt}uq!s.o+lz!$3`/*.kga2=_.}ogym^|33@a.hh","limit":3,"windowMs":60000,"count":3,"resetAt":"2025-12-02T17:12:26.804Z"}}
{"eventId":"2ba1a3da-d599-463c-98ca-7bcb02fc6e37","eventType":"auth.rate_limit.exceeded","timestamp":"2025-12-02T17:11:26.804Z","outcome":"failure","metadata":{"key":"signin:email:e8e1!zb??1.x?s3'+/!%.23qr1^i5l.ko/4u.5t5}zxmv2k.}$!2127-4@dtkb.aaq","limit":3,"windowMs":60000,"count":3,"resetAt":"2025-12-02T17:12:26.804Z"}}
{"eventId":"927200d5-7d55-49bd-ad18-dd633b8a224b","eventType":"auth.rate_limit.exceeded","timestamp":"2025-12-02T17:11:26.804Z","outcome":"failure","metadata":{"key":"signin:email:t{h{1{&6u.mlt.w7c{_goim^$.h0ydws%e.h`~!l=.`u5ubx%ueu1d.2*@jfc.8qx0z3aofi.ww","limit":3,"windowMs":60000,"count":3,"resetAt":"2025-12-02T17:12:26.804Z"}}
{"eventId":"79092b76-8e0b-4742-9909-1edadf252364","eventType":"auth.rate_limit.exceeded","timestamp":"2025-12-02T17:11:26.804Z","outcome":"failure","metadata":{"key":"signin:email:rh4q_9*~*!.+f6*d%f.!q_f4_1.h@jojrqoqwhci5.l0.xhx","limit":3,"windowMs":60000,"count":3,"resetAt":"2025-12-02T17:12:26.804Z"}}

stderr | src/server/auth/__tests__/rate-limiter.test.ts > Rate Limiter - Property-Based Tests > Edge case: Very short window resets quickly
{"eventId":"73c9a9fc-f9c9-40ca-98aa-cce9f4b2c51f","eventType":"auth.rate_limit.exceeded","timestamp":"2025-12-02T17:11:27.034Z","outcome":"failure","metadata":{"key":"test:short-window","limit":2,"windowMs":50,"count":2,"resetAt":"2025-12-02T17:11:27.084Z"}}

stdout | src/server/auth/__tests__/rbac.test.ts > RBAC - Property-Based Tests > Property 18: Verified users receive default roles
[2025-12-02T17:11:27.074Z] [App] [INFO] rbac.assign_role.success {
  userId: 'c43eda33-5079-44f6-8c4e-b9e0ab815007',
  role: 'TEAM_MEMBER',
  resourceType: 'team',
  resourceId: '62f01363-4140-4c18-8c80-f6b16d0be6b3',
  roleId: 'bbc4ad51-495c-4f36-967f-49815bc8b26d'
}

stderr | src/app/api/auth/logout/__tests__/logout.property.test.ts > POST /api/auth/logout - Property-Based Tests > Property 12 (negative case): Logout without session returns 401
{"eventId":"45798bff-76c8-45ef-aa72-6aba8fba6ff1","eventType":"auth.logout.success","timestamp":"2025-12-02T17:11:27.051Z","outcome":"failure","requestId":"95d8eac2-b53b-4820-8cd3-2cf88319f758","ipAddress":"unknown","userAgent":"unknown","errorCode":"NOT_AUTHENTICATED","errorMessage":"No active session found"}

stdout | src/app/api/auth/reset-password/__tests__/reset-password.property.test.ts > POST /api/auth/reset-password - Property-Based Tests > Property 17: Password reset invalidates all sessions
{"eventId":"c4d8fd9f-1b7d-4e51-a831-94c6a71cf9e2","eventType":"auth.reset_password.success","timestamp":"2025-12-02T17:11:27.127Z","outcome":"success","userId":"bfe9bbd0-5e99-441c-ba8a-00c8f8b1b240","email":"ef8f27429376ad0a","ipAddress":"127.0.0.1","userAgent":"unknown","requestId":"e18cf1cc-914d-41b7-b3ce-96ac0fee65ea","metadata":{"tokenId":"c359b367-3dc5-435e-807e-b8f0354f7f4f","sessionsInvalidated":true}}

stdout | src/server/auth/__tests__/rbac.test.ts > RBAC - Property-Based Tests > Property 18: Verified users receive default roles
[2025-12-02T17:11:27.209Z] [App] [INFO] rbac.assign_role.success {
  userId: '00de139a-957a-420c-bfe3-42b2cc772bd9',
  role: 'TEAM_MEMBER',
  resourceType: 'team',
  resourceId: 'a83fba3b-bb62-42ce-93e6-1e931854015b',
  roleId: 'bac9b918-f4b4-429f-805a-2d7af4f5ca5a'
}

stdout | src/server/auth/__tests__/rbac.test.ts > RBAC - Property-Based Tests > Property 18: Verified users receive default roles
[2025-12-02T17:11:27.339Z] [App] [INFO] rbac.assign_role.success {
  userId: 'fccd699c-3641-4c86-951c-b3f60869c159',
  role: 'TEAM_MEMBER',
  resourceType: 'team',
  resourceId: 'ba82fe2e-794a-4860-802f-ba764862a02b',
  roleId: 'e44d1ea5-1b69-45a6-ba3c-e65746a74dfc'
}

stderr | src/app/api/auth/logout/__tests__/logout.property.test.ts > POST /api/auth/logout - Property-Based Tests > Property 12 (negative case): Logout with invalid session returns 401
{"eventId":"2f3c4788-fa28-4a52-aca0-dfc2cf53fa74","eventType":"auth.session.tampered","timestamp":"2025-12-02T17:11:27.255Z","outcome":"failure","errorCode":"INVALID_SESSION","errorMessage":"Session token is invalid or expired","metadata":{"reason":"session_not_found_or_expired"}}
{"eventId":"da6c3b4b-7b3f-4571-a0f5-658c519bddc3","eventType":"auth.logout.success","timestamp":"2025-12-02T17:11:27.255Z","outcome":"failure","requestId":"2b70f5ee-7921-4872-8b27-638b15c4d1d8","ipAddress":"unknown","userAgent":"unknown","errorCode":"NOT_AUTHENTICATED","errorMessage":"No active session found"}
{"eventId":"a1462030-eabc-40e9-aa58-0f43d9fd3834","eventType":"auth.session.tampered","timestamp":"2025-12-02T17:11:27.259Z","outcome":"failure","errorCode":"INVALID_SESSION","errorMessage":"Session token is invalid or expired","metadata":{"reason":"session_not_found_or_expired"}}
{"eventId":"89303ff4-5a8f-4ffe-a5f4-30d9e145f05f","eventType":"auth.logout.success","timestamp":"2025-12-02T17:11:27.259Z","outcome":"failure","requestId":"ffda0296-a2f8-4aa7-9813-892f6c8522c1","ipAddress":"unknown","userAgent":"unknown","errorCode":"NOT_AUTHENTICATED","errorMessage":"No active session found"}
{"eventId":"0d24568a-b211-4900-8e65-4797ebb832d6","eventType":"auth.session.tampered","timestamp":"2025-12-02T17:11:27.265Z","outcome":"failure","errorCode":"INVALID_SESSION","errorMessage":"Session token is invalid or expired","metadata":{"reason":"session_not_found_or_expired"}}
{"eventId":"416c9261-5740-4906-840d-5807e0fd9cb8","eventType":"auth.logout.success","timestamp":"2025-12-02T17:11:27.265Z","outcome":"failure","requestId":"73f350ed-44e9-427a-b470-2986cff0d3d1","ipAddress":"unknown","userAgent":"unknown","errorCode":"NOT_AUTHENTICATED","errorMessage":"No active session found"}
{"eventId":"934f6c7c-e56d-445d-a981-53d2415de3aa","eventType":"auth.session.tampered","timestamp":"2025-12-02T17:11:27.266Z","outcome":"failure","errorCode":"INVALID_SESSION","errorMessage":"Session token is invalid or expired","metadata":{"reason":"session_not_found_or_expired"}}
{"eventId":"ca23364e-8308-45d0-b112-fd16c9af5b22","eventType":"auth.logout.success","timestamp":"2025-12-02T17:11:27.266Z","outcome":"failure","requestId":"72ec6374-417c-4479-a243-e30bd82ea57c","ipAddress":"unknown","userAgent":"unknown","errorCode":"NOT_AUTHENTICATED","errorMessage":"No active session found"}
{"eventId":"6f931e15-052b-4cd0-8c6a-de88b1b271f4","eventType":"auth.session.tampered","timestamp":"2025-12-02T17:11:27.267Z","outcome":"failure","errorCode":"INVALID_SESSION","errorMessage":"Session token is invalid or expired","metadata":{"reason":"session_not_found_or_expired"}}
{"eventId":"5a799220-2dca-4812-9806-fff895f60234","eventType":"auth.logout.success","timestamp":"2025-12-02T17:11:27.267Z","outcome":"failure","requestId":"50a9f3d2-3064-4f0b-9c2c-390e5992dd2b","ipAddress":"unknown","userAgent":"unknown","errorCode":"NOT_AUTHENTICATED","errorMessage":"No active session found"}
{"eventId":"74dd4e30-9eb4-4d62-9cec-9609694dd01f","eventType":"auth.session.tampered","timestamp":"2025-12-02T17:11:27.267Z","outcome":"failure","errorCode":"INVALID_SESSION","errorMessage":"Session token is invalid or expired","metadata":{"reason":"session_not_found_or_expired"}}
{"eventId":"7aeb8bf2-e747-4034-9b17-3663c71bb12d","eventType":"auth.logout.success","timestamp":"2025-12-02T17:11:27.267Z","outcome":"failure","requestId":"3c28b567-79bb-4b03-9166-1b151c21570b","ipAddress":"unknown","userAgent":"unknown","errorCode":"NOT_AUTHENTICATED","errorMessage":"No active session found"}
{"eventId":"41ef8b37-3865-44bb-a1f8-30b1ec696052","eventType":"auth.session.tampered","timestamp":"2025-12-02T17:11:27.268Z","outcome":"failure","errorCode":"INVALID_SESSION","errorMessage":"Session token is invalid or expired","metadata":{"reason":"session_not_found_or_expired"}}
{"eventId":"2f21dc55-9a64-4dfd-ad44-74c2cd915377","eventType":"auth.logout.success","timestamp":"2025-12-02T17:11:27.268Z","outcome":"failure","requestId":"517264cb-0233-41f8-988c-72c46e1ea19c","ipAddress":"unknown","userAgent":"unknown","errorCode":"NOT_AUTHENTICATED","errorMessage":"No active session found"}
{"eventId":"9cdd9e33-3872-4852-8c05-2c86c1061fee","eventType":"auth.session.tampered","timestamp":"2025-12-02T17:11:27.268Z","outcome":"failure","errorCode":"INVALID_SESSION","errorMessage":"Session token is invalid or expired","metadata":{"reason":"session_not_found_or_expired"}}
{"eventId":"4488c09d-eefc-4160-9353-bb070b26d1ba","eventType":"auth.logout.success","timestamp":"2025-12-02T17:11:27.268Z","outcome":"failure","requestId":"5efcbc30-c0b3-4f77-81bf-53914a36fcd3","ipAddress":"unknown","userAgent":"unknown","errorCode":"NOT_AUTHENTICATED","errorMessage":"No active session found"}
{"eventId":"e88d15a4-72b0-4e6c-9f1d-5270be1ac442","eventType":"auth.session.tampered","timestamp":"2025-12-02T17:11:27.268Z","outcome":"failure","errorCode":"INVALID_SESSION","errorMessage":"Session token is invalid or expired","metadata":{"reason":"session_not_found_or_expired"}}
{"eventId":"cc7c8229-61f1-472a-bb47-da7e45f9f2d8","eventType":"auth.logout.success","timestamp":"2025-12-02T17:11:27.269Z","outcome":"failure","requestId":"fdb29a93-790d-4b96-bef2-821739cad099","ipAddress":"unknown","userAgent":"unknown","errorCode":"NOT_AUTHENTICATED","errorMessage":"No active session found"}
{"eventId":"1895d0fa-627d-496b-9d41-3a04051fc546","eventType":"auth.session.tampered","timestamp":"2025-12-02T17:11:27.269Z","outcome":"failure","errorCode":"INVALID_SESSION","errorMessage":"Session token is invalid or expired","metadata":{"reason":"session_not_found_or_expired"}}
{"eventId":"57d2f312-55b4-45fb-946e-383dc15cc980","eventType":"auth.logout.success","timestamp":"2025-12-02T17:11:27.269Z","outcome":"failure","requestId":"d0d01952-8da0-443e-b306-f5844379b61c","ipAddress":"unknown","userAgent":"unknown","errorCode":"NOT_AUTHENTICATED","errorMessage":"No active session found"}
{"eventId":"ddfc833d-4115-4433-903a-1a84a6a9dae7","eventType":"auth.session.tampered","timestamp":"2025-12-02T17:11:27.269Z","outcome":"failure","errorCode":"INVALID_SESSION","errorMessage":"Session token is invalid or expired","metadata":{"reason":"session_not_found_or_expired"}}
{"eventId":"836cd247-781b-4bf0-af1e-e3eb71ed5f8a","eventType":"auth.logout.success","timestamp":"2025-12-02T17:11:27.269Z","outcome":"failure","requestId":"73f71b4a-886f-444e-8116-bf2dfc9f4e31","ipAddress":"unknown","userAgent":"unknown","errorCode":"NOT_AUTHENTICATED","errorMessage":"No active session found"}
{"eventId":"033bfe40-905b-48a5-b7a0-d1072690d552","eventType":"auth.session.tampered","timestamp":"2025-12-02T17:11:27.270Z","outcome":"failure","errorCode":"INVALID_SESSION","errorMessage":"Session token is invalid or expired","metadata":{"reason":"session_not_found_or_expired"}}
{"eventId":"9092b2ee-bc2a-4213-98c8-e358d47d9cf2","eventType":"auth.logout.success","timestamp":"2025-12-02T17:11:27.270Z","outcome":"failure","requestId":"c40a1660-6a63-4166-9a54-d35877ed921b","ipAddress":"unknown","userAgent":"unknown","errorCode":"NOT_AUTHENTICATED","errorMessage":"No active session found"}
{"eventId":"644a445e-581e-4a7c-91e4-a3a22f1daa5f","eventType":"auth.session.tampered","timestamp":"2025-12-02T17:11:27.270Z","outcome":"failure","errorCode":"INVALID_SESSION","errorMessage":"Session token is invalid or expired","metadata":{"reason":"session_not_found_or_expired"}}
{"eventId":"ca8bbf9d-2863-40a9-8e5b-28ae993801cc","eventType":"auth.logout.success","timestamp":"2025-12-02T17:11:27.270Z","outcome":"failure","requestId":"9c4665f8-fab9-4bdc-b529-3388f30be7cd","ipAddress":"unknown","userAgent":"unknown","errorCode":"NOT_AUTHENTICATED","errorMessage":"No active session found"}
{"eventId":"b9bcf340-93a6-4d5d-b4b5-fe410a9a9d2f","eventType":"auth.session.tampered","timestamp":"2025-12-02T17:11:27.271Z","outcome":"failure","errorCode":"INVALID_SESSION","errorMessage":"Session token is invalid or expired","metadata":{"reason":"session_not_found_or_expired"}}
{"eventId":"54424f8f-7ff3-4949-9bfc-d0d6cac9b629","eventType":"auth.logout.success","timestamp":"2025-12-02T17:11:27.271Z","outcome":"failure","requestId":"6ca631e9-7323-4909-baee-6aefd5d2392e","ipAddress":"unknown","userAgent":"unknown","errorCode":"NOT_AUTHENTICATED","errorMessage":"No active session found"}
{"eventId":"16b429f0-9e96-4848-be89-45abf68b234f","eventType":"auth.session.tampered","timestamp":"2025-12-02T17:11:27.271Z","outcome":"failure","errorCode":"INVALID_SESSION","errorMessage":"Session token is invalid or expired","metadata":{"reason":"session_not_found_or_expired"}}
{"eventId":"1aed4de5-6429-46c6-8c2f-be24a9bdd12c","eventType":"auth.logout.success","timestamp":"2025-12-02T17:11:27.271Z","outcome":"failure","requestId":"6f464b0f-b81c-4cfc-9e2c-def0a0df67fe","ipAddress":"unknown","userAgent":"unknown","errorCode":"NOT_AUTHENTICATED","errorMessage":"No active session found"}
{"eventId":"20495a08-197f-40ad-b3b6-237cefaddca8","eventType":"auth.session.tampered","timestamp":"2025-12-02T17:11:27.272Z","outcome":"failure","errorCode":"INVALID_SESSION","errorMessage":"Session token is invalid or expired","metadata":{"reason":"session_not_found_or_expired"}}
{"eventId":"a833a059-369b-4ba3-9ee3-11f2d5d5d7ad","eventType":"auth.logout.success","timestamp":"2025-12-02T17:11:27.272Z","outcome":"failure","requestId":"e13f6f25-690a-41f3-a693-14f82b0a1b1a","ipAddress":"unknown","userAgent":"unknown","errorCode":"NOT_AUTHENTICATED","errorMessage":"No active session found"}
{"eventId":"783fdefc-477f-4819-82dc-784004fc0d01","eventType":"auth.session.tampered","timestamp":"2025-12-02T17:11:27.272Z","outcome":"failure","errorCode":"INVALID_SESSION","errorMessage":"Session token is invalid or expired","metadata":{"reason":"session_not_found_or_expired"}}
{"eventId":"4e12e6c4-289a-4d82-bcca-986dec30b0ee","eventType":"auth.logout.success","timestamp":"2025-12-02T17:11:27.272Z","outcome":"failure","requestId":"fa5197ce-ddb9-46ca-90cd-e606dbe2e866","ipAddress":"unknown","userAgent":"unknown","errorCode":"NOT_AUTHENTICATED","errorMessage":"No active session found"}
{"eventId":"688c9cd1-0db7-42c6-9af1-ffce8d237f98","eventType":"auth.session.tampered","timestamp":"2025-12-02T17:11:27.273Z","outcome":"failure","errorCode":"INVALID_SESSION","errorMessage":"Session token is invalid or expired","metadata":{"reason":"session_not_found_or_expired"}}
{"eventId":"a8ba2f6d-5ef8-4233-8538-385d0eb0f689","eventType":"auth.logout.success","timestamp":"2025-12-02T17:11:27.273Z","outcome":"failure","requestId":"873b99b5-8627-49d2-8502-54b350d13794","ipAddress":"unknown","userAgent":"unknown","errorCode":"NOT_AUTHENTICATED","errorMessage":"No active session found"}
{"eventId":"93042aa6-49c6-4fd2-af8e-5027d9c680fe","eventType":"auth.session.tampered","timestamp":"2025-12-02T17:11:27.273Z","outcome":"failure","errorCode":"INVALID_SESSION","errorMessage":"Session token is invalid or expired","metadata":{"reason":"session_not_found_or_expired"}}
{"eventId":"6209bcb9-a001-499d-a694-713dfce1a2b0","eventType":"auth.logout.success","timestamp":"2025-12-02T17:11:27.273Z","outcome":"failure","requestId":"2e4d2f4c-bd78-4f90-8b3a-cce4ab158465","ipAddress":"unknown","userAgent":"unknown","errorCode":"NOT_AUTHENTICATED","errorMessage":"No active session found"}
{"eventId":"46154362-87c6-4017-acc4-de1d4a499653","eventType":"auth.session.tampered","timestamp":"2025-12-02T17:11:27.274Z","outcome":"failure","errorCode":"INVALID_SESSION","errorMessage":"Session token is invalid or expired","metadata":{"reason":"session_not_found_or_expired"}}
{"eventId":"ddc1b7fe-b36f-497f-ab53-2b19c0d0f7b8","eventType":"auth.logout.success","timestamp":"2025-12-02T17:11:27.274Z","outcome":"failure","requestId":"f6b0b6a1-0ebe-42c8-8f66-2d4619a333e2","ipAddress":"unknown","userAgent":"unknown","errorCode":"NOT_AUTHENTICATED","errorMessage":"No active session found"}
{"eventId":"0b3b29e7-0281-449b-a8b5-a192b7bb0b52","eventType":"auth.session.tampered","timestamp":"2025-12-02T17:11:27.274Z","outcome":"failure","errorCode":"INVALID_SESSION","errorMessage":"Session token is invalid or expired","metadata":{"reason":"session_not_found_or_expired"}}
{"eventId":"e5197b3c-fd4c-4b90-b282-1fc712ed6397","eventType":"auth.logout.success","timestamp":"2025-12-02T17:11:27.274Z","outcome":"failure","requestId":"65c3e56c-4654-464e-98ef-bfc1725e9e7d","ipAddress":"unknown","userAgent":"unknown","errorCode":"NOT_AUTHENTICATED","errorMessage":"No active session found"}
{"eventId":"5d3c5246-971f-4511-ad83-5ae7a8af73e3","eventType":"auth.session.tampered","timestamp":"2025-12-02T17:11:27.274Z","outcome":"failure","errorCode":"INVALID_SESSION","errorMessage":"Session token is invalid or expired","metadata":{"reason":"session_not_found_or_expired"}}
{"eventId":"9e329950-b283-4336-8c64-ce4cf34cc3b8","eventType":"auth.logout.success","timestamp":"2025-12-02T17:11:27.275Z","outcome":"failure","requestId":"cb33d452-6e14-452e-8650-82c7124b0455","ipAddress":"unknown","userAgent":"unknown","errorCode":"NOT_AUTHENTICATED","errorMessage":"No active session found"}
{"eventId":"a863b961-347e-4ba5-b2b1-104f36523eb8","eventType":"auth.session.tampered","timestamp":"2025-12-02T17:11:27.275Z","outcome":"failure","errorCode":"INVALID_SESSION","errorMessage":"Session token is invalid or expired","metadata":{"reason":"session_not_found_or_expired"}}
{"eventId":"dabb5c47-1883-482c-adff-8cb10010ada6","eventType":"auth.logout.success","timestamp":"2025-12-02T17:11:27.275Z","outcome":"failure","requestId":"22684a83-9174-460c-84ed-d73f91a7addf","ipAddress":"unknown","userAgent":"unknown","errorCode":"NOT_AUTHENTICATED","errorMessage":"No active session found"}
{"eventId":"d476eb1b-0f1c-4145-b6ef-b25eb4de806b","eventType":"auth.session.tampered","timestamp":"2025-12-02T17:11:27.275Z","outcome":"failure","errorCode":"INVALID_SESSION","errorMessage":"Session token is invalid or expired","metadata":{"reason":"session_not_found_or_expired"}}
{"eventId":"c9c2fa8f-dbc5-4985-aab5-43a61ef16d95","eventType":"auth.logout.success","timestamp":"2025-12-02T17:11:27.275Z","outcome":"failure","requestId":"119a0fcf-4b76-4420-9463-49951c98565c","ipAddress":"unknown","userAgent":"unknown","errorCode":"NOT_AUTHENTICATED","errorMessage":"No active session found"}
{"eventId":"9ad4e8e0-a49a-4689-8cf0-810c958842c0","eventType":"auth.session.tampered","timestamp":"2025-12-02T17:11:27.276Z","outcome":"failure","errorCode":"INVALID_SESSION","errorMessage":"Session token is invalid or expired","metadata":{"reason":"session_not_found_or_expired"}}
{"eventId":"e45d1294-434c-42f5-b56c-48f0fa647887","eventType":"auth.logout.success","timestamp":"2025-12-02T17:11:27.276Z","outcome":"failure","requestId":"5fda07a5-cedf-4550-98aa-7793270bf8b2","ipAddress":"unknown","userAgent":"unknown","errorCode":"NOT_AUTHENTICATED","errorMessage":"No active session found"}
{"eventId":"57bc433c-0fa5-4fb6-b344-4b6d75552b98","eventType":"auth.session.tampered","timestamp":"2025-12-02T17:11:27.276Z","outcome":"failure","errorCode":"INVALID_SESSION","errorMessage":"Session token is invalid or expired","metadata":{"reason":"session_not_found_or_expired"}}
{"eventId":"ebc7104e-8411-4bc7-b357-73d1ef26b25f","eventType":"auth.logout.success","timestamp":"2025-12-02T17:11:27.276Z","outcome":"failure","requestId":"85ca55fc-74ee-4050-b999-f3e968ae7ab4","ipAddress":"unknown","userAgent":"unknown","errorCode":"NOT_AUTHENTICATED","errorMessage":"No active session found"}
{"eventId":"e2831ef3-8c0c-42e0-a06a-85a55f295cb8","eventType":"auth.session.tampered","timestamp":"2025-12-02T17:11:27.277Z","outcome":"failure","errorCode":"INVALID_SESSION","errorMessage":"Session token is invalid or expired","metadata":{"reason":"session_not_found_or_expired"}}
{"eventId":"831553d2-67d2-4e0a-babd-75756d583002","eventType":"auth.logout.success","timestamp":"2025-12-02T17:11:27.277Z","outcome":"failure","requestId":"fa555e11-3e42-4388-8994-5e6f0d81fa5e","ipAddress":"unknown","userAgent":"unknown","errorCode":"NOT_AUTHENTICATED","errorMessage":"No active session found"}
{"eventId":"e0d1540e-0624-484a-82a2-0194034c08e7","eventType":"auth.session.tampered","timestamp":"2025-12-02T17:11:27.277Z","outcome":"failure","errorCode":"INVALID_SESSION","errorMessage":"Session token is invalid or expired","metadata":{"reason":"session_not_found_or_expired"}}
{"eventId":"1188e1e6-30d9-425e-bd0e-9a261ec76c55","eventType":"auth.logout.success","timestamp":"2025-12-02T17:11:27.277Z","outcome":"failure","requestId":"900845fe-fa6e-4ddd-b464-b2ec9981001a","ipAddress":"unknown","userAgent":"unknown","errorCode":"NOT_AUTHENTICATED","errorMessage":"No active session found"}
{"eventId":"179dcf77-4976-4e62-80fb-3db2e738e49c","eventType":"auth.session.tampered","timestamp":"2025-12-02T17:11:27.278Z","outcome":"failure","errorCode":"INVALID_SESSION","errorMessage":"Session token is invalid or expired","metadata":{"reason":"session_not_found_or_expired"}}
{"eventId":"ebf2be8c-9f17-443d-802c-fd1f3c170046","eventType":"auth.logout.success","timestamp":"2025-12-02T17:11:27.278Z","outcome":"failure","requestId":"8b522496-22ce-4b36-a88e-9076b344f629","ipAddress":"unknown","userAgent":"unknown","errorCode":"NOT_AUTHENTICATED","errorMessage":"No active session found"}
{"eventId":"2c6b4993-a44e-4930-8d9a-8c7008833dbd","eventType":"auth.session.tampered","timestamp":"2025-12-02T17:11:27.279Z","outcome":"failure","errorCode":"INVALID_SESSION","errorMessage":"Session token is invalid or expired","metadata":{"reason":"session_not_found_or_expired"}}
{"eventId":"3bf906a4-a85a-4739-886a-8ea5e197099e","eventType":"auth.logout.success","timestamp":"2025-12-02T17:11:27.279Z","outcome":"failure","requestId":"dd3461ed-11c5-4ffb-a07a-ba1bc58ce272","ipAddress":"unknown","userAgent":"unknown","errorCode":"NOT_AUTHENTICATED","errorMessage":"No active session found"}
{"eventId":"33b22c65-1ad3-4545-865f-73f0291bafce","eventType":"auth.session.tampered","timestamp":"2025-12-02T17:11:27.280Z","outcome":"failure","errorCode":"INVALID_SESSION","errorMessage":"Session token is invalid or expired","metadata":{"reason":"session_not_found_or_expired"}}
{"eventId":"8c182d9b-0ffb-4f91-8df3-9ed39fa1114d","eventType":"auth.logout.success","timestamp":"2025-12-02T17:11:27.280Z","outcome":"failure","requestId":"ecae2bb7-0d11-415f-974b-6298b0f9f31b","ipAddress":"unknown","userAgent":"unknown","errorCode":"NOT_AUTHENTICATED","errorMessage":"No active session found"}
{"eventId":"5d75186b-6cfd-466b-a9a5-aa24e24f8b5e","eventType":"auth.session.tampered","timestamp":"2025-12-02T17:11:27.281Z","outcome":"failure","errorCode":"INVALID_SESSION","errorMessage":"Session token is invalid or expired","metadata":{"reason":"session_not_found_or_expired"}}
{"eventId":"462a4999-bc7f-479a-b0e1-c2d08afe4dc0","eventType":"auth.logout.success","timestamp":"2025-12-02T17:11:27.281Z","outcome":"failure","requestId":"0f479e14-b2a7-4c6a-ac34-edbf5924d4d5","ipAddress":"unknown","userAgent":"unknown","errorCode":"NOT_AUTHENTICATED","errorMessage":"No active session found"}
{"eventId":"b9644ebe-6324-43f5-867f-acd8fceeacf6","eventType":"auth.session.tampered","timestamp":"2025-12-02T17:11:27.281Z","outcome":"failure","errorCode":"INVALID_SESSION","errorMessage":"Session token is invalid or expired","metadata":{"reason":"session_not_found_or_expired"}}
{"eventId":"2b961a5d-4a35-469a-9b22-4f8c96cba2bb","eventType":"auth.logout.success","timestamp":"2025-12-02T17:11:27.281Z","outcome":"failure","requestId":"a1d2d3dd-0512-4562-9a9b-503c0485097d","ipAddress":"unknown","userAgent":"unknown","errorCode":"NOT_AUTHENTICATED","errorMessage":"No active session found"}
{"eventId":"4bb05eca-8264-4cf1-a78f-b3a40c3222e6","eventType":"auth.session.tampered","timestamp":"2025-12-02T17:11:27.282Z","outcome":"failure","errorCode":"INVALID_SESSION","errorMessage":"Session token is invalid or expired","metadata":{"reason":"session_not_found_or_expired"}}
{"eventId":"3437a6d4-6313-41ee-8b0c-6148b99f4bc0","eventType":"auth.logout.success","timestamp":"2025-12-02T17:11:27.282Z","outcome":"failure","requestId":"71e4f040-785a-4eeb-8ab5-5e9500535aa3","ipAddress":"unknown","userAgent":"unknown","errorCode":"NOT_AUTHENTICATED","errorMessage":"No active session found"}
{"eventId":"24cda4d5-d585-4f12-bfd5-b243b7757880","eventType":"auth.session.tampered","timestamp":"2025-12-02T17:11:27.282Z","outcome":"failure","errorCode":"INVALID_SESSION","errorMessage":"Session token is invalid or expired","metadata":{"reason":"session_not_found_or_expired"}}
{"eventId":"beaf38ac-0f56-44e6-bbe7-3117c79494c1","eventType":"auth.logout.success","timestamp":"2025-12-02T17:11:27.282Z","outcome":"failure","requestId":"0c544571-b929-4876-970a-8633f30ee633","ipAddress":"unknown","userAgent":"unknown","errorCode":"NOT_AUTHENTICATED","errorMessage":"No active session found"}
{"eventId":"b4058910-0490-4689-9b5c-0be345eff646","eventType":"auth.session.tampered","timestamp":"2025-12-02T17:11:27.283Z","outcome":"failure","errorCode":"INVALID_SESSION","errorMessage":"Session token is invalid or expired","metadata":{"reason":"session_not_found_or_expired"}}
{"eventId":"e9484dae-a18c-4af6-95fa-c62248f32f76","eventType":"auth.logout.success","timestamp":"2025-12-02T17:11:27.283Z","outcome":"failure","requestId":"c5125372-0e58-481b-9741-516306d7649a","ipAddress":"unknown","userAgent":"unknown","errorCode":"NOT_AUTHENTICATED","errorMessage":"No active session found"}
{"eventId":"e1d40999-a300-4fde-b3e7-618b56bd2804","eventType":"auth.session.tampered","timestamp":"2025-12-02T17:11:27.283Z","outcome":"failure","errorCode":"INVALID_SESSION","errorMessage":"Session token is invalid or expired","metadata":{"reason":"session_not_found_or_expired"}}
{"eventId":"89bf1a44-3c47-471d-98ae-3d546c44780f","eventType":"auth.logout.success","timestamp":"2025-12-02T17:11:27.283Z","outcome":"failure","requestId":"b2f82fba-f912-414a-909a-dafadeab2cac","ipAddress":"unknown","userAgent":"unknown","errorCode":"NOT_AUTHENTICATED","errorMessage":"No active session found"}
{"eventId":"1ac0152b-170b-4767-8012-43995c299224","eventType":"auth.session.tampered","timestamp":"2025-12-02T17:11:27.284Z","outcome":"failure","errorCode":"INVALID_SESSION","errorMessage":"Session token is invalid or expired","metadata":{"reason":"session_not_found_or_expired"}}
{"eventId":"a49d833f-f149-4806-ba10-2b507de6a48e","eventType":"auth.logout.success","timestamp":"2025-12-02T17:11:27.284Z","outcome":"failure","requestId":"55e58e2b-64a0-4768-b7cf-42e0943e8145","ipAddress":"unknown","userAgent":"unknown","errorCode":"NOT_AUTHENTICATED","errorMessage":"No active session found"}
{"eventId":"d60e13ab-a98f-43c8-acf9-f4751f352b3f","eventType":"auth.session.tampered","timestamp":"2025-12-02T17:11:27.284Z","outcome":"failure","errorCode":"INVALID_SESSION","errorMessage":"Session token is invalid or expired","metadata":{"reason":"session_not_found_or_expired"}}
{"eventId":"6c0e2e9a-cd47-4653-9680-847c82b981cf","eventType":"auth.logout.success","timestamp":"2025-12-02T17:11:27.284Z","outcome":"failure","requestId":"a8494884-f0dc-4a68-a64c-388fad90a2fa","ipAddress":"unknown","userAgent":"unknown","errorCode":"NOT_AUTHENTICATED","errorMessage":"No active session found"}
{"eventId":"365d2636-50d8-400c-aef5-bc8dc1f774ae","eventType":"auth.session.tampered","timestamp":"2025-12-02T17:11:27.285Z","outcome":"failure","errorCode":"INVALID_SESSION","errorMessage":"Session token is invalid or expired","metadata":{"reason":"session_not_found_or_expired"}}
{"eventId":"8485425b-a991-4b1d-a512-e13a528eb656","eventType":"auth.logout.success","timestamp":"2025-12-02T17:11:27.285Z","outcome":"failure","requestId":"f5d2f799-c037-4535-b0cd-b5fbf8ee8549","ipAddress":"unknown","userAgent":"unknown","errorCode":"NOT_AUTHENTICATED","errorMessage":"No active session found"}
{"eventId":"980ae402-ae55-48b0-90bc-672cad825c25","eventType":"auth.session.tampered","timestamp":"2025-12-02T17:11:27.285Z","outcome":"failure","errorCode":"INVALID_SESSION","errorMessage":"Session token is invalid or expired","metadata":{"reason":"session_not_found_or_expired"}}
{"eventId":"2debc3cd-869d-4694-998f-debfd9c139c3","eventType":"auth.logout.success","timestamp":"2025-12-02T17:11:27.285Z","outcome":"failure","requestId":"50ec2e7b-da80-4680-a95e-3c6fe6509d28","ipAddress":"unknown","userAgent":"unknown","errorCode":"NOT_AUTHENTICATED","errorMessage":"No active session found"}
{"eventId":"8c06f9c9-e70b-4280-8d79-27b5ae319de1","eventType":"auth.session.tampered","timestamp":"2025-12-02T17:11:27.286Z","outcome":"failure","errorCode":"INVALID_SESSION","errorMessage":"Session token is invalid or expired","metadata":{"reason":"session_not_found_or_expired"}}
{"eventId":"73243002-703b-4446-bfaa-6756dca84614","eventType":"auth.logout.success","timestamp":"2025-12-02T17:11:27.286Z","outcome":"failure","requestId":"8ba0d44e-55ad-4196-a8a2-9b56c49ef835","ipAddress":"unknown","userAgent":"unknown","errorCode":"NOT_AUTHENTICATED","errorMessage":"No active session found"}
{"eventId":"26a33994-8fa3-461c-990b-dcc8d0ad3376","eventType":"auth.session.tampered","timestamp":"2025-12-02T17:11:27.286Z","outcome":"failure","errorCode":"INVALID_SESSION","errorMessage":"Session token is invalid or expired","metadata":{"reason":"session_not_found_or_expired"}}
{"eventId":"21369101-3138-44d2-bfba-94b68928fbcc","eventType":"auth.logout.success","timestamp":"2025-12-02T17:11:27.286Z","outcome":"failure","requestId":"a17b41eb-d195-447f-84e1-04d7fb2cbbac","ipAddress":"unknown","userAgent":"unknown","errorCode":"NOT_AUTHENTICATED","errorMessage":"No active session found"}
{"eventId":"8a8ecdbd-1d50-452f-820d-e232dbec34e1","eventType":"auth.session.tampered","timestamp":"2025-12-02T17:11:27.287Z","outcome":"failure","errorCode":"INVALID_SESSION","errorMessage":"Session token is invalid or expired","metadata":{"reason":"session_not_found_or_expired"}}
{"eventId":"39d5e2c1-c5e0-405d-b37d-6e6a1169bacf","eventType":"auth.logout.success","timestamp":"2025-12-02T17:11:27.287Z","outcome":"failure","requestId":"982b9e7a-64ca-4153-b25e-e32b6a646f55","ipAddress":"unknown","userAgent":"unknown","errorCode":"NOT_AUTHENTICATED","errorMessage":"No active session found"}
{"eventId":"a5848450-8ee6-4519-955a-f6f9aa0626b4","eventType":"auth.session.tampered","timestamp":"2025-12-02T17:11:27.287Z","outcome":"failure","errorCode":"INVALID_SESSION","errorMessage":"Session token is invalid or expired","metadata":{"reason":"session_not_found_or_expired"}}
{"eventId":"a31208ae-b1f3-4f39-bc52-42fd16f71491","eventType":"auth.logout.success","timestamp":"2025-12-02T17:11:27.287Z","outcome":"failure","requestId":"34677a6a-fdfe-4277-a86f-c6dbe4af23ff","ipAddress":"unknown","userAgent":"unknown","errorCode":"NOT_AUTHENTICATED","errorMessage":"No active session found"}
{"eventId":"5d1040ff-594f-4e99-ada3-2309784eea88","eventType":"auth.session.tampered","timestamp":"2025-12-02T17:11:27.288Z","outcome":"failure","errorCode":"INVALID_SESSION","errorMessage":"Session token is invalid or expired","metadata":{"reason":"session_not_found_or_expired"}}
{"eventId":"9bbc7305-51fe-4362-a472-497681928b4e","eventType":"auth.logout.success","timestamp":"2025-12-02T17:11:27.288Z","outcome":"failure","requestId":"7f601084-ca07-4331-8bf8-21bc00e3bae4","ipAddress":"unknown","userAgent":"unknown","errorCode":"NOT_AUTHENTICATED","errorMessage":"No active session found"}
{"eventId":"18a462b1-9453-4fa3-b33b-d5cc1f1d20e5","eventType":"auth.session.tampered","timestamp":"2025-12-02T17:11:27.288Z","outcome":"failure","errorCode":"INVALID_SESSION","errorMessage":"Session token is invalid or expired","metadata":{"reason":"session_not_found_or_expired"}}
{"eventId":"cd47a812-81ad-48b2-816d-9d959eeb8dc5","eventType":"auth.logout.success","timestamp":"2025-12-02T17:11:27.288Z","outcome":"failure","requestId":"975a4a3d-96ad-435f-b97c-ba2b13cce1c6","ipAddress":"unknown","userAgent":"unknown","errorCode":"NOT_AUTHENTICATED","errorMessage":"No active session found"}
{"eventId":"7d0fc511-bce1-4137-8d49-ceb036ef432c","eventType":"auth.session.tampered","timestamp":"2025-12-02T17:11:27.289Z","outcome":"failure","errorCode":"INVALID_SESSION","errorMessage":"Session token is invalid or expired","metadata":{"reason":"session_not_found_or_expired"}}
{"eventId":"292a0a8e-4ac1-48ff-afd2-a6aee6eab68c","eventType":"auth.logout.success","timestamp":"2025-12-02T17:11:27.289Z","outcome":"failure","requestId":"64038772-adc2-4f8e-b6bd-3fc89ac323ca","ipAddress":"unknown","userAgent":"unknown","errorCode":"NOT_AUTHENTICATED","errorMessage":"No active session found"}
{"eventId":"c47b509e-844f-4726-a7f2-94e79119cad0","eventType":"auth.session.tampered","timestamp":"2025-12-02T17:11:27.289Z","outcome":"failure","errorCode":"INVALID_SESSION","errorMessage":"Session token is invalid or expired","metadata":{"reason":"session_not_found_or_expired"}}
{"eventId":"2aca6d48-96be-4518-9702-2a5c2c97e49b","eventType":"auth.logout.success","timestamp":"2025-12-02T17:11:27.289Z","outcome":"failure","requestId":"a2f287dc-7998-43d7-a62a-081f45623c30","ipAddress":"unknown","userAgent":"unknown","errorCode":"NOT_AUTHENTICATED","errorMessage":"No active session found"}
{"eventId":"37cb2d1a-0e74-481e-bd89-6a58ce5f0580","eventType":"auth.session.tampered","timestamp":"2025-12-02T17:11:27.290Z","outcome":"failure","errorCode":"INVALID_SESSION","errorMessage":"Session token is invalid or expired","metadata":{"reason":"session_not_found_or_expired"}}
{"eventId":"a8c725ad-dfb4-4331-b9fd-e3921f4cdd6d","eventType":"auth.logout.success","timestamp":"2025-12-02T17:11:27.290Z","outcome":"failure","requestId":"5497c42d-f516-4176-b213-2c83ed5703f9","ipAddress":"unknown","userAgent":"unknown","errorCode":"NOT_AUTHENTICATED","errorMessage":"No active session found"}
{"eventId":"c87e7597-00f0-47c8-9ff8-f91e83cfa890","eventType":"auth.session.tampered","timestamp":"2025-12-02T17:11:27.290Z","outcome":"failure","errorCode":"INVALID_SESSION","errorMessage":"Session token is invalid or expired","metadata":{"reason":"session_not_found_or_expired"}}
{"eventId":"1cbe605f-4b34-4d4f-a78f-38e48ea0897b","eventType":"auth.logout.success","timestamp":"2025-12-02T17:11:27.290Z","outcome":"failure","requestId":"fdf29b1b-92a0-4643-8496-78ebad3e32d2","ipAddress":"unknown","userAgent":"unknown","errorCode":"NOT_AUTHENTICATED","errorMessage":"No active session found"}
{"eventId":"25ee13bf-4cf6-465d-aa62-bd8764a2a4ef","eventType":"auth.session.tampered","timestamp":"2025-12-02T17:11:27.291Z","outcome":"failure","errorCode":"INVALID_SESSION","errorMessage":"Session token is invalid or expired","metadata":{"reason":"session_not_found_or_expired"}}
{"eventId":"7db229e0-c1c0-4174-8e22-1c7632baed0f","eventType":"auth.logout.success","timestamp":"2025-12-02T17:11:27.291Z","outcome":"failure","requestId":"8982bd17-e558-41b4-b952-4cdda8ce6537","ipAddress":"unknown","userAgent":"unknown","errorCode":"NOT_AUTHENTICATED","errorMessage":"No active session found"}
{"eventId":"b1cb605c-0bab-47bd-8435-5dd0e41d5280","eventType":"auth.session.tampered","timestamp":"2025-12-02T17:11:27.291Z","outcome":"failure","errorCode":"INVALID_SESSION","errorMessage":"Session token is invalid or expired","metadata":{"reason":"session_not_found_or_expired"}}
{"eventId":"a0f34a6f-825a-4e5b-b9ae-b6c94892e032","eventType":"auth.logout.success","timestamp":"2025-12-02T17:11:27.291Z","outcome":"failure","requestId":"f48c4ead-a115-4f8d-9e9e-2fc41b47bd5e","ipAddress":"unknown","userAgent":"unknown","errorCode":"NOT_AUTHENTICATED","errorMessage":"No active session found"}
{"eventId":"7f44d621-0d8b-458d-9a1f-0705ecb2994d","eventType":"auth.session.tampered","timestamp":"2025-12-02T17:11:27.292Z","outcome":"failure","errorCode":"INVALID_SESSION","errorMessage":"Session token is invalid or expired","metadata":{"reason":"session_not_found_or_expired"}}
{"eventId":"2ca91ab8-434d-4a2f-bd70-867050a52cbb","eventType":"auth.logout.success","timestamp":"2025-12-02T17:11:27.292Z","outcome":"failure","requestId":"c8229c17-2394-42a4-8fdf-8849c065e7e0","ipAddress":"unknown","userAgent":"unknown","errorCode":"NOT_AUTHENTICATED","errorMessage":"No active session found"}
{"eventId":"81bd05a9-4cc8-4b7f-b4f0-81bf8576b830","eventType":"auth.session.tampered","timestamp":"2025-12-02T17:11:27.294Z","outcome":"failure","errorCode":"INVALID_SESSION","errorMessage":"Session token is invalid or expired","metadata":{"reason":"session_not_found_or_expired"}}
{"eventId":"e4d6c56b-e3a9-4efd-91f8-8560f5765eb2","eventType":"auth.logout.success","timestamp":"2025-12-02T17:11:27.294Z","outcome":"failure","requestId":"307099a3-2b0e-4de6-b5b8-85501ded4520","ipAddress":"unknown","userAgent":"unknown","errorCode":"NOT_AUTHENTICATED","errorMessage":"No active session found"}
{"eventId":"83032b25-beb5-4d67-b53c-df1e758734e3","eventType":"auth.session.tampered","timestamp":"2025-12-02T17:11:27.297Z","outcome":"failure","errorCode":"INVALID_SESSION","errorMessage":"Session token is invalid or expired","metadata":{"reason":"session_not_found_or_expired"}}
{"eventId":"64c47d4d-fa32-457a-9a8a-3fda03419839","eventType":"auth.logout.success","timestamp":"2025-12-02T17:11:27.297Z","outcome":"failure","requestId":"f5648c70-0f0d-41fb-a81d-c4e2bf87528b","ipAddress":"unknown","userAgent":"unknown","errorCode":"NOT_AUTHENTICATED","errorMessage":"No active session found"}
{"eventId":"77ca9b2d-86ec-4102-9cfc-147989420bb0","eventType":"auth.session.tampered","timestamp":"2025-12-02T17:11:27.297Z","outcome":"failure","errorCode":"INVALID_SESSION","errorMessage":"Session token is invalid or expired","metadata":{"reason":"session_not_found_or_expired"}}
{"eventId":"e4a77115-52c9-4472-905d-698b8eb7d779","eventType":"auth.logout.success","timestamp":"2025-12-02T17:11:27.297Z","outcome":"failure","requestId":"4c46b840-6d72-4cf7-acef-c1966b55bbee","ipAddress":"unknown","userAgent":"unknown","errorCode":"NOT_AUTHENTICATED","errorMessage":"No active session found"}
{"eventId":"3f1c1dca-c4be-49b9-8f1c-36a82d33b42b","eventType":"auth.session.tampered","timestamp":"2025-12-02T17:11:27.298Z","outcome":"failure","errorCode":"INVALID_SESSION","errorMessage":"Session token is invalid or expired","metadata":{"reason":"session_not_found_or_expired"}}
{"eventId":"c18378e5-2197-4e35-9f7b-1687b4baa4c0","eventType":"auth.logout.success","timestamp":"2025-12-02T17:11:27.298Z","outcome":"failure","requestId":"eb8aaa76-cc02-4d15-8539-c832b9c4b98b","ipAddress":"unknown","userAgent":"unknown","errorCode":"NOT_AUTHENTICATED","errorMessage":"No active session found"}
{"eventId":"3f42c774-6d65-4661-9eb2-a4d7727b82ca","eventType":"auth.session.tampered","timestamp":"2025-12-02T17:11:27.298Z","outcome":"failure","errorCode":"INVALID_SESSION","errorMessage":"Session token is invalid or expired","metadata":{"reason":"session_not_found_or_expired"}}
{"eventId":"621f0f8e-62a2-4d6c-affa-9bf99f190092","eventType":"auth.logout.success","timestamp":"2025-12-02T17:11:27.298Z","outcome":"failure","requestId":"a215dd56-8811-4d20-9df7-4d1bf7d79289","ipAddress":"unknown","userAgent":"unknown","errorCode":"NOT_AUTHENTICATED","errorMessage":"No active session found"}
{"eventId":"f26f1ceb-aec0-4fa4-9615-78ff21968934","eventType":"auth.session.tampered","timestamp":"2025-12-02T17:11:27.299Z","outcome":"failure","errorCode":"INVALID_SESSION","errorMessage":"Session token is invalid or expired","metadata":{"reason":"session_not_found_or_expired"}}
{"eventId":"4f3bf5be-9a36-427a-9a0e-2f316c7e2ba8","eventType":"auth.logout.success","timestamp":"2025-12-02T17:11:27.299Z","outcome":"failure","requestId":"8998d48f-83db-48e5-a963-1389ddff09d5","ipAddress":"unknown","userAgent":"unknown","errorCode":"NOT_AUTHENTICATED","errorMessage":"No active session found"}
{"eventId":"7e49c029-2b31-4d00-9b59-748765107ced","eventType":"auth.session.tampered","timestamp":"2025-12-02T17:11:27.299Z","outcome":"failure","errorCode":"INVALID_SESSION","errorMessage":"Session token is invalid or expired","metadata":{"reason":"session_not_found_or_expired"}}
{"eventId":"b50abd00-927c-4fc1-9d19-28cf584e996a","eventType":"auth.logout.success","timestamp":"2025-12-02T17:11:27.299Z","outcome":"failure","requestId":"727b4947-3c8b-4349-b1ca-0a46f2bab8db","ipAddress":"unknown","userAgent":"unknown","errorCode":"NOT_AUTHENTICATED","errorMessage":"No active session found"}
{"eventId":"2f666750-7410-4368-ba35-aaf6c0536b86","eventType":"auth.session.tampered","timestamp":"2025-12-02T17:11:27.300Z","outcome":"failure","errorCode":"INVALID_SESSION","errorMessage":"Session token is invalid or expired","metadata":{"reason":"session_not_found_or_expired"}}
{"eventId":"0fa0ff2f-f8f6-4765-91f7-7024334ca0ba","eventType":"auth.logout.success","timestamp":"2025-12-02T17:11:27.300Z","outcome":"failure","requestId":"3efd73b9-17ff-4928-96cd-10cc01f33a4f","ipAddress":"unknown","userAgent":"unknown","errorCode":"NOT_AUTHENTICATED","errorMessage":"No active session found"}
{"eventId":"bb7a1a41-e19b-4591-88f9-4de37669f02a","eventType":"auth.session.tampered","timestamp":"2025-12-02T17:11:27.300Z","outcome":"failure","errorCode":"INVALID_SESSION","errorMessage":"Session token is invalid or expired","metadata":{"reason":"session_not_found_or_expired"}}
{"eventId":"ae0b937d-b287-47e6-8a55-987a7613e10d","eventType":"auth.logout.success","timestamp":"2025-12-02T17:11:27.300Z","outcome":"failure","requestId":"fd115287-c23b-4a4e-bfa4-44fdaf2e5c45","ipAddress":"unknown","userAgent":"unknown","errorCode":"NOT_AUTHENTICATED","errorMessage":"No active session found"}
{"eventId":"60e512fe-6c20-4d64-ac52-4d1ab5c75e7c","eventType":"auth.session.tampered","timestamp":"2025-12-02T17:11:27.301Z","outcome":"failure","errorCode":"INVALID_SESSION","errorMessage":"Session token is invalid or expired","metadata":{"reason":"session_not_found_or_expired"}}
{"eventId":"5413cdf2-1606-4671-8740-141e24de06d2","eventType":"auth.logout.success","timestamp":"2025-12-02T17:11:27.301Z","outcome":"failure","requestId":"72ae746d-06ac-4613-bb13-54867efa2f0b","ipAddress":"unknown","userAgent":"unknown","errorCode":"NOT_AUTHENTICATED","errorMessage":"No active session found"}
{"eventId":"6add1e29-5560-43e3-b658-78e9bb8da90c","eventType":"auth.session.tampered","timestamp":"2025-12-02T17:11:27.301Z","outcome":"failure","errorCode":"INVALID_SESSION","errorMessage":"Session token is invalid or expired","metadata":{"reason":"session_not_found_or_expired"}}
{"eventId":"eb18c86d-f6c3-43eb-81f3-094afab13c92","eventType":"auth.logout.success","timestamp":"2025-12-02T17:11:27.301Z","outcome":"failure","requestId":"08578980-0268-48f2-a529-6a27aaca1bfe","ipAddress":"unknown","userAgent":"unknown","errorCode":"NOT_AUTHENTICATED","errorMessage":"No active session found"}
{"eventId":"31f44d50-3c93-4f3e-8991-e0669013ca8c","eventType":"auth.session.tampered","timestamp":"2025-12-02T17:11:27.302Z","outcome":"failure","errorCode":"INVALID_SESSION","errorMessage":"Session token is invalid or expired","metadata":{"reason":"session_not_found_or_expired"}}
{"eventId":"71370400-bc1d-4ab1-9da8-bb5d5f7933df","eventType":"auth.logout.success","timestamp":"2025-12-02T17:11:27.302Z","outcome":"failure","requestId":"202277e9-21ff-41cc-a815-a800bc2ed39d","ipAddress":"unknown","userAgent":"unknown","errorCode":"NOT_AUTHENTICATED","errorMessage":"No active session found"}
{"eventId":"826400b5-5aae-4f6b-84f5-b5576fc235b3","eventType":"auth.session.tampered","timestamp":"2025-12-02T17:11:27.302Z","outcome":"failure","errorCode":"INVALID_SESSION","errorMessage":"Session token is invalid or expired","metadata":{"reason":"session_not_found_or_expired"}}
{"eventId":"d9f12269-55bd-487e-b310-e1da1996a2c0","eventType":"auth.logout.success","timestamp":"2025-12-02T17:11:27.302Z","outcome":"failure","requestId":"9b7dc134-84a7-4ca8-a1af-be5e6a33002a","ipAddress":"unknown","userAgent":"unknown","errorCode":"NOT_AUTHENTICATED","errorMessage":"No active session found"}
{"eventId":"dd2960b7-ca12-4d30-aebb-c3cd1a6d0634","eventType":"auth.session.tampered","timestamp":"2025-12-02T17:11:27.302Z","outcome":"failure","errorCode":"INVALID_SESSION","errorMessage":"Session token is invalid or expired","metadata":{"reason":"session_not_found_or_expired"}}
{"eventId":"f1c0dd70-e42b-4a3f-bf69-945406fd0064","eventType":"auth.logout.success","timestamp":"2025-12-02T17:11:27.302Z","outcome":"failure","requestId":"f975e5ee-4303-47f2-9dae-e459c060b034","ipAddress":"unknown","userAgent":"unknown","errorCode":"NOT_AUTHENTICATED","errorMessage":"No active session found"}
{"eventId":"9b02e85f-145b-437b-8265-8fbe3f7f1850","eventType":"auth.session.tampered","timestamp":"2025-12-02T17:11:27.303Z","outcome":"failure","errorCode":"INVALID_SESSION","errorMessage":"Session token is invalid or expired","metadata":{"reason":"session_not_found_or_expired"}}
{"eventId":"b3019f00-3fb3-446a-a70f-017b80ea2d9a","eventType":"auth.logout.success","timestamp":"2025-12-02T17:11:27.303Z","outcome":"failure","requestId":"94a810e8-4b7e-4196-8b50-45124f3c7d6c","ipAddress":"unknown","userAgent":"unknown","errorCode":"NOT_AUTHENTICATED","errorMessage":"No active session found"}
{"eventId":"e6836018-9161-48f5-b66d-31cb5c18540c","eventType":"auth.session.tampered","timestamp":"2025-12-02T17:11:27.303Z","outcome":"failure","errorCode":"INVALID_SESSION","errorMessage":"Session token is invalid or expired","metadata":{"reason":"session_not_found_or_expired"}}
{"eventId":"ebf9aada-4325-42f2-b2ba-51bfadee16c4","eventType":"auth.logout.success","timestamp":"2025-12-02T17:11:27.303Z","outcome":"failure","requestId":"5aff29ba-45dc-4bf0-b478-1a07042fdfe7","ipAddress":"unknown","userAgent":"unknown","errorCode":"NOT_AUTHENTICATED","errorMessage":"No active session found"}
{"eventId":"3226ef15-0f35-41de-87e9-106dfeee9e97","eventType":"auth.session.tampered","timestamp":"2025-12-02T17:11:27.304Z","outcome":"failure","errorCode":"INVALID_SESSION","errorMessage":"Session token is invalid or expired","metadata":{"reason":"session_not_found_or_expired"}}
{"eventId":"0fd1028a-d614-4cc5-a99b-5986627ce272","eventType":"auth.logout.success","timestamp":"2025-12-02T17:11:27.304Z","outcome":"failure","requestId":"83c358f6-3e4b-4036-8e76-76d82d8525da","ipAddress":"unknown","userAgent":"unknown","errorCode":"NOT_AUTHENTICATED","errorMessage":"No active session found"}
{"eventId":"3a2011ca-8522-4174-922f-553923e1c1e9","eventType":"auth.session.tampered","timestamp":"2025-12-02T17:11:27.304Z","outcome":"failure","errorCode":"INVALID_SESSION","errorMessage":"Session token is invalid or expired","metadata":{"reason":"session_not_found_or_expired"}}
{"eventId":"4ac49412-22c8-472f-bb17-2eb877cd8466","eventType":"auth.logout.success","timestamp":"2025-12-02T17:11:27.304Z","outcome":"failure","requestId":"ca867f2e-16a6-415e-8848-0de23bc95495","ipAddress":"unknown","userAgent":"unknown","errorCode":"NOT_AUTHENTICATED","errorMessage":"No active session found"}
{"eventId":"2d324586-3da5-47f9-ac06-b0c0c1f4b439","eventType":"auth.session.tampered","timestamp":"2025-12-02T17:11:27.305Z","outcome":"failure","errorCode":"INVALID_SESSION","errorMessage":"Session token is invalid or expired","metadata":{"reason":"session_not_found_or_expired"}}
{"eventId":"a555800d-d352-4bb3-af44-9a759e1e10b7","eventType":"auth.logout.success","timestamp":"2025-12-02T17:11:27.305Z","outcome":"failure","requestId":"cd53dd89-74e0-4335-be4f-095801c08fd1","ipAddress":"unknown","userAgent":"unknown","errorCode":"NOT_AUTHENTICATED","errorMessage":"No active session found"}
{"eventId":"9764e157-ae08-44aa-b573-8f028c1dfaff","eventType":"auth.session.tampered","timestamp":"2025-12-02T17:11:27.305Z","outcome":"failure","errorCode":"INVALID_SESSION","errorMessage":"Session token is invalid or expired","metadata":{"reason":"session_not_found_or_expired"}}
{"eventId":"a1bf0108-16f7-42d4-842f-98f95f15f957","eventType":"auth.logout.success","timestamp":"2025-12-02T17:11:27.305Z","outcome":"failure","requestId":"fc9e0c4f-2280-4162-b476-169bdb317bcb","ipAddress":"unknown","userAgent":"unknown","errorCode":"NOT_AUTHENTICATED","errorMessage":"No active session found"}
{"eventId":"6da5c71e-abbe-4671-b0dd-06c84a76f2de","eventType":"auth.session.tampered","timestamp":"2025-12-02T17:11:27.306Z","outcome":"failure","errorCode":"INVALID_SESSION","errorMessage":"Session token is invalid or expired","metadata":{"reason":"session_not_found_or_expired"}}
{"eventId":"b41c8b47-4893-40de-a8f8-a58cd091b329","eventType":"auth.logout.success","timestamp":"2025-12-02T17:11:27.306Z","outcome":"failure","requestId":"1a095e40-6fab-4422-b465-87399c242693","ipAddress":"unknown","userAgent":"unknown","errorCode":"NOT_AUTHENTICATED","errorMessage":"No active session found"}
{"eventId":"193a08cc-f04f-44f7-b9e5-c78c44be637a","eventType":"auth.session.tampered","timestamp":"2025-12-02T17:11:27.306Z","outcome":"failure","errorCode":"INVALID_SESSION","errorMessage":"Session token is invalid or expired","metadata":{"reason":"session_not_found_or_expired"}}
{"eventId":"287b9466-2f73-4b56-b429-ad482747cc8d","eventType":"auth.logout.success","timestamp":"2025-12-02T17:11:27.306Z","outcome":"failure","requestId":"6c8ab329-327e-4e37-a25f-1fdd5e9f120f","ipAddress":"unknown","userAgent":"unknown","errorCode":"NOT_AUTHENTICATED","errorMessage":"No active session found"}
{"eventId":"2411cb24-af5a-4380-9ffd-c1b089cbadff","eventType":"auth.session.tampered","timestamp":"2025-12-02T17:11:27.306Z","outcome":"failure","errorCode":"INVALID_SESSION","errorMessage":"Session token is invalid or expired","metadata":{"reason":"session_not_found_or_expired"}}
{"eventId":"3fe8a4b6-486d-4071-b957-3a8305aaf342","eventType":"auth.logout.success","timestamp":"2025-12-02T17:11:27.306Z","outcome":"failure","requestId":"cb71f45e-b7c4-4341-b73e-02f54cd3c247","ipAddress":"unknown","userAgent":"unknown","errorCode":"NOT_AUTHENTICATED","errorMessage":"No active session found"}
{"eventId":"6db2aeb1-3a1b-4daf-8c0e-046fe3349c27","eventType":"auth.session.tampered","timestamp":"2025-12-02T17:11:27.307Z","outcome":"failure","errorCode":"INVALID_SESSION","errorMessage":"Session token is invalid or expired","metadata":{"reason":"session_not_found_or_expired"}}
{"eventId":"c11c9a53-5e53-4586-b8da-1cfadd61ee59","eventType":"auth.logout.success","timestamp":"2025-12-02T17:11:27.307Z","outcome":"failure","requestId":"fcd77579-5fc5-4393-ba9b-f9147302d94c","ipAddress":"unknown","userAgent":"unknown","errorCode":"NOT_AUTHENTICATED","errorMessage":"No active session found"}
{"eventId":"44df248e-3dd2-4741-87b4-8d35ee0c68d6","eventType":"auth.session.tampered","timestamp":"2025-12-02T17:11:27.307Z","outcome":"failure","errorCode":"INVALID_SESSION","errorMessage":"Session token is invalid or expired","metadata":{"reason":"session_not_found_or_expired"}}
{"eventId":"6ffbbd2e-4637-4f5a-b1c2-b92e9b3117af","eventType":"auth.logout.success","timestamp":"2025-12-02T17:11:27.307Z","outcome":"failure","requestId":"32d95e81-8a88-4df3-b8ce-69ff904244d9","ipAddress":"unknown","userAgent":"unknown","errorCode":"NOT_AUTHENTICATED","errorMessage":"No active session found"}
{"eventId":"c027d8e0-086e-4361-b0b1-100f7a45a8ad","eventType":"auth.session.tampered","timestamp":"2025-12-02T17:11:27.308Z","outcome":"failure","errorCode":"INVALID_SESSION","errorMessage":"Session token is invalid or expired","metadata":{"reason":"session_not_found_or_expired"}}
{"eventId":"39471bf4-ea05-47d3-8b9d-8b01a26287e2","eventType":"auth.logout.success","timestamp":"2025-12-02T17:11:27.308Z","outcome":"failure","requestId":"0b3fd618-81f3-4440-bc19-4d57050bbe0e","ipAddress":"unknown","userAgent":"unknown","errorCode":"NOT_AUTHENTICATED","errorMessage":"No active session found"}
{"eventId":"c075347f-e01a-4d4f-98b4-7a604038f4ad","eventType":"auth.session.tampered","timestamp":"2025-12-02T17:11:27.308Z","outcome":"failure","errorCode":"INVALID_SESSION","errorMessage":"Session token is invalid or expired","metadata":{"reason":"session_not_found_or_expired"}}
{"eventId":"2e715922-3953-46cf-a9a2-ccb73c8115d5","eventType":"auth.logout.success","timestamp":"2025-12-02T17:11:27.308Z","outcome":"failure","requestId":"6160cce7-0534-4d24-b9c3-c5a2c00407d1","ipAddress":"unknown","userAgent":"unknown","errorCode":"NOT_AUTHENTICATED","errorMessage":"No active session found"}
{"eventId":"0da1f385-33a3-452d-b6a0-b99a3230c2f5","eventType":"auth.session.tampered","timestamp":"2025-12-02T17:11:27.309Z","outcome":"failure","errorCode":"INVALID_SESSION","errorMessage":"Session token is invalid or expired","metadata":{"reason":"session_not_found_or_expired"}}
{"eventId":"69c3db5a-bd63-45b0-be58-307c437e5cae","eventType":"auth.logout.success","timestamp":"2025-12-02T17:11:27.309Z","outcome":"failure","requestId":"4100185c-6593-4dd5-88e1-f80d7f28b059","ipAddress":"unknown","userAgent":"unknown","errorCode":"NOT_AUTHENTICATED","errorMessage":"No active session found"}
{"eventId":"ebaab4af-0d65-4832-9a3f-4ddf7122dc9c","eventType":"auth.session.tampered","timestamp":"2025-12-02T17:11:27.309Z","outcome":"failure","errorCode":"INVALID_SESSION","errorMessage":"Session token is invalid or expired","metadata":{"reason":"session_not_found_or_expired"}}
{"eventId":"6a088ed7-2160-4091-a2c9-d68b7ac4f30e","eventType":"auth.logout.success","timestamp":"2025-12-02T17:11:27.309Z","outcome":"failure","requestId":"22723543-cd0e-4820-87c2-4743f11a7e93","ipAddress":"unknown","userAgent":"unknown","errorCode":"NOT_AUTHENTICATED","errorMessage":"No active session found"}
{"eventId":"b572f2ff-f66f-4bbf-9742-f557ec6ca885","eventType":"auth.session.tampered","timestamp":"2025-12-02T17:11:27.309Z","outcome":"failure","errorCode":"INVALID_SESSION","errorMessage":"Session token is invalid or expired","metadata":{"reason":"session_not_found_or_expired"}}
{"eventId":"386018e1-05cc-4d72-8098-72a2c2f46136","eventType":"auth.logout.success","timestamp":"2025-12-02T17:11:27.309Z","outcome":"failure","requestId":"a1d5b9fc-ac8e-47a3-9730-f1ea78146b95","ipAddress":"unknown","userAgent":"unknown","errorCode":"NOT_AUTHENTICATED","errorMessage":"No active session found"}
{"eventId":"a85c8768-4e51-4eb5-b613-3c30aaaa7e3d","eventType":"auth.session.tampered","timestamp":"2025-12-02T17:11:27.310Z","outcome":"failure","errorCode":"INVALID_SESSION","errorMessage":"Session token is invalid or expired","metadata":{"reason":"session_not_found_or_expired"}}
{"eventId":"9c2abb86-1b8a-4464-866e-3a444f5cc5f4","eventType":"auth.logout.success","timestamp":"2025-12-02T17:11:27.310Z","outcome":"failure","requestId":"1ceb894f-4552-4110-979a-acb888d62c1c","ipAddress":"unknown","userAgent":"unknown","errorCode":"NOT_AUTHENTICATED","errorMessage":"No active session found"}
{"eventId":"3bb3a479-1228-42bc-a953-4698467e3238","eventType":"auth.session.tampered","timestamp":"2025-12-02T17:11:27.310Z","outcome":"failure","errorCode":"INVALID_SESSION","errorMessage":"Session token is invalid or expired","metadata":{"reason":"session_not_found_or_expired"}}
{"eventId":"889ff35a-b60b-499b-9083-d135cd8ba522","eventType":"auth.logout.success","timestamp":"2025-12-02T17:11:27.310Z","outcome":"failure","requestId":"6874c2cc-2f1f-48b9-8082-0321201b3632","ipAddress":"unknown","userAgent":"unknown","errorCode":"NOT_AUTHENTICATED","errorMessage":"No active session found"}
{"eventId":"e72d5809-c00c-44da-8f4b-d7bbfc7fd59c","eventType":"auth.session.tampered","timestamp":"2025-12-02T17:11:27.311Z","outcome":"failure","errorCode":"INVALID_SESSION","errorMessage":"Session token is invalid or expired","metadata":{"reason":"session_not_found_or_expired"}}
{"eventId":"030dc743-d2f2-41c0-9e48-b8f02491a5fc","eventType":"auth.logout.success","timestamp":"2025-12-02T17:11:27.311Z","outcome":"failure","requestId":"5cd036df-6d3c-4b82-a9e0-48d382dfe0b5","ipAddress":"unknown","userAgent":"unknown","errorCode":"NOT_AUTHENTICATED","errorMessage":"No active session found"}
{"eventId":"c470e16c-a49c-4872-9e60-5b930fc199cd","eventType":"auth.session.tampered","timestamp":"2025-12-02T17:11:27.312Z","outcome":"failure","errorCode":"INVALID_SESSION","errorMessage":"Session token is invalid or expired","metadata":{"reason":"session_not_found_or_expired"}}
{"eventId":"382b2281-975e-46fb-b502-ccd8b9fe4099","eventType":"auth.logout.success","timestamp":"2025-12-02T17:11:27.312Z","outcome":"failure","requestId":"be3adb33-f36b-437a-b724-aa7f298c1950","ipAddress":"unknown","userAgent":"unknown","errorCode":"NOT_AUTHENTICATED","errorMessage":"No active session found"}
{"eventId":"a5786020-b108-4ad7-b91c-23be28202b64","eventType":"auth.session.tampered","timestamp":"2025-12-02T17:11:27.313Z","outcome":"failure","errorCode":"INVALID_SESSION","errorMessage":"Session token is invalid or expired","metadata":{"reason":"session_not_found_or_expired"}}
{"eventId":"c7a18856-b9d1-4dc5-b8a7-77e9f3095f60","eventType":"auth.logout.success","timestamp":"2025-12-02T17:11:27.313Z","outcome":"failure","requestId":"44c470a9-e350-4033-8855-ee7df2aba0c4","ipAddress":"unknown","userAgent":"unknown","errorCode":"NOT_AUTHENTICATED","errorMessage":"No active session found"}
{"eventId":"e270eaca-c309-4386-bfdd-9e293c07e3c4","eventType":"auth.session.tampered","timestamp":"2025-12-02T17:11:27.314Z","outcome":"failure","errorCode":"INVALID_SESSION","errorMessage":"Session token is invalid or expired","metadata":{"reason":"session_not_found_or_expired"}}
{"eventId":"e02bd48e-b2b3-4e6b-9fcc-07b0e92be39e","eventType":"auth.logout.success","timestamp":"2025-12-02T17:11:27.314Z","outcome":"failure","requestId":"2742c4ec-b4f4-491a-b0cb-d9f47d7e8622","ipAddress":"unknown","userAgent":"unknown","errorCode":"NOT_AUTHENTICATED","errorMessage":"No active session found"}
{"eventId":"93886d21-cc50-40f4-835f-c91216112f54","eventType":"auth.session.tampered","timestamp":"2025-12-02T17:11:27.314Z","outcome":"failure","errorCode":"INVALID_SESSION","errorMessage":"Session token is invalid or expired","metadata":{"reason":"session_not_found_or_expired"}}
{"eventId":"8dd3a36d-fb0f-4166-99ba-3e00e6eb8763","eventType":"auth.logout.success","timestamp":"2025-12-02T17:11:27.314Z","outcome":"failure","requestId":"3c29a21b-25e0-418f-8fc8-b8a52378e5e0","ipAddress":"unknown","userAgent":"unknown","errorCode":"NOT_AUTHENTICATED","errorMessage":"No active session found"}
{"eventId":"0559be5e-de7b-45bb-b956-45a49f681565","eventType":"auth.session.tampered","timestamp":"2025-12-02T17:11:27.315Z","outcome":"failure","errorCode":"INVALID_SESSION","errorMessage":"Session token is invalid or expired","metadata":{"reason":"session_not_found_or_expired"}}
{"eventId":"9e585329-da2a-44b8-a00b-e6181c89de48","eventType":"auth.logout.success","timestamp":"2025-12-02T17:11:27.315Z","outcome":"failure","requestId":"52ee9043-d066-4e6d-a312-4ee578a2d125","ipAddress":"unknown","userAgent":"unknown","errorCode":"NOT_AUTHENTICATED","errorMessage":"No active session found"}
{"eventId":"fa047338-b27a-438a-befc-5b9432aae4fc","eventType":"auth.session.tampered","timestamp":"2025-12-02T17:11:27.315Z","outcome":"failure","errorCode":"INVALID_SESSION","errorMessage":"Session token is invalid or expired","metadata":{"reason":"session_not_found_or_expired"}}
{"eventId":"6387fbcb-1099-4ae8-b447-095a142452b7","eventType":"auth.logout.success","timestamp":"2025-12-02T17:11:27.315Z","outcome":"failure","requestId":"08b11d53-811a-416a-a1b9-911348b173eb","ipAddress":"unknown","userAgent":"unknown","errorCode":"NOT_AUTHENTICATED","errorMessage":"No active session found"}
{"eventId":"665c5739-24e9-4e5d-be2d-8ef4d7bdcfb0","eventType":"auth.session.tampered","timestamp":"2025-12-02T17:11:27.316Z","outcome":"failure","errorCode":"INVALID_SESSION","errorMessage":"Session token is invalid or expired","metadata":{"reason":"session_not_found_or_expired"}}
{"eventId":"15d3bc9b-7961-4a47-a0b8-405a806dd9b8","eventType":"auth.logout.success","timestamp":"2025-12-02T17:11:27.316Z","outcome":"failure","requestId":"edf49469-d364-4b21-ba83-0825040712ad","ipAddress":"unknown","userAgent":"unknown","errorCode":"NOT_AUTHENTICATED","errorMessage":"No active session found"}
{"eventId":"c61641b9-1303-4937-adc1-dc364d1a398b","eventType":"auth.session.tampered","timestamp":"2025-12-02T17:11:27.316Z","outcome":"failure","errorCode":"INVALID_SESSION","errorMessage":"Session token is invalid or expired","metadata":{"reason":"session_not_found_or_expired"}}
{"eventId":"3129ee72-da40-4e49-8b9e-7dc03dba8551","eventType":"auth.logout.success","timestamp":"2025-12-02T17:11:27.316Z","outcome":"failure","requestId":"ebdebad2-f28d-4171-9c13-ad9a59721319","ipAddress":"unknown","userAgent":"unknown","errorCode":"NOT_AUTHENTICATED","errorMessage":"No active session found"}
{"eventId":"f5dbc7ad-65c1-4d44-9e6d-9cbf36cb52e3","eventType":"auth.session.tampered","timestamp":"2025-12-02T17:11:27.317Z","outcome":"failure","errorCode":"INVALID_SESSION","errorMessage":"Session token is invalid or expired","metadata":{"reason":"session_not_found_or_expired"}}
{"eventId":"09bfd398-a981-4540-9730-9715c3112a73","eventType":"auth.logout.success","timestamp":"2025-12-02T17:11:27.317Z","outcome":"failure","requestId":"566b45f8-5877-4c19-a67c-b85d3a5da793","ipAddress":"unknown","userAgent":"unknown","errorCode":"NOT_AUTHENTICATED","errorMessage":"No active session found"}
{"eventId":"66ea1ae3-e51c-435c-b1d0-f20a8377f8d3","eventType":"auth.session.tampered","timestamp":"2025-12-02T17:11:27.318Z","outcome":"failure","errorCode":"INVALID_SESSION","errorMessage":"Session token is invalid or expired","metadata":{"reason":"session_not_found_or_expired"}}
{"eventId":"58ec4894-f21a-4b3b-bcc3-2498559397e5","eventType":"auth.logout.success","timestamp":"2025-12-02T17:11:27.318Z","outcome":"failure","requestId":"9a139c0d-d650-46cb-a196-134b622827bd","ipAddress":"unknown","userAgent":"unknown","errorCode":"NOT_AUTHENTICATED","errorMessage":"No active session found"}
{"eventId":"73ab0517-9ef8-4e34-964f-06aca8ef8831","eventType":"auth.session.tampered","timestamp":"2025-12-02T17:11:27.318Z","outcome":"failure","errorCode":"INVALID_SESSION","errorMessage":"Session token is invalid or expired","metadata":{"reason":"session_not_found_or_expired"}}
{"eventId":"096744e9-77ed-4d15-89e9-e76b849d8d44","eventType":"auth.logout.success","timestamp":"2025-12-02T17:11:27.318Z","outcome":"failure","requestId":"0c049520-9cb1-4f05-a9c3-e6b2a000d460","ipAddress":"unknown","userAgent":"unknown","errorCode":"NOT_AUTHENTICATED","errorMessage":"No active session found"}
{"eventId":"c4c967bd-a1ec-4c67-b8dd-c0fd270733d6","eventType":"auth.session.tampered","timestamp":"2025-12-02T17:11:27.319Z","outcome":"failure","errorCode":"INVALID_SESSION","errorMessage":"Session token is invalid or expired","metadata":{"reason":"session_not_found_or_expired"}}
{"eventId":"2fb827fb-af1d-48d1-b959-414ae2b705af","eventType":"auth.logout.success","timestamp":"2025-12-02T17:11:27.319Z","outcome":"failure","requestId":"c67d0f90-c3ce-4bb7-affa-ac29b287fd2b","ipAddress":"unknown","userAgent":"unknown","errorCode":"NOT_AUTHENTICATED","errorMessage":"No active session found"}
{"eventId":"d126f0d4-1a62-44b5-83f9-8a6b689f94d4","eventType":"auth.session.tampered","timestamp":"2025-12-02T17:11:27.319Z","outcome":"failure","errorCode":"INVALID_SESSION","errorMessage":"Session token is invalid or expired","metadata":{"reason":"session_not_found_or_expired"}}
{"eventId":"720f0d9a-fc87-44f1-94ca-0d56de8a75cf","eventType":"auth.logout.success","timestamp":"2025-12-02T17:11:27.319Z","outcome":"failure","requestId":"7825c857-6891-4240-8806-16873cba5f95","ipAddress":"unknown","userAgent":"unknown","errorCode":"NOT_AUTHENTICATED","errorMessage":"No active session found"}

stdout | src/app/api/auth/reset-password/__tests__/reset-password.property.test.ts > POST /api/auth/reset-password - Property-Based Tests > Property 17: Password reset invalidates all sessions
{"eventId":"292b9ecd-44b1-42a7-a65f-109856fd2dca","eventType":"auth.reset_password.success","timestamp":"2025-12-02T17:11:27.472Z","outcome":"success","ipAddress":"127.0.0.1","userAgent":"unknown","requestId":"e7f9667d-8fd8-4b10-bab2-e549493eba47","metadata":{"stage":"attempt"}}

stdout | src/server/auth/__tests__/rbac.test.ts > RBAC - Property-Based Tests > Property 18: Verified users receive default roles
[2025-12-02T17:11:27.494Z] [App] [INFO] rbac.assign_role.success {
  userId: '03a00c97-66db-438b-8c2a-91e78f55afa7',
  role: 'TEAM_MEMBER',
  resourceType: 'team',
  resourceId: '9d7204b2-ade0-47a8-8fe7-d10d180009e5',
  roleId: '83f75c18-b359-4efa-a375-45f379cec8ce'
}

stderr | src/server/auth/__tests__/rate-limiter.test.ts > Rate Limiter - Property-Based Tests > Integration: Password reset rate limiting (3 per hour)
{"eventId":"e60e2c26-2772-4c05-a786-af91178f8f17","eventType":"auth.rate_limit.exceeded","timestamp":"2025-12-02T17:11:27.330Z","outcome":"failure","metadata":{"key":"reset:email:test@example.com","limit":5,"windowMs":3600000,"count":5,"resetAt":"2025-12-02T18:11:27.329Z"}}

stderr | src/server/auth/__tests__/rate-limiter.test.ts > Rate Limiter - Property-Based Tests > Integration: Signup IP rate limiting (10 per hour)
{"eventId":"d94fcfea-92b5-4a2e-a728-058a48d710df","eventType":"auth.rate_limit.exceeded","timestamp":"2025-12-02T17:11:27.431Z","outcome":"failure","metadata":{"key":"signup:ip:192.168.1.1","limit":10,"windowMs":3600000,"count":10,"resetAt":"2025-12-02T18:11:27.431Z"}}

 ✓ src/server/auth/__tests__/rate-limiter.test.ts (14 tests) 1584ms
   ✓ Rate Limiter - Property-Based Tests > Property: Rate limit resets after window expires 367ms
stdout | src/app/api/auth/reset-password/__tests__/reset-password.property.test.ts > POST /api/auth/reset-password - Property-Based Tests > Property 17: Password reset invalidates all sessions
{"eventId":"ce9fc224-539d-4fcc-a26f-40d67b8dc5bb","eventType":"auth.reset_password.success","timestamp":"2025-12-02T17:11:27.612Z","outcome":"success","userId":"bfe9bbd0-5e99-441c-ba8a-00c8f8b1b240","email":"ef8f27429376ad0a","ipAddress":"127.0.0.1","userAgent":"unknown","requestId":"e7f9667d-8fd8-4b10-bab2-e549493eba47","metadata":{"tokenId":"5ffc28a2-a68b-49ba-becd-fdaa3c073b3c","sessionsInvalidated":true}}

stderr | src/app/api/auth/logout/__tests__/logout.property.test.ts > POST /api/auth/logout - Property-Based Tests > Property 12 (negative case): Logout with expired session returns 401
{"eventId":"4dba10ca-2759-4970-9514-5a7453a5c4b9","eventType":"auth.session.tampered","timestamp":"2025-12-02T17:11:27.524Z","outcome":"failure","errorCode":"INVALID_SESSION","errorMessage":"Session token is invalid or expired","metadata":{"reason":"session_not_found_or_expired"}}
{"eventId":"c5d63474-8852-41cf-8019-2cd5f1034fe0","eventType":"auth.logout.success","timestamp":"2025-12-02T17:11:27.524Z","outcome":"failure","requestId":"ba92be48-dfdc-4f37-8773-b1f8a088f2a0","ipAddress":"unknown","userAgent":"unknown","errorCode":"NOT_AUTHENTICATED","errorMessage":"No active session found"}

stdout | src/server/auth/__tests__/rbac.test.ts > RBAC - Property-Based Tests > Property 18: Verified users receive default roles
[2025-12-02T17:11:27.657Z] [App] [INFO] rbac.assign_role.success {
  userId: 'b71e698c-765b-45f7-83e2-18feaf0ba900',
  role: 'TEAM_MEMBER',
  resourceType: 'team',
  resourceId: 'e1dd9782-1194-4129-b6c6-eb8c0c99d882',
  roleId: '86dd401c-dec0-409f-8a5e-42a0a95c72a7'
}

stdout | src/server/auth/__tests__/rbac.test.ts > RBAC - Property-Based Tests > Property 18: Verified users receive default roles
[2025-12-02T17:11:27.847Z] [App] [INFO] rbac.assign_role.success {
  userId: '11096d83-7dbe-45b6-a454-280ae26a9d9c',
  role: 'TEAM_MEMBER',
  resourceType: 'team',
  resourceId: 'b05f6fd5-33ef-44f0-bfb1-9580221da9e8',
  roleId: '8d98be3d-4c4c-48cb-80b4-36a6974ee119'
}

stdout | src/app/api/auth/reset-password/__tests__/reset-password.property.test.ts > POST /api/auth/reset-password - Property-Based Tests > Property 17: Password reset invalidates all sessions
{"eventId":"37244f18-9488-4a08-b906-3f41270870d5","eventType":"auth.reset_password.success","timestamp":"2025-12-02T17:11:27.938Z","outcome":"success","ipAddress":"127.0.0.1","userAgent":"unknown","requestId":"23413315-576b-4eb0-8401-ba6167d1a5c4","metadata":{"stage":"attempt"}}

stdout | src/app/api/auth/reset-password/__tests__/reset-password.property.test.ts > POST /api/auth/reset-password - Property-Based Tests > Property 17: Password reset invalidates all sessions
{"eventId":"b148f7e8-6703-451e-9f1a-5715f0654123","eventType":"auth.reset_password.success","timestamp":"2025-12-02T17:11:28.094Z","outcome":"success","userId":"bfe9bbd0-5e99-441c-ba8a-00c8f8b1b240","email":"ef8f27429376ad0a","ipAddress":"127.0.0.1","userAgent":"unknown","requestId":"23413315-576b-4eb0-8401-ba6167d1a5c4","metadata":{"tokenId":"3e521d2a-f02a-4a41-8a47-72b07c4a204a","sessionsInvalidated":true}}

stdout | src/server/auth/__tests__/rbac.test.ts > RBAC - Property-Based Tests > Property 18: Verified users receive default roles
[2025-12-02T17:11:28.098Z] [App] [INFO] rbac.assign_role.success {
  userId: '2a2523c2-faf7-483f-bca6-2b1e44eae588',
  role: 'TEAM_MEMBER',
  resourceType: 'team',
  resourceId: '2ee4fbdd-bd00-49c6-b3a6-b7ffde473bc9',
  roleId: '1a048cb0-5ed8-468a-a52c-519f4dce748b'
}

stdout | src/server/auth/__tests__/rbac.test.ts > RBAC - Property-Based Tests > Property 18: Verified users receive default roles
[2025-12-02T17:11:28.298Z] [App] [INFO] rbac.assign_role.success {
  userId: '9337909d-080e-4e50-a839-074e8b0699c0',
  role: 'TEAM_MEMBER',
  resourceType: 'team',
  resourceId: '3f241d21-0f9e-4ea8-90cb-42b32875a3dd',
  roleId: '0fe3516b-c8ca-4e65-938a-d7573ec20091'
}

stdout | src/app/api/auth/logout/__tests__/logout.property.test.ts > POST /api/auth/logout - Property-Based Tests > Property 14: Sign-out logs event
{"eventId":"8b8c70e1-56e9-440d-adef-8d9dac50ebe1","eventType":"auth.logout.success","timestamp":"2025-12-02T17:11:27.782Z","outcome":"success","userId":"addc060d-418b-4552-986e-5f51ca434e11","email":"c38dec9afb893ebc","ipAddress":"unknown","userAgent":"unknown","requestId":"d1bc5be3-ed42-496a-a4df-774ea93b48e5","metadata":{"sessionId":"0e3ab795-2f46-403e-9fcf-b437bdc132c2"}}
{"eventId":"ad9c3a1b-c80a-4173-beae-6b3dbecb092d","eventType":"auth.logout.success","timestamp":"2025-12-02T17:11:27.783Z","outcome":"success","userId":"addc060d-418b-4552-986e-5f51ca434e11","email":"c38dec9afb893ebc","ipAddress":"unknown","userAgent":"unknown","requestId":"f8d2acb5-998e-404b-891b-bd2da0a2a7ed","metadata":{"sessionId":"6aa7842e-b2ed-4586-90de-4d1ba70e79d9"}}
{"eventId":"e65cc8e5-6c9e-4aa5-bfdf-5dda8b338827","eventType":"auth.logout.success","timestamp":"2025-12-02T17:11:27.785Z","outcome":"success","userId":"addc060d-418b-4552-986e-5f51ca434e11","email":"c38dec9afb893ebc","ipAddress":"unknown","userAgent":"unknown","requestId":"e57e0ecd-f608-4977-be91-b51e02dc576c","metadata":{"sessionId":"750bec1f-31ea-465f-a098-8cf024c26d6c"}}
{"eventId":"e846ba1d-33b6-463a-8ca7-6b31c418c300","eventType":"auth.logout.success","timestamp":"2025-12-02T17:11:27.786Z","outcome":"success","userId":"addc060d-418b-4552-986e-5f51ca434e11","email":"c38dec9afb893ebc","ipAddress":"unknown","userAgent":"unknown","requestId":"b5383ebb-c7ee-4cb0-b6a6-26876216fc35","metadata":{"sessionId":"40baf530-baf9-4e76-90f2-efc07735e8c9"}}
{"eventId":"955d0dd2-5faa-4113-b408-b4a1a0b20e86","eventType":"auth.logout.success","timestamp":"2025-12-02T17:11:27.787Z","outcome":"success","userId":"addc060d-418b-4552-986e-5f51ca434e11","email":"c38dec9afb893ebc","ipAddress":"unknown","userAgent":"unknown","requestId":"24cfae02-90f0-4fcb-96d8-2b15637e836b","metadata":{"sessionId":"356fbe43-d7ab-4026-9b43-6b9fb83ebf72"}}
{"eventId":"1baf5050-52b5-4550-b2b5-903a8da495d7","eventType":"auth.logout.success","timestamp":"2025-12-02T17:11:27.788Z","outcome":"success","userId":"addc060d-418b-4552-986e-5f51ca434e11","email":"c38dec9afb893ebc","ipAddress":"unknown","userAgent":"unknown","requestId":"e6e45d13-893f-4174-8e3d-9a35b0343a90","metadata":{"sessionId":"58ab02cc-f04e-43a4-9d5e-b2d2ea906793"}}
{"eventId":"fd1e7cc2-7e6d-4bf7-b321-c910bd2c8a40","eventType":"auth.logout.success","timestamp":"2025-12-02T17:11:27.824Z","outcome":"success","userId":"addc060d-418b-4552-986e-5f51ca434e11","email":"c38dec9afb893ebc","ipAddress":"unknown","userAgent":"unknown","requestId":"b0f6193d-5384-4ffa-8946-5f9a13965175","metadata":{"sessionId":"d4eea961-febe-4a69-822b-1ade9403dfe1"}}
{"eventId":"829b2759-bb7a-4634-9666-3ee3eb2a3e70","eventType":"auth.logout.success","timestamp":"2025-12-02T17:11:27.830Z","outcome":"success","userId":"addc060d-418b-4552-986e-5f51ca434e11","email":"c38dec9afb893ebc","ipAddress":"unknown","userAgent":"unknown","requestId":"32e0bbad-b452-4c85-af8b-d7e6ab63d150","metadata":{"sessionId":"a3399786-b65f-4d7a-8639-8f5065a6b9a3"}}
{"eventId":"98563689-d56a-4f38-88bc-65ce9f04b9be","eventType":"auth.logout.success","timestamp":"2025-12-02T17:11:27.832Z","outcome":"success","userId":"addc060d-418b-4552-986e-5f51ca434e11","email":"c38dec9afb893ebc","ipAddress":"unknown","userAgent":"unknown","requestId":"2fccaf76-6f0e-4b99-a86b-5431f2131729","metadata":{"sessionId":"0d24584f-ccac-4ca1-8fa2-a957ec905134"}}
{"eventId":"2ec46192-cf75-46be-8387-4c7da6dcd049","eventType":"auth.logout.success","timestamp":"2025-12-02T17:11:27.833Z","outcome":"success","userId":"addc060d-418b-4552-986e-5f51ca434e11","email":"c38dec9afb893ebc","ipAddress":"unknown","userAgent":"unknown","requestId":"a0bf5354-e8b2-41df-929f-35b8d4d008c3","metadata":{"sessionId":"0068f212-6cca-4443-88c5-2d3c1e37c37f"}}
{"eventId":"7414c579-4c0e-4cf5-9bc6-e8bee67ee333","eventType":"auth.logout.success","timestamp":"2025-12-02T17:11:27.834Z","outcome":"success","userId":"addc060d-418b-4552-986e-5f51ca434e11","email":"c38dec9afb893ebc","ipAddress":"unknown","userAgent":"unknown","requestId":"6a367323-5eec-40f4-b5ed-f9f3871f9d8e","metadata":{"sessionId":"efb9256a-a5c5-4b5a-8259-cf5bb0d024fc"}}
{"eventId":"20f8f401-ad68-4f98-9cbb-728acdd525b6","eventType":"auth.logout.success","timestamp":"2025-12-02T17:11:27.835Z","outcome":"success","userId":"addc060d-418b-4552-986e-5f51ca434e11","email":"c38dec9afb893ebc","ipAddress":"unknown","userAgent":"unknown","requestId":"62875d6c-8213-435c-9337-780d403a33eb","metadata":{"sessionId":"3fb7b4e6-9f46-461a-968f-13a152928398"}}
{"eventId":"66844cb2-884d-440b-bc50-e5ac39fdbdb9","eventType":"auth.logout.success","timestamp":"2025-12-02T17:11:27.837Z","outcome":"success","userId":"addc060d-418b-4552-986e-5f51ca434e11","email":"c38dec9afb893ebc","ipAddress":"unknown","userAgent":"unknown","requestId":"19ac7e0c-69fd-4ca7-a079-768a6973e672","metadata":{"sessionId":"e23b3e72-4328-42af-9723-af151d3929d7"}}
{"eventId":"86e78d56-4036-4b8c-af23-238ab5cbd7dd","eventType":"auth.logout.success","timestamp":"2025-12-02T17:11:27.838Z","outcome":"success","userId":"addc060d-418b-4552-986e-5f51ca434e11","email":"c38dec9afb893ebc","ipAddress":"unknown","userAgent":"unknown","requestId":"7b9c3ef3-289a-441f-8274-ed7e5702c1ff","metadata":{"sessionId":"9f14ac21-9084-4116-b327-37d533d6860c"}}
{"eventId":"5ca6a870-a403-41e2-8834-b764b0e78bfa","eventType":"auth.logout.success","timestamp":"2025-12-02T17:11:27.839Z","outcome":"success","userId":"addc060d-418b-4552-986e-5f51ca434e11","email":"c38dec9afb893ebc","ipAddress":"unknown","userAgent":"unknown","requestId":"46829019-bbaf-48f2-b340-cd3e80c72ec5","metadata":{"sessionId":"6db72018-8fd0-4e8b-857f-a9dacd0424a4"}}
{"eventId":"a3ee238c-ce04-4d28-a8cf-b0e5295a463b","eventType":"auth.logout.success","timestamp":"2025-12-02T17:11:27.840Z","outcome":"success","userId":"addc060d-418b-4552-986e-5f51ca434e11","email":"c38dec9afb893ebc","ipAddress":"unknown","userAgent":"unknown","requestId":"9071879d-21c5-452a-a10a-4b8df825175e","metadata":{"sessionId":"ae82f6aa-826c-48ba-8d6f-4cef38c4e700"}}
{"eventId":"16415ef7-2cdd-4954-b491-a52b539d992c","eventType":"auth.logout.success","timestamp":"2025-12-02T17:11:27.841Z","outcome":"success","userId":"addc060d-418b-4552-986e-5f51ca434e11","email":"c38dec9afb893ebc","ipAddress":"unknown","userAgent":"unknown","requestId":"8b756251-0662-463c-a6a9-0157f9b8afca","metadata":{"sessionId":"854b2a8b-6c3e-489b-aacb-937e6de2cb7f"}}
{"eventId":"106c2d93-28eb-456b-b6c3-8c047c950e02","eventType":"auth.logout.success","timestamp":"2025-12-02T17:11:27.857Z","outcome":"success","userId":"addc060d-418b-4552-986e-5f51ca434e11","email":"c38dec9afb893ebc","ipAddress":"unknown","userAgent":"unknown","requestId":"950f1af9-5fb7-42c9-b05f-3fe756b59c03","metadata":{"sessionId":"2316dc73-a460-4913-871d-af56fd6fd11c"}}
{"eventId":"13b05b7a-6e66-4d93-8a84-509b22d4f1fe","eventType":"auth.logout.success","timestamp":"2025-12-02T17:11:27.866Z","outcome":"success","userId":"addc060d-418b-4552-986e-5f51ca434e11","email":"c38dec9afb893ebc","ipAddress":"unknown","userAgent":"unknown","requestId":"0cc247ce-deba-41a3-a706-8753cc7c26c3","metadata":{"sessionId":"95a8a7c1-7e82-4cbc-b155-c074d6fae677"}}
{"eventId":"4fe3a923-4cdc-4c65-b845-d0d896c60010","eventType":"auth.logout.success","timestamp":"2025-12-02T17:11:27.881Z","outcome":"success","userId":"addc060d-418b-4552-986e-5f51ca434e11","email":"c38dec9afb893ebc","ipAddress":"unknown","userAgent":"unknown","requestId":"cb911013-2f97-4e6c-a84d-902c910a88ab","metadata":{"sessionId":"ccc6f0e3-896d-43b6-b0c7-25aa90978b5b"}}
{"eventId":"8134d4bd-db25-4366-b00e-84499cf2a45b","eventType":"auth.logout.success","timestamp":"2025-12-02T17:11:27.893Z","outcome":"success","userId":"addc060d-418b-4552-986e-5f51ca434e11","email":"c38dec9afb893ebc","ipAddress":"unknown","userAgent":"unknown","requestId":"cc105656-1907-46a8-9419-17ba4bac4a9b","metadata":{"sessionId":"37439d9a-8d7c-4668-a8f9-6a2a3b290582"}}
{"eventId":"b7e0ce3c-30f3-4d1d-9013-3b61e1420dc2","eventType":"auth.logout.success","timestamp":"2025-12-02T17:11:27.894Z","outcome":"success","userId":"addc060d-418b-4552-986e-5f51ca434e11","email":"c38dec9afb893ebc","ipAddress":"unknown","userAgent":"unknown","requestId":"d2958e6b-00af-49b0-8445-827ac4b1f0e9","metadata":{"sessionId":"fb34c2e0-ab3e-4bee-a8eb-4372b99a3869"}}
{"eventId":"4ae552ad-e186-4013-89f9-dfec015398ae","eventType":"auth.logout.success","timestamp":"2025-12-02T17:11:27.913Z","outcome":"success","userId":"addc060d-418b-4552-986e-5f51ca434e11","email":"c38dec9afb893ebc","ipAddress":"unknown","userAgent":"unknown","requestId":"cff8d412-f82b-4009-b3c8-02e4a8469d28","metadata":{"sessionId":"5740997d-075b-4f7d-bf27-8da4500791f7"}}
{"eventId":"0daad26f-ee71-4d99-b3be-d333388abbf0","eventType":"auth.logout.success","timestamp":"2025-12-02T17:11:27.918Z","outcome":"success","userId":"addc060d-418b-4552-986e-5f51ca434e11","email":"c38dec9afb893ebc","ipAddress":"unknown","userAgent":"unknown","requestId":"ad08fd6e-9857-45cd-903f-e2f83f82c692","metadata":{"sessionId":"8435bd22-a48f-4f6d-9019-9cf22f07d30b"}}
{"eventId":"f97fc345-14ea-4df0-a3f8-db0158510e9f","eventType":"auth.logout.success","timestamp":"2025-12-02T17:11:27.921Z","outcome":"success","userId":"addc060d-418b-4552-986e-5f51ca434e11","email":"c38dec9afb893ebc","ipAddress":"unknown","userAgent":"unknown","requestId":"7100b06a-8c63-4dc9-b5f1-315ac0a02b34","metadata":{"sessionId":"59885919-6894-4b8f-be41-f6ff4a6688b7"}}
{"eventId":"44d37baf-caa6-4ce8-a9ff-6eee91fbeb13","eventType":"auth.logout.success","timestamp":"2025-12-02T17:11:27.922Z","outcome":"success","userId":"addc060d-418b-4552-986e-5f51ca434e11","email":"c38dec9afb893ebc","ipAddress":"unknown","userAgent":"unknown","requestId":"d885c8f0-2c31-44b1-8d7f-820ab21c2860","metadata":{"sessionId":"28fd64a4-c2ba-4488-9771-c96cdf545eaa"}}
{"eventId":"ff7a8b40-72e0-4839-accd-fe5e5c36e1e4","eventType":"auth.logout.success","timestamp":"2025-12-02T17:11:27.924Z","outcome":"success","userId":"addc060d-418b-4552-986e-5f51ca434e11","email":"c38dec9afb893ebc","ipAddress":"unknown","userAgent":"unknown","requestId":"fb794348-d44c-4999-af6b-6ccfbeede8c0","metadata":{"sessionId":"c67cdd0a-987e-4ac3-94b0-fa871c416db3"}}
{"eventId":"5af5f1fc-9c2b-4d48-aff3-6ad52fc8da6b","eventType":"auth.logout.success","timestamp":"2025-12-02T17:11:27.925Z","outcome":"success","userId":"addc060d-418b-4552-986e-5f51ca434e11","email":"c38dec9afb893ebc","ipAddress":"unknown","userAgent":"unknown","requestId":"e429bd5b-e7e9-4357-907c-4871daec5730","metadata":{"sessionId":"787a8e65-bbee-423f-beca-8ad7d6e50712"}}
{"eventId":"159dc358-d0d9-41ed-a3e5-c54a72ab8ec5","eventType":"auth.logout.success","timestamp":"2025-12-02T17:11:27.936Z","outcome":"success","userId":"addc060d-418b-4552-986e-5f51ca434e11","email":"c38dec9afb893ebc","ipAddress":"unknown","userAgent":"unknown","requestId":"0557f48b-f95f-46a3-98e6-0ee8f5af4c01","metadata":{"sessionId":"7191ac5b-1ca4-4604-8081-64a8bb0e3139"}}
{"eventId":"f2a3c53a-fbc5-416a-bae9-6f07333699ca","eventType":"auth.logout.success","timestamp":"2025-12-02T17:11:27.944Z","outcome":"success","userId":"addc060d-418b-4552-986e-5f51ca434e11","email":"c38dec9afb893ebc","ipAddress":"unknown","userAgent":"unknown","requestId":"ed25a1c9-0859-4f9b-88d0-976376bf1738","metadata":{"sessionId":"96e371a2-0f99-4ab2-a85a-8f0535e4fdc5"}}
{"eventId":"11fe1554-1a92-4616-bfba-0fc80a639abd","eventType":"auth.logout.success","timestamp":"2025-12-02T17:11:27.953Z","outcome":"success","userId":"addc060d-418b-4552-986e-5f51ca434e11","email":"c38dec9afb893ebc","ipAddress":"unknown","userAgent":"unknown","requestId":"b761aa07-5d88-438f-ad13-966d453ea23f","metadata":{"sessionId":"b74e1d20-4aa6-42a8-8343-9960fe21da5e"}}
{"eventId":"775ad522-1854-458c-8f3f-6300f5396843","eventType":"auth.logout.success","timestamp":"2025-12-02T17:11:27.954Z","outcome":"success","userId":"addc060d-418b-4552-986e-5f51ca434e11","email":"c38dec9afb893ebc","ipAddress":"unknown","userAgent":"unknown","requestId":"07ffe1ae-006a-4322-ace5-6cb11a207531","metadata":{"sessionId":"8c04d404-0e05-4d58-8fa2-c85c685bd7e1"}}
{"eventId":"4c8de970-ef2d-45a5-9c3d-cd47362c0d8c","eventType":"auth.logout.success","timestamp":"2025-12-02T17:11:27.959Z","outcome":"success","userId":"addc060d-418b-4552-986e-5f51ca434e11","email":"c38dec9afb893ebc","ipAddress":"unknown","userAgent":"unknown","requestId":"4af3a3e0-976f-4ae7-95bd-c917c0b4df2c","metadata":{"sessionId":"5464dbcf-23c2-40e7-a2ba-c238a0f67210"}}
{"eventId":"28e52a33-99ee-4ea1-b708-ec910368be53","eventType":"auth.logout.success","timestamp":"2025-12-02T17:11:27.960Z","outcome":"success","userId":"addc060d-418b-4552-986e-5f51ca434e11","email":"c38dec9afb893ebc","ipAddress":"unknown","userAgent":"unknown","requestId":"0df2b27b-274f-49ec-be33-12d2c64b8c92","metadata":{"sessionId":"63a2446c-e1a9-4922-a826-7432ba4a64a9"}}
{"eventId":"3f40f520-6316-4331-843e-0f815d8308c3","eventType":"auth.logout.success","timestamp":"2025-12-02T17:11:28.029Z","outcome":"success","userId":"addc060d-418b-4552-986e-5f51ca434e11","email":"c38dec9afb893ebc","ipAddress":"unknown","userAgent":"unknown","requestId":"ea657e86-6130-42fd-a73c-e797e9025139","metadata":{"sessionId":"eee9fcaf-178e-4745-a7d6-7607b939c3c2"}}
{"eventId":"46ace7cc-d043-45ba-8170-e5cb16f0809b","eventType":"auth.logout.success","timestamp":"2025-12-02T17:11:28.031Z","outcome":"success","userId":"addc060d-418b-4552-986e-5f51ca434e11","email":"c38dec9afb893ebc","ipAddress":"unknown","userAgent":"unknown","requestId":"2bc0e003-3b31-46fd-b559-a188f8ab9d0d","metadata":{"sessionId":"8a9407c3-fc0b-4e0f-a119-bbe11ebad079"}}
{"eventId":"57eb89f6-b4e3-43b1-a5b8-b901c93593a0","eventType":"auth.logout.success","timestamp":"2025-12-02T17:11:28.033Z","outcome":"success","userId":"addc060d-418b-4552-986e-5f51ca434e11","email":"c38dec9afb893ebc","ipAddress":"unknown","userAgent":"unknown","requestId":"a9a912bc-b387-4d98-95a7-70c60e32c14c","metadata":{"sessionId":"828a380e-21b4-485a-bea3-d897b99d8253"}}
{"eventId":"f61650a0-ead3-4805-a9e2-b4ca529a5e74","eventType":"auth.logout.success","timestamp":"2025-12-02T17:11:28.034Z","outcome":"success","userId":"addc060d-418b-4552-986e-5f51ca434e11","email":"c38dec9afb893ebc","ipAddress":"unknown","userAgent":"unknown","requestId":"89f34298-c713-41f0-a4d9-6d4d2953a827","metadata":{"sessionId":"23379e76-cf29-4056-90c4-9e5ef9896e52"}}
{"eventId":"4079124d-9173-4943-9885-b6652df0c7f1","eventType":"auth.logout.success","timestamp":"2025-12-02T17:11:28.035Z","outcome":"success","userId":"addc060d-418b-4552-986e-5f51ca434e11","email":"c38dec9afb893ebc","ipAddress":"unknown","userAgent":"unknown","requestId":"67f35d00-5b7f-434d-b083-b60e65236db5","metadata":{"sessionId":"860e405f-cb0c-43ea-a08a-d7251ec3dd8e"}}
{"eventId":"ac324637-1e47-4a1d-ad4d-a7008d46927a","eventType":"auth.logout.success","timestamp":"2025-12-02T17:11:28.037Z","outcome":"success","userId":"addc060d-418b-4552-986e-5f51ca434e11","email":"c38dec9afb893ebc","ipAddress":"unknown","userAgent":"unknown","requestId":"b9204f35-744e-4640-aafa-845050531f92","metadata":{"sessionId":"fd0346e8-c286-40fa-a052-5c58dd4efcc6"}}
{"eventId":"a3651264-417d-4143-8449-e4c21250423c","eventType":"auth.logout.success","timestamp":"2025-12-02T17:11:28.038Z","outcome":"success","userId":"addc060d-418b-4552-986e-5f51ca434e11","email":"c38dec9afb893ebc","ipAddress":"unknown","userAgent":"unknown","requestId":"d1b7e395-b272-4b3b-8ca6-e4df6cee59ea","metadata":{"sessionId":"9307bef2-223f-4d32-a1ed-322c1ae1b794"}}
{"eventId":"adbe7bef-00e8-40d8-b7fb-782692b6ad68","eventType":"auth.logout.success","timestamp":"2025-12-02T17:11:28.039Z","outcome":"success","userId":"addc060d-418b-4552-986e-5f51ca434e11","email":"c38dec9afb893ebc","ipAddress":"unknown","userAgent":"unknown","requestId":"fb509227-5af7-4f8b-9c50-b56216fc69a7","metadata":{"sessionId":"48cb1b31-3ad7-478e-bccc-6947017c841f"}}
{"eventId":"2d4b0ad6-25d0-4444-8c78-39983139192c","eventType":"auth.logout.success","timestamp":"2025-12-02T17:11:28.040Z","outcome":"success","userId":"addc060d-418b-4552-986e-5f51ca434e11","email":"c38dec9afb893ebc","ipAddress":"unknown","userAgent":"unknown","requestId":"9bffe44e-c09a-416b-b811-1c459302ac78","metadata":{"sessionId":"0220d46c-3494-4c81-9cb1-19e87e92de4f"}}
{"eventId":"73a99fdd-3e48-435d-845f-3468ed8009f5","eventType":"auth.logout.success","timestamp":"2025-12-02T17:11:28.057Z","outcome":"success","userId":"addc060d-418b-4552-986e-5f51ca434e11","email":"c38dec9afb893ebc","ipAddress":"unknown","userAgent":"unknown","requestId":"321db602-1e43-467c-9328-72576adbc7ec","metadata":{"sessionId":"6b920d8c-a776-4049-b764-67e1fb30260f"}}
{"eventId":"032e0619-1145-4d4b-845f-dede641ef06b","eventType":"auth.logout.success","timestamp":"2025-12-02T17:11:28.065Z","outcome":"success","userId":"addc060d-418b-4552-986e-5f51ca434e11","email":"c38dec9afb893ebc","ipAddress":"unknown","userAgent":"unknown","requestId":"b8e9c575-b660-4d1c-bb94-a2bec68f25c3","metadata":{"sessionId":"054d3931-f780-4ee3-a4f7-dd1be79397e7"}}
{"eventId":"69177250-ecff-46ee-84ce-137ed6515022","eventType":"auth.logout.success","timestamp":"2025-12-02T17:11:28.066Z","outcome":"success","userId":"addc060d-418b-4552-986e-5f51ca434e11","email":"c38dec9afb893ebc","ipAddress":"unknown","userAgent":"unknown","requestId":"d0442860-bf1b-4d37-935f-a60bc8c6b339","metadata":{"sessionId":"c7e7d875-3822-4d46-bca4-d424a9e5d4f0"}}
{"eventId":"48056e77-710d-4268-934b-f7e36c5a2e9f","eventType":"auth.logout.success","timestamp":"2025-12-02T17:11:28.067Z","outcome":"success","userId":"addc060d-418b-4552-986e-5f51ca434e11","email":"c38dec9afb893ebc","ipAddress":"unknown","userAgent":"unknown","requestId":"9e74b453-19e0-456a-965e-cc29d498e9ba","metadata":{"sessionId":"688f0493-2db2-42b3-aa45-bcf1f97799cf"}}
{"eventId":"7043a9ec-9383-450a-93dc-c077c8ac3b60","eventType":"auth.logout.success","timestamp":"2025-12-02T17:11:28.080Z","outcome":"success","userId":"addc060d-418b-4552-986e-5f51ca434e11","email":"c38dec9afb893ebc","ipAddress":"unknown","userAgent":"unknown","requestId":"0abaca28-c0d5-4b77-8e56-858d7a7cd83d","metadata":{"sessionId":"d4e6fe2f-d1f9-4985-b89a-59ed67d8785e"}}
{"eventId":"00ab0915-d348-4f68-b61f-eccf2d4a6b8b","eventType":"auth.logout.success","timestamp":"2025-12-02T17:11:28.082Z","outcome":"success","userId":"addc060d-418b-4552-986e-5f51ca434e11","email":"c38dec9afb893ebc","ipAddress":"unknown","userAgent":"unknown","requestId":"d978fb45-5291-44e2-81e1-2ed95e2f1574","metadata":{"sessionId":"a752384b-a5fd-48e5-bdf1-e7c96d255e6d"}}
{"eventId":"27770a5a-d72f-439c-93ad-42e4decbc1cc","eventType":"auth.logout.success","timestamp":"2025-12-02T17:11:28.084Z","outcome":"success","userId":"addc060d-418b-4552-986e-5f51ca434e11","email":"c38dec9afb893ebc","ipAddress":"unknown","userAgent":"unknown","requestId":"f13534c9-5d26-43e7-b0ef-1e95f280dda0","metadata":{"sessionId":"1d5a7e36-7089-41eb-b961-c0fe8b717e61"}}
{"eventId":"e527a79c-48c2-4f26-91bd-c4e4010c1f20","eventType":"auth.logout.success","timestamp":"2025-12-02T17:11:28.085Z","outcome":"success","userId":"addc060d-418b-4552-986e-5f51ca434e11","email":"c38dec9afb893ebc","ipAddress":"unknown","userAgent":"unknown","requestId":"d39e2244-1fe0-4be8-bca9-1f9c70485b85","metadata":{"sessionId":"76a82f3e-7a1c-4287-a38e-91e43f715bc4"}}
{"eventId":"a73c2f6a-e4fd-4246-a6f3-cbf93a046124","eventType":"auth.logout.success","timestamp":"2025-12-02T17:11:28.086Z","outcome":"success","userId":"addc060d-418b-4552-986e-5f51ca434e11","email":"c38dec9afb893ebc","ipAddress":"unknown","userAgent":"unknown","requestId":"bd2e3ede-f2c8-4cfd-b7d6-51ad30512bf0","metadata":{"sessionId":"ef384a65-73db-4235-9ebe-2b852113a8fa"}}
{"eventId":"840ae487-e677-4dac-a1e3-44411a56a556","eventType":"auth.logout.success","timestamp":"2025-12-02T17:11:28.087Z","outcome":"success","userId":"addc060d-418b-4552-986e-5f51ca434e11","email":"c38dec9afb893ebc","ipAddress":"unknown","userAgent":"unknown","requestId":"6b6a1a27-98b5-4c7a-a7cd-f0bb09b1f389","metadata":{"sessionId":"dd30fe4e-0b10-4b22-a5c0-157b96d41215"}}
{"eventId":"df391743-97e9-4ac6-9fcf-95b787d63d09","eventType":"auth.logout.success","timestamp":"2025-12-02T17:11:28.113Z","outcome":"success","userId":"addc060d-418b-4552-986e-5f51ca434e11","email":"c38dec9afb893ebc","ipAddress":"unknown","userAgent":"unknown","requestId":"36750315-e4fc-4842-8a25-0072ed659456","metadata":{"sessionId":"b59dd561-e3e1-4fe3-b118-1709d28f483a"}}
{"eventId":"dcf55989-c8c8-4b0d-8d10-1f4cd0f24baa","eventType":"auth.logout.success","timestamp":"2025-12-02T17:11:28.125Z","outcome":"success","userId":"addc060d-418b-4552-986e-5f51ca434e11","email":"c38dec9afb893ebc","ipAddress":"unknown","userAgent":"unknown","requestId":"2cc28b6b-4119-45c9-8878-45842a56fb72","metadata":{"sessionId":"af8e02c7-9c32-4e5d-82d4-3aa82c40dfdd"}}
{"eventId":"fe99e1d1-7ad9-44a1-9884-1c8cbba65458","eventType":"auth.logout.success","timestamp":"2025-12-02T17:11:28.156Z","outcome":"success","userId":"addc060d-418b-4552-986e-5f51ca434e11","email":"c38dec9afb893ebc","ipAddress":"unknown","userAgent":"unknown","requestId":"3b4eba8a-40a1-4434-a88c-8d639596c179","metadata":{"sessionId":"40897a98-3b50-49a5-88ac-9b938264833d"}}
{"eventId":"13c0372d-452b-47c9-a97b-bdff288f9a70","eventType":"auth.logout.success","timestamp":"2025-12-02T17:11:28.174Z","outcome":"success","userId":"addc060d-418b-4552-986e-5f51ca434e11","email":"c38dec9afb893ebc","ipAddress":"unknown","userAgent":"unknown","requestId":"19adecdf-fae3-4299-95b0-838629e9c647","metadata":{"sessionId":"d91293f0-f59a-4ec1-8bc7-6721e8e5b306"}}
{"eventId":"d7a9ebea-3e66-4737-9de0-a2f0aeb188bd","eventType":"auth.logout.success","timestamp":"2025-12-02T17:11:28.177Z","outcome":"success","userId":"addc060d-418b-4552-986e-5f51ca434e11","email":"c38dec9afb893ebc","ipAddress":"unknown","userAgent":"unknown","requestId":"67ef30e2-6de8-4a91-b176-019904d51f80","metadata":{"sessionId":"e52dde87-e25c-4c2b-b05f-d0598d27f81d"}}
{"eventId":"1a117c62-e87c-4d09-8ace-2c1fd0200c9c","eventType":"auth.logout.success","timestamp":"2025-12-02T17:11:28.179Z","outcome":"success","userId":"addc060d-418b-4552-986e-5f51ca434e11","email":"c38dec9afb893ebc","ipAddress":"unknown","userAgent":"unknown","requestId":"e6677840-1569-41ff-9c7a-52f9ea6a0c30","metadata":{"sessionId":"c66a0663-50ed-40a5-b56b-def0192dd13e"}}
{"eventId":"d2c2621c-3778-4cc0-8f4a-91c2b1c41033","eventType":"auth.logout.success","timestamp":"2025-12-02T17:11:28.181Z","outcome":"success","userId":"addc060d-418b-4552-986e-5f51ca434e11","email":"c38dec9afb893ebc","ipAddress":"unknown","userAgent":"unknown","requestId":"5e4ea006-80a6-402d-9f35-adcdc568943c","metadata":{"sessionId":"b4cb4fa1-2eef-4014-b826-85448f2b5470"}}
{"eventId":"058b5a8e-0975-43fb-86ad-e7a393f034fe","eventType":"auth.logout.success","timestamp":"2025-12-02T17:11:28.182Z","outcome":"success","userId":"addc060d-418b-4552-986e-5f51ca434e11","email":"c38dec9afb893ebc","ipAddress":"unknown","userAgent":"unknown","requestId":"096e2ccc-10f8-4768-b304-a956a90d3c5e","metadata":{"sessionId":"101f14f1-6d0f-429b-9260-61e2da573fd8"}}
{"eventId":"e4f37a7f-b1dc-430c-bca7-6e6008e4c25c","eventType":"auth.logout.success","timestamp":"2025-12-02T17:11:28.183Z","outcome":"success","userId":"addc060d-418b-4552-986e-5f51ca434e11","email":"c38dec9afb893ebc","ipAddress":"unknown","userAgent":"unknown","requestId":"4ea0caff-660a-484a-a198-33ea71a16a80","metadata":{"sessionId":"a78194ac-ece3-473b-b376-29b6ab151937"}}
{"eventId":"1be5b5fc-7bcd-46bd-ac93-f7ccaabe97db","eventType":"auth.logout.success","timestamp":"2025-12-02T17:11:28.185Z","outcome":"success","userId":"addc060d-418b-4552-986e-5f51ca434e11","email":"c38dec9afb893ebc","ipAddress":"unknown","userAgent":"unknown","requestId":"314eb057-7814-410d-a457-3cba66bf90d6","metadata":{"sessionId":"8b6fcca0-e8ff-479e-9c16-1d31412f270f"}}
{"eventId":"872b2115-d0c7-4b74-ab7f-3fd1625f79cc","eventType":"auth.logout.success","timestamp":"2025-12-02T17:11:28.187Z","outcome":"success","userId":"addc060d-418b-4552-986e-5f51ca434e11","email":"c38dec9afb893ebc","ipAddress":"unknown","userAgent":"unknown","requestId":"779b2b5e-00df-4d78-b186-a90797f20902","metadata":{"sessionId":"6f299175-5588-4fa0-a0e8-6e4b3fb78927"}}
{"eventId":"d11f971c-91d7-4817-95d0-64f0e0f5a85c","eventType":"auth.logout.success","timestamp":"2025-12-02T17:11:28.188Z","outcome":"success","userId":"addc060d-418b-4552-986e-5f51ca434e11","email":"c38dec9afb893ebc","ipAddress":"unknown","userAgent":"unknown","requestId":"39e6a042-1998-4833-b359-47d7682aca3b","metadata":{"sessionId":"b085e35b-1c62-42c9-bf5c-6acfef25df2c"}}
{"eventId":"9c650308-a0bb-4d34-a120-ebe21049b96d","eventType":"auth.logout.success","timestamp":"2025-12-02T17:11:28.190Z","outcome":"success","userId":"addc060d-418b-4552-986e-5f51ca434e11","email":"c38dec9afb893ebc","ipAddress":"unknown","userAgent":"unknown","requestId":"5de3d62e-8129-4ecd-9e0d-359b4c0f6531","metadata":{"sessionId":"ffa477f3-8c10-40ef-9854-3a16211753b1"}}
{"eventId":"397f76ea-1bd1-4326-b2ca-ba79c8c262f2","eventType":"auth.logout.success","timestamp":"2025-12-02T17:11:28.191Z","outcome":"success","userId":"addc060d-418b-4552-986e-5f51ca434e11","email":"c38dec9afb893ebc","ipAddress":"unknown","userAgent":"unknown","requestId":"6876cdcf-5830-4464-8193-30f16e9df137","metadata":{"sessionId":"41914f81-316f-4a2e-b035-36454c53a4e3"}}
{"eventId":"bf555f4a-17c8-4270-b1ff-609040a9b5cf","eventType":"auth.logout.success","timestamp":"2025-12-02T17:11:28.192Z","outcome":"success","userId":"addc060d-418b-4552-986e-5f51ca434e11","email":"c38dec9afb893ebc","ipAddress":"unknown","userAgent":"unknown","requestId":"50a23d92-fe0c-46fd-a578-a974aa3b6fec","metadata":{"sessionId":"4b7776de-671a-48cb-9a8b-a750b39e897d"}}
{"eventId":"75f48e13-610b-4702-97f4-2c2640a6f0f8","eventType":"auth.logout.success","timestamp":"2025-12-02T17:11:28.193Z","outcome":"success","userId":"addc060d-418b-4552-986e-5f51ca434e11","email":"c38dec9afb893ebc","ipAddress":"unknown","userAgent":"unknown","requestId":"6e69a3f2-4c6f-44bf-901c-b7d65fce483c","metadata":{"sessionId":"6ec49d94-5462-4ecd-bc28-f98d147639b7"}}
{"eventId":"fe182718-a43c-4cc0-9010-c89fd1370f31","eventType":"auth.logout.success","timestamp":"2025-12-02T17:11:28.195Z","outcome":"success","userId":"addc060d-418b-4552-986e-5f51ca434e11","email":"c38dec9afb893ebc","ipAddress":"unknown","userAgent":"unknown","requestId":"e7d4bbd9-e6f6-45c9-b629-20b1e900e1e4","metadata":{"sessionId":"1f346d11-7cf2-41b0-b1d7-81c889371b8c"}}
{"eventId":"16c7a69a-0a87-446b-96af-47993ae0edb3","eventType":"auth.logout.success","timestamp":"2025-12-02T17:11:28.196Z","outcome":"success","userId":"addc060d-418b-4552-986e-5f51ca434e11","email":"c38dec9afb893ebc","ipAddress":"unknown","userAgent":"unknown","requestId":"8c733682-ae1f-4aca-9af8-8da6d9802c61","metadata":{"sessionId":"4776b210-065d-4b9b-959a-342993fde4fc"}}
{"eventId":"bc70a962-2ddb-4445-9687-e637dbb88d8e","eventType":"auth.logout.success","timestamp":"2025-12-02T17:11:28.260Z","outcome":"success","userId":"addc060d-418b-4552-986e-5f51ca434e11","email":"c38dec9afb893ebc","ipAddress":"unknown","userAgent":"unknown","requestId":"df81f8cd-0d1a-4700-9aca-51d2d071f6ba","metadata":{"sessionId":"b04938eb-fab1-4fbe-b215-91b406b2f5c9"}}
{"eventId":"91c6b791-c778-4330-a7d0-17c482810a29","eventType":"auth.logout.success","timestamp":"2025-12-02T17:11:28.266Z","outcome":"success","userId":"addc060d-418b-4552-986e-5f51ca434e11","email":"c38dec9afb893ebc","ipAddress":"unknown","userAgent":"unknown","requestId":"54a3b327-bc09-4af2-a2a1-79118bb6e07f","metadata":{"sessionId":"8f383af2-47d5-470f-949c-4917d5fbe406"}}
{"eventId":"cab7f440-ce3b-4615-a8d7-91a625687274","eventType":"auth.logout.success","timestamp":"2025-12-02T17:11:28.267Z","outcome":"success","userId":"addc060d-418b-4552-986e-5f51ca434e11","email":"c38dec9afb893ebc","ipAddress":"unknown","userAgent":"unknown","requestId":"eb9fca09-16c8-46e6-b0fa-0c8b9e50085f","metadata":{"sessionId":"05b8233b-9ca3-4f45-b0e5-4d11c1ffae50"}}
{"eventId":"f7eca898-a262-4453-a0d4-8e8a623aaeba","eventType":"auth.logout.success","timestamp":"2025-12-02T17:11:28.269Z","outcome":"success","userId":"addc060d-418b-4552-986e-5f51ca434e11","email":"c38dec9afb893ebc","ipAddress":"unknown","userAgent":"unknown","requestId":"a3ad3d6a-d41b-46f1-9dec-4004dc457e4d","metadata":{"sessionId":"c0d71a97-d4a1-4acb-821f-792785e857ee"}}
{"eventId":"7e63ef8e-88b1-48d7-8b64-8250ebe3ec14","eventType":"auth.logout.success","timestamp":"2025-12-02T17:11:28.271Z","outcome":"success","userId":"addc060d-418b-4552-986e-5f51ca434e11","email":"c38dec9afb893ebc","ipAddress":"unknown","userAgent":"unknown","requestId":"6a98cfb3-fe61-4a45-bddf-e482ffa60b9b","metadata":{"sessionId":"f87215f8-507f-423b-ac7a-de68c9dd1a9e"}}
{"eventId":"f06a4d6a-d75f-4891-98f7-cdb08dad9b5d","eventType":"auth.logout.success","timestamp":"2025-12-02T17:11:28.272Z","outcome":"success","userId":"addc060d-418b-4552-986e-5f51ca434e11","email":"c38dec9afb893ebc","ipAddress":"unknown","userAgent":"unknown","requestId":"e24f3d5b-170a-4e7d-9d82-2a471f64dcb6","metadata":{"sessionId":"b48101da-5ec2-4ab3-90e9-0d2bf8ce61d8"}}
{"eventId":"3946f34b-d050-44ce-9c89-f7e63b362f9f","eventType":"auth.logout.success","timestamp":"2025-12-02T17:11:28.273Z","outcome":"success","userId":"addc060d-418b-4552-986e-5f51ca434e11","email":"c38dec9afb893ebc","ipAddress":"unknown","userAgent":"unknown","requestId":"6f2c72f4-be4e-4c49-b0cc-896a88dc6182","metadata":{"sessionId":"57c9083f-4b6d-4bfe-961d-ab9a1f3e14d3"}}
{"eventId":"23c01c35-272f-4cf2-8ee9-7ea9f20ece92","eventType":"auth.logout.success","timestamp":"2025-12-02T17:11:28.275Z","outcome":"success","userId":"addc060d-418b-4552-986e-5f51ca434e11","email":"c38dec9afb893ebc","ipAddress":"unknown","userAgent":"unknown","requestId":"4e88a150-9b1c-41c9-9003-9021e4e7e4f3","metadata":{"sessionId":"079afcb2-327f-42d2-877a-5ab95e2069c2"}}
{"eventId":"c2852ab7-9d3c-451d-8a7f-010b04fb5112","eventType":"auth.logout.success","timestamp":"2025-12-02T17:11:28.277Z","outcome":"success","userId":"addc060d-418b-4552-986e-5f51ca434e11","email":"c38dec9afb893ebc","ipAddress":"unknown","userAgent":"unknown","requestId":"22a6356b-2cc8-4d80-9cfc-c056a60be1e1","metadata":{"sessionId":"bce9aa11-7980-490c-80c4-527bb4e2632e"}}
{"eventId":"15a9ec42-17c8-423d-bd4c-5b13c4265f13","eventType":"auth.logout.success","timestamp":"2025-12-02T17:11:28.280Z","outcome":"success","userId":"addc060d-418b-4552-986e-5f51ca434e11","email":"c38dec9afb893ebc","ipAddress":"unknown","userAgent":"unknown","requestId":"d8ae7fc2-cdd7-4693-a970-420f0849b3ce","metadata":{"sessionId":"16de6a12-2d50-4041-ab2d-b8deb1104a2f"}}
{"eventId":"e2156fde-6139-40e6-a2d6-09f18d804bc7","eventType":"auth.logout.success","timestamp":"2025-12-02T17:11:28.281Z","outcome":"success","userId":"addc060d-418b-4552-986e-5f51ca434e11","email":"c38dec9afb893ebc","ipAddress":"unknown","userAgent":"unknown","requestId":"9e2106b1-8423-4a78-af06-010e8ea1b92b","metadata":{"sessionId":"616dfc37-ef02-470d-97d2-64f6d1e67b9b"}}
{"eventId":"0db9025f-5dac-4540-98b4-7d4bceb88aad","eventType":"auth.logout.success","timestamp":"2025-12-02T17:11:28.283Z","outcome":"success","userId":"addc060d-418b-4552-986e-5f51ca434e11","email":"c38dec9afb893ebc","ipAddress":"unknown","userAgent":"unknown","requestId":"5565e3db-6e98-4275-a5d1-213b7221e900","metadata":{"sessionId":"d98c0f73-16d4-4f67-b0fb-352f94708578"}}
{"eventId":"c34e32a9-1dd7-4c19-85b0-b241ec859ec9","eventType":"auth.logout.success","timestamp":"2025-12-02T17:11:28.284Z","outcome":"success","userId":"addc060d-418b-4552-986e-5f51ca434e11","email":"c38dec9afb893ebc","ipAddress":"unknown","userAgent":"unknown","requestId":"c79e5448-14d4-450f-8d69-5559482b473d","metadata":{"sessionId":"bf55c44c-a310-4a87-9734-d167328dc6ac"}}
{"eventId":"eac4ae4b-92af-424d-b752-56719dc2da53","eventType":"auth.logout.success","timestamp":"2025-12-02T17:11:28.286Z","outcome":"success","userId":"addc060d-418b-4552-986e-5f51ca434e11","email":"c38dec9afb893ebc","ipAddress":"unknown","userAgent":"unknown","requestId":"21aca056-e347-49c7-96c3-06bae49b7833","metadata":{"sessionId":"684b6995-bf64-4600-8736-1f0e127fd6a5"}}
{"eventId":"96cfb3e2-7c86-4b86-8052-2ee5cb3a5a04","eventType":"auth.logout.success","timestamp":"2025-12-02T17:11:28.287Z","outcome":"success","userId":"addc060d-418b-4552-986e-5f51ca434e11","email":"c38dec9afb893ebc","ipAddress":"unknown","userAgent":"unknown","requestId":"ff273717-9b69-4a3a-a9e6-4839f072aed1","metadata":{"sessionId":"3a94baff-dab5-453e-b251-71bc43e03d34"}}
{"eventId":"c116d16f-cb80-4391-9888-55e5596ae10b","eventType":"auth.logout.success","timestamp":"2025-12-02T17:11:28.288Z","outcome":"success","userId":"addc060d-418b-4552-986e-5f51ca434e11","email":"c38dec9afb893ebc","ipAddress":"unknown","userAgent":"unknown","requestId":"90e78a04-0137-4403-9105-53f4b6a25951","metadata":{"sessionId":"47aa0469-8598-4e1c-a4bc-fddc8df4119d"}}
{"eventId":"6e26d9ba-9d2c-4280-8c64-86ea6e4033a6","eventType":"auth.logout.success","timestamp":"2025-12-02T17:11:28.290Z","outcome":"success","userId":"addc060d-418b-4552-986e-5f51ca434e11","email":"c38dec9afb893ebc","ipAddress":"unknown","userAgent":"unknown","requestId":"f05b3ab5-d7b9-41eb-a3c0-355dd00068f0","metadata":{"sessionId":"7b6081fd-1d6f-4e4e-8509-495176f60db4"}}
{"eventId":"89ca8af7-04c7-48af-956d-1c5ff9979816","eventType":"auth.logout.success","timestamp":"2025-12-02T17:11:28.291Z","outcome":"success","userId":"addc060d-418b-4552-986e-5f51ca434e11","email":"c38dec9afb893ebc","ipAddress":"unknown","userAgent":"unknown","requestId":"72549961-6528-4d2c-9eae-b8d9d357d02a","metadata":{"sessionId":"93040d87-7cbc-4298-af41-e5e61a9869f8"}}
{"eventId":"6fb67e1f-8d74-4527-9016-49632ee35f19","eventType":"auth.logout.success","timestamp":"2025-12-02T17:11:28.292Z","outcome":"success","userId":"addc060d-418b-4552-986e-5f51ca434e11","email":"c38dec9afb893ebc","ipAddress":"unknown","userAgent":"unknown","requestId":"2bca231f-ca5f-46f2-bd2c-29bc336d8538","metadata":{"sessionId":"2f8fa7f6-16a0-4d5d-84ee-542bb19fc6d6"}}
{"eventId":"4559a7d0-9c85-4093-b11b-293bc1cf3f8b","eventType":"auth.logout.success","timestamp":"2025-12-02T17:11:28.293Z","outcome":"success","userId":"addc060d-418b-4552-986e-5f51ca434e11","email":"c38dec9afb893ebc","ipAddress":"unknown","userAgent":"unknown","requestId":"4c6701a9-0f45-4484-a1c5-ea1d4ef11734","metadata":{"sessionId":"565dc428-7529-49d5-8a9e-d4db5b3fce24"}}
{"eventId":"b8a7e56d-25ab-4297-ac8f-98f9539e50f0","eventType":"auth.logout.success","timestamp":"2025-12-02T17:11:28.310Z","outcome":"success","userId":"addc060d-418b-4552-986e-5f51ca434e11","email":"c38dec9afb893ebc","ipAddress":"unknown","userAgent":"unknown","requestId":"af5eb91c-78a8-4464-a7ec-f3f8067b9284","metadata":{"sessionId":"2a41e5e7-58f5-4fc5-93a3-93b94241530a"}}
{"eventId":"03673a3d-9005-4962-b403-0db89bb9ac4c","eventType":"auth.logout.success","timestamp":"2025-12-02T17:11:28.314Z","outcome":"success","userId":"addc060d-418b-4552-986e-5f51ca434e11","email":"c38dec9afb893ebc","ipAddress":"unknown","userAgent":"unknown","requestId":"2d079138-84ea-454e-932a-d9f878dda661","metadata":{"sessionId":"45ff4206-475c-4b8d-b381-55ddf7e1a9e9"}}
{"eventId":"40b0a44d-204e-42ee-8a33-b3ac82907b29","eventType":"auth.logout.success","timestamp":"2025-12-02T17:11:28.316Z","outcome":"success","userId":"addc060d-418b-4552-986e-5f51ca434e11","email":"c38dec9afb893ebc","ipAddress":"unknown","userAgent":"unknown","requestId":"68c9c155-f28b-427b-bd1a-a469c9643f94","metadata":{"sessionId":"4ace9e35-385b-4d4b-8b6b-f84fcfaa2a0a"}}
{"eventId":"103ad81b-3315-4c9f-8f7e-2983f5bc496e","eventType":"auth.logout.success","timestamp":"2025-12-02T17:11:28.317Z","outcome":"success","userId":"addc060d-418b-4552-986e-5f51ca434e11","email":"c38dec9afb893ebc","ipAddress":"unknown","userAgent":"unknown","requestId":"029e4b34-5d2e-4ecf-af1d-2982ca1a51c9","metadata":{"sessionId":"cc643010-d072-48cb-8c4d-2de303d1eb61"}}
{"eventId":"dc6a96b3-01e2-4ac2-9880-fa400556df3b","eventType":"auth.logout.success","timestamp":"2025-12-02T17:11:28.319Z","outcome":"success","userId":"addc060d-418b-4552-986e-5f51ca434e11","email":"c38dec9afb893ebc","ipAddress":"unknown","userAgent":"unknown","requestId":"860edd92-1c09-4213-bacb-41623fe8c2ab","metadata":{"sessionId":"0395ed1f-e271-49da-9b42-151b055df924"}}
{"eventId":"3d485de6-93f4-4357-912b-91a8f16bc642","eventType":"auth.logout.success","timestamp":"2025-12-02T17:11:28.325Z","outcome":"success","userId":"addc060d-418b-4552-986e-5f51ca434e11","email":"c38dec9afb893ebc","ipAddress":"unknown","userAgent":"unknown","requestId":"0217934c-0c3a-4ad4-9068-7495a82b6806","metadata":{"sessionId":"d2b6ce8c-7e52-4211-a43c-7d70d0999403"}}
{"eventId":"1eed7367-03cd-44fd-9bda-00f6afe73719","eventType":"auth.logout.success","timestamp":"2025-12-02T17:11:28.331Z","outcome":"success","userId":"addc060d-418b-4552-986e-5f51ca434e11","email":"c38dec9afb893ebc","ipAddress":"unknown","userAgent":"unknown","requestId":"ad612d1d-9bfe-418f-bc92-e3fd12de9b7b","metadata":{"sessionId":"771e8114-bdf6-4162-963a-67980a242efd"}}
{"eventId":"777d27e7-1fa1-4993-ba80-107a4d638bc4","eventType":"auth.logout.success","timestamp":"2025-12-02T17:11:28.332Z","outcome":"success","userId":"addc060d-418b-4552-986e-5f51ca434e11","email":"c38dec9afb893ebc","ipAddress":"unknown","userAgent":"unknown","requestId":"6d1075b8-c0d1-45ed-9dbe-2e34c72f78d9","metadata":{"sessionId":"6d6be973-8824-4745-b162-238bcebfdf19"}}
{"eventId":"816654dd-e7a8-4179-ba61-5efad7792664","eventType":"auth.logout.success","timestamp":"2025-12-02T17:11:28.334Z","outcome":"success","userId":"addc060d-418b-4552-986e-5f51ca434e11","email":"c38dec9afb893ebc","ipAddress":"unknown","userAgent":"unknown","requestId":"e5a5993d-50cc-4620-9761-a5bd54f949e2","metadata":{"sessionId":"555f95cc-2492-45e8-9a2d-91ed180dc630"}}

 ✓ src/app/api/auth/logout/__tests__/logout.property.test.ts (6 tests) 4173ms
   ✓ POST /api/auth/logout - Property-Based Tests > Property 12: Sign-out invalidates session 1202ms
   ✓ POST /api/auth/logout - Property-Based Tests > Property 13: Sign-out preserves other sessions 1370ms
   ✓ POST /api/auth/logout - Property-Based Tests > Property 14: Sign-out logs event 802ms
stdout | src/app/api/auth/reset-password/__tests__/reset-password.property.test.ts > POST /api/auth/reset-password - Property-Based Tests > Property 17: Password reset invalidates all sessions
{"eventId":"d4682884-b634-4358-8c12-43f67a34cdfc","eventType":"auth.reset_password.success","timestamp":"2025-12-02T17:11:28.433Z","outcome":"success","ipAddress":"127.0.0.1","userAgent":"unknown","requestId":"3138df5b-4e65-4610-965a-07745eaae955","metadata":{"stage":"attempt"}}

stdout | src/server/auth/__tests__/rbac.test.ts > RBAC - Property-Based Tests > Property 18: Verified users receive default roles
[2025-12-02T17:11:28.438Z] [App] [INFO] rbac.assign_role.success {
  userId: '44b9bf31-70f4-42e2-8589-339663413bc9',
  role: 'TEAM_MEMBER',
  resourceType: 'team',
  resourceId: '3ba14c03-cc8d-4f45-9c3f-c8722a1fc128',
  roleId: '6aa59e12-ef41-4bad-bc5b-2c4c1c66b959'
}

stdout | src/app/api/auth/reset-password/__tests__/reset-password.property.test.ts > POST /api/auth/reset-password - Property-Based Tests > Property 17: Password reset invalidates all sessions
{"eventId":"91cdb0ab-d085-4c50-a78a-b58fbc23622f","eventType":"auth.reset_password.success","timestamp":"2025-12-02T17:11:28.650Z","outcome":"success","userId":"bfe9bbd0-5e99-441c-ba8a-00c8f8b1b240","email":"ef8f27429376ad0a","ipAddress":"127.0.0.1","userAgent":"unknown","requestId":"3138df5b-4e65-4610-965a-07745eaae955","metadata":{"tokenId":"7718b9e3-152b-4e1d-b45a-8c340474c65c","sessionsInvalidated":true}}

stdout | src/server/auth/__tests__/rbac.test.ts > RBAC - Property-Based Tests > Property 18: Verified users receive default roles
[2025-12-02T17:11:28.725Z] [App] [INFO] rbac.assign_role.success {
  userId: '95c73376-aa25-4e0a-b35b-a62ee86c66bc',
  role: 'TEAM_MEMBER',
  resourceType: 'team',
  resourceId: '482b4872-77eb-4d59-b6da-f03d2bc93e1f',
  roleId: '56c9e7b2-1ef5-4c88-968d-dbb80caafa4e'
}

stdout | src/server/auth/__tests__/rbac.test.ts > RBAC - Property-Based Tests > Property 18: Verified users receive default roles
[2025-12-02T17:11:29.389Z] [App] [INFO] rbac.assign_role.success {
  userId: '78b9f1fc-1e13-4fe9-b84d-30eadf498848',
  role: 'TEAM_MEMBER',
  resourceType: 'team',
  resourceId: 'cf754df2-52df-4d51-ac47-e833b65c7006',
  roleId: '40e31dc3-85e1-45f0-b662-bfdbe311b99f'
}

stdout | src/app/api/auth/reset-password/__tests__/reset-password.property.test.ts > POST /api/auth/reset-password - Property-Based Tests > Property 17: Password reset invalidates all sessions
{"eventId":"5647be8b-7e1e-46d0-b3a8-90f023edf13f","eventType":"auth.reset_password.success","timestamp":"2025-12-02T17:11:29.423Z","outcome":"success","ipAddress":"127.0.0.1","userAgent":"unknown","requestId":"0ad7d44f-6ba5-4361-ac83-9e71b57858a8","metadata":{"stage":"attempt"}}

stdout | src/app/api/auth/reset-password/__tests__/reset-password.property.test.ts > POST /api/auth/reset-password - Property-Based Tests > Property 17: Password reset invalidates all sessions
{"eventId":"f29acedf-67b8-4d5b-af8f-74ac131a2cbc","eventType":"auth.reset_password.success","timestamp":"2025-12-02T17:11:29.664Z","outcome":"success","userId":"bfe9bbd0-5e99-441c-ba8a-00c8f8b1b240","email":"ef8f27429376ad0a","ipAddress":"127.0.0.1","userAgent":"unknown","requestId":"0ad7d44f-6ba5-4361-ac83-9e71b57858a8","metadata":{"tokenId":"d9276a0c-b5f9-4699-893a-1d8973198c61","sessionsInvalidated":true}}

stdout | src/server/auth/__tests__/rbac.test.ts > RBAC - Property-Based Tests > Property 18: Verified users receive default roles
[2025-12-02T17:11:29.736Z] [App] [INFO] rbac.assign_role.success {
  userId: '2872af02-ec8f-426c-aa93-43954b979cc6',
  role: 'TEAM_MEMBER',
  resourceType: 'team',
  resourceId: 'c4f25d0f-071e-432e-8c35-6820c33dfcab',
  roleId: '830a21d1-7faf-4a27-a711-5b06c68f48a3'
}

stdout | src/server/auth/__tests__/rbac.test.ts > RBAC - Property-Based Tests > Property 18: Verified users receive default roles
[2025-12-02T17:11:29.874Z] [App] [INFO] rbac.assign_role.success {
  userId: '01319340-a92f-4c3c-9416-32034aceca7b',
  role: 'TEAM_MEMBER',
  resourceType: 'team',
  resourceId: '7259e11b-98b3-474c-89b6-d1683a2b90d3',
  roleId: '19c07eaa-d69d-4324-98a4-d1c49bd900fe'
}

stdout | src/server/auth/__tests__/rbac.test.ts > RBAC - Property-Based Tests > Property 18: Verified users receive default roles
[2025-12-02T17:11:30.031Z] [App] [INFO] rbac.assign_role.success {
  userId: '2f393230-761d-47a2-848b-6629005260e4',
  role: 'TEAM_MEMBER',
  resourceType: 'team',
  resourceId: 'fc5aa82e-15e5-4624-bf77-796627d92eba',
  roleId: '9595d542-fe77-4a79-be13-557d333a7dd7'
}

stdout | src/app/api/auth/reset-password/__tests__/reset-password.property.test.ts > POST /api/auth/reset-password - Property-Based Tests > Property 17: Password reset invalidates all sessions
{"eventId":"2b92ea53-a799-4947-a5d6-c8db50e36cfa","eventType":"auth.reset_password.success","timestamp":"2025-12-02T17:11:30.073Z","outcome":"success","ipAddress":"127.0.0.1","userAgent":"unknown","requestId":"78644a39-8b0a-4363-8114-d92d770b003b","metadata":{"stage":"attempt"}}

stdout | src/app/api/auth/reset-password/__tests__/reset-password.property.test.ts > POST /api/auth/reset-password - Property-Based Tests > Property 17: Password reset invalidates all sessions
{"eventId":"99acfb89-be47-4679-af4a-5188ca61bae1","eventType":"auth.reset_password.success","timestamp":"2025-12-02T17:11:30.289Z","outcome":"success","userId":"bfe9bbd0-5e99-441c-ba8a-00c8f8b1b240","email":"ef8f27429376ad0a","ipAddress":"127.0.0.1","userAgent":"unknown","requestId":"78644a39-8b0a-4363-8114-d92d770b003b","metadata":{"tokenId":"d3b2d2d0-a0ab-4cbe-bf3f-3ca516e61e9b","sessionsInvalidated":true}}

stdout | src/server/auth/__tests__/rbac.test.ts > RBAC - Property-Based Tests > Property 18: Verified users receive default roles
[2025-12-02T17:11:30.188Z] [App] [INFO] rbac.assign_role.success {
  userId: '96ce1f68-9902-4faa-af18-90caaadff56a',
  role: 'TEAM_MEMBER',
  resourceType: 'team',
  resourceId: '50bad002-0fd3-4e09-af1a-d83bddb5d4bc',
  roleId: '8dcf21f1-2193-407f-913c-731e82ffd2b7'
}

stdout | src/server/auth/__tests__/rbac.test.ts > RBAC - Property-Based Tests > Property: Role assignment is idempotent
[2025-12-02T17:11:30.624Z] [App] [INFO] rbac.assign_role.success {
  userId: 'eb93a9f8-1d2f-4486-91da-c1a9c6a716a8',
  role: 'TEAM_EDITOR',
  resourceType: 'team',
  resourceId: 'ac33f2db-d119-4738-90d2-28be1e3708ee',
  roleId: '076a6e76-01a7-4ab7-a486-3ed95ba7fb39'
}
[2025-12-02T17:11:30.625Z] [App] [INFO] rbac.update_billable_seats { teamId: 'ac33f2db-d119-4738-90d2-28be1e3708ee', billableSeats: 1 }
[2025-12-02T17:11:30.627Z] [App] [INFO] rbac.assign_role.already_exists {
  userId: 'eb93a9f8-1d2f-4486-91da-c1a9c6a716a8',
  role: 'TEAM_EDITOR',
  resourceType: 'team',
  resourceId: 'ac33f2db-d119-4738-90d2-28be1e3708ee'
}

stdout | src/app/api/auth/reset-password/__tests__/reset-password.property.test.ts > POST /api/auth/reset-password - Property-Based Tests > Property 17: Password reset invalidates all sessions
{"eventId":"e1198e3c-ee8d-46d1-81f5-fcdf45e34c47","eventType":"auth.reset_password.success","timestamp":"2025-12-02T17:11:30.674Z","outcome":"success","ipAddress":"127.0.0.1","userAgent":"unknown","requestId":"4e6658df-c5d5-44f6-83e2-cc8f5cd37db9","metadata":{"stage":"attempt"}}

 ✓ src/features/auth/components/__tests__/role-gate.test.tsx (6 tests) 1116ms
   ✓ RoleGate Component - Property-Based Tests > Property 31 (resource ID filtering): Resource ID filtering works correctly 378ms
stdout | src/server/auth/__tests__/rbac.test.ts > RBAC - Property-Based Tests > Property: Role assignment is idempotent
[2025-12-02T17:11:30.809Z] [App] [INFO] rbac.assign_role.success {
  userId: 'f33a54a0-269e-4340-b17e-01acb1c64398',
  role: 'TEAM_VIEWER',
  resourceType: 'team',
  resourceId: 'f816d660-247b-4807-862e-b27002ca7778',
  roleId: '82a44e1f-93f5-4bb1-8ae2-4c9f9fa7de97'
}
[2025-12-02T17:11:30.815Z] [App] [INFO] rbac.assign_role.already_exists {
  userId: 'f33a54a0-269e-4340-b17e-01acb1c64398',
  role: 'TEAM_VIEWER',
  resourceType: 'team',
  resourceId: 'f816d660-247b-4807-862e-b27002ca7778'
}

stdout | src/app/api/auth/reset-password/__tests__/reset-password.property.test.ts > POST /api/auth/reset-password - Property-Based Tests > Property 17: Password reset invalidates all sessions
{"eventId":"cc6acf24-0bbe-40c2-aa9d-f49885139113","eventType":"auth.reset_password.success","timestamp":"2025-12-02T17:11:30.853Z","outcome":"success","userId":"bfe9bbd0-5e99-441c-ba8a-00c8f8b1b240","email":"ef8f27429376ad0a","ipAddress":"127.0.0.1","userAgent":"unknown","requestId":"4e6658df-c5d5-44f6-83e2-cc8f5cd37db9","metadata":{"tokenId":"11ddf4c1-4990-4132-9e22-b8f4d2bad78f","sessionsInvalidated":true}}

stdout | src/server/auth/__tests__/rbac.test.ts > RBAC - Property-Based Tests > Property: Role assignment is idempotent
[2025-12-02T17:11:30.988Z] [App] [INFO] rbac.assign_role.success {
  userId: '584be274-2c2d-46e9-9c0e-1c71926d9db1',
  role: 'TEAM_EDITOR',
  resourceType: 'team',
  resourceId: 'b6eca89f-92b0-4d12-af8f-98c4530c6888',
  roleId: 'd23ff4d6-18a6-4dbf-bfc0-514f5f2d6cde'
}
[2025-12-02T17:11:30.990Z] [App] [INFO] rbac.update_billable_seats { teamId: 'b6eca89f-92b0-4d12-af8f-98c4530c6888', billableSeats: 1 }
[2025-12-02T17:11:30.991Z] [App] [INFO] rbac.assign_role.already_exists {
  userId: '584be274-2c2d-46e9-9c0e-1c71926d9db1',
  role: 'TEAM_EDITOR',
  resourceType: 'team',
  resourceId: 'b6eca89f-92b0-4d12-af8f-98c4530c6888'
}

stdout | src/server/auth/__tests__/rbac.test.ts > RBAC - Property-Based Tests > Property: Role assignment is idempotent
[2025-12-02T17:11:31.217Z] [App] [INFO] rbac.assign_role.success {
  userId: 'd2ac950b-4d63-4d40-bef8-be4979b3a17a',
  role: 'TEAM_OWNER',
  resourceType: 'team',
  resourceId: '9710789c-3785-4f51-a488-518977321062',
  roleId: 'a09f7fcc-75e9-42db-a246-f2219094708e'
}
[2025-12-02T17:11:31.219Z] [App] [INFO] rbac.assign_role.already_exists {
  userId: 'd2ac950b-4d63-4d40-bef8-be4979b3a17a',
  role: 'TEAM_OWNER',
  resourceType: 'team',
  resourceId: '9710789c-3785-4f51-a488-518977321062'
}

stdout | src/app/api/auth/reset-password/__tests__/reset-password.property.test.ts > POST /api/auth/reset-password - Property-Based Tests > Property 17: Password reset invalidates all sessions
{"eventId":"5e2485c2-f94b-482d-b4d6-825b422dc9a2","eventType":"auth.reset_password.success","timestamp":"2025-12-02T17:11:31.324Z","outcome":"success","ipAddress":"127.0.0.1","userAgent":"unknown","requestId":"3cb32dd8-06a7-4e9b-a807-c6558b86bb2e","metadata":{"stage":"attempt"}}

stdout | src/server/auth/__tests__/rbac.test.ts > RBAC - Property-Based Tests > Property: Role assignment is idempotent
[2025-12-02T17:11:31.427Z] [App] [INFO] rbac.assign_role.success {
  userId: '68cbc967-8b37-4eaf-87a8-e2c20a184843',
  role: 'TEAM_OWNER',
  resourceType: 'team',
  resourceId: '05eb5e08-5b53-461d-9a2a-4bab32f542cf',
  roleId: 'cfef1bc2-0d85-4629-aeed-c33c6e29b068'
}
[2025-12-02T17:11:31.429Z] [App] [INFO] rbac.assign_role.already_exists {
  userId: '68cbc967-8b37-4eaf-87a8-e2c20a184843',
  role: 'TEAM_OWNER',
  resourceType: 'team',
  resourceId: '05eb5e08-5b53-461d-9a2a-4bab32f542cf'
}

stdout | src/app/api/auth/reset-password/__tests__/reset-password.property.test.ts > POST /api/auth/reset-password - Property-Based Tests > Property 17: Password reset invalidates all sessions
{"eventId":"34c4d6f4-512b-4b0c-8e72-009a6d69b428","eventType":"auth.reset_password.success","timestamp":"2025-12-02T17:11:31.588Z","outcome":"success","userId":"bfe9bbd0-5e99-441c-ba8a-00c8f8b1b240","email":"ef8f27429376ad0a","ipAddress":"127.0.0.1","userAgent":"unknown","requestId":"3cb32dd8-06a7-4e9b-a807-c6558b86bb2e","metadata":{"tokenId":"e672fa0d-4e94-428b-a246-cd090dc42ad1","sessionsInvalidated":true}}

stdout | src/server/auth/__tests__/rbac.test.ts > RBAC - Property-Based Tests > Property: Role assignment is idempotent
[2025-12-02T17:11:31.841Z] [App] [INFO] rbac.assign_role.success {
  userId: '51bf0d6d-7334-4fb2-be03-f5d3ef84db87',
  role: 'TEAM_MEMBER',
  resourceType: 'team',
  resourceId: 'ff520525-f4b5-4117-9903-7ea788038899',
  roleId: '1a1a303f-c764-4295-888d-d9a8ce68af7e'
}
[2025-12-02T17:11:31.843Z] [App] [INFO] rbac.assign_role.already_exists {
  userId: '51bf0d6d-7334-4fb2-be03-f5d3ef84db87',
  role: 'TEAM_MEMBER',
  resourceType: 'team',
  resourceId: 'ff520525-f4b5-4117-9903-7ea788038899'
}

stdout | src/server/auth/__tests__/rbac.test.ts > RBAC - Property-Based Tests > Property: Role assignment is idempotent
[2025-12-02T17:11:32.059Z] [App] [INFO] rbac.assign_role.success {
  userId: '2fc27857-f3d2-4a90-a862-3f629c0f568d',
  role: 'TEAM_OWNER',
  resourceType: 'team',
  resourceId: 'dadf9c73-1aa3-48dc-95e0-46f768fee121',
  roleId: '081e7ea6-150b-4d38-89ac-063ca31d7b5c'
}
[2025-12-02T17:11:32.065Z] [App] [INFO] rbac.assign_role.already_exists {
  userId: '2fc27857-f3d2-4a90-a862-3f629c0f568d',
  role: 'TEAM_OWNER',
  resourceType: 'team',
  resourceId: 'dadf9c73-1aa3-48dc-95e0-46f768fee121'
}

stdout | src/app/api/auth/reset-password/__tests__/reset-password.property.test.ts > POST /api/auth/reset-password - Property-Based Tests > Property 17: Password reset invalidates all sessions
{"eventId":"57eb01e9-9d57-47f1-9b4e-2cf61dda97b9","eventType":"auth.reset_password.success","timestamp":"2025-12-02T17:11:32.081Z","outcome":"success","ipAddress":"127.0.0.1","userAgent":"unknown","requestId":"8d0777b5-6103-451d-a9aa-a658cd3ceffd","metadata":{"stage":"attempt"}}

stdout | src/app/api/auth/forgot-password/__tests__/forgot-password.property.test.ts > POST /api/auth/forgot-password - Property-Based Tests > Property 16: Password reset creates time-limited token
{"eventId":"9ba81421-13e4-40a2-81a7-b3090f8fe4a0","eventType":"auth.reset_password.request","timestamp":"2025-12-02T17:11:31.134Z","outcome":"success","email":"9c907b1dd80c096e","ipAddress":"127.0.0.1","userAgent":"unknown","requestId":"37d929d4-a408-4e8f-8f66-101c279c3b63"}
[2025-12-02T17:11:31.141Z] [App] [INFO] email.queued {
  jobId: '10d9c226-270a-4038-965c-229a463be376',
  userId: '45357368-b169-4748-9c2d-617f0c11ed08',
  tokenId: 'fd7dfe54-8c58-43b1-b7d0-ee7f6f01ee28',
  type: 'password_reset',
  to: 'test-forgot-1764695491103-9a77004f626f28@example.com'
}
{"eventId":"801f7f3c-3e50-4436-9c5f-53c881cd875b","eventType":"auth.reset_password.request","timestamp":"2025-12-02T17:11:31.141Z","outcome":"success","userId":"45357368-b169-4748-9c2d-617f0c11ed08","email":"9c907b1dd80c096e","ipAddress":"127.0.0.1","userAgent":"unknown","requestId":"37d929d4-a408-4e8f-8f66-101c279c3b63","metadata":{"tokenId":"fd7dfe54-8c58-43b1-b7d0-ee7f6f01ee28","tokenCreated":true}}
{"eventId":"1a73e5cb-d8aa-4ddb-afeb-60e7ca0492fa","eventType":"auth.reset_password.request","timestamp":"2025-12-02T17:11:31.171Z","outcome":"success","email":"9c907b1dd80c096e","ipAddress":"127.0.0.1","userAgent":"unknown","requestId":"bb2a1135-15b9-4e28-aa4e-5365200a5396"}
[2025-12-02T17:11:31.184Z] [App] [INFO] email.queued {
  jobId: 'cfbadeca-190f-464d-86b8-6dfd39097b04',
  userId: '45357368-b169-4748-9c2d-617f0c11ed08',
  tokenId: '0ed59071-061c-4dfd-8d50-a745506a7b29',
  type: 'password_reset',
  to: 'test-forgot-1764695491103-9a77004f626f28@example.com'
}
{"eventId":"b3af55da-32a1-43c5-9277-f57f030b0558","eventType":"auth.reset_password.request","timestamp":"2025-12-02T17:11:31.184Z","outcome":"success","userId":"45357368-b169-4748-9c2d-617f0c11ed08","email":"9c907b1dd80c096e","ipAddress":"127.0.0.1","userAgent":"unknown","requestId":"bb2a1135-15b9-4e28-aa4e-5365200a5396","metadata":{"tokenId":"0ed59071-061c-4dfd-8d50-a745506a7b29","tokenCreated":true}}
{"eventId":"6217879f-fff2-43ed-995e-90c3d4901c61","eventType":"auth.reset_password.request","timestamp":"2025-12-02T17:11:31.187Z","outcome":"success","email":"9c907b1dd80c096e","ipAddress":"127.0.0.1","userAgent":"unknown","requestId":"4a382552-4e57-4d88-ace9-b437123a58b0"}
[2025-12-02T17:11:31.192Z] [App] [INFO] email.queued {
  jobId: 'f0b25112-70d4-4d5b-afca-c3a1de5bd946',
  userId: '45357368-b169-4748-9c2d-617f0c11ed08',
  tokenId: 'e0a2ae97-52a2-4b37-adac-d22554164064',
  type: 'password_reset',
  to: 'test-forgot-1764695491103-9a77004f626f28@example.com'
}
{"eventId":"a53ff3b3-7bee-4f4a-87bb-8cf5a1ce878d","eventType":"auth.reset_password.request","timestamp":"2025-12-02T17:11:31.192Z","outcome":"success","userId":"45357368-b169-4748-9c2d-617f0c11ed08","email":"9c907b1dd80c096e","ipAddress":"127.0.0.1","userAgent":"unknown","requestId":"4a382552-4e57-4d88-ace9-b437123a58b0","metadata":{"tokenId":"e0a2ae97-52a2-4b37-adac-d22554164064","tokenCreated":true}}
{"eventId":"1e1efd18-9d88-41fb-9753-7a8fedef1bc0","eventType":"auth.reset_password.request","timestamp":"2025-12-02T17:11:31.194Z","outcome":"success","email":"9c907b1dd80c096e","ipAddress":"127.0.0.1","userAgent":"unknown","requestId":"2a3aead0-27e9-46dd-aed4-c66170c6397d"}
[2025-12-02T17:11:31.199Z] [App] [INFO] email.queued {
  jobId: '31d1f1d8-db42-4454-a180-6d3a29da92dd',
  userId: '45357368-b169-4748-9c2d-617f0c11ed08',
  tokenId: '433b4c18-ff10-4a67-8c08-24be3cd6d824',
  type: 'password_reset',
  to: 'test-forgot-1764695491103-9a77004f626f28@example.com'
}
{"eventId":"d7e9a559-598b-482b-b7ac-7dfd2f639f41","eventType":"auth.reset_password.request","timestamp":"2025-12-02T17:11:31.199Z","outcome":"success","userId":"45357368-b169-4748-9c2d-617f0c11ed08","email":"9c907b1dd80c096e","ipAddress":"127.0.0.1","userAgent":"unknown","requestId":"2a3aead0-27e9-46dd-aed4-c66170c6397d","metadata":{"tokenId":"433b4c18-ff10-4a67-8c08-24be3cd6d824","tokenCreated":true}}
{"eventId":"f8c1b839-2d4f-4ee9-bbb7-de9c22e7dbba","eventType":"auth.reset_password.request","timestamp":"2025-12-02T17:11:31.200Z","outcome":"success","email":"9c907b1dd80c096e","ipAddress":"127.0.0.1","userAgent":"unknown","requestId":"aa15dfc3-92d4-4976-a6e2-80fe6b0b61a8"}
[2025-12-02T17:11:31.236Z] [App] [INFO] email.queued {
  jobId: '44e04c59-fe26-40b1-bf29-e52c1ab1f525',
  userId: '45357368-b169-4748-9c2d-617f0c11ed08',
  tokenId: 'ff6aca4c-38c5-4ad7-819b-c175d65e6453',
  type: 'password_reset',
  to: 'test-forgot-1764695491103-9a77004f626f28@example.com'
}
{"eventId":"7f8d8cd3-8e20-4b54-a3a6-d26a28ed6f81","eventType":"auth.reset_password.request","timestamp":"2025-12-02T17:11:31.236Z","outcome":"success","userId":"45357368-b169-4748-9c2d-617f0c11ed08","email":"9c907b1dd80c096e","ipAddress":"127.0.0.1","userAgent":"unknown","requestId":"aa15dfc3-92d4-4976-a6e2-80fe6b0b61a8","metadata":{"tokenId":"ff6aca4c-38c5-4ad7-819b-c175d65e6453","tokenCreated":true}}
{"eventId":"a92fe995-abef-4f15-802a-c4eadc5cb788","eventType":"auth.reset_password.request","timestamp":"2025-12-02T17:11:31.238Z","outcome":"success","email":"9c907b1dd80c096e","ipAddress":"127.0.0.1","userAgent":"unknown","requestId":"0ec0f01c-8df1-401d-901e-139bf3ce0a32"}
[2025-12-02T17:11:31.240Z] [App] [INFO] email.queued {
  jobId: '721987bd-5067-4664-a744-7044cb6c458b',
  userId: '45357368-b169-4748-9c2d-617f0c11ed08',
  tokenId: 'a1d18a46-249b-423d-b2cb-5d1b0654ea98',
  type: 'password_reset',
  to: 'test-forgot-1764695491103-9a77004f626f28@example.com'
}
{"eventId":"1dc07f9d-3ba1-4adc-94cc-62328edde824","eventType":"auth.reset_password.request","timestamp":"2025-12-02T17:11:31.240Z","outcome":"success","userId":"45357368-b169-4748-9c2d-617f0c11ed08","email":"9c907b1dd80c096e","ipAddress":"127.0.0.1","userAgent":"unknown","requestId":"0ec0f01c-8df1-401d-901e-139bf3ce0a32","metadata":{"tokenId":"a1d18a46-249b-423d-b2cb-5d1b0654ea98","tokenCreated":true}}
{"eventId":"625168ae-d8cb-4171-b165-0f3cb7fe6962","eventType":"auth.reset_password.request","timestamp":"2025-12-02T17:11:31.241Z","outcome":"success","email":"9c907b1dd80c096e","ipAddress":"127.0.0.1","userAgent":"unknown","requestId":"20b8971a-dc9a-47df-ae44-2ec587f3ac97"}
[2025-12-02T17:11:31.291Z] [App] [INFO] email.queued {
  jobId: '07381b91-48b4-4c0e-b386-ac66dcfc6128',
  userId: '45357368-b169-4748-9c2d-617f0c11ed08',
  tokenId: '9a1b4321-f1a7-432f-acf6-4a91dcbd0294',
  type: 'password_reset',
  to: 'test-forgot-1764695491103-9a77004f626f28@example.com'
}
{"eventId":"2e2e39e0-9ef4-4152-a156-7a27c9bb7491","eventType":"auth.reset_password.request","timestamp":"2025-12-02T17:11:31.291Z","outcome":"success","userId":"45357368-b169-4748-9c2d-617f0c11ed08","email":"9c907b1dd80c096e","ipAddress":"127.0.0.1","userAgent":"unknown","requestId":"20b8971a-dc9a-47df-ae44-2ec587f3ac97","metadata":{"tokenId":"9a1b4321-f1a7-432f-acf6-4a91dcbd0294","tokenCreated":true}}
{"eventId":"ca850e4f-31bc-4f18-a280-ecdd56aa0735","eventType":"auth.reset_password.request","timestamp":"2025-12-02T17:11:31.298Z","outcome":"success","email":"9c907b1dd80c096e","ipAddress":"127.0.0.1","userAgent":"unknown","requestId":"fa652597-079f-410f-a7b4-a2ee1f67f33c"}
[2025-12-02T17:11:31.312Z] [App] [INFO] email.queued {
  jobId: '0959b5a3-69e6-45d3-8137-a94e860e7e7b',
  userId: '45357368-b169-4748-9c2d-617f0c11ed08',
  tokenId: '6d224a19-1c51-4577-a61a-e8edbc9531f8',
  type: 'password_reset',
  to: 'test-forgot-1764695491103-9a77004f626f28@example.com'
}
{"eventId":"9fb6c426-2ed5-47d9-94cf-a0e328d00d72","eventType":"auth.reset_password.request","timestamp":"2025-12-02T17:11:31.312Z","outcome":"success","userId":"45357368-b169-4748-9c2d-617f0c11ed08","email":"9c907b1dd80c096e","ipAddress":"127.0.0.1","userAgent":"unknown","requestId":"fa652597-079f-410f-a7b4-a2ee1f67f33c","metadata":{"tokenId":"6d224a19-1c51-4577-a61a-e8edbc9531f8","tokenCreated":true}}
{"eventId":"195a60d7-3863-4003-9da4-8fe5dedb4acd","eventType":"auth.reset_password.request","timestamp":"2025-12-02T17:11:31.318Z","outcome":"success","email":"9c907b1dd80c096e","ipAddress":"127.0.0.1","userAgent":"unknown","requestId":"2efbfa5e-309b-44e1-8417-c3678e5f80bd"}
[2025-12-02T17:11:31.321Z] [App] [INFO] email.queued {
  jobId: '130df62d-71e2-4f3c-9644-d3b24e35f955',
  userId: '45357368-b169-4748-9c2d-617f0c11ed08',
  tokenId: '32cd4c3c-2e0d-4d42-a754-ec35cae10626',
  type: 'password_reset',
  to: 'test-forgot-1764695491103-9a77004f626f28@example.com'
}
{"eventId":"278bb63c-a3ea-44d1-bd98-3a0c3675d3ae","eventType":"auth.reset_password.request","timestamp":"2025-12-02T17:11:31.321Z","outcome":"success","userId":"45357368-b169-4748-9c2d-617f0c11ed08","email":"9c907b1dd80c096e","ipAddress":"127.0.0.1","userAgent":"unknown","requestId":"2efbfa5e-309b-44e1-8417-c3678e5f80bd","metadata":{"tokenId":"32cd4c3c-2e0d-4d42-a754-ec35cae10626","tokenCreated":true}}
{"eventId":"e5c6f2e4-e15f-4dd4-80ca-b97b802b23f0","eventType":"auth.reset_password.request","timestamp":"2025-12-02T17:11:31.325Z","outcome":"success","email":"9c907b1dd80c096e","ipAddress":"127.0.0.1","userAgent":"unknown","requestId":"4ad1e930-168e-4b40-9b20-280d2c0f6cc5"}
[2025-12-02T17:11:31.339Z] [App] [INFO] email.queued {
  jobId: 'c196a1b2-3892-43a3-9265-641b881acf84',
  userId: '45357368-b169-4748-9c2d-617f0c11ed08',
  tokenId: '60d9e1af-6987-4d8f-84f3-c3a196c1c13a',
  type: 'password_reset',
  to: 'test-forgot-1764695491103-9a77004f626f28@example.com'
}
{"eventId":"70766a4c-31c5-41c5-8631-2c22430354c4","eventType":"auth.reset_password.request","timestamp":"2025-12-02T17:11:31.339Z","outcome":"success","userId":"45357368-b169-4748-9c2d-617f0c11ed08","email":"9c907b1dd80c096e","ipAddress":"127.0.0.1","userAgent":"unknown","requestId":"4ad1e930-168e-4b40-9b20-280d2c0f6cc5","metadata":{"tokenId":"60d9e1af-6987-4d8f-84f3-c3a196c1c13a","tokenCreated":true}}
{"eventId":"19966593-95a8-4318-807a-fd1775e3e362","eventType":"auth.reset_password.request","timestamp":"2025-12-02T17:11:31.351Z","outcome":"success","email":"9c907b1dd80c096e","ipAddress":"127.0.0.1","userAgent":"unknown","requestId":"e3dd994c-fbb0-48be-9c11-79cfea80099d"}
[2025-12-02T17:11:31.371Z] [App] [INFO] email.queued {
  jobId: '17404a9b-da8b-431a-8e7e-46c9f0a26c1d',
  userId: '45357368-b169-4748-9c2d-617f0c11ed08',
  tokenId: '15ee7c4a-6da5-4df4-9e8c-88ded6952b39',
  type: 'password_reset',
  to: 'test-forgot-1764695491103-9a77004f626f28@example.com'
}
{"eventId":"3b790dc2-7ccd-4d03-b1e9-775e5a9818fa","eventType":"auth.reset_password.request","timestamp":"2025-12-02T17:11:31.371Z","outcome":"success","userId":"45357368-b169-4748-9c2d-617f0c11ed08","email":"9c907b1dd80c096e","ipAddress":"127.0.0.1","userAgent":"unknown","requestId":"e3dd994c-fbb0-48be-9c11-79cfea80099d","metadata":{"tokenId":"15ee7c4a-6da5-4df4-9e8c-88ded6952b39","tokenCreated":true}}
{"eventId":"4c85b7f7-ba82-402d-a12d-ce4919524440","eventType":"auth.reset_password.request","timestamp":"2025-12-02T17:11:31.373Z","outcome":"success","email":"9c907b1dd80c096e","ipAddress":"127.0.0.1","userAgent":"unknown","requestId":"6d35d1fe-d470-4d55-ac2e-a3efc1a13825"}
[2025-12-02T17:11:31.375Z] [App] [INFO] email.queued {
  jobId: 'bae16912-a9ce-445a-9e88-dbb0f735d9ea',
  userId: '45357368-b169-4748-9c2d-617f0c11ed08',
  tokenId: 'ce12d6fe-aedb-4509-be27-0f34cc2401af',
  type: 'password_reset',
  to: 'test-forgot-1764695491103-9a77004f626f28@example.com'
}
{"eventId":"dcbc948c-d180-440b-bebf-efe997c77c0a","eventType":"auth.reset_password.request","timestamp":"2025-12-02T17:11:31.375Z","outcome":"success","userId":"45357368-b169-4748-9c2d-617f0c11ed08","email":"9c907b1dd80c096e","ipAddress":"127.0.0.1","userAgent":"unknown","requestId":"6d35d1fe-d470-4d55-ac2e-a3efc1a13825","metadata":{"tokenId":"ce12d6fe-aedb-4509-be27-0f34cc2401af","tokenCreated":true}}
{"eventId":"0c2f83b4-f0d8-4424-84a9-cebcd5ab9d9e","eventType":"auth.reset_password.request","timestamp":"2025-12-02T17:11:31.376Z","outcome":"success","email":"9c907b1dd80c096e","ipAddress":"127.0.0.1","userAgent":"unknown","requestId":"ccdbec83-8a2d-4ea2-8cd5-11c614f2623a"}
[2025-12-02T17:11:31.382Z] [App] [INFO] email.queued {
  jobId: '72549c45-2c70-4824-8ab7-31a05db8dbea',
  userId: '45357368-b169-4748-9c2d-617f0c11ed08',
  tokenId: '27b85014-a4b7-4479-a935-7294c63e3ac8',
  type: 'password_reset',
  to: 'test-forgot-1764695491103-9a77004f626f28@example.com'
}
{"eventId":"6cf04165-9974-42d3-9a30-2613770c16d9","eventType":"auth.reset_password.request","timestamp":"2025-12-02T17:11:31.382Z","outcome":"success","userId":"45357368-b169-4748-9c2d-617f0c11ed08","email":"9c907b1dd80c096e","ipAddress":"127.0.0.1","userAgent":"unknown","requestId":"ccdbec83-8a2d-4ea2-8cd5-11c614f2623a","metadata":{"tokenId":"27b85014-a4b7-4479-a935-7294c63e3ac8","tokenCreated":true}}
{"eventId":"c54664f4-1c18-4032-8470-22d708209a7d","eventType":"auth.reset_password.request","timestamp":"2025-12-02T17:11:31.387Z","outcome":"success","email":"9c907b1dd80c096e","ipAddress":"127.0.0.1","userAgent":"unknown","requestId":"b5aa6083-afe9-4ba7-8f8d-3057596eb94c"}
[2025-12-02T17:11:31.391Z] [App] [INFO] email.queued {
  jobId: 'ddff3f91-2f4c-4757-be58-1512a736b45a',
  userId: '45357368-b169-4748-9c2d-617f0c11ed08',
  tokenId: '2840b1a1-647c-4d8e-ba2d-9cd69252a0cc',
  type: 'password_reset',
  to: 'test-forgot-1764695491103-9a77004f626f28@example.com'
}
{"eventId":"af4c92ad-c82a-4566-a7c2-ea44bcf7bed6","eventType":"auth.reset_password.request","timestamp":"2025-12-02T17:11:31.391Z","outcome":"success","userId":"45357368-b169-4748-9c2d-617f0c11ed08","email":"9c907b1dd80c096e","ipAddress":"127.0.0.1","userAgent":"unknown","requestId":"b5aa6083-afe9-4ba7-8f8d-3057596eb94c","metadata":{"tokenId":"2840b1a1-647c-4d8e-ba2d-9cd69252a0cc","tokenCreated":true}}
{"eventId":"15edd9e7-39fe-41bc-8c3b-0aec235ad761","eventType":"auth.reset_password.request","timestamp":"2025-12-02T17:11:31.393Z","outcome":"success","email":"9c907b1dd80c096e","ipAddress":"127.0.0.1","userAgent":"unknown","requestId":"8a76cdbd-b19c-4288-bf22-fca723372fce"}
[2025-12-02T17:11:31.415Z] [App] [INFO] email.queued {
  jobId: '7ba4d740-f4a8-4111-95d7-12b83f83a722',
  userId: '45357368-b169-4748-9c2d-617f0c11ed08',
  tokenId: '37fc2812-d5d2-4259-a026-84c09eae4de5',
  type: 'password_reset',
  to: 'test-forgot-1764695491103-9a77004f626f28@example.com'
}
{"eventId":"2294da9d-8ba7-4b9f-b09e-c72c65f8e9dc","eventType":"auth.reset_password.request","timestamp":"2025-12-02T17:11:31.415Z","outcome":"success","userId":"45357368-b169-4748-9c2d-617f0c11ed08","email":"9c907b1dd80c096e","ipAddress":"127.0.0.1","userAgent":"unknown","requestId":"8a76cdbd-b19c-4288-bf22-fca723372fce","metadata":{"tokenId":"37fc2812-d5d2-4259-a026-84c09eae4de5","tokenCreated":true}}
{"eventId":"0c25e1a8-6b20-4af6-8635-dc1fe97895e4","eventType":"auth.reset_password.request","timestamp":"2025-12-02T17:11:31.420Z","outcome":"success","email":"9c907b1dd80c096e","ipAddress":"127.0.0.1","userAgent":"unknown","requestId":"238fc74f-00ad-4958-9fef-80b55d8cee59"}
[2025-12-02T17:11:31.448Z] [App] [INFO] email.queued {
  jobId: '9f714263-30a4-4bea-9073-bb5a0c5bd90b',
  userId: '45357368-b169-4748-9c2d-617f0c11ed08',
  tokenId: '44d7bb57-662e-4ac0-826e-6f5228e44f41',
  type: 'password_reset',
  to: 'test-forgot-1764695491103-9a77004f626f28@example.com'
}
{"eventId":"3129a7ba-d7da-42e2-908d-74ec7d63c186","eventType":"auth.reset_password.request","timestamp":"2025-12-02T17:11:31.449Z","outcome":"success","userId":"45357368-b169-4748-9c2d-617f0c11ed08","email":"9c907b1dd80c096e","ipAddress":"127.0.0.1","userAgent":"unknown","requestId":"238fc74f-00ad-4958-9fef-80b55d8cee59","metadata":{"tokenId":"44d7bb57-662e-4ac0-826e-6f5228e44f41","tokenCreated":true}}
{"eventId":"3b265297-34a3-447e-afd5-74140ccc0b33","eventType":"auth.reset_password.request","timestamp":"2025-12-02T17:11:31.453Z","outcome":"success","email":"9c907b1dd80c096e","ipAddress":"127.0.0.1","userAgent":"unknown","requestId":"1aff6c8d-3d25-4b6d-9b5c-679e8a0a263f"}
[2025-12-02T17:11:31.458Z] [App] [INFO] email.queued {
  jobId: '47c13d69-7490-409e-8cab-08518b428ac1',
  userId: '45357368-b169-4748-9c2d-617f0c11ed08',
  tokenId: 'a84dd6da-8a5f-4f04-8b09-d7475c2635a3',
  type: 'password_reset',
  to: 'test-forgot-1764695491103-9a77004f626f28@example.com'
}
{"eventId":"e9e1b771-4c27-4cf6-8342-4d05df64ec68","eventType":"auth.reset_password.request","timestamp":"2025-12-02T17:11:31.458Z","outcome":"success","userId":"45357368-b169-4748-9c2d-617f0c11ed08","email":"9c907b1dd80c096e","ipAddress":"127.0.0.1","userAgent":"unknown","requestId":"1aff6c8d-3d25-4b6d-9b5c-679e8a0a263f","metadata":{"tokenId":"a84dd6da-8a5f-4f04-8b09-d7475c2635a3","tokenCreated":true}}
{"eventId":"51dfa399-dfee-4fc8-ad99-d65065e47eee","eventType":"auth.reset_password.request","timestamp":"2025-12-02T17:11:31.463Z","outcome":"success","email":"9c907b1dd80c096e","ipAddress":"127.0.0.1","userAgent":"unknown","requestId":"839f8123-3d9f-4063-bf35-ef652706f587"}
[2025-12-02T17:11:31.466Z] [App] [INFO] email.queued {
  jobId: '897175f7-d705-49a8-aff2-6a71b443d470',
  userId: '45357368-b169-4748-9c2d-617f0c11ed08',
  tokenId: '81d23270-4dac-411b-b59f-c266adf7a07a',
  type: 'password_reset',
  to: 'test-forgot-1764695491103-9a77004f626f28@example.com'
}
{"eventId":"d7418df3-ea6d-4aca-91d4-d93a1367d127","eventType":"auth.reset_password.request","timestamp":"2025-12-02T17:11:31.466Z","outcome":"success","userId":"45357368-b169-4748-9c2d-617f0c11ed08","email":"9c907b1dd80c096e","ipAddress":"127.0.0.1","userAgent":"unknown","requestId":"839f8123-3d9f-4063-bf35-ef652706f587","metadata":{"tokenId":"81d23270-4dac-411b-b59f-c266adf7a07a","tokenCreated":true}}
{"eventId":"14329e3e-d5d1-40c0-963f-ebbf0e064905","eventType":"auth.reset_password.request","timestamp":"2025-12-02T17:11:31.467Z","outcome":"success","email":"9c907b1dd80c096e","ipAddress":"127.0.0.1","userAgent":"unknown","requestId":"d03e6fcb-1e70-4fca-a913-32f90cb741d9"}
[2025-12-02T17:11:31.470Z] [App] [INFO] email.queued {
  jobId: '4e543906-3719-4017-af4a-6e19e36efc8f',
  userId: '45357368-b169-4748-9c2d-617f0c11ed08',
  tokenId: '6288e803-222c-483f-a982-ea5c38459e46',
  type: 'password_reset',
  to: 'test-forgot-1764695491103-9a77004f626f28@example.com'
}
{"eventId":"842c2fd3-dda2-4835-94ba-0d1d2921ccb0","eventType":"auth.reset_password.request","timestamp":"2025-12-02T17:11:31.470Z","outcome":"success","userId":"45357368-b169-4748-9c2d-617f0c11ed08","email":"9c907b1dd80c096e","ipAddress":"127.0.0.1","userAgent":"unknown","requestId":"d03e6fcb-1e70-4fca-a913-32f90cb741d9","metadata":{"tokenId":"6288e803-222c-483f-a982-ea5c38459e46","tokenCreated":true}}
{"eventId":"574b9a61-fc7a-40f2-a75e-d6c5e7e64dd1","eventType":"auth.reset_password.request","timestamp":"2025-12-02T17:11:31.472Z","outcome":"success","email":"9c907b1dd80c096e","ipAddress":"127.0.0.1","userAgent":"unknown","requestId":"04979a47-a7fe-4e9e-b455-278771dd607b"}
[2025-12-02T17:11:31.476Z] [App] [INFO] email.queued {
  jobId: 'a25ef650-90b0-4e4a-865f-e9649b4d5c50',
  userId: '45357368-b169-4748-9c2d-617f0c11ed08',
  tokenId: 'a9d0f195-3998-4ce1-b5f8-ac76f96f3079',
  type: 'password_reset',
  to: 'test-forgot-1764695491103-9a77004f626f28@example.com'
}
{"eventId":"e180b603-b578-44eb-b2b7-03267055a64c","eventType":"auth.reset_password.request","timestamp":"2025-12-02T17:11:31.476Z","outcome":"success","userId":"45357368-b169-4748-9c2d-617f0c11ed08","email":"9c907b1dd80c096e","ipAddress":"127.0.0.1","userAgent":"unknown","requestId":"04979a47-a7fe-4e9e-b455-278771dd607b","metadata":{"tokenId":"a9d0f195-3998-4ce1-b5f8-ac76f96f3079","tokenCreated":true}}
{"eventId":"bb695966-3d84-40eb-9f6b-35b6ec8f1161","eventType":"auth.reset_password.request","timestamp":"2025-12-02T17:11:31.481Z","outcome":"success","email":"9c907b1dd80c096e","ipAddress":"127.0.0.1","userAgent":"unknown","requestId":"f399e7d8-54db-4560-8acc-66318b2096bd"}
[2025-12-02T17:11:31.485Z] [App] [INFO] email.queued {
  jobId: '739e169f-fa18-4565-9260-88ace8fd4208',
  userId: '45357368-b169-4748-9c2d-617f0c11ed08',
  tokenId: 'f56ced1e-6aa1-4238-9e4d-37b854fe8ea4',
  type: 'password_reset',
  to: 'test-forgot-1764695491103-9a77004f626f28@example.com'
}
{"eventId":"bb7d509a-3575-47ae-84ec-665f49013666","eventType":"auth.reset_password.request","timestamp":"2025-12-02T17:11:31.485Z","outcome":"success","userId":"45357368-b169-4748-9c2d-617f0c11ed08","email":"9c907b1dd80c096e","ipAddress":"127.0.0.1","userAgent":"unknown","requestId":"f399e7d8-54db-4560-8acc-66318b2096bd","metadata":{"tokenId":"f56ced1e-6aa1-4238-9e4d-37b854fe8ea4","tokenCreated":true}}
{"eventId":"2b1e7bf5-eba7-47d1-951b-118e626ba6cd","eventType":"auth.reset_password.request","timestamp":"2025-12-02T17:11:31.498Z","outcome":"success","email":"9c907b1dd80c096e","ipAddress":"127.0.0.1","userAgent":"unknown","requestId":"b15253df-df8a-4a80-acfd-6ca25ae096ef"}
[2025-12-02T17:11:31.501Z] [App] [INFO] email.queued {
  jobId: '9b6b2eef-b934-46d3-a7ab-b4ce5c060e7b',
  userId: '45357368-b169-4748-9c2d-617f0c11ed08',
  tokenId: '7f7a915d-ddd4-42db-a0ba-a3d7e28838a1',
  type: 'password_reset',
  to: 'test-forgot-1764695491103-9a77004f626f28@example.com'
}
{"eventId":"1f47ca92-7ae9-462f-b736-f6e269c85895","eventType":"auth.reset_password.request","timestamp":"2025-12-02T17:11:31.501Z","outcome":"success","userId":"45357368-b169-4748-9c2d-617f0c11ed08","email":"9c907b1dd80c096e","ipAddress":"127.0.0.1","userAgent":"unknown","requestId":"b15253df-df8a-4a80-acfd-6ca25ae096ef","metadata":{"tokenId":"7f7a915d-ddd4-42db-a0ba-a3d7e28838a1","tokenCreated":true}}
{"eventId":"f8f3a037-b2a3-4bd2-8040-64854a74d63e","eventType":"auth.reset_password.request","timestamp":"2025-12-02T17:11:31.502Z","outcome":"success","email":"9c907b1dd80c096e","ipAddress":"127.0.0.1","userAgent":"unknown","requestId":"a430cb0d-ec35-4716-a879-7e4c989d5097"}
[2025-12-02T17:11:31.504Z] [App] [INFO] email.queued {
  jobId: 'b76d643a-88a2-49d9-ba1b-c24379a517e6',
  userId: '45357368-b169-4748-9c2d-617f0c11ed08',
  tokenId: '82387201-205c-49e6-9ca6-58019900dd10',
  type: 'password_reset',
  to: 'test-forgot-1764695491103-9a77004f626f28@example.com'
}
{"eventId":"178584ad-f96a-4d45-889a-be24ab7e7c40","eventType":"auth.reset_password.request","timestamp":"2025-12-02T17:11:31.504Z","outcome":"success","userId":"45357368-b169-4748-9c2d-617f0c11ed08","email":"9c907b1dd80c096e","ipAddress":"127.0.0.1","userAgent":"unknown","requestId":"a430cb0d-ec35-4716-a879-7e4c989d5097","metadata":{"tokenId":"82387201-205c-49e6-9ca6-58019900dd10","tokenCreated":true}}
{"eventId":"7138ac1f-5b9f-476c-953d-342be846b68a","eventType":"auth.reset_password.request","timestamp":"2025-12-02T17:11:31.505Z","outcome":"success","email":"9c907b1dd80c096e","ipAddress":"127.0.0.1","userAgent":"unknown","requestId":"c44378ab-884e-4809-b9b1-3d026ef853b3"}
[2025-12-02T17:11:31.507Z] [App] [INFO] email.queued {
  jobId: '8de64d9b-4cbd-46c1-9d26-a0df60d927a3',
  userId: '45357368-b169-4748-9c2d-617f0c11ed08',
  tokenId: 'dd9d6874-6411-4368-8361-fc02e61f6d35',
  type: 'password_reset',
  to: 'test-forgot-1764695491103-9a77004f626f28@example.com'
}
{"eventId":"b1e2107a-b3fc-4490-a358-fd862b493cd4","eventType":"auth.reset_password.request","timestamp":"2025-12-02T17:11:31.507Z","outcome":"success","userId":"45357368-b169-4748-9c2d-617f0c11ed08","email":"9c907b1dd80c096e","ipAddress":"127.0.0.1","userAgent":"unknown","requestId":"c44378ab-884e-4809-b9b1-3d026ef853b3","metadata":{"tokenId":"dd9d6874-6411-4368-8361-fc02e61f6d35","tokenCreated":true}}
{"eventId":"63cef282-a543-4e53-b704-766a082dcf1d","eventType":"auth.reset_password.request","timestamp":"2025-12-02T17:11:31.508Z","outcome":"success","email":"9c907b1dd80c096e","ipAddress":"127.0.0.1","userAgent":"unknown","requestId":"5076dff6-a463-4d40-bfd1-44b73fa2fa1d"}
[2025-12-02T17:11:31.622Z] [App] [INFO] email.queued {
  jobId: '17b3f6bb-e30a-4517-b6bf-3bdbf3174e72',
  userId: '45357368-b169-4748-9c2d-617f0c11ed08',
  tokenId: 'eee22ffa-c7d8-4e98-b97e-45449afba25b',
  type: 'password_reset',
  to: 'test-forgot-1764695491103-9a77004f626f28@example.com'
}
{"eventId":"74fdaf89-0262-4096-8ec6-4aa88605f7b8","eventType":"auth.reset_password.request","timestamp":"2025-12-02T17:11:31.624Z","outcome":"success","userId":"45357368-b169-4748-9c2d-617f0c11ed08","email":"9c907b1dd80c096e","ipAddress":"127.0.0.1","userAgent":"unknown","requestId":"5076dff6-a463-4d40-bfd1-44b73fa2fa1d","metadata":{"tokenId":"eee22ffa-c7d8-4e98-b97e-45449afba25b","tokenCreated":true}}
{"eventId":"a1a89eca-8657-464c-b40f-56f832d35e65","eventType":"auth.reset_password.request","timestamp":"2025-12-02T17:11:31.636Z","outcome":"success","email":"9c907b1dd80c096e","ipAddress":"127.0.0.1","userAgent":"unknown","requestId":"51c8d942-b306-479a-93e6-ac37fa56fd4e"}
[2025-12-02T17:11:31.650Z] [App] [INFO] email.queued {
  jobId: '67bdf00d-59bb-48f1-8cc4-b20751fe1bd2',
  userId: '45357368-b169-4748-9c2d-617f0c11ed08',
  tokenId: '69eeeeea-8faf-48ea-be0e-25a6eaa28d6b',
  type: 'password_reset',
  to: 'test-forgot-1764695491103-9a77004f626f28@example.com'
}
{"eventId":"958ff3c7-5029-4680-8352-c0ca1224bb69","eventType":"auth.reset_password.request","timestamp":"2025-12-02T17:11:31.651Z","outcome":"success","userId":"45357368-b169-4748-9c2d-617f0c11ed08","email":"9c907b1dd80c096e","ipAddress":"127.0.0.1","userAgent":"unknown","requestId":"51c8d942-b306-479a-93e6-ac37fa56fd4e","metadata":{"tokenId":"69eeeeea-8faf-48ea-be0e-25a6eaa28d6b","tokenCreated":true}}
{"eventId":"d4977af6-67cd-4429-8ea7-e037ce82ddbb","eventType":"auth.reset_password.request","timestamp":"2025-12-02T17:11:31.710Z","outcome":"success","email":"9c907b1dd80c096e","ipAddress":"127.0.0.1","userAgent":"unknown","requestId":"ba6209e5-12d8-4639-a024-7516340b25bd"}
[2025-12-02T17:11:31.725Z] [App] [INFO] email.queued {
  jobId: '3c19474e-89b8-404e-9c97-6690428487f3',
  userId: '45357368-b169-4748-9c2d-617f0c11ed08',
  tokenId: 'ee7d9d6c-68cb-428d-afd7-3b6f91400589',
  type: 'password_reset',
  to: 'test-forgot-1764695491103-9a77004f626f28@example.com'
}
{"eventId":"b0c2dac0-42c5-4843-9735-97d9eceafcf5","eventType":"auth.reset_password.request","timestamp":"2025-12-02T17:11:31.725Z","outcome":"success","userId":"45357368-b169-4748-9c2d-617f0c11ed08","email":"9c907b1dd80c096e","ipAddress":"127.0.0.1","userAgent":"unknown","requestId":"ba6209e5-12d8-4639-a024-7516340b25bd","metadata":{"tokenId":"ee7d9d6c-68cb-428d-afd7-3b6f91400589","tokenCreated":true}}
{"eventId":"71a38fad-ece2-4ecf-a2ad-b145e0b5dbae","eventType":"auth.reset_password.request","timestamp":"2025-12-02T17:11:31.746Z","outcome":"success","email":"9c907b1dd80c096e","ipAddress":"127.0.0.1","userAgent":"unknown","requestId":"9d531d11-3c91-4f82-864f-a0389acc331c"}
[2025-12-02T17:11:31.755Z] [App] [INFO] email.queued {
  jobId: '4a3dc831-0c7b-4287-9cf0-f36ddb4e4bf5',
  userId: '45357368-b169-4748-9c2d-617f0c11ed08',
  tokenId: 'fb5c5a00-ad9b-48b2-ab7a-6f8101199396',
  type: 'password_reset',
  to: 'test-forgot-1764695491103-9a77004f626f28@example.com'
}
{"eventId":"3a7e34be-eb43-4799-888f-e32817806150","eventType":"auth.reset_password.request","timestamp":"2025-12-02T17:11:31.755Z","outcome":"success","userId":"45357368-b169-4748-9c2d-617f0c11ed08","email":"9c907b1dd80c096e","ipAddress":"127.0.0.1","userAgent":"unknown","requestId":"9d531d11-3c91-4f82-864f-a0389acc331c","metadata":{"tokenId":"fb5c5a00-ad9b-48b2-ab7a-6f8101199396","tokenCreated":true}}
{"eventId":"70392549-5621-42db-a2e1-58414602f132","eventType":"auth.reset_password.request","timestamp":"2025-12-02T17:11:31.782Z","outcome":"success","email":"9c907b1dd80c096e","ipAddress":"127.0.0.1","userAgent":"unknown","requestId":"df019d00-4e19-4e8b-ab65-f7823c103817"}
[2025-12-02T17:11:31.805Z] [App] [INFO] email.queued {
  jobId: '28a006c0-44d4-485b-84cf-6c325775617f',
  userId: '45357368-b169-4748-9c2d-617f0c11ed08',
  tokenId: '2136b040-a0dc-4762-be76-1cc1830c5f03',
  type: 'password_reset',
  to: 'test-forgot-1764695491103-9a77004f626f28@example.com'
}
{"eventId":"84c83861-aae7-4269-9e1e-ea3849b1c898","eventType":"auth.reset_password.request","timestamp":"2025-12-02T17:11:31.805Z","outcome":"success","userId":"45357368-b169-4748-9c2d-617f0c11ed08","email":"9c907b1dd80c096e","ipAddress":"127.0.0.1","userAgent":"unknown","requestId":"df019d00-4e19-4e8b-ab65-f7823c103817","metadata":{"tokenId":"2136b040-a0dc-4762-be76-1cc1830c5f03","tokenCreated":true}}
{"eventId":"9afbb475-3a34-418e-87c9-fa0a1a445798","eventType":"auth.reset_password.request","timestamp":"2025-12-02T17:11:31.809Z","outcome":"success","email":"9c907b1dd80c096e","ipAddress":"127.0.0.1","userAgent":"unknown","requestId":"dd43b24c-5819-4352-9407-0d9c0e06ffa3"}
[2025-12-02T17:11:31.814Z] [App] [INFO] email.queued {
  jobId: '050c970c-ba6c-473c-b876-c25de944eca2',
  userId: '45357368-b169-4748-9c2d-617f0c11ed08',
  tokenId: '2fb223f7-53f0-4654-bc14-d011a2079e81',
  type: 'password_reset',
  to: 'test-forgot-1764695491103-9a77004f626f28@example.com'
}
{"eventId":"56fb4d57-e4db-43f2-9e47-d39dd378ddac","eventType":"auth.reset_password.request","timestamp":"2025-12-02T17:11:31.815Z","outcome":"success","userId":"45357368-b169-4748-9c2d-617f0c11ed08","email":"9c907b1dd80c096e","ipAddress":"127.0.0.1","userAgent":"unknown","requestId":"dd43b24c-5819-4352-9407-0d9c0e06ffa3","metadata":{"tokenId":"2fb223f7-53f0-4654-bc14-d011a2079e81","tokenCreated":true}}
{"eventId":"429d1057-1f59-4186-ba89-7017b4311ef0","eventType":"auth.reset_password.request","timestamp":"2025-12-02T17:11:31.816Z","outcome":"success","email":"9c907b1dd80c096e","ipAddress":"127.0.0.1","userAgent":"unknown","requestId":"313feede-cc04-4126-bc80-6197a5547fd7"}
[2025-12-02T17:11:31.818Z] [App] [INFO] email.queued {
  jobId: '14eac761-3cd6-4035-8ac6-09d87560b5e0',
  userId: '45357368-b169-4748-9c2d-617f0c11ed08',
  tokenId: '6a5d3e6f-90d4-4dd6-a15f-1019ae6f0176',
  type: 'password_reset',
  to: 'test-forgot-1764695491103-9a77004f626f28@example.com'
}
{"eventId":"7b639ade-8c8f-42d1-98fb-a3c3061ce499","eventType":"auth.reset_password.request","timestamp":"2025-12-02T17:11:31.818Z","outcome":"success","userId":"45357368-b169-4748-9c2d-617f0c11ed08","email":"9c907b1dd80c096e","ipAddress":"127.0.0.1","userAgent":"unknown","requestId":"313feede-cc04-4126-bc80-6197a5547fd7","metadata":{"tokenId":"6a5d3e6f-90d4-4dd6-a15f-1019ae6f0176","tokenCreated":true}}
{"eventId":"7891f327-03ad-4b49-b05e-c9f0f8ab5608","eventType":"auth.reset_password.request","timestamp":"2025-12-02T17:11:31.819Z","outcome":"success","email":"9c907b1dd80c096e","ipAddress":"127.0.0.1","userAgent":"unknown","requestId":"c4e6fea4-a1c0-404d-bfc9-dc5a8f94db58"}
[2025-12-02T17:11:31.820Z] [App] [INFO] email.queued {
  jobId: 'f27496be-c330-4e66-b0d9-57c498f23fdc',
  userId: '45357368-b169-4748-9c2d-617f0c11ed08',
  tokenId: '0fd6beb9-5bad-4fb2-ba72-febeff5eedf6',
  type: 'password_reset',
  to: 'test-forgot-1764695491103-9a77004f626f28@example.com'
}
{"eventId":"baaa2a60-40be-49ef-850d-725d5722fb4d","eventType":"auth.reset_password.request","timestamp":"2025-12-02T17:11:31.820Z","outcome":"success","userId":"45357368-b169-4748-9c2d-617f0c11ed08","email":"9c907b1dd80c096e","ipAddress":"127.0.0.1","userAgent":"unknown","requestId":"c4e6fea4-a1c0-404d-bfc9-dc5a8f94db58","metadata":{"tokenId":"0fd6beb9-5bad-4fb2-ba72-febeff5eedf6","tokenCreated":true}}
{"eventId":"b59d2543-e232-4127-881d-a505f5ba1ded","eventType":"auth.reset_password.request","timestamp":"2025-12-02T17:11:31.821Z","outcome":"success","email":"9c907b1dd80c096e","ipAddress":"127.0.0.1","userAgent":"unknown","requestId":"d74f1c15-5f41-4161-ba0b-4298edf85522"}
[2025-12-02T17:11:31.826Z] [App] [INFO] email.queued {
  jobId: 'dd21e1b1-aa17-4b21-bcb7-c344384fd6f4',
  userId: '45357368-b169-4748-9c2d-617f0c11ed08',
  tokenId: '53e7058f-650b-4c2d-ac12-a3923d27d073',
  type: 'password_reset',
  to: 'test-forgot-1764695491103-9a77004f626f28@example.com'
}
{"eventId":"1e34310b-8c69-428f-9a98-5b2f9c729971","eventType":"auth.reset_password.request","timestamp":"2025-12-02T17:11:31.826Z","outcome":"success","userId":"45357368-b169-4748-9c2d-617f0c11ed08","email":"9c907b1dd80c096e","ipAddress":"127.0.0.1","userAgent":"unknown","requestId":"d74f1c15-5f41-4161-ba0b-4298edf85522","metadata":{"tokenId":"53e7058f-650b-4c2d-ac12-a3923d27d073","tokenCreated":true}}
{"eventId":"ab8b7497-f4b5-4dd4-bf9e-4eee7071e58b","eventType":"auth.reset_password.request","timestamp":"2025-12-02T17:11:31.827Z","outcome":"success","email":"9c907b1dd80c096e","ipAddress":"127.0.0.1","userAgent":"unknown","requestId":"cfa8e1d1-1d5e-4ec5-91c1-349229999c02"}
[2025-12-02T17:11:31.834Z] [App] [INFO] email.queued {
  jobId: 'd9eea45e-c34a-4378-bf3c-d0bde1e9d77b',
  userId: '45357368-b169-4748-9c2d-617f0c11ed08',
  tokenId: '8f00bbc2-04d7-4eb2-8140-0d18c730e664',
  type: 'password_reset',
  to: 'test-forgot-1764695491103-9a77004f626f28@example.com'
}
{"eventId":"da094b13-33cf-4559-afd0-0a744322c585","eventType":"auth.reset_password.request","timestamp":"2025-12-02T17:11:31.834Z","outcome":"success","userId":"45357368-b169-4748-9c2d-617f0c11ed08","email":"9c907b1dd80c096e","ipAddress":"127.0.0.1","userAgent":"unknown","requestId":"cfa8e1d1-1d5e-4ec5-91c1-349229999c02","metadata":{"tokenId":"8f00bbc2-04d7-4eb2-8140-0d18c730e664","tokenCreated":true}}
{"eventId":"bf26036f-fe38-4fe1-9226-53d760a93a79","eventType":"auth.reset_password.request","timestamp":"2025-12-02T17:11:31.856Z","outcome":"success","email":"9c907b1dd80c096e","ipAddress":"127.0.0.1","userAgent":"unknown","requestId":"d9be41ff-b92c-4035-88d3-5e0cb424c7fa"}
[2025-12-02T17:11:31.858Z] [App] [INFO] email.queued {
  jobId: '457935cf-be1d-4110-80e7-cf0de2520998',
  userId: '45357368-b169-4748-9c2d-617f0c11ed08',
  tokenId: 'f11466cd-7b3d-413d-8766-6d071a9fffbd',
  type: 'password_reset',
  to: 'test-forgot-1764695491103-9a77004f626f28@example.com'
}
{"eventId":"b6b54b66-c536-42ef-90bd-d42dde888f52","eventType":"auth.reset_password.request","timestamp":"2025-12-02T17:11:31.858Z","outcome":"success","userId":"45357368-b169-4748-9c2d-617f0c11ed08","email":"9c907b1dd80c096e","ipAddress":"127.0.0.1","userAgent":"unknown","requestId":"d9be41ff-b92c-4035-88d3-5e0cb424c7fa","metadata":{"tokenId":"f11466cd-7b3d-413d-8766-6d071a9fffbd","tokenCreated":true}}
{"eventId":"4596667b-f8c4-4a8b-8c24-81e2846b820d","eventType":"auth.reset_password.request","timestamp":"2025-12-02T17:11:31.859Z","outcome":"success","email":"9c907b1dd80c096e","ipAddress":"127.0.0.1","userAgent":"unknown","requestId":"d939bbb0-7d45-4e64-a78a-61d3dab19189"}
[2025-12-02T17:11:31.862Z] [App] [INFO] email.queued {
  jobId: '2e6f4d02-6f32-4e1c-82ce-8c013a34f040',
  userId: '45357368-b169-4748-9c2d-617f0c11ed08',
  tokenId: '6f0736d9-ce36-4b47-9cf0-39f9d084b282',
  type: 'password_reset',
  to: 'test-forgot-1764695491103-9a77004f626f28@example.com'
}
{"eventId":"3d9aae59-0a11-4400-8871-40e433a33bcf","eventType":"auth.reset_password.request","timestamp":"2025-12-02T17:11:31.862Z","outcome":"success","userId":"45357368-b169-4748-9c2d-617f0c11ed08","email":"9c907b1dd80c096e","ipAddress":"127.0.0.1","userAgent":"unknown","requestId":"d939bbb0-7d45-4e64-a78a-61d3dab19189","metadata":{"tokenId":"6f0736d9-ce36-4b47-9cf0-39f9d084b282","tokenCreated":true}}
{"eventId":"6c72937d-1eaf-4320-90a3-0c0843770cf1","eventType":"auth.reset_password.request","timestamp":"2025-12-02T17:11:31.891Z","outcome":"success","email":"9c907b1dd80c096e","ipAddress":"127.0.0.1","userAgent":"unknown","requestId":"d715967a-d212-45b0-84e9-00c9e153d41b"}
[2025-12-02T17:11:31.901Z] [App] [INFO] email.queued {
  jobId: '460b8fd1-8313-42c9-ad63-07fab043a442',
  userId: '45357368-b169-4748-9c2d-617f0c11ed08',
  tokenId: '757a8f7c-a563-44b4-89b7-4ee4f0473d3d',
  type: 'password_reset',
  to: 'test-forgot-1764695491103-9a77004f626f28@example.com'
}
{"eventId":"a96a9aa0-78f7-43f5-86a5-03fa019092b2","eventType":"auth.reset_password.request","timestamp":"2025-12-02T17:11:31.901Z","outcome":"success","userId":"45357368-b169-4748-9c2d-617f0c11ed08","email":"9c907b1dd80c096e","ipAddress":"127.0.0.1","userAgent":"unknown","requestId":"d715967a-d212-45b0-84e9-00c9e153d41b","metadata":{"tokenId":"757a8f7c-a563-44b4-89b7-4ee4f0473d3d","tokenCreated":true}}
{"eventId":"ba1cdaf4-fd4f-4477-af3a-58625e5fd654","eventType":"auth.reset_password.request","timestamp":"2025-12-02T17:11:31.903Z","outcome":"success","email":"9c907b1dd80c096e","ipAddress":"127.0.0.1","userAgent":"unknown","requestId":"292bc0ea-8f81-49ce-b4aa-2dbe1e89c2fa"}
[2025-12-02T17:11:31.905Z] [App] [INFO] email.queued {
  jobId: 'e85d5bb5-b962-443d-b5b1-b8dbcb1d1111',
  userId: '45357368-b169-4748-9c2d-617f0c11ed08',
  tokenId: '84495a39-cabc-43e3-83f3-edf5f8d00402',
  type: 'password_reset',
  to: 'test-forgot-1764695491103-9a77004f626f28@example.com'
}
{"eventId":"fa77e4ff-f69e-48a0-962a-20500708d80d","eventType":"auth.reset_password.request","timestamp":"2025-12-02T17:11:31.905Z","outcome":"success","userId":"45357368-b169-4748-9c2d-617f0c11ed08","email":"9c907b1dd80c096e","ipAddress":"127.0.0.1","userAgent":"unknown","requestId":"292bc0ea-8f81-49ce-b4aa-2dbe1e89c2fa","metadata":{"tokenId":"84495a39-cabc-43e3-83f3-edf5f8d00402","tokenCreated":true}}
{"eventId":"f2619e96-995b-4eb2-ae04-9224efce3f25","eventType":"auth.reset_password.request","timestamp":"2025-12-02T17:11:31.906Z","outcome":"success","email":"9c907b1dd80c096e","ipAddress":"127.0.0.1","userAgent":"unknown","requestId":"90eceaa6-137a-452b-b4ef-19cf42288923"}
[2025-12-02T17:11:31.925Z] [App] [INFO] email.queued {
  jobId: 'abc294c5-b558-40a1-979e-746dc8cbef48',
  userId: '45357368-b169-4748-9c2d-617f0c11ed08',
  tokenId: '9dd430f6-edab-486d-b16b-57a190b26d64',
  type: 'password_reset',
  to: 'test-forgot-1764695491103-9a77004f626f28@example.com'
}
{"eventId":"02d4485c-2b1f-464d-a64d-a00c55793c67","eventType":"auth.reset_password.request","timestamp":"2025-12-02T17:11:31.925Z","outcome":"success","userId":"45357368-b169-4748-9c2d-617f0c11ed08","email":"9c907b1dd80c096e","ipAddress":"127.0.0.1","userAgent":"unknown","requestId":"90eceaa6-137a-452b-b4ef-19cf42288923","metadata":{"tokenId":"9dd430f6-edab-486d-b16b-57a190b26d64","tokenCreated":true}}
{"eventId":"1e2a97e7-442a-4280-9f86-390b37238b06","eventType":"auth.reset_password.request","timestamp":"2025-12-02T17:11:31.939Z","outcome":"success","email":"9c907b1dd80c096e","ipAddress":"127.0.0.1","userAgent":"unknown","requestId":"ddac35ce-c545-4bcf-b2ad-7f83bd7f6204"}
[2025-12-02T17:11:31.945Z] [App] [INFO] email.queued {
  jobId: 'd568ccba-6fbd-4134-b49a-967c9cdf7c36',
  userId: '45357368-b169-4748-9c2d-617f0c11ed08',
  tokenId: 'd9eb72d7-be9b-4be8-a997-d125e1d36892',
  type: 'password_reset',
  to: 'test-forgot-1764695491103-9a77004f626f28@example.com'
}
{"eventId":"3039e6b9-4202-43ee-8e07-643c093b1622","eventType":"auth.reset_password.request","timestamp":"2025-12-02T17:11:31.945Z","outcome":"success","userId":"45357368-b169-4748-9c2d-617f0c11ed08","email":"9c907b1dd80c096e","ipAddress":"127.0.0.1","userAgent":"unknown","requestId":"ddac35ce-c545-4bcf-b2ad-7f83bd7f6204","metadata":{"tokenId":"d9eb72d7-be9b-4be8-a997-d125e1d36892","tokenCreated":true}}
{"eventId":"8cae836b-860b-46e1-8dc3-7ca4deed0af3","eventType":"auth.reset_password.request","timestamp":"2025-12-02T17:11:31.948Z","outcome":"success","email":"9c907b1dd80c096e","ipAddress":"127.0.0.1","userAgent":"unknown","requestId":"617785b1-1764-49e5-b536-3c00900a6079"}
[2025-12-02T17:11:31.951Z] [App] [INFO] email.queued {
  jobId: 'c5c712c6-d261-4e37-a587-f60f91714d05',
  userId: '45357368-b169-4748-9c2d-617f0c11ed08',
  tokenId: '7347c8ac-54b0-4f18-b95d-2a2e2bc1dc2d',
  type: 'password_reset',
  to: 'test-forgot-1764695491103-9a77004f626f28@example.com'
}
{"eventId":"865e6a81-15a0-4c7a-bc50-8486e47bd6a4","eventType":"auth.reset_password.request","timestamp":"2025-12-02T17:11:31.951Z","outcome":"success","userId":"45357368-b169-4748-9c2d-617f0c11ed08","email":"9c907b1dd80c096e","ipAddress":"127.0.0.1","userAgent":"unknown","requestId":"617785b1-1764-49e5-b536-3c00900a6079","metadata":{"tokenId":"7347c8ac-54b0-4f18-b95d-2a2e2bc1dc2d","tokenCreated":true}}
{"eventId":"05ca2587-f2bb-460a-bccf-4527b2f49e3d","eventType":"auth.reset_password.request","timestamp":"2025-12-02T17:11:31.952Z","outcome":"success","email":"9c907b1dd80c096e","ipAddress":"127.0.0.1","userAgent":"unknown","requestId":"fa79285b-cf24-4e60-8f76-425e7d002f89"}
[2025-12-02T17:11:31.955Z] [App] [INFO] email.queued {
  jobId: '55974543-1ac9-4b89-9e29-ab2b7a16938b',
  userId: '45357368-b169-4748-9c2d-617f0c11ed08',
  tokenId: '29df1408-da63-4e20-abb3-95090b24adb4',
  type: 'password_reset',
  to: 'test-forgot-1764695491103-9a77004f626f28@example.com'
}
{"eventId":"9e60e998-0d3d-4e62-ba5f-64aa79901406","eventType":"auth.reset_password.request","timestamp":"2025-12-02T17:11:31.955Z","outcome":"success","userId":"45357368-b169-4748-9c2d-617f0c11ed08","email":"9c907b1dd80c096e","ipAddress":"127.0.0.1","userAgent":"unknown","requestId":"fa79285b-cf24-4e60-8f76-425e7d002f89","metadata":{"tokenId":"29df1408-da63-4e20-abb3-95090b24adb4","tokenCreated":true}}
{"eventId":"5f7bccae-2048-4f5a-8725-91904e423376","eventType":"auth.reset_password.request","timestamp":"2025-12-02T17:11:31.959Z","outcome":"success","email":"9c907b1dd80c096e","ipAddress":"127.0.0.1","userAgent":"unknown","requestId":"e8042254-c774-4457-b9ec-0d217eaaebc3"}
[2025-12-02T17:11:31.966Z] [App] [INFO] email.queued {
  jobId: '9f8c4fe7-3302-4e8d-aea6-de1ea1e593b5',
  userId: '45357368-b169-4748-9c2d-617f0c11ed08',
  tokenId: 'e76961ac-0b9a-47d5-ba8f-41b03031fb6f',
  type: 'password_reset',
  to: 'test-forgot-1764695491103-9a77004f626f28@example.com'
}
{"eventId":"9959be76-92b3-4dee-a4f3-d82313115f1c","eventType":"auth.reset_password.request","timestamp":"2025-12-02T17:11:31.966Z","outcome":"success","userId":"45357368-b169-4748-9c2d-617f0c11ed08","email":"9c907b1dd80c096e","ipAddress":"127.0.0.1","userAgent":"unknown","requestId":"e8042254-c774-4457-b9ec-0d217eaaebc3","metadata":{"tokenId":"e76961ac-0b9a-47d5-ba8f-41b03031fb6f","tokenCreated":true}}
{"eventId":"e77d7e16-a0c6-4479-aa5e-57770d2601dd","eventType":"auth.reset_password.request","timestamp":"2025-12-02T17:11:31.967Z","outcome":"success","email":"9c907b1dd80c096e","ipAddress":"127.0.0.1","userAgent":"unknown","requestId":"85d18cf7-104c-49f3-abfb-641023df2cad"}
[2025-12-02T17:11:31.970Z] [App] [INFO] email.queued {
  jobId: 'd5350e15-c2a9-4b87-b40d-44592d30fcb7',
  userId: '45357368-b169-4748-9c2d-617f0c11ed08',
  tokenId: 'c6eedf88-92ec-4de2-8e3a-8c13c98c0195',
  type: 'password_reset',
  to: 'test-forgot-1764695491103-9a77004f626f28@example.com'
}
{"eventId":"77c28aab-2e34-4582-8d09-097641725cf3","eventType":"auth.reset_password.request","timestamp":"2025-12-02T17:11:31.970Z","outcome":"success","userId":"45357368-b169-4748-9c2d-617f0c11ed08","email":"9c907b1dd80c096e","ipAddress":"127.0.0.1","userAgent":"unknown","requestId":"85d18cf7-104c-49f3-abfb-641023df2cad","metadata":{"tokenId":"c6eedf88-92ec-4de2-8e3a-8c13c98c0195","tokenCreated":true}}
{"eventId":"6e7f62e0-e9b2-4a15-84f6-d46ff73c27af","eventType":"auth.reset_password.request","timestamp":"2025-12-02T17:11:31.971Z","outcome":"success","email":"9c907b1dd80c096e","ipAddress":"127.0.0.1","userAgent":"unknown","requestId":"3ad0f4ae-625a-4234-8f48-1db6164ab3d3"}
[2025-12-02T17:11:31.973Z] [App] [INFO] email.queued {
  jobId: '6e966615-247f-4601-a57b-254adcc2704d',
  userId: '45357368-b169-4748-9c2d-617f0c11ed08',
  tokenId: '69522304-0eae-4661-83c0-5224b88ddcab',
  type: 'password_reset',
  to: 'test-forgot-1764695491103-9a77004f626f28@example.com'
}
{"eventId":"cd2f4d22-9ef2-4bc4-a30f-0d404b73d040","eventType":"auth.reset_password.request","timestamp":"2025-12-02T17:11:31.973Z","outcome":"success","userId":"45357368-b169-4748-9c2d-617f0c11ed08","email":"9c907b1dd80c096e","ipAddress":"127.0.0.1","userAgent":"unknown","requestId":"3ad0f4ae-625a-4234-8f48-1db6164ab3d3","metadata":{"tokenId":"69522304-0eae-4661-83c0-5224b88ddcab","tokenCreated":true}}
{"eventId":"d3f22659-0aaa-40fd-94ba-c97a3ece6e9f","eventType":"auth.reset_password.request","timestamp":"2025-12-02T17:11:31.974Z","outcome":"success","email":"9c907b1dd80c096e","ipAddress":"127.0.0.1","userAgent":"unknown","requestId":"18881993-9d3e-4dac-8373-4ac1fad95526"}
[2025-12-02T17:11:31.976Z] [App] [INFO] email.queued {
  jobId: '401d618e-9392-4789-927e-e7c646be946a',
  userId: '45357368-b169-4748-9c2d-617f0c11ed08',
  tokenId: '7308cf68-02a4-4ffa-b74c-3c42ea9fdf72',
  type: 'password_reset',
  to: 'test-forgot-1764695491103-9a77004f626f28@example.com'
}
{"eventId":"fd7e085f-9a42-4dfd-9d5c-65fac592eb76","eventType":"auth.reset_password.request","timestamp":"2025-12-02T17:11:31.976Z","outcome":"success","userId":"45357368-b169-4748-9c2d-617f0c11ed08","email":"9c907b1dd80c096e","ipAddress":"127.0.0.1","userAgent":"unknown","requestId":"18881993-9d3e-4dac-8373-4ac1fad95526","metadata":{"tokenId":"7308cf68-02a4-4ffa-b74c-3c42ea9fdf72","tokenCreated":true}}
{"eventId":"51943627-b3dd-4e3d-86dc-d33e2ba73e43","eventType":"auth.reset_password.request","timestamp":"2025-12-02T17:11:31.977Z","outcome":"success","email":"9c907b1dd80c096e","ipAddress":"127.0.0.1","userAgent":"unknown","requestId":"69330c91-1372-4123-9ece-38be99454c84"}
[2025-12-02T17:11:32.007Z] [App] [INFO] email.queued {
  jobId: 'd3a1d882-f286-4af0-8d86-6a4ff64fbe0c',
  userId: '45357368-b169-4748-9c2d-617f0c11ed08',
  tokenId: 'e6c880c1-45a9-402a-a358-eb0d3a2043d8',
  type: 'password_reset',
  to: 'test-forgot-1764695491103-9a77004f626f28@example.com'
}
{"eventId":"528e14db-8158-4f37-9b5e-e501151bdfd6","eventType":"auth.reset_password.request","timestamp":"2025-12-02T17:11:32.007Z","outcome":"success","userId":"45357368-b169-4748-9c2d-617f0c11ed08","email":"9c907b1dd80c096e","ipAddress":"127.0.0.1","userAgent":"unknown","requestId":"69330c91-1372-4123-9ece-38be99454c84","metadata":{"tokenId":"e6c880c1-45a9-402a-a358-eb0d3a2043d8","tokenCreated":true}}
{"eventId":"e23332ce-77f8-4837-8654-22bda1ace6d1","eventType":"auth.reset_password.request","timestamp":"2025-12-02T17:11:32.008Z","outcome":"success","email":"9c907b1dd80c096e","ipAddress":"127.0.0.1","userAgent":"unknown","requestId":"ef65d6da-7b46-4520-902f-681bd4d8bb9a"}
[2025-12-02T17:11:32.010Z] [App] [INFO] email.queued {
  jobId: '4b70dc05-99ad-40fc-9d4c-d6cebf32235e',
  userId: '45357368-b169-4748-9c2d-617f0c11ed08',
  tokenId: '76b1309c-d51d-4c07-ac1e-b4c02423a412',
  type: 'password_reset',
  to: 'test-forgot-1764695491103-9a77004f626f28@example.com'
}
{"eventId":"987bc8cf-f19a-45a6-a72e-9f18eb1a9b02","eventType":"auth.reset_password.request","timestamp":"2025-12-02T17:11:32.010Z","outcome":"success","userId":"45357368-b169-4748-9c2d-617f0c11ed08","email":"9c907b1dd80c096e","ipAddress":"127.0.0.1","userAgent":"unknown","requestId":"ef65d6da-7b46-4520-902f-681bd4d8bb9a","metadata":{"tokenId":"76b1309c-d51d-4c07-ac1e-b4c02423a412","tokenCreated":true}}
{"eventId":"265363da-33f3-4703-949b-48f4495cce40","eventType":"auth.reset_password.request","timestamp":"2025-12-02T17:11:32.012Z","outcome":"success","email":"9c907b1dd80c096e","ipAddress":"127.0.0.1","userAgent":"unknown","requestId":"902b54eb-bdff-41cb-899b-5c8988a12357"}
[2025-12-02T17:11:32.015Z] [App] [INFO] email.queued {
  jobId: '5955653b-fae6-46b3-881d-10b03df414e3',
  userId: '45357368-b169-4748-9c2d-617f0c11ed08',
  tokenId: 'e6f3bdfa-b873-42ee-9758-6b127a27785c',
  type: 'password_reset',
  to: 'test-forgot-1764695491103-9a77004f626f28@example.com'
}
{"eventId":"161bba0c-0332-4348-9e05-6976aca3e596","eventType":"auth.reset_password.request","timestamp":"2025-12-02T17:11:32.015Z","outcome":"success","userId":"45357368-b169-4748-9c2d-617f0c11ed08","email":"9c907b1dd80c096e","ipAddress":"127.0.0.1","userAgent":"unknown","requestId":"902b54eb-bdff-41cb-899b-5c8988a12357","metadata":{"tokenId":"e6f3bdfa-b873-42ee-9758-6b127a27785c","tokenCreated":true}}
{"eventId":"1637ad6c-d02d-442e-8b4c-e3502353bd4a","eventType":"auth.reset_password.request","timestamp":"2025-12-02T17:11:32.017Z","outcome":"success","email":"9c907b1dd80c096e","ipAddress":"127.0.0.1","userAgent":"unknown","requestId":"14e3f94a-23c3-4daa-97bc-886530882604"}
[2025-12-02T17:11:32.023Z] [App] [INFO] email.queued {
  jobId: '9325a5b4-5f43-42ef-ae05-ef3be0839a97',
  userId: '45357368-b169-4748-9c2d-617f0c11ed08',
  tokenId: 'fa73c28b-214b-4306-940e-4a0955928f32',
  type: 'password_reset',
  to: 'test-forgot-1764695491103-9a77004f626f28@example.com'
}
{"eventId":"53a775ca-ff96-43b0-bd98-01c06910c238","eventType":"auth.reset_password.request","timestamp":"2025-12-02T17:11:32.023Z","outcome":"success","userId":"45357368-b169-4748-9c2d-617f0c11ed08","email":"9c907b1dd80c096e","ipAddress":"127.0.0.1","userAgent":"unknown","requestId":"14e3f94a-23c3-4daa-97bc-886530882604","metadata":{"tokenId":"fa73c28b-214b-4306-940e-4a0955928f32","tokenCreated":true}}

stdout | src/server/auth/__tests__/rbac.test.ts > RBAC - Property-Based Tests > Property: Role assignment is idempotent
[2025-12-02T17:11:32.365Z] [App] [INFO] rbac.assign_role.success {
  userId: '75cee326-499f-4e24-a05e-f3785a71991f',
  role: 'TEAM_ADMIN',
  resourceType: 'team',
  resourceId: '995aebeb-6ebc-4d1c-99b5-14913f528794',
  roleId: '6dd8ec5a-684f-47d2-8deb-85fe7d66f8d8'
}
[2025-12-02T17:11:32.367Z] [App] [INFO] rbac.assign_role.already_exists {
  userId: '75cee326-499f-4e24-a05e-f3785a71991f',
  role: 'TEAM_ADMIN',
  resourceType: 'team',
  resourceId: '995aebeb-6ebc-4d1c-99b5-14913f528794'
}

stdout | src/app/api/auth/reset-password/__tests__/reset-password.property.test.ts > POST /api/auth/reset-password - Property-Based Tests > Property 17: Password reset invalidates all sessions
{"eventId":"dd3a771b-ddf4-4827-8a80-1da77ace54f1","eventType":"auth.reset_password.success","timestamp":"2025-12-02T17:11:32.367Z","outcome":"success","userId":"bfe9bbd0-5e99-441c-ba8a-00c8f8b1b240","email":"ef8f27429376ad0a","ipAddress":"127.0.0.1","userAgent":"unknown","requestId":"8d0777b5-6103-451d-a9aa-a658cd3ceffd","metadata":{"tokenId":"33b1bfdc-c7cc-4259-8941-6707c1d80288","sessionsInvalidated":true}}

stdout | src/app/api/auth/forgot-password/__tests__/forgot-password.property.test.ts > POST /api/auth/forgot-password - Property-Based Tests > Property 16 (token invalidation): New reset request invalidates previous tokens
{"eventId":"17a58464-eb7d-48dc-8212-cc7ac13b6887","eventType":"auth.reset_password.request","timestamp":"2025-12-02T17:11:32.399Z","outcome":"success","email":"86cd35276da19777","ipAddress":"127.0.0.1","userAgent":"unknown","requestId":"9cfa56fc-c262-4e29-a3e7-7544def4ecc2"}
[2025-12-02T17:11:32.415Z] [App] [INFO] email.queued {
  jobId: '8e7cf8e1-0f75-48bb-8bf3-11771a08c7a3',
  userId: 'ab96510e-80ce-4141-813b-58a96b15bf8c',
  tokenId: '66735f2f-c2ac-4d70-80fc-54dcb4d712e7',
  type: 'password_reset',
  to: 'test-forgot-1764695492395-a3eb3fbc6e19c8@example.com'
}
{"eventId":"7e3f098f-1e9f-41b3-8002-c626fd474e82","eventType":"auth.reset_password.request","timestamp":"2025-12-02T17:11:32.415Z","outcome":"success","userId":"ab96510e-80ce-4141-813b-58a96b15bf8c","email":"86cd35276da19777","ipAddress":"127.0.0.1","userAgent":"unknown","requestId":"9cfa56fc-c262-4e29-a3e7-7544def4ecc2","metadata":{"tokenId":"66735f2f-c2ac-4d70-80fc-54dcb4d712e7","tokenCreated":true}}

stdout | src/app/api/auth/forgot-password/__tests__/forgot-password.property.test.ts > POST /api/auth/forgot-password - Property-Based Tests > Property 16 (token invalidation): New reset request invalidates previous tokens
{"eventId":"7f6f64bb-a145-47b3-9843-ad2bb3bf6ce4","eventType":"auth.reset_password.request","timestamp":"2025-12-02T17:11:32.430Z","outcome":"success","email":"86cd35276da19777","ipAddress":"127.0.0.1","userAgent":"unknown","requestId":"bc2100ca-52bf-4243-8657-33bcb4c89244"}
[2025-12-02T17:11:32.443Z] [App] [INFO] email.queued {
  jobId: 'c5aab528-5338-4203-87ab-9e10901096aa',
  userId: 'ab96510e-80ce-4141-813b-58a96b15bf8c',
  tokenId: '4e5b0b83-6a66-418c-baa6-3b420b8f4f66',
  type: 'password_reset',
  to: 'test-forgot-1764695492395-a3eb3fbc6e19c8@example.com'
}
{"eventId":"36e5273e-9ee2-452b-8785-9ab3e5aa459e","eventType":"auth.reset_password.request","timestamp":"2025-12-02T17:11:32.443Z","outcome":"success","userId":"ab96510e-80ce-4141-813b-58a96b15bf8c","email":"86cd35276da19777","ipAddress":"127.0.0.1","userAgent":"unknown","requestId":"bc2100ca-52bf-4243-8657-33bcb4c89244","metadata":{"tokenId":"4e5b0b83-6a66-418c-baa6-3b420b8f4f66","tokenCreated":true}}

stdout | src/app/api/auth/forgot-password/__tests__/forgot-password.property.test.ts > POST /api/auth/forgot-password - Property-Based Tests > Property 16 (token invalidation): New reset request invalidates previous tokens
{"eventId":"ee2737b6-872e-456b-99cc-9ba41c227b4d","eventType":"auth.reset_password.request","timestamp":"2025-12-02T17:11:32.454Z","outcome":"success","email":"86cd35276da19777","ipAddress":"127.0.0.1","userAgent":"unknown","requestId":"16292c13-2384-4f16-a64b-f458228f58a9"}
[2025-12-02T17:11:32.460Z] [App] [INFO] email.queued {
  jobId: '658894c2-33b5-4222-b86c-e298fcee2d0e',
  userId: 'ab96510e-80ce-4141-813b-58a96b15bf8c',
  tokenId: 'c706026a-d63d-4793-afbc-96e81f2c3ea9',
  type: 'password_reset',
  to: 'test-forgot-1764695492395-a3eb3fbc6e19c8@example.com'
}
{"eventId":"cde807e9-2dbc-4e51-9562-9ad49444894e","eventType":"auth.reset_password.request","timestamp":"2025-12-02T17:11:32.460Z","outcome":"success","userId":"ab96510e-80ce-4141-813b-58a96b15bf8c","email":"86cd35276da19777","ipAddress":"127.0.0.1","userAgent":"unknown","requestId":"16292c13-2384-4f16-a64b-f458228f58a9","metadata":{"tokenId":"c706026a-d63d-4793-afbc-96e81f2c3ea9","tokenCreated":true}}

stdout | src/app/api/auth/forgot-password/__tests__/forgot-password.property.test.ts > POST /api/auth/forgot-password - Property-Based Tests > Property 16 (token invalidation): New reset request invalidates previous tokens
{"eventId":"bd43cdd0-7331-42e5-8c86-9f4377267230","eventType":"auth.reset_password.request","timestamp":"2025-12-02T17:11:32.480Z","outcome":"success","email":"86cd35276da19777","ipAddress":"127.0.0.1","userAgent":"unknown","requestId":"222dbf49-824d-4f4f-a3eb-7a83e5c209d7"}
[2025-12-02T17:11:32.482Z] [App] [INFO] email.queued {
  jobId: 'f0a2e92e-6af6-4471-9be4-b0d7138b6ede',
  userId: 'ab96510e-80ce-4141-813b-58a96b15bf8c',
  tokenId: '2e905038-c7c8-4078-a890-947263090ba8',
  type: 'password_reset',
  to: 'test-forgot-1764695492395-a3eb3fbc6e19c8@example.com'
}
{"eventId":"572e633e-a6d7-49cf-b9c6-81bbeffe3a4e","eventType":"auth.reset_password.request","timestamp":"2025-12-02T17:11:32.483Z","outcome":"success","userId":"ab96510e-80ce-4141-813b-58a96b15bf8c","email":"86cd35276da19777","ipAddress":"127.0.0.1","userAgent":"unknown","requestId":"222dbf49-824d-4f4f-a3eb-7a83e5c209d7","metadata":{"tokenId":"2e905038-c7c8-4078-a890-947263090ba8","tokenCreated":true}}

stdout | src/app/api/auth/forgot-password/__tests__/forgot-password.property.test.ts > POST /api/auth/forgot-password - Property-Based Tests > Property 16 (token invalidation): New reset request invalidates previous tokens
{"eventId":"81f3b1a9-dd68-4115-bd49-2a938115c97e","eventType":"auth.reset_password.request","timestamp":"2025-12-02T17:11:32.499Z","outcome":"success","email":"86cd35276da19777","ipAddress":"127.0.0.1","userAgent":"unknown","requestId":"0d084ef7-c76b-478e-a969-f522f729814f"}
[2025-12-02T17:11:32.504Z] [App] [INFO] email.queued {
  jobId: '1bf94336-0d8c-4bbd-91c8-32a62894ac24',
  userId: 'ab96510e-80ce-4141-813b-58a96b15bf8c',
  tokenId: 'ae39fe9b-eba0-4e2a-9cf0-9bdb01e53779',
  type: 'password_reset',
  to: 'test-forgot-1764695492395-a3eb3fbc6e19c8@example.com'
}
{"eventId":"a30dce4f-feda-46c7-9534-aa949e433e42","eventType":"auth.reset_password.request","timestamp":"2025-12-02T17:11:32.504Z","outcome":"success","userId":"ab96510e-80ce-4141-813b-58a96b15bf8c","email":"86cd35276da19777","ipAddress":"127.0.0.1","userAgent":"unknown","requestId":"0d084ef7-c76b-478e-a969-f522f729814f","metadata":{"tokenId":"ae39fe9b-eba0-4e2a-9cf0-9bdb01e53779","tokenCreated":true}}

stdout | src/app/api/auth/forgot-password/__tests__/forgot-password.property.test.ts > POST /api/auth/forgot-password - Property-Based Tests > Property 16 (token invalidation): New reset request invalidates previous tokens
{"eventId":"01a8b010-3143-43f3-8a3f-a64e7a9dd3e1","eventType":"auth.reset_password.request","timestamp":"2025-12-02T17:11:32.519Z","outcome":"success","email":"86cd35276da19777","ipAddress":"127.0.0.1","userAgent":"unknown","requestId":"856a5654-a04f-4177-a017-290713c4c8e2"}
[2025-12-02T17:11:32.523Z] [App] [INFO] email.queued {
  jobId: 'dac34270-afb1-40bd-a461-e50b5b4789a8',
  userId: 'ab96510e-80ce-4141-813b-58a96b15bf8c',
  tokenId: 'cbe5d327-e8c2-4990-a1f2-87165c4b08fe',
  type: 'password_reset',
  to: 'test-forgot-1764695492395-a3eb3fbc6e19c8@example.com'
}
{"eventId":"6fba1c3f-827b-4bd0-a293-7b0b2a1a9f11","eventType":"auth.reset_password.request","timestamp":"2025-12-02T17:11:32.523Z","outcome":"success","userId":"ab96510e-80ce-4141-813b-58a96b15bf8c","email":"86cd35276da19777","ipAddress":"127.0.0.1","userAgent":"unknown","requestId":"856a5654-a04f-4177-a017-290713c4c8e2","metadata":{"tokenId":"cbe5d327-e8c2-4990-a1f2-87165c4b08fe","tokenCreated":true}}

stdout | src/server/auth/__tests__/rbac.test.ts > RBAC - Property-Based Tests > Property: Role assignment is idempotent
[2025-12-02T17:11:32.527Z] [App] [INFO] rbac.assign_role.success {
  userId: 'efa1e886-8856-47b3-841e-14ab01808b58',
  role: 'TEAM_EDITOR',
  resourceType: 'team',
  resourceId: '65214cca-f1a7-4c0f-9522-4d6984e90af6',
  roleId: 'fddf7ac9-a477-480b-b7f6-dce6cbdfc5c0'
}
[2025-12-02T17:11:32.527Z] [App] [INFO] rbac.update_billable_seats { teamId: '65214cca-f1a7-4c0f-9522-4d6984e90af6', billableSeats: 1 }
[2025-12-02T17:11:32.529Z] [App] [INFO] rbac.assign_role.already_exists {
  userId: 'efa1e886-8856-47b3-841e-14ab01808b58',
  role: 'TEAM_EDITOR',
  resourceType: 'team',
  resourceId: '65214cca-f1a7-4c0f-9522-4d6984e90af6'
}

stdout | src/app/api/auth/forgot-password/__tests__/forgot-password.property.test.ts > POST /api/auth/forgot-password - Property-Based Tests > Property 16 (token invalidation): New reset request invalidates previous tokens
{"eventId":"d7daf5f2-7d10-4d76-980a-e3a3748fb374","eventType":"auth.reset_password.request","timestamp":"2025-12-02T17:11:32.539Z","outcome":"success","email":"86cd35276da19777","ipAddress":"127.0.0.1","userAgent":"unknown","requestId":"b00af3f1-3c15-4002-a68a-c781069b7ce5"}
[2025-12-02T17:11:32.542Z] [App] [INFO] email.queued {
  jobId: 'ec77d33f-c7b9-4eec-8bb9-a53a7fe766bf',
  userId: 'ab96510e-80ce-4141-813b-58a96b15bf8c',
  tokenId: 'ee7d0cb4-48d8-4c31-a791-b394de6c3724',
  type: 'password_reset',
  to: 'test-forgot-1764695492395-a3eb3fbc6e19c8@example.com'
}
{"eventId":"33fb644a-e0da-45cb-8add-1d964ecb1712","eventType":"auth.reset_password.request","timestamp":"2025-12-02T17:11:32.542Z","outcome":"success","userId":"ab96510e-80ce-4141-813b-58a96b15bf8c","email":"86cd35276da19777","ipAddress":"127.0.0.1","userAgent":"unknown","requestId":"b00af3f1-3c15-4002-a68a-c781069b7ce5","metadata":{"tokenId":"ee7d0cb4-48d8-4c31-a791-b394de6c3724","tokenCreated":true}}

stdout | src/app/api/auth/forgot-password/__tests__/forgot-password.property.test.ts > POST /api/auth/forgot-password - Property-Based Tests > Property 16 (token invalidation): New reset request invalidates previous tokens
{"eventId":"13a6400b-68f5-4d8f-920b-76f4372bf83a","eventType":"auth.reset_password.request","timestamp":"2025-12-02T17:11:32.557Z","outcome":"success","email":"86cd35276da19777","ipAddress":"127.0.0.1","userAgent":"unknown","requestId":"7cfb45f0-c70c-4faa-8369-e6f972cb6626"}
[2025-12-02T17:11:32.559Z] [App] [INFO] email.queued {
  jobId: 'aa9829d9-2a69-43df-b907-0cc2496f1eff',
  userId: 'ab96510e-80ce-4141-813b-58a96b15bf8c',
  tokenId: 'd77a7eb6-b79c-4b90-a6b4-b6e72de3317c',
  type: 'password_reset',
  to: 'test-forgot-1764695492395-a3eb3fbc6e19c8@example.com'
}
{"eventId":"689de498-4ecb-4c88-8113-9e40a52793bd","eventType":"auth.reset_password.request","timestamp":"2025-12-02T17:11:32.559Z","outcome":"success","userId":"ab96510e-80ce-4141-813b-58a96b15bf8c","email":"86cd35276da19777","ipAddress":"127.0.0.1","userAgent":"unknown","requestId":"7cfb45f0-c70c-4faa-8369-e6f972cb6626","metadata":{"tokenId":"d77a7eb6-b79c-4b90-a6b4-b6e72de3317c","tokenCreated":true}}

 ✓ src/server/teams/__tests__/api-error-shape.property.test.ts (13 tests) 1871ms
stdout | src/app/api/auth/forgot-password/__tests__/forgot-password.property.test.ts > POST /api/auth/forgot-password - Property-Based Tests > Property 16 (token invalidation): New reset request invalidates previous tokens
{"eventId":"3c002cce-6fb0-4196-9c37-6f8b15980f99","eventType":"auth.reset_password.request","timestamp":"2025-12-02T17:11:32.571Z","outcome":"success","email":"86cd35276da19777","ipAddress":"127.0.0.1","userAgent":"unknown","requestId":"a8d06da4-eaf6-4f4e-9cd0-4cf0bc00ac6e"}
[2025-12-02T17:11:32.585Z] [App] [INFO] email.queued {
  jobId: '829f54a3-c456-4b42-963b-a9311aa56a2c',
  userId: 'ab96510e-80ce-4141-813b-58a96b15bf8c',
  tokenId: 'c4a7d81e-2d22-45dc-9b19-18236b3b7913',
  type: 'password_reset',
  to: 'test-forgot-1764695492395-a3eb3fbc6e19c8@example.com'
}
{"eventId":"d3076dfc-e5d0-441e-9b64-3a68e29dfa98","eventType":"auth.reset_password.request","timestamp":"2025-12-02T17:11:32.585Z","outcome":"success","userId":"ab96510e-80ce-4141-813b-58a96b15bf8c","email":"86cd35276da19777","ipAddress":"127.0.0.1","userAgent":"unknown","requestId":"a8d06da4-eaf6-4f4e-9cd0-4cf0bc00ac6e","metadata":{"tokenId":"c4a7d81e-2d22-45dc-9b19-18236b3b7913","tokenCreated":true}}

stdout | src/app/api/auth/forgot-password/__tests__/forgot-password.property.test.ts > POST /api/auth/forgot-password - Property-Based Tests > Property 16 (token invalidation): New reset request invalidates previous tokens
{"eventId":"ce3d9e37-c084-48fd-bfa7-e48541098d6e","eventType":"auth.reset_password.request","timestamp":"2025-12-02T17:11:32.604Z","outcome":"success","email":"86cd35276da19777","ipAddress":"127.0.0.1","userAgent":"unknown","requestId":"175b890a-b4b2-4ab1-a475-214c1bf865b2"}
[2025-12-02T17:11:32.612Z] [App] [INFO] email.queued {
  jobId: '3f3db90d-75a9-4b0b-97d7-0098b0624fef',
  userId: 'ab96510e-80ce-4141-813b-58a96b15bf8c',
  tokenId: '01e444f2-c95f-46dc-abac-c1750f9175b1',
  type: 'password_reset',
  to: 'test-forgot-1764695492395-a3eb3fbc6e19c8@example.com'
}
{"eventId":"3d1b5775-06b6-43d8-88dd-8a5a6118804a","eventType":"auth.reset_password.request","timestamp":"2025-12-02T17:11:32.612Z","outcome":"success","userId":"ab96510e-80ce-4141-813b-58a96b15bf8c","email":"86cd35276da19777","ipAddress":"127.0.0.1","userAgent":"unknown","requestId":"175b890a-b4b2-4ab1-a475-214c1bf865b2","metadata":{"tokenId":"01e444f2-c95f-46dc-abac-c1750f9175b1","tokenCreated":true}}

stdout | src/app/api/auth/forgot-password/__tests__/forgot-password.property.test.ts > POST /api/auth/forgot-password - Property-Based Tests > Property 16 (token invalidation): New reset request invalidates previous tokens
{"eventId":"315fe020-91e8-44b2-9a53-915343f18e7d","eventType":"auth.reset_password.request","timestamp":"2025-12-02T17:11:32.625Z","outcome":"success","email":"86cd35276da19777","ipAddress":"127.0.0.1","userAgent":"unknown","requestId":"d2c084f6-670c-48f5-baa0-40f5a0c2c6e6"}
[2025-12-02T17:11:32.630Z] [App] [INFO] email.queued {
  jobId: '48537760-0a0e-4bcb-bd32-6b2ef1f9448f',
  userId: 'ab96510e-80ce-4141-813b-58a96b15bf8c',
  tokenId: '0a3a010f-979c-4287-85f1-442fcf43cf19',
  type: 'password_reset',
  to: 'test-forgot-1764695492395-a3eb3fbc6e19c8@example.com'
}
{"eventId":"2e538f1b-cf4e-4304-bb86-d84f5e60417c","eventType":"auth.reset_password.request","timestamp":"2025-12-02T17:11:32.630Z","outcome":"success","userId":"ab96510e-80ce-4141-813b-58a96b15bf8c","email":"86cd35276da19777","ipAddress":"127.0.0.1","userAgent":"unknown","requestId":"d2c084f6-670c-48f5-baa0-40f5a0c2c6e6","metadata":{"tokenId":"0a3a010f-979c-4287-85f1-442fcf43cf19","tokenCreated":true}}

stdout | src/app/api/auth/forgot-password/__tests__/forgot-password.property.test.ts > POST /api/auth/forgot-password - Property-Based Tests > Property 16 (token invalidation): New reset request invalidates previous tokens
{"eventId":"3016f54e-1e8f-4a3c-bab9-4b01911598ed","eventType":"auth.reset_password.request","timestamp":"2025-12-02T17:11:32.655Z","outcome":"success","email":"86cd35276da19777","ipAddress":"127.0.0.1","userAgent":"unknown","requestId":"9f8e25b4-3fe3-428a-9806-67d8d617b72c"}
[2025-12-02T17:11:32.660Z] [App] [INFO] email.queued {
  jobId: '3236d241-b0aa-4835-978d-be23f5c02a75',
  userId: 'ab96510e-80ce-4141-813b-58a96b15bf8c',
  tokenId: '2ae2c134-9c1c-471b-a275-a58de3d381fb',
  type: 'password_reset',
  to: 'test-forgot-1764695492395-a3eb3fbc6e19c8@example.com'
}
{"eventId":"716b6491-c529-40b1-acf5-4ae368cd0da1","eventType":"auth.reset_password.request","timestamp":"2025-12-02T17:11:32.660Z","outcome":"success","userId":"ab96510e-80ce-4141-813b-58a96b15bf8c","email":"86cd35276da19777","ipAddress":"127.0.0.1","userAgent":"unknown","requestId":"9f8e25b4-3fe3-428a-9806-67d8d617b72c","metadata":{"tokenId":"2ae2c134-9c1c-471b-a275-a58de3d381fb","tokenCreated":true}}

stdout | src/server/auth/__tests__/rbac.test.ts > RBAC - Property-Based Tests > Property: Role assignment is idempotent
[2025-12-02T17:11:32.674Z] [App] [INFO] rbac.assign_role.success {
  userId: '66bb234d-5142-43ca-937b-001b0839ad5d',
  role: 'TEAM_MEMBER',
  resourceType: 'team',
  resourceId: '462d3834-c86b-4636-9eb9-2380198a2f74',
  roleId: '1371a50c-a404-4455-94ea-f05ca8596b94'
}
[2025-12-02T17:11:32.675Z] [App] [INFO] rbac.assign_role.already_exists {
  userId: '66bb234d-5142-43ca-937b-001b0839ad5d',
  role: 'TEAM_MEMBER',
  resourceType: 'team',
  resourceId: '462d3834-c86b-4636-9eb9-2380198a2f74'
}

stdout | src/app/api/auth/forgot-password/__tests__/forgot-password.property.test.ts > POST /api/auth/forgot-password - Property-Based Tests > Property 16 (token invalidation): New reset request invalidates previous tokens
{"eventId":"429a1000-e799-46a1-bbac-b5b470a982b8","eventType":"auth.reset_password.request","timestamp":"2025-12-02T17:11:32.682Z","outcome":"success","email":"86cd35276da19777","ipAddress":"127.0.0.1","userAgent":"unknown","requestId":"17ea1acd-0ea6-4afd-a144-39f06ab5ca13"}
[2025-12-02T17:11:32.690Z] [App] [INFO] email.queued {
  jobId: '29e00686-31a4-4113-9c14-1a9ecc72be0e',
  userId: 'ab96510e-80ce-4141-813b-58a96b15bf8c',
  tokenId: 'bdf21b07-c4f9-4f1a-a057-7211617ab8a4',
  type: 'password_reset',
  to: 'test-forgot-1764695492395-a3eb3fbc6e19c8@example.com'
}
{"eventId":"153d6d88-b484-43bc-a6ef-5ba89c1c2d4e","eventType":"auth.reset_password.request","timestamp":"2025-12-02T17:11:32.690Z","outcome":"success","userId":"ab96510e-80ce-4141-813b-58a96b15bf8c","email":"86cd35276da19777","ipAddress":"127.0.0.1","userAgent":"unknown","requestId":"17ea1acd-0ea6-4afd-a144-39f06ab5ca13","metadata":{"tokenId":"bdf21b07-c4f9-4f1a-a057-7211617ab8a4","tokenCreated":true}}

stdout | src/app/api/auth/forgot-password/__tests__/forgot-password.property.test.ts > POST /api/auth/forgot-password - Property-Based Tests > Property 16 (token invalidation): New reset request invalidates previous tokens
{"eventId":"0cb84ef4-acc2-4cc2-8f89-6ab05948d55c","eventType":"auth.reset_password.request","timestamp":"2025-12-02T17:11:32.704Z","outcome":"success","email":"86cd35276da19777","ipAddress":"127.0.0.1","userAgent":"unknown","requestId":"fcbfbc55-8e1b-4f07-8db2-fc6d61b54b1c"}
[2025-12-02T17:11:32.707Z] [App] [INFO] email.queued {
  jobId: '530f119c-28b1-4c1b-b754-08d0534da91d',
  userId: 'ab96510e-80ce-4141-813b-58a96b15bf8c',
  tokenId: 'f0510a6a-eb77-49ba-a917-69dd3fda202d',
  type: 'password_reset',
  to: 'test-forgot-1764695492395-a3eb3fbc6e19c8@example.com'
}
{"eventId":"b2b63971-3bfe-46f3-927d-8fb9245fc226","eventType":"auth.reset_password.request","timestamp":"2025-12-02T17:11:32.707Z","outcome":"success","userId":"ab96510e-80ce-4141-813b-58a96b15bf8c","email":"86cd35276da19777","ipAddress":"127.0.0.1","userAgent":"unknown","requestId":"fcbfbc55-8e1b-4f07-8db2-fc6d61b54b1c","metadata":{"tokenId":"f0510a6a-eb77-49ba-a917-69dd3fda202d","tokenCreated":true}}

stdout | src/app/api/auth/reset-password/__tests__/reset-password.property.test.ts > POST /api/auth/reset-password - Property-Based Tests > Property 17: Password reset invalidates all sessions
{"eventId":"7b642f28-80a1-436d-b98e-6edea1557f1a","eventType":"auth.reset_password.success","timestamp":"2025-12-02T17:11:32.725Z","outcome":"success","ipAddress":"127.0.0.1","userAgent":"unknown","requestId":"c0231303-b3dc-4441-9bb9-c29e1da2c25e","metadata":{"stage":"attempt"}}

stdout | src/app/api/auth/forgot-password/__tests__/forgot-password.property.test.ts > POST /api/auth/forgot-password - Property-Based Tests > Property 16 (token invalidation): New reset request invalidates previous tokens
{"eventId":"097b4c14-bb8d-44b1-8a1a-d7041cf848b0","eventType":"auth.reset_password.request","timestamp":"2025-12-02T17:11:32.724Z","outcome":"success","email":"86cd35276da19777","ipAddress":"127.0.0.1","userAgent":"unknown","requestId":"d7524f38-501a-47a0-9de1-0a6f965e8478"}
[2025-12-02T17:11:32.726Z] [App] [INFO] email.queued {
  jobId: 'b91630d6-40d7-4115-85c6-80762e5f4df7',
  userId: 'ab96510e-80ce-4141-813b-58a96b15bf8c',
  tokenId: '7099dc1b-919c-42e9-8e31-15925e0c4727',
  type: 'password_reset',
  to: 'test-forgot-1764695492395-a3eb3fbc6e19c8@example.com'
}
{"eventId":"ec8a5014-799c-4e5c-b112-901e8e6c6c8d","eventType":"auth.reset_password.request","timestamp":"2025-12-02T17:11:32.727Z","outcome":"success","userId":"ab96510e-80ce-4141-813b-58a96b15bf8c","email":"86cd35276da19777","ipAddress":"127.0.0.1","userAgent":"unknown","requestId":"d7524f38-501a-47a0-9de1-0a6f965e8478","metadata":{"tokenId":"7099dc1b-919c-42e9-8e31-15925e0c4727","tokenCreated":true}}

stdout | src/app/api/auth/forgot-password/__tests__/forgot-password.property.test.ts > POST /api/auth/forgot-password - Property-Based Tests > Property 16 (token invalidation): New reset request invalidates previous tokens
{"eventId":"976df6e0-8602-4832-ad13-9e5ad18c7056","eventType":"auth.reset_password.request","timestamp":"2025-12-02T17:11:32.738Z","outcome":"success","email":"86cd35276da19777","ipAddress":"127.0.0.1","userAgent":"unknown","requestId":"a7c11a35-28e1-42bc-9f5f-0ed0b98f941f"}
[2025-12-02T17:11:32.746Z] [App] [INFO] email.queued {
  jobId: '61af6ce7-76c9-4b6d-bcb8-28d2888dda0f',
  userId: 'ab96510e-80ce-4141-813b-58a96b15bf8c',
  tokenId: 'ca8c28aa-1634-40e4-8617-7f9726c93cf1',
  type: 'password_reset',
  to: 'test-forgot-1764695492395-a3eb3fbc6e19c8@example.com'
}
{"eventId":"e95e42f5-5001-4fe5-939e-78e963b7509c","eventType":"auth.reset_password.request","timestamp":"2025-12-02T17:11:32.746Z","outcome":"success","userId":"ab96510e-80ce-4141-813b-58a96b15bf8c","email":"86cd35276da19777","ipAddress":"127.0.0.1","userAgent":"unknown","requestId":"a7c11a35-28e1-42bc-9f5f-0ed0b98f941f","metadata":{"tokenId":"ca8c28aa-1634-40e4-8617-7f9726c93cf1","tokenCreated":true}}

stdout | src/app/api/auth/forgot-password/__tests__/forgot-password.property.test.ts > POST /api/auth/forgot-password - Property-Based Tests > Property 16 (token invalidation): New reset request invalidates previous tokens
{"eventId":"231f4f32-d440-4a5f-96d5-b77bebf7c154","eventType":"auth.reset_password.request","timestamp":"2025-12-02T17:11:32.760Z","outcome":"success","email":"86cd35276da19777","ipAddress":"127.0.0.1","userAgent":"unknown","requestId":"4f7150be-f1b7-477b-8ce1-16ae2245b861"}
[2025-12-02T17:11:32.764Z] [App] [INFO] email.queued {
  jobId: '070e94e2-01c3-40b5-aaa6-10db657144f4',
  userId: 'ab96510e-80ce-4141-813b-58a96b15bf8c',
  tokenId: '0bb1521c-e7d7-4898-b793-97adf244e395',
  type: 'password_reset',
  to: 'test-forgot-1764695492395-a3eb3fbc6e19c8@example.com'
}
{"eventId":"73f6741c-175c-4cb2-9d34-7150de074155","eventType":"auth.reset_password.request","timestamp":"2025-12-02T17:11:32.764Z","outcome":"success","userId":"ab96510e-80ce-4141-813b-58a96b15bf8c","email":"86cd35276da19777","ipAddress":"127.0.0.1","userAgent":"unknown","requestId":"4f7150be-f1b7-477b-8ce1-16ae2245b861","metadata":{"tokenId":"0bb1521c-e7d7-4898-b793-97adf244e395","tokenCreated":true}}

stdout | src/app/api/auth/forgot-password/__tests__/forgot-password.property.test.ts > POST /api/auth/forgot-password - Property-Based Tests > Property 16 (token invalidation): New reset request invalidates previous tokens
{"eventId":"73cd8e93-4a17-45ab-af9d-28858ac9555c","eventType":"auth.reset_password.request","timestamp":"2025-12-02T17:11:32.781Z","outcome":"success","email":"86cd35276da19777","ipAddress":"127.0.0.1","userAgent":"unknown","requestId":"66817521-51a6-4348-9154-046418e5400b"}
[2025-12-02T17:11:32.783Z] [App] [INFO] email.queued {
  jobId: '4e95035d-736a-4341-80bb-0f557940aa41',
  userId: 'ab96510e-80ce-4141-813b-58a96b15bf8c',
  tokenId: 'f70df999-64a7-4140-b7f0-df5d486f032a',
  type: 'password_reset',
  to: 'test-forgot-1764695492395-a3eb3fbc6e19c8@example.com'
}
{"eventId":"4eb68b60-847b-48c4-b4c9-0737bf6ec92a","eventType":"auth.reset_password.request","timestamp":"2025-12-02T17:11:32.783Z","outcome":"success","userId":"ab96510e-80ce-4141-813b-58a96b15bf8c","email":"86cd35276da19777","ipAddress":"127.0.0.1","userAgent":"unknown","requestId":"66817521-51a6-4348-9154-046418e5400b","metadata":{"tokenId":"f70df999-64a7-4140-b7f0-df5d486f032a","tokenCreated":true}}

stdout | src/app/api/auth/forgot-password/__tests__/forgot-password.property.test.ts > POST /api/auth/forgot-password - Property-Based Tests > Property 16 (token invalidation): New reset request invalidates previous tokens
{"eventId":"4d684624-90f8-414c-9214-c79b7f4c32df","eventType":"auth.reset_password.request","timestamp":"2025-12-02T17:11:32.803Z","outcome":"success","email":"86cd35276da19777","ipAddress":"127.0.0.1","userAgent":"unknown","requestId":"1f240bcd-b13a-45ad-94a3-1375255aba1d"}
[2025-12-02T17:11:32.805Z] [App] [INFO] email.queued {
  jobId: '8e737076-7381-4117-87ee-7c77097dc130',
  userId: 'ab96510e-80ce-4141-813b-58a96b15bf8c',
  tokenId: '301e6f8c-c3c6-4902-85ae-baadf125c078',
  type: 'password_reset',
  to: 'test-forgot-1764695492395-a3eb3fbc6e19c8@example.com'
}
{"eventId":"1d7f5c32-951d-4f41-89c5-b8471c456193","eventType":"auth.reset_password.request","timestamp":"2025-12-02T17:11:32.805Z","outcome":"success","userId":"ab96510e-80ce-4141-813b-58a96b15bf8c","email":"86cd35276da19777","ipAddress":"127.0.0.1","userAgent":"unknown","requestId":"1f240bcd-b13a-45ad-94a3-1375255aba1d","metadata":{"tokenId":"301e6f8c-c3c6-4902-85ae-baadf125c078","tokenCreated":true}}

stdout | src/app/api/auth/forgot-password/__tests__/forgot-password.property.test.ts > POST /api/auth/forgot-password - Property-Based Tests > Property 16 (token invalidation): New reset request invalidates previous tokens
{"eventId":"4966a9cc-2281-44d0-ab5e-804df9b27b81","eventType":"auth.reset_password.request","timestamp":"2025-12-02T17:11:32.821Z","outcome":"success","email":"86cd35276da19777","ipAddress":"127.0.0.1","userAgent":"unknown","requestId":"d77d207d-2b53-4ab3-9cd6-84985cba1576"}
[2025-12-02T17:11:32.824Z] [App] [INFO] email.queued {
  jobId: 'de2f0d4d-5ac0-4913-a40b-41a7d53a68ac',
  userId: 'ab96510e-80ce-4141-813b-58a96b15bf8c',
  tokenId: '931705a3-a687-47ff-9cf4-e7637d6b6eff',
  type: 'password_reset',
  to: 'test-forgot-1764695492395-a3eb3fbc6e19c8@example.com'
}
{"eventId":"e13d77e5-6da0-4d54-be49-3ab2e894c74f","eventType":"auth.reset_password.request","timestamp":"2025-12-02T17:11:32.824Z","outcome":"success","userId":"ab96510e-80ce-4141-813b-58a96b15bf8c","email":"86cd35276da19777","ipAddress":"127.0.0.1","userAgent":"unknown","requestId":"d77d207d-2b53-4ab3-9cd6-84985cba1576","metadata":{"tokenId":"931705a3-a687-47ff-9cf4-e7637d6b6eff","tokenCreated":true}}

stdout | src/app/api/auth/forgot-password/__tests__/forgot-password.property.test.ts > POST /api/auth/forgot-password - Property-Based Tests > Property 16 (token invalidation): New reset request invalidates previous tokens
{"eventId":"ca571059-97c1-4fee-9fb1-6fe0d5b928c2","eventType":"auth.reset_password.request","timestamp":"2025-12-02T17:11:32.836Z","outcome":"success","email":"86cd35276da19777","ipAddress":"127.0.0.1","userAgent":"unknown","requestId":"069174b7-11f6-4196-b5c9-2c8a4d63de14"}
[2025-12-02T17:11:32.840Z] [App] [INFO] email.queued {
  jobId: 'd06ce7a5-e54f-46b3-9e27-a8f791e5ae09',
  userId: 'ab96510e-80ce-4141-813b-58a96b15bf8c',
  tokenId: 'b3b2fbcf-4a07-4650-999a-5077d0950d3f',
  type: 'password_reset',
  to: 'test-forgot-1764695492395-a3eb3fbc6e19c8@example.com'
}
{"eventId":"824dd8b2-6a47-4a21-a4de-80455eb16ed9","eventType":"auth.reset_password.request","timestamp":"2025-12-02T17:11:32.840Z","outcome":"success","userId":"ab96510e-80ce-4141-813b-58a96b15bf8c","email":"86cd35276da19777","ipAddress":"127.0.0.1","userAgent":"unknown","requestId":"069174b7-11f6-4196-b5c9-2c8a4d63de14","metadata":{"tokenId":"b3b2fbcf-4a07-4650-999a-5077d0950d3f","tokenCreated":true}}

stdout | src/server/auth/__tests__/rbac.test.ts > RBAC - Property-Based Tests > Property: Role assignment is idempotent
[2025-12-02T17:11:32.850Z] [App] [INFO] rbac.assign_role.success {
  userId: '24049575-26e7-44db-b5ec-59078349b001',
  role: 'TEAM_ADMIN',
  resourceType: 'team',
  resourceId: '0ecc8fe1-7bba-4de5-9796-a62fb8f52696',
  roleId: '0563d29a-7963-479a-8f8c-519f3013c5be'
}
[2025-12-02T17:11:32.850Z] [App] [INFO] rbac.assign_role.already_exists {
  userId: '24049575-26e7-44db-b5ec-59078349b001',
  role: 'TEAM_ADMIN',
  resourceType: 'team',
  resourceId: '0ecc8fe1-7bba-4de5-9796-a62fb8f52696'
}

stdout | src/app/api/auth/forgot-password/__tests__/forgot-password.property.test.ts > POST /api/auth/forgot-password - Property-Based Tests > Property 16 (token invalidation): New reset request invalidates previous tokens
{"eventId":"fe47bbe4-73ce-4911-b717-9ad23fa817ff","eventType":"auth.reset_password.request","timestamp":"2025-12-02T17:11:32.853Z","outcome":"success","email":"86cd35276da19777","ipAddress":"127.0.0.1","userAgent":"unknown","requestId":"1ec5bd74-14fd-4b4d-8227-47cec93c08d9"}
[2025-12-02T17:11:32.857Z] [App] [INFO] email.queued {
  jobId: 'efde5579-1cc2-4d49-8db1-1233b8f9be4d',
  userId: 'ab96510e-80ce-4141-813b-58a96b15bf8c',
  tokenId: '4dbc8b1a-c133-4cdc-9d26-dbf8eeee2fad',
  type: 'password_reset',
  to: 'test-forgot-1764695492395-a3eb3fbc6e19c8@example.com'
}
{"eventId":"7605fa42-b8a3-41aa-8216-46c13d07aab2","eventType":"auth.reset_password.request","timestamp":"2025-12-02T17:11:32.857Z","outcome":"success","userId":"ab96510e-80ce-4141-813b-58a96b15bf8c","email":"86cd35276da19777","ipAddress":"127.0.0.1","userAgent":"unknown","requestId":"1ec5bd74-14fd-4b4d-8227-47cec93c08d9","metadata":{"tokenId":"4dbc8b1a-c133-4cdc-9d26-dbf8eeee2fad","tokenCreated":true}}

stdout | src/app/api/auth/forgot-password/__tests__/forgot-password.property.test.ts > POST /api/auth/forgot-password - Property-Based Tests > Property 16 (token invalidation): New reset request invalidates previous tokens
{"eventId":"f53e877c-13f2-4b15-a6d9-27c3cb9e517d","eventType":"auth.reset_password.request","timestamp":"2025-12-02T17:11:32.872Z","outcome":"success","email":"86cd35276da19777","ipAddress":"127.0.0.1","userAgent":"unknown","requestId":"b67b71da-8a5c-4fa5-9c2a-4d7ddf15c8b7"}
[2025-12-02T17:11:32.876Z] [App] [INFO] email.queued {
  jobId: '789a21e0-da86-4d8d-b834-24d0718c23a5',
  userId: 'ab96510e-80ce-4141-813b-58a96b15bf8c',
  tokenId: 'd3963b5b-ee21-429e-8f3b-296ab4116222',
  type: 'password_reset',
  to: 'test-forgot-1764695492395-a3eb3fbc6e19c8@example.com'
}
{"eventId":"0f3fdcc9-93ed-4231-bac4-e5a2b6fc50a4","eventType":"auth.reset_password.request","timestamp":"2025-12-02T17:11:32.876Z","outcome":"success","userId":"ab96510e-80ce-4141-813b-58a96b15bf8c","email":"86cd35276da19777","ipAddress":"127.0.0.1","userAgent":"unknown","requestId":"b67b71da-8a5c-4fa5-9c2a-4d7ddf15c8b7","metadata":{"tokenId":"d3963b5b-ee21-429e-8f3b-296ab4116222","tokenCreated":true}}

stdout | src/app/api/auth/reset-password/__tests__/reset-password.property.test.ts > POST /api/auth/reset-password - Property-Based Tests > Property 17: Password reset invalidates all sessions
{"eventId":"c030cf7d-10c4-4ea2-bd03-3e1f4e6f10e9","eventType":"auth.reset_password.success","timestamp":"2025-12-02T17:11:32.892Z","outcome":"success","userId":"bfe9bbd0-5e99-441c-ba8a-00c8f8b1b240","email":"ef8f27429376ad0a","ipAddress":"127.0.0.1","userAgent":"unknown","requestId":"c0231303-b3dc-4441-9bb9-c29e1da2c25e","metadata":{"tokenId":"2c783d8f-85a1-449c-960e-ae7015bf3df3","sessionsInvalidated":true}}

stdout | src/app/api/auth/forgot-password/__tests__/forgot-password.property.test.ts > POST /api/auth/forgot-password - Property-Based Tests > Property 16 (token invalidation): New reset request invalidates previous tokens
{"eventId":"ae03f60f-5953-4c75-afb7-e74532aebd47","eventType":"auth.reset_password.request","timestamp":"2025-12-02T17:11:32.887Z","outcome":"success","email":"86cd35276da19777","ipAddress":"127.0.0.1","userAgent":"unknown","requestId":"929a4a39-1e88-4cfd-85bc-76a22a431fb8"}
[2025-12-02T17:11:32.897Z] [App] [INFO] email.queued {
  jobId: 'b164b9e5-8fcc-4bcf-9535-26b2fa20cc5b',
  userId: 'ab96510e-80ce-4141-813b-58a96b15bf8c',
  tokenId: '619a5aad-3d73-4636-a22d-8026d7624a65',
  type: 'password_reset',
  to: 'test-forgot-1764695492395-a3eb3fbc6e19c8@example.com'
}
{"eventId":"73279306-364e-45bf-92a5-ae5233bd68eb","eventType":"auth.reset_password.request","timestamp":"2025-12-02T17:11:32.898Z","outcome":"success","userId":"ab96510e-80ce-4141-813b-58a96b15bf8c","email":"86cd35276da19777","ipAddress":"127.0.0.1","userAgent":"unknown","requestId":"929a4a39-1e88-4cfd-85bc-76a22a431fb8","metadata":{"tokenId":"619a5aad-3d73-4636-a22d-8026d7624a65","tokenCreated":true}}

stdout | src/app/api/auth/forgot-password/__tests__/forgot-password.property.test.ts > POST /api/auth/forgot-password - Property-Based Tests > Property 16 (token invalidation): New reset request invalidates previous tokens
{"eventId":"5f1378e7-9c4e-4f19-98b3-c3de57352ce8","eventType":"auth.reset_password.request","timestamp":"2025-12-02T17:11:32.909Z","outcome":"success","email":"86cd35276da19777","ipAddress":"127.0.0.1","userAgent":"unknown","requestId":"c25d7de5-3b69-4d3c-9dab-06e308a78a7c"}
[2025-12-02T17:11:32.916Z] [App] [INFO] email.queued {
  jobId: '1f97dff1-5de8-41c5-a248-7a67e4b4f1f7',
  userId: 'ab96510e-80ce-4141-813b-58a96b15bf8c',
  tokenId: '37e764c5-3d2d-43fa-90e3-26c2419dabe3',
  type: 'password_reset',
  to: 'test-forgot-1764695492395-a3eb3fbc6e19c8@example.com'
}
{"eventId":"4f1291b4-8e15-47d6-a829-627b0a67b9c0","eventType":"auth.reset_password.request","timestamp":"2025-12-02T17:11:32.916Z","outcome":"success","userId":"ab96510e-80ce-4141-813b-58a96b15bf8c","email":"86cd35276da19777","ipAddress":"127.0.0.1","userAgent":"unknown","requestId":"c25d7de5-3b69-4d3c-9dab-06e308a78a7c","metadata":{"tokenId":"37e764c5-3d2d-43fa-90e3-26c2419dabe3","tokenCreated":true}}

stdout | src/app/api/auth/forgot-password/__tests__/forgot-password.property.test.ts > POST /api/auth/forgot-password - Property-Based Tests > Property 16 (token invalidation): New reset request invalidates previous tokens
{"eventId":"317d3ebe-6091-4f5f-8b6c-c33957572fcd","eventType":"auth.reset_password.request","timestamp":"2025-12-02T17:11:32.957Z","outcome":"success","email":"86cd35276da19777","ipAddress":"127.0.0.1","userAgent":"unknown","requestId":"c9ab5c6c-68bd-4269-8071-d6402aadb4ee"}
[2025-12-02T17:11:32.973Z] [App] [INFO] email.queued {
  jobId: '645db705-4537-49f8-a3e4-67805e368592',
  userId: 'ab96510e-80ce-4141-813b-58a96b15bf8c',
  tokenId: 'fe71fb52-88a2-413f-8897-882ca8f7322b',
  type: 'password_reset',
  to: 'test-forgot-1764695492395-a3eb3fbc6e19c8@example.com'
}
{"eventId":"e6edcf82-bb7f-48e2-bf1f-60ac25eecfe0","eventType":"auth.reset_password.request","timestamp":"2025-12-02T17:11:32.973Z","outcome":"success","userId":"ab96510e-80ce-4141-813b-58a96b15bf8c","email":"86cd35276da19777","ipAddress":"127.0.0.1","userAgent":"unknown","requestId":"c9ab5c6c-68bd-4269-8071-d6402aadb4ee","metadata":{"tokenId":"fe71fb52-88a2-413f-8897-882ca8f7322b","tokenCreated":true}}

stdout | src/app/api/auth/forgot-password/__tests__/forgot-password.property.test.ts > POST /api/auth/forgot-password - Property-Based Tests > Property 16 (token invalidation): New reset request invalidates previous tokens
{"eventId":"7a795d55-e6c3-4317-82b0-821425295749","eventType":"auth.reset_password.request","timestamp":"2025-12-02T17:11:32.985Z","outcome":"success","email":"86cd35276da19777","ipAddress":"127.0.0.1","userAgent":"unknown","requestId":"65cbe403-ab23-4034-a680-93eeb197ce4b"}
[2025-12-02T17:11:32.996Z] [App] [INFO] email.queued {
  jobId: 'a50db615-68e6-4a38-8579-47e67c738ce4',
  userId: 'ab96510e-80ce-4141-813b-58a96b15bf8c',
  tokenId: '6b19b664-3de6-4416-b657-c5a083d10b62',
  type: 'password_reset',
  to: 'test-forgot-1764695492395-a3eb3fbc6e19c8@example.com'
}
{"eventId":"821cba79-d49d-4638-9191-50db2307acba","eventType":"auth.reset_password.request","timestamp":"2025-12-02T17:11:32.996Z","outcome":"success","userId":"ab96510e-80ce-4141-813b-58a96b15bf8c","email":"86cd35276da19777","ipAddress":"127.0.0.1","userAgent":"unknown","requestId":"65cbe403-ab23-4034-a680-93eeb197ce4b","metadata":{"tokenId":"6b19b664-3de6-4416-b657-c5a083d10b62","tokenCreated":true}}

stdout | src/app/api/auth/forgot-password/__tests__/forgot-password.property.test.ts > POST /api/auth/forgot-password - Property-Based Tests > Property 16 (token invalidation): New reset request invalidates previous tokens
{"eventId":"f822df39-523b-484d-a1ac-f77d18f929b7","eventType":"auth.reset_password.request","timestamp":"2025-12-02T17:11:33.014Z","outcome":"success","email":"86cd35276da19777","ipAddress":"127.0.0.1","userAgent":"unknown","requestId":"7536f2bc-f4c7-4079-87e1-abdd177ca36f"}
[2025-12-02T17:11:33.016Z] [App] [INFO] email.queued {
  jobId: 'f133eedb-5045-40fe-a893-657d2f48b3c8',
  userId: 'ab96510e-80ce-4141-813b-58a96b15bf8c',
  tokenId: '18102fc0-b11f-4a3c-895f-a6a5f9f354bb',
  type: 'password_reset',
  to: 'test-forgot-1764695492395-a3eb3fbc6e19c8@example.com'
}
{"eventId":"60ad6914-c49f-473d-8c51-c4a93730687b","eventType":"auth.reset_password.request","timestamp":"2025-12-02T17:11:33.016Z","outcome":"success","userId":"ab96510e-80ce-4141-813b-58a96b15bf8c","email":"86cd35276da19777","ipAddress":"127.0.0.1","userAgent":"unknown","requestId":"7536f2bc-f4c7-4079-87e1-abdd177ca36f","metadata":{"tokenId":"18102fc0-b11f-4a3c-895f-a6a5f9f354bb","tokenCreated":true}}

stdout | src/app/api/auth/forgot-password/__tests__/forgot-password.property.test.ts > POST /api/auth/forgot-password - Property-Based Tests > Property 16 (token invalidation): New reset request invalidates previous tokens
{"eventId":"4af09d02-bbdc-454e-b497-ac9072b1d0c5","eventType":"auth.reset_password.request","timestamp":"2025-12-02T17:11:33.030Z","outcome":"success","email":"86cd35276da19777","ipAddress":"127.0.0.1","userAgent":"unknown","requestId":"827d25b5-953c-44e4-a396-0d0e91a0f6b6"}
[2025-12-02T17:11:33.032Z] [App] [INFO] email.queued {
  jobId: '95629647-8b72-4438-b78c-294720b2cfd6',
  userId: 'ab96510e-80ce-4141-813b-58a96b15bf8c',
  tokenId: '263a385b-55c5-4fc4-81c7-4ea1087a6989',
  type: 'password_reset',
  to: 'test-forgot-1764695492395-a3eb3fbc6e19c8@example.com'
}
{"eventId":"f2b42510-3046-4e3f-9cc8-e10b4bafb8a5","eventType":"auth.reset_password.request","timestamp":"2025-12-02T17:11:33.032Z","outcome":"success","userId":"ab96510e-80ce-4141-813b-58a96b15bf8c","email":"86cd35276da19777","ipAddress":"127.0.0.1","userAgent":"unknown","requestId":"827d25b5-953c-44e4-a396-0d0e91a0f6b6","metadata":{"tokenId":"263a385b-55c5-4fc4-81c7-4ea1087a6989","tokenCreated":true}}

stdout | src/app/api/auth/forgot-password/__tests__/forgot-password.property.test.ts > POST /api/auth/forgot-password - Property-Based Tests > Property 16 (token invalidation): New reset request invalidates previous tokens
{"eventId":"a88cbb42-5384-4ad5-a6b6-a2688f29daa7","eventType":"auth.reset_password.request","timestamp":"2025-12-02T17:11:33.048Z","outcome":"success","email":"86cd35276da19777","ipAddress":"127.0.0.1","userAgent":"unknown","requestId":"964747bb-373c-44b1-9e74-d19fe86d9286"}
[2025-12-02T17:11:33.057Z] [App] [INFO] email.queued {
  jobId: '1d9192e3-ede1-48e3-89c1-a65e8bacbd9e',
  userId: 'ab96510e-80ce-4141-813b-58a96b15bf8c',
  tokenId: '994df7ab-2515-41de-8311-225dc6ec61b7',
  type: 'password_reset',
  to: 'test-forgot-1764695492395-a3eb3fbc6e19c8@example.com'
}
{"eventId":"6188203c-782f-42b1-99f5-b12266fe2ac9","eventType":"auth.reset_password.request","timestamp":"2025-12-02T17:11:33.057Z","outcome":"success","userId":"ab96510e-80ce-4141-813b-58a96b15bf8c","email":"86cd35276da19777","ipAddress":"127.0.0.1","userAgent":"unknown","requestId":"964747bb-373c-44b1-9e74-d19fe86d9286","metadata":{"tokenId":"994df7ab-2515-41de-8311-225dc6ec61b7","tokenCreated":true}}

stdout | src/server/auth/__tests__/rbac.test.ts > RBAC - Property-Based Tests > Property: Role assignment is idempotent
[2025-12-02T17:11:33.067Z] [App] [INFO] rbac.assign_role.success {
  userId: '848f9a0b-fa4b-4266-8e3f-c280c441bce8',
  role: 'TEAM_ADMIN',
  resourceType: 'team',
  resourceId: '9f7dfbf6-d8c7-42ea-8591-330a46fd744a',
  roleId: '65d24831-3278-4aec-9e16-9926fd1eea83'
}
[2025-12-02T17:11:33.068Z] [App] [INFO] rbac.assign_role.already_exists {
  userId: '848f9a0b-fa4b-4266-8e3f-c280c441bce8',
  role: 'TEAM_ADMIN',
  resourceType: 'team',
  resourceId: '9f7dfbf6-d8c7-42ea-8591-330a46fd744a'
}

stdout | src/app/api/auth/forgot-password/__tests__/forgot-password.property.test.ts > POST /api/auth/forgot-password - Property-Based Tests > Property 16 (token invalidation): New reset request invalidates previous tokens
{"eventId":"6ceb44a6-f695-4146-9817-55e268360a47","eventType":"auth.reset_password.request","timestamp":"2025-12-02T17:11:33.071Z","outcome":"success","email":"86cd35276da19777","ipAddress":"127.0.0.1","userAgent":"unknown","requestId":"3c72723e-7c0f-410e-b868-43dcf3a5a625"}
[2025-12-02T17:11:33.080Z] [App] [INFO] email.queued {
  jobId: '1f7b7bd6-f0a1-4245-bbed-be5ed4a648c5',
  userId: 'ab96510e-80ce-4141-813b-58a96b15bf8c',
  tokenId: 'cfe2c1e6-edd0-438a-bb67-af6ab335144a',
  type: 'password_reset',
  to: 'test-forgot-1764695492395-a3eb3fbc6e19c8@example.com'
}
{"eventId":"9fbcd632-55f1-49ff-8897-65cc86adeecb","eventType":"auth.reset_password.request","timestamp":"2025-12-02T17:11:33.080Z","outcome":"success","userId":"ab96510e-80ce-4141-813b-58a96b15bf8c","email":"86cd35276da19777","ipAddress":"127.0.0.1","userAgent":"unknown","requestId":"3c72723e-7c0f-410e-b868-43dcf3a5a625","metadata":{"tokenId":"cfe2c1e6-edd0-438a-bb67-af6ab335144a","tokenCreated":true}}

stdout | src/app/api/auth/forgot-password/__tests__/forgot-password.property.test.ts > POST /api/auth/forgot-password - Property-Based Tests > Property 16 (token invalidation): New reset request invalidates previous tokens
{"eventId":"9613182e-2191-48ce-b6f7-fff46b2d7498","eventType":"auth.reset_password.request","timestamp":"2025-12-02T17:11:33.099Z","outcome":"success","email":"86cd35276da19777","ipAddress":"127.0.0.1","userAgent":"unknown","requestId":"54afc0fb-2d5c-4525-8982-7a58eb44f294"}
[2025-12-02T17:11:33.107Z] [App] [INFO] email.queued {
  jobId: '9da62f75-55a7-4790-b517-192a65ba6f1e',
  userId: 'ab96510e-80ce-4141-813b-58a96b15bf8c',
  tokenId: '329349c0-cca4-4c63-806d-c1ed5b1828de',
  type: 'password_reset',
  to: 'test-forgot-1764695492395-a3eb3fbc6e19c8@example.com'
}
{"eventId":"772a3a57-73e3-46d9-8db8-bef4e2e6b9a8","eventType":"auth.reset_password.request","timestamp":"2025-12-02T17:11:33.107Z","outcome":"success","userId":"ab96510e-80ce-4141-813b-58a96b15bf8c","email":"86cd35276da19777","ipAddress":"127.0.0.1","userAgent":"unknown","requestId":"54afc0fb-2d5c-4525-8982-7a58eb44f294","metadata":{"tokenId":"329349c0-cca4-4c63-806d-c1ed5b1828de","tokenCreated":true}}

stdout | src/app/api/auth/forgot-password/__tests__/forgot-password.property.test.ts > POST /api/auth/forgot-password - Property-Based Tests > Property 16 (token invalidation): New reset request invalidates previous tokens
{"eventId":"798d8ad7-cbeb-4405-aa3b-2ff053da270c","eventType":"auth.reset_password.request","timestamp":"2025-12-02T17:11:33.119Z","outcome":"success","email":"86cd35276da19777","ipAddress":"127.0.0.1","userAgent":"unknown","requestId":"dd01f489-4a3c-4139-98e0-8fdb20350519"}
[2025-12-02T17:11:33.129Z] [App] [INFO] email.queued {
  jobId: 'dca7741b-7720-45d2-ab46-f48bf8b37a4f',
  userId: 'ab96510e-80ce-4141-813b-58a96b15bf8c',
  tokenId: '1791b394-b51f-47ae-81fb-162cf014523d',
  type: 'password_reset',
  to: 'test-forgot-1764695492395-a3eb3fbc6e19c8@example.com'
}
{"eventId":"ba89d62e-ea5c-45b4-b022-4b993ad4498b","eventType":"auth.reset_password.request","timestamp":"2025-12-02T17:11:33.129Z","outcome":"success","userId":"ab96510e-80ce-4141-813b-58a96b15bf8c","email":"86cd35276da19777","ipAddress":"127.0.0.1","userAgent":"unknown","requestId":"dd01f489-4a3c-4139-98e0-8fdb20350519","metadata":{"tokenId":"1791b394-b51f-47ae-81fb-162cf014523d","tokenCreated":true}}

stdout | src/app/api/auth/forgot-password/__tests__/forgot-password.property.test.ts > POST /api/auth/forgot-password - Property-Based Tests > Property 16 (token invalidation): New reset request invalidates previous tokens
{"eventId":"fc422bbc-9546-4eaa-890f-30aebccfbbc8","eventType":"auth.reset_password.request","timestamp":"2025-12-02T17:11:33.148Z","outcome":"success","email":"86cd35276da19777","ipAddress":"127.0.0.1","userAgent":"unknown","requestId":"8cc65f64-8d04-4430-ad62-d74a062f9d8a"}
[2025-12-02T17:11:33.173Z] [App] [INFO] email.queued {
  jobId: '3055552a-3987-4777-ab1d-43ae35adac59',
  userId: 'ab96510e-80ce-4141-813b-58a96b15bf8c',
  tokenId: 'a7d58512-8139-4f2c-b9d1-57c9d5f3e883',
  type: 'password_reset',
  to: 'test-forgot-1764695492395-a3eb3fbc6e19c8@example.com'
}
{"eventId":"02c08a84-e06b-41dd-85e5-5d6d656ceacb","eventType":"auth.reset_password.request","timestamp":"2025-12-02T17:11:33.173Z","outcome":"success","userId":"ab96510e-80ce-4141-813b-58a96b15bf8c","email":"86cd35276da19777","ipAddress":"127.0.0.1","userAgent":"unknown","requestId":"8cc65f64-8d04-4430-ad62-d74a062f9d8a","metadata":{"tokenId":"a7d58512-8139-4f2c-b9d1-57c9d5f3e883","tokenCreated":true}}

stdout | src/app/api/auth/forgot-password/__tests__/forgot-password.property.test.ts > POST /api/auth/forgot-password - Property-Based Tests > Property 16 (token invalidation): New reset request invalidates previous tokens
{"eventId":"41d63662-b145-46b9-b108-5cf63133454f","eventType":"auth.reset_password.request","timestamp":"2025-12-02T17:11:33.187Z","outcome":"success","email":"86cd35276da19777","ipAddress":"127.0.0.1","userAgent":"unknown","requestId":"c9eda9b6-13ac-4e1a-9c87-cfb1c82ec5dd"}
[2025-12-02T17:11:33.189Z] [App] [INFO] email.queued {
  jobId: 'b1b4ecf3-0751-4d6d-bce1-f840c0455e3d',
  userId: 'ab96510e-80ce-4141-813b-58a96b15bf8c',
  tokenId: '1dbc6223-ff91-4cbc-9812-f5c3c35a0a03',
  type: 'password_reset',
  to: 'test-forgot-1764695492395-a3eb3fbc6e19c8@example.com'
}
{"eventId":"939c6cd7-2fd5-4f66-a939-ec5eb8611d08","eventType":"auth.reset_password.request","timestamp":"2025-12-02T17:11:33.189Z","outcome":"success","userId":"ab96510e-80ce-4141-813b-58a96b15bf8c","email":"86cd35276da19777","ipAddress":"127.0.0.1","userAgent":"unknown","requestId":"c9eda9b6-13ac-4e1a-9c87-cfb1c82ec5dd","metadata":{"tokenId":"1dbc6223-ff91-4cbc-9812-f5c3c35a0a03","tokenCreated":true}}

stdout | src/app/api/auth/forgot-password/__tests__/forgot-password.property.test.ts > POST /api/auth/forgot-password - Property-Based Tests > Property 16 (token invalidation): New reset request invalidates previous tokens
{"eventId":"ff01e02b-7d39-4d32-a7a4-1ae4af24378a","eventType":"auth.reset_password.request","timestamp":"2025-12-02T17:11:33.201Z","outcome":"success","email":"86cd35276da19777","ipAddress":"127.0.0.1","userAgent":"unknown","requestId":"d3b5d815-83ad-4dd6-82c2-68fddfea7442"}
[2025-12-02T17:11:33.208Z] [App] [INFO] email.queued {
  jobId: '6db6db2f-44bd-4f23-bfac-1985c26c1295',
  userId: 'ab96510e-80ce-4141-813b-58a96b15bf8c',
  tokenId: 'bf50168f-26c2-42c8-964a-36d1f2f3f6f8',
  type: 'password_reset',
  to: 'test-forgot-1764695492395-a3eb3fbc6e19c8@example.com'
}
{"eventId":"45b63fd8-8a67-4447-976e-7b8cb4dda2b8","eventType":"auth.reset_password.request","timestamp":"2025-12-02T17:11:33.208Z","outcome":"success","userId":"ab96510e-80ce-4141-813b-58a96b15bf8c","email":"86cd35276da19777","ipAddress":"127.0.0.1","userAgent":"unknown","requestId":"d3b5d815-83ad-4dd6-82c2-68fddfea7442","metadata":{"tokenId":"bf50168f-26c2-42c8-964a-36d1f2f3f6f8","tokenCreated":true}}

stdout | src/app/api/auth/forgot-password/__tests__/forgot-password.property.test.ts > POST /api/auth/forgot-password - Property-Based Tests > Property 16 (token invalidation): New reset request invalidates previous tokens
{"eventId":"b9155203-caa4-4771-a0bf-05083ad1b92d","eventType":"auth.reset_password.request","timestamp":"2025-12-02T17:11:33.223Z","outcome":"success","email":"86cd35276da19777","ipAddress":"127.0.0.1","userAgent":"unknown","requestId":"6d2d343c-c806-4f6b-826d-38cf6acad00f"}
[2025-12-02T17:11:33.225Z] [App] [INFO] email.queued {
  jobId: '8c0b8a9d-fd67-4266-a44e-fc65d881b3fe',
  userId: 'ab96510e-80ce-4141-813b-58a96b15bf8c',
  tokenId: '675ea938-71a8-4410-8bbf-0fce33ccaef3',
  type: 'password_reset',
  to: 'test-forgot-1764695492395-a3eb3fbc6e19c8@example.com'
}
{"eventId":"9132f439-222b-4351-b842-9d502359d786","eventType":"auth.reset_password.request","timestamp":"2025-12-02T17:11:33.225Z","outcome":"success","userId":"ab96510e-80ce-4141-813b-58a96b15bf8c","email":"86cd35276da19777","ipAddress":"127.0.0.1","userAgent":"unknown","requestId":"6d2d343c-c806-4f6b-826d-38cf6acad00f","metadata":{"tokenId":"675ea938-71a8-4410-8bbf-0fce33ccaef3","tokenCreated":true}}

stdout | src/server/auth/__tests__/rbac.test.ts > RBAC - Property-Based Tests > Property: Role assignment is idempotent
[2025-12-02T17:11:33.233Z] [App] [INFO] rbac.assign_role.success {
  userId: '310c8e2e-481a-4d81-98ac-151b5c097227',
  role: 'TEAM_ADMIN',
  resourceType: 'team',
  resourceId: 'a32c7a3c-e403-45ea-bfba-3313656fac62',
  roleId: 'b45cb4d3-fa6e-4a88-a6b2-16b83f1e05f6'
}
[2025-12-02T17:11:33.234Z] [App] [INFO] rbac.assign_role.already_exists {
  userId: '310c8e2e-481a-4d81-98ac-151b5c097227',
  role: 'TEAM_ADMIN',
  resourceType: 'team',
  resourceId: 'a32c7a3c-e403-45ea-bfba-3313656fac62'
}

stdout | src/app/api/auth/forgot-password/__tests__/forgot-password.property.test.ts > POST /api/auth/forgot-password - Property-Based Tests > Property 16 (token invalidation): New reset request invalidates previous tokens
{"eventId":"432174bb-6155-41d6-b75a-5805c546991b","eventType":"auth.reset_password.request","timestamp":"2025-12-02T17:11:33.238Z","outcome":"success","email":"86cd35276da19777","ipAddress":"127.0.0.1","userAgent":"unknown","requestId":"3c94ffb4-78d7-4661-9722-419fd7b3e86d"}
[2025-12-02T17:11:33.241Z] [App] [INFO] email.queued {
  jobId: 'b4773fe1-d71a-47a3-9efc-6325c85114c8',
  userId: 'ab96510e-80ce-4141-813b-58a96b15bf8c',
  tokenId: '2b279bf0-e33b-4da3-bd81-ce7213c39d05',
  type: 'password_reset',
  to: 'test-forgot-1764695492395-a3eb3fbc6e19c8@example.com'
}
{"eventId":"1ba3409a-d8a1-47df-803b-a45c6be3c804","eventType":"auth.reset_password.request","timestamp":"2025-12-02T17:11:33.241Z","outcome":"success","userId":"ab96510e-80ce-4141-813b-58a96b15bf8c","email":"86cd35276da19777","ipAddress":"127.0.0.1","userAgent":"unknown","requestId":"3c94ffb4-78d7-4661-9722-419fd7b3e86d","metadata":{"tokenId":"2b279bf0-e33b-4da3-bd81-ce7213c39d05","tokenCreated":true}}

stdout | src/app/api/auth/forgot-password/__tests__/forgot-password.property.test.ts > POST /api/auth/forgot-password - Property-Based Tests > Property 16 (token invalidation): New reset request invalidates previous tokens
{"eventId":"af6e99f1-cb8c-4d54-aeee-fda7dc0ef5d6","eventType":"auth.reset_password.request","timestamp":"2025-12-02T17:11:33.255Z","outcome":"success","email":"86cd35276da19777","ipAddress":"127.0.0.1","userAgent":"unknown","requestId":"2766da86-f6cd-4aa2-ac44-79ec6d1be043"}
[2025-12-02T17:11:33.257Z] [App] [INFO] email.queued {
  jobId: '8099f2e6-2c54-4431-b80a-e782ad707353',
  userId: 'ab96510e-80ce-4141-813b-58a96b15bf8c',
  tokenId: '43db285f-faf8-4751-9451-4860a802c578',
  type: 'password_reset',
  to: 'test-forgot-1764695492395-a3eb3fbc6e19c8@example.com'
}
{"eventId":"dac45f97-4342-4f0d-b339-6c8061a28618","eventType":"auth.reset_password.request","timestamp":"2025-12-02T17:11:33.257Z","outcome":"success","userId":"ab96510e-80ce-4141-813b-58a96b15bf8c","email":"86cd35276da19777","ipAddress":"127.0.0.1","userAgent":"unknown","requestId":"2766da86-f6cd-4aa2-ac44-79ec6d1be043","metadata":{"tokenId":"43db285f-faf8-4751-9451-4860a802c578","tokenCreated":true}}

stdout | src/app/api/auth/reset-password/__tests__/reset-password.property.test.ts > POST /api/auth/reset-password - Property-Based Tests > Property 17: Password reset invalidates all sessions
{"eventId":"6cbb9764-26c9-4335-b8a3-f1deb0d32b51","eventType":"auth.reset_password.success","timestamp":"2025-12-02T17:11:33.268Z","outcome":"success","ipAddress":"127.0.0.1","userAgent":"unknown","requestId":"f77afd6a-ba67-4d85-ac54-ed1377bf34fa","metadata":{"stage":"attempt"}}

stdout | src/app/api/auth/forgot-password/__tests__/forgot-password.property.test.ts > POST /api/auth/forgot-password - Property-Based Tests > Property 16 (token invalidation): New reset request invalidates previous tokens
{"eventId":"3f8b07dd-64ab-42d2-af63-77ed6fbe7cda","eventType":"auth.reset_password.request","timestamp":"2025-12-02T17:11:33.274Z","outcome":"success","email":"86cd35276da19777","ipAddress":"127.0.0.1","userAgent":"unknown","requestId":"2baae623-d5d3-40ac-9deb-2cc8f7ae5a8b"}
[2025-12-02T17:11:33.280Z] [App] [INFO] email.queued {
  jobId: 'd4e9a454-8d10-4761-8cd3-78e00549e989',
  userId: 'ab96510e-80ce-4141-813b-58a96b15bf8c',
  tokenId: 'a0a507ab-e783-4a2e-9241-aa8e32d49d12',
  type: 'password_reset',
  to: 'test-forgot-1764695492395-a3eb3fbc6e19c8@example.com'
}
{"eventId":"582cd67d-acdb-41de-a2e4-ab073c6129d4","eventType":"auth.reset_password.request","timestamp":"2025-12-02T17:11:33.280Z","outcome":"success","userId":"ab96510e-80ce-4141-813b-58a96b15bf8c","email":"86cd35276da19777","ipAddress":"127.0.0.1","userAgent":"unknown","requestId":"2baae623-d5d3-40ac-9deb-2cc8f7ae5a8b","metadata":{"tokenId":"a0a507ab-e783-4a2e-9241-aa8e32d49d12","tokenCreated":true}}

stdout | src/app/api/auth/forgot-password/__tests__/forgot-password.property.test.ts > POST /api/auth/forgot-password - Property-Based Tests > Property 16 (token invalidation): New reset request invalidates previous tokens
{"eventId":"eea564e6-12f4-4444-8e69-65a7f780c023","eventType":"auth.reset_password.request","timestamp":"2025-12-02T17:11:33.336Z","outcome":"success","email":"86cd35276da19777","ipAddress":"127.0.0.1","userAgent":"unknown","requestId":"d6d3fa57-51d8-4ca1-9d59-5784e3dca788"}
[2025-12-02T17:11:33.347Z] [App] [INFO] email.queued {
  jobId: 'fdfafdc9-2ae0-4609-a743-ddf52c36ca8d',
  userId: 'ab96510e-80ce-4141-813b-58a96b15bf8c',
  tokenId: '57d68080-520b-4e0a-8069-a14a392df304',
  type: 'password_reset',
  to: 'test-forgot-1764695492395-a3eb3fbc6e19c8@example.com'
}
{"eventId":"3f56c167-6be9-4d27-b651-fcdbf7243209","eventType":"auth.reset_password.request","timestamp":"2025-12-02T17:11:33.347Z","outcome":"success","userId":"ab96510e-80ce-4141-813b-58a96b15bf8c","email":"86cd35276da19777","ipAddress":"127.0.0.1","userAgent":"unknown","requestId":"d6d3fa57-51d8-4ca1-9d59-5784e3dca788","metadata":{"tokenId":"57d68080-520b-4e0a-8069-a14a392df304","tokenCreated":true}}

stdout | src/app/api/auth/forgot-password/__tests__/forgot-password.property.test.ts > POST /api/auth/forgot-password - Property-Based Tests > Property 16 (token invalidation): New reset request invalidates previous tokens
{"eventId":"978c3149-10fa-4f3b-8913-221518894f9c","eventType":"auth.reset_password.request","timestamp":"2025-12-02T17:11:33.384Z","outcome":"success","email":"86cd35276da19777","ipAddress":"127.0.0.1","userAgent":"unknown","requestId":"4d9d3c6a-b9c4-4d36-a067-9086a11bd9b5"}
[2025-12-02T17:11:33.396Z] [App] [INFO] email.queued {
  jobId: '0680acfa-7e9c-4d35-9b32-f25d4e664088',
  userId: 'ab96510e-80ce-4141-813b-58a96b15bf8c',
  tokenId: '50dac046-e41c-4cea-aadf-b39104ff5c12',
  type: 'password_reset',
  to: 'test-forgot-1764695492395-a3eb3fbc6e19c8@example.com'
}
{"eventId":"77ef4ea0-33a2-44e0-98f4-2e2ef287c1ce","eventType":"auth.reset_password.request","timestamp":"2025-12-02T17:11:33.396Z","outcome":"success","userId":"ab96510e-80ce-4141-813b-58a96b15bf8c","email":"86cd35276da19777","ipAddress":"127.0.0.1","userAgent":"unknown","requestId":"4d9d3c6a-b9c4-4d36-a067-9086a11bd9b5","metadata":{"tokenId":"50dac046-e41c-4cea-aadf-b39104ff5c12","tokenCreated":true}}

stdout | src/app/api/auth/forgot-password/__tests__/forgot-password.property.test.ts > POST /api/auth/forgot-password - Property-Based Tests > Property 16 (token invalidation): New reset request invalidates previous tokens
{"eventId":"3388853d-e593-4429-89d4-d206aa83944f","eventType":"auth.reset_password.request","timestamp":"2025-12-02T17:11:33.408Z","outcome":"success","email":"86cd35276da19777","ipAddress":"127.0.0.1","userAgent":"unknown","requestId":"8673f101-0570-475c-b7b5-b04f8842b677"}
[2025-12-02T17:11:33.425Z] [App] [INFO] email.queued {
  jobId: '009928e2-863e-421b-b9a5-3afbf02981c5',
  userId: 'ab96510e-80ce-4141-813b-58a96b15bf8c',
  tokenId: '1434874f-d788-46f2-a0f8-469c3a1ac1d7',
  type: 'password_reset',
  to: 'test-forgot-1764695492395-a3eb3fbc6e19c8@example.com'
}
{"eventId":"e97a016e-a1f9-4c65-918f-09939a1fc646","eventType":"auth.reset_password.request","timestamp":"2025-12-02T17:11:33.425Z","outcome":"success","userId":"ab96510e-80ce-4141-813b-58a96b15bf8c","email":"86cd35276da19777","ipAddress":"127.0.0.1","userAgent":"unknown","requestId":"8673f101-0570-475c-b7b5-b04f8842b677","metadata":{"tokenId":"1434874f-d788-46f2-a0f8-469c3a1ac1d7","tokenCreated":true}}

stdout | src/app/api/auth/forgot-password/__tests__/forgot-password.property.test.ts > POST /api/auth/forgot-password - Property-Based Tests > Property 16 (token invalidation): New reset request invalidates previous tokens
{"eventId":"395f70d7-1048-4f10-8d0c-4319b0c7dae6","eventType":"auth.reset_password.request","timestamp":"2025-12-02T17:11:33.458Z","outcome":"success","email":"86cd35276da19777","ipAddress":"127.0.0.1","userAgent":"unknown","requestId":"beee852c-728a-410a-baa1-75a92e470478"}
[2025-12-02T17:11:33.473Z] [App] [INFO] email.queued {
  jobId: 'b6f42c30-35e7-4e42-a1d1-a1a49be7f145',
  userId: 'ab96510e-80ce-4141-813b-58a96b15bf8c',
  tokenId: '06e6d1be-b7e0-4570-831f-569020919cf7',
  type: 'password_reset',
  to: 'test-forgot-1764695492395-a3eb3fbc6e19c8@example.com'
}
{"eventId":"69e1c34b-47ea-475b-be50-1cd4902a4680","eventType":"auth.reset_password.request","timestamp":"2025-12-02T17:11:33.473Z","outcome":"success","userId":"ab96510e-80ce-4141-813b-58a96b15bf8c","email":"86cd35276da19777","ipAddress":"127.0.0.1","userAgent":"unknown","requestId":"beee852c-728a-410a-baa1-75a92e470478","metadata":{"tokenId":"06e6d1be-b7e0-4570-831f-569020919cf7","tokenCreated":true}}

stdout | src/app/api/auth/forgot-password/__tests__/forgot-password.property.test.ts > POST /api/auth/forgot-password - Property-Based Tests > Property 16 (token invalidation): New reset request invalidates previous tokens
{"eventId":"ffa89c19-35b4-407b-ba0e-548c9f35c835","eventType":"auth.reset_password.request","timestamp":"2025-12-02T17:11:33.501Z","outcome":"success","email":"86cd35276da19777","ipAddress":"127.0.0.1","userAgent":"unknown","requestId":"d696d352-937c-4fdd-901b-a6c5aa7297c0"}
[2025-12-02T17:11:33.504Z] [App] [INFO] email.queued {
  jobId: '0866836f-49ec-42e7-8228-12594eeb64f5',
  userId: 'ab96510e-80ce-4141-813b-58a96b15bf8c',
  tokenId: 'd11a36ad-3ead-4f69-b836-cb177d9832e5',
  type: 'password_reset',
  to: 'test-forgot-1764695492395-a3eb3fbc6e19c8@example.com'
}
{"eventId":"8b26f3e5-cd0c-4cbe-9955-abbb5ca47902","eventType":"auth.reset_password.request","timestamp":"2025-12-02T17:11:33.504Z","outcome":"success","userId":"ab96510e-80ce-4141-813b-58a96b15bf8c","email":"86cd35276da19777","ipAddress":"127.0.0.1","userAgent":"unknown","requestId":"d696d352-937c-4fdd-901b-a6c5aa7297c0","metadata":{"tokenId":"d11a36ad-3ead-4f69-b836-cb177d9832e5","tokenCreated":true}}

stdout | src/app/api/auth/forgot-password/__tests__/forgot-password.property.test.ts > POST /api/auth/forgot-password - Property-Based Tests > Property 16 (token invalidation): New reset request invalidates previous tokens
{"eventId":"8249eda6-6f33-49b2-8620-ef33cef7a4df","eventType":"auth.reset_password.request","timestamp":"2025-12-02T17:11:33.517Z","outcome":"success","email":"86cd35276da19777","ipAddress":"127.0.0.1","userAgent":"unknown","requestId":"42b4f289-4d6b-4dcd-ad61-f5efd5beecea"}
[2025-12-02T17:11:33.525Z] [App] [INFO] email.queued {
  jobId: '38a7b3c1-c90f-4c96-8075-fdfbcdcf0294',
  userId: 'ab96510e-80ce-4141-813b-58a96b15bf8c',
  tokenId: 'c9135195-29b1-4d7d-9967-6a8b164b845f',
  type: 'password_reset',
  to: 'test-forgot-1764695492395-a3eb3fbc6e19c8@example.com'
}
{"eventId":"9e112479-094a-40a9-9949-46ca5d0df680","eventType":"auth.reset_password.request","timestamp":"2025-12-02T17:11:33.525Z","outcome":"success","userId":"ab96510e-80ce-4141-813b-58a96b15bf8c","email":"86cd35276da19777","ipAddress":"127.0.0.1","userAgent":"unknown","requestId":"42b4f289-4d6b-4dcd-ad61-f5efd5beecea","metadata":{"tokenId":"c9135195-29b1-4d7d-9967-6a8b164b845f","tokenCreated":true}}

stdout | src/server/auth/__tests__/rbac.test.ts > RBAC - Property-Based Tests > Property: Role assignment is idempotent
[2025-12-02T17:11:33.540Z] [App] [INFO] rbac.assign_role.success {
  userId: '8067507d-e7ae-44c5-8efb-c7728047760d',
  role: 'TEAM_EDITOR',
  resourceType: 'team',
  resourceId: '95b73bb8-00cc-4ab8-8d88-adfdcf0991b2',
  roleId: 'b91320c6-9033-4989-a716-34d4c06018af'
}
[2025-12-02T17:11:33.542Z] [App] [INFO] rbac.update_billable_seats { teamId: '95b73bb8-00cc-4ab8-8d88-adfdcf0991b2', billableSeats: 1 }
[2025-12-02T17:11:33.543Z] [App] [INFO] rbac.assign_role.already_exists {
  userId: '8067507d-e7ae-44c5-8efb-c7728047760d',
  role: 'TEAM_EDITOR',
  resourceType: 'team',
  resourceId: '95b73bb8-00cc-4ab8-8d88-adfdcf0991b2'
}

stdout | src/app/api/auth/forgot-password/__tests__/forgot-password.property.test.ts > POST /api/auth/forgot-password - Property-Based Tests > Property 16 (token invalidation): New reset request invalidates previous tokens
{"eventId":"5bcbc995-cd54-4af1-ac1b-256404bb5fe3","eventType":"auth.reset_password.request","timestamp":"2025-12-02T17:11:33.548Z","outcome":"success","email":"86cd35276da19777","ipAddress":"127.0.0.1","userAgent":"unknown","requestId":"1cccfa5b-4ba5-455a-bcb4-8ceb3649c2c7"}
[2025-12-02T17:11:33.551Z] [App] [INFO] email.queued {
  jobId: 'e67cd0ff-b5a3-406f-8cb4-3b988eec5d47',
  userId: 'ab96510e-80ce-4141-813b-58a96b15bf8c',
  tokenId: 'cd8d557d-9e81-4604-b896-577349fe1634',
  type: 'password_reset',
  to: 'test-forgot-1764695492395-a3eb3fbc6e19c8@example.com'
}
{"eventId":"7ba5ae16-a6fd-4dcb-a384-0369ba875477","eventType":"auth.reset_password.request","timestamp":"2025-12-02T17:11:33.551Z","outcome":"success","userId":"ab96510e-80ce-4141-813b-58a96b15bf8c","email":"86cd35276da19777","ipAddress":"127.0.0.1","userAgent":"unknown","requestId":"1cccfa5b-4ba5-455a-bcb4-8ceb3649c2c7","metadata":{"tokenId":"cd8d557d-9e81-4604-b896-577349fe1634","tokenCreated":true}}

stdout | src/app/api/auth/reset-password/__tests__/reset-password.property.test.ts > POST /api/auth/reset-password - Property-Based Tests > Property 17: Password reset invalidates all sessions
{"eventId":"f622af7f-9e80-4b9b-a07c-d60de46f440e","eventType":"auth.reset_password.success","timestamp":"2025-12-02T17:11:33.548Z","outcome":"success","userId":"bfe9bbd0-5e99-441c-ba8a-00c8f8b1b240","email":"ef8f27429376ad0a","ipAddress":"127.0.0.1","userAgent":"unknown","requestId":"f77afd6a-ba67-4d85-ac54-ed1377bf34fa","metadata":{"tokenId":"a0c1a201-2015-485a-9e4c-af193d1ff588","sessionsInvalidated":true}}

stdout | src/app/api/auth/forgot-password/__tests__/forgot-password.property.test.ts > POST /api/auth/forgot-password - Property-Based Tests > Property 16 (token invalidation): New reset request invalidates previous tokens
{"eventId":"09d9a175-e3d4-45e1-8207-225d2898063c","eventType":"auth.reset_password.request","timestamp":"2025-12-02T17:11:33.564Z","outcome":"success","email":"86cd35276da19777","ipAddress":"127.0.0.1","userAgent":"unknown","requestId":"6ecc5028-4671-47bb-a812-cf6aa6222906"}
[2025-12-02T17:11:33.567Z] [App] [INFO] email.queued {
  jobId: '95a18d44-e484-4bd5-b01d-579ac093a708',
  userId: 'ab96510e-80ce-4141-813b-58a96b15bf8c',
  tokenId: '519fdd76-6e40-4e14-b18b-fc7d262d7aec',
  type: 'password_reset',
  to: 'test-forgot-1764695492395-a3eb3fbc6e19c8@example.com'
}
{"eventId":"2631af37-2358-4510-99d1-09739f6d5dca","eventType":"auth.reset_password.request","timestamp":"2025-12-02T17:11:33.567Z","outcome":"success","userId":"ab96510e-80ce-4141-813b-58a96b15bf8c","email":"86cd35276da19777","ipAddress":"127.0.0.1","userAgent":"unknown","requestId":"6ecc5028-4671-47bb-a812-cf6aa6222906","metadata":{"tokenId":"519fdd76-6e40-4e14-b18b-fc7d262d7aec","tokenCreated":true}}

stdout | src/app/api/auth/forgot-password/__tests__/forgot-password.property.test.ts > POST /api/auth/forgot-password - Property-Based Tests > Property 16 (token invalidation): New reset request invalidates previous tokens
{"eventId":"070f04e3-f4cb-41a5-8590-323750e69df6","eventType":"auth.reset_password.request","timestamp":"2025-12-02T17:11:33.583Z","outcome":"success","email":"86cd35276da19777","ipAddress":"127.0.0.1","userAgent":"unknown","requestId":"0e8843ee-2a21-4e55-a990-65fe390f5ffc"}
[2025-12-02T17:11:33.587Z] [App] [INFO] email.queued {
  jobId: 'b7c9b495-e43b-4e9b-ae67-cb90d65c69c1',
  userId: 'ab96510e-80ce-4141-813b-58a96b15bf8c',
  tokenId: 'a05f5e83-18c1-4081-827a-c027badb0000',
  type: 'password_reset',
  to: 'test-forgot-1764695492395-a3eb3fbc6e19c8@example.com'
}
{"eventId":"1934a7fb-9988-4178-a9ab-d6109832f460","eventType":"auth.reset_password.request","timestamp":"2025-12-02T17:11:33.587Z","outcome":"success","userId":"ab96510e-80ce-4141-813b-58a96b15bf8c","email":"86cd35276da19777","ipAddress":"127.0.0.1","userAgent":"unknown","requestId":"0e8843ee-2a21-4e55-a990-65fe390f5ffc","metadata":{"tokenId":"a05f5e83-18c1-4081-827a-c027badb0000","tokenCreated":true}}

stdout | src/app/api/auth/forgot-password/__tests__/forgot-password.property.test.ts > POST /api/auth/forgot-password - Property-Based Tests > Property 16 (token invalidation): New reset request invalidates previous tokens
{"eventId":"516ed682-629d-4e99-9bac-94ee43203c20","eventType":"auth.reset_password.request","timestamp":"2025-12-02T17:11:33.599Z","outcome":"success","email":"86cd35276da19777","ipAddress":"127.0.0.1","userAgent":"unknown","requestId":"f403e438-5b95-47d0-b868-46efb1327c9d"}
[2025-12-02T17:11:33.610Z] [App] [INFO] email.queued {
  jobId: 'e1d1ec4c-0ebd-4ede-9d85-fbd30b2dc9f4',
  userId: 'ab96510e-80ce-4141-813b-58a96b15bf8c',
  tokenId: '4adfea14-bb22-4d0e-8112-2ac7be4b8a09',
  type: 'password_reset',
  to: 'test-forgot-1764695492395-a3eb3fbc6e19c8@example.com'
}
{"eventId":"4cc9baaf-6631-46c9-87a4-f2bbf9bc7026","eventType":"auth.reset_password.request","timestamp":"2025-12-02T17:11:33.610Z","outcome":"success","userId":"ab96510e-80ce-4141-813b-58a96b15bf8c","email":"86cd35276da19777","ipAddress":"127.0.0.1","userAgent":"unknown","requestId":"f403e438-5b95-47d0-b868-46efb1327c9d","metadata":{"tokenId":"4adfea14-bb22-4d0e-8112-2ac7be4b8a09","tokenCreated":true}}

stdout | src/app/api/auth/forgot-password/__tests__/forgot-password.property.test.ts > POST /api/auth/forgot-password - Property-Based Tests > Property 16 (token invalidation): New reset request invalidates previous tokens
{"eventId":"aa44d161-df2a-4a79-808b-d7075bfa6b4c","eventType":"auth.reset_password.request","timestamp":"2025-12-02T17:11:33.622Z","outcome":"success","email":"86cd35276da19777","ipAddress":"127.0.0.1","userAgent":"unknown","requestId":"c745f27f-b865-4937-ad54-9e62581215cd"}
[2025-12-02T17:11:33.625Z] [App] [INFO] email.queued {
  jobId: 'dc6d8fa0-ca92-4594-80ad-0f960a83cf83',
  userId: 'ab96510e-80ce-4141-813b-58a96b15bf8c',
  tokenId: 'f61555c0-928a-4ecc-9d4b-0530ee56f07d',
  type: 'password_reset',
  to: 'test-forgot-1764695492395-a3eb3fbc6e19c8@example.com'
}
{"eventId":"051496b7-06d0-49b5-97c1-95c2903a170e","eventType":"auth.reset_password.request","timestamp":"2025-12-02T17:11:33.625Z","outcome":"success","userId":"ab96510e-80ce-4141-813b-58a96b15bf8c","email":"86cd35276da19777","ipAddress":"127.0.0.1","userAgent":"unknown","requestId":"c745f27f-b865-4937-ad54-9e62581215cd","metadata":{"tokenId":"f61555c0-928a-4ecc-9d4b-0530ee56f07d","tokenCreated":true}}

stdout | src/app/api/auth/forgot-password/__tests__/forgot-password.property.test.ts > POST /api/auth/forgot-password - Property-Based Tests > Property 16 (token invalidation): New reset request invalidates previous tokens
{"eventId":"9abfb389-512a-4bae-9adb-4e34633aad88","eventType":"auth.reset_password.request","timestamp":"2025-12-02T17:11:33.640Z","outcome":"success","email":"86cd35276da19777","ipAddress":"127.0.0.1","userAgent":"unknown","requestId":"d38081a6-f05e-4caf-9c1b-9eeb502bf1df"}
[2025-12-02T17:11:33.642Z] [App] [INFO] email.queued {
  jobId: 'e510e8c1-6802-4fea-a71e-fec14cc5e7be',
  userId: 'ab96510e-80ce-4141-813b-58a96b15bf8c',
  tokenId: 'a9ab9a66-1cbd-4557-92d1-9f51aa79fa40',
  type: 'password_reset',
  to: 'test-forgot-1764695492395-a3eb3fbc6e19c8@example.com'
}
{"eventId":"2d754a55-98cf-44de-8c03-9750a52e6a2b","eventType":"auth.reset_password.request","timestamp":"2025-12-02T17:11:33.642Z","outcome":"success","userId":"ab96510e-80ce-4141-813b-58a96b15bf8c","email":"86cd35276da19777","ipAddress":"127.0.0.1","userAgent":"unknown","requestId":"d38081a6-f05e-4caf-9c1b-9eeb502bf1df","metadata":{"tokenId":"a9ab9a66-1cbd-4557-92d1-9f51aa79fa40","tokenCreated":true}}

stdout | src/app/api/auth/forgot-password/__tests__/forgot-password.property.test.ts > POST /api/auth/forgot-password - Property-Based Tests > Property 16 (token invalidation): New reset request invalidates previous tokens
{"eventId":"f0761387-0e4e-40ea-857b-23cea946bd75","eventType":"auth.reset_password.request","timestamp":"2025-12-02T17:11:33.657Z","outcome":"success","email":"86cd35276da19777","ipAddress":"127.0.0.1","userAgent":"unknown","requestId":"2f31f311-5348-4549-a6c8-509dbf6450a9"}
[2025-12-02T17:11:33.659Z] [App] [INFO] email.queued {
  jobId: 'e7563ddd-fdbb-4369-b0e0-878c855d70dd',
  userId: 'ab96510e-80ce-4141-813b-58a96b15bf8c',
  tokenId: 'd848fe3d-1840-41a6-bf26-2637f39e359f',
  type: 'password_reset',
  to: 'test-forgot-1764695492395-a3eb3fbc6e19c8@example.com'
}
{"eventId":"50ac3a32-e6f1-441e-a4d6-a67cf83a78c8","eventType":"auth.reset_password.request","timestamp":"2025-12-02T17:11:33.659Z","outcome":"success","userId":"ab96510e-80ce-4141-813b-58a96b15bf8c","email":"86cd35276da19777","ipAddress":"127.0.0.1","userAgent":"unknown","requestId":"2f31f311-5348-4549-a6c8-509dbf6450a9","metadata":{"tokenId":"d848fe3d-1840-41a6-bf26-2637f39e359f","tokenCreated":true}}

stdout | src/app/api/auth/forgot-password/__tests__/forgot-password.property.test.ts > POST /api/auth/forgot-password - Property-Based Tests > Property 16 (token invalidation): New reset request invalidates previous tokens
{"eventId":"35b42267-6b8a-4c5a-a95a-7305f8b54184","eventType":"auth.reset_password.request","timestamp":"2025-12-02T17:11:33.672Z","outcome":"success","email":"86cd35276da19777","ipAddress":"127.0.0.1","userAgent":"unknown","requestId":"8665270a-b509-4333-9bc7-e6f41bc2e031"}
[2025-12-02T17:11:33.675Z] [App] [INFO] email.queued {
  jobId: 'dceb6ea2-4efb-4856-9306-c0b64fd8b912',
  userId: 'ab96510e-80ce-4141-813b-58a96b15bf8c',
  tokenId: '73185d3e-75e1-4fdd-943d-d853c666bf48',
  type: 'password_reset',
  to: 'test-forgot-1764695492395-a3eb3fbc6e19c8@example.com'
}
{"eventId":"ff3ebc84-c2ce-4f0f-b36b-18428e39ddae","eventType":"auth.reset_password.request","timestamp":"2025-12-02T17:11:33.675Z","outcome":"success","userId":"ab96510e-80ce-4141-813b-58a96b15bf8c","email":"86cd35276da19777","ipAddress":"127.0.0.1","userAgent":"unknown","requestId":"8665270a-b509-4333-9bc7-e6f41bc2e031","metadata":{"tokenId":"73185d3e-75e1-4fdd-943d-d853c666bf48","tokenCreated":true}}

stdout | src/app/api/auth/forgot-password/__tests__/forgot-password.property.test.ts > POST /api/auth/forgot-password - Property-Based Tests > Property 16 (token invalidation): New reset request invalidates previous tokens
{"eventId":"d3f6afac-b755-46fd-aa7e-39a37373adc3","eventType":"auth.reset_password.request","timestamp":"2025-12-02T17:11:33.686Z","outcome":"success","email":"86cd35276da19777","ipAddress":"127.0.0.1","userAgent":"unknown","requestId":"ccb73725-5592-43d4-a32a-0a3cba9fb5a4"}
[2025-12-02T17:11:33.689Z] [App] [INFO] email.queued {
  jobId: 'c0f68497-f5c9-4031-b869-1217fc59141e',
  userId: 'ab96510e-80ce-4141-813b-58a96b15bf8c',
  tokenId: '2c203636-30b1-42ef-ab1e-5690445dd7ac',
  type: 'password_reset',
  to: 'test-forgot-1764695492395-a3eb3fbc6e19c8@example.com'
}
{"eventId":"7b7f29e9-047e-42f9-80d2-09182bc452d1","eventType":"auth.reset_password.request","timestamp":"2025-12-02T17:11:33.689Z","outcome":"success","userId":"ab96510e-80ce-4141-813b-58a96b15bf8c","email":"86cd35276da19777","ipAddress":"127.0.0.1","userAgent":"unknown","requestId":"ccb73725-5592-43d4-a32a-0a3cba9fb5a4","metadata":{"tokenId":"2c203636-30b1-42ef-ab1e-5690445dd7ac","tokenCreated":true}}

stdout | src/app/api/auth/forgot-password/__tests__/forgot-password.property.test.ts > POST /api/auth/forgot-password - Property-Based Tests > Property 16 (token invalidation): New reset request invalidates previous tokens
{"eventId":"02f7b3c1-8e31-46ce-8f2f-1e60f6513e5d","eventType":"auth.reset_password.request","timestamp":"2025-12-02T17:11:33.705Z","outcome":"success","email":"86cd35276da19777","ipAddress":"127.0.0.1","userAgent":"unknown","requestId":"bb346145-2906-42c1-8d7e-8cd8b3250244"}
[2025-12-02T17:11:33.714Z] [App] [INFO] email.queued {
  jobId: 'c7adc3b9-d2b2-47f0-8dac-52c84541700b',
  userId: 'ab96510e-80ce-4141-813b-58a96b15bf8c',
  tokenId: '3d5ef65d-2380-468b-860a-86be5fa312b4',
  type: 'password_reset',
  to: 'test-forgot-1764695492395-a3eb3fbc6e19c8@example.com'
}
{"eventId":"a2cc2b56-40f3-4ab4-82e5-374d421bc347","eventType":"auth.reset_password.request","timestamp":"2025-12-02T17:11:33.714Z","outcome":"success","userId":"ab96510e-80ce-4141-813b-58a96b15bf8c","email":"86cd35276da19777","ipAddress":"127.0.0.1","userAgent":"unknown","requestId":"bb346145-2906-42c1-8d7e-8cd8b3250244","metadata":{"tokenId":"3d5ef65d-2380-468b-860a-86be5fa312b4","tokenCreated":true}}

stdout | src/app/api/auth/forgot-password/__tests__/forgot-password.property.test.ts > POST /api/auth/forgot-password - Property-Based Tests > Property 16 (token invalidation): New reset request invalidates previous tokens
{"eventId":"20bc69a4-1961-43c3-815c-ab4d9907989a","eventType":"auth.reset_password.request","timestamp":"2025-12-02T17:11:33.725Z","outcome":"success","email":"86cd35276da19777","ipAddress":"127.0.0.1","userAgent":"unknown","requestId":"37267933-62a8-4b15-93e6-f1970c3290df"}
[2025-12-02T17:11:33.732Z] [App] [INFO] email.queued {
  jobId: 'e42d93d4-4535-4d64-8b0d-88f7d1c403e9',
  userId: 'ab96510e-80ce-4141-813b-58a96b15bf8c',
  tokenId: '1856d735-3be8-4edd-bfde-afcb59631961',
  type: 'password_reset',
  to: 'test-forgot-1764695492395-a3eb3fbc6e19c8@example.com'
}
{"eventId":"17fcf1d2-8178-483f-b87a-cd266ea61807","eventType":"auth.reset_password.request","timestamp":"2025-12-02T17:11:33.732Z","outcome":"success","userId":"ab96510e-80ce-4141-813b-58a96b15bf8c","email":"86cd35276da19777","ipAddress":"127.0.0.1","userAgent":"unknown","requestId":"37267933-62a8-4b15-93e6-f1970c3290df","metadata":{"tokenId":"1856d735-3be8-4edd-bfde-afcb59631961","tokenCreated":true}}

stdout | src/app/api/auth/forgot-password/__tests__/forgot-password.property.test.ts > POST /api/auth/forgot-password - Property-Based Tests > Property 16 (token invalidation): New reset request invalidates previous tokens
{"eventId":"7895a6f7-e8f2-4e2b-b366-cdb98fe2b298","eventType":"auth.reset_password.request","timestamp":"2025-12-02T17:11:33.747Z","outcome":"success","email":"86cd35276da19777","ipAddress":"127.0.0.1","userAgent":"unknown","requestId":"4a4cca9e-059f-4574-bf5b-2a3a718d393f"}
[2025-12-02T17:11:33.750Z] [App] [INFO] email.queued {
  jobId: '129024b4-5ddb-4304-8373-5eae05910bc7',
  userId: 'ab96510e-80ce-4141-813b-58a96b15bf8c',
  tokenId: '6addf2f4-e14c-44af-91b1-671bba08f114',
  type: 'password_reset',
  to: 'test-forgot-1764695492395-a3eb3fbc6e19c8@example.com'
}
{"eventId":"23c44493-0873-4e83-b5ff-484e4c0dada6","eventType":"auth.reset_password.request","timestamp":"2025-12-02T17:11:33.750Z","outcome":"success","userId":"ab96510e-80ce-4141-813b-58a96b15bf8c","email":"86cd35276da19777","ipAddress":"127.0.0.1","userAgent":"unknown","requestId":"4a4cca9e-059f-4574-bf5b-2a3a718d393f","metadata":{"tokenId":"6addf2f4-e14c-44af-91b1-671bba08f114","tokenCreated":true}}

stdout | src/server/auth/__tests__/rbac.test.ts > RBAC - Property-Based Tests > Property: Role assignment is idempotent
[2025-12-02T17:11:33.760Z] [App] [INFO] rbac.assign_role.success {
  userId: 'dd814cf9-9733-490e-bf3d-4c257fee7e3c',
  role: 'TEAM_MEMBER',
  resourceType: 'team',
  resourceId: 'faac095a-dd9d-486c-9564-11206203c1d7',
  roleId: 'acec2ac8-11cd-41af-8016-2a4f5870149e'
}
[2025-12-02T17:11:33.761Z] [App] [INFO] rbac.assign_role.already_exists {
  userId: 'dd814cf9-9733-490e-bf3d-4c257fee7e3c',
  role: 'TEAM_MEMBER',
  resourceType: 'team',
  resourceId: 'faac095a-dd9d-486c-9564-11206203c1d7'
}

stdout | src/app/api/auth/forgot-password/__tests__/forgot-password.property.test.ts > POST /api/auth/forgot-password - Property-Based Tests > Property 16 (token invalidation): New reset request invalidates previous tokens
{"eventId":"6c3676da-5b90-4aa7-89a6-1f753e4d5f74","eventType":"auth.reset_password.request","timestamp":"2025-12-02T17:11:33.761Z","outcome":"success","email":"86cd35276da19777","ipAddress":"127.0.0.1","userAgent":"unknown","requestId":"80d28eb9-1c92-41ab-b978-7d17a6411358"}
[2025-12-02T17:11:33.767Z] [App] [INFO] email.queued {
  jobId: 'dc9e7dce-b117-45a1-bdb1-5db1fb889d86',
  userId: 'ab96510e-80ce-4141-813b-58a96b15bf8c',
  tokenId: 'b918c9d6-8957-438a-abec-6e98ffda3bb8',
  type: 'password_reset',
  to: 'test-forgot-1764695492395-a3eb3fbc6e19c8@example.com'
}
{"eventId":"bace8720-a4e6-4fad-8045-5d22c6dcff05","eventType":"auth.reset_password.request","timestamp":"2025-12-02T17:11:33.767Z","outcome":"success","userId":"ab96510e-80ce-4141-813b-58a96b15bf8c","email":"86cd35276da19777","ipAddress":"127.0.0.1","userAgent":"unknown","requestId":"80d28eb9-1c92-41ab-b978-7d17a6411358","metadata":{"tokenId":"b918c9d6-8957-438a-abec-6e98ffda3bb8","tokenCreated":true}}

stdout | src/app/api/auth/forgot-password/__tests__/forgot-password.property.test.ts > POST /api/auth/forgot-password - Property-Based Tests > Property 16 (token invalidation): New reset request invalidates previous tokens
{"eventId":"b7e791a5-c208-454d-bdaa-1859f2d26c8f","eventType":"auth.reset_password.request","timestamp":"2025-12-02T17:11:33.783Z","outcome":"success","email":"86cd35276da19777","ipAddress":"127.0.0.1","userAgent":"unknown","requestId":"88bd3dcd-df2c-48a5-a2db-d444851a6eba"}
[2025-12-02T17:11:33.790Z] [App] [INFO] email.queued {
  jobId: '1c61b0c0-16b0-4b92-8e3a-47d0b9ca9a66',
  userId: 'ab96510e-80ce-4141-813b-58a96b15bf8c',
  tokenId: '1981621e-7c7f-4f4d-b005-4adc2107f773',
  type: 'password_reset',
  to: 'test-forgot-1764695492395-a3eb3fbc6e19c8@example.com'
}
{"eventId":"d25c221f-f034-41be-9fb5-99bb78ab5319","eventType":"auth.reset_password.request","timestamp":"2025-12-02T17:11:33.791Z","outcome":"success","userId":"ab96510e-80ce-4141-813b-58a96b15bf8c","email":"86cd35276da19777","ipAddress":"127.0.0.1","userAgent":"unknown","requestId":"88bd3dcd-df2c-48a5-a2db-d444851a6eba","metadata":{"tokenId":"1981621e-7c7f-4f4d-b005-4adc2107f773","tokenCreated":true}}

stdout | src/app/api/auth/forgot-password/__tests__/forgot-password.property.test.ts > POST /api/auth/forgot-password - Property-Based Tests > Property 16 (token invalidation): New reset request invalidates previous tokens
{"eventId":"e5aff107-1c94-4416-bf7f-c03a7b094b13","eventType":"auth.reset_password.request","timestamp":"2025-12-02T17:11:33.804Z","outcome":"success","email":"86cd35276da19777","ipAddress":"127.0.0.1","userAgent":"unknown","requestId":"f396b6f6-ba57-4290-bfa1-452089691563"}
[2025-12-02T17:11:33.823Z] [App] [INFO] email.queued {
  jobId: '1e947858-9415-4e1a-aa59-9845afc4f62b',
  userId: 'ab96510e-80ce-4141-813b-58a96b15bf8c',
  tokenId: '7f845f33-968f-453e-979f-7de9a798e0ba',
  type: 'password_reset',
  to: 'test-forgot-1764695492395-a3eb3fbc6e19c8@example.com'
}
{"eventId":"2caba293-c979-4d38-8198-a8e5ee6e5319","eventType":"auth.reset_password.request","timestamp":"2025-12-02T17:11:33.823Z","outcome":"success","userId":"ab96510e-80ce-4141-813b-58a96b15bf8c","email":"86cd35276da19777","ipAddress":"127.0.0.1","userAgent":"unknown","requestId":"f396b6f6-ba57-4290-bfa1-452089691563","metadata":{"tokenId":"7f845f33-968f-453e-979f-7de9a798e0ba","tokenCreated":true}}

stdout | src/app/api/auth/forgot-password/__tests__/forgot-password.property.test.ts > POST /api/auth/forgot-password - Property-Based Tests > Property 16 (token invalidation): New reset request invalidates previous tokens
{"eventId":"bd050998-cc8a-4e7a-8be3-1e0a18ead16e","eventType":"auth.reset_password.request","timestamp":"2025-12-02T17:11:33.839Z","outcome":"success","email":"86cd35276da19777","ipAddress":"127.0.0.1","userAgent":"unknown","requestId":"37580482-d773-4eb1-9e32-31506eebc254"}
[2025-12-02T17:11:33.844Z] [App] [INFO] email.queued {
  jobId: '85f664db-7f2d-4240-9124-97091875b024',
  userId: 'ab96510e-80ce-4141-813b-58a96b15bf8c',
  tokenId: '25f9a582-a750-4eee-884c-d8c7b8e02197',
  type: 'password_reset',
  to: 'test-forgot-1764695492395-a3eb3fbc6e19c8@example.com'
}
{"eventId":"956ffe43-5e27-445a-becd-88d02cb13884","eventType":"auth.reset_password.request","timestamp":"2025-12-02T17:11:33.844Z","outcome":"success","userId":"ab96510e-80ce-4141-813b-58a96b15bf8c","email":"86cd35276da19777","ipAddress":"127.0.0.1","userAgent":"unknown","requestId":"37580482-d773-4eb1-9e32-31506eebc254","metadata":{"tokenId":"25f9a582-a750-4eee-884c-d8c7b8e02197","tokenCreated":true}}

stdout | src/app/api/auth/forgot-password/__tests__/forgot-password.property.test.ts > POST /api/auth/forgot-password - Property-Based Tests > Property 16 (token invalidation): New reset request invalidates previous tokens
{"eventId":"40cb6b35-242a-4ef3-bb78-9cdd2a8218f4","eventType":"auth.reset_password.request","timestamp":"2025-12-02T17:11:33.861Z","outcome":"success","email":"86cd35276da19777","ipAddress":"127.0.0.1","userAgent":"unknown","requestId":"b2c2b9de-bf60-4de5-94e3-5c742393c62b"}
[2025-12-02T17:11:33.869Z] [App] [INFO] email.queued {
  jobId: '44f7dc15-b31b-4835-9ae3-9f8cf6495a09',
  userId: 'ab96510e-80ce-4141-813b-58a96b15bf8c',
  tokenId: '04d03f3f-1624-4b76-b57b-6880f1b08a24',
  type: 'password_reset',
  to: 'test-forgot-1764695492395-a3eb3fbc6e19c8@example.com'
}
{"eventId":"8455e8e3-d8de-4972-a22f-ef119f937def","eventType":"auth.reset_password.request","timestamp":"2025-12-02T17:11:33.869Z","outcome":"success","userId":"ab96510e-80ce-4141-813b-58a96b15bf8c","email":"86cd35276da19777","ipAddress":"127.0.0.1","userAgent":"unknown","requestId":"b2c2b9de-bf60-4de5-94e3-5c742393c62b","metadata":{"tokenId":"04d03f3f-1624-4b76-b57b-6880f1b08a24","tokenCreated":true}}

stdout | src/app/api/auth/forgot-password/__tests__/forgot-password.property.test.ts > POST /api/auth/forgot-password - Property-Based Tests > Property 16 (token invalidation): New reset request invalidates previous tokens
{"eventId":"6fd03abe-94bd-4063-8b44-515038ebf0da","eventType":"auth.reset_password.request","timestamp":"2025-12-02T17:11:33.880Z","outcome":"success","email":"86cd35276da19777","ipAddress":"127.0.0.1","userAgent":"unknown","requestId":"7b9ec18c-20fc-4b28-bdd2-87985754109b"}
[2025-12-02T17:11:33.887Z] [App] [INFO] email.queued {
  jobId: 'edadcb73-da3e-44eb-b426-0da44f66db61',
  userId: 'ab96510e-80ce-4141-813b-58a96b15bf8c',
  tokenId: '9c47eded-d899-4521-bf1f-c76620b661c8',
  type: 'password_reset',
  to: 'test-forgot-1764695492395-a3eb3fbc6e19c8@example.com'
}
{"eventId":"3a32195b-6b51-449c-83d0-84dfae7f39f9","eventType":"auth.reset_password.request","timestamp":"2025-12-02T17:11:33.887Z","outcome":"success","userId":"ab96510e-80ce-4141-813b-58a96b15bf8c","email":"86cd35276da19777","ipAddress":"127.0.0.1","userAgent":"unknown","requestId":"7b9ec18c-20fc-4b28-bdd2-87985754109b","metadata":{"tokenId":"9c47eded-d899-4521-bf1f-c76620b661c8","tokenCreated":true}}

stdout | src/app/api/auth/forgot-password/__tests__/forgot-password.property.test.ts > POST /api/auth/forgot-password - Property-Based Tests > Property 16 (token invalidation): New reset request invalidates previous tokens
{"eventId":"6bc39621-bce1-4620-936d-94188dfc304b","eventType":"auth.reset_password.request","timestamp":"2025-12-02T17:11:33.901Z","outcome":"success","email":"86cd35276da19777","ipAddress":"127.0.0.1","userAgent":"unknown","requestId":"925fe9eb-a31a-4f43-bbaa-194a9ec01091"}
[2025-12-02T17:11:33.904Z] [App] [INFO] email.queued {
  jobId: '0adee365-ff91-417b-9d2a-9060904328a0',
  userId: 'ab96510e-80ce-4141-813b-58a96b15bf8c',
  tokenId: '462fc3be-acea-4b54-ab3f-55bcffa72df0',
  type: 'password_reset',
  to: 'test-forgot-1764695492395-a3eb3fbc6e19c8@example.com'
}
{"eventId":"ff75f6fb-3f6d-42ed-8423-cfa543699cc8","eventType":"auth.reset_password.request","timestamp":"2025-12-02T17:11:33.904Z","outcome":"success","userId":"ab96510e-80ce-4141-813b-58a96b15bf8c","email":"86cd35276da19777","ipAddress":"127.0.0.1","userAgent":"unknown","requestId":"925fe9eb-a31a-4f43-bbaa-194a9ec01091","metadata":{"tokenId":"462fc3be-acea-4b54-ab3f-55bcffa72df0","tokenCreated":true}}

stdout | src/app/api/auth/reset-password/__tests__/reset-password.property.test.ts > POST /api/auth/reset-password - Property-Based Tests > Property 17: Password reset invalidates all sessions
{"eventId":"1bc7b1a8-c40c-4f48-b408-97e7d98fca61","eventType":"auth.reset_password.success","timestamp":"2025-12-02T17:11:33.911Z","outcome":"success","ipAddress":"127.0.0.1","userAgent":"unknown","requestId":"b02e4ee3-a656-4347-9aae-013f314616b6","metadata":{"stage":"attempt"}}

stdout | src/app/api/auth/forgot-password/__tests__/forgot-password.property.test.ts > POST /api/auth/forgot-password - Property-Based Tests > Property 16 (token invalidation): New reset request invalidates previous tokens
{"eventId":"b802bb7a-777c-4e7b-be43-7ac7e4e219ab","eventType":"auth.reset_password.request","timestamp":"2025-12-02T17:11:33.917Z","outcome":"success","email":"86cd35276da19777","ipAddress":"127.0.0.1","userAgent":"unknown","requestId":"0de0b7aa-7762-4289-9b06-4b0185a3c206"}
[2025-12-02T17:11:33.924Z] [App] [INFO] email.queued {
  jobId: '933748ec-a25f-4814-96c9-8e344758fedf',
  userId: 'ab96510e-80ce-4141-813b-58a96b15bf8c',
  tokenId: 'e0ecadb7-79b9-4f5c-88ce-1302fe892b63',
  type: 'password_reset',
  to: 'test-forgot-1764695492395-a3eb3fbc6e19c8@example.com'
}
{"eventId":"dd294c93-3bb8-4471-abf3-f371f76a8fb5","eventType":"auth.reset_password.request","timestamp":"2025-12-02T17:11:33.925Z","outcome":"success","userId":"ab96510e-80ce-4141-813b-58a96b15bf8c","email":"86cd35276da19777","ipAddress":"127.0.0.1","userAgent":"unknown","requestId":"0de0b7aa-7762-4289-9b06-4b0185a3c206","metadata":{"tokenId":"e0ecadb7-79b9-4f5c-88ce-1302fe892b63","tokenCreated":true}}

stdout | src/server/auth/__tests__/rbac.test.ts > RBAC - Property-Based Tests > Property: Role assignment is idempotent
[2025-12-02T17:11:33.931Z] [App] [INFO] rbac.assign_role.success {
  userId: '45c9bd4b-95b0-457e-a55c-fffdf7043f3e',
  role: 'TEAM_EDITOR',
  resourceType: 'team',
  resourceId: '448b657f-098c-4a1c-a7ed-8d9ed4fe82c4',
  roleId: '752db41c-8092-4faf-aebe-a84b4871f737'
}
[2025-12-02T17:11:33.933Z] [App] [INFO] rbac.update_billable_seats { teamId: '448b657f-098c-4a1c-a7ed-8d9ed4fe82c4', billableSeats: 1 }
[2025-12-02T17:11:33.934Z] [App] [INFO] rbac.assign_role.already_exists {
  userId: '45c9bd4b-95b0-457e-a55c-fffdf7043f3e',
  role: 'TEAM_EDITOR',
  resourceType: 'team',
  resourceId: '448b657f-098c-4a1c-a7ed-8d9ed4fe82c4'
}

stdout | src/app/api/auth/forgot-password/__tests__/forgot-password.property.test.ts > POST /api/auth/forgot-password - Property-Based Tests > Property 16 (token invalidation): New reset request invalidates previous tokens
{"eventId":"04a05eff-aa69-450f-bbf9-41504d850224","eventType":"auth.reset_password.request","timestamp":"2025-12-02T17:11:33.942Z","outcome":"success","email":"86cd35276da19777","ipAddress":"127.0.0.1","userAgent":"unknown","requestId":"ff1af595-8d99-49da-92fa-1a3c5239d356"}
[2025-12-02T17:11:33.958Z] [App] [INFO] email.queued {
  jobId: '93638384-bb85-403a-a397-2f1cccd1af39',
  userId: 'ab96510e-80ce-4141-813b-58a96b15bf8c',
  tokenId: '13006e8e-8d6e-45c9-a92d-55b3dd763216',
  type: 'password_reset',
  to: 'test-forgot-1764695492395-a3eb3fbc6e19c8@example.com'
}
{"eventId":"0312d8e4-ae49-45f9-98b3-482811c44311","eventType":"auth.reset_password.request","timestamp":"2025-12-02T17:11:33.958Z","outcome":"success","userId":"ab96510e-80ce-4141-813b-58a96b15bf8c","email":"86cd35276da19777","ipAddress":"127.0.0.1","userAgent":"unknown","requestId":"ff1af595-8d99-49da-92fa-1a3c5239d356","metadata":{"tokenId":"13006e8e-8d6e-45c9-a92d-55b3dd763216","tokenCreated":true}}

stdout | src/app/api/auth/forgot-password/__tests__/forgot-password.property.test.ts > POST /api/auth/forgot-password - Property-Based Tests > Property 16 (token invalidation): New reset request invalidates previous tokens
{"eventId":"01a33169-62f0-4a46-852f-d45d121c35a1","eventType":"auth.reset_password.request","timestamp":"2025-12-02T17:11:33.972Z","outcome":"success","email":"86cd35276da19777","ipAddress":"127.0.0.1","userAgent":"unknown","requestId":"f3d313a2-6f3c-4353-ab9e-4d2d2508aa0e"}
[2025-12-02T17:11:33.975Z] [App] [INFO] email.queued {
  jobId: 'c0cda9cb-23ab-40a5-948c-90e0dcdb5501',
  userId: 'ab96510e-80ce-4141-813b-58a96b15bf8c',
  tokenId: 'a6991a0e-78ac-4c93-926c-b9d5bd4644a2',
  type: 'password_reset',
  to: 'test-forgot-1764695492395-a3eb3fbc6e19c8@example.com'
}
{"eventId":"b96e5f47-4c93-4a93-95e9-638dd4414f71","eventType":"auth.reset_password.request","timestamp":"2025-12-02T17:11:33.975Z","outcome":"success","userId":"ab96510e-80ce-4141-813b-58a96b15bf8c","email":"86cd35276da19777","ipAddress":"127.0.0.1","userAgent":"unknown","requestId":"f3d313a2-6f3c-4353-ab9e-4d2d2508aa0e","metadata":{"tokenId":"a6991a0e-78ac-4c93-926c-b9d5bd4644a2","tokenCreated":true}}

stdout | src/app/api/auth/forgot-password/__tests__/forgot-password.property.test.ts > POST /api/auth/forgot-password - Property-Based Tests > Property 16 (token invalidation): New reset request invalidates previous tokens
{"eventId":"240f1d53-e2f7-4524-9d26-275975238629","eventType":"auth.reset_password.request","timestamp":"2025-12-02T17:11:33.992Z","outcome":"success","email":"86cd35276da19777","ipAddress":"127.0.0.1","userAgent":"unknown","requestId":"6daa3d08-fdf8-4a7e-8be2-93fb40cf68f2"}
[2025-12-02T17:11:33.998Z] [App] [INFO] email.queued {
  jobId: '2a6b8ac9-2f5b-4fc1-a104-8faacc6ac7a4',
  userId: 'ab96510e-80ce-4141-813b-58a96b15bf8c',
  tokenId: '7e4878bb-b0fa-4a72-994b-3ae3527c8e86',
  type: 'password_reset',
  to: 'test-forgot-1764695492395-a3eb3fbc6e19c8@example.com'
}
{"eventId":"d202e62b-b0d2-47c3-9fed-10c37b86cb5b","eventType":"auth.reset_password.request","timestamp":"2025-12-02T17:11:33.998Z","outcome":"success","userId":"ab96510e-80ce-4141-813b-58a96b15bf8c","email":"86cd35276da19777","ipAddress":"127.0.0.1","userAgent":"unknown","requestId":"6daa3d08-fdf8-4a7e-8be2-93fb40cf68f2","metadata":{"tokenId":"7e4878bb-b0fa-4a72-994b-3ae3527c8e86","tokenCreated":true}}

stdout | src/app/api/auth/forgot-password/__tests__/forgot-password.property.test.ts > POST /api/auth/forgot-password - Property-Based Tests > Property 16 (token invalidation): New reset request invalidates previous tokens
{"eventId":"8997ec77-4daa-4ba7-b4b0-74e668b98506","eventType":"auth.reset_password.request","timestamp":"2025-12-02T17:11:34.010Z","outcome":"success","email":"86cd35276da19777","ipAddress":"127.0.0.1","userAgent":"unknown","requestId":"a6d52bbc-6373-4206-a60d-c2978f90ff43"}
[2025-12-02T17:11:34.015Z] [App] [INFO] email.queued {
  jobId: '79006b46-4d17-4d15-a910-61f8e6e316a3',
  userId: 'ab96510e-80ce-4141-813b-58a96b15bf8c',
  tokenId: '718182ba-42d8-4635-a6d8-a69216a567db',
  type: 'password_reset',
  to: 'test-forgot-1764695492395-a3eb3fbc6e19c8@example.com'
}
{"eventId":"d49e33e9-8290-441e-b3d3-934d2e8b619c","eventType":"auth.reset_password.request","timestamp":"2025-12-02T17:11:34.015Z","outcome":"success","userId":"ab96510e-80ce-4141-813b-58a96b15bf8c","email":"86cd35276da19777","ipAddress":"127.0.0.1","userAgent":"unknown","requestId":"a6d52bbc-6373-4206-a60d-c2978f90ff43","metadata":{"tokenId":"718182ba-42d8-4635-a6d8-a69216a567db","tokenCreated":true}}

stdout | src/app/api/auth/forgot-password/__tests__/forgot-password.property.test.ts > POST /api/auth/forgot-password - Property-Based Tests > Property 16 (token invalidation): New reset request invalidates previous tokens
{"eventId":"c756a99b-89c0-4b74-b2a1-c67bf874fdc3","eventType":"auth.reset_password.request","timestamp":"2025-12-02T17:11:34.032Z","outcome":"success","email":"86cd35276da19777","ipAddress":"127.0.0.1","userAgent":"unknown","requestId":"e34ceaf4-43d9-44a5-a8da-83799ada3bc3"}
[2025-12-02T17:11:34.047Z] [App] [INFO] email.queued {
  jobId: 'ba703dcf-da55-401b-9233-dc8d82c5465c',
  userId: 'ab96510e-80ce-4141-813b-58a96b15bf8c',
  tokenId: '26774d39-9544-4f23-9dcc-9ef1e00d600e',
  type: 'password_reset',
  to: 'test-forgot-1764695492395-a3eb3fbc6e19c8@example.com'
}
{"eventId":"cd283682-2fc8-4f35-953f-79bc9ba72086","eventType":"auth.reset_password.request","timestamp":"2025-12-02T17:11:34.047Z","outcome":"success","userId":"ab96510e-80ce-4141-813b-58a96b15bf8c","email":"86cd35276da19777","ipAddress":"127.0.0.1","userAgent":"unknown","requestId":"e34ceaf4-43d9-44a5-a8da-83799ada3bc3","metadata":{"tokenId":"26774d39-9544-4f23-9dcc-9ef1e00d600e","tokenCreated":true}}

stdout | src/app/api/auth/reset-password/__tests__/reset-password.property.test.ts > POST /api/auth/reset-password - Property-Based Tests > Property 17: Password reset invalidates all sessions
{"eventId":"ac711f44-f100-4b3c-b4fa-5766a6c9f066","eventType":"auth.reset_password.success","timestamp":"2025-12-02T17:11:34.047Z","outcome":"success","userId":"bfe9bbd0-5e99-441c-ba8a-00c8f8b1b240","email":"ef8f27429376ad0a","ipAddress":"127.0.0.1","userAgent":"unknown","requestId":"b02e4ee3-a656-4347-9aae-013f314616b6","metadata":{"tokenId":"168a840a-e614-4a7c-b633-d4d2942138c0","sessionsInvalidated":true}}

stdout | src/app/api/auth/forgot-password/__tests__/forgot-password.property.test.ts > POST /api/auth/forgot-password - Property-Based Tests > Property 16 (token invalidation): New reset request invalidates previous tokens
{"eventId":"ad175983-3f1b-44c1-b21b-fe1b027056fb","eventType":"auth.reset_password.request","timestamp":"2025-12-02T17:11:34.063Z","outcome":"success","email":"86cd35276da19777","ipAddress":"127.0.0.1","userAgent":"unknown","requestId":"4e03597f-6c3e-43e2-b4dc-c19aee125a1b"}
[2025-12-02T17:11:34.066Z] [App] [INFO] email.queued {
  jobId: 'b4889c27-03e3-4219-9bba-d28ba2d2ea41',
  userId: 'ab96510e-80ce-4141-813b-58a96b15bf8c',
  tokenId: '1eaf4c1f-199a-4bc4-9030-3fb265ce88c8',
  type: 'password_reset',
  to: 'test-forgot-1764695492395-a3eb3fbc6e19c8@example.com'
}
{"eventId":"a1862262-a4d3-4545-bfe5-c87ff98aa8ad","eventType":"auth.reset_password.request","timestamp":"2025-12-02T17:11:34.066Z","outcome":"success","userId":"ab96510e-80ce-4141-813b-58a96b15bf8c","email":"86cd35276da19777","ipAddress":"127.0.0.1","userAgent":"unknown","requestId":"4e03597f-6c3e-43e2-b4dc-c19aee125a1b","metadata":{"tokenId":"1eaf4c1f-199a-4bc4-9030-3fb265ce88c8","tokenCreated":true}}

stdout | src/server/auth/__tests__/rbac.test.ts > RBAC - Property-Based Tests > Property: Role assignment is idempotent
[2025-12-02T17:11:34.073Z] [App] [INFO] rbac.assign_role.success {
  userId: '88afaec4-5886-4e8c-8b74-e46c5bfe43af',
  role: 'TEAM_ADMIN',
  resourceType: 'team',
  resourceId: '07087899-1820-4465-9f93-c12890f03a79',
  roleId: '39351dd7-b350-4a44-abff-14887b2a8f61'
}
[2025-12-02T17:11:34.074Z] [App] [INFO] rbac.assign_role.already_exists {
  userId: '88afaec4-5886-4e8c-8b74-e46c5bfe43af',
  role: 'TEAM_ADMIN',
  resourceType: 'team',
  resourceId: '07087899-1820-4465-9f93-c12890f03a79'
}

stdout | src/app/api/auth/forgot-password/__tests__/forgot-password.property.test.ts > POST /api/auth/forgot-password - Property-Based Tests > Property 16 (token invalidation): New reset request invalidates previous tokens
{"eventId":"f080c077-2b36-4cd4-b308-1c23a11f62de","eventType":"auth.reset_password.request","timestamp":"2025-12-02T17:11:34.083Z","outcome":"success","email":"86cd35276da19777","ipAddress":"127.0.0.1","userAgent":"unknown","requestId":"84607acd-bd26-48de-b216-cd50784a3dad"}
[2025-12-02T17:11:34.089Z] [App] [INFO] email.queued {
  jobId: 'eec919eb-05d2-49a6-8ac4-cba33c6e08f7',
  userId: 'ab96510e-80ce-4141-813b-58a96b15bf8c',
  tokenId: '0788520b-4b91-4f79-9553-60de3394b072',
  type: 'password_reset',
  to: 'test-forgot-1764695492395-a3eb3fbc6e19c8@example.com'
}
{"eventId":"f0dd2a19-49c2-45b5-bfb7-06178e8b2fe1","eventType":"auth.reset_password.request","timestamp":"2025-12-02T17:11:34.089Z","outcome":"success","userId":"ab96510e-80ce-4141-813b-58a96b15bf8c","email":"86cd35276da19777","ipAddress":"127.0.0.1","userAgent":"unknown","requestId":"84607acd-bd26-48de-b216-cd50784a3dad","metadata":{"tokenId":"0788520b-4b91-4f79-9553-60de3394b072","tokenCreated":true}}

 ✓ src/app/api/projects/[id]/members/__tests__/route.property.test.ts (4 tests | 2 skipped) 1395ms
   ✓ Project Members API - Logic Properties > Property 13: Member list field completeness 1322ms
stdout | src/app/api/auth/forgot-password/__tests__/forgot-password.property.test.ts > POST /api/auth/forgot-password - Property-Based Tests > Property 16 (token invalidation): New reset request invalidates previous tokens
{"eventId":"b7888f8a-1957-48e3-9545-f97e8f19517f","eventType":"auth.reset_password.request","timestamp":"2025-12-02T17:11:34.119Z","outcome":"success","email":"86cd35276da19777","ipAddress":"127.0.0.1","userAgent":"unknown","requestId":"27eab5c7-bc1f-4796-9fd9-202fa399c42e"}
[2025-12-02T17:11:34.130Z] [App] [INFO] email.queued {
  jobId: 'a3e420bc-61e8-4cf6-9980-68b8619fe9d2',
  userId: 'ab96510e-80ce-4141-813b-58a96b15bf8c',
  tokenId: 'a3005786-0428-47e9-8801-d452c00e8513',
  type: 'password_reset',
  to: 'test-forgot-1764695492395-a3eb3fbc6e19c8@example.com'
}
{"eventId":"0af0ec33-cf21-4eee-990c-3bea20732678","eventType":"auth.reset_password.request","timestamp":"2025-12-02T17:11:34.130Z","outcome":"success","userId":"ab96510e-80ce-4141-813b-58a96b15bf8c","email":"86cd35276da19777","ipAddress":"127.0.0.1","userAgent":"unknown","requestId":"27eab5c7-bc1f-4796-9fd9-202fa399c42e","metadata":{"tokenId":"a3005786-0428-47e9-8801-d452c00e8513","tokenCreated":true}}

stdout | src/app/api/auth/forgot-password/__tests__/forgot-password.property.test.ts > POST /api/auth/forgot-password - Property-Based Tests > Property 16 (token invalidation): New reset request invalidates previous tokens
{"eventId":"f46c667c-5569-4eb4-be1b-5d19e199c388","eventType":"auth.reset_password.request","timestamp":"2025-12-02T17:11:34.149Z","outcome":"success","email":"86cd35276da19777","ipAddress":"127.0.0.1","userAgent":"unknown","requestId":"e7696142-e605-4cc2-b2fc-2d2b50bfa7a7"}
[2025-12-02T17:11:34.158Z] [App] [INFO] email.queued {
  jobId: '5291b070-3792-4a61-8723-64a26072c1e1',
  userId: 'ab96510e-80ce-4141-813b-58a96b15bf8c',
  tokenId: 'bf030f67-5372-4c2b-afe7-0d01a0e0607f',
  type: 'password_reset',
  to: 'test-forgot-1764695492395-a3eb3fbc6e19c8@example.com'
}
{"eventId":"4498911d-86b1-42b6-aa9b-83bf8252cf7d","eventType":"auth.reset_password.request","timestamp":"2025-12-02T17:11:34.158Z","outcome":"success","userId":"ab96510e-80ce-4141-813b-58a96b15bf8c","email":"86cd35276da19777","ipAddress":"127.0.0.1","userAgent":"unknown","requestId":"e7696142-e605-4cc2-b2fc-2d2b50bfa7a7","metadata":{"tokenId":"bf030f67-5372-4c2b-afe7-0d01a0e0607f","tokenCreated":true}}

stdout | src/app/api/auth/forgot-password/__tests__/forgot-password.property.test.ts > POST /api/auth/forgot-password - Property-Based Tests > Property 16 (token invalidation): New reset request invalidates previous tokens
{"eventId":"09928689-dfac-403a-bda2-fc33c5d2af58","eventType":"auth.reset_password.request","timestamp":"2025-12-02T17:11:34.170Z","outcome":"success","email":"86cd35276da19777","ipAddress":"127.0.0.1","userAgent":"unknown","requestId":"8fb6aaa5-a937-4a4b-beb6-7bb157aa9262"}
[2025-12-02T17:11:34.173Z] [App] [INFO] email.queued {
  jobId: 'dacadd92-9a00-461a-88e6-34f55fc0f911',
  userId: 'ab96510e-80ce-4141-813b-58a96b15bf8c',
  tokenId: '23c8bac4-e3be-4a25-a24e-688b9e92a786',
  type: 'password_reset',
  to: 'test-forgot-1764695492395-a3eb3fbc6e19c8@example.com'
}
{"eventId":"e1a00ddf-76b3-42f8-a129-f807a82da793","eventType":"auth.reset_password.request","timestamp":"2025-12-02T17:11:34.173Z","outcome":"success","userId":"ab96510e-80ce-4141-813b-58a96b15bf8c","email":"86cd35276da19777","ipAddress":"127.0.0.1","userAgent":"unknown","requestId":"8fb6aaa5-a937-4a4b-beb6-7bb157aa9262","metadata":{"tokenId":"23c8bac4-e3be-4a25-a24e-688b9e92a786","tokenCreated":true}}

stdout | src/app/api/auth/forgot-password/__tests__/forgot-password.property.test.ts > POST /api/auth/forgot-password - Property-Based Tests > Property 16 (token invalidation): New reset request invalidates previous tokens
{"eventId":"22c82e06-925e-4708-964c-3ff4be83f2ce","eventType":"auth.reset_password.request","timestamp":"2025-12-02T17:11:34.188Z","outcome":"success","email":"86cd35276da19777","ipAddress":"127.0.0.1","userAgent":"unknown","requestId":"d343fa8d-1772-48fa-aca0-973e53967f86"}
[2025-12-02T17:11:34.196Z] [App] [INFO] email.queued {
  jobId: 'bb374422-c4ff-4df4-b248-f06d59289154',
  userId: 'ab96510e-80ce-4141-813b-58a96b15bf8c',
  tokenId: '24bf6059-b8a3-495c-b567-6dadcff140cc',
  type: 'password_reset',
  to: 'test-forgot-1764695492395-a3eb3fbc6e19c8@example.com'
}
{"eventId":"840ce3e1-ca7a-43cd-8580-bcc4da235e28","eventType":"auth.reset_password.request","timestamp":"2025-12-02T17:11:34.196Z","outcome":"success","userId":"ab96510e-80ce-4141-813b-58a96b15bf8c","email":"86cd35276da19777","ipAddress":"127.0.0.1","userAgent":"unknown","requestId":"d343fa8d-1772-48fa-aca0-973e53967f86","metadata":{"tokenId":"24bf6059-b8a3-495c-b567-6dadcff140cc","tokenCreated":true}}

stdout | src/app/api/auth/forgot-password/__tests__/forgot-password.property.test.ts > POST /api/auth/forgot-password - Property-Based Tests > Property 16 (token invalidation): New reset request invalidates previous tokens
{"eventId":"599b4e6d-806c-43f0-b072-2b3a83626956","eventType":"auth.reset_password.request","timestamp":"2025-12-02T17:11:34.209Z","outcome":"success","email":"86cd35276da19777","ipAddress":"127.0.0.1","userAgent":"unknown","requestId":"c00c0938-609b-4e4e-b1f8-77c0adaec89b"}
[2025-12-02T17:11:34.215Z] [App] [INFO] email.queued {
  jobId: '6769acbb-ae0c-4210-bdfb-9ecbb464f76f',
  userId: 'ab96510e-80ce-4141-813b-58a96b15bf8c',
  tokenId: 'b9e89f5c-d61c-475f-9ccf-f81b8b3f049e',
  type: 'password_reset',
  to: 'test-forgot-1764695492395-a3eb3fbc6e19c8@example.com'
}
{"eventId":"2186f46e-5502-49f0-8f45-b35b800f9c7b","eventType":"auth.reset_password.request","timestamp":"2025-12-02T17:11:34.215Z","outcome":"success","userId":"ab96510e-80ce-4141-813b-58a96b15bf8c","email":"86cd35276da19777","ipAddress":"127.0.0.1","userAgent":"unknown","requestId":"c00c0938-609b-4e4e-b1f8-77c0adaec89b","metadata":{"tokenId":"b9e89f5c-d61c-475f-9ccf-f81b8b3f049e","tokenCreated":true}}

stdout | src/server/auth/__tests__/rbac.test.ts > RBAC - Property-Based Tests > Property: Role assignment is idempotent
[2025-12-02T17:11:34.227Z] [App] [INFO] rbac.assign_role.success {
  userId: 'ebf83dcb-15c5-40c1-8ea1-04e455abd724',
  role: 'TEAM_ADMIN',
  resourceType: 'team',
  resourceId: '092d020b-47fe-4e67-a198-d4bf81621a69',
  roleId: 'cf7b5e6f-2d29-46a5-bdd9-267ddd531e64'
}
[2025-12-02T17:11:34.228Z] [App] [INFO] rbac.assign_role.already_exists {
  userId: 'ebf83dcb-15c5-40c1-8ea1-04e455abd724',
  role: 'TEAM_ADMIN',
  resourceType: 'team',
  resourceId: '092d020b-47fe-4e67-a198-d4bf81621a69'
}

stdout | src/app/api/auth/forgot-password/__tests__/forgot-password.property.test.ts > POST /api/auth/forgot-password - Property-Based Tests > Property 16 (token invalidation): New reset request invalidates previous tokens
{"eventId":"af5417c2-592d-4ab7-8f7c-0a60d97fb741","eventType":"auth.reset_password.request","timestamp":"2025-12-02T17:11:34.228Z","outcome":"success","email":"86cd35276da19777","ipAddress":"127.0.0.1","userAgent":"unknown","requestId":"711da272-49d4-445e-b62d-f362883da544"}
[2025-12-02T17:11:34.244Z] [App] [INFO] email.queued {
  jobId: '13d6ddd3-613a-4a63-a899-e74e5b78bb83',
  userId: 'ab96510e-80ce-4141-813b-58a96b15bf8c',
  tokenId: '393acfe3-dff3-404e-8e46-e11bcc1866df',
  type: 'password_reset',
  to: 'test-forgot-1764695492395-a3eb3fbc6e19c8@example.com'
}
{"eventId":"43ac27f6-9ea1-454a-a25b-661d61fb5744","eventType":"auth.reset_password.request","timestamp":"2025-12-02T17:11:34.244Z","outcome":"success","userId":"ab96510e-80ce-4141-813b-58a96b15bf8c","email":"86cd35276da19777","ipAddress":"127.0.0.1","userAgent":"unknown","requestId":"711da272-49d4-445e-b62d-f362883da544","metadata":{"tokenId":"393acfe3-dff3-404e-8e46-e11bcc1866df","tokenCreated":true}}

stdout | src/app/api/auth/forgot-password/__tests__/forgot-password.property.test.ts > POST /api/auth/forgot-password - Property-Based Tests > Property 16 (token invalidation): New reset request invalidates previous tokens
{"eventId":"3d725dfc-a476-4af0-b9fc-f78b8b117a32","eventType":"auth.reset_password.request","timestamp":"2025-12-02T17:11:34.258Z","outcome":"success","email":"86cd35276da19777","ipAddress":"127.0.0.1","userAgent":"unknown","requestId":"3512ae82-1e67-484d-b378-418708804e45"}
[2025-12-02T17:11:34.260Z] [App] [INFO] email.queued {
  jobId: '531ebd1c-3b5e-4943-9019-49094e6081a5',
  userId: 'ab96510e-80ce-4141-813b-58a96b15bf8c',
  tokenId: '8223a01c-6052-448e-b257-b019008793cf',
  type: 'password_reset',
  to: 'test-forgot-1764695492395-a3eb3fbc6e19c8@example.com'
}
{"eventId":"5db2ca87-e768-44a9-98d6-7de62c0cdec2","eventType":"auth.reset_password.request","timestamp":"2025-12-02T17:11:34.260Z","outcome":"success","userId":"ab96510e-80ce-4141-813b-58a96b15bf8c","email":"86cd35276da19777","ipAddress":"127.0.0.1","userAgent":"unknown","requestId":"3512ae82-1e67-484d-b378-418708804e45","metadata":{"tokenId":"8223a01c-6052-448e-b257-b019008793cf","tokenCreated":true}}

stdout | src/app/api/auth/forgot-password/__tests__/forgot-password.property.test.ts > POST /api/auth/forgot-password - Property-Based Tests > Property 16 (token invalidation): New reset request invalidates previous tokens
{"eventId":"7c56608d-c20f-4ff6-867e-4ba477e79706","eventType":"auth.reset_password.request","timestamp":"2025-12-02T17:11:34.272Z","outcome":"success","email":"86cd35276da19777","ipAddress":"127.0.0.1","userAgent":"unknown","requestId":"742267f0-0bfe-47b1-85af-c196f9c88baa"}
[2025-12-02T17:11:34.277Z] [App] [INFO] email.queued {
  jobId: 'ee0368ee-8000-4f21-ac7d-5d0668000a28',
  userId: 'ab96510e-80ce-4141-813b-58a96b15bf8c',
  tokenId: '3884c2a0-6830-4f33-9c7b-a6f7bc30eee4',
  type: 'password_reset',
  to: 'test-forgot-1764695492395-a3eb3fbc6e19c8@example.com'
}
{"eventId":"bf1abcce-715e-4f66-9e40-84fa591a0d12","eventType":"auth.reset_password.request","timestamp":"2025-12-02T17:11:34.277Z","outcome":"success","userId":"ab96510e-80ce-4141-813b-58a96b15bf8c","email":"86cd35276da19777","ipAddress":"127.0.0.1","userAgent":"unknown","requestId":"742267f0-0bfe-47b1-85af-c196f9c88baa","metadata":{"tokenId":"3884c2a0-6830-4f33-9c7b-a6f7bc30eee4","tokenCreated":true}}

stdout | src/app/api/auth/forgot-password/__tests__/forgot-password.property.test.ts > POST /api/auth/forgot-password - Property-Based Tests > Property 16 (token invalidation): New reset request invalidates previous tokens
{"eventId":"0b1e2c3a-70db-4af3-a9e6-2040879bf2c1","eventType":"auth.reset_password.request","timestamp":"2025-12-02T17:11:34.297Z","outcome":"success","email":"86cd35276da19777","ipAddress":"127.0.0.1","userAgent":"unknown","requestId":"703b3ab9-a013-42fa-9151-5a8ad935ea7d"}
[2025-12-02T17:11:34.307Z] [App] [INFO] email.queued {
  jobId: '86745e16-db6f-469b-87c3-6a04fb32f998',
  userId: 'ab96510e-80ce-4141-813b-58a96b15bf8c',
  tokenId: 'a330def5-bad3-40cb-b11b-78f5b59cb8ea',
  type: 'password_reset',
  to: 'test-forgot-1764695492395-a3eb3fbc6e19c8@example.com'
}
{"eventId":"1ab82b74-834f-4a87-b20f-91fa457bc8ce","eventType":"auth.reset_password.request","timestamp":"2025-12-02T17:11:34.307Z","outcome":"success","userId":"ab96510e-80ce-4141-813b-58a96b15bf8c","email":"86cd35276da19777","ipAddress":"127.0.0.1","userAgent":"unknown","requestId":"703b3ab9-a013-42fa-9151-5a8ad935ea7d","metadata":{"tokenId":"a330def5-bad3-40cb-b11b-78f5b59cb8ea","tokenCreated":true}}

stdout | src/app/api/auth/forgot-password/__tests__/forgot-password.property.test.ts > POST /api/auth/forgot-password - Property-Based Tests > Property 16 (token invalidation): New reset request invalidates previous tokens
{"eventId":"5bef80b5-e148-4ee4-b2e0-f71ed3ff670e","eventType":"auth.reset_password.request","timestamp":"2025-12-02T17:11:34.320Z","outcome":"success","email":"86cd35276da19777","ipAddress":"127.0.0.1","userAgent":"unknown","requestId":"2e995fe4-cb7c-47b5-a93f-e75fd11b90e2"}
[2025-12-02T17:11:34.323Z] [App] [INFO] email.queued {
  jobId: '0b19d30a-a919-40a4-9a61-c7539cefa202',
  userId: 'ab96510e-80ce-4141-813b-58a96b15bf8c',
  tokenId: '4501f55e-1c00-4cbe-9989-8651773f9c73',
  type: 'password_reset',
  to: 'test-forgot-1764695492395-a3eb3fbc6e19c8@example.com'
}
{"eventId":"532b8627-53c7-40de-b7e3-176b70077269","eventType":"auth.reset_password.request","timestamp":"2025-12-02T17:11:34.323Z","outcome":"success","userId":"ab96510e-80ce-4141-813b-58a96b15bf8c","email":"86cd35276da19777","ipAddress":"127.0.0.1","userAgent":"unknown","requestId":"2e995fe4-cb7c-47b5-a93f-e75fd11b90e2","metadata":{"tokenId":"4501f55e-1c00-4cbe-9989-8651773f9c73","tokenCreated":true}}

stdout | src/app/api/auth/forgot-password/__tests__/forgot-password.property.test.ts > POST /api/auth/forgot-password - Property-Based Tests > Property 16 (token invalidation): New reset request invalidates previous tokens
{"eventId":"c91294d7-eb94-4f1b-8c80-d75041a2bf4a","eventType":"auth.reset_password.request","timestamp":"2025-12-02T17:11:34.335Z","outcome":"success","email":"86cd35276da19777","ipAddress":"127.0.0.1","userAgent":"unknown","requestId":"ccc6f43b-9ab0-432f-b50e-9377356791f3"}
[2025-12-02T17:11:34.347Z] [App] [INFO] email.queued {
  jobId: '639b14d9-aabd-4878-937f-6c5859930898',
  userId: 'ab96510e-80ce-4141-813b-58a96b15bf8c',
  tokenId: '026fa36e-e894-4753-9596-4b6be3b90824',
  type: 'password_reset',
  to: 'test-forgot-1764695492395-a3eb3fbc6e19c8@example.com'
}
{"eventId":"83104eb8-46e4-4812-a7ed-88c4bba0603b","eventType":"auth.reset_password.request","timestamp":"2025-12-02T17:11:34.347Z","outcome":"success","userId":"ab96510e-80ce-4141-813b-58a96b15bf8c","email":"86cd35276da19777","ipAddress":"127.0.0.1","userAgent":"unknown","requestId":"ccc6f43b-9ab0-432f-b50e-9377356791f3","metadata":{"tokenId":"026fa36e-e894-4753-9596-4b6be3b90824","tokenCreated":true}}

stdout | src/app/api/auth/reset-password/__tests__/reset-password.property.test.ts > POST /api/auth/reset-password - Property-Based Tests > Property 17: Password reset invalidates all sessions
{"eventId":"f695e5ec-7092-40cd-860b-83bc3310411d","eventType":"auth.reset_password.success","timestamp":"2025-12-02T17:11:34.372Z","outcome":"success","ipAddress":"127.0.0.1","userAgent":"unknown","requestId":"e2b1d4fb-689a-409d-aea2-fe993b5f0c78","metadata":{"stage":"attempt"}}

stdout | src/app/api/auth/forgot-password/__tests__/forgot-password.property.test.ts > POST /api/auth/forgot-password - Property-Based Tests > Property 16 (token invalidation): New reset request invalidates previous tokens
{"eventId":"8c38b468-6720-41d6-b471-d37faf1e1f48","eventType":"auth.reset_password.request","timestamp":"2025-12-02T17:11:34.365Z","outcome":"success","email":"86cd35276da19777","ipAddress":"127.0.0.1","userAgent":"unknown","requestId":"4b3b0db1-1720-46c3-b34b-f62dc35019c9"}
[2025-12-02T17:11:34.375Z] [App] [INFO] email.queued {
  jobId: '6266431d-4c03-4266-b185-65d78c860263',
  userId: 'ab96510e-80ce-4141-813b-58a96b15bf8c',
  tokenId: '799cf22e-3d90-456c-9c84-048371dd2322',
  type: 'password_reset',
  to: 'test-forgot-1764695492395-a3eb3fbc6e19c8@example.com'
}
{"eventId":"12c92e80-66cd-412b-a759-63451af0f28a","eventType":"auth.reset_password.request","timestamp":"2025-12-02T17:11:34.375Z","outcome":"success","userId":"ab96510e-80ce-4141-813b-58a96b15bf8c","email":"86cd35276da19777","ipAddress":"127.0.0.1","userAgent":"unknown","requestId":"4b3b0db1-1720-46c3-b34b-f62dc35019c9","metadata":{"tokenId":"799cf22e-3d90-456c-9c84-048371dd2322","tokenCreated":true}}

stdout | src/app/api/auth/forgot-password/__tests__/forgot-password.property.test.ts > POST /api/auth/forgot-password - Property-Based Tests > Property 16 (token invalidation): New reset request invalidates previous tokens
{"eventId":"a645b6f5-9485-4aaf-84d2-819b6b8cd098","eventType":"auth.reset_password.request","timestamp":"2025-12-02T17:11:34.387Z","outcome":"success","email":"86cd35276da19777","ipAddress":"127.0.0.1","userAgent":"unknown","requestId":"6304a2a1-f495-4715-a720-0baa23917238"}
[2025-12-02T17:11:34.391Z] [App] [INFO] email.queued {
  jobId: '69a48e39-3430-4d45-8808-3418d09844f3',
  userId: 'ab96510e-80ce-4141-813b-58a96b15bf8c',
  tokenId: 'f0f0ef72-d33d-4e1d-97cc-ee07811773aa',
  type: 'password_reset',
  to: 'test-forgot-1764695492395-a3eb3fbc6e19c8@example.com'
}
{"eventId":"eff477b5-04dc-4b39-8700-c94378149f50","eventType":"auth.reset_password.request","timestamp":"2025-12-02T17:11:34.391Z","outcome":"success","userId":"ab96510e-80ce-4141-813b-58a96b15bf8c","email":"86cd35276da19777","ipAddress":"127.0.0.1","userAgent":"unknown","requestId":"6304a2a1-f495-4715-a720-0baa23917238","metadata":{"tokenId":"f0f0ef72-d33d-4e1d-97cc-ee07811773aa","tokenCreated":true}}

stdout | src/server/auth/__tests__/rbac.test.ts > RBAC - Property-Based Tests > Property: Role assignment is idempotent
[2025-12-02T17:11:34.392Z] [App] [INFO] rbac.assign_role.success {
  userId: '07fe2e2f-2b7b-4e3e-8fa6-b97464be9fa5',
  role: 'TEAM_MEMBER',
  resourceType: 'team',
  resourceId: '5cbc955f-8804-4001-b6db-baa48ac1fb17',
  roleId: '27fd8c60-dd3f-4696-bd8d-f7ff5a91afcf'
}
[2025-12-02T17:11:34.395Z] [App] [INFO] rbac.assign_role.already_exists {
  userId: '07fe2e2f-2b7b-4e3e-8fa6-b97464be9fa5',
  role: 'TEAM_MEMBER',
  resourceType: 'team',
  resourceId: '5cbc955f-8804-4001-b6db-baa48ac1fb17'
}

stdout | src/app/api/auth/forgot-password/__tests__/forgot-password.property.test.ts > POST /api/auth/forgot-password - Property-Based Tests > Property 16 (token invalidation): New reset request invalidates previous tokens
{"eventId":"15ecdbfc-1eec-4b68-9caf-1060388617b4","eventType":"auth.reset_password.request","timestamp":"2025-12-02T17:11:34.416Z","outcome":"success","email":"86cd35276da19777","ipAddress":"127.0.0.1","userAgent":"unknown","requestId":"cb9e4357-5fb4-4dd5-9e90-3b68ea459944"}
[2025-12-02T17:11:34.418Z] [App] [INFO] email.queued {
  jobId: 'fa7d27f8-a502-493a-8319-6eb7199bed65',
  userId: 'ab96510e-80ce-4141-813b-58a96b15bf8c',
  tokenId: '30affd49-8b2a-4df3-b00f-d4d7bcfd293e',
  type: 'password_reset',
  to: 'test-forgot-1764695492395-a3eb3fbc6e19c8@example.com'
}
{"eventId":"227fa44e-ebfd-4da2-b965-a0576ea40bb8","eventType":"auth.reset_password.request","timestamp":"2025-12-02T17:11:34.418Z","outcome":"success","userId":"ab96510e-80ce-4141-813b-58a96b15bf8c","email":"86cd35276da19777","ipAddress":"127.0.0.1","userAgent":"unknown","requestId":"cb9e4357-5fb4-4dd5-9e90-3b68ea459944","metadata":{"tokenId":"30affd49-8b2a-4df3-b00f-d4d7bcfd293e","tokenCreated":true}}

 ✓ src/server/projects/__tests__/member-service.property.test.ts (5 tests | 3 skipped) 211ms
stdout | src/app/api/auth/forgot-password/__tests__/forgot-password.property.test.ts > POST /api/auth/forgot-password - Property-Based Tests > Property 16 (token invalidation): New reset request invalidates previous tokens
{"eventId":"a3ed52c2-eb09-4238-826d-0a6726ee7796","eventType":"auth.reset_password.request","timestamp":"2025-12-02T17:11:34.431Z","outcome":"success","email":"86cd35276da19777","ipAddress":"127.0.0.1","userAgent":"unknown","requestId":"0a00b4e1-aae3-40dd-bf21-2365fcb17c3e"}
[2025-12-02T17:11:34.440Z] [App] [INFO] email.queued {
  jobId: 'becaeccc-d0bf-4716-9cbb-f96c89beb550',
  userId: 'ab96510e-80ce-4141-813b-58a96b15bf8c',
  tokenId: 'efc111b7-4086-4a68-a31d-d5eff67089c9',
  type: 'password_reset',
  to: 'test-forgot-1764695492395-a3eb3fbc6e19c8@example.com'
}
{"eventId":"becab483-cccc-40f0-bf76-2e46ec290a1d","eventType":"auth.reset_password.request","timestamp":"2025-12-02T17:11:34.440Z","outcome":"success","userId":"ab96510e-80ce-4141-813b-58a96b15bf8c","email":"86cd35276da19777","ipAddress":"127.0.0.1","userAgent":"unknown","requestId":"0a00b4e1-aae3-40dd-bf21-2365fcb17c3e","metadata":{"tokenId":"efc111b7-4086-4a68-a31d-d5eff67089c9","tokenCreated":true}}

stdout | src/app/api/auth/forgot-password/__tests__/forgot-password.property.test.ts > POST /api/auth/forgot-password - Property-Based Tests > Property 16 (token invalidation): New reset request invalidates previous tokens
{"eventId":"8c5670a8-f887-4b2a-8c85-6e8b55cbb35e","eventType":"auth.reset_password.request","timestamp":"2025-12-02T17:11:34.458Z","outcome":"success","email":"86cd35276da19777","ipAddress":"127.0.0.1","userAgent":"unknown","requestId":"57748bad-5934-4114-a81b-ce4fc2da2e62"}
[2025-12-02T17:11:34.469Z] [App] [INFO] email.queued {
  jobId: 'a84e8b59-8c78-42c5-9fa9-4e354225ba82',
  userId: 'ab96510e-80ce-4141-813b-58a96b15bf8c',
  tokenId: '3e33f1fb-4ff2-48f4-a602-8969d36d91de',
  type: 'password_reset',
  to: 'test-forgot-1764695492395-a3eb3fbc6e19c8@example.com'
}
{"eventId":"12be8567-1891-4302-9e26-4a75fa02f18f","eventType":"auth.reset_password.request","timestamp":"2025-12-02T17:11:34.469Z","outcome":"success","userId":"ab96510e-80ce-4141-813b-58a96b15bf8c","email":"86cd35276da19777","ipAddress":"127.0.0.1","userAgent":"unknown","requestId":"57748bad-5934-4114-a81b-ce4fc2da2e62","metadata":{"tokenId":"3e33f1fb-4ff2-48f4-a602-8969d36d91de","tokenCreated":true}}

stdout | src/app/api/auth/forgot-password/__tests__/forgot-password.property.test.ts > POST /api/auth/forgot-password - Property-Based Tests > Property 16 (token invalidation): New reset request invalidates previous tokens
{"eventId":"a9ea1631-35b7-4684-81b1-127f59f8f8c8","eventType":"auth.reset_password.request","timestamp":"2025-12-02T17:11:34.494Z","outcome":"success","email":"86cd35276da19777","ipAddress":"127.0.0.1","userAgent":"unknown","requestId":"d12a6fe3-df4d-4b50-938f-7becf9700a24"}
[2025-12-02T17:11:34.516Z] [App] [INFO] email.queued {
  jobId: '5e1d0dcd-a7d0-47ff-b5c3-36fb197befc4',
  userId: 'ab96510e-80ce-4141-813b-58a96b15bf8c',
  tokenId: '50cbb875-f29d-4a1c-9ea7-c40a1a1a0fbe',
  type: 'password_reset',
  to: 'test-forgot-1764695492395-a3eb3fbc6e19c8@example.com'
}
{"eventId":"81d7a641-a376-4e58-a492-384115c007da","eventType":"auth.reset_password.request","timestamp":"2025-12-02T17:11:34.516Z","outcome":"success","userId":"ab96510e-80ce-4141-813b-58a96b15bf8c","email":"86cd35276da19777","ipAddress":"127.0.0.1","userAgent":"unknown","requestId":"d12a6fe3-df4d-4b50-938f-7becf9700a24","metadata":{"tokenId":"50cbb875-f29d-4a1c-9ea7-c40a1a1a0fbe","tokenCreated":true}}

stdout | src/app/api/auth/reset-password/__tests__/reset-password.property.test.ts > POST /api/auth/reset-password - Property-Based Tests > Property 17: Password reset invalidates all sessions
{"eventId":"611d2064-2a5f-4e84-be61-bf00ff344b5c","eventType":"auth.reset_password.success","timestamp":"2025-12-02T17:11:34.517Z","outcome":"success","userId":"bfe9bbd0-5e99-441c-ba8a-00c8f8b1b240","email":"ef8f27429376ad0a","ipAddress":"127.0.0.1","userAgent":"unknown","requestId":"e2b1d4fb-689a-409d-aea2-fe993b5f0c78","metadata":{"tokenId":"1336133f-76f0-447e-aca4-d7e85482dd8a","sessionsInvalidated":true}}

stdout | src/app/api/auth/forgot-password/__tests__/forgot-password.property.test.ts > POST /api/auth/forgot-password - Property-Based Tests > Property 16 (token invalidation): New reset request invalidates previous tokens
{"eventId":"be88e2d9-b698-44ea-87ff-3459b9c12474","eventType":"auth.reset_password.request","timestamp":"2025-12-02T17:11:34.529Z","outcome":"success","email":"86cd35276da19777","ipAddress":"127.0.0.1","userAgent":"unknown","requestId":"f271ce5c-1179-475d-8c94-83cd2327dcbf"}
[2025-12-02T17:11:34.538Z] [App] [INFO] email.queued {
  jobId: 'c8605865-d4da-4e6c-b25f-bb797dc37635',
  userId: 'ab96510e-80ce-4141-813b-58a96b15bf8c',
  tokenId: '558340b0-854e-4663-8a3d-c8bbdbb58154',
  type: 'password_reset',
  to: 'test-forgot-1764695492395-a3eb3fbc6e19c8@example.com'
}
{"eventId":"b5fd521f-4b05-4f16-806f-c0afefbc1474","eventType":"auth.reset_password.request","timestamp":"2025-12-02T17:11:34.538Z","outcome":"success","userId":"ab96510e-80ce-4141-813b-58a96b15bf8c","email":"86cd35276da19777","ipAddress":"127.0.0.1","userAgent":"unknown","requestId":"f271ce5c-1179-475d-8c94-83cd2327dcbf","metadata":{"tokenId":"558340b0-854e-4663-8a3d-c8bbdbb58154","tokenCreated":true}}

stdout | src/server/auth/__tests__/rbac.test.ts > RBAC - Property-Based Tests > Property: Role assignment is idempotent
[2025-12-02T17:11:34.548Z] [App] [INFO] rbac.assign_role.success {
  userId: '26952c4f-12e4-45e3-98e7-8803ce98236c',
  role: 'TEAM_ADMIN',
  resourceType: 'team',
  resourceId: '9fa4cab7-9825-4df2-8a62-1b90f57308cd',
  roleId: '54c68747-b43d-4987-bea5-81073a302e74'
}
[2025-12-02T17:11:34.549Z] [App] [INFO] rbac.assign_role.already_exists {
  userId: '26952c4f-12e4-45e3-98e7-8803ce98236c',
  role: 'TEAM_ADMIN',
  resourceType: 'team',
  resourceId: '9fa4cab7-9825-4df2-8a62-1b90f57308cd'
}

stdout | src/app/api/auth/forgot-password/__tests__/forgot-password.property.test.ts > POST /api/auth/forgot-password - Property-Based Tests > Property 16 (token invalidation): New reset request invalidates previous tokens
{"eventId":"67e62039-2c9a-4158-b1c7-92bc23d89844","eventType":"auth.reset_password.request","timestamp":"2025-12-02T17:11:34.556Z","outcome":"success","email":"86cd35276da19777","ipAddress":"127.0.0.1","userAgent":"unknown","requestId":"2b1cc442-5046-4c50-8a9b-7cea815ddd5e"}
[2025-12-02T17:11:34.558Z] [App] [INFO] email.queued {
  jobId: '7ceaf883-ca9a-48e9-908f-c3f0bf959108',
  userId: 'ab96510e-80ce-4141-813b-58a96b15bf8c',
  tokenId: '4c3b6586-f4bc-4cab-9397-99c6fb634a58',
  type: 'password_reset',
  to: 'test-forgot-1764695492395-a3eb3fbc6e19c8@example.com'
}
{"eventId":"77bb8db9-5b33-4648-b161-daee3abe211e","eventType":"auth.reset_password.request","timestamp":"2025-12-02T17:11:34.558Z","outcome":"success","userId":"ab96510e-80ce-4141-813b-58a96b15bf8c","email":"86cd35276da19777","ipAddress":"127.0.0.1","userAgent":"unknown","requestId":"2b1cc442-5046-4c50-8a9b-7cea815ddd5e","metadata":{"tokenId":"4c3b6586-f4bc-4cab-9397-99c6fb634a58","tokenCreated":true}}

stdout | src/server/teams/__tests__/plan-limits.property.test.ts > Property 41: Free plan member limit enforced > free plan allows adding members up to limit
[2025-12-02T17:11:32.241Z] [App] [INFO] {"eventId":"b5c7e75d-fcce-40fa-a104-bcba7376f569","eventType":"team.create.success","timestamp":"2025-12-02T17:11:32.241Z","outcome":"success","userId":"f089c9aa-d485-419e-8b91-3e61eab5be55","teamId":"4bf3246f-0054-4b51-953d-4c901d413c89","teamName":"x@}5HqD-1764695492223-0yt6mx","metadata":{"slug":"x5hqd-1764695492223-0yt6mx","planId":"free"}}
[2025-12-02T17:11:32.252Z] [App] [INFO] {"eventId":"981c8c0c-a5ee-4203-93ec-236876a36cb9","eventType":"team.create.success","timestamp":"2025-12-02T17:11:32.252Z","outcome":"success","userId":"ec43edbe-72e1-4bf3-be0b-e8e397320aa6","teamId":"f5480459-446d-418e-bd0e-95663d8823f3","teamName":"yQ7@ugrRih\"X-1764695492249-6m386","metadata":{"slug":"yq7ugrrihx-1764695492249-6m386","planId":"free"}}
[2025-12-02T17:11:32.297Z] [App] [INFO] {"eventId":"75c7e386-8249-4a90-a5f6-de8ca2b3ea72","eventType":"team.create.success","timestamp":"2025-12-02T17:11:32.297Z","outcome":"success","userId":"bab45c74-eea3-4ff8-9725-6549af34d460","teamId":"2cd5fee9-818b-448b-b9dd-175ffd7151cf","teamName":"~A$8X-1764695492255-9az0ho","metadata":{"slug":"a8x-1764695492255-9az0ho","planId":"free"}}
[2025-12-02T17:11:32.305Z] [App] [INFO] {"eventId":"e75ce119-68d6-4ec2-b9e7-8d5b2582cc69","eventType":"team.create.success","timestamp":"2025-12-02T17:11:32.305Z","outcome":"success","userId":"b52c23ea-a7d0-4897-8333-b65e23a0992a","teamId":"32144949-a9de-4aee-a4b8-8131f2b2768f","teamName":"<dj0B-1764695492303-0lpvs","metadata":{"slug":"dj0b-1764695492303-0lpvs","planId":"free"}}
[2025-12-02T17:11:32.321Z] [App] [INFO] {"eventId":"b0112adc-3d44-419e-a97a-cb525f475402","eventType":"team.create.success","timestamp":"2025-12-02T17:11:32.321Z","outcome":"success","userId":"1bde9cd5-94b8-471f-bf92-25ef2215b286","teamId":"61cd58e4-78ae-484c-aa50-6412bd9a5dff","teamName":"qVJp,66t;.-1764695492319-8bhzxr","metadata":{"slug":"qvjp66t-1764695492319-8bhzxr","planId":"free"}}
[2025-12-02T17:11:32.326Z] [App] [INFO] {"eventId":"f7587ca8-78fe-4b5c-967c-28c423b70abc","eventType":"team.create.success","timestamp":"2025-12-02T17:11:32.326Z","outcome":"success","userId":"0237636e-3e78-4662-8daf-d0d082069f67","teamId":"49c2823d-cbfb-4ea9-beab-35ac1242e341","teamName":"{Jq2TMIf1^D;k-1764695492325-pozd4","metadata":{"slug":"jq2tmif1dk-1764695492325-pozd4","planId":"free"}}
[2025-12-02T17:11:32.359Z] [App] [INFO] {"eventId":"39413b82-6281-409e-b865-b8709ec07e21","eventType":"team.create.success","timestamp":"2025-12-02T17:11:32.359Z","outcome":"success","userId":"c710a9a3-7fbe-49b6-a040-cfb0a428eccc","teamId":"2794c589-b672-4c21-9c74-9b8fe29cf9cc","teamName":"Q__defineGet-1764695492351-sfser","metadata":{"slug":"qdefineget-1764695492351-sfser","planId":"free"}}
[2025-12-02T17:11:32.387Z] [App] [INFO] {"eventId":"715ca472-9293-4892-9a53-34cfa31cb7f8","eventType":"team.create.success","timestamp":"2025-12-02T17:11:32.387Z","outcome":"success","userId":"99ee7501-9de8-48b8-a22d-fe5db91315be","teamId":"5818d758-eb91-450a-97b0-2f58dbc162eb","teamName":"bind-1764695492373-wq0bs","metadata":{"slug":"bind-1764695492373-wq0bs","planId":"free"}}
[2025-12-02T17:11:32.406Z] [App] [INFO] {"eventId":"7eaa3fb4-f486-45a6-bb41-a6222d949d60","eventType":"team.create.success","timestamp":"2025-12-02T17:11:32.406Z","outcome":"success","userId":"cc800d0b-a068-4dc7-9db6-baff3db5a64b","teamId":"bd56793b-9d3a-4a52-99e1-0b25cb6ca44d","teamName":"ca-1764695492393-veqsz6","metadata":{"slug":"ca-1764695492393-veqsz6","planId":"free"}}
[2025-12-02T17:11:32.429Z] [App] [INFO] {"eventId":"4c9d3e30-9f83-4fd7-a6a7-fc5c2f71ad9c","eventType":"team.create.success","timestamp":"2025-12-02T17:11:32.429Z","outcome":"success","userId":"10fccfaa-05f6-4f94-85f8-0d27796ecd61","teamId":"6287dc77-da1a-43f1-9e9b-72eff497c1d6","teamName":"*5A-1764695492422-7d181g","metadata":{"slug":"5a-1764695492422-7d181g","planId":"free"}}
[2025-12-02T17:11:32.438Z] [App] [INFO] {"eventId":"2cf43197-4c40-4095-aab5-269d30814dbf","eventType":"team.create.success","timestamp":"2025-12-02T17:11:32.438Z","outcome":"success","userId":"0e12fa2a-3355-43fa-a4fb-c29bdbc52cd0","teamId":"cba705a1-77bb-4e09-84ea-27635b4836a7","teamName":"~c'9~k:-1764695492436-ilz1ko","metadata":{"slug":"c9k-1764695492436-ilz1ko","planId":"free"}}
[2025-12-02T17:11:32.507Z] [App] [INFO] {"eventId":"48a7de8e-aee3-4ec4-9868-f6a1c09fea0a","eventType":"team.create.success","timestamp":"2025-12-02T17:11:32.507Z","outcome":"success","userId":"795e344c-b543-4a35-8646-ff9ce6c581a9","teamId":"9be65111-b9bd-41fa-9555-79e18322f6fc","teamName":"b/Emt-1764695492489-ar6zvg","metadata":{"slug":"bemt-1764695492489-ar6zvg","planId":"free"}}
[2025-12-02T17:11:32.525Z] [App] [INFO] {"eventId":"e8c58eb7-86bb-43d2-acca-39212053d3a5","eventType":"team.create.success","timestamp":"2025-12-02T17:11:32.525Z","outcome":"success","userId":"d04437ac-a9a7-4ab0-a87c-7cce271deb09","teamId":"3f69e2f3-a84b-45b7-929d-7748c7cf9d97","teamName":"`\"v!KP,K-1764695492523-bcpzbq","metadata":{"slug":"vkpk-1764695492523-bcpzbq","planId":"free"}}
[2025-12-02T17:11:32.536Z] [App] [INFO] {"eventId":"db77c69e-1651-45d6-9248-434084ab6dc6","eventType":"team.create.success","timestamp":"2025-12-02T17:11:32.536Z","outcome":"success","userId":"06c6f7c3-7d9f-4e4a-9d5d-548d83034086","teamId":"6305925c-f04e-4318-96e3-4d1b37f67b9a","teamName":"=Fu'I7~H(e*:#-1764695492534-q5grv3","metadata":{"slug":"fui7he-1764695492534-q5grv3","planId":"free"}}
[2025-12-02T17:11:32.548Z] [App] [INFO] {"eventId":"61a9e59c-4c96-4188-8952-26b1db295d26","eventType":"team.create.success","timestamp":"2025-12-02T17:11:32.548Z","outcome":"success","userId":"18a3877f-9f91-4eb0-971f-966567db0515","teamId":"9be78307-f1ea-4564-9ed3-ca8d4b12ca61","teamName":"xN-1764695492542-ej49c7","metadata":{"slug":"xn-1764695492542-ej49c7","planId":"free"}}
[2025-12-02T17:11:32.564Z] [App] [INFO] {"eventId":"c3a14afe-2055-4488-a1ac-712a5f6072c1","eventType":"team.create.success","timestamp":"2025-12-02T17:11:32.564Z","outcome":"success","userId":"111a022c-30e9-414b-86ea-906461c1a327","teamId":"6a17b4d9-e6a1-440f-b767-5ad9c04bb4c1","teamName":"\"4bvV]4{-1764695492558-2eefe","metadata":{"slug":"4bvv4-1764695492558-2eefe","planId":"free"}}
[2025-12-02T17:11:32.599Z] [App] [INFO] {"eventId":"f08fbba6-55fd-411b-8f52-d8f3335a8735","eventType":"team.create.success","timestamp":"2025-12-02T17:11:32.599Z","outcome":"success","userId":"0f64245e-60a6-49a4-836c-e17555620797","teamId":"742d4557-099d-425d-b188-3f2a516bb6a1","teamName":"n$o-1764695492589-0p50nc","metadata":{"slug":"no-1764695492589-0p50nc","planId":"free"}}
[2025-12-02T17:11:32.625Z] [App] [INFO] {"eventId":"8bb7cf86-bd47-4286-877e-973f9316e5f7","eventType":"team.create.success","timestamp":"2025-12-02T17:11:32.625Z","outcome":"success","userId":"c7c8a657-0583-4216-b146-d78b28cd8dd1","teamId":"70b90d14-14ed-4577-8809-22d2effcacb4","teamName":"WXJUGj+-1764695492617-zkgmgc","metadata":{"slug":"wxjugj-1764695492617-zkgmgc","planId":"free"}}
[2025-12-02T17:11:32.643Z] [App] [INFO] {"eventId":"afb97ecd-a4f2-4212-8bbb-c5ed84d04d78","eventType":"team.create.success","timestamp":"2025-12-02T17:11:32.643Z","outcome":"success","userId":"16fa1ffc-9ed6-4b42-8b7a-42e6e984b95f","teamId":"e90c420d-9ce6-4acc-b509-e75ed2a27355","teamName":"SH=NB#~BZXz*Q-1764695492641-glnya7","metadata":{"slug":"shnbbzxzq-1764695492641-glnya7","planId":"free"}}
[2025-12-02T17:11:32.651Z] [App] [INFO] {"eventId":"ea53554d-af96-42c3-8eab-87fe3bc61caf","eventType":"team.create.success","timestamp":"2025-12-02T17:11:32.651Z","outcome":"success","userId":"2463f2d1-860a-42b2-8aa0-a1370d6ad874","teamId":"d92d0e3c-f7c0-4be7-924a-180ee7779979","teamName":"KdqrIq-1764695492649-se04s","metadata":{"slug":"kdqriq-1764695492649-se04s","planId":"free"}}

stdout | src/server/teams/__tests__/plan-limits.property.test.ts > Property 41: Free plan member limit enforced > free plan blocks adding 11th member
[2025-12-02T17:11:32.757Z] [App] [INFO] {"eventId":"5ca399aa-3bc6-450c-9c3e-f0f8183f9c37","eventType":"team.create.success","timestamp":"2025-12-02T17:11:32.757Z","outcome":"success","userId":"9432e7f2-0345-4257-9b42-704f1f7a8873","teamId":"ac1ae836-2e8a-4002-a4b9-47a1d23b77c0","teamName":"Pro-1764695492752-ap5szk","metadata":{"slug":"pro-1764695492752-ap5szk","planId":"free"}}
[2025-12-02T17:11:32.792Z] [App] [INFO] {"eventId":"035a86a2-a1dd-4777-af6c-0786f704adb1","eventType":"team.create.success","timestamp":"2025-12-02T17:11:32.792Z","outcome":"success","userId":"1a38e930-b054-44ba-bcbd-52a0685e7ec2","teamId":"afb9a8b9-7a2f-4e7a-b43f-6a7aa96ba003","teamName":"hs*<<wPb-1764695492787-2a24ep","metadata":{"slug":"hswpb-1764695492787-2a24ep","planId":"free"}}
[2025-12-02T17:11:32.819Z] [App] [INFO] {"eventId":"6c8186c9-910e-405f-828c-49d2b6991b49","eventType":"team.create.success","timestamp":"2025-12-02T17:11:32.819Z","outcome":"success","userId":"48723f3c-70e1-4944-871c-a3afcc76e7f0","teamId":"aee70e35-157e-4fdd-859e-9024211c6483","teamName":"3sDXE_@@>1-1764695492806-8f7qjk","metadata":{"slug":"3sdxe1-1764695492806-8f7qjk","planId":"free"}}
[2025-12-02T17:11:32.852Z] [App] [INFO] {"eventId":"52a244ea-8e6a-46ef-833c-6509d8be2e7d","eventType":"team.create.success","timestamp":"2025-12-02T17:11:32.852Z","outcome":"success","userId":"7f28cea6-70ed-4fe1-991f-d854c7b93649","teamId":"c4e79857-0754-4fb2-952e-0bf6acdfc64f","teamName":"RN8-1764695492844-p9925q","metadata":{"slug":"rn8-1764695492844-p9925q","planId":"free"}}
[2025-12-02T17:11:32.878Z] [App] [INFO] {"eventId":"6d4862e2-9b99-4faf-9563-8257419cf1e1","eventType":"team.create.success","timestamp":"2025-12-02T17:11:32.878Z","outcome":"success","userId":"02d26f4d-7849-4717-8cf3-0b0272e461a8","teamId":"92144a94-b463-4907-9224-d542314b7d81","teamName":"arguments-1764695492873-1di91p","metadata":{"slug":"arguments-1764695492873-1di91p","planId":"free"}}
[2025-12-02T17:11:32.900Z] [App] [INFO] {"eventId":"544c842c-9e7e-41a1-a512-bdcebe5d583c","eventType":"team.create.success","timestamp":"2025-12-02T17:11:32.900Z","outcome":"success","userId":"773fe47d-43b3-481f-9626-c163ac37db89","teamId":"64f50bc7-940b-48c7-87fc-6f1bacf42a0c","teamName":"lfx9,bo-1764695492898-n1unsc","metadata":{"slug":"lfx9bo-1764695492898-n1unsc","planId":"free"}}
[2025-12-02T17:11:32.959Z] [App] [INFO] {"eventId":"714b3108-748a-4309-9022-d152b7f37ad3","eventType":"team.create.success","timestamp":"2025-12-02T17:11:32.959Z","outcome":"success","userId":"910a549c-725a-49f9-ac69-a7e43d9f93c4","teamId":"8cc451cf-2221-457d-a62c-e2ff1c42a9ec","teamName":"@/MH#tR%N]V_0-1764695492919-jy3m6p","metadata":{"slug":"mhtrnv0-1764695492919-jy3m6p","planId":"free"}}
[2025-12-02T17:11:33.016Z] [App] [INFO] {"eventId":"18b78996-8ac3-429a-847e-04a57428847c","eventType":"team.create.success","timestamp":"2025-12-02T17:11:33.016Z","outcome":"success","userId":"165b801a-575c-4cad-b762-cd4240e074b7","teamId":"25661a15-8f82-4d52-b772-d7453e0590ef","teamName":"2&<AFXKovQfd6_-1764695493015-83wdoi","metadata":{"slug":"2afxkovqfd6-1764695493015-83wdoi","planId":"free"}}
[2025-12-02T17:11:33.033Z] [App] [INFO] {"eventId":"0b361690-7dc3-4fc2-9521-b6aae1f05d8e","eventType":"team.create.success","timestamp":"2025-12-02T17:11:33.033Z","outcome":"success","userId":"c0a45a34-b246-48c0-b02d-177a5868f10c","teamId":"8cdda827-1795-4ade-bd4b-d688ce979948","teamName":")HNzM)8'vuzI-1764695493024-pbu12j","metadata":{"slug":"hnzm8vuzi-1764695493024-pbu12j","planId":"free"}}
[2025-12-02T17:11:33.060Z] [App] [INFO] {"eventId":"214f237e-d427-4093-b8c8-67515c8cbbae","eventType":"team.create.success","timestamp":"2025-12-02T17:11:33.060Z","outcome":"success","userId":"c685ed0d-18ef-49d8-b2ca-a739bb30da1c","teamId":"dde29834-d0c5-4d80-9cc2-c0b449f9e4dd","teamName":"Gc\"6%-1764695493058-jqi0nk","metadata":{"slug":"gc6-1764695493058-jqi0nk","planId":"free"}}
[2025-12-02T17:11:33.094Z] [App] [INFO] {"eventId":"bcf3c563-8fec-4370-8b3b-521c875f43a2","eventType":"team.create.success","timestamp":"2025-12-02T17:11:33.094Z","outcome":"success","userId":"6254218c-b68f-4d4d-a83a-484f6576e7ea","teamId":"12dd891e-ae4f-434b-8a62-7e9a981cb084","teamName":"ycu3)Qmg[0*-1764695493093-tyngvk","metadata":{"slug":"ycu3qmg0-1764695493093-tyngvk","planId":"free"}}
[2025-12-02T17:11:33.127Z] [App] [INFO] {"eventId":"31d25c16-68a1-4db4-8246-5f2c1793502c","eventType":"team.create.success","timestamp":"2025-12-02T17:11:33.127Z","outcome":"success","userId":"df61865a-6be7-4317-9cc0-153871e3305e","teamId":"bffa9817-3494-471b-b97e-b62c865eba18","teamName":"H->5e/a{6%-1764695493122-a3q89c","metadata":{"slug":"h-5ea6-1764695493122-a3q89c","planId":"free"}}
[2025-12-02T17:11:33.143Z] [App] [INFO] {"eventId":"618555f4-0ddb-44ec-b9f5-a197325c4bca","eventType":"team.create.success","timestamp":"2025-12-02T17:11:33.143Z","outcome":"success","userId":"9163769a-14cd-471d-99e3-2b124ce15d11","teamId":"e1c54fa5-130c-4c59-9d9e-87c339d9e8a3","teamName":"|bB{z-1764695493137-fik6h","metadata":{"slug":"bbz-1764695493137-fik6h","planId":"free"}}
[2025-12-02T17:11:33.168Z] [App] [INFO] {"eventId":"4a9e6cca-6688-4c9c-ba50-d85bdd2784e3","eventType":"team.create.success","timestamp":"2025-12-02T17:11:33.168Z","outcome":"success","userId":"75d6a45e-067f-42a2-894c-f31f62504bf1","teamId":"fa6a9c31-af00-4361-a588-0dc8afbecd0c","teamName":"tQt}]rr-1764695493167-zmcsvl","metadata":{"slug":"tqtrr-1764695493167-zmcsvl","planId":"free"}}
[2025-12-02T17:11:33.176Z] [App] [INFO] {"eventId":"aded7e8e-caaa-4cab-a8b0-50ae66904a1d","eventType":"team.create.success","timestamp":"2025-12-02T17:11:33.176Z","outcome":"success","userId":"0ae2890b-76f0-4753-9830-80188c4e9170","teamId":"8d15debd-76e2-4d89-b924-895059c01a50","teamName":"|O\"#!u#?8#DM-1764695493174-3uufrr","metadata":{"slug":"ou8dm-1764695493174-3uufrr","planId":"free"}}
[2025-12-02T17:11:33.202Z] [App] [INFO] {"eventId":"bb5b53cf-d7fd-44a4-8bee-9986deb80572","eventType":"team.create.success","timestamp":"2025-12-02T17:11:33.202Z","outcome":"success","userId":"0500fb26-78d3-499c-89d6-dcadff4fa116","teamId":"56acfbac-4926-4b37-9b1f-e6ac8e764650","teamName":"/uh9:wdjLil8Q-1764695493201-c3ya8e","metadata":{"slug":"uh9wdjlil8q-1764695493201-c3ya8e","planId":"free"}}
[2025-12-02T17:11:33.213Z] [App] [INFO] {"eventId":"80e86b79-0cf7-4e93-ad45-49d25f727ebe","eventType":"team.create.success","timestamp":"2025-12-02T17:11:33.213Z","outcome":"success","userId":"c742f4d4-0926-4947-93cf-388f44b8ab66","teamId":"f37e69d7-e341-4c48-a49d-4d407d63813d","teamName":"nn3^DTh,4}1-1764695493210-e7rto3","metadata":{"slug":"nn3dth41-1764695493210-e7rto3","planId":"free"}}
[2025-12-02T17:11:33.225Z] [App] [INFO] {"eventId":"83bf28c1-3085-4409-8f4a-2edad57987d7","eventType":"team.create.success","timestamp":"2025-12-02T17:11:33.225Z","outcome":"success","userId":"e6f33311-87c9-414f-a182-6a71366626fa","teamId":"e7cd2939-9df7-4219-bcbd-171f8a7ba679","teamName":"'B!x#-1764695493223-qi6exs","metadata":{"slug":"bx-1764695493223-qi6exs","planId":"free"}}
[2025-12-02T17:11:33.237Z] [App] [INFO] {"eventId":"7f2d1255-daf2-4b02-bc3b-6e862be1110b","eventType":"team.create.success","timestamp":"2025-12-02T17:11:33.237Z","outcome":"success","userId":"662ce200-fa07-4378-a370-66663128c9db","teamId":"9fd21edd-d271-4804-b4af-2b050de2b2d0","teamName":"Eps ;poK&%R-1764695493235-jdjnpl","metadata":{"slug":"eps-pokr-1764695493235-jdjnpl","planId":"free"}}
[2025-12-02T17:11:33.291Z] [App] [INFO] {"eventId":"d3d383bc-8b2b-4745-bf93-c8999e3800a3","eventType":"team.create.success","timestamp":"2025-12-02T17:11:33.291Z","outcome":"success","userId":"ae6b30d0-943f-4b0f-a849-915b66c0f966","teamId":"3e234b75-c3eb-41ee-a7f5-76b375836c8a","teamName":"4y~4%9pz-[l|-1764695493289-jei0s8","metadata":{"slug":"4y49pz-l-1764695493289-jei0s8","planId":"free"}}

stderr | src/server/teams/__tests__/plan-limits.property.test.ts > Property 41: Free plan member limit enforced > free plan blocks adding 11th member
[2025-12-02T17:11:32.771Z] [App] [WARN] Team ac1ae836-2e8a-4002-a4b9-47a1d23b77c0 reached member limit: 10/10
[2025-12-02T17:11:32.804Z] [App] [WARN] Team afb9a8b9-7a2f-4e7a-b43f-6a7aa96ba003 reached member limit: 10/10
[2025-12-02T17:11:32.839Z] [App] [WARN] Team aee70e35-157e-4fdd-859e-9024211c6483 reached member limit: 10/10
[2025-12-02T17:11:32.865Z] [App] [WARN] Team c4e79857-0754-4fb2-952e-0bf6acdfc64f reached member limit: 10/10
[2025-12-02T17:11:32.896Z] [App] [WARN] Team 92144a94-b463-4907-9224-d542314b7d81 reached member limit: 10/10
[2025-12-02T17:11:32.918Z] [App] [WARN] Team 64f50bc7-940b-48c7-87fc-6f1bacf42a0c reached member limit: 10/10
[2025-12-02T17:11:33.013Z] [App] [WARN] Team 8cc451cf-2221-457d-a62c-e2ff1c42a9ec reached member limit: 10/10
[2025-12-02T17:11:33.021Z] [App] [WARN] Team 25661a15-8f82-4d52-b772-d7453e0590ef reached member limit: 10/10
[2025-12-02T17:11:33.056Z] [App] [WARN] Team 8cdda827-1795-4ade-bd4b-d688ce979948 reached member limit: 10/10
[2025-12-02T17:11:33.091Z] [App] [WARN] Team dde29834-d0c5-4d80-9cc2-c0b449f9e4dd reached member limit: 10/10
[2025-12-02T17:11:33.119Z] [App] [WARN] Team 12dd891e-ae4f-434b-8a62-7e9a981cb084 reached member limit: 10/10
[2025-12-02T17:11:33.134Z] [App] [WARN] Team bffa9817-3494-471b-b97e-b62c865eba18 reached member limit: 10/10
[2025-12-02T17:11:33.165Z] [App] [WARN] Team e1c54fa5-130c-4c59-9d9e-87c339d9e8a3 reached member limit: 10/10
[2025-12-02T17:11:33.173Z] [App] [WARN] Team fa6a9c31-af00-4361-a588-0dc8afbecd0c reached member limit: 10/10
[2025-12-02T17:11:33.199Z] [App] [WARN] Team 8d15debd-76e2-4d89-b924-895059c01a50 reached member limit: 10/10
[2025-12-02T17:11:33.208Z] [App] [WARN] Team 56acfbac-4926-4b37-9b1f-e6ac8e764650 reached member limit: 10/10
[2025-12-02T17:11:33.222Z] [App] [WARN] Team f37e69d7-e341-4c48-a49d-4d407d63813d reached member limit: 10/10
[2025-12-02T17:11:33.234Z] [App] [WARN] Team e7cd2939-9df7-4219-bcbd-171f8a7ba679 reached member limit: 10/10
[2025-12-02T17:11:33.287Z] [App] [WARN] Team 9fd21edd-d271-4804-b4af-2b050de2b2d0 reached member limit: 10/10
[2025-12-02T17:11:33.319Z] [App] [WARN] Team 3e234b75-c3eb-41ee-a7f5-76b375836c8a reached member limit: 10/10

stdout | src/server/teams/__tests__/plan-limits.property.test.ts > Property 41: Free plan member limit enforced > free plan error includes correct limit and current count
[2025-12-02T17:11:33.468Z] [App] [INFO] {"eventId":"a55e6994-3bcd-491b-9e72-e08f96294443","eventType":"team.create.success","timestamp":"2025-12-02T17:11:33.468Z","outcome":"success","userId":"e51001a7-a2d6-437e-acbf-9d22bb36166b","teamId":"43490d36-8119-4129-985b-316b2a2b21f3","teamName":"iC-1764695493465-xfkzls","metadata":{"slug":"ic-1764695493465-xfkzls","planId":"free"}}
[2025-12-02T17:11:33.513Z] [App] [INFO] {"eventId":"c196ba07-c12e-423f-b4e2-4c4cf5ef4814","eventType":"team.create.success","timestamp":"2025-12-02T17:11:33.513Z","outcome":"success","userId":"b633deaf-ff69-42b1-9b09-a1914d9630cd","teamId":"dfc277e8-2054-423d-a2d7-1d394da1c5b4","teamName":"nxx`k<d(-1764695493502-2cymb","metadata":{"slug":"nxxkd-1764695493502-2cymb","planId":"free"}}
[2025-12-02T17:11:33.539Z] [App] [INFO] {"eventId":"9fc1d9d2-b76b-4cad-9fc7-65b2f6001ca4","eventType":"team.create.success","timestamp":"2025-12-02T17:11:33.539Z","outcome":"success","userId":"5595f5dc-3c08-4449-8bf5-0342674b5135","teamId":"911c3019-f971-4877-8e7e-d3c704044a9e","teamName":"MkEc/ :6-1764695493537-pdq2em","metadata":{"slug":"mkec-6-1764695493537-pdq2em","planId":"free"}}
[2025-12-02T17:11:33.601Z] [App] [INFO] {"eventId":"d2c3ac7c-8b4c-43b0-8fd0-9813eccdc89d","eventType":"team.create.success","timestamp":"2025-12-02T17:11:33.601Z","outcome":"success","userId":"f8a4b3e4-fcf0-429f-ad53-c1f32153a0af","teamId":"0fb78917-77b1-4ea6-8a08-cbb296faa0d7","teamName":"S~A-1764695493599-bcge3","metadata":{"slug":"sa-1764695493599-bcge3","planId":"free"}}
[2025-12-02T17:11:33.637Z] [App] [INFO] {"eventId":"feeff711-6660-4292-9d79-866f67d5b073","eventType":"team.create.success","timestamp":"2025-12-02T17:11:33.637Z","outcome":"success","userId":"ad65e1e1-e2c6-4173-aea4-cf2ff46cb689","teamId":"e9c9fdae-409f-45f6-a613-192ffce6873b","teamName":"nz-1764695493616-qejars","metadata":{"slug":"nz-1764695493616-qejars","planId":"free"}}
[2025-12-02T17:11:33.691Z] [App] [INFO] {"eventId":"17cf56e0-ec72-4ebf-aeee-a62ffdc77065","eventType":"team.create.success","timestamp":"2025-12-02T17:11:33.691Z","outcome":"success","userId":"e0375257-dd92-4529-8a80-5fa0fcbe16d2","teamId":"dcff5a5b-68a6-476f-b8ca-c55946d252d5","teamName":"toLocaleString-1764695493679-v1rvh","metadata":{"slug":"tolocalestring-1764695493679-v1rvh","planId":"free"}}
[2025-12-02T17:11:33.707Z] [App] [INFO] {"eventId":"cd703ed5-618a-445b-8cca-74791049e2f2","eventType":"team.create.success","timestamp":"2025-12-02T17:11:33.707Z","outcome":"success","userId":"4cb8080a-8f3d-4d48-8d61-a0617ab7fb48","teamId":"b316f96e-3677-4f50-b6b2-64dda131ba17","teamName":"toDd.Klqqw/]-1764695493704-htj07","metadata":{"slug":"toddklqqw-1764695493704-htj07","planId":"free"}}
[2025-12-02T17:11:33.731Z] [App] [INFO] {"eventId":"51709a5a-333a-4e87-b8b8-948b2fce0e34","eventType":"team.create.success","timestamp":"2025-12-02T17:11:33.731Z","outcome":"success","userId":"31d05457-b016-46ab-b7cd-6779a045c23e","teamId":"f5c90093-a84c-4cb2-8423-fd3d4f593cc7","teamName":"ar|-1764695493724-0l2733h","metadata":{"slug":"ar-1764695493724-0l2733h","planId":"free"}}
[2025-12-02T17:11:33.773Z] [App] [INFO] {"eventId":"43ca38cd-052a-49e8-b0c2-90149a650b7e","eventType":"team.create.success","timestamp":"2025-12-02T17:11:33.773Z","outcome":"success","userId":"0db35fbb-f8b4-471d-b9f4-158f6445e04f","teamId":"54dc2494-e361-44ca-b214-261b0b4f1692","teamName":"3D&#$j3%y$-1764695493771-kkbw1b","metadata":{"slug":"3dj3y-1764695493771-kkbw1b","planId":"free"}}
[2025-12-02T17:11:33.827Z] [App] [INFO] {"eventId":"a3a9ab27-fb3b-4d30-9810-fcfac35191a2","eventType":"team.create.success","timestamp":"2025-12-02T17:11:33.827Z","outcome":"success","userId":"bc718bae-806e-4a2c-88f5-3554bcda18a8","teamId":"c1b0b8fc-af35-4529-a45e-355efbd5b1d7","teamName":"f=EJAs'ra--1764695493803-1t957","metadata":{"slug":"fejasra-1764695493803-1t957","planId":"free"}}
[2025-12-02T17:11:33.848Z] [App] [INFO] {"eventId":"592f2d34-2c1d-4115-a7ad-113a11ca43d1","eventType":"team.create.success","timestamp":"2025-12-02T17:11:33.848Z","outcome":"success","userId":"2333c22f-8f3c-44a3-ae58-76edd4684bd6","teamId":"ecc0b25f-6a12-4e7a-ba1e-a9cc12460211","teamName":"V}~-[l-1764695493837-3e75j","metadata":{"slug":"v-l-1764695493837-3e75j","planId":"free"}}
[2025-12-02T17:11:33.861Z] [App] [INFO] {"eventId":"508944a2-325d-4c99-b6fb-bc7cc51d5464","eventType":"team.create.success","timestamp":"2025-12-02T17:11:33.861Z","outcome":"success","userId":"48f1ceab-53c4-44d4-bf81-ce995c74524a","teamId":"d24cc4c2-dd76-425c-b392-4bb6e7062cc0","teamName":"cP8-1764695493859-x1z1ye","metadata":{"slug":"cp8-1764695493859-x1z1ye","planId":"free"}}
[2025-12-02T17:11:33.922Z] [App] [INFO] {"eventId":"96dcf387-a4c2-42de-8555-bea6e3160d57","eventType":"team.create.success","timestamp":"2025-12-02T17:11:33.922Z","outcome":"success","userId":"578099f0-bcc1-426c-92de-18eee3ec7e35","teamId":"2056ab8e-d5b5-4118-8067-45bc3efeade8","teamName":"ke-1764695493920-i4nc4","metadata":{"slug":"ke-1764695493920-i4nc4","planId":"free"}}
[2025-12-02T17:11:33.947Z] [App] [INFO] {"eventId":"4b882113-b5c7-4780-a075-52f555179535","eventType":"team.create.success","timestamp":"2025-12-02T17:11:33.947Z","outcome":"success","userId":"2caad163-0ff5-4a6b-aa0a-1a8cc51c395f","teamId":"55c40659-6f20-4d0f-a9d5-7d2a617a72c4","teamName":"1:K:!GIDSHh>bt-1764695493944-c9a6si","metadata":{"slug":"1kgidshhbt-1764695493944-c9a6si","planId":"free"}}
[2025-12-02T17:11:33.965Z] [App] [INFO] {"eventId":"323d9364-0c99-4b9a-87f4-c1d84e613454","eventType":"team.create.success","timestamp":"2025-12-02T17:11:33.965Z","outcome":"success","userId":"038b838e-3e4e-4f9f-b618-c80d0d5ffa11","teamId":"93dfedd3-e461-4cee-bf20-d277a6590421","teamName":"E3>R~-1764695493961-z1r8ms","metadata":{"slug":"e3r-1764695493961-z1r8ms","planId":"free"}}
[2025-12-02T17:11:33.985Z] [App] [INFO] {"eventId":"f0104d00-a93a-44f8-a818-b1d10bbf5dd5","eventType":"team.create.success","timestamp":"2025-12-02T17:11:33.985Z","outcome":"success","userId":"4184719d-2e50-45b0-a718-5ea1e640854d","teamId":"2e90d68e-17ee-478c-9ff5-e15cb456b83e","teamName":"NmBB}`-1764695493977-28826","metadata":{"slug":"nmbb-1764695493977-28826","planId":"free"}}
[2025-12-02T17:11:34.016Z] [App] [INFO] {"eventId":"0fbd65bd-e927-4489-bdad-d6054241ae7a","eventType":"team.create.success","timestamp":"2025-12-02T17:11:34.016Z","outcome":"success","userId":"e69c0b66-0084-4315-babc-6dfa03f8ce28","teamId":"95852e8a-4977-43ef-b053-aef6b45d779a","teamName":"9ff%-N>Tfp{RV-1764695494009-sn7vpr","metadata":{"slug":"9ff-ntfprv-1764695494009-sn7vpr","planId":"free"}}
[2025-12-02T17:11:34.042Z] [App] [INFO] {"eventId":"8447e3d6-5f1b-4e0f-840e-a65a34438957","eventType":"team.create.success","timestamp":"2025-12-02T17:11:34.042Z","outcome":"success","userId":"ca89483c-fbbf-43d5-814a-2959078448e8","teamId":"6a6cba98-bfc7-4579-b950-e1ca9028273a","teamName":"`Ozy|Fy+}-1764695494036-hrljqt","metadata":{"slug":"ozyfy-1764695494036-hrljqt","planId":"free"}}
[2025-12-02T17:11:34.068Z] [App] [INFO] {"eventId":"59b32499-13a6-4b20-9bc8-66e3a961dc66","eventType":"team.create.success","timestamp":"2025-12-02T17:11:34.068Z","outcome":"success","userId":"438541cd-e30c-4dd8-81b8-e33e63b753e7","teamId":"ab83f70c-8c86-47c7-a5ee-62b92c44f724","teamName":"4_p?r\"#+-1764695494067-60srb","metadata":{"slug":"4pr-1764695494067-60srb","planId":"free"}}
[2025-12-02T17:11:34.122Z] [App] [INFO] {"eventId":"0ce2f1b3-5824-4727-be5f-99a8b13a90f6","eventType":"team.create.success","timestamp":"2025-12-02T17:11:34.122Z","outcome":"success","userId":"08a6b2dd-1c20-43aa-8005-cf20a8010997","teamId":"697b21ab-d209-49ee-af2f-23747806d5c6","teamName":"a%qU#bI5-1764695494093-kmcguo","metadata":{"slug":"aqubi5-1764695494093-kmcguo","planId":"free"}}

stderr | src/server/teams/__tests__/plan-limits.property.test.ts > Property 41: Free plan member limit enforced > free plan error includes correct limit and current count
[2025-12-02T17:11:33.498Z] [App] [WARN] Team 43490d36-8119-4129-985b-316b2a2b21f3 reached member limit: 10/10
[2025-12-02T17:11:33.534Z] [App] [WARN] Team dfc277e8-2054-423d-a2d7-1d394da1c5b4 reached member limit: 10/10
[2025-12-02T17:11:33.597Z] [App] [WARN] Team 911c3019-f971-4877-8e7e-d3c704044a9e reached member limit: 10/10
[2025-12-02T17:11:33.614Z] [App] [WARN] Team 0fb78917-77b1-4ea6-8a08-cbb296faa0d7 reached member limit: 10/10
[2025-12-02T17:11:33.664Z] [App] [WARN] Team e9c9fdae-409f-45f6-a613-192ffce6873b reached member limit: 10/10
[2025-12-02T17:11:33.702Z] [App] [WARN] Team dcff5a5b-68a6-476f-b8ca-c55946d252d5 reached member limit: 10/10
[2025-12-02T17:11:33.720Z] [App] [WARN] Team b316f96e-3677-4f50-b6b2-64dda131ba17 reached member limit: 10/10
[2025-12-02T17:11:33.754Z] [App] [WARN] Team f5c90093-a84c-4cb2-8423-fd3d4f593cc7 reached member limit: 10/10
[2025-12-02T17:11:33.801Z] [App] [WARN] Team 54dc2494-e361-44ca-b214-261b0b4f1692 reached member limit: 10/10
[2025-12-02T17:11:33.836Z] [App] [WARN] Team c1b0b8fc-af35-4529-a45e-355efbd5b1d7 reached member limit: 10/10
[2025-12-02T17:11:33.854Z] [App] [WARN] Team ecc0b25f-6a12-4e7a-ba1e-a9cc12460211 reached member limit: 10/10
[2025-12-02T17:11:33.910Z] [App] [WARN] Team d24cc4c2-dd76-425c-b392-4bb6e7062cc0 reached member limit: 10/10
[2025-12-02T17:11:33.942Z] [App] [WARN] Team 2056ab8e-d5b5-4118-8067-45bc3efeade8 reached member limit: 10/10
[2025-12-02T17:11:33.959Z] [App] [WARN] Team 55c40659-6f20-4d0f-a9d5-7d2a617a72c4 reached member limit: 10/10
[2025-12-02T17:11:33.976Z] [App] [WARN] Team 93dfedd3-e461-4cee-bf20-d277a6590421 reached member limit: 10/10
[2025-12-02T17:11:34.001Z] [App] [WARN] Team 2e90d68e-17ee-478c-9ff5-e15cb456b83e reached member limit: 10/10
[2025-12-02T17:11:34.033Z] [App] [WARN] Team 95852e8a-4977-43ef-b053-aef6b45d779a reached member limit: 10/10
[2025-12-02T17:11:34.061Z] [App] [WARN] Team 6a6cba98-bfc7-4579-b950-e1ca9028273a reached member limit: 10/10
[2025-12-02T17:11:34.090Z] [App] [WARN] Team ab83f70c-8c86-47c7-a5ee-62b92c44f724 reached member limit: 10/10
[2025-12-02T17:11:34.136Z] [App] [WARN] Team 697b21ab-d209-49ee-af2f-23747806d5c6 reached member limit: 10/10

stdout | src/server/teams/__tests__/plan-limits.property.test.ts > Property 41: Free plan member limit enforced > member limit check works for any number of existing members below limit
[2025-12-02T17:11:34.246Z] [App] [INFO] {"eventId":"f2a1ac1f-b7cc-4a21-ab61-ccd631703192","eventType":"team.create.success","timestamp":"2025-12-02T17:11:34.246Z","outcome":"success","userId":"a2fcace8-e749-4c1e-9dc3-2bf154a73ed3","teamId":"65fe7d95-081c-457f-8372-67c3d23f7df0","teamName":"25S-1764695494222-q589ze","metadata":{"slug":"25s-1764695494222-q589ze","planId":"free"}}
[2025-12-02T17:11:34.267Z] [App] [INFO] {"eventId":"afa6b262-30fe-40f1-96c0-0dc35d7a8642","eventType":"team.create.success","timestamp":"2025-12-02T17:11:34.267Z","outcome":"success","userId":"a676b4e9-3ba1-4964-b021-ef7292fb4c9c","teamId":"d8344a6c-3d49-4ed7-b861-9372afdf4b32","teamName":"WH-1764695494260-aqt4b","metadata":{"slug":"wh-1764695494260-aqt4b","planId":"free"}}
[2025-12-02T17:11:34.277Z] [App] [INFO] {"eventId":"88e44392-dd4c-4542-a49c-16013b87a12d","eventType":"team.create.success","timestamp":"2025-12-02T17:11:34.277Z","outcome":"success","userId":"5c0779b1-7844-4ba9-bcf8-ba862f5799a3","teamId":"df6e3885-ed95-43ba-8fa1-6d52c8135f27","teamName":"qA!-1764695494274-qzjvtr","metadata":{"slug":"qa-1764695494274-qzjvtr","planId":"free"}}
[2025-12-02T17:11:34.308Z] [App] [INFO] {"eventId":"d7728272-15c8-4f0a-a881-7290cc583147","eventType":"team.create.success","timestamp":"2025-12-02T17:11:34.308Z","outcome":"success","userId":"fa3f97b8-007e-442a-917e-ce1107425d84","teamId":"c6cc920a-97fd-4abb-9e6c-478189297407","teamName":"I}__lo-1764695494291-rrptzg","metadata":{"slug":"ilo-1764695494291-rrptzg","planId":"free"}}
[2025-12-02T17:11:34.333Z] [App] [INFO] {"eventId":"efee3ae3-b4cf-4bda-adf0-bb6bdcdf75ea","eventType":"team.create.success","timestamp":"2025-12-02T17:11:34.333Z","outcome":"success","userId":"3caf5b29-b0d3-4979-987d-f4227464e75a","teamId":"091b858c-ace3-4ba4-97dd-6feb5d9a7f56","teamName":"y%@key}loo-1764695494331-4596cq","metadata":{"slug":"ykeyloo-1764695494331-4596cq","planId":"free"}}
[2025-12-02T17:11:34.337Z] [App] [INFO] {"eventId":"d1c83303-f12e-4e43-9e17-322c4a87d0d5","eventType":"team.create.success","timestamp":"2025-12-02T17:11:34.337Z","outcome":"success","userId":"cf9e57bc-4482-40f5-b888-5a87509032cd","teamId":"7050b4b0-81e8-48bb-b689-f5dd173176d7","teamName":"ZB-1764695494336-jdykvp","metadata":{"slug":"zb-1764695494336-jdykvp","planId":"free"}}
[2025-12-02T17:11:34.358Z] [App] [INFO] {"eventId":"ce59e810-f659-4923-97e9-71fad7deb92f","eventType":"team.create.success","timestamp":"2025-12-02T17:11:34.358Z","outcome":"success","userId":"e6452e05-9cfa-4274-a41e-9a39d5f4a631","teamId":"747362ab-ae80-44bf-bb3e-c7a9ce124e73","teamName":"=d z{-1764695494350-szfpmwi","metadata":{"slug":"d-z-1764695494350-szfpmwi","planId":"free"}}
[2025-12-02T17:11:34.393Z] [App] [INFO] {"eventId":"15bfa821-b36c-4c14-aeee-17ec8f3dc7e8","eventType":"team.create.success","timestamp":"2025-12-02T17:11:34.393Z","outcome":"success","userId":"5251a7bb-0b95-462a-96a7-ab6ea7ff9636","teamId":"2a5dae57-baee-40b3-ad25-7427c9592cb4","teamName":"\"t~&p&F-1764695494391-ad93k","metadata":{"slug":"tpf-1764695494391-ad93k","planId":"free"}}
[2025-12-02T17:11:34.404Z] [App] [INFO] {"eventId":"86275333-4b7a-455a-a223-e36fd719052e","eventType":"team.create.success","timestamp":"2025-12-02T17:11:34.404Z","outcome":"success","userId":"99ec5fa9-7567-48d6-90f2-1b1bc2386455","teamId":"b30e74c3-4183-4422-823d-e5f7f2ff4317","teamName":"tyv-1764695494402-2s5lm","metadata":{"slug":"tyv-1764695494402-2s5lm","planId":"free"}}
[2025-12-02T17:11:34.417Z] [App] [INFO] {"eventId":"09e81883-a8f8-4015-a67d-9954ae87769f","eventType":"team.create.success","timestamp":"2025-12-02T17:11:34.417Z","outcome":"success","userId":"b889865b-b3d7-4626-b159-bb7fa5f0e1c5","teamId":"96e2300b-0481-43e7-a455-8c08d99b84fc","teamName":"^vQQ~U$t-Bh-1764695494415-gq8q9e","metadata":{"slug":"vqqut-bh-1764695494415-gq8q9e","planId":"free"}}
[2025-12-02T17:11:34.458Z] [App] [INFO] {"eventId":"89e5618a-a6a2-453f-b40d-dcda04d06304","eventType":"team.create.success","timestamp":"2025-12-02T17:11:34.457Z","outcome":"success","userId":"83e86a77-e03c-4893-be64-48eae55e42c1","teamId":"823f71f0-039e-47a5-8a29-a605502d91ac","teamName":"eUh}6dG_w-1764695494441-854dwd","metadata":{"slug":"euh6dgw-1764695494441-854dwd","planId":"free"}}
[2025-12-02T17:11:34.487Z] [App] [INFO] {"eventId":"92419d33-6fb7-4e95-8cf5-ee530c32aef0","eventType":"team.create.success","timestamp":"2025-12-02T17:11:34.487Z","outcome":"success","userId":"43ac97dd-c4c7-407f-b38b-459a82335734","teamId":"65840187-1043-4309-ae67-772720728462","teamName":";]ap$>:=,VIM|-1764695494477-8hlrjn","metadata":{"slug":"apvim-1764695494477-8hlrjn","planId":"free"}}
[2025-12-02T17:11:34.490Z] [App] [INFO] {"eventId":"62964db7-3b71-4364-9bd4-ca769b6948ad","eventType":"team.create.success","timestamp":"2025-12-02T17:11:34.490Z","outcome":"success","userId":"ad05eb56-fdc2-4db5-8e07-d6185ad89dbc","teamId":"727b4698-0034-4b71-8db3-b960cfca69c1","teamName":";!y{nyMgR@*J-1764695494489-fqzgwv","metadata":{"slug":"ynymgrj-1764695494489-fqzgwv","planId":"free"}}
[2025-12-02T17:11:34.504Z] [App] [INFO] {"eventId":"109a6114-3ff9-4648-bbc8-54a6bdd2526b","eventType":"team.create.success","timestamp":"2025-12-02T17:11:34.504Z","outcome":"success","userId":"17231548-0067-4b4d-b00a-784e124ec2c1","teamId":"9a6f577c-b77d-4fa8-9c52-90ccc7128902","teamName":"K7?B} k4$-1764695494502-fqvpy","metadata":{"slug":"k7b-k4-1764695494502-fqvpy","planId":"free"}}
[2025-12-02T17:11:34.507Z] [App] [INFO] {"eventId":"c6ad872b-ec3c-48b0-aa2a-6c65ca17a064","eventType":"team.create.success","timestamp":"2025-12-02T17:11:34.507Z","outcome":"success","userId":"236aaa0a-e0be-49fd-8d44-a717a380c815","teamId":"342c762e-b450-4198-95db-ac93c1e532ee","teamName":"$, $Gfx-1764695494505-9d2ld","metadata":{"slug":"gfx-1764695494505-9d2ld","planId":"free"}}
[2025-12-02T17:11:34.541Z] [App] [INFO] {"eventId":"357a6162-e6be-4d84-bd74-48f50aa4612a","eventType":"team.create.success","timestamp":"2025-12-02T17:11:34.541Z","outcome":"success","userId":"51277316-58cc-4248-842e-4cc148968057","teamId":"18e9355f-8e36-4fc0-97ca-fb67d05c4835","teamName":"20-1764695494539-j2qmhm","metadata":{"slug":"20-1764695494539-j2qmhm","planId":"free"}}
[2025-12-02T17:11:34.546Z] [App] [INFO] {"eventId":"c24f21ba-4258-4288-910c-24f66867574b","eventType":"team.create.success","timestamp":"2025-12-02T17:11:34.546Z","outcome":"success","userId":"15fc9e6b-f56e-4c0f-9dcb-fafc5fc0cfeb","teamId":"9f29466a-cd5a-4a32-875a-64a3210adfaf","teamName":"O:;tSV-1764695494543-qdxk72","metadata":{"slug":"otsv-1764695494543-qdxk72","planId":"free"}}
[2025-12-02T17:11:34.553Z] [App] [INFO] {"eventId":"9038fbbb-321c-4625-82f6-413656199465","eventType":"team.create.success","timestamp":"2025-12-02T17:11:34.553Z","outcome":"success","userId":"d4ee95b5-f463-4057-b65f-2845cdf1607f","teamId":"2931427f-c03f-4cd5-ba64-b9eae69a5712","teamName":"$3l:jK!D%t\"r-1764695494552-gylmz","metadata":{"slug":"3ljkdtr-1764695494552-gylmz","planId":"free"}}
[2025-12-02T17:11:34.568Z] [App] [INFO] {"eventId":"7597ec04-aa06-4e08-a045-fa55aa0df23e","eventType":"team.create.success","timestamp":"2025-12-02T17:11:34.568Z","outcome":"success","userId":"9e0237f5-6c8e-4482-a129-d00860beead6","teamId":"b22bc5dd-bd69-45da-a5f5-c3cd36470c93","teamName":"eao`FlEX~{-1764695494566-nydkc9","metadata":{"slug":"eaoflex-1764695494566-nydkc9","planId":"free"}}
[2025-12-02T17:11:34.574Z] [App] [INFO] {"eventId":"7f0b7ca1-6d66-4363-9a2e-0829350260cf","eventType":"team.create.success","timestamp":"2025-12-02T17:11:34.574Z","outcome":"success","userId":"f5683f5c-bd09-4dbc-8c9a-f89f229e2f2a","teamId":"72060bb3-7863-4769-a39a-2962368b6149","teamName":"3%O-1764695494572-70r0fu","metadata":{"slug":"3o-1764695494572-70r0fu","planId":"free"}}

 ✓ src/server/teams/__tests__/plan-limits.property.test.ts (4 tests) 2479ms
   ✓ Property 41: Free plan member limit enforced > free plan allows adding members up to limit 562ms
   ✓ Property 41: Free plan member limit enforced > free plan blocks adding 11th member 661ms
   ✓ Property 41: Free plan member limit enforced > free plan error includes correct limit and current count 812ms
   ✓ Property 41: Free plan member limit enforced > member limit check works for any number of existing members below limit 424ms
stdout | Object.info (/Users/BYKHD/Documents/GitHub/ui-syncup/src/lib/logger.ts:175:15)
[2025-12-02T17:11:34.663Z] [App] [INFO] email.worker.sigterm

stdout | src/server/auth/__tests__/rbac.test.ts > RBAC - Property-Based Tests > Property: Role assignment is idempotent
[2025-12-02T17:11:34.737Z] [App] [INFO] rbac.assign_role.success {
  userId: '7ac9e6d5-885b-4594-9ba6-8e6001cc75d9',
  role: 'TEAM_ADMIN',
  resourceType: 'team',
  resourceId: '0e54d121-1b7f-43b6-8528-07b0f76eb357',
  roleId: 'f970fc1d-be44-4c67-bb49-b6887b3b0af3'
}
[2025-12-02T17:11:34.739Z] [App] [INFO] rbac.assign_role.already_exists {
  userId: '7ac9e6d5-885b-4594-9ba6-8e6001cc75d9',
  role: 'TEAM_ADMIN',
  resourceType: 'team',
  resourceId: '0e54d121-1b7f-43b6-8528-07b0f76eb357'
}

stdout | src/app/api/auth/reset-password/__tests__/reset-password.property.test.ts > POST /api/auth/reset-password - Property-Based Tests > Property 17: Password reset invalidates all sessions
{"eventId":"10f47fe2-ecbc-4644-82c1-b8c8a8e1ecf4","eventType":"auth.reset_password.success","timestamp":"2025-12-02T17:11:34.876Z","outcome":"success","ipAddress":"127.0.0.1","userAgent":"unknown","requestId":"114ffce2-c81a-44bf-bce9-a509c5add701","metadata":{"stage":"attempt"}}

stdout | src/server/auth/__tests__/rbac.test.ts > RBAC - Property-Based Tests > Property: Role assignment is idempotent
[2025-12-02T17:11:34.914Z] [App] [INFO] rbac.assign_role.success {
  userId: '9f55a5f1-9dc1-4fed-a518-53eff212ed76',
  role: 'TEAM_MEMBER',
  resourceType: 'team',
  resourceId: '54579943-18f9-4096-98ea-7022ebc270d8',
  roleId: 'eb1c6e4a-7785-4563-b924-9b1df2621620'
}
[2025-12-02T17:11:34.915Z] [App] [INFO] rbac.assign_role.already_exists {
  userId: '9f55a5f1-9dc1-4fed-a518-53eff212ed76',
  role: 'TEAM_MEMBER',
  resourceType: 'team',
  resourceId: '54579943-18f9-4096-98ea-7022ebc270d8'
}

stdout | src/app/api/auth/reset-password/__tests__/reset-password.property.test.ts > POST /api/auth/reset-password - Property-Based Tests > Property 17: Password reset invalidates all sessions
{"eventId":"f5dbab80-987d-46b2-a4f4-76068c107bfc","eventType":"auth.reset_password.success","timestamp":"2025-12-02T17:11:35.004Z","outcome":"success","userId":"bfe9bbd0-5e99-441c-ba8a-00c8f8b1b240","email":"ef8f27429376ad0a","ipAddress":"127.0.0.1","userAgent":"unknown","requestId":"114ffce2-c81a-44bf-bce9-a509c5add701","metadata":{"tokenId":"80ffa95d-ebf7-4ca2-b040-7d5bf0c88593","sessionsInvalidated":true}}

stdout | src/server/auth/__tests__/rbac.test.ts > RBAC - Property-Based Tests > Property: Role assignment is idempotent
[2025-12-02T17:11:35.037Z] [App] [INFO] rbac.assign_role.success {
  userId: '3584da54-dc56-4139-9d10-d1de657b1852',
  role: 'TEAM_ADMIN',
  resourceType: 'team',
  resourceId: '2eb7870e-4f11-41ba-922e-eebb2527b036',
  roleId: '372e63e2-c4db-4442-9a5f-4ff9cb8bbbe9'
}
[2025-12-02T17:11:35.038Z] [App] [INFO] rbac.assign_role.already_exists {
  userId: '3584da54-dc56-4139-9d10-d1de657b1852',
  role: 'TEAM_ADMIN',
  resourceType: 'team',
  resourceId: '2eb7870e-4f11-41ba-922e-eebb2527b036'
}

stdout | src/app/api/auth/forgot-password/__tests__/forgot-password.property.test.ts > POST /api/auth/forgot-password - Property-Based Tests > Property 16 (email enumeration prevention): Non-existent email returns success
{"eventId":"e86ef770-54ba-48f0-8aee-6a7375e39b67","eventType":"auth.reset_password.request","timestamp":"2025-12-02T17:11:34.907Z","outcome":"success","email":"674f330e9194ba5a","ipAddress":"127.0.0.1","userAgent":"unknown","requestId":"efbf0542-de75-4d34-bb79-0b695f84038c"}
{"eventId":"4dee770a-1db4-4148-9b03-b4b8acbc0daa","eventType":"auth.reset_password.request","timestamp":"2025-12-02T17:11:34.908Z","outcome":"success","email":"674f330e9194ba5a","ipAddress":"127.0.0.1","userAgent":"unknown","requestId":"efbf0542-de75-4d34-bb79-0b695f84038c","metadata":{"userNotFound":true}}
{"eventId":"12d00bbf-9e56-4799-a03d-df61334ef8e0","eventType":"auth.reset_password.request","timestamp":"2025-12-02T17:11:34.909Z","outcome":"success","email":"342c69d44c0a17de","ipAddress":"127.0.0.1","userAgent":"unknown","requestId":"e6ca3be7-5252-40fd-8470-70cc888ce147"}
{"eventId":"c01f32fd-f68f-48aa-8c00-9afbb484c783","eventType":"auth.reset_password.request","timestamp":"2025-12-02T17:11:34.909Z","outcome":"success","email":"342c69d44c0a17de","ipAddress":"127.0.0.1","userAgent":"unknown","requestId":"e6ca3be7-5252-40fd-8470-70cc888ce147","metadata":{"userNotFound":true}}
{"eventId":"fe510339-587e-4dc4-a655-58d4e6bc2b94","eventType":"auth.reset_password.request","timestamp":"2025-12-02T17:11:34.910Z","outcome":"success","email":"3a7cdb0907d74ec2","ipAddress":"127.0.0.1","userAgent":"unknown","requestId":"93075105-4a43-46d7-ae25-45b203d2ff5d"}
{"eventId":"07f5f4e1-1e78-4c5f-adba-466fd40702ca","eventType":"auth.reset_password.request","timestamp":"2025-12-02T17:11:34.910Z","outcome":"success","email":"3a7cdb0907d74ec2","ipAddress":"127.0.0.1","userAgent":"unknown","requestId":"93075105-4a43-46d7-ae25-45b203d2ff5d","metadata":{"userNotFound":true}}
{"eventId":"edeaf170-4554-4c96-9a3c-8ec593bb8b27","eventType":"auth.reset_password.request","timestamp":"2025-12-02T17:11:34.913Z","outcome":"success","email":"1ef0e36017734dbe","ipAddress":"127.0.0.1","userAgent":"unknown","requestId":"d06b1bf8-9da2-4f1e-8c9d-bfe28af7e8e4"}
{"eventId":"f1b4774c-6ea3-4494-83ed-451284f7ef62","eventType":"auth.reset_password.request","timestamp":"2025-12-02T17:11:34.914Z","outcome":"success","email":"1ef0e36017734dbe","ipAddress":"127.0.0.1","userAgent":"unknown","requestId":"d06b1bf8-9da2-4f1e-8c9d-bfe28af7e8e4","metadata":{"userNotFound":true}}
{"eventId":"6f15821b-531a-4c5c-b02d-c979225337db","eventType":"auth.reset_password.request","timestamp":"2025-12-02T17:11:34.917Z","outcome":"success","email":"7c633a86826270df","ipAddress":"127.0.0.1","userAgent":"unknown","requestId":"67ab0246-0310-46ee-8e01-3c8a1f62563c"}
{"eventId":"cb41ae34-56da-4b63-b2e0-7152ea5ef9a7","eventType":"auth.reset_password.request","timestamp":"2025-12-02T17:11:34.918Z","outcome":"success","email":"7c633a86826270df","ipAddress":"127.0.0.1","userAgent":"unknown","requestId":"67ab0246-0310-46ee-8e01-3c8a1f62563c","metadata":{"userNotFound":true}}
{"eventId":"09f354a2-4dc5-4847-b7cc-101b3e6c5766","eventType":"auth.reset_password.request","timestamp":"2025-12-02T17:11:34.919Z","outcome":"success","email":"5001a2074aa16be9","ipAddress":"127.0.0.1","userAgent":"unknown","requestId":"607e771b-5585-4c71-a621-0ca29e4855a8"}
{"eventId":"caaa29b0-3b52-46f0-bfc5-9cd5807ad41a","eventType":"auth.reset_password.request","timestamp":"2025-12-02T17:11:34.919Z","outcome":"success","email":"5001a2074aa16be9","ipAddress":"127.0.0.1","userAgent":"unknown","requestId":"607e771b-5585-4c71-a621-0ca29e4855a8","metadata":{"userNotFound":true}}
{"eventId":"326b1750-8f41-4f77-8ce9-2a601fe647b1","eventType":"auth.reset_password.request","timestamp":"2025-12-02T17:11:34.920Z","outcome":"success","email":"66d5fc5db0a77414","ipAddress":"127.0.0.1","userAgent":"unknown","requestId":"0eb6a0c2-a3f0-4842-b506-e25d15839623"}
{"eventId":"e3b03889-3b30-4022-8eae-2033d773b32c","eventType":"auth.reset_password.request","timestamp":"2025-12-02T17:11:34.920Z","outcome":"success","email":"66d5fc5db0a77414","ipAddress":"127.0.0.1","userAgent":"unknown","requestId":"0eb6a0c2-a3f0-4842-b506-e25d15839623","metadata":{"userNotFound":true}}
{"eventId":"377b7093-f293-46ab-acbb-f441204faabc","eventType":"auth.reset_password.request","timestamp":"2025-12-02T17:11:34.922Z","outcome":"success","email":"723ee1029477f4f4","ipAddress":"127.0.0.1","userAgent":"unknown","requestId":"263aa9a9-9ceb-4d75-b804-b8be78b6aa7f"}
{"eventId":"239f0b50-aabc-48db-b2f8-40e6e4c87bbe","eventType":"auth.reset_password.request","timestamp":"2025-12-02T17:11:34.923Z","outcome":"success","email":"723ee1029477f4f4","ipAddress":"127.0.0.1","userAgent":"unknown","requestId":"263aa9a9-9ceb-4d75-b804-b8be78b6aa7f","metadata":{"userNotFound":true}}
{"eventId":"14a25930-5cf4-40b0-bfcd-6daa19fe0c8f","eventType":"auth.reset_password.request","timestamp":"2025-12-02T17:11:34.926Z","outcome":"success","email":"342c69d44c0a17de","ipAddress":"127.0.0.1","userAgent":"unknown","requestId":"36dfd582-12a7-4e3a-8d15-580f831c3d07"}
{"eventId":"3fa9aa1b-cd8c-4dec-8930-ccc62cd0c37b","eventType":"auth.reset_password.request","timestamp":"2025-12-02T17:11:34.927Z","outcome":"success","email":"342c69d44c0a17de","ipAddress":"127.0.0.1","userAgent":"unknown","requestId":"36dfd582-12a7-4e3a-8d15-580f831c3d07","metadata":{"userNotFound":true}}
{"eventId":"dc9a1020-ea02-4846-bbf6-b396ba6ea551","eventType":"auth.reset_password.request","timestamp":"2025-12-02T17:11:34.932Z","outcome":"success","email":"665594b649566634","ipAddress":"127.0.0.1","userAgent":"unknown","requestId":"edb3afab-425e-4f2a-8304-000551c38e2a"}
{"eventId":"09835f01-9718-4407-b227-2aa22931c88e","eventType":"auth.reset_password.request","timestamp":"2025-12-02T17:11:34.934Z","outcome":"success","email":"665594b649566634","ipAddress":"127.0.0.1","userAgent":"unknown","requestId":"edb3afab-425e-4f2a-8304-000551c38e2a","metadata":{"userNotFound":true}}
{"eventId":"703833f1-aaef-4462-967a-b4952308cb0d","eventType":"auth.reset_password.request","timestamp":"2025-12-02T17:11:34.939Z","outcome":"success","email":"1ef0e36017734dbe","ipAddress":"127.0.0.1","userAgent":"unknown","requestId":"69cde39e-0f30-417a-95bd-1c302137324c"}
{"eventId":"a0f02b26-8f60-4a0c-bb58-47e275d93c98","eventType":"auth.reset_password.request","timestamp":"2025-12-02T17:11:34.940Z","outcome":"success","email":"1ef0e36017734dbe","ipAddress":"127.0.0.1","userAgent":"unknown","requestId":"69cde39e-0f30-417a-95bd-1c302137324c","metadata":{"userNotFound":true}}
{"eventId":"6b1478e2-ef57-42ea-aaed-b314c414ffd9","eventType":"auth.reset_password.request","timestamp":"2025-12-02T17:11:34.943Z","outcome":"success","email":"ef2bd3825d7b96fb","ipAddress":"127.0.0.1","userAgent":"unknown","requestId":"c9a1e59b-70f7-44ed-8b4a-109e3ccdd25e"}
{"eventId":"16c460f7-4046-4e7e-8550-bcf4256a6f10","eventType":"auth.reset_password.request","timestamp":"2025-12-02T17:11:34.943Z","outcome":"success","email":"ef2bd3825d7b96fb","ipAddress":"127.0.0.1","userAgent":"unknown","requestId":"c9a1e59b-70f7-44ed-8b4a-109e3ccdd25e","metadata":{"userNotFound":true}}
{"eventId":"6f560e5c-f0a3-4849-bb55-367634ab370f","eventType":"auth.reset_password.request","timestamp":"2025-12-02T17:11:34.946Z","outcome":"success","email":"be4ea04059db35db","ipAddress":"127.0.0.1","userAgent":"unknown","requestId":"8d4fcdd1-e597-45c9-8db8-6485f3a9d839"}
{"eventId":"3ed45a1d-00dd-48d3-a723-3662774ab806","eventType":"auth.reset_password.request","timestamp":"2025-12-02T17:11:34.946Z","outcome":"success","email":"be4ea04059db35db","ipAddress":"127.0.0.1","userAgent":"unknown","requestId":"8d4fcdd1-e597-45c9-8db8-6485f3a9d839","metadata":{"userNotFound":true}}
{"eventId":"dc45270f-d1df-482c-bc70-4c12e311e577","eventType":"auth.reset_password.request","timestamp":"2025-12-02T17:11:34.948Z","outcome":"success","email":"be4ea04059db35db","ipAddress":"127.0.0.1","userAgent":"unknown","requestId":"a41f9b7f-844f-4a2f-a5e1-0099517e21f5"}
{"eventId":"10f929c3-54e5-49ec-9ad5-86d532ec6324","eventType":"auth.reset_password.request","timestamp":"2025-12-02T17:11:34.948Z","outcome":"success","email":"be4ea04059db35db","ipAddress":"127.0.0.1","userAgent":"unknown","requestId":"a41f9b7f-844f-4a2f-a5e1-0099517e21f5","metadata":{"userNotFound":true}}
{"eventId":"5fd100bb-046d-4924-81bd-034d79ba77e9","eventType":"auth.reset_password.request","timestamp":"2025-12-02T17:11:34.949Z","outcome":"success","email":"0df30febe770cec5","ipAddress":"127.0.0.1","userAgent":"unknown","requestId":"4fb69acc-73af-41c2-b415-b59ca4790354"}
{"eventId":"21ec2d45-a2d6-496e-8fbd-9dfcb0e3a7fe","eventType":"auth.reset_password.request","timestamp":"2025-12-02T17:11:34.949Z","outcome":"success","email":"0df30febe770cec5","ipAddress":"127.0.0.1","userAgent":"unknown","requestId":"4fb69acc-73af-41c2-b415-b59ca4790354","metadata":{"userNotFound":true}}
{"eventId":"bfe9cfa8-1d49-4c93-b328-bf3ae7d0102e","eventType":"auth.reset_password.request","timestamp":"2025-12-02T17:11:34.950Z","outcome":"success","email":"be4ea04059db35db","ipAddress":"127.0.0.1","userAgent":"unknown","requestId":"01f4d4bf-8d50-4ca3-bfb5-415b7c6f02c1"}
{"eventId":"a60afaaf-49c4-47ce-bb9d-e7b00ea9e37b","eventType":"auth.reset_password.request","timestamp":"2025-12-02T17:11:34.950Z","outcome":"success","email":"be4ea04059db35db","ipAddress":"127.0.0.1","userAgent":"unknown","requestId":"01f4d4bf-8d50-4ca3-bfb5-415b7c6f02c1","metadata":{"userNotFound":true}}
{"eventId":"bbbbdd9f-224f-465e-ba51-1a37ba61bfa9","eventType":"auth.reset_password.request","timestamp":"2025-12-02T17:11:34.951Z","outcome":"success","email":"c3ddcc791dca63c0","ipAddress":"127.0.0.1","userAgent":"unknown","requestId":"7b19e25b-c0a4-4261-9950-2e5657afb118"}
{"eventId":"8a20ca1d-7a5c-49aa-9206-a602cea7e1ea","eventType":"auth.reset_password.request","timestamp":"2025-12-02T17:11:34.952Z","outcome":"success","email":"c3ddcc791dca63c0","ipAddress":"127.0.0.1","userAgent":"unknown","requestId":"7b19e25b-c0a4-4261-9950-2e5657afb118","metadata":{"userNotFound":true}}
{"eventId":"64c86288-277c-4ae6-b09b-19f803f30652","eventType":"auth.reset_password.request","timestamp":"2025-12-02T17:11:34.952Z","outcome":"success","email":"837d3e985817f6cd","ipAddress":"127.0.0.1","userAgent":"unknown","requestId":"f2684910-dc2b-4ae7-b565-4de036e4d378"}
{"eventId":"4bf572ad-bb31-44ff-babd-bdde65cfd783","eventType":"auth.reset_password.request","timestamp":"2025-12-02T17:11:34.953Z","outcome":"success","email":"837d3e985817f6cd","ipAddress":"127.0.0.1","userAgent":"unknown","requestId":"f2684910-dc2b-4ae7-b565-4de036e4d378","metadata":{"userNotFound":true}}
{"eventId":"793725de-ce51-4c36-acc8-8e64a4a649bb","eventType":"auth.reset_password.request","timestamp":"2025-12-02T17:11:34.953Z","outcome":"success","email":"7bb800c1c1cef988","ipAddress":"127.0.0.1","userAgent":"unknown","requestId":"9a0f415a-57e7-467b-982b-81660f4c1b17"}
{"eventId":"d23e7ad9-d92a-4a38-a552-631e22a51878","eventType":"auth.reset_password.request","timestamp":"2025-12-02T17:11:34.954Z","outcome":"success","email":"7bb800c1c1cef988","ipAddress":"127.0.0.1","userAgent":"unknown","requestId":"9a0f415a-57e7-467b-982b-81660f4c1b17","metadata":{"userNotFound":true}}
{"eventId":"9a403492-5a1a-4589-9f1f-44ab658b5454","eventType":"auth.reset_password.request","timestamp":"2025-12-02T17:11:34.954Z","outcome":"success","email":"0df30febe770cec5","ipAddress":"127.0.0.1","userAgent":"unknown","requestId":"808bb2b5-9e0d-4afc-a408-acafd2870ea1"}
{"eventId":"5c09d588-f655-423c-8f57-5e3de3e16bde","eventType":"auth.reset_password.request","timestamp":"2025-12-02T17:11:34.955Z","outcome":"success","email":"0df30febe770cec5","ipAddress":"127.0.0.1","userAgent":"unknown","requestId":"808bb2b5-9e0d-4afc-a408-acafd2870ea1","metadata":{"userNotFound":true}}
{"eventId":"7d713e40-67a8-430c-bd66-bb786984dad8","eventType":"auth.reset_password.request","timestamp":"2025-12-02T17:11:34.956Z","outcome":"success","email":"d00d586fea81a52d","ipAddress":"127.0.0.1","userAgent":"unknown","requestId":"5984d880-5126-4e06-bb59-4f279820e6b8"}
{"eventId":"026bedcc-9999-41b1-af20-5e966ef1e4cc","eventType":"auth.reset_password.request","timestamp":"2025-12-02T17:11:34.957Z","outcome":"success","email":"d00d586fea81a52d","ipAddress":"127.0.0.1","userAgent":"unknown","requestId":"5984d880-5126-4e06-bb59-4f279820e6b8","metadata":{"userNotFound":true}}
{"eventId":"6ab5a4a4-313a-4687-8d92-a7b2e223d4c1","eventType":"auth.reset_password.request","timestamp":"2025-12-02T17:11:34.961Z","outcome":"success","email":"30f5f696294e8ad5","ipAddress":"127.0.0.1","userAgent":"unknown","requestId":"93f71628-ad8f-4f41-8e5e-8bebd9a8f66e"}
{"eventId":"8b8aef20-d4f0-4a6c-84d2-288e67c4c80c","eventType":"auth.reset_password.request","timestamp":"2025-12-02T17:11:34.963Z","outcome":"success","email":"30f5f696294e8ad5","ipAddress":"127.0.0.1","userAgent":"unknown","requestId":"93f71628-ad8f-4f41-8e5e-8bebd9a8f66e","metadata":{"userNotFound":true}}
{"eventId":"741764e6-f4b5-46ce-b135-924d68c03a82","eventType":"auth.reset_password.request","timestamp":"2025-12-02T17:11:34.966Z","outcome":"success","email":"d5332735520de04b","ipAddress":"127.0.0.1","userAgent":"unknown","requestId":"75e4b760-35aa-43b4-a292-162ac9f999e0"}
{"eventId":"1a8f2d1e-a9d5-4b2a-b7eb-f397572e3f1f","eventType":"auth.reset_password.request","timestamp":"2025-12-02T17:11:34.967Z","outcome":"success","email":"d5332735520de04b","ipAddress":"127.0.0.1","userAgent":"unknown","requestId":"75e4b760-35aa-43b4-a292-162ac9f999e0","metadata":{"userNotFound":true}}
{"eventId":"cfb43d1b-7cb7-42e6-8d39-e9c429e31f59","eventType":"auth.reset_password.request","timestamp":"2025-12-02T17:11:34.968Z","outcome":"success","email":"0df30febe770cec5","ipAddress":"127.0.0.1","userAgent":"unknown","requestId":"305ea415-a00c-4829-8afe-de09d4e1f57f"}
{"eventId":"250220d9-bbbc-4212-b2f8-506c1b8f43a2","eventType":"auth.reset_password.request","timestamp":"2025-12-02T17:11:34.968Z","outcome":"success","email":"0df30febe770cec5","ipAddress":"127.0.0.1","userAgent":"unknown","requestId":"305ea415-a00c-4829-8afe-de09d4e1f57f","metadata":{"userNotFound":true}}
{"eventId":"87c01fd3-596c-4f0c-9b7d-74c068efcc04","eventType":"auth.reset_password.request","timestamp":"2025-12-02T17:11:34.969Z","outcome":"success","email":"0df30febe770cec5","ipAddress":"127.0.0.1","userAgent":"unknown","requestId":"eee1781e-6c90-4005-ac7e-bf2348ea6f39"}
{"eventId":"1faef193-27e1-4124-8318-65dc93be885b","eventType":"auth.reset_password.request","timestamp":"2025-12-02T17:11:34.969Z","outcome":"success","email":"0df30febe770cec5","ipAddress":"127.0.0.1","userAgent":"unknown","requestId":"eee1781e-6c90-4005-ac7e-bf2348ea6f39","metadata":{"userNotFound":true}}
{"eventId":"08891413-9b67-4d5c-b14c-1c01c60ac50a","eventType":"auth.reset_password.request","timestamp":"2025-12-02T17:11:34.971Z","outcome":"success","email":"9d51092a416470c2","ipAddress":"127.0.0.1","userAgent":"unknown","requestId":"d252a984-7ecd-4393-aef2-cf61d4a909f8"}
{"eventId":"e99a35e1-8696-44f6-b206-b18a21d61b21","eventType":"auth.reset_password.request","timestamp":"2025-12-02T17:11:34.972Z","outcome":"success","email":"9d51092a416470c2","ipAddress":"127.0.0.1","userAgent":"unknown","requestId":"d252a984-7ecd-4393-aef2-cf61d4a909f8","metadata":{"userNotFound":true}}
{"eventId":"938a4ab9-654d-4266-ab48-1dfe3f6bb050","eventType":"auth.reset_password.request","timestamp":"2025-12-02T17:11:34.973Z","outcome":"success","email":"7236be8604744498","ipAddress":"127.0.0.1","userAgent":"unknown","requestId":"31a1ac9a-9f0f-49df-9e9e-fd26537c4fb8"}
{"eventId":"b2f979a9-53dd-4285-a606-1655125c855a","eventType":"auth.reset_password.request","timestamp":"2025-12-02T17:11:34.973Z","outcome":"success","email":"7236be8604744498","ipAddress":"127.0.0.1","userAgent":"unknown","requestId":"31a1ac9a-9f0f-49df-9e9e-fd26537c4fb8","metadata":{"userNotFound":true}}
{"eventId":"d009f532-0b62-4337-8892-222ef3b729c2","eventType":"auth.reset_password.request","timestamp":"2025-12-02T17:11:34.976Z","outcome":"success","email":"342c69d44c0a17de","ipAddress":"127.0.0.1","userAgent":"unknown","requestId":"a4887e88-1366-4e78-b7c0-35e77adddb7a"}
{"eventId":"60f0922f-25ab-495a-bb4f-170333344a19","eventType":"auth.reset_password.request","timestamp":"2025-12-02T17:11:34.977Z","outcome":"success","email":"342c69d44c0a17de","ipAddress":"127.0.0.1","userAgent":"unknown","requestId":"a4887e88-1366-4e78-b7c0-35e77adddb7a","metadata":{"userNotFound":true}}
{"eventId":"c0144683-2e69-46a6-a129-dfea953d3ef8","eventType":"auth.reset_password.request","timestamp":"2025-12-02T17:11:34.980Z","outcome":"success","email":"5c75f72eb92d08a7","ipAddress":"127.0.0.1","userAgent":"unknown","requestId":"cbd86d75-ab6d-41de-87b8-843a89cd0625"}
{"eventId":"3e66f310-9380-4d31-9893-d7eaeb7117a4","eventType":"auth.reset_password.request","timestamp":"2025-12-02T17:11:34.980Z","outcome":"success","email":"5c75f72eb92d08a7","ipAddress":"127.0.0.1","userAgent":"unknown","requestId":"cbd86d75-ab6d-41de-87b8-843a89cd0625","metadata":{"userNotFound":true}}
{"eventId":"948bce55-6768-4ed2-8e11-f5b0aaf9d624","eventType":"auth.reset_password.request","timestamp":"2025-12-02T17:11:34.981Z","outcome":"success","email":"1ef0e36017734dbe","ipAddress":"127.0.0.1","userAgent":"unknown","requestId":"3f164a85-2965-4d8a-97ea-1fda57c56f9a"}
{"eventId":"a747ada2-bdc4-41a1-9224-3142ba9bc272","eventType":"auth.reset_password.request","timestamp":"2025-12-02T17:11:34.981Z","outcome":"success","email":"1ef0e36017734dbe","ipAddress":"127.0.0.1","userAgent":"unknown","requestId":"3f164a85-2965-4d8a-97ea-1fda57c56f9a","metadata":{"userNotFound":true}}
{"eventId":"74d6fc9f-8729-4521-a4e4-433f0fc6a6ee","eventType":"auth.reset_password.request","timestamp":"2025-12-02T17:11:34.982Z","outcome":"success","email":"92086fa9df13c55f","ipAddress":"127.0.0.1","userAgent":"unknown","requestId":"998e0c8d-74e0-4288-84da-72cedcc516ab"}
{"eventId":"6457a0ba-0995-4fc2-92f3-dd5d6ee3800d","eventType":"auth.reset_password.request","timestamp":"2025-12-02T17:11:34.982Z","outcome":"success","email":"92086fa9df13c55f","ipAddress":"127.0.0.1","userAgent":"unknown","requestId":"998e0c8d-74e0-4288-84da-72cedcc516ab","metadata":{"userNotFound":true}}
{"eventId":"4971555b-62f9-40e8-bc45-367e180036aa","eventType":"auth.reset_password.request","timestamp":"2025-12-02T17:11:34.983Z","outcome":"success","email":"ff56ff8eb60fcd19","ipAddress":"127.0.0.1","userAgent":"unknown","requestId":"dfd9e234-1c99-42b4-8c95-f4cc3acd2af6"}
{"eventId":"fb974c19-1b3c-43e8-bbc2-0805b06515a0","eventType":"auth.reset_password.request","timestamp":"2025-12-02T17:11:34.983Z","outcome":"success","email":"ff56ff8eb60fcd19","ipAddress":"127.0.0.1","userAgent":"unknown","requestId":"dfd9e234-1c99-42b4-8c95-f4cc3acd2af6","metadata":{"userNotFound":true}}
{"eventId":"7af8261b-795b-4d1b-a5a2-b400566ef21f","eventType":"auth.reset_password.request","timestamp":"2025-12-02T17:11:34.984Z","outcome":"success","email":"1ef0e36017734dbe","ipAddress":"127.0.0.1","userAgent":"unknown","requestId":"f7da6fe6-a7a0-4757-811e-e8bfed453f57"}
{"eventId":"afbd0b02-840b-4e51-a607-0fd39bb1857a","eventType":"auth.reset_password.request","timestamp":"2025-12-02T17:11:34.984Z","outcome":"success","email":"1ef0e36017734dbe","ipAddress":"127.0.0.1","userAgent":"unknown","requestId":"f7da6fe6-a7a0-4757-811e-e8bfed453f57","metadata":{"userNotFound":true}}
{"eventId":"5ddc2952-2e6a-4d4b-8dc8-1c9eaf0365e1","eventType":"auth.reset_password.request","timestamp":"2025-12-02T17:11:34.985Z","outcome":"success","email":"bc8df2e845b964db","ipAddress":"127.0.0.1","userAgent":"unknown","requestId":"c9555b18-06d7-4271-9946-44b7a7fa12d4"}
{"eventId":"905e90cf-816f-4eda-a92d-f22c1260c155","eventType":"auth.reset_password.request","timestamp":"2025-12-02T17:11:34.985Z","outcome":"success","email":"bc8df2e845b964db","ipAddress":"127.0.0.1","userAgent":"unknown","requestId":"c9555b18-06d7-4271-9946-44b7a7fa12d4","metadata":{"userNotFound":true}}
{"eventId":"2bd26027-2c98-4abf-b7b2-2098b22a30f5","eventType":"auth.reset_password.request","timestamp":"2025-12-02T17:11:34.986Z","outcome":"success","email":"e90edd7f7d6dca98","ipAddress":"127.0.0.1","userAgent":"unknown","requestId":"e2aeca30-3b8c-4d07-89f9-6a86d1c3ae44"}
{"eventId":"14bfb60d-99f6-4ee4-bd14-f91c6ba897d1","eventType":"auth.reset_password.request","timestamp":"2025-12-02T17:11:34.986Z","outcome":"success","email":"e90edd7f7d6dca98","ipAddress":"127.0.0.1","userAgent":"unknown","requestId":"e2aeca30-3b8c-4d07-89f9-6a86d1c3ae44","metadata":{"userNotFound":true}}
{"eventId":"efb4c2e3-636c-45ad-86bb-4ca0b1111881","eventType":"auth.reset_password.request","timestamp":"2025-12-02T17:11:34.987Z","outcome":"success","email":"0a14f6cce3874af8","ipAddress":"127.0.0.1","userAgent":"unknown","requestId":"3cf346de-bbb1-41fd-a3f5-698aac568de7"}
{"eventId":"40da1a1a-f3b1-4108-809b-33f4a58a8ea6","eventType":"auth.reset_password.request","timestamp":"2025-12-02T17:11:34.987Z","outcome":"success","email":"0a14f6cce3874af8","ipAddress":"127.0.0.1","userAgent":"unknown","requestId":"3cf346de-bbb1-41fd-a3f5-698aac568de7","metadata":{"userNotFound":true}}
{"eventId":"17f78b09-e69b-41c6-ba9c-4b5864503854","eventType":"auth.reset_password.request","timestamp":"2025-12-02T17:11:34.988Z","outcome":"success","email":"a391ed4366d6882d","ipAddress":"127.0.0.1","userAgent":"unknown","requestId":"d10718ad-0712-48cf-8743-d093624ce123"}
{"eventId":"c066da92-6567-42a3-baae-adc4b51b95ba","eventType":"auth.reset_password.request","timestamp":"2025-12-02T17:11:34.988Z","outcome":"success","email":"a391ed4366d6882d","ipAddress":"127.0.0.1","userAgent":"unknown","requestId":"d10718ad-0712-48cf-8743-d093624ce123","metadata":{"userNotFound":true}}
{"eventId":"2d745323-eb36-4549-8f15-87fffe00623f","eventType":"auth.reset_password.request","timestamp":"2025-12-02T17:11:34.989Z","outcome":"success","email":"0df30febe770cec5","ipAddress":"127.0.0.1","userAgent":"unknown","requestId":"9a11484d-88e8-4bf4-bcd9-cf7f52c5cb65"}
{"eventId":"38d69249-a943-4a3d-ad04-a362523ad881","eventType":"auth.reset_password.request","timestamp":"2025-12-02T17:11:34.989Z","outcome":"success","email":"0df30febe770cec5","ipAddress":"127.0.0.1","userAgent":"unknown","requestId":"9a11484d-88e8-4bf4-bcd9-cf7f52c5cb65","metadata":{"userNotFound":true}}
{"eventId":"2be71f30-7108-452b-afd4-a87851d2427d","eventType":"auth.reset_password.request","timestamp":"2025-12-02T17:11:34.990Z","outcome":"success","email":"1556e65d2f10e893","ipAddress":"127.0.0.1","userAgent":"unknown","requestId":"a4509879-552a-45a7-85cf-5a314121c93f"}
{"eventId":"92e7285a-da1b-4640-8151-80164c556c2c","eventType":"auth.reset_password.request","timestamp":"2025-12-02T17:11:34.990Z","outcome":"success","email":"1556e65d2f10e893","ipAddress":"127.0.0.1","userAgent":"unknown","requestId":"a4509879-552a-45a7-85cf-5a314121c93f","metadata":{"userNotFound":true}}
{"eventId":"b2b6679a-bd25-49b6-ab9b-af23f8fc2957","eventType":"auth.reset_password.request","timestamp":"2025-12-02T17:11:34.991Z","outcome":"success","email":"92086fa9df13c55f","ipAddress":"127.0.0.1","userAgent":"unknown","requestId":"1485aed0-e538-458a-9aed-799e41164bcf"}
{"eventId":"09f26ccf-8599-4256-ba31-8840a1b90e6d","eventType":"auth.reset_password.request","timestamp":"2025-12-02T17:11:34.991Z","outcome":"success","email":"92086fa9df13c55f","ipAddress":"127.0.0.1","userAgent":"unknown","requestId":"1485aed0-e538-458a-9aed-799e41164bcf","metadata":{"userNotFound":true}}
{"eventId":"b16478b6-01d2-49d8-8e58-9d2cadb20a7e","eventType":"auth.reset_password.request","timestamp":"2025-12-02T17:11:34.991Z","outcome":"success","email":"596d51a1a8d0eb6b","ipAddress":"127.0.0.1","userAgent":"unknown","requestId":"643bfe05-2917-47da-8bd3-7add4bcfc08c"}
{"eventId":"b59c0cb4-05c1-4694-bef2-bdc14744acb8","eventType":"auth.reset_password.request","timestamp":"2025-12-02T17:11:34.992Z","outcome":"success","email":"596d51a1a8d0eb6b","ipAddress":"127.0.0.1","userAgent":"unknown","requestId":"643bfe05-2917-47da-8bd3-7add4bcfc08c","metadata":{"userNotFound":true}}
{"eventId":"39e9029e-c76e-4178-b309-0d9807f797fa","eventType":"auth.reset_password.request","timestamp":"2025-12-02T17:11:34.992Z","outcome":"success","email":"83ab1682a0327eb5","ipAddress":"127.0.0.1","userAgent":"unknown","requestId":"93a0aaf0-bdac-4f50-830d-85af0acc7aef"}
{"eventId":"9f82391f-fba7-4802-a872-a3fa3fbf562f","eventType":"auth.reset_password.request","timestamp":"2025-12-02T17:11:34.992Z","outcome":"success","email":"83ab1682a0327eb5","ipAddress":"127.0.0.1","userAgent":"unknown","requestId":"93a0aaf0-bdac-4f50-830d-85af0acc7aef","metadata":{"userNotFound":true}}
{"eventId":"d4a1af46-628c-4189-bd40-d027e8184fd8","eventType":"auth.reset_password.request","timestamp":"2025-12-02T17:11:34.993Z","outcome":"success","email":"c9601f013175ce1f","ipAddress":"127.0.0.1","userAgent":"unknown","requestId":"53ed5c7a-e2c0-4a58-bf95-a49052e1e5b4"}
{"eventId":"6b688a9c-9f28-4c3b-9f1d-791b49c6f4b6","eventType":"auth.reset_password.request","timestamp":"2025-12-02T17:11:34.993Z","outcome":"success","email":"c9601f013175ce1f","ipAddress":"127.0.0.1","userAgent":"unknown","requestId":"53ed5c7a-e2c0-4a58-bf95-a49052e1e5b4","metadata":{"userNotFound":true}}
{"eventId":"de2021a6-7b5a-49eb-8d26-3e0fdce1b723","eventType":"auth.reset_password.request","timestamp":"2025-12-02T17:11:34.998Z","outcome":"success","email":"d4c940998deec9c3","ipAddress":"127.0.0.1","userAgent":"unknown","requestId":"1b2d6c5c-be7b-4b83-9a00-80691b3e7c65"}
{"eventId":"93ef7345-1030-4aaf-8a1e-4b6909c499c9","eventType":"auth.reset_password.request","timestamp":"2025-12-02T17:11:34.999Z","outcome":"success","email":"d4c940998deec9c3","ipAddress":"127.0.0.1","userAgent":"unknown","requestId":"1b2d6c5c-be7b-4b83-9a00-80691b3e7c65","metadata":{"userNotFound":true}}
{"eventId":"7318e9c2-a9ed-4e60-afab-526e8df7c49f","eventType":"auth.reset_password.request","timestamp":"2025-12-02T17:11:35.003Z","outcome":"success","email":"596d51a1a8d0eb6b","ipAddress":"127.0.0.1","userAgent":"unknown","requestId":"1beae61f-43f1-4f3c-9792-3876bbba8d19"}
{"eventId":"cfbcf6b6-6a4d-4b51-9c67-68881003920b","eventType":"auth.reset_password.request","timestamp":"2025-12-02T17:11:35.005Z","outcome":"success","email":"596d51a1a8d0eb6b","ipAddress":"127.0.0.1","userAgent":"unknown","requestId":"1beae61f-43f1-4f3c-9792-3876bbba8d19","metadata":{"userNotFound":true}}
{"eventId":"0c443488-5e5f-4277-b131-ed94e855065f","eventType":"auth.reset_password.request","timestamp":"2025-12-02T17:11:35.009Z","outcome":"success","email":"1ef0e36017734dbe","ipAddress":"127.0.0.1","userAgent":"unknown","requestId":"5170756c-b114-42ec-aa89-c25fa9e11966"}
{"eventId":"830fcad7-0a37-4bca-aac9-45bcea46319a","eventType":"auth.reset_password.request","timestamp":"2025-12-02T17:11:35.012Z","outcome":"success","email":"1ef0e36017734dbe","ipAddress":"127.0.0.1","userAgent":"unknown","requestId":"5170756c-b114-42ec-aa89-c25fa9e11966","metadata":{"userNotFound":true}}
{"eventId":"6d8379cc-b413-4347-8c6e-51dde1a62f86","eventType":"auth.reset_password.request","timestamp":"2025-12-02T17:11:35.016Z","outcome":"success","email":"e90edd7f7d6dca98","ipAddress":"127.0.0.1","userAgent":"unknown","requestId":"0ed9de32-27a5-4bcc-811f-1fd116b51f85"}
{"eventId":"49aa2e02-9fb8-4a05-8d25-591bb2cda890","eventType":"auth.reset_password.request","timestamp":"2025-12-02T17:11:35.018Z","outcome":"success","email":"e90edd7f7d6dca98","ipAddress":"127.0.0.1","userAgent":"unknown","requestId":"0ed9de32-27a5-4bcc-811f-1fd116b51f85","metadata":{"userNotFound":true}}
{"eventId":"e26b945a-2a91-4337-a501-bbf63a86b388","eventType":"auth.reset_password.request","timestamp":"2025-12-02T17:11:35.025Z","outcome":"success","email":"837d3e985817f6cd","ipAddress":"127.0.0.1","userAgent":"unknown","requestId":"7199c5de-0f42-4272-993f-695e27b00957"}
{"eventId":"96ac4de9-8574-4b57-85ac-a829350ee3ca","eventType":"auth.reset_password.request","timestamp":"2025-12-02T17:11:35.026Z","outcome":"success","email":"837d3e985817f6cd","ipAddress":"127.0.0.1","userAgent":"unknown","requestId":"7199c5de-0f42-4272-993f-695e27b00957","metadata":{"userNotFound":true}}
{"eventId":"948d9e51-6436-4295-b36e-a58ef7e98155","eventType":"auth.reset_password.request","timestamp":"2025-12-02T17:11:35.030Z","outcome":"success","email":"fc782b502cb01612","ipAddress":"127.0.0.1","userAgent":"unknown","requestId":"620c0d13-05fe-4018-9808-4223d27457dd"}
{"eventId":"4c8a9580-d3f6-4e04-bf73-920049488c2f","eventType":"auth.reset_password.request","timestamp":"2025-12-02T17:11:35.030Z","outcome":"success","email":"fc782b502cb01612","ipAddress":"127.0.0.1","userAgent":"unknown","requestId":"620c0d13-05fe-4018-9808-4223d27457dd","metadata":{"userNotFound":true}}
{"eventId":"349acc14-1ece-44df-9847-a407a1284d66","eventType":"auth.reset_password.request","timestamp":"2025-12-02T17:11:35.031Z","outcome":"success","email":"1ef0e36017734dbe","ipAddress":"127.0.0.1","userAgent":"unknown","requestId":"d40d5445-88e3-4248-b1b9-c50b3f3a553b"}
{"eventId":"0a0b1324-8b69-4837-ac86-7a3ec3b5ee4e","eventType":"auth.reset_password.request","timestamp":"2025-12-02T17:11:35.032Z","outcome":"success","email":"1ef0e36017734dbe","ipAddress":"127.0.0.1","userAgent":"unknown","requestId":"d40d5445-88e3-4248-b1b9-c50b3f3a553b","metadata":{"userNotFound":true}}

stdout | src/server/auth/__tests__/rbac.test.ts > RBAC - Property-Based Tests > Property: Role assignment is idempotent
[2025-12-02T17:11:35.164Z] [App] [INFO] rbac.assign_role.success {
  userId: '64c9879a-43ae-49db-a926-5604dd865b12',
  role: 'TEAM_MEMBER',
  resourceType: 'team',
  resourceId: 'a3345016-82ae-4ce3-8fae-0777cc5e6876',
  roleId: 'db9e2998-7aeb-4949-abb1-a92cbe7595e1'
}
[2025-12-02T17:11:35.165Z] [App] [INFO] rbac.assign_role.already_exists {
  userId: '64c9879a-43ae-49db-a926-5604dd865b12',
  role: 'TEAM_MEMBER',
  resourceType: 'team',
  resourceId: 'a3345016-82ae-4ce3-8fae-0777cc5e6876'
}

stdout | src/server/auth/__tests__/rbac.test.ts > RBAC - Property-Based Tests > Property: Role assignment is idempotent
[2025-12-02T17:11:35.292Z] [App] [INFO] rbac.assign_role.success {
  userId: '8ffa8b07-5599-4f99-99b8-0fa586d97a89',
  role: 'TEAM_OWNER',
  resourceType: 'team',
  resourceId: '516d7788-05a1-45d0-b343-be162c8546fa',
  roleId: 'd95dec8b-4e68-4414-a148-6053aca8b0ee'
}
[2025-12-02T17:11:35.293Z] [App] [INFO] rbac.assign_role.already_exists {
  userId: '8ffa8b07-5599-4f99-99b8-0fa586d97a89',
  role: 'TEAM_OWNER',
  resourceType: 'team',
  resourceId: '516d7788-05a1-45d0-b343-be162c8546fa'
}

stdout | src/app/api/auth/reset-password/__tests__/reset-password.property.test.ts > POST /api/auth/reset-password - Property-Based Tests > Property 17: Password reset invalidates all sessions
{"eventId":"464a6758-808b-4466-915c-a3b676434f88","eventType":"auth.reset_password.success","timestamp":"2025-12-02T17:11:35.297Z","outcome":"success","ipAddress":"127.0.0.1","userAgent":"unknown","requestId":"f518dcbf-3363-4dcc-a2d8-b12fde8e69f0","metadata":{"stage":"attempt"}}

stdout | src/app/api/auth/forgot-password/__tests__/forgot-password.property.test.ts > POST /api/auth/forgot-password - Property-Based Tests > Property 16 (rate limiting): Exceeding rate limit returns 429
{"eventId":"e0ba6e67-d99e-41f0-860c-d0bd4d47622a","eventType":"auth.reset_password.request","timestamp":"2025-12-02T17:11:35.326Z","outcome":"success","email":"42151174af6ce0a5","ipAddress":"127.0.0.1","userAgent":"unknown","requestId":"13ed77c3-5e5d-4de0-add2-a74cfbdb17e1"}
[2025-12-02T17:11:35.330Z] [App] [INFO] email.queued {
  jobId: 'b785312b-8a94-49ea-b8b3-bf93e6b5ea59',
  userId: '97e66eed-7001-4552-bf0a-80bbdbac0792',
  tokenId: '43a6df9d-ba4b-41d9-b520-dab105d444cc',
  type: 'password_reset',
  to: 'test-forgot-1764695495322-8b94191bff42d8@example.com'
}
{"eventId":"3e5e67cd-eca3-43b0-9d45-23d303513b0f","eventType":"auth.reset_password.request","timestamp":"2025-12-02T17:11:35.330Z","outcome":"success","userId":"97e66eed-7001-4552-bf0a-80bbdbac0792","email":"42151174af6ce0a5","ipAddress":"127.0.0.1","userAgent":"unknown","requestId":"13ed77c3-5e5d-4de0-add2-a74cfbdb17e1","metadata":{"tokenId":"43a6df9d-ba4b-41d9-b520-dab105d444cc","tokenCreated":true}}
{"eventId":"e6089fcc-3b9f-413d-b2ee-60cea0f69e52","eventType":"auth.reset_password.request","timestamp":"2025-12-02T17:11:35.330Z","outcome":"success","email":"42151174af6ce0a5","ipAddress":"127.0.0.1","userAgent":"unknown","requestId":"eec76974-d754-49e3-a437-6343fc00403c"}
[2025-12-02T17:11:35.332Z] [App] [INFO] email.queued {
  jobId: 'b52ee4d5-6e21-4567-945f-4059e23af564',
  userId: '97e66eed-7001-4552-bf0a-80bbdbac0792',
  tokenId: '4e667554-f588-4845-a467-006a3a0ae04c',
  type: 'password_reset',
  to: 'test-forgot-1764695495322-8b94191bff42d8@example.com'
}
{"eventId":"cdafb6f8-2bb9-4028-921d-3ef8bd674776","eventType":"auth.reset_password.request","timestamp":"2025-12-02T17:11:35.332Z","outcome":"success","userId":"97e66eed-7001-4552-bf0a-80bbdbac0792","email":"42151174af6ce0a5","ipAddress":"127.0.0.1","userAgent":"unknown","requestId":"eec76974-d754-49e3-a437-6343fc00403c","metadata":{"tokenId":"4e667554-f588-4845-a467-006a3a0ae04c","tokenCreated":true}}
{"eventId":"df60b10a-ba36-43d5-ace7-8dc36e7314ad","eventType":"auth.reset_password.request","timestamp":"2025-12-02T17:11:35.333Z","outcome":"success","email":"42151174af6ce0a5","ipAddress":"127.0.0.1","userAgent":"unknown","requestId":"e4f9b07e-4748-4b53-a302-92211496f1eb"}
[2025-12-02T17:11:35.334Z] [App] [INFO] email.queued {
  jobId: 'bc7a05ec-cad0-48af-b1f2-5f1047471f80',
  userId: '97e66eed-7001-4552-bf0a-80bbdbac0792',
  tokenId: '09c4a7ea-fa17-4d56-b697-7b879b9c64bf',
  type: 'password_reset',
  to: 'test-forgot-1764695495322-8b94191bff42d8@example.com'
}
{"eventId":"16442e41-8010-498c-9c6b-fce4f8af824d","eventType":"auth.reset_password.request","timestamp":"2025-12-02T17:11:35.334Z","outcome":"success","userId":"97e66eed-7001-4552-bf0a-80bbdbac0792","email":"42151174af6ce0a5","ipAddress":"127.0.0.1","userAgent":"unknown","requestId":"e4f9b07e-4748-4b53-a302-92211496f1eb","metadata":{"tokenId":"09c4a7ea-fa17-4d56-b697-7b879b9c64bf","tokenCreated":true}}
{"eventId":"06948220-db35-42fe-8cf5-50097636dea9","eventType":"auth.reset_password.request","timestamp":"2025-12-02T17:11:35.335Z","outcome":"success","email":"42151174af6ce0a5","ipAddress":"127.0.0.1","userAgent":"unknown","requestId":"1f5a4652-257f-4c52-8273-ab0bc549be16"}
[2025-12-02T17:11:35.336Z] [App] [INFO] email.queued {
  jobId: 'fe0f348c-6d88-4ee0-823e-8baa1e41ff65',
  userId: '97e66eed-7001-4552-bf0a-80bbdbac0792',
  tokenId: 'e16a9674-a73f-49a2-8c1c-bc08a4b38231',
  type: 'password_reset',
  to: 'test-forgot-1764695495322-8b94191bff42d8@example.com'
}
{"eventId":"105a599b-c987-49dd-9a35-cacfd6859377","eventType":"auth.reset_password.request","timestamp":"2025-12-02T17:11:35.336Z","outcome":"success","userId":"97e66eed-7001-4552-bf0a-80bbdbac0792","email":"42151174af6ce0a5","ipAddress":"127.0.0.1","userAgent":"unknown","requestId":"1f5a4652-257f-4c52-8273-ab0bc549be16","metadata":{"tokenId":"e16a9674-a73f-49a2-8c1c-bc08a4b38231","tokenCreated":true}}
{"eventId":"df4fa77a-891b-456b-ba02-1a0a3c13c887","eventType":"auth.reset_password.request","timestamp":"2025-12-02T17:11:35.336Z","outcome":"success","email":"42151174af6ce0a5","ipAddress":"127.0.0.1","userAgent":"unknown","requestId":"d3cbf517-8794-40da-8614-00d795f7f4ca"}
[2025-12-02T17:11:35.338Z] [App] [INFO] email.queued {
  jobId: 'f5452a4c-cd38-40d5-96d1-95dfa423de7e',
  userId: '97e66eed-7001-4552-bf0a-80bbdbac0792',
  tokenId: '384956c8-5957-4343-8381-5dd5990f11d6',
  type: 'password_reset',
  to: 'test-forgot-1764695495322-8b94191bff42d8@example.com'
}
{"eventId":"6b8a18f7-7eac-4ade-9bc5-2fdb03dd49a6","eventType":"auth.reset_password.request","timestamp":"2025-12-02T17:11:35.338Z","outcome":"success","userId":"97e66eed-7001-4552-bf0a-80bbdbac0792","email":"42151174af6ce0a5","ipAddress":"127.0.0.1","userAgent":"unknown","requestId":"d3cbf517-8794-40da-8614-00d795f7f4ca","metadata":{"tokenId":"384956c8-5957-4343-8381-5dd5990f11d6","tokenCreated":true}}

stderr | src/app/api/auth/forgot-password/__tests__/forgot-password.property.test.ts > POST /api/auth/forgot-password - Property-Based Tests > Property 16 (rate limiting): Exceeding rate limit returns 429
{"eventId":"c67ade65-74c5-4094-a98b-ef82941729e7","eventType":"auth.rate_limit.exceeded","timestamp":"2025-12-02T17:11:35.338Z","outcome":"failure","ipAddress":"127.0.0.1","email":"42151174af6ce0a5","requestId":"e26521d4-bb93-4cda-b4a6-fe5d3358ba61","metadata":{"key":"reset:email:test-forgot-1764695495322-8b94191bff42d8@example.com","limit":5,"windowMs":3600000,"count":5,"resetAt":"2025-12-02T18:11:35.326Z"}}

stdout | src/server/auth/__tests__/rbac.test.ts > RBAC - Property-Based Tests > Property: Role assignment is idempotent
[2025-12-02T17:11:35.435Z] [App] [INFO] rbac.assign_role.success {
  userId: '03f06bae-8086-4c66-a16a-0762510de645',
  role: 'TEAM_ADMIN',
  resourceType: 'team',
  resourceId: 'a85c1013-75ec-4328-94e1-80496f8dc788',
  roleId: 'a866406d-2da0-4c1d-9c72-ac2f4c44abeb'
}
[2025-12-02T17:11:35.435Z] [App] [INFO] rbac.assign_role.already_exists {
  userId: '03f06bae-8086-4c66-a16a-0762510de645',
  role: 'TEAM_ADMIN',
  resourceType: 'team',
  resourceId: 'a85c1013-75ec-4328-94e1-80496f8dc788'
}

stdout | src/app/api/auth/reset-password/__tests__/reset-password.property.test.ts > POST /api/auth/reset-password - Property-Based Tests > Property 17: Password reset invalidates all sessions
{"eventId":"cbcabdf2-f369-476f-8aac-0744386c5ef8","eventType":"auth.reset_password.success","timestamp":"2025-12-02T17:11:35.460Z","outcome":"success","userId":"bfe9bbd0-5e99-441c-ba8a-00c8f8b1b240","email":"ef8f27429376ad0a","ipAddress":"127.0.0.1","userAgent":"unknown","requestId":"f518dcbf-3363-4dcc-a2d8-b12fde8e69f0","metadata":{"tokenId":"118b4313-ac37-4651-9af1-b3efe6a8ce17","sessionsInvalidated":true}}

stdout | src/server/auth/__tests__/rbac.test.ts > RBAC - Property-Based Tests > Property: Role assignment is idempotent
[2025-12-02T17:11:35.643Z] [App] [INFO] rbac.assign_role.success {
  userId: '87e45d65-1f0b-47b9-ad22-0e5374d5e4c5',
  role: 'TEAM_ADMIN',
  resourceType: 'team',
  resourceId: '57e2f2e2-b39f-49fd-b1dd-8ea1063bb9c1',
  roleId: '49a29468-bd43-4eed-a367-92458a605d7d'
}
[2025-12-02T17:11:35.645Z] [App] [INFO] rbac.assign_role.already_exists {
  userId: '87e45d65-1f0b-47b9-ad22-0e5374d5e4c5',
  role: 'TEAM_ADMIN',
  resourceType: 'team',
  resourceId: '57e2f2e2-b39f-49fd-b1dd-8ea1063bb9c1'
}

stderr | src/app/api/auth/forgot-password/__tests__/forgot-password.property.test.ts > POST /api/auth/forgot-password - Property-Based Tests > Property 16 (validation): Invalid email returns 400
{"eventId":"11cdf297-4085-47a1-b7c6-4ecd99c96588","eventType":"auth.reset_password.request","timestamp":"2025-12-02T17:11:35.548Z","outcome":"failure","ipAddress":"127.0.0.1","userAgent":"unknown","requestId":"5d027345-5c3b-4998-a98d-7141b9dd2df4","errorCode":"VALIDATION_ERROR","errorMessage":"Enter a valid email address","metadata":{"field":"email","details":{"email":["Enter a valid email address"]}}}
{"eventId":"0d5acada-40d5-4ee5-b522-7c6bf8f4f3fe","eventType":"auth.reset_password.request","timestamp":"2025-12-02T17:11:35.549Z","outcome":"failure","ipAddress":"127.0.0.1","userAgent":"unknown","requestId":"48ff8353-e911-4711-a5e3-5da056eafb38","errorCode":"VALIDATION_ERROR","errorMessage":"Enter a valid email address","metadata":{"field":"email","details":{"email":["Enter a valid email address"]}}}
{"eventId":"3ba21388-5a33-41cb-9d05-05640d5e9991","eventType":"auth.reset_password.request","timestamp":"2025-12-02T17:11:35.549Z","outcome":"failure","ipAddress":"127.0.0.1","userAgent":"unknown","requestId":"3c68af34-1e02-492c-81d4-10692070c87b","errorCode":"VALIDATION_ERROR","errorMessage":"Enter a valid email address","metadata":{"field":"email","details":{"email":["Enter a valid email address"]}}}
{"eventId":"4e6f670d-d86f-43b4-ae9e-4567729be471","eventType":"auth.reset_password.request","timestamp":"2025-12-02T17:11:35.550Z","outcome":"failure","ipAddress":"127.0.0.1","userAgent":"unknown","requestId":"98702192-970a-4b0a-95e8-37fb719e4095","errorCode":"VALIDATION_ERROR","errorMessage":"Enter a valid email address","metadata":{"field":"email","details":{"email":["Enter a valid email address"]}}}
{"eventId":"a9a8a5a0-dafb-431f-842c-38d0bbf4ba44","eventType":"auth.reset_password.request","timestamp":"2025-12-02T17:11:35.550Z","outcome":"failure","ipAddress":"127.0.0.1","userAgent":"unknown","requestId":"eeb7d0cd-d80d-4446-a2f8-4afe3e10a7c0","errorCode":"VALIDATION_ERROR","errorMessage":"Enter a valid email address","metadata":{"field":"email","details":{"email":["Enter a valid email address"]}}}
{"eventId":"9a980a2c-e978-4de9-b5fb-42e3c9c34385","eventType":"auth.reset_password.request","timestamp":"2025-12-02T17:11:35.550Z","outcome":"failure","ipAddress":"127.0.0.1","userAgent":"unknown","requestId":"b03b0e82-59b4-40f2-af63-1f1f9a0efe4e","errorCode":"VALIDATION_ERROR","errorMessage":"Enter a valid email address","metadata":{"field":"email","details":{"email":["Enter a valid email address"]}}}
{"eventId":"3f0466b2-8afb-4c0b-86ad-ec3db8c009de","eventType":"auth.reset_password.request","timestamp":"2025-12-02T17:11:35.551Z","outcome":"failure","ipAddress":"127.0.0.1","userAgent":"unknown","requestId":"743ab575-0395-4cf9-bfe3-328ae05a3284","errorCode":"VALIDATION_ERROR","errorMessage":"Enter a valid email address","metadata":{"field":"email","details":{"email":["Enter a valid email address"]}}}
{"eventId":"4070ea88-8cfb-4856-b068-e36e889034da","eventType":"auth.reset_password.request","timestamp":"2025-12-02T17:11:35.551Z","outcome":"failure","ipAddress":"127.0.0.1","userAgent":"unknown","requestId":"674df3ae-9ca3-440b-875e-0894e69cc8eb","errorCode":"VALIDATION_ERROR","errorMessage":"Enter a valid email address","metadata":{"field":"email","details":{"email":["Enter a valid email address"]}}}
{"eventId":"9b0dfebc-8364-470d-b376-63b3ab064da5","eventType":"auth.reset_password.request","timestamp":"2025-12-02T17:11:35.552Z","outcome":"failure","ipAddress":"127.0.0.1","userAgent":"unknown","requestId":"aeda0da5-86cc-455f-be9f-a27059726244","errorCode":"VALIDATION_ERROR","errorMessage":"Enter a valid email address","metadata":{"field":"email","details":{"email":["Enter a valid email address"]}}}
{"eventId":"28787f99-29bd-4bd4-ae7f-0af513aafd68","eventType":"auth.reset_password.request","timestamp":"2025-12-02T17:11:35.552Z","outcome":"failure","ipAddress":"127.0.0.1","userAgent":"unknown","requestId":"65129d99-6ed3-4582-b6c2-d75a770cc9fc","errorCode":"VALIDATION_ERROR","errorMessage":"Enter a valid email address","metadata":{"field":"email","details":{"email":["Enter a valid email address"]}}}
{"eventId":"225cc832-4ab9-48f8-ac5d-343d295718f8","eventType":"auth.reset_password.request","timestamp":"2025-12-02T17:11:35.552Z","outcome":"failure","ipAddress":"127.0.0.1","userAgent":"unknown","requestId":"4a17e464-c74a-4b08-a29c-89540eede052","errorCode":"VALIDATION_ERROR","errorMessage":"Enter a valid email address","metadata":{"field":"email","details":{"email":["Enter a valid email address"]}}}
{"eventId":"f3594c34-a3d0-4e17-8cac-3227c483b83a","eventType":"auth.reset_password.request","timestamp":"2025-12-02T17:11:35.553Z","outcome":"failure","ipAddress":"127.0.0.1","userAgent":"unknown","requestId":"73c04e90-62a1-4c74-a0f8-53fac65cf3fe","errorCode":"VALIDATION_ERROR","errorMessage":"Enter a valid email address","metadata":{"field":"email","details":{"email":["Enter a valid email address"]}}}
{"eventId":"52995a9b-d1ce-46b1-a257-dd41a7c17be6","eventType":"auth.reset_password.request","timestamp":"2025-12-02T17:11:35.553Z","outcome":"failure","ipAddress":"127.0.0.1","userAgent":"unknown","requestId":"7504e551-74d4-401d-a5cc-b49d983e6760","errorCode":"VALIDATION_ERROR","errorMessage":"Enter a valid email address","metadata":{"field":"email","details":{"email":["Enter a valid email address"]}}}
{"eventId":"4dc049fc-a40a-4aca-9833-b95100340a86","eventType":"auth.reset_password.request","timestamp":"2025-12-02T17:11:35.553Z","outcome":"failure","ipAddress":"127.0.0.1","userAgent":"unknown","requestId":"b3d45ab6-e038-465f-834c-28513af20d67","errorCode":"VALIDATION_ERROR","errorMessage":"Email is required","metadata":{"field":"email","details":{"email":["Email is required","Enter a valid email address"]}}}
{"eventId":"34117b90-190f-4ac6-8a2e-2edbbda72c2e","eventType":"auth.reset_password.request","timestamp":"2025-12-02T17:11:35.554Z","outcome":"failure","ipAddress":"127.0.0.1","userAgent":"unknown","requestId":"eec1eb17-275a-48d4-8a63-bb9456c9bdaf","errorCode":"VALIDATION_ERROR","errorMessage":"Enter a valid email address","metadata":{"field":"email","details":{"email":["Enter a valid email address"]}}}
{"eventId":"99473efe-93fc-418c-bcfe-bf31d92a8b2a","eventType":"auth.reset_password.request","timestamp":"2025-12-02T17:11:35.554Z","outcome":"failure","ipAddress":"127.0.0.1","userAgent":"unknown","requestId":"d550a38c-0046-4169-8dc7-c96357ea0ab2","errorCode":"VALIDATION_ERROR","errorMessage":"Enter a valid email address","metadata":{"field":"email","details":{"email":["Enter a valid email address"]}}}
{"eventId":"81f0589d-6964-40c5-8e83-b24fee23dcc1","eventType":"auth.reset_password.request","timestamp":"2025-12-02T17:11:35.554Z","outcome":"failure","ipAddress":"127.0.0.1","userAgent":"unknown","requestId":"491022ec-f193-41cd-9d84-bd7038b9b89c","errorCode":"VALIDATION_ERROR","errorMessage":"Enter a valid email address","metadata":{"field":"email","details":{"email":["Enter a valid email address"]}}}
{"eventId":"b6ae00ef-21af-4787-a732-b2b5be172586","eventType":"auth.reset_password.request","timestamp":"2025-12-02T17:11:35.554Z","outcome":"failure","ipAddress":"127.0.0.1","userAgent":"unknown","requestId":"d0b83a08-2a75-4dee-ba1f-6350f0a25e40","errorCode":"VALIDATION_ERROR","errorMessage":"Email is required","metadata":{"field":"email","details":{"email":["Email is required","Enter a valid email address"]}}}
{"eventId":"8810b893-358c-4955-80fb-05e53b515e9c","eventType":"auth.reset_password.request","timestamp":"2025-12-02T17:11:35.555Z","outcome":"failure","ipAddress":"127.0.0.1","userAgent":"unknown","requestId":"dbcea9a5-fcc8-4c29-a0d3-f47f040f3fe3","errorCode":"VALIDATION_ERROR","errorMessage":"Enter a valid email address","metadata":{"field":"email","details":{"email":["Enter a valid email address"]}}}
{"eventId":"6f9dea84-535e-4f8d-a5e5-26587467a4f3","eventType":"auth.reset_password.request","timestamp":"2025-12-02T17:11:35.555Z","outcome":"failure","ipAddress":"127.0.0.1","userAgent":"unknown","requestId":"19f768a3-158c-438d-8fa7-6f2fae1dd17c","errorCode":"VALIDATION_ERROR","errorMessage":"Email is required","metadata":{"field":"email","details":{"email":["Email is required","Enter a valid email address"]}}}
{"eventId":"dd098342-2dda-46f6-ac02-221f5385ac65","eventType":"auth.reset_password.request","timestamp":"2025-12-02T17:11:35.555Z","outcome":"failure","ipAddress":"127.0.0.1","userAgent":"unknown","requestId":"d2494e17-2864-4762-ad77-414812b7b706","errorCode":"VALIDATION_ERROR","errorMessage":"Enter a valid email address","metadata":{"field":"email","details":{"email":["Enter a valid email address"]}}}
{"eventId":"132639fc-ffa1-4af1-8cff-d095ab0cda72","eventType":"auth.reset_password.request","timestamp":"2025-12-02T17:11:35.556Z","outcome":"failure","ipAddress":"127.0.0.1","userAgent":"unknown","requestId":"a71cad0b-13a8-4d23-9df6-aabd51c6a613","errorCode":"VALIDATION_ERROR","errorMessage":"Enter a valid email address","metadata":{"field":"email","details":{"email":["Enter a valid email address"]}}}
{"eventId":"39df9ad8-ba63-44ad-930e-102e87619449","eventType":"auth.reset_password.request","timestamp":"2025-12-02T17:11:35.556Z","outcome":"failure","ipAddress":"127.0.0.1","userAgent":"unknown","requestId":"9cd0a391-376e-48dc-aa78-e6a840e0da05","errorCode":"VALIDATION_ERROR","errorMessage":"Enter a valid email address","metadata":{"field":"email","details":{"email":["Enter a valid email address"]}}}
{"eventId":"222c6ae7-7089-4d6c-b706-d9763a4aafbe","eventType":"auth.reset_password.request","timestamp":"2025-12-02T17:11:35.556Z","outcome":"failure","ipAddress":"127.0.0.1","userAgent":"unknown","requestId":"313a478a-77d5-488f-971e-224d2d245715","errorCode":"VALIDATION_ERROR","errorMessage":"Enter a valid email address","metadata":{"field":"email","details":{"email":["Enter a valid email address"]}}}
{"eventId":"ffc70031-827c-48b7-b7e5-61f7027aab18","eventType":"auth.reset_password.request","timestamp":"2025-12-02T17:11:35.557Z","outcome":"failure","ipAddress":"127.0.0.1","userAgent":"unknown","requestId":"4e50cee2-1e54-41e1-a43a-bedd790e3d0c","errorCode":"VALIDATION_ERROR","errorMessage":"Enter a valid email address","metadata":{"field":"email","details":{"email":["Enter a valid email address"]}}}
{"eventId":"7916185f-84bf-42d4-9b4d-42dd8ce7c96f","eventType":"auth.reset_password.request","timestamp":"2025-12-02T17:11:35.557Z","outcome":"failure","ipAddress":"127.0.0.1","userAgent":"unknown","requestId":"09171451-ece8-429f-956a-2d207082f110","errorCode":"VALIDATION_ERROR","errorMessage":"Enter a valid email address","metadata":{"field":"email","details":{"email":["Enter a valid email address"]}}}
{"eventId":"9b1714c6-c8f2-4448-bb40-2977dad38a04","eventType":"auth.reset_password.request","timestamp":"2025-12-02T17:11:35.557Z","outcome":"failure","ipAddress":"127.0.0.1","userAgent":"unknown","requestId":"8b631f81-8f8b-46da-861e-6be659788c13","errorCode":"VALIDATION_ERROR","errorMessage":"Enter a valid email address","metadata":{"field":"email","details":{"email":["Enter a valid email address"]}}}
{"eventId":"54b86cc9-7cf7-45e8-876b-498035d7227f","eventType":"auth.reset_password.request","timestamp":"2025-12-02T17:11:35.558Z","outcome":"failure","ipAddress":"127.0.0.1","userAgent":"unknown","requestId":"330623ee-57b9-4c0e-b163-df83c5d7a290","errorCode":"VALIDATION_ERROR","errorMessage":"Email is required","metadata":{"field":"email","details":{"email":["Email is required","Enter a valid email address"]}}}
{"eventId":"e02e077d-a0f3-4f3f-81fd-0fb2bac32549","eventType":"auth.reset_password.request","timestamp":"2025-12-02T17:11:35.558Z","outcome":"failure","ipAddress":"127.0.0.1","userAgent":"unknown","requestId":"d73c1aa0-23fd-4b07-beb8-800ddea59cac","errorCode":"VALIDATION_ERROR","errorMessage":"Email is required","metadata":{"field":"email","details":{"email":["Email is required","Enter a valid email address"]}}}
{"eventId":"9c655db1-d181-4a9d-8c00-43d56e2b51ba","eventType":"auth.reset_password.request","timestamp":"2025-12-02T17:11:35.558Z","outcome":"failure","ipAddress":"127.0.0.1","userAgent":"unknown","requestId":"c598759a-fcb5-4e67-b00f-a21a99ed756a","errorCode":"VALIDATION_ERROR","errorMessage":"Enter a valid email address","metadata":{"field":"email","details":{"email":["Enter a valid email address"]}}}
{"eventId":"f74e0ad7-6830-42d6-b726-e69d5b135fe1","eventType":"auth.reset_password.request","timestamp":"2025-12-02T17:11:35.558Z","outcome":"failure","ipAddress":"127.0.0.1","userAgent":"unknown","requestId":"548af30a-58c4-4144-b466-3f09a4e3e919","errorCode":"VALIDATION_ERROR","errorMessage":"Enter a valid email address","metadata":{"field":"email","details":{"email":["Enter a valid email address"]}}}
{"eventId":"85185103-e00d-4358-b1b2-d3d56883ad18","eventType":"auth.reset_password.request","timestamp":"2025-12-02T17:11:35.559Z","outcome":"failure","ipAddress":"127.0.0.1","userAgent":"unknown","requestId":"6fe5a319-b6eb-466b-82fc-6dab25ad2395","errorCode":"VALIDATION_ERROR","errorMessage":"Enter a valid email address","metadata":{"field":"email","details":{"email":["Enter a valid email address"]}}}
{"eventId":"eec7f282-ba99-4cc1-9e1a-e8c27d5feaa9","eventType":"auth.reset_password.request","timestamp":"2025-12-02T17:11:35.559Z","outcome":"failure","ipAddress":"127.0.0.1","userAgent":"unknown","requestId":"aa71e1bc-7c40-4d41-a082-ec57839c6aa2","errorCode":"VALIDATION_ERROR","errorMessage":"Enter a valid email address","metadata":{"field":"email","details":{"email":["Enter a valid email address"]}}}
{"eventId":"d3ae469e-7b13-4ad6-a20c-9cf346241428","eventType":"auth.reset_password.request","timestamp":"2025-12-02T17:11:35.559Z","outcome":"failure","ipAddress":"127.0.0.1","userAgent":"unknown","requestId":"2bc155c0-20ac-4f52-b781-79b727bb09b4","errorCode":"VALIDATION_ERROR","errorMessage":"Enter a valid email address","metadata":{"field":"email","details":{"email":["Enter a valid email address"]}}}
{"eventId":"ec7c54de-e924-4a32-9367-60d624039e10","eventType":"auth.reset_password.request","timestamp":"2025-12-02T17:11:35.560Z","outcome":"failure","ipAddress":"127.0.0.1","userAgent":"unknown","requestId":"f7dcf775-d96a-404d-b634-fe08516c7375","errorCode":"VALIDATION_ERROR","errorMessage":"Enter a valid email address","metadata":{"field":"email","details":{"email":["Enter a valid email address"]}}}
{"eventId":"45283571-580f-4af3-8e40-98428c6fd806","eventType":"auth.reset_password.request","timestamp":"2025-12-02T17:11:35.560Z","outcome":"failure","ipAddress":"127.0.0.1","userAgent":"unknown","requestId":"7d539ca3-24b6-4d59-9e5c-ad52122b4c4b","errorCode":"VALIDATION_ERROR","errorMessage":"Enter a valid email address","metadata":{"field":"email","details":{"email":["Enter a valid email address"]}}}
{"eventId":"cd14f88e-4623-441c-9a41-d9cc0c901d98","eventType":"auth.reset_password.request","timestamp":"2025-12-02T17:11:35.560Z","outcome":"failure","ipAddress":"127.0.0.1","userAgent":"unknown","requestId":"64698fd4-2a0a-4929-bf2f-cf34b259839c","errorCode":"VALIDATION_ERROR","errorMessage":"Enter a valid email address","metadata":{"field":"email","details":{"email":["Enter a valid email address"]}}}
{"eventId":"60e5047f-35ec-4067-b094-9b705655b4b1","eventType":"auth.reset_password.request","timestamp":"2025-12-02T17:11:35.561Z","outcome":"failure","ipAddress":"127.0.0.1","userAgent":"unknown","requestId":"bf17591c-9869-42a4-99a2-47c886fd479e","errorCode":"VALIDATION_ERROR","errorMessage":"Enter a valid email address","metadata":{"field":"email","details":{"email":["Enter a valid email address"]}}}
{"eventId":"4e73d378-bf5b-412a-869b-e580b28f1355","eventType":"auth.reset_password.request","timestamp":"2025-12-02T17:11:35.566Z","outcome":"failure","ipAddress":"127.0.0.1","userAgent":"unknown","requestId":"70df5bfa-ef8c-4e16-8e87-b6305b57385f","errorCode":"VALIDATION_ERROR","errorMessage":"Enter a valid email address","metadata":{"field":"email","details":{"email":["Enter a valid email address"]}}}
{"eventId":"d86a036c-6b06-49c6-bc62-248df4ba5e02","eventType":"auth.reset_password.request","timestamp":"2025-12-02T17:11:35.568Z","outcome":"failure","ipAddress":"127.0.0.1","userAgent":"unknown","requestId":"fb387ab5-a6d2-44b6-a444-e60f953c7cb1","errorCode":"VALIDATION_ERROR","errorMessage":"Enter a valid email address","metadata":{"field":"email","details":{"email":["Enter a valid email address"]}}}
{"eventId":"cd08c58a-65af-47ee-a55a-2c69996858ce","eventType":"auth.reset_password.request","timestamp":"2025-12-02T17:11:35.570Z","outcome":"failure","ipAddress":"127.0.0.1","userAgent":"unknown","requestId":"d7ff0123-d383-4516-9606-3d718c321ff6","errorCode":"VALIDATION_ERROR","errorMessage":"Enter a valid email address","metadata":{"field":"email","details":{"email":["Enter a valid email address"]}}}
{"eventId":"18cfe8d3-d322-4526-83e3-de5078de6dc8","eventType":"auth.reset_password.request","timestamp":"2025-12-02T17:11:35.571Z","outcome":"failure","ipAddress":"127.0.0.1","userAgent":"unknown","requestId":"43694458-b4dc-49dd-b0fb-200949a6a838","errorCode":"VALIDATION_ERROR","errorMessage":"Enter a valid email address","metadata":{"field":"email","details":{"email":["Enter a valid email address"]}}}
{"eventId":"3eff2447-78ab-424c-9dc5-8fe31f627194","eventType":"auth.reset_password.request","timestamp":"2025-12-02T17:11:35.571Z","outcome":"failure","ipAddress":"127.0.0.1","userAgent":"unknown","requestId":"3110ee34-59cd-4bad-9dc1-56ce48703765","errorCode":"VALIDATION_ERROR","errorMessage":"Enter a valid email address","metadata":{"field":"email","details":{"email":["Enter a valid email address"]}}}
{"eventId":"9ed08e87-bf95-47ec-8c90-1a445d620f5a","eventType":"auth.reset_password.request","timestamp":"2025-12-02T17:11:35.571Z","outcome":"failure","ipAddress":"127.0.0.1","userAgent":"unknown","requestId":"7eabd193-4d8d-448b-ace1-8218d4ce894c","errorCode":"VALIDATION_ERROR","errorMessage":"Enter a valid email address","metadata":{"field":"email","details":{"email":["Enter a valid email address"]}}}
{"eventId":"88ea5a0d-282c-4285-a948-53dcf982d594","eventType":"auth.reset_password.request","timestamp":"2025-12-02T17:11:35.572Z","outcome":"failure","ipAddress":"127.0.0.1","userAgent":"unknown","requestId":"d8d6379e-c4ae-41da-82c3-28952bde5a3d","errorCode":"VALIDATION_ERROR","errorMessage":"Enter a valid email address","metadata":{"field":"email","details":{"email":["Enter a valid email address"]}}}
{"eventId":"506c6d25-5903-4a92-90c9-329e3c30e42f","eventType":"auth.reset_password.request","timestamp":"2025-12-02T17:11:35.572Z","outcome":"failure","ipAddress":"127.0.0.1","userAgent":"unknown","requestId":"45fc11bb-daea-402a-a7cc-23b45eba3f50","errorCode":"VALIDATION_ERROR","errorMessage":"Enter a valid email address","metadata":{"field":"email","details":{"email":["Enter a valid email address"]}}}
{"eventId":"87af0953-c0a8-48f3-a357-ec9fd787da42","eventType":"auth.reset_password.request","timestamp":"2025-12-02T17:11:35.572Z","outcome":"failure","ipAddress":"127.0.0.1","userAgent":"unknown","requestId":"35071eff-0f1c-4bf3-b8bc-b404538a2010","errorCode":"VALIDATION_ERROR","errorMessage":"Email is required","metadata":{"field":"email","details":{"email":["Email is required","Enter a valid email address"]}}}
{"eventId":"8d870d1d-4f50-4d57-b80b-065154f36f94","eventType":"auth.reset_password.request","timestamp":"2025-12-02T17:11:35.573Z","outcome":"failure","ipAddress":"127.0.0.1","userAgent":"unknown","requestId":"b45e51ad-1367-4b30-bbfd-1a62b00e58be","errorCode":"VALIDATION_ERROR","errorMessage":"Email is required","metadata":{"field":"email","details":{"email":["Email is required","Enter a valid email address"]}}}
{"eventId":"292f0003-9108-4450-9d4d-b6bc5e7a9843","eventType":"auth.reset_password.request","timestamp":"2025-12-02T17:11:35.573Z","outcome":"failure","ipAddress":"127.0.0.1","userAgent":"unknown","requestId":"f0a8fbac-2d4f-416e-a4d3-8bb93d93d96a","errorCode":"VALIDATION_ERROR","errorMessage":"Enter a valid email address","metadata":{"field":"email","details":{"email":["Enter a valid email address"]}}}
{"eventId":"42860274-9d0c-40b5-8c74-430ab2b8099a","eventType":"auth.reset_password.request","timestamp":"2025-12-02T17:11:35.573Z","outcome":"failure","ipAddress":"127.0.0.1","userAgent":"unknown","requestId":"0900b636-9ee1-48f6-8ee5-668c01189bc8","errorCode":"VALIDATION_ERROR","errorMessage":"Enter a valid email address","metadata":{"field":"email","details":{"email":["Enter a valid email address"]}}}

stdout | src/server/auth/__tests__/rbac.test.ts > RBAC - Property-Based Tests > Property: Role assignment is idempotent
[2025-12-02T17:11:35.824Z] [App] [INFO] rbac.assign_role.success {
  userId: 'df9d85a0-c677-4a0e-8157-75833fdcb0e1',
  role: 'TEAM_MEMBER',
  resourceType: 'team',
  resourceId: '04b7a3a7-ffa7-4dc5-a82f-139fe9cb9c44',
  roleId: '953c26cb-e5c8-4bbf-8c22-d56c9dc01c38'
}
[2025-12-02T17:11:35.824Z] [App] [INFO] rbac.assign_role.already_exists {
  userId: 'df9d85a0-c677-4a0e-8157-75833fdcb0e1',
  role: 'TEAM_MEMBER',
  resourceType: 'team',
  resourceId: '04b7a3a7-ffa7-4dc5-a82f-139fe9cb9c44'
}

stdout | src/app/api/auth/reset-password/__tests__/reset-password.property.test.ts > POST /api/auth/reset-password - Property-Based Tests > Property 17: Password reset invalidates all sessions
{"eventId":"9cbf24f3-bdf4-43ac-b549-9be3adb24917","eventType":"auth.reset_password.success","timestamp":"2025-12-02T17:11:35.853Z","outcome":"success","ipAddress":"127.0.0.1","userAgent":"unknown","requestId":"0fc9206b-c736-4878-9806-49c9a50d64b7","metadata":{"stage":"attempt"}}

stdout | src/server/auth/__tests__/rbac.test.ts > RBAC - Property-Based Tests > Property: Role assignment is idempotent
[2025-12-02T17:11:36.174Z] [App] [INFO] rbac.assign_role.success {
  userId: 'fc475c9f-8b87-43b6-9dbe-8a981dd9144e',
  role: 'TEAM_MEMBER',
  resourceType: 'team',
  resourceId: '243aac75-f847-44d5-91d7-d9738118c3b9',
  roleId: 'eb094de0-7104-4eac-82bd-799f3863d5c8'
}
[2025-12-02T17:11:36.175Z] [App] [INFO] rbac.assign_role.already_exists {
  userId: 'fc475c9f-8b87-43b6-9dbe-8a981dd9144e',
  role: 'TEAM_MEMBER',
  resourceType: 'team',
  resourceId: '243aac75-f847-44d5-91d7-d9738118c3b9'
}

stdout | src/app/api/auth/reset-password/__tests__/reset-password.property.test.ts > POST /api/auth/reset-password - Property-Based Tests > Property 17: Password reset invalidates all sessions
{"eventId":"4a2b909c-48a5-4989-b8a1-c4ba9fc62817","eventType":"auth.reset_password.success","timestamp":"2025-12-02T17:11:36.177Z","outcome":"success","userId":"bfe9bbd0-5e99-441c-ba8a-00c8f8b1b240","email":"ef8f27429376ad0a","ipAddress":"127.0.0.1","userAgent":"unknown","requestId":"0fc9206b-c736-4878-9806-49c9a50d64b7","metadata":{"tokenId":"6272e476-5a44-4069-b5ec-a0fe615c86ee","sessionsInvalidated":true}}

stdout | src/app/api/auth/forgot-password/__tests__/forgot-password.property.test.ts > POST /api/auth/forgot-password - Property-Based Tests > Property 16 (email normalization): Email is case-insensitive
{"eventId":"ba30bb65-08a2-4e5b-aa18-266459b904a3","eventType":"auth.reset_password.request","timestamp":"2025-12-02T17:11:35.855Z","outcome":"success","email":"5e900ba336023648","ipAddress":"127.0.0.1","userAgent":"unknown","requestId":"78738798-681d-495a-a897-14d57538eea9"}
[2025-12-02T17:11:35.859Z] [App] [INFO] email.queued {
  jobId: '6221f073-de2a-4350-bcea-65d189056b81',
  userId: 'beb53308-539c-48a1-9e7f-5a54d99f3097',
  tokenId: '7a50ae14-bfce-4c7f-ac4a-ca7fcfcb8b3f',
  type: 'password_reset',
  to: 'test-forgot-1764695495849-d3c6188e5bd3f@example.com'
}
{"eventId":"2293b345-e749-40e1-a394-9fb91b366c5f","eventType":"auth.reset_password.request","timestamp":"2025-12-02T17:11:35.859Z","outcome":"success","userId":"beb53308-539c-48a1-9e7f-5a54d99f3097","email":"5e900ba336023648","ipAddress":"127.0.0.1","userAgent":"unknown","requestId":"78738798-681d-495a-a897-14d57538eea9","metadata":{"tokenId":"7a50ae14-bfce-4c7f-ac4a-ca7fcfcb8b3f","tokenCreated":true}}
{"eventId":"049d9e7c-822d-490f-b804-22e0c4038e5e","eventType":"auth.reset_password.request","timestamp":"2025-12-02T17:11:35.865Z","outcome":"success","email":"5e900ba336023648","ipAddress":"127.0.0.1","userAgent":"unknown","requestId":"672ead90-71f1-42d6-8cc4-3a26bbf98880"}
[2025-12-02T17:11:35.869Z] [App] [INFO] email.queued {
  jobId: 'd8a4d203-2d5f-41ca-8508-bae02e140c93',
  userId: 'beb53308-539c-48a1-9e7f-5a54d99f3097',
  tokenId: 'ee71fc52-fd95-44a9-860e-f4c7de431a75',
  type: 'password_reset',
  to: 'test-forgot-1764695495849-d3c6188e5bd3f@example.com'
}
{"eventId":"52720dd8-268e-4c2e-9f74-d2b0b199ac3d","eventType":"auth.reset_password.request","timestamp":"2025-12-02T17:11:35.869Z","outcome":"success","userId":"beb53308-539c-48a1-9e7f-5a54d99f3097","email":"5e900ba336023648","ipAddress":"127.0.0.1","userAgent":"unknown","requestId":"672ead90-71f1-42d6-8cc4-3a26bbf98880","metadata":{"tokenId":"ee71fc52-fd95-44a9-860e-f4c7de431a75","tokenCreated":true}}
{"eventId":"d173b7b0-08af-474a-b787-8644f1f6f469","eventType":"auth.reset_password.request","timestamp":"2025-12-02T17:11:35.870Z","outcome":"success","email":"5e900ba336023648","ipAddress":"127.0.0.1","userAgent":"unknown","requestId":"e54f7073-70b0-45c3-a227-d6153897c034"}
[2025-12-02T17:11:35.872Z] [App] [INFO] email.queued {
  jobId: '590f557a-596c-4238-ad0d-b17bc55b3eab',
  userId: 'beb53308-539c-48a1-9e7f-5a54d99f3097',
  tokenId: '1a56b350-32d6-4f6f-aa05-200cad13ab85',
  type: 'password_reset',
  to: 'test-forgot-1764695495849-d3c6188e5bd3f@example.com'
}
{"eventId":"403d8d36-cdad-43de-8262-88c14ad53917","eventType":"auth.reset_password.request","timestamp":"2025-12-02T17:11:35.872Z","outcome":"success","userId":"beb53308-539c-48a1-9e7f-5a54d99f3097","email":"5e900ba336023648","ipAddress":"127.0.0.1","userAgent":"unknown","requestId":"e54f7073-70b0-45c3-a227-d6153897c034","metadata":{"tokenId":"1a56b350-32d6-4f6f-aa05-200cad13ab85","tokenCreated":true}}
{"eventId":"5476d27f-664f-4c4f-82ee-848e12caa259","eventType":"auth.reset_password.request","timestamp":"2025-12-02T17:11:35.873Z","outcome":"success","email":"5e900ba336023648","ipAddress":"127.0.0.1","userAgent":"unknown","requestId":"df7c22e7-97e9-4542-aa3a-d62c70816f69"}
[2025-12-02T17:11:35.875Z] [App] [INFO] email.queued {
  jobId: 'ddb6977f-2c8b-4b08-b03c-3058aab6278c',
  userId: 'beb53308-539c-48a1-9e7f-5a54d99f3097',
  tokenId: 'f439226d-d581-4a84-afc9-e2ff1c356b51',
  type: 'password_reset',
  to: 'test-forgot-1764695495849-d3c6188e5bd3f@example.com'
}
{"eventId":"86ea612f-169b-447f-9c0b-e409b1639567","eventType":"auth.reset_password.request","timestamp":"2025-12-02T17:11:35.875Z","outcome":"success","userId":"beb53308-539c-48a1-9e7f-5a54d99f3097","email":"5e900ba336023648","ipAddress":"127.0.0.1","userAgent":"unknown","requestId":"df7c22e7-97e9-4542-aa3a-d62c70816f69","metadata":{"tokenId":"f439226d-d581-4a84-afc9-e2ff1c356b51","tokenCreated":true}}
{"eventId":"a44a3e3d-dbbf-45cc-8f70-052ba4ebeb5f","eventType":"auth.reset_password.request","timestamp":"2025-12-02T17:11:35.876Z","outcome":"success","email":"5e900ba336023648","ipAddress":"127.0.0.1","userAgent":"unknown","requestId":"405939c7-811b-4a1c-83c1-09a259d0240d"}
[2025-12-02T17:11:35.881Z] [App] [INFO] email.queued {
  jobId: 'a63e8112-e7ac-4299-aa2b-de751f2e7e96',
  userId: 'beb53308-539c-48a1-9e7f-5a54d99f3097',
  tokenId: '0b10ef49-a41d-47b3-8417-ea12e1fb3635',
  type: 'password_reset',
  to: 'test-forgot-1764695495849-d3c6188e5bd3f@example.com'
}
{"eventId":"e0702b73-2d21-4759-923e-d57cf0b7db2a","eventType":"auth.reset_password.request","timestamp":"2025-12-02T17:11:35.881Z","outcome":"success","userId":"beb53308-539c-48a1-9e7f-5a54d99f3097","email":"5e900ba336023648","ipAddress":"127.0.0.1","userAgent":"unknown","requestId":"405939c7-811b-4a1c-83c1-09a259d0240d","metadata":{"tokenId":"0b10ef49-a41d-47b3-8417-ea12e1fb3635","tokenCreated":true}}
{"eventId":"afd46422-38f3-47f4-b637-56cc1f6a4500","eventType":"auth.reset_password.request","timestamp":"2025-12-02T17:11:35.882Z","outcome":"success","email":"5e900ba336023648","ipAddress":"127.0.0.1","userAgent":"unknown","requestId":"4eaa94a9-f6c8-4b6b-a4f2-7735e5d6abf4"}
[2025-12-02T17:11:35.884Z] [App] [INFO] email.queued {
  jobId: '884951de-9558-4e3e-967a-ccf072e69555',
  userId: 'beb53308-539c-48a1-9e7f-5a54d99f3097',
  tokenId: '5d05fa76-035a-459f-89f9-ebb066242c8e',
  type: 'password_reset',
  to: 'test-forgot-1764695495849-d3c6188e5bd3f@example.com'
}
{"eventId":"c59cfe05-5ff2-4178-a2ef-0f9fe6a66306","eventType":"auth.reset_password.request","timestamp":"2025-12-02T17:11:35.884Z","outcome":"success","userId":"beb53308-539c-48a1-9e7f-5a54d99f3097","email":"5e900ba336023648","ipAddress":"127.0.0.1","userAgent":"unknown","requestId":"4eaa94a9-f6c8-4b6b-a4f2-7735e5d6abf4","metadata":{"tokenId":"5d05fa76-035a-459f-89f9-ebb066242c8e","tokenCreated":true}}
{"eventId":"991d59f1-7e21-4921-a95c-83b1bb538fe7","eventType":"auth.reset_password.request","timestamp":"2025-12-02T17:11:35.885Z","outcome":"success","email":"5e900ba336023648","ipAddress":"127.0.0.1","userAgent":"unknown","requestId":"e97ed041-418e-4ed4-a14e-3e020deffb77"}
[2025-12-02T17:11:35.892Z] [App] [INFO] email.queued {
  jobId: 'adfba897-0b05-4795-a043-3b605b5e3af5',
  userId: 'beb53308-539c-48a1-9e7f-5a54d99f3097',
  tokenId: '854ecf7f-844d-4496-8514-cb5525cfb4bf',
  type: 'password_reset',
  to: 'test-forgot-1764695495849-d3c6188e5bd3f@example.com'
}
{"eventId":"49948e31-2871-439d-97f3-21a0fcbc3168","eventType":"auth.reset_password.request","timestamp":"2025-12-02T17:11:35.892Z","outcome":"success","userId":"beb53308-539c-48a1-9e7f-5a54d99f3097","email":"5e900ba336023648","ipAddress":"127.0.0.1","userAgent":"unknown","requestId":"e97ed041-418e-4ed4-a14e-3e020deffb77","metadata":{"tokenId":"854ecf7f-844d-4496-8514-cb5525cfb4bf","tokenCreated":true}}
{"eventId":"9fb6c98c-0287-47a7-a7d9-d4a037f0a0a9","eventType":"auth.reset_password.request","timestamp":"2025-12-02T17:11:35.897Z","outcome":"success","email":"5e900ba336023648","ipAddress":"127.0.0.1","userAgent":"unknown","requestId":"2bdfb1cd-1ed7-4f28-a2bb-685df25eafc9"}
[2025-12-02T17:11:35.900Z] [App] [INFO] email.queued {
  jobId: '2c19937c-389e-45e1-a110-c1d0dd3fea52',
  userId: 'beb53308-539c-48a1-9e7f-5a54d99f3097',
  tokenId: 'bf6afa75-c46e-45ad-b8be-9cba8953cfbc',
  type: 'password_reset',
  to: 'test-forgot-1764695495849-d3c6188e5bd3f@example.com'
}
{"eventId":"94200365-04ef-4c06-b330-182bca8c5c61","eventType":"auth.reset_password.request","timestamp":"2025-12-02T17:11:35.900Z","outcome":"success","userId":"beb53308-539c-48a1-9e7f-5a54d99f3097","email":"5e900ba336023648","ipAddress":"127.0.0.1","userAgent":"unknown","requestId":"2bdfb1cd-1ed7-4f28-a2bb-685df25eafc9","metadata":{"tokenId":"bf6afa75-c46e-45ad-b8be-9cba8953cfbc","tokenCreated":true}}
{"eventId":"12e34d53-63a4-4c54-a0d6-8cb978655b07","eventType":"auth.reset_password.request","timestamp":"2025-12-02T17:11:35.906Z","outcome":"success","email":"5e900ba336023648","ipAddress":"127.0.0.1","userAgent":"unknown","requestId":"ce22ba24-d806-4524-9e93-6e1b9d176dcb"}
[2025-12-02T17:11:35.908Z] [App] [INFO] email.queued {
  jobId: '1d6e9c96-901a-46af-936c-9cf3f6e96979',
  userId: 'beb53308-539c-48a1-9e7f-5a54d99f3097',
  tokenId: '3c5ae8c0-4261-4274-86b7-41280e712aac',
  type: 'password_reset',
  to: 'test-forgot-1764695495849-d3c6188e5bd3f@example.com'
}
{"eventId":"9093dbb8-b86d-41be-8281-062a22ff2485","eventType":"auth.reset_password.request","timestamp":"2025-12-02T17:11:35.909Z","outcome":"success","userId":"beb53308-539c-48a1-9e7f-5a54d99f3097","email":"5e900ba336023648","ipAddress":"127.0.0.1","userAgent":"unknown","requestId":"ce22ba24-d806-4524-9e93-6e1b9d176dcb","metadata":{"tokenId":"3c5ae8c0-4261-4274-86b7-41280e712aac","tokenCreated":true}}
{"eventId":"ed493af2-9041-4c5a-b96a-dc7c06c2fb2a","eventType":"auth.reset_password.request","timestamp":"2025-12-02T17:11:35.909Z","outcome":"success","email":"5e900ba336023648","ipAddress":"127.0.0.1","userAgent":"unknown","requestId":"39dbfc8d-23f8-4ef5-bf3a-ae6c21ebd324"}
[2025-12-02T17:11:35.915Z] [App] [INFO] email.queued {
  jobId: 'a08a3755-0fbe-4a21-9578-f5d4839adb98',
  userId: 'beb53308-539c-48a1-9e7f-5a54d99f3097',
  tokenId: 'fce5fcd1-0b43-4e0b-98a1-5620ce60dc57',
  type: 'password_reset',
  to: 'test-forgot-1764695495849-d3c6188e5bd3f@example.com'
}
{"eventId":"ace48533-e0b6-455e-a5d6-f3f42c603275","eventType":"auth.reset_password.request","timestamp":"2025-12-02T17:11:35.915Z","outcome":"success","userId":"beb53308-539c-48a1-9e7f-5a54d99f3097","email":"5e900ba336023648","ipAddress":"127.0.0.1","userAgent":"unknown","requestId":"39dbfc8d-23f8-4ef5-bf3a-ae6c21ebd324","metadata":{"tokenId":"fce5fcd1-0b43-4e0b-98a1-5620ce60dc57","tokenCreated":true}}
{"eventId":"ba28c2e2-e867-460b-93f8-5d5faf5d164a","eventType":"auth.reset_password.request","timestamp":"2025-12-02T17:11:35.916Z","outcome":"success","email":"5e900ba336023648","ipAddress":"127.0.0.1","userAgent":"unknown","requestId":"661d6c8f-93e3-49b0-ba6c-81c3a2cd3bb9"}
[2025-12-02T17:11:35.918Z] [App] [INFO] email.queued {
  jobId: '112970de-4e4c-4517-ae02-bc083e17ebd8',
  userId: 'beb53308-539c-48a1-9e7f-5a54d99f3097',
  tokenId: 'cc6df06f-6ed5-4217-9806-147ef4f0d2f2',
  type: 'password_reset',
  to: 'test-forgot-1764695495849-d3c6188e5bd3f@example.com'
}
{"eventId":"e3299772-c62d-4c18-a978-e3916ab81641","eventType":"auth.reset_password.request","timestamp":"2025-12-02T17:11:35.918Z","outcome":"success","userId":"beb53308-539c-48a1-9e7f-5a54d99f3097","email":"5e900ba336023648","ipAddress":"127.0.0.1","userAgent":"unknown","requestId":"661d6c8f-93e3-49b0-ba6c-81c3a2cd3bb9","metadata":{"tokenId":"cc6df06f-6ed5-4217-9806-147ef4f0d2f2","tokenCreated":true}}
{"eventId":"f17a4e8b-cfe6-48f4-bcf7-2241abb0d872","eventType":"auth.reset_password.request","timestamp":"2025-12-02T17:11:35.926Z","outcome":"success","email":"5e900ba336023648","ipAddress":"127.0.0.1","userAgent":"unknown","requestId":"dab8a26f-a6ff-4053-a6cb-237df545e8ad"}
[2025-12-02T17:11:35.931Z] [App] [INFO] email.queued {
  jobId: 'b4a4f917-3bfe-41b1-9e4d-7ab826da80fa',
  userId: 'beb53308-539c-48a1-9e7f-5a54d99f3097',
  tokenId: '8d8079fe-2519-43d1-859b-6e6bc791c0fa',
  type: 'password_reset',
  to: 'test-forgot-1764695495849-d3c6188e5bd3f@example.com'
}
{"eventId":"1c767690-4e10-4148-87ef-c914ab7a7eac","eventType":"auth.reset_password.request","timestamp":"2025-12-02T17:11:35.931Z","outcome":"success","userId":"beb53308-539c-48a1-9e7f-5a54d99f3097","email":"5e900ba336023648","ipAddress":"127.0.0.1","userAgent":"unknown","requestId":"dab8a26f-a6ff-4053-a6cb-237df545e8ad","metadata":{"tokenId":"8d8079fe-2519-43d1-859b-6e6bc791c0fa","tokenCreated":true}}
{"eventId":"9be9bd11-a55e-4076-93a1-a87c7bc4c0fa","eventType":"auth.reset_password.request","timestamp":"2025-12-02T17:11:35.932Z","outcome":"success","email":"5e900ba336023648","ipAddress":"127.0.0.1","userAgent":"unknown","requestId":"2250ab1e-ec31-4a7b-ba82-9a675c1b9f91"}
[2025-12-02T17:11:35.934Z] [App] [INFO] email.queued {
  jobId: 'a2b938a0-54bc-41d5-bcf8-34ce8b549c09',
  userId: 'beb53308-539c-48a1-9e7f-5a54d99f3097',
  tokenId: 'be085047-4d08-4b48-b389-a4c5ea1e9db6',
  type: 'password_reset',
  to: 'test-forgot-1764695495849-d3c6188e5bd3f@example.com'
}
{"eventId":"deecdda2-251b-478d-afac-0223afdf3cc4","eventType":"auth.reset_password.request","timestamp":"2025-12-02T17:11:35.934Z","outcome":"success","userId":"beb53308-539c-48a1-9e7f-5a54d99f3097","email":"5e900ba336023648","ipAddress":"127.0.0.1","userAgent":"unknown","requestId":"2250ab1e-ec31-4a7b-ba82-9a675c1b9f91","metadata":{"tokenId":"be085047-4d08-4b48-b389-a4c5ea1e9db6","tokenCreated":true}}
{"eventId":"bc2ee1e2-c1b7-4d78-b4f2-f14f988b0644","eventType":"auth.reset_password.request","timestamp":"2025-12-02T17:11:35.935Z","outcome":"success","email":"5e900ba336023648","ipAddress":"127.0.0.1","userAgent":"unknown","requestId":"bd2ca34b-4eb3-41bd-93a1-ab49828528e2"}
[2025-12-02T17:11:35.937Z] [App] [INFO] email.queued {
  jobId: '6cba6c07-3a06-4cea-b081-266aba447442',
  userId: 'beb53308-539c-48a1-9e7f-5a54d99f3097',
  tokenId: '90da84c9-a6f5-4097-bec1-d6622591b10f',
  type: 'password_reset',
  to: 'test-forgot-1764695495849-d3c6188e5bd3f@example.com'
}
{"eventId":"923d366f-206d-452c-aba0-ea25691ebac1","eventType":"auth.reset_password.request","timestamp":"2025-12-02T17:11:35.937Z","outcome":"success","userId":"beb53308-539c-48a1-9e7f-5a54d99f3097","email":"5e900ba336023648","ipAddress":"127.0.0.1","userAgent":"unknown","requestId":"bd2ca34b-4eb3-41bd-93a1-ab49828528e2","metadata":{"tokenId":"90da84c9-a6f5-4097-bec1-d6622591b10f","tokenCreated":true}}
{"eventId":"52952fae-3617-459a-805f-f72174dae898","eventType":"auth.reset_password.request","timestamp":"2025-12-02T17:11:35.938Z","outcome":"success","email":"5e900ba336023648","ipAddress":"127.0.0.1","userAgent":"unknown","requestId":"47f0afef-3c46-4ada-bb0d-b40c428adb13"}
[2025-12-02T17:11:35.941Z] [App] [INFO] email.queued {
  jobId: '8b5e0c4e-10d6-4026-9613-3165a8792fc3',
  userId: 'beb53308-539c-48a1-9e7f-5a54d99f3097',
  tokenId: 'c1f8fdd4-68be-4917-901d-62b7e67e0d06',
  type: 'password_reset',
  to: 'test-forgot-1764695495849-d3c6188e5bd3f@example.com'
}
{"eventId":"0e6fd8f7-19d3-4e41-930c-1b07eb69a796","eventType":"auth.reset_password.request","timestamp":"2025-12-02T17:11:35.941Z","outcome":"success","userId":"beb53308-539c-48a1-9e7f-5a54d99f3097","email":"5e900ba336023648","ipAddress":"127.0.0.1","userAgent":"unknown","requestId":"47f0afef-3c46-4ada-bb0d-b40c428adb13","metadata":{"tokenId":"c1f8fdd4-68be-4917-901d-62b7e67e0d06","tokenCreated":true}}
{"eventId":"16b166e6-3564-45a3-9f99-064927187b44","eventType":"auth.reset_password.request","timestamp":"2025-12-02T17:11:35.942Z","outcome":"success","email":"5e900ba336023648","ipAddress":"127.0.0.1","userAgent":"unknown","requestId":"6844c01a-a79d-4a86-a86d-bb7cf4723358"}
[2025-12-02T17:11:35.945Z] [App] [INFO] email.queued {
  jobId: '730ddbca-9df8-4504-8c11-9737f2c3cb64',
  userId: 'beb53308-539c-48a1-9e7f-5a54d99f3097',
  tokenId: '5b9ea36e-3270-4200-ac2e-f6f52830e18c',
  type: 'password_reset',
  to: 'test-forgot-1764695495849-d3c6188e5bd3f@example.com'
}
{"eventId":"a66adcee-b7b8-451b-88e0-b9078656339f","eventType":"auth.reset_password.request","timestamp":"2025-12-02T17:11:35.945Z","outcome":"success","userId":"beb53308-539c-48a1-9e7f-5a54d99f3097","email":"5e900ba336023648","ipAddress":"127.0.0.1","userAgent":"unknown","requestId":"6844c01a-a79d-4a86-a86d-bb7cf4723358","metadata":{"tokenId":"5b9ea36e-3270-4200-ac2e-f6f52830e18c","tokenCreated":true}}
{"eventId":"cfcecd86-f9a8-4307-a95e-84cb92a91d1c","eventType":"auth.reset_password.request","timestamp":"2025-12-02T17:11:35.947Z","outcome":"success","email":"5e900ba336023648","ipAddress":"127.0.0.1","userAgent":"unknown","requestId":"31089a30-fa06-49de-980b-dde580b169c1"}
[2025-12-02T17:11:35.950Z] [App] [INFO] email.queued {
  jobId: '19d05ddc-e12d-4963-8cbb-d8f5ec75db06',
  userId: 'beb53308-539c-48a1-9e7f-5a54d99f3097',
  tokenId: 'fbe56794-5d4c-495d-b82c-d29746a855d8',
  type: 'password_reset',
  to: 'test-forgot-1764695495849-d3c6188e5bd3f@example.com'
}
{"eventId":"c63430e0-57e5-4f98-9331-684eb1b9577e","eventType":"auth.reset_password.request","timestamp":"2025-12-02T17:11:35.950Z","outcome":"success","userId":"beb53308-539c-48a1-9e7f-5a54d99f3097","email":"5e900ba336023648","ipAddress":"127.0.0.1","userAgent":"unknown","requestId":"31089a30-fa06-49de-980b-dde580b169c1","metadata":{"tokenId":"fbe56794-5d4c-495d-b82c-d29746a855d8","tokenCreated":true}}
{"eventId":"1496a6e8-d592-4bae-a4a2-011cd1b48cb2","eventType":"auth.reset_password.request","timestamp":"2025-12-02T17:11:35.951Z","outcome":"success","email":"5e900ba336023648","ipAddress":"127.0.0.1","userAgent":"unknown","requestId":"c6208672-511d-42de-8237-8b29630fccd2"}
[2025-12-02T17:11:35.952Z] [App] [INFO] email.queued {
  jobId: '7d61d2ed-2ba3-4e24-bd10-46b16bc0b872',
  userId: 'beb53308-539c-48a1-9e7f-5a54d99f3097',
  tokenId: '6cedc3cc-6901-4ee9-a59d-e7d0d3cb70fb',
  type: 'password_reset',
  to: 'test-forgot-1764695495849-d3c6188e5bd3f@example.com'
}
{"eventId":"fef5a7a4-f984-4cd2-8ac7-b41794b037c9","eventType":"auth.reset_password.request","timestamp":"2025-12-02T17:11:35.952Z","outcome":"success","userId":"beb53308-539c-48a1-9e7f-5a54d99f3097","email":"5e900ba336023648","ipAddress":"127.0.0.1","userAgent":"unknown","requestId":"c6208672-511d-42de-8237-8b29630fccd2","metadata":{"tokenId":"6cedc3cc-6901-4ee9-a59d-e7d0d3cb70fb","tokenCreated":true}}
{"eventId":"aa2c9e4a-397d-4953-b12c-79cb5f8f89b4","eventType":"auth.reset_password.request","timestamp":"2025-12-02T17:11:35.953Z","outcome":"success","email":"5e900ba336023648","ipAddress":"127.0.0.1","userAgent":"unknown","requestId":"3843e4b3-c7e2-4205-bab0-859a8df1b321"}
[2025-12-02T17:11:36.021Z] [App] [INFO] email.queued {
  jobId: '636b604f-360c-4bb7-aeaf-bf04aedb7fb7',
  userId: 'beb53308-539c-48a1-9e7f-5a54d99f3097',
  tokenId: '69ed64aa-e2a5-437b-959f-af5a8d8892a4',
  type: 'password_reset',
  to: 'test-forgot-1764695495849-d3c6188e5bd3f@example.com'
}
{"eventId":"d3ddfa57-598f-4916-9108-918dae2cdf74","eventType":"auth.reset_password.request","timestamp":"2025-12-02T17:11:36.021Z","outcome":"success","userId":"beb53308-539c-48a1-9e7f-5a54d99f3097","email":"5e900ba336023648","ipAddress":"127.0.0.1","userAgent":"unknown","requestId":"3843e4b3-c7e2-4205-bab0-859a8df1b321","metadata":{"tokenId":"69ed64aa-e2a5-437b-959f-af5a8d8892a4","tokenCreated":true}}
{"eventId":"7457347d-c80c-40dd-a964-7a94222975c3","eventType":"auth.reset_password.request","timestamp":"2025-12-02T17:11:36.033Z","outcome":"success","email":"5e900ba336023648","ipAddress":"127.0.0.1","userAgent":"unknown","requestId":"78c46515-35a4-454d-846c-e9b596c701fb"}
[2025-12-02T17:11:36.060Z] [App] [INFO] email.queued {
  jobId: '47fadcf3-defa-46b0-80f4-7a220d4ece90',
  userId: 'beb53308-539c-48a1-9e7f-5a54d99f3097',
  tokenId: '492f3836-3d15-4969-864c-a538e772da5b',
  type: 'password_reset',
  to: 'test-forgot-1764695495849-d3c6188e5bd3f@example.com'
}
{"eventId":"ffd7a1b2-7ef8-4896-9730-4d84bb59aa03","eventType":"auth.reset_password.request","timestamp":"2025-12-02T17:11:36.060Z","outcome":"success","userId":"beb53308-539c-48a1-9e7f-5a54d99f3097","email":"5e900ba336023648","ipAddress":"127.0.0.1","userAgent":"unknown","requestId":"78c46515-35a4-454d-846c-e9b596c701fb","metadata":{"tokenId":"492f3836-3d15-4969-864c-a538e772da5b","tokenCreated":true}}
{"eventId":"0160ec68-c924-4c85-9b0d-814dbf2b615d","eventType":"auth.reset_password.request","timestamp":"2025-12-02T17:11:36.067Z","outcome":"success","email":"5e900ba336023648","ipAddress":"127.0.0.1","userAgent":"unknown","requestId":"af47b11f-5f38-42e4-a82f-f6252e2b1f58"}
[2025-12-02T17:11:36.073Z] [App] [INFO] email.queued {
  jobId: '3573def7-2b66-45d3-ab6f-bd9a416b5f30',
  userId: 'beb53308-539c-48a1-9e7f-5a54d99f3097',
  tokenId: '38754741-daca-4067-ae94-0371b6c068e4',
  type: 'password_reset',
  to: 'test-forgot-1764695495849-d3c6188e5bd3f@example.com'
}
{"eventId":"a326f184-491a-471a-97ea-8ef660260815","eventType":"auth.reset_password.request","timestamp":"2025-12-02T17:11:36.073Z","outcome":"success","userId":"beb53308-539c-48a1-9e7f-5a54d99f3097","email":"5e900ba336023648","ipAddress":"127.0.0.1","userAgent":"unknown","requestId":"af47b11f-5f38-42e4-a82f-f6252e2b1f58","metadata":{"tokenId":"38754741-daca-4067-ae94-0371b6c068e4","tokenCreated":true}}
{"eventId":"cadb3e31-4a0e-4f6c-a9c2-461abd9ed5a9","eventType":"auth.reset_password.request","timestamp":"2025-12-02T17:11:36.075Z","outcome":"success","email":"5e900ba336023648","ipAddress":"127.0.0.1","userAgent":"unknown","requestId":"f34d9091-c362-4a89-aaec-249f92ad9160"}
[2025-12-02T17:11:36.078Z] [App] [INFO] email.queued {
  jobId: 'b3ce674f-2dd3-4aa6-aebc-e5bb46699594',
  userId: 'beb53308-539c-48a1-9e7f-5a54d99f3097',
  tokenId: '98a70fa5-baaf-40d5-8b16-57cc134194e9',
  type: 'password_reset',
  to: 'test-forgot-1764695495849-d3c6188e5bd3f@example.com'
}
{"eventId":"b7b7e1a7-6509-4bc7-a868-8a78b7f90e8c","eventType":"auth.reset_password.request","timestamp":"2025-12-02T17:11:36.082Z","outcome":"success","userId":"beb53308-539c-48a1-9e7f-5a54d99f3097","email":"5e900ba336023648","ipAddress":"127.0.0.1","userAgent":"unknown","requestId":"f34d9091-c362-4a89-aaec-249f92ad9160","metadata":{"tokenId":"98a70fa5-baaf-40d5-8b16-57cc134194e9","tokenCreated":true}}
{"eventId":"85368ed7-ac11-4860-90b8-813b20923987","eventType":"auth.reset_password.request","timestamp":"2025-12-02T17:11:36.085Z","outcome":"success","email":"5e900ba336023648","ipAddress":"127.0.0.1","userAgent":"unknown","requestId":"1ebfb199-6ec3-426e-815c-e4bd15fc8ca9"}
[2025-12-02T17:11:36.091Z] [App] [INFO] email.queued {
  jobId: '8fffa9bc-f002-4367-bf68-3298867094ac',
  userId: 'beb53308-539c-48a1-9e7f-5a54d99f3097',
  tokenId: 'feef2147-e098-409b-93b7-f2d968e32da1',
  type: 'password_reset',
  to: 'test-forgot-1764695495849-d3c6188e5bd3f@example.com'
}
{"eventId":"a61a8f7f-4366-4ca9-9594-c22f9c08e2d3","eventType":"auth.reset_password.request","timestamp":"2025-12-02T17:11:36.092Z","outcome":"success","userId":"beb53308-539c-48a1-9e7f-5a54d99f3097","email":"5e900ba336023648","ipAddress":"127.0.0.1","userAgent":"unknown","requestId":"1ebfb199-6ec3-426e-815c-e4bd15fc8ca9","metadata":{"tokenId":"feef2147-e098-409b-93b7-f2d968e32da1","tokenCreated":true}}
{"eventId":"7ce29305-33ce-4770-b52b-a5612ff920df","eventType":"auth.reset_password.request","timestamp":"2025-12-02T17:11:36.093Z","outcome":"success","email":"5e900ba336023648","ipAddress":"127.0.0.1","userAgent":"unknown","requestId":"4fd8ea91-94cd-45f0-a14e-ac362c54acfb"}
[2025-12-02T17:11:36.095Z] [App] [INFO] email.queued {
  jobId: 'b86287dd-8042-4ea4-8fa6-03c0f4f8a6a7',
  userId: 'beb53308-539c-48a1-9e7f-5a54d99f3097',
  tokenId: '61f77189-192d-4605-8680-f8af7f0478fa',
  type: 'password_reset',
  to: 'test-forgot-1764695495849-d3c6188e5bd3f@example.com'
}
{"eventId":"3e54dd6b-7e47-411c-bf60-8c4c8513fd3d","eventType":"auth.reset_password.request","timestamp":"2025-12-02T17:11:36.095Z","outcome":"success","userId":"beb53308-539c-48a1-9e7f-5a54d99f3097","email":"5e900ba336023648","ipAddress":"127.0.0.1","userAgent":"unknown","requestId":"4fd8ea91-94cd-45f0-a14e-ac362c54acfb","metadata":{"tokenId":"61f77189-192d-4605-8680-f8af7f0478fa","tokenCreated":true}}
{"eventId":"32755e8f-4525-493b-b64e-3805e2896169","eventType":"auth.reset_password.request","timestamp":"2025-12-02T17:11:36.096Z","outcome":"success","email":"5e900ba336023648","ipAddress":"127.0.0.1","userAgent":"unknown","requestId":"ca538475-c50a-46f3-8b6f-23fe8d28ad59"}
[2025-12-02T17:11:36.100Z] [App] [INFO] email.queued {
  jobId: 'dd75a1a9-fb62-4832-802f-2810cd473243',
  userId: 'beb53308-539c-48a1-9e7f-5a54d99f3097',
  tokenId: '0665de30-b831-4738-9670-61462aa2b60b',
  type: 'password_reset',
  to: 'test-forgot-1764695495849-d3c6188e5bd3f@example.com'
}
{"eventId":"7e535a25-1747-4566-9dd8-3086a1372b22","eventType":"auth.reset_password.request","timestamp":"2025-12-02T17:11:36.100Z","outcome":"success","userId":"beb53308-539c-48a1-9e7f-5a54d99f3097","email":"5e900ba336023648","ipAddress":"127.0.0.1","userAgent":"unknown","requestId":"ca538475-c50a-46f3-8b6f-23fe8d28ad59","metadata":{"tokenId":"0665de30-b831-4738-9670-61462aa2b60b","tokenCreated":true}}
{"eventId":"c94c37b2-21cf-4eeb-ad7b-cf7f74c3dc54","eventType":"auth.reset_password.request","timestamp":"2025-12-02T17:11:36.101Z","outcome":"success","email":"5e900ba336023648","ipAddress":"127.0.0.1","userAgent":"unknown","requestId":"8307703a-ac41-4407-8bb1-fefb66212ef4"}
[2025-12-02T17:11:36.116Z] [App] [INFO] email.queued {
  jobId: '359dd11c-c553-4c2b-bdd4-fa42f331607e',
  userId: 'beb53308-539c-48a1-9e7f-5a54d99f3097',
  tokenId: '0af1f427-93f0-4dec-b17a-3bed4a47c77d',
  type: 'password_reset',
  to: 'test-forgot-1764695495849-d3c6188e5bd3f@example.com'
}
{"eventId":"9f6eaa08-e89b-4ec1-bafa-6cc989fe6384","eventType":"auth.reset_password.request","timestamp":"2025-12-02T17:11:36.116Z","outcome":"success","userId":"beb53308-539c-48a1-9e7f-5a54d99f3097","email":"5e900ba336023648","ipAddress":"127.0.0.1","userAgent":"unknown","requestId":"8307703a-ac41-4407-8bb1-fefb66212ef4","metadata":{"tokenId":"0af1f427-93f0-4dec-b17a-3bed4a47c77d","tokenCreated":true}}
{"eventId":"fb5a01be-9d13-45e9-9be3-d99d22da2b03","eventType":"auth.reset_password.request","timestamp":"2025-12-02T17:11:36.118Z","outcome":"success","email":"5e900ba336023648","ipAddress":"127.0.0.1","userAgent":"unknown","requestId":"823d571d-c8d7-4fc6-8046-b3498507552a"}
[2025-12-02T17:11:36.120Z] [App] [INFO] email.queued {
  jobId: '99a752b9-0215-436a-ae39-84581eb0387b',
  userId: 'beb53308-539c-48a1-9e7f-5a54d99f3097',
  tokenId: 'a58759fd-956d-4b6d-bf32-357d1dfde7ae',
  type: 'password_reset',
  to: 'test-forgot-1764695495849-d3c6188e5bd3f@example.com'
}
{"eventId":"90c481ee-c0b7-468a-af8c-620ba0f31dfe","eventType":"auth.reset_password.request","timestamp":"2025-12-02T17:11:36.120Z","outcome":"success","userId":"beb53308-539c-48a1-9e7f-5a54d99f3097","email":"5e900ba336023648","ipAddress":"127.0.0.1","userAgent":"unknown","requestId":"823d571d-c8d7-4fc6-8046-b3498507552a","metadata":{"tokenId":"a58759fd-956d-4b6d-bf32-357d1dfde7ae","tokenCreated":true}}
{"eventId":"56ff2686-7807-4861-863e-83cd05c50ec3","eventType":"auth.reset_password.request","timestamp":"2025-12-02T17:11:36.121Z","outcome":"success","email":"5e900ba336023648","ipAddress":"127.0.0.1","userAgent":"unknown","requestId":"3d97ece0-8018-4de5-afe1-648fc3f4d11c"}
[2025-12-02T17:11:36.124Z] [App] [INFO] email.queued {
  jobId: 'd07e5e7d-a51a-4c14-bad5-5b5f0ac64d14',
  userId: 'beb53308-539c-48a1-9e7f-5a54d99f3097',
  tokenId: '310a540d-98ac-4429-8e40-276b204d1a79',
  type: 'password_reset',
  to: 'test-forgot-1764695495849-d3c6188e5bd3f@example.com'
}
{"eventId":"d8712149-829f-467a-99a6-4ae1e6ca0ade","eventType":"auth.reset_password.request","timestamp":"2025-12-02T17:11:36.124Z","outcome":"success","userId":"beb53308-539c-48a1-9e7f-5a54d99f3097","email":"5e900ba336023648","ipAddress":"127.0.0.1","userAgent":"unknown","requestId":"3d97ece0-8018-4de5-afe1-648fc3f4d11c","metadata":{"tokenId":"310a540d-98ac-4429-8e40-276b204d1a79","tokenCreated":true}}
{"eventId":"a4637480-4e86-461b-9abf-f8172246385b","eventType":"auth.reset_password.request","timestamp":"2025-12-02T17:11:36.125Z","outcome":"success","email":"5e900ba336023648","ipAddress":"127.0.0.1","userAgent":"unknown","requestId":"dc0d8a57-18ad-42c5-a95d-d8c766738eab"}
[2025-12-02T17:11:36.127Z] [App] [INFO] email.queued {
  jobId: '4af0199f-7d7d-476d-a893-47a69a60bf64',
  userId: 'beb53308-539c-48a1-9e7f-5a54d99f3097',
  tokenId: 'f26b23bb-d8da-4880-b2ae-9104d89a5c80',
  type: 'password_reset',
  to: 'test-forgot-1764695495849-d3c6188e5bd3f@example.com'
}
{"eventId":"1ddd2f10-62f7-4264-a3d5-8fd6cb45c7d0","eventType":"auth.reset_password.request","timestamp":"2025-12-02T17:11:36.127Z","outcome":"success","userId":"beb53308-539c-48a1-9e7f-5a54d99f3097","email":"5e900ba336023648","ipAddress":"127.0.0.1","userAgent":"unknown","requestId":"dc0d8a57-18ad-42c5-a95d-d8c766738eab","metadata":{"tokenId":"f26b23bb-d8da-4880-b2ae-9104d89a5c80","tokenCreated":true}}
{"eventId":"74b569e9-6dcc-4f92-b1c8-75183149f4d6","eventType":"auth.reset_password.request","timestamp":"2025-12-02T17:11:36.130Z","outcome":"success","email":"5e900ba336023648","ipAddress":"127.0.0.1","userAgent":"unknown","requestId":"4b1621a8-9fad-4f17-9894-bb7d21c9c1db"}
[2025-12-02T17:11:36.132Z] [App] [INFO] email.queued {
  jobId: '11ece8eb-a739-4e58-b154-2b2827ba639f',
  userId: 'beb53308-539c-48a1-9e7f-5a54d99f3097',
  tokenId: '69c718e6-0de6-46f6-98e8-bdb70577b41a',
  type: 'password_reset',
  to: 'test-forgot-1764695495849-d3c6188e5bd3f@example.com'
}
{"eventId":"d600a5eb-14b4-4b76-9e2d-2b354e278c49","eventType":"auth.reset_password.request","timestamp":"2025-12-02T17:11:36.132Z","outcome":"success","userId":"beb53308-539c-48a1-9e7f-5a54d99f3097","email":"5e900ba336023648","ipAddress":"127.0.0.1","userAgent":"unknown","requestId":"4b1621a8-9fad-4f17-9894-bb7d21c9c1db","metadata":{"tokenId":"69c718e6-0de6-46f6-98e8-bdb70577b41a","tokenCreated":true}}
{"eventId":"eb55c6d6-6e68-4bbc-9b1e-868071a148ef","eventType":"auth.reset_password.request","timestamp":"2025-12-02T17:11:36.133Z","outcome":"success","email":"5e900ba336023648","ipAddress":"127.0.0.1","userAgent":"unknown","requestId":"32064910-3dca-4eda-8bb0-08f667b707b3"}
[2025-12-02T17:11:36.140Z] [App] [INFO] email.queued {
  jobId: 'cc407647-9248-4db4-86b5-9cd659f4db64',
  userId: 'beb53308-539c-48a1-9e7f-5a54d99f3097',
  tokenId: '83995244-4b06-4325-8c94-5eba705e2173',
  type: 'password_reset',
  to: 'test-forgot-1764695495849-d3c6188e5bd3f@example.com'
}
{"eventId":"9d083ac0-6b37-485a-b9e2-b18eb99a4486","eventType":"auth.reset_password.request","timestamp":"2025-12-02T17:11:36.140Z","outcome":"success","userId":"beb53308-539c-48a1-9e7f-5a54d99f3097","email":"5e900ba336023648","ipAddress":"127.0.0.1","userAgent":"unknown","requestId":"32064910-3dca-4eda-8bb0-08f667b707b3","metadata":{"tokenId":"83995244-4b06-4325-8c94-5eba705e2173","tokenCreated":true}}
{"eventId":"f6b7b7d9-c91d-4790-ade8-e4fa6aa6d5f8","eventType":"auth.reset_password.request","timestamp":"2025-12-02T17:11:36.142Z","outcome":"success","email":"5e900ba336023648","ipAddress":"127.0.0.1","userAgent":"unknown","requestId":"b9089e4e-527a-4bb6-b7a7-ba8554ebe478"}
[2025-12-02T17:11:36.144Z] [App] [INFO] email.queued {
  jobId: '2872023e-cdc8-493b-8627-de11ca7d909f',
  userId: 'beb53308-539c-48a1-9e7f-5a54d99f3097',
  tokenId: '1c43f11c-8451-453e-9f62-291918f7d692',
  type: 'password_reset',
  to: 'test-forgot-1764695495849-d3c6188e5bd3f@example.com'
}
{"eventId":"45ed99aa-4863-4661-bdad-b3d2f8c416b4","eventType":"auth.reset_password.request","timestamp":"2025-12-02T17:11:36.144Z","outcome":"success","userId":"beb53308-539c-48a1-9e7f-5a54d99f3097","email":"5e900ba336023648","ipAddress":"127.0.0.1","userAgent":"unknown","requestId":"b9089e4e-527a-4bb6-b7a7-ba8554ebe478","metadata":{"tokenId":"1c43f11c-8451-453e-9f62-291918f7d692","tokenCreated":true}}
{"eventId":"635dfc3b-1f66-46ff-b933-95f157fb2314","eventType":"auth.reset_password.request","timestamp":"2025-12-02T17:11:36.146Z","outcome":"success","email":"5e900ba336023648","ipAddress":"127.0.0.1","userAgent":"unknown","requestId":"2da8cebf-84aa-450d-8944-d85fbb9b7f5c"}
[2025-12-02T17:11:36.149Z] [App] [INFO] email.queued {
  jobId: '58b03045-5d25-46f2-aedc-046b89da944f',
  userId: 'beb53308-539c-48a1-9e7f-5a54d99f3097',
  tokenId: 'b5fc194b-c827-4e6f-8ace-b137c2073b30',
  type: 'password_reset',
  to: 'test-forgot-1764695495849-d3c6188e5bd3f@example.com'
}
{"eventId":"e646e66a-d4c4-4299-9ea3-e34fad707a2c","eventType":"auth.reset_password.request","timestamp":"2025-12-02T17:11:36.149Z","outcome":"success","userId":"beb53308-539c-48a1-9e7f-5a54d99f3097","email":"5e900ba336023648","ipAddress":"127.0.0.1","userAgent":"unknown","requestId":"2da8cebf-84aa-450d-8944-d85fbb9b7f5c","metadata":{"tokenId":"b5fc194b-c827-4e6f-8ace-b137c2073b30","tokenCreated":true}}
{"eventId":"a9208e7b-2ec0-4839-a25a-1f919cc7468c","eventType":"auth.reset_password.request","timestamp":"2025-12-02T17:11:36.150Z","outcome":"success","email":"5e900ba336023648","ipAddress":"127.0.0.1","userAgent":"unknown","requestId":"d2b3f0dc-2162-4507-956d-2d0ddb96671e"}
[2025-12-02T17:11:36.152Z] [App] [INFO] email.queued {
  jobId: '72b7685b-9160-4965-8cbb-5f0c5181b5cf',
  userId: 'beb53308-539c-48a1-9e7f-5a54d99f3097',
  tokenId: '11cc8463-0bb7-45bb-8495-a5dab653af02',
  type: 'password_reset',
  to: 'test-forgot-1764695495849-d3c6188e5bd3f@example.com'
}
{"eventId":"01a8f325-436b-4f4c-a8b0-07ca8a9bc43e","eventType":"auth.reset_password.request","timestamp":"2025-12-02T17:11:36.152Z","outcome":"success","userId":"beb53308-539c-48a1-9e7f-5a54d99f3097","email":"5e900ba336023648","ipAddress":"127.0.0.1","userAgent":"unknown","requestId":"d2b3f0dc-2162-4507-956d-2d0ddb96671e","metadata":{"tokenId":"11cc8463-0bb7-45bb-8495-a5dab653af02","tokenCreated":true}}
{"eventId":"01450876-d6a5-4fce-be47-ce37f718ea31","eventType":"auth.reset_password.request","timestamp":"2025-12-02T17:11:36.154Z","outcome":"success","email":"5e900ba336023648","ipAddress":"127.0.0.1","userAgent":"unknown","requestId":"48d65e31-5cf9-47ae-b630-78244923637d"}
[2025-12-02T17:11:36.157Z] [App] [INFO] email.queued {
  jobId: '6e99f009-7348-4a69-8270-12cc1f67458e',
  userId: 'beb53308-539c-48a1-9e7f-5a54d99f3097',
  tokenId: '490fc513-b654-479c-86db-c9dfb3b77ed5',
  type: 'password_reset',
  to: 'test-forgot-1764695495849-d3c6188e5bd3f@example.com'
}
{"eventId":"22f74d54-cf4e-4cd5-a982-f3912a8f7726","eventType":"auth.reset_password.request","timestamp":"2025-12-02T17:11:36.157Z","outcome":"success","userId":"beb53308-539c-48a1-9e7f-5a54d99f3097","email":"5e900ba336023648","ipAddress":"127.0.0.1","userAgent":"unknown","requestId":"48d65e31-5cf9-47ae-b630-78244923637d","metadata":{"tokenId":"490fc513-b654-479c-86db-c9dfb3b77ed5","tokenCreated":true}}
{"eventId":"ca68ecc3-4698-44a0-8e1c-1dd1e8151525","eventType":"auth.reset_password.request","timestamp":"2025-12-02T17:11:36.159Z","outcome":"success","email":"5e900ba336023648","ipAddress":"127.0.0.1","userAgent":"unknown","requestId":"ecc4a81e-496c-4d92-a20c-577700958d3f"}
[2025-12-02T17:11:36.163Z] [App] [INFO] email.queued {
  jobId: '77459fc3-dc88-46ac-8097-6339a7060f9a',
  userId: 'beb53308-539c-48a1-9e7f-5a54d99f3097',
  tokenId: '609d58ab-0f4e-44f3-afbd-31ecbf5aa257',
  type: 'password_reset',
  to: 'test-forgot-1764695495849-d3c6188e5bd3f@example.com'
}
{"eventId":"9f8b9dfc-5f96-430b-a019-8c35fdf80238","eventType":"auth.reset_password.request","timestamp":"2025-12-02T17:11:36.163Z","outcome":"success","userId":"beb53308-539c-48a1-9e7f-5a54d99f3097","email":"5e900ba336023648","ipAddress":"127.0.0.1","userAgent":"unknown","requestId":"ecc4a81e-496c-4d92-a20c-577700958d3f","metadata":{"tokenId":"609d58ab-0f4e-44f3-afbd-31ecbf5aa257","tokenCreated":true}}
{"eventId":"9d5a954e-773f-4f96-8c79-5da88906d14b","eventType":"auth.reset_password.request","timestamp":"2025-12-02T17:11:36.164Z","outcome":"success","email":"5e900ba336023648","ipAddress":"127.0.0.1","userAgent":"unknown","requestId":"12dc0302-aa93-437f-9cc4-e5a7d513e2c4"}
[2025-12-02T17:11:36.166Z] [App] [INFO] email.queued {
  jobId: '3c0bf4e8-b874-403f-acda-5335b78e296e',
  userId: 'beb53308-539c-48a1-9e7f-5a54d99f3097',
  tokenId: '7ec01559-b3cb-4f7c-95ff-6801d25b1677',
  type: 'password_reset',
  to: 'test-forgot-1764695495849-d3c6188e5bd3f@example.com'
}
{"eventId":"801e9972-220e-4349-82b8-ac576a6048a7","eventType":"auth.reset_password.request","timestamp":"2025-12-02T17:11:36.166Z","outcome":"success","userId":"beb53308-539c-48a1-9e7f-5a54d99f3097","email":"5e900ba336023648","ipAddress":"127.0.0.1","userAgent":"unknown","requestId":"12dc0302-aa93-437f-9cc4-e5a7d513e2c4","metadata":{"tokenId":"7ec01559-b3cb-4f7c-95ff-6801d25b1677","tokenCreated":true}}
{"eventId":"f08986da-b9d4-4d27-88e1-6a2815516e93","eventType":"auth.reset_password.request","timestamp":"2025-12-02T17:11:36.167Z","outcome":"success","email":"5e900ba336023648","ipAddress":"127.0.0.1","userAgent":"unknown","requestId":"bca0995a-a87d-4681-bf84-2816623963b5"}
[2025-12-02T17:11:36.169Z] [App] [INFO] email.queued {
  jobId: 'ca86791c-68f8-4a52-ac74-50ee0bb2ae6e',
  userId: 'beb53308-539c-48a1-9e7f-5a54d99f3097',
  tokenId: '2fc48930-916a-49f6-8c03-b62cc3e45947',
  type: 'password_reset',
  to: 'test-forgot-1764695495849-d3c6188e5bd3f@example.com'
}
{"eventId":"d26a2ecc-c281-4c6d-bc3c-9f787503f196","eventType":"auth.reset_password.request","timestamp":"2025-12-02T17:11:36.169Z","outcome":"success","userId":"beb53308-539c-48a1-9e7f-5a54d99f3097","email":"5e900ba336023648","ipAddress":"127.0.0.1","userAgent":"unknown","requestId":"bca0995a-a87d-4681-bf84-2816623963b5","metadata":{"tokenId":"2fc48930-916a-49f6-8c03-b62cc3e45947","tokenCreated":true}}
{"eventId":"f81c83c2-ce49-4c73-871e-37a257a056a1","eventType":"auth.reset_password.request","timestamp":"2025-12-02T17:11:36.170Z","outcome":"success","email":"5e900ba336023648","ipAddress":"127.0.0.1","userAgent":"unknown","requestId":"7977027a-bccd-4fd6-b628-81c8aee17547"}
[2025-12-02T17:11:36.171Z] [App] [INFO] email.queued {
  jobId: '9428d237-1695-46cb-b506-92bfeeaf681f',
  userId: 'beb53308-539c-48a1-9e7f-5a54d99f3097',
  tokenId: '6b93f307-eb46-4c31-8293-c744714ecce6',
  type: 'password_reset',
  to: 'test-forgot-1764695495849-d3c6188e5bd3f@example.com'
}
{"eventId":"79a03f5a-e720-4685-951c-d9cda91a1d9c","eventType":"auth.reset_password.request","timestamp":"2025-12-02T17:11:36.171Z","outcome":"success","userId":"beb53308-539c-48a1-9e7f-5a54d99f3097","email":"5e900ba336023648","ipAddress":"127.0.0.1","userAgent":"unknown","requestId":"7977027a-bccd-4fd6-b628-81c8aee17547","metadata":{"tokenId":"6b93f307-eb46-4c31-8293-c744714ecce6","tokenCreated":true}}
{"eventId":"662bf27c-a04e-4174-9923-fd965d2d1b69","eventType":"auth.reset_password.request","timestamp":"2025-12-02T17:11:36.172Z","outcome":"success","email":"5e900ba336023648","ipAddress":"127.0.0.1","userAgent":"unknown","requestId":"157e0cfb-4dda-4451-8c7e-cddcc1cea43b"}
[2025-12-02T17:11:36.173Z] [App] [INFO] email.queued {
  jobId: '0e121d88-635e-4f14-9ab1-786000139830',
  userId: 'beb53308-539c-48a1-9e7f-5a54d99f3097',
  tokenId: 'bb19884f-00c4-4cee-8127-30214d9cd9b2',
  type: 'password_reset',
  to: 'test-forgot-1764695495849-d3c6188e5bd3f@example.com'
}
{"eventId":"77ac5d6c-0b68-4db2-987e-72a40e16f915","eventType":"auth.reset_password.request","timestamp":"2025-12-02T17:11:36.173Z","outcome":"success","userId":"beb53308-539c-48a1-9e7f-5a54d99f3097","email":"5e900ba336023648","ipAddress":"127.0.0.1","userAgent":"unknown","requestId":"157e0cfb-4dda-4451-8c7e-cddcc1cea43b","metadata":{"tokenId":"bb19884f-00c4-4cee-8127-30214d9cd9b2","tokenCreated":true}}
{"eventId":"cdf02c89-0521-413b-9b4e-71227dbafd75","eventType":"auth.reset_password.request","timestamp":"2025-12-02T17:11:36.174Z","outcome":"success","email":"5e900ba336023648","ipAddress":"127.0.0.1","userAgent":"unknown","requestId":"98728e2b-077b-4f2d-b533-8c6d7f6e3367"}
[2025-12-02T17:11:36.175Z] [App] [INFO] email.queued {
  jobId: '31d7de93-61ad-45f2-a3e0-2ce34aea55c6',
  userId: 'beb53308-539c-48a1-9e7f-5a54d99f3097',
  tokenId: '53c00d30-6a46-4013-b641-9c06edd054da',
  type: 'password_reset',
  to: 'test-forgot-1764695495849-d3c6188e5bd3f@example.com'
}
{"eventId":"2ff20b3e-e7d4-445a-851a-581406676bef","eventType":"auth.reset_password.request","timestamp":"2025-12-02T17:11:36.175Z","outcome":"success","userId":"beb53308-539c-48a1-9e7f-5a54d99f3097","email":"5e900ba336023648","ipAddress":"127.0.0.1","userAgent":"unknown","requestId":"98728e2b-077b-4f2d-b533-8c6d7f6e3367","metadata":{"tokenId":"53c00d30-6a46-4013-b641-9c06edd054da","tokenCreated":true}}
{"eventId":"78bef28b-3ad2-41b7-8c00-7293f5091179","eventType":"auth.reset_password.request","timestamp":"2025-12-02T17:11:36.176Z","outcome":"success","email":"5e900ba336023648","ipAddress":"127.0.0.1","userAgent":"unknown","requestId":"cf0d6d96-a96e-4fc2-85d0-a1d4b4dedba1"}
[2025-12-02T17:11:36.177Z] [App] [INFO] email.queued {
  jobId: 'd0698128-cee0-4009-9c63-3ef8ff6a17fc',
  userId: 'beb53308-539c-48a1-9e7f-5a54d99f3097',
  tokenId: '59fb8f55-9a84-411e-b91e-a26154f1289a',
  type: 'password_reset',
  to: 'test-forgot-1764695495849-d3c6188e5bd3f@example.com'
}
{"eventId":"f4cb4b51-b70a-44cb-8ec8-b3eb18a7eb6f","eventType":"auth.reset_password.request","timestamp":"2025-12-02T17:11:36.226Z","outcome":"success","userId":"beb53308-539c-48a1-9e7f-5a54d99f3097","email":"5e900ba336023648","ipAddress":"127.0.0.1","userAgent":"unknown","requestId":"cf0d6d96-a96e-4fc2-85d0-a1d4b4dedba1","metadata":{"tokenId":"59fb8f55-9a84-411e-b91e-a26154f1289a","tokenCreated":true}}
{"eventId":"61401d2d-3b88-48f1-a19a-9afcc2de0469","eventType":"auth.reset_password.request","timestamp":"2025-12-02T17:11:36.229Z","outcome":"success","email":"5e900ba336023648","ipAddress":"127.0.0.1","userAgent":"unknown","requestId":"22074a07-a411-496d-a9a7-ba2bdef10796"}
[2025-12-02T17:11:36.232Z] [App] [INFO] email.queued {
  jobId: 'e6a287e5-64e9-4ffe-8141-3a8bfa72b82e',
  userId: 'beb53308-539c-48a1-9e7f-5a54d99f3097',
  tokenId: '6773e5c5-453a-4df6-9d57-db2b94d97488',
  type: 'password_reset',
  to: 'test-forgot-1764695495849-d3c6188e5bd3f@example.com'
}
{"eventId":"b2816ce0-1d25-4ec9-9098-08fbe656e6a3","eventType":"auth.reset_password.request","timestamp":"2025-12-02T17:11:36.232Z","outcome":"success","userId":"beb53308-539c-48a1-9e7f-5a54d99f3097","email":"5e900ba336023648","ipAddress":"127.0.0.1","userAgent":"unknown","requestId":"22074a07-a411-496d-a9a7-ba2bdef10796","metadata":{"tokenId":"6773e5c5-453a-4df6-9d57-db2b94d97488","tokenCreated":true}}
{"eventId":"4cd9332d-7d23-474d-909d-98ba79b2a8ca","eventType":"auth.reset_password.request","timestamp":"2025-12-02T17:11:36.233Z","outcome":"success","email":"5e900ba336023648","ipAddress":"127.0.0.1","userAgent":"unknown","requestId":"56c6846a-3c25-493f-aeaa-336b09099422"}
[2025-12-02T17:11:36.235Z] [App] [INFO] email.queued {
  jobId: '7a98b66a-ffb9-4d44-9a08-c3c447538211',
  userId: 'beb53308-539c-48a1-9e7f-5a54d99f3097',
  tokenId: '1ef48853-7072-4d85-b612-561c47a3b046',
  type: 'password_reset',
  to: 'test-forgot-1764695495849-d3c6188e5bd3f@example.com'
}
{"eventId":"aae0d54f-dc71-45c2-9784-704eb24b446d","eventType":"auth.reset_password.request","timestamp":"2025-12-02T17:11:36.235Z","outcome":"success","userId":"beb53308-539c-48a1-9e7f-5a54d99f3097","email":"5e900ba336023648","ipAddress":"127.0.0.1","userAgent":"unknown","requestId":"56c6846a-3c25-493f-aeaa-336b09099422","metadata":{"tokenId":"1ef48853-7072-4d85-b612-561c47a3b046","tokenCreated":true}}
{"eventId":"d4e11e44-9e15-4a9d-b280-2ad01ebe3c73","eventType":"auth.reset_password.request","timestamp":"2025-12-02T17:11:36.236Z","outcome":"success","email":"5e900ba336023648","ipAddress":"127.0.0.1","userAgent":"unknown","requestId":"9df0e6ef-3026-44b3-8436-80c92a05b4d4"}
[2025-12-02T17:11:36.238Z] [App] [INFO] email.queued {
  jobId: '21c54787-9100-421f-9963-d16ab835c7cd',
  userId: 'beb53308-539c-48a1-9e7f-5a54d99f3097',
  tokenId: '7213d862-8ffa-4a18-b535-6a367bcf4386',
  type: 'password_reset',
  to: 'test-forgot-1764695495849-d3c6188e5bd3f@example.com'
}
{"eventId":"f903baaf-59fa-4989-91ff-c8475042df03","eventType":"auth.reset_password.request","timestamp":"2025-12-02T17:11:36.238Z","outcome":"success","userId":"beb53308-539c-48a1-9e7f-5a54d99f3097","email":"5e900ba336023648","ipAddress":"127.0.0.1","userAgent":"unknown","requestId":"9df0e6ef-3026-44b3-8436-80c92a05b4d4","metadata":{"tokenId":"7213d862-8ffa-4a18-b535-6a367bcf4386","tokenCreated":true}}
{"eventId":"e00ac562-6fb0-4f6f-8908-cc169da6130f","eventType":"auth.reset_password.request","timestamp":"2025-12-02T17:11:36.277Z","outcome":"success","email":"5e900ba336023648","ipAddress":"127.0.0.1","userAgent":"unknown","requestId":"a5de3ecd-16d6-421d-af83-ca4a1bff53be"}
[2025-12-02T17:11:36.289Z] [App] [INFO] email.queued {
  jobId: 'adac741e-007c-4453-bc73-acd2b3c5d321',
  userId: 'beb53308-539c-48a1-9e7f-5a54d99f3097',
  tokenId: '4bab9ffd-8c39-45b5-add1-a628be18a92f',
  type: 'password_reset',
  to: 'test-forgot-1764695495849-d3c6188e5bd3f@example.com'
}
{"eventId":"a95f2485-f933-47c5-9743-a4382fd6bd61","eventType":"auth.reset_password.request","timestamp":"2025-12-02T17:11:36.289Z","outcome":"success","userId":"beb53308-539c-48a1-9e7f-5a54d99f3097","email":"5e900ba336023648","ipAddress":"127.0.0.1","userAgent":"unknown","requestId":"a5de3ecd-16d6-421d-af83-ca4a1bff53be","metadata":{"tokenId":"4bab9ffd-8c39-45b5-add1-a628be18a92f","tokenCreated":true}}
{"eventId":"022866ad-4471-4092-bb7b-7d85e554b406","eventType":"auth.reset_password.request","timestamp":"2025-12-02T17:11:36.293Z","outcome":"success","email":"5e900ba336023648","ipAddress":"127.0.0.1","userAgent":"unknown","requestId":"d9295c9c-cdfe-469e-b8ba-f00b91d537e8"}
[2025-12-02T17:11:36.301Z] [App] [INFO] email.queued {
  jobId: 'a4519cd8-c1c9-46f5-9790-d7038e700cf3',
  userId: 'beb53308-539c-48a1-9e7f-5a54d99f3097',
  tokenId: 'e126e3ed-1f4a-4195-804b-60343eaac8d5',
  type: 'password_reset',
  to: 'test-forgot-1764695495849-d3c6188e5bd3f@example.com'
}
{"eventId":"124bcf0a-9923-40a3-a431-66e9d2c4fe5d","eventType":"auth.reset_password.request","timestamp":"2025-12-02T17:11:36.301Z","outcome":"success","userId":"beb53308-539c-48a1-9e7f-5a54d99f3097","email":"5e900ba336023648","ipAddress":"127.0.0.1","userAgent":"unknown","requestId":"d9295c9c-cdfe-469e-b8ba-f00b91d537e8","metadata":{"tokenId":"e126e3ed-1f4a-4195-804b-60343eaac8d5","tokenCreated":true}}
{"eventId":"a858dc43-1de0-4287-b758-72964a6dc6cb","eventType":"auth.reset_password.request","timestamp":"2025-12-02T17:11:36.310Z","outcome":"success","email":"5e900ba336023648","ipAddress":"127.0.0.1","userAgent":"unknown","requestId":"f1e56e80-7793-440a-9a65-45f95b80e326"}
[2025-12-02T17:11:36.314Z] [App] [INFO] email.queued {
  jobId: 'eaa6fc8e-6c8e-4667-a2de-8fc7d6ca2b7e',
  userId: 'beb53308-539c-48a1-9e7f-5a54d99f3097',
  tokenId: '7f800716-b8ac-47c7-b032-8ecbf88be5da',
  type: 'password_reset',
  to: 'test-forgot-1764695495849-d3c6188e5bd3f@example.com'
}
{"eventId":"70e42970-7860-4aeb-a2ce-3ee311732fd9","eventType":"auth.reset_password.request","timestamp":"2025-12-02T17:11:36.314Z","outcome":"success","userId":"beb53308-539c-48a1-9e7f-5a54d99f3097","email":"5e900ba336023648","ipAddress":"127.0.0.1","userAgent":"unknown","requestId":"f1e56e80-7793-440a-9a65-45f95b80e326","metadata":{"tokenId":"7f800716-b8ac-47c7-b032-8ecbf88be5da","tokenCreated":true}}
{"eventId":"b71d483b-1522-40b4-a3a0-7a99bd61a719","eventType":"auth.reset_password.request","timestamp":"2025-12-02T17:11:36.315Z","outcome":"success","email":"5e900ba336023648","ipAddress":"127.0.0.1","userAgent":"unknown","requestId":"db4c7069-1175-4b79-ab4d-edac7e5cfd65"}
[2025-12-02T17:11:36.317Z] [App] [INFO] email.queued {
  jobId: '38d1eb75-9ae6-47f0-a0b1-98cd7468b7d7',
  userId: 'beb53308-539c-48a1-9e7f-5a54d99f3097',
  tokenId: '7d907f1f-6488-44cc-b8e4-7d4ebeb26d7f',
  type: 'password_reset',
  to: 'test-forgot-1764695495849-d3c6188e5bd3f@example.com'
}
{"eventId":"999dd0e2-3ba7-459b-8165-4814b9914ba2","eventType":"auth.reset_password.request","timestamp":"2025-12-02T17:11:36.317Z","outcome":"success","userId":"beb53308-539c-48a1-9e7f-5a54d99f3097","email":"5e900ba336023648","ipAddress":"127.0.0.1","userAgent":"unknown","requestId":"db4c7069-1175-4b79-ab4d-edac7e5cfd65","metadata":{"tokenId":"7d907f1f-6488-44cc-b8e4-7d4ebeb26d7f","tokenCreated":true}}
{"eventId":"bf2e4459-5a0b-428b-8386-906a2e39ae82","eventType":"auth.reset_password.request","timestamp":"2025-12-02T17:11:36.317Z","outcome":"success","email":"5e900ba336023648","ipAddress":"127.0.0.1","userAgent":"unknown","requestId":"e513e36a-8887-44ba-83d0-dcddae1b8acf"}
[2025-12-02T17:11:36.331Z] [App] [INFO] email.queued {
  jobId: '5a941291-d3d5-4440-857f-a35bcadf8bef',
  userId: 'beb53308-539c-48a1-9e7f-5a54d99f3097',
  tokenId: '1d6684fe-231e-4636-a0c9-7cdfe1a8a2eb',
  type: 'password_reset',
  to: 'test-forgot-1764695495849-d3c6188e5bd3f@example.com'
}
{"eventId":"cacfde45-5909-42f5-84e4-507e22c5736a","eventType":"auth.reset_password.request","timestamp":"2025-12-02T17:11:36.331Z","outcome":"success","userId":"beb53308-539c-48a1-9e7f-5a54d99f3097","email":"5e900ba336023648","ipAddress":"127.0.0.1","userAgent":"unknown","requestId":"e513e36a-8887-44ba-83d0-dcddae1b8acf","metadata":{"tokenId":"1d6684fe-231e-4636-a0c9-7cdfe1a8a2eb","tokenCreated":true}}

 ✓ src/app/api/auth/forgot-password/__tests__/forgot-password.property.test.ts (6 tests) 5564ms
   ✓ POST /api/auth/forgot-password - Property-Based Tests > Property 16: Password reset creates time-limited token 1209ms
   ✓ POST /api/auth/forgot-password - Property-Based Tests > Property 16 (token invalidation): New reset request invalidates previous tokens 2497ms
   ✓ POST /api/auth/forgot-password - Property-Based Tests > Property 16 (email enumeration prevention): Non-existent email returns success 462ms
   ✓ POST /api/auth/forgot-password - Property-Based Tests > Property 16 (email normalization): Email is case-insensitive 766ms
stdout | src/server/auth/__tests__/rbac.test.ts > RBAC - Property-Based Tests > Property: Role assignment is idempotent
[2025-12-02T17:11:36.529Z] [App] [INFO] rbac.assign_role.success {
  userId: '6b016ca1-0474-468d-b342-f64c2944ca93',
  role: 'TEAM_MEMBER',
  resourceType: 'team',
  resourceId: '5535bb6b-adb3-40dc-af70-57f57ea3499a',
  roleId: '57bb832c-d737-4d74-8bbf-cf94881e8572'
}
[2025-12-02T17:11:36.530Z] [App] [INFO] rbac.assign_role.already_exists {
  userId: '6b016ca1-0474-468d-b342-f64c2944ca93',
  role: 'TEAM_MEMBER',
  resourceType: 'team',
  resourceId: '5535bb6b-adb3-40dc-af70-57f57ea3499a'
}

stdout | src/app/api/auth/reset-password/__tests__/reset-password.property.test.ts > POST /api/auth/reset-password - Property-Based Tests > Property 17: Password reset invalidates all sessions
{"eventId":"6361df1a-d5c3-42ee-a194-675d09170875","eventType":"auth.reset_password.success","timestamp":"2025-12-02T17:11:36.670Z","outcome":"success","ipAddress":"127.0.0.1","userAgent":"unknown","requestId":"ca52ed7c-7b30-462a-8394-317f64f31aae","metadata":{"stage":"attempt"}}

 ✓ src/features/auth/utils/__tests__/validators.test.ts (7 tests) 1341ms
stdout | src/server/auth/__tests__/rbac.test.ts > RBAC - Property-Based Tests > Property: Role assignment is idempotent
[2025-12-02T17:11:36.936Z] [App] [INFO] rbac.assign_role.success {
  userId: '1241f2c0-a068-4da5-a63e-24c07828419f',
  role: 'TEAM_MEMBER',
  resourceType: 'team',
  resourceId: '9c9fd41c-1db7-47d3-996b-80cd8ccbaa9c',
  roleId: 'eb51b6e0-fcdb-4fe2-8e3b-9cef15bae716'
}
[2025-12-02T17:11:36.936Z] [App] [INFO] rbac.assign_role.already_exists {
  userId: '1241f2c0-a068-4da5-a63e-24c07828419f',
  role: 'TEAM_MEMBER',
  resourceType: 'team',
  resourceId: '9c9fd41c-1db7-47d3-996b-80cd8ccbaa9c'
}

stdout | src/app/api/auth/reset-password/__tests__/reset-password.property.test.ts > POST /api/auth/reset-password - Property-Based Tests > Property 17: Password reset invalidates all sessions
{"eventId":"f0429eb4-3cf2-4586-ad3b-1dd280555b18","eventType":"auth.reset_password.success","timestamp":"2025-12-02T17:11:36.993Z","outcome":"success","userId":"bfe9bbd0-5e99-441c-ba8a-00c8f8b1b240","email":"ef8f27429376ad0a","ipAddress":"127.0.0.1","userAgent":"unknown","requestId":"ca52ed7c-7b30-462a-8394-317f64f31aae","metadata":{"tokenId":"c457f2c4-4b9a-4870-9182-55d2129dc04d","sessionsInvalidated":true}}

stdout | src/server/auth/__tests__/rbac.test.ts > RBAC - Property-Based Tests > Property: Role assignment is idempotent
[2025-12-02T17:11:37.106Z] [App] [INFO] rbac.assign_role.success {
  userId: '3519dbc6-af40-404c-a692-5696c260b7be',
  role: 'TEAM_OWNER',
  resourceType: 'team',
  resourceId: 'de233757-3e66-4de3-b1c4-5ded031e5fec',
  roleId: '3ca1e25b-1182-413c-8a2b-b67fb6fa27b4'
}
[2025-12-02T17:11:37.107Z] [App] [INFO] rbac.assign_role.already_exists {
  userId: '3519dbc6-af40-404c-a692-5696c260b7be',
  role: 'TEAM_OWNER',
  resourceType: 'team',
  resourceId: 'de233757-3e66-4de3-b1c4-5ded031e5fec'
}

stdout | src/server/auth/__tests__/rbac.test.ts > RBAC - Property-Based Tests > Property: Role assignment is idempotent
[2025-12-02T17:11:37.268Z] [App] [INFO] rbac.assign_role.success {
  userId: '7da2825c-08b2-41cb-8ca4-ab56f7fdbc0c',
  role: 'TEAM_ADMIN',
  resourceType: 'team',
  resourceId: '6ebac3af-b77f-498f-a788-03bce6f118fa',
  roleId: 'c7508241-2a39-42ba-bc89-1ffc4c4371c0'
}
[2025-12-02T17:11:37.270Z] [App] [INFO] rbac.assign_role.already_exists {
  userId: '7da2825c-08b2-41cb-8ca4-ab56f7fdbc0c',
  role: 'TEAM_ADMIN',
  resourceType: 'team',
  resourceId: '6ebac3af-b77f-498f-a788-03bce6f118fa'
}

stdout | src/app/api/auth/reset-password/__tests__/reset-password.property.test.ts > POST /api/auth/reset-password - Property-Based Tests > Property 17: Password reset invalidates all sessions
{"eventId":"5499d57b-8d59-40ab-a795-4229621fa73b","eventType":"auth.reset_password.success","timestamp":"2025-12-02T17:11:37.294Z","outcome":"success","ipAddress":"127.0.0.1","userAgent":"unknown","requestId":"b7187450-6d5f-4af2-94f5-17e531aa71ec","metadata":{"stage":"attempt"}}

stdout | src/server/auth/__tests__/rbac.test.ts > RBAC - Property-Based Tests > Property: Role assignment is idempotent
[2025-12-02T17:11:37.446Z] [App] [INFO] rbac.assign_role.success {
  userId: '7e679d23-2a91-4765-ad8e-2ee5403187b7',
  role: 'TEAM_OWNER',
  resourceType: 'team',
  resourceId: 'fa3776ef-b384-4902-818a-8a5112ddfedd',
  roleId: 'dabe058d-f458-4f74-9bce-45724ebb6b63'
}
[2025-12-02T17:11:37.447Z] [App] [INFO] rbac.assign_role.already_exists {
  userId: '7e679d23-2a91-4765-ad8e-2ee5403187b7',
  role: 'TEAM_OWNER',
  resourceType: 'team',
  resourceId: 'fa3776ef-b384-4902-818a-8a5112ddfedd'
}

stdout | src/app/api/auth/reset-password/__tests__/reset-password.property.test.ts > POST /api/auth/reset-password - Property-Based Tests > Property 17: Password reset invalidates all sessions
{"eventId":"ae27ea2b-f2e4-4dd9-9316-6fd63dd4962f","eventType":"auth.reset_password.success","timestamp":"2025-12-02T17:11:37.469Z","outcome":"success","userId":"bfe9bbd0-5e99-441c-ba8a-00c8f8b1b240","email":"ef8f27429376ad0a","ipAddress":"127.0.0.1","userAgent":"unknown","requestId":"b7187450-6d5f-4af2-94f5-17e531aa71ec","metadata":{"tokenId":"8f59783d-2ad8-4efc-97d3-57c6f7ff8135","sessionsInvalidated":true}}

stdout | src/server/auth/__tests__/rbac.test.ts > RBAC - Property-Based Tests > Property: Role assignment is idempotent
[2025-12-02T17:11:37.619Z] [App] [INFO] rbac.assign_role.success {
  userId: 'f5680680-d96f-48f9-bc6a-2cf69b32c3e4',
  role: 'TEAM_OWNER',
  resourceType: 'team',
  resourceId: 'c2be2b8c-4943-4ae6-bf42-37a269d99639',
  roleId: '64ca0d69-dc3b-4920-80ca-f1f3840a9946'
}
[2025-12-02T17:11:37.620Z] [App] [INFO] rbac.assign_role.already_exists {
  userId: 'f5680680-d96f-48f9-bc6a-2cf69b32c3e4',
  role: 'TEAM_OWNER',
  resourceType: 'team',
  resourceId: 'c2be2b8c-4943-4ae6-bf42-37a269d99639'
}

stdout | src/app/api/auth/reset-password/__tests__/reset-password.property.test.ts > POST /api/auth/reset-password - Property-Based Tests > Property 17: Password reset invalidates all sessions
{"eventId":"6f1b3e63-c162-4d5b-a2a7-523d88d036a7","eventType":"auth.reset_password.success","timestamp":"2025-12-02T17:11:37.781Z","outcome":"success","ipAddress":"127.0.0.1","userAgent":"unknown","requestId":"fb058a87-5380-4482-9beb-4f2390b32afb","metadata":{"stage":"attempt"}}

stdout | src/server/auth/__tests__/rbac.test.ts > RBAC - Property-Based Tests > Property: Role assignment is idempotent
[2025-12-02T17:11:37.801Z] [App] [INFO] rbac.assign_role.success {
  userId: 'cf636fae-6d03-43bf-83d0-336923f87448',
  role: 'TEAM_EDITOR',
  resourceType: 'team',
  resourceId: '9f5632b6-bda0-40d1-8145-e37348274a2f',
  roleId: 'c645c750-96bd-4d29-b14c-399ae2e877fc'
}
[2025-12-02T17:11:37.806Z] [App] [INFO] rbac.update_billable_seats { teamId: '9f5632b6-bda0-40d1-8145-e37348274a2f', billableSeats: 1 }
[2025-12-02T17:11:37.808Z] [App] [INFO] rbac.assign_role.already_exists {
  userId: 'cf636fae-6d03-43bf-83d0-336923f87448',
  role: 'TEAM_EDITOR',
  resourceType: 'team',
  resourceId: '9f5632b6-bda0-40d1-8145-e37348274a2f'
}

stdout | src/app/api/auth/reset-password/__tests__/reset-password.property.test.ts > POST /api/auth/reset-password - Property-Based Tests > Property 17: Password reset invalidates all sessions
{"eventId":"abd8c4fa-adb1-4dfe-9f52-9b9afd604f15","eventType":"auth.reset_password.success","timestamp":"2025-12-02T17:11:37.951Z","outcome":"success","userId":"bfe9bbd0-5e99-441c-ba8a-00c8f8b1b240","email":"ef8f27429376ad0a","ipAddress":"127.0.0.1","userAgent":"unknown","requestId":"fb058a87-5380-4482-9beb-4f2390b32afb","metadata":{"tokenId":"c388eb3a-ab38-4189-bff1-2298e7397270","sessionsInvalidated":true}}

stdout | src/server/auth/__tests__/rbac.test.ts > RBAC - Property-Based Tests > Property: Role assignment is idempotent
[2025-12-02T17:11:38.075Z] [App] [INFO] rbac.assign_role.success {
  userId: '942f2690-2c3b-4807-ad21-43778f4d7f1a',
  role: 'TEAM_EDITOR',
  resourceType: 'team',
  resourceId: '87a66d0a-9915-4a2c-8fd9-6a7be3e9c7e5',
  roleId: '7d4d400c-6249-46e0-ad53-e73d763f5075'
}
[2025-12-02T17:11:38.077Z] [App] [INFO] rbac.update_billable_seats { teamId: '87a66d0a-9915-4a2c-8fd9-6a7be3e9c7e5', billableSeats: 1 }
[2025-12-02T17:11:38.089Z] [App] [INFO] rbac.assign_role.already_exists {
  userId: '942f2690-2c3b-4807-ad21-43778f4d7f1a',
  role: 'TEAM_EDITOR',
  resourceType: 'team',
  resourceId: '87a66d0a-9915-4a2c-8fd9-6a7be3e9c7e5'
}

stdout | src/server/auth/__tests__/rbac.test.ts > RBAC - Property-Based Tests > Property: Role assignment is idempotent
[2025-12-02T17:11:38.304Z] [App] [INFO] rbac.assign_role.success {
  userId: '952e496d-f085-44e9-aadc-8eeff20c92c3',
  role: 'TEAM_EDITOR',
  resourceType: 'team',
  resourceId: '32f08870-638f-4795-940a-f64b7990b0d8',
  roleId: 'e2de3473-7f10-4fde-89f8-232bb95e8ed5'
}
[2025-12-02T17:11:38.306Z] [App] [INFO] rbac.update_billable_seats { teamId: '32f08870-638f-4795-940a-f64b7990b0d8', billableSeats: 1 }
[2025-12-02T17:11:38.308Z] [App] [INFO] rbac.assign_role.already_exists {
  userId: '952e496d-f085-44e9-aadc-8eeff20c92c3',
  role: 'TEAM_EDITOR',
  resourceType: 'team',
  resourceId: '32f08870-638f-4795-940a-f64b7990b0d8'
}

stdout | src/app/api/auth/reset-password/__tests__/reset-password.property.test.ts > POST /api/auth/reset-password - Property-Based Tests > Property 17: Password reset invalidates all sessions
{"eventId":"1f241e47-f9c5-4626-a52e-9d6441e85bde","eventType":"auth.reset_password.success","timestamp":"2025-12-02T17:11:38.486Z","outcome":"success","ipAddress":"127.0.0.1","userAgent":"unknown","requestId":"f32af56e-4206-4b37-ac5f-77532b134591","metadata":{"stage":"attempt"}}

stdout | src/server/auth/__tests__/rbac.test.ts > RBAC - Property-Based Tests > Property: Role assignment is idempotent
[2025-12-02T17:11:38.529Z] [App] [INFO] rbac.assign_role.success {
  userId: '24ee9ee2-9434-424b-af17-d6952ad42c1a',
  role: 'TEAM_MEMBER',
  resourceType: 'team',
  resourceId: '344f8bda-4dc5-4ed6-b091-bfbd3b395d86',
  roleId: 'd443b965-fd53-418d-9b08-4214ae31afa8'
}
[2025-12-02T17:11:38.545Z] [App] [INFO] rbac.assign_role.already_exists {
  userId: '24ee9ee2-9434-424b-af17-d6952ad42c1a',
  role: 'TEAM_MEMBER',
  resourceType: 'team',
  resourceId: '344f8bda-4dc5-4ed6-b091-bfbd3b395d86'
}

stdout | src/server/auth/__tests__/rbac.test.ts > RBAC - Property-Based Tests > Property: Role assignment is idempotent
[2025-12-02T17:11:38.875Z] [App] [INFO] rbac.assign_role.success {
  userId: '01040f55-1c53-45c4-8d09-89e6d9e035ea',
  role: 'TEAM_EDITOR',
  resourceType: 'team',
  resourceId: 'a264b8f4-2184-400b-8d5e-3b73acf599d8',
  roleId: '0dfb5f10-872e-4123-8b26-fab8c5d3a6b1'
}
[2025-12-02T17:11:38.877Z] [App] [INFO] rbac.update_billable_seats { teamId: 'a264b8f4-2184-400b-8d5e-3b73acf599d8', billableSeats: 1 }
[2025-12-02T17:11:38.878Z] [App] [INFO] rbac.assign_role.already_exists {
  userId: '01040f55-1c53-45c4-8d09-89e6d9e035ea',
  role: 'TEAM_EDITOR',
  resourceType: 'team',
  resourceId: 'a264b8f4-2184-400b-8d5e-3b73acf599d8'
}

stdout | src/app/api/auth/reset-password/__tests__/reset-password.property.test.ts > POST /api/auth/reset-password - Property-Based Tests > Property 17: Password reset invalidates all sessions
{"eventId":"f36394b7-0b72-4d02-8120-e9476799e200","eventType":"auth.reset_password.success","timestamp":"2025-12-02T17:11:38.901Z","outcome":"success","userId":"bfe9bbd0-5e99-441c-ba8a-00c8f8b1b240","email":"ef8f27429376ad0a","ipAddress":"127.0.0.1","userAgent":"unknown","requestId":"f32af56e-4206-4b37-ac5f-77532b134591","metadata":{"tokenId":"a56ac442-2cbe-4d7f-8bc0-de6b34720d7f","sessionsInvalidated":true}}

stdout | src/server/auth/__tests__/rbac.test.ts > RBAC - Property-Based Tests > Property: Role assignment is idempotent
[2025-12-02T17:11:39.092Z] [App] [INFO] rbac.assign_role.success {
  userId: '2f1b65fa-b1e9-40b3-bc44-ff9b1c240506',
  role: 'TEAM_MEMBER',
  resourceType: 'team',
  resourceId: '30b89806-0435-4a8a-90a9-d4e352bf11ad',
  roleId: '9166ddc0-4739-4896-9ffe-3c0cd88e2e4d'
}
[2025-12-02T17:11:39.092Z] [App] [INFO] rbac.assign_role.already_exists {
  userId: '2f1b65fa-b1e9-40b3-bc44-ff9b1c240506',
  role: 'TEAM_MEMBER',
  resourceType: 'team',
  resourceId: '30b89806-0435-4a8a-90a9-d4e352bf11ad'
}

stdout | src/server/auth/__tests__/rbac.test.ts > RBAC - Property-Based Tests > Property: Role assignment is idempotent
[2025-12-02T17:11:39.298Z] [App] [INFO] rbac.assign_role.success {
  userId: 'b9bd90cc-08bb-436a-877c-a0924b65cd88',
  role: 'TEAM_EDITOR',
  resourceType: 'team',
  resourceId: '3fc41b13-5964-429b-9bf1-c70872d06624',
  roleId: '97d37cab-1e9d-4a63-8a1f-339d1a49d6f7'
}
[2025-12-02T17:11:39.300Z] [App] [INFO] rbac.update_billable_seats { teamId: '3fc41b13-5964-429b-9bf1-c70872d06624', billableSeats: 1 }
[2025-12-02T17:11:39.305Z] [App] [INFO] rbac.assign_role.already_exists {
  userId: 'b9bd90cc-08bb-436a-877c-a0924b65cd88',
  role: 'TEAM_EDITOR',
  resourceType: 'team',
  resourceId: '3fc41b13-5964-429b-9bf1-c70872d06624'
}

stdout | src/app/api/auth/reset-password/__tests__/reset-password.property.test.ts > POST /api/auth/reset-password - Property-Based Tests > Property 17: Password reset invalidates all sessions
{"eventId":"ef15eead-ff64-412a-8789-4e4123e38e36","eventType":"auth.reset_password.success","timestamp":"2025-12-02T17:11:39.317Z","outcome":"success","ipAddress":"127.0.0.1","userAgent":"unknown","requestId":"1eb3cefd-73bd-4bf2-a735-064e1271e73e","metadata":{"stage":"attempt"}}

stdout | src/server/teams/__tests__/invitation-flow.integration.test.ts > Integration Test: Complete Invitation Flow > should complete full invitation creation and acceptance flow
[2025-12-02T17:11:38.820Z] [App] [INFO] {"eventId":"087379a8-556c-4744-ad1b-fc74044ca785","eventType":"team.create.success","timestamp":"2025-12-02T17:11:38.820Z","outcome":"success","userId":"ec5b8f37-de57-4902-89a3-36fe847cb954","teamId":"44e159a7-8246-40b3-99a3-a09acff2a270","teamName":"Test Team","metadata":{"slug":"test-team","planId":"free"}}
[2025-12-02T17:11:38.827Z] [App] [INFO] email.queued {
  jobId: '3afcf0cd-eefd-470b-b129-b88a2696f05c',
  userId: 'ec5b8f37-de57-4902-89a3-36fe847cb954',
  tokenId: undefined,
  type: 'team_invitation',
  to: 'invitee-1764695498821@example.com'
}
[2025-12-02T17:11:38.827Z] [App] [INFO] {"eventId":"163d76a3-d813-4063-875a-7861e1de95ba","eventType":"team.invitation.create.success","timestamp":"2025-12-02T17:11:38.827Z","outcome":"success","userId":"ec5b8f37-de57-4902-89a3-36fe847cb954","teamId":"44e159a7-8246-40b3-99a3-a09acff2a270","metadata":{"invitationId":"50be0ac0-1289-48fc-bfd9-00ae4c3b0b79","email":"invitee-1764695498821@example.com","operationalRole":"TEAM_MEMBER"}}
[2025-12-02T17:11:38.839Z] [App] [INFO] {"eventId":"2e00aeb4-db05-4183-8c59-f9832387d7a3","eventType":"team.member.add.success","timestamp":"2025-12-02T17:11:38.839Z","outcome":"success","userId":"ec5b8f37-de57-4902-89a3-36fe847cb954","teamId":"44e159a7-8246-40b3-99a3-a09acff2a270","metadata":{"addedUserId":"1dca700b-c12e-42c4-8603-a664c814b653","managementRole":null,"operationalRole":"TEAM_MEMBER"}}
[2025-12-02T17:11:38.839Z] [App] [INFO] {"eventId":"a0e65b69-9988-42bb-9d4d-186528e71eea","eventType":"team.invitation.accept.success","timestamp":"2025-12-02T17:11:38.839Z","outcome":"success","userId":"1dca700b-c12e-42c4-8603-a664c814b653","teamId":"44e159a7-8246-40b3-99a3-a09acff2a270","metadata":{"invitationId":"50be0ac0-1289-48fc-bfd9-00ae4c3b0b79"}}

stdout | src/server/teams/__tests__/invitation-flow.integration.test.ts > Integration Test: Complete Invitation Flow > should reject expired invitations
[2025-12-02T17:11:38.943Z] [App] [INFO] {"eventId":"ec093944-7d57-4519-baf0-94602711bee2","eventType":"team.create.success","timestamp":"2025-12-02T17:11:38.943Z","outcome":"success","userId":"6c89dc3f-823e-4988-b48a-59a3ed599290","teamId":"cd4e200b-816f-417e-a1a3-ab22dee3eb1d","teamName":"Expired Test Team","metadata":{"slug":"expired-test-team","planId":"free"}}
[2025-12-02T17:11:38.949Z] [App] [INFO] email.queued {
  jobId: '8d806e03-3bd9-4418-aa61-a23add14d991',
  userId: '6c89dc3f-823e-4988-b48a-59a3ed599290',
  tokenId: undefined,
  type: 'team_invitation',
  to: 'invitee-exp-1764695498943@example.com'
}
[2025-12-02T17:11:38.950Z] [App] [INFO] {"eventId":"775916ed-7913-4ed6-b8e8-ff68d6f08914","eventType":"team.invitation.create.success","timestamp":"2025-12-02T17:11:38.950Z","outcome":"success","userId":"6c89dc3f-823e-4988-b48a-59a3ed599290","teamId":"cd4e200b-816f-417e-a1a3-ab22dee3eb1d","metadata":{"invitationId":"8a68d381-1436-4b54-abe3-0cd695c37575","email":"invitee-exp-1764695498943@example.com","operationalRole":"TEAM_MEMBER"}}

stderr | src/server/teams/__tests__/invitation-flow.integration.test.ts > Integration Test: Complete Invitation Flow > should reject expired invitations
[2025-12-02T17:11:38.952Z] [App] [WARN] {"eventId":"87a6174b-c29f-4d06-b03e-3a4d0ee9b32e","eventType":"team.invitation.accept.failure","timestamp":"2025-12-02T17:11:38.951Z","outcome":"failure","userId":"4150109f-b691-4ed4-bce0-9c57f1b815bd","teamId":"cd4e200b-816f-417e-a1a3-ab22dee3eb1d","errorCode":"INVITATION_EXPIRED","errorMessage":"Invitation expired","metadata":{"invitationId":"8a68d381-1436-4b54-abe3-0cd695c37575","expiresAt":"2025-12-02T17:11:37.950Z"}}

stdout | src/server/teams/__tests__/invitation-flow.integration.test.ts > Integration Test: Complete Invitation Flow > should reject already-used invitations
[2025-12-02T17:11:39.399Z] [App] [INFO] {"eventId":"0f2d4e0c-4759-4803-bec2-b65605325714","eventType":"team.create.success","timestamp":"2025-12-02T17:11:39.399Z","outcome":"success","userId":"b3d0e817-df75-4bc8-9bb6-393772015b2a","teamId":"1f3148a4-797b-46a8-8e6c-3aa8dd24198f","teamName":"Used Test Team","metadata":{"slug":"used-test-team","planId":"free"}}
[2025-12-02T17:11:39.405Z] [App] [INFO] email.queued {
  jobId: '98bdf0fe-07b0-46ab-946f-5b98fab5bd18',
  userId: 'b3d0e817-df75-4bc8-9bb6-393772015b2a',
  tokenId: undefined,
  type: 'team_invitation',
  to: 'invitee-used-1764695499399@example.com'
}
[2025-12-02T17:11:39.408Z] [App] [INFO] {"eventId":"8f348ede-403f-4ef3-b165-bf52710696eb","eventType":"team.invitation.create.success","timestamp":"2025-12-02T17:11:39.407Z","outcome":"success","userId":"b3d0e817-df75-4bc8-9bb6-393772015b2a","teamId":"1f3148a4-797b-46a8-8e6c-3aa8dd24198f","metadata":{"invitationId":"1980c8a0-b731-4b32-a2df-075f0d96990b","email":"invitee-used-1764695499399@example.com","operationalRole":"TEAM_MEMBER"}}
[2025-12-02T17:11:39.415Z] [App] [INFO] {"eventId":"c69f3bde-9912-4433-a133-61aa548200cb","eventType":"team.member.add.success","timestamp":"2025-12-02T17:11:39.415Z","outcome":"success","userId":"b3d0e817-df75-4bc8-9bb6-393772015b2a","teamId":"1f3148a4-797b-46a8-8e6c-3aa8dd24198f","metadata":{"addedUserId":"1835b24c-00bb-4e44-ad07-70df365c738a","managementRole":null,"operationalRole":"TEAM_MEMBER"}}
[2025-12-02T17:11:39.416Z] [App] [INFO] {"eventId":"33b7667a-2ef7-4526-99db-fa5ebc1cca90","eventType":"team.invitation.accept.success","timestamp":"2025-12-02T17:11:39.416Z","outcome":"success","userId":"1835b24c-00bb-4e44-ad07-70df365c738a","teamId":"1f3148a4-797b-46a8-8e6c-3aa8dd24198f","metadata":{"invitationId":"1980c8a0-b731-4b32-a2df-075f0d96990b"}}

stderr | src/server/teams/__tests__/invitation-flow.integration.test.ts > Integration Test: Complete Invitation Flow > should reject already-used invitations
[2025-12-02T17:11:39.416Z] [App] [WARN] {"eventId":"3e497cce-3194-4d45-807c-713a04b8fc2a","eventType":"team.invitation.accept.failure","timestamp":"2025-12-02T17:11:39.416Z","outcome":"failure","userId":"1835b24c-00bb-4e44-ad07-70df365c738a","teamId":"1f3148a4-797b-46a8-8e6c-3aa8dd24198f","errorCode":"INVITATION_USED","errorMessage":"Invitation already used","metadata":{"invitationId":"1980c8a0-b731-4b32-a2df-075f0d96990b"}}

stdout | src/server/teams/__tests__/invitation-flow.integration.test.ts > Integration Test: Complete Invitation Flow > should handle invitation resend with new token
[2025-12-02T17:11:39.533Z] [App] [INFO] {"eventId":"c04a012f-e978-48a6-9836-60b351da4f89","eventType":"team.create.success","timestamp":"2025-12-02T17:11:39.533Z","outcome":"success","userId":"716f8468-bf69-498b-bb45-0872ca22a113","teamId":"7069ca88-a0e4-4520-a34b-2036116cb3bf","teamName":"Resend Test Team","metadata":{"slug":"resend-test-team","planId":"free"}}
[2025-12-02T17:11:39.714Z] [App] [INFO] email.queued {
  jobId: '3140c3af-ec3e-4417-9977-6ea8dd54f7e8',
  userId: '716f8468-bf69-498b-bb45-0872ca22a113',
  tokenId: undefined,
  type: 'team_invitation',
  to: 'invitee-resend-1764695499533@example.com'
}
[2025-12-02T17:11:39.714Z] [App] [INFO] {"eventId":"394f89da-a426-4383-83d5-28eddfb3d44c","eventType":"team.invitation.create.success","timestamp":"2025-12-02T17:11:39.714Z","outcome":"success","userId":"716f8468-bf69-498b-bb45-0872ca22a113","teamId":"7069ca88-a0e4-4520-a34b-2036116cb3bf","metadata":{"invitationId":"3a1607e6-06b7-490e-a981-6d31ba24e369","email":"invitee-resend-1764695499533@example.com","operationalRole":"TEAM_MEMBER"}}

stdout | src/app/api/auth/reset-password/__tests__/reset-password.property.test.ts > POST /api/auth/reset-password - Property-Based Tests > Property 17: Password reset invalidates all sessions
{"eventId":"425c28a9-3eb2-4727-a923-18f68f865179","eventType":"auth.reset_password.success","timestamp":"2025-12-02T17:11:39.810Z","outcome":"success","userId":"bfe9bbd0-5e99-441c-ba8a-00c8f8b1b240","email":"ef8f27429376ad0a","ipAddress":"127.0.0.1","userAgent":"unknown","requestId":"1eb3cefd-73bd-4bf2-a735-064e1271e73e","metadata":{"tokenId":"52397b9c-b680-4c45-b387-d9d1d6abad4f","sessionsInvalidated":true}}

stdout | src/server/auth/__tests__/rbac.test.ts > RBAC - Property-Based Tests > Property: Role assignment is idempotent
[2025-12-02T17:11:39.848Z] [App] [INFO] rbac.assign_role.success {
  userId: 'd040ae8d-6600-4f4a-a9c8-4fa07a338f90',
  role: 'TEAM_ADMIN',
  resourceType: 'team',
  resourceId: '24d2c180-25e5-45c6-b2b0-1e914b2e96f3',
  roleId: '1bb03659-51b3-4165-bf69-8ffbbde1c541'
}
[2025-12-02T17:11:39.849Z] [App] [INFO] rbac.assign_role.already_exists {
  userId: 'd040ae8d-6600-4f4a-a9c8-4fa07a338f90',
  role: 'TEAM_ADMIN',
  resourceType: 'team',
  resourceId: '24d2c180-25e5-45c6-b2b0-1e914b2e96f3'
}

stdout | src/server/auth/__tests__/rbac.test.ts > RBAC - Property-Based Tests > Property: Role assignment is idempotent
[2025-12-02T17:11:39.993Z] [App] [INFO] rbac.assign_role.success {
  userId: '2b63cbcf-21a4-4dca-82b6-bd038842047d',
  role: 'TEAM_OWNER',
  resourceType: 'team',
  resourceId: '34d76667-3554-4536-92fa-32366c4e3ad5',
  roleId: 'ad5cb350-0208-42d4-bd30-dfcdb8c8e9d2'
}
[2025-12-02T17:11:39.996Z] [App] [INFO] rbac.assign_role.already_exists {
  userId: '2b63cbcf-21a4-4dca-82b6-bd038842047d',
  role: 'TEAM_OWNER',
  resourceType: 'team',
  resourceId: '34d76667-3554-4536-92fa-32366c4e3ad5'
}

stdout | src/app/api/auth/reset-password/__tests__/reset-password.property.test.ts > POST /api/auth/reset-password - Property-Based Tests > Property 17: Password reset invalidates all sessions
{"eventId":"86affebd-2988-43ec-bb03-65412a29002b","eventType":"auth.reset_password.success","timestamp":"2025-12-02T17:11:40.157Z","outcome":"success","ipAddress":"127.0.0.1","userAgent":"unknown","requestId":"35944fbc-cb8a-491b-9505-ec346e0d6e2e","metadata":{"stage":"attempt"}}

stdout | src/server/auth/__tests__/rbac.test.ts > RBAC - Property-Based Tests > Property: Role assignment is idempotent
[2025-12-02T17:11:40.193Z] [App] [INFO] rbac.assign_role.success {
  userId: '1f7598de-01d3-4823-9726-9497f5287d35',
  role: 'TEAM_MEMBER',
  resourceType: 'team',
  resourceId: 'f280099b-db64-4378-a1ee-12ff258ba2e3',
  roleId: '90a2c33e-b12d-49e7-bdf1-64f691e7c736'
}
[2025-12-02T17:11:40.195Z] [App] [INFO] rbac.assign_role.already_exists {
  userId: '1f7598de-01d3-4823-9726-9497f5287d35',
  role: 'TEAM_MEMBER',
  resourceType: 'team',
  resourceId: 'f280099b-db64-4378-a1ee-12ff258ba2e3'
}

 ✓ src/server/teams/__tests__/invitation-flow.integration.test.ts (7 tests) 1677ms
   ✓ Integration Test: Complete Invitation Flow > should reject already-used invitations 432ms
   ✓ Integration Test: Complete Invitation Flow > should handle invitation resend with new token 436ms
stderr | src/server/teams/__tests__/invitation-flow.integration.test.ts > Integration Test: Complete Invitation Flow > should handle invitation resend with new token
[2025-12-02T17:11:39.833Z] [App] [WARN] {"eventId":"8772ae8d-2669-4e64-abbf-8ed65adf7fdd","eventType":"team.invitation.accept.failure","timestamp":"2025-12-02T17:11:39.833Z","outcome":"failure","userId":"441609e6-061f-434b-a7ab-f2ad64756576","errorCode":"INVALID_TOKEN","errorMessage":"Invalid invitation token"}

stdout | src/server/teams/__tests__/invitation-flow.integration.test.ts > Integration Test: Complete Invitation Flow > should handle invitation resend with new token
[2025-12-02T17:11:39.831Z] [App] [INFO] email.queued.duplicate {
  userId: '716f8468-bf69-498b-bb45-0872ca22a113',
  tokenId: undefined,
  type: 'team_invitation',
  existingJobId: '3140c3af-ec3e-4417-9977-6ea8dd54f7e8'
}
[2025-12-02T17:11:39.831Z] [App] [INFO] {"eventId":"3f9b12c3-c2a7-4723-993a-0a002185c65f","eventType":"team.invitation.resend.success","timestamp":"2025-12-02T17:11:39.831Z","outcome":"success","userId":"716f8468-bf69-498b-bb45-0872ca22a113","teamId":"7069ca88-a0e4-4520-a34b-2036116cb3bf","metadata":{"invitationId":"3a1607e6-06b7-490e-a981-6d31ba24e369"}}

stdout | src/server/teams/__tests__/invitation-flow.integration.test.ts > Integration Test: Complete Invitation Flow > should handle invitation cancellation
[2025-12-02T17:11:39.942Z] [App] [INFO] {"eventId":"89c29e41-5704-4fd7-bf08-f754d0e9064d","eventType":"team.create.success","timestamp":"2025-12-02T17:11:39.942Z","outcome":"success","userId":"00ba02d3-dbf0-4cd3-9f4d-1207edf1ae93","teamId":"92161eaf-3f5c-408c-aad6-1025bb35b4b7","teamName":"Cancel Test Team","metadata":{"slug":"cancel-test-team","planId":"free"}}
[2025-12-02T17:11:39.949Z] [App] [INFO] email.queued {
  jobId: '3756dcb2-c1de-42a2-bc47-4216f2c4b377',
  userId: '00ba02d3-dbf0-4cd3-9f4d-1207edf1ae93',
  tokenId: undefined,
  type: 'team_invitation',
  to: 'invitee-cancel-1764695499942@example.com'
}
[2025-12-02T17:11:39.949Z] [App] [INFO] {"eventId":"a17962f1-38b5-4e54-8270-940f55fffa18","eventType":"team.invitation.create.success","timestamp":"2025-12-02T17:11:39.949Z","outcome":"success","userId":"00ba02d3-dbf0-4cd3-9f4d-1207edf1ae93","teamId":"92161eaf-3f5c-408c-aad6-1025bb35b4b7","metadata":{"invitationId":"6f64773c-be07-4433-9191-eedd17751b42","email":"invitee-cancel-1764695499942@example.com","operationalRole":"TEAM_MEMBER"}}
[2025-12-02T17:11:39.950Z] [App] [INFO] {"eventId":"aef8de0a-a2d7-455b-8120-71b046cc13f9","eventType":"team.invitation.cancel.success","timestamp":"2025-12-02T17:11:39.950Z","outcome":"success","userId":"00ba02d3-dbf0-4cd3-9f4d-1207edf1ae93","teamId":"92161eaf-3f5c-408c-aad6-1025bb35b4b7","metadata":{"invitationId":"6f64773c-be07-4433-9191-eedd17751b42"}}

stderr | src/server/teams/__tests__/invitation-flow.integration.test.ts > Integration Test: Complete Invitation Flow > should handle invitation cancellation
[2025-12-02T17:11:39.951Z] [App] [WARN] {"eventId":"e0c5ed55-b383-42d5-9edb-172b9b641dec","eventType":"team.invitation.accept.failure","timestamp":"2025-12-02T17:11:39.951Z","outcome":"failure","userId":"20c4453c-12d4-4936-806d-df5008c7ee9b","teamId":"92161eaf-3f5c-408c-aad6-1025bb35b4b7","errorCode":"INVITATION_CANCELLED","errorMessage":"Invitation cancelled","metadata":{"invitationId":"6f64773c-be07-4433-9191-eedd17751b42"}}

stdout | src/server/teams/__tests__/invitation-flow.integration.test.ts > Integration Test: Complete Invitation Flow > should enforce invitation rate limiting
[2025-12-02T17:11:40.034Z] [App] [INFO] {"eventId":"704987ea-cbc6-4c67-9bd5-bf1bbd64f62c","eventType":"team.create.success","timestamp":"2025-12-02T17:11:40.034Z","outcome":"success","userId":"09dbe814-8f76-4fd1-b309-5c6176f4f6d9","teamId":"8d34d165-da65-4d2d-8417-479ed1fcdad3","teamName":"Rate Limit Test Team","metadata":{"slug":"rate-limit-test-team","planId":"free"}}
[2025-12-02T17:11:40.038Z] [App] [INFO] email.queued {
  jobId: 'a5828e54-51d6-40c6-b0e5-698717552dc0',
  userId: '09dbe814-8f76-4fd1-b309-5c6176f4f6d9',
  tokenId: undefined,
  type: 'team_invitation',
  to: 'invitee-0-1764695500034@example.com'
}
[2025-12-02T17:11:40.038Z] [App] [INFO] {"eventId":"731f43c7-6865-4a91-8249-c713f47d4829","eventType":"team.invitation.create.success","timestamp":"2025-12-02T17:11:40.038Z","outcome":"success","userId":"09dbe814-8f76-4fd1-b309-5c6176f4f6d9","teamId":"8d34d165-da65-4d2d-8417-479ed1fcdad3","metadata":{"invitationId":"b5f61ca7-adeb-4737-bc55-9d87d7815e2f","email":"invitee-0-1764695500034@example.com","operationalRole":"TEAM_MEMBER"}}
[2025-12-02T17:11:40.040Z] [App] [INFO] email.queued.duplicate {
  userId: '09dbe814-8f76-4fd1-b309-5c6176f4f6d9',
  tokenId: undefined,
  type: 'team_invitation',
  existingJobId: 'a5828e54-51d6-40c6-b0e5-698717552dc0'
}
[2025-12-02T17:11:40.040Z] [App] [INFO] {"eventId":"3c4ead86-b480-43a0-94c4-a38445333cb0","eventType":"team.invitation.create.success","timestamp":"2025-12-02T17:11:40.040Z","outcome":"success","userId":"09dbe814-8f76-4fd1-b309-5c6176f4f6d9","teamId":"8d34d165-da65-4d2d-8417-479ed1fcdad3","metadata":{"invitationId":"d8f16d89-5321-413b-971d-db57ffafecba","email":"invitee-1-1764695500038@example.com","operationalRole":"TEAM_MEMBER"}}
[2025-12-02T17:11:40.042Z] [App] [INFO] email.queued.duplicate {
  userId: '09dbe814-8f76-4fd1-b309-5c6176f4f6d9',
  tokenId: undefined,
  type: 'team_invitation',
  existingJobId: 'a5828e54-51d6-40c6-b0e5-698717552dc0'
}
[2025-12-02T17:11:40.042Z] [App] [INFO] {"eventId":"ce0dbbd2-491d-4c0d-b354-c247d3354978","eventType":"team.invitation.create.success","timestamp":"2025-12-02T17:11:40.042Z","outcome":"success","userId":"09dbe814-8f76-4fd1-b309-5c6176f4f6d9","teamId":"8d34d165-da65-4d2d-8417-479ed1fcdad3","metadata":{"invitationId":"f56e596d-96ef-484d-b287-88f1a6608ad3","email":"invitee-2-1764695500040@example.com","operationalRole":"TEAM_MEMBER"}}
[2025-12-02T17:11:40.083Z] [App] [INFO] email.queued.duplicate {
  userId: '09dbe814-8f76-4fd1-b309-5c6176f4f6d9',
  tokenId: undefined,
  type: 'team_invitation',
  existingJobId: 'a5828e54-51d6-40c6-b0e5-698717552dc0'
}
[2025-12-02T17:11:40.083Z] [App] [INFO] {"eventId":"1f851409-309f-429b-b9ce-6299a93dd489","eventType":"team.invitation.create.success","timestamp":"2025-12-02T17:11:40.083Z","outcome":"success","userId":"09dbe814-8f76-4fd1-b309-5c6176f4f6d9","teamId":"8d34d165-da65-4d2d-8417-479ed1fcdad3","metadata":{"invitationId":"d301303c-d1c4-4e03-8354-06bc72bc0d43","email":"invitee-3-1764695500042@example.com","operationalRole":"TEAM_MEMBER"}}
[2025-12-02T17:11:40.117Z] [App] [INFO] email.queued.duplicate {
  userId: '09dbe814-8f76-4fd1-b309-5c6176f4f6d9',
  tokenId: undefined,
  type: 'team_invitation',
  existingJobId: 'a5828e54-51d6-40c6-b0e5-698717552dc0'
}
[2025-12-02T17:11:40.117Z] [App] [INFO] {"eventId":"503c855d-967b-4db3-af23-6c5da47e8645","eventType":"team.invitation.create.success","timestamp":"2025-12-02T17:11:40.117Z","outcome":"success","userId":"09dbe814-8f76-4fd1-b309-5c6176f4f6d9","teamId":"8d34d165-da65-4d2d-8417-479ed1fcdad3","metadata":{"invitationId":"b8be54fa-0930-4538-8752-0e54e164eb05","email":"invitee-4-1764695500083@example.com","operationalRole":"TEAM_MEMBER"}}
[2025-12-02T17:11:40.125Z] [App] [INFO] email.queued.duplicate {
  userId: '09dbe814-8f76-4fd1-b309-5c6176f4f6d9',
  tokenId: undefined,
  type: 'team_invitation',
  existingJobId: 'a5828e54-51d6-40c6-b0e5-698717552dc0'
}
[2025-12-02T17:11:40.125Z] [App] [INFO] {"eventId":"9b685a42-d698-44ea-984f-24fef4821e4a","eventType":"team.invitation.create.success","timestamp":"2025-12-02T17:11:40.125Z","outcome":"success","userId":"09dbe814-8f76-4fd1-b309-5c6176f4f6d9","teamId":"8d34d165-da65-4d2d-8417-479ed1fcdad3","metadata":{"invitationId":"b8a99c67-40dc-4be1-a7a5-9488b4d0b377","email":"invitee-5-1764695500118@example.com","operationalRole":"TEAM_MEMBER"}}
[2025-12-02T17:11:40.127Z] [App] [INFO] email.queued.duplicate {
  userId: '09dbe814-8f76-4fd1-b309-5c6176f4f6d9',
  tokenId: undefined,
  type: 'team_invitation',
  existingJobId: 'a5828e54-51d6-40c6-b0e5-698717552dc0'
}
[2025-12-02T17:11:40.127Z] [App] [INFO] {"eventId":"15c88ce7-5d5f-4911-b391-1a2ed9e20908","eventType":"team.invitation.create.success","timestamp":"2025-12-02T17:11:40.127Z","outcome":"success","userId":"09dbe814-8f76-4fd1-b309-5c6176f4f6d9","teamId":"8d34d165-da65-4d2d-8417-479ed1fcdad3","metadata":{"invitationId":"1c360b7d-5248-4753-8fd1-1ef456bddd8a","email":"invitee-6-1764695500125@example.com","operationalRole":"TEAM_MEMBER"}}
[2025-12-02T17:11:40.131Z] [App] [INFO] email.queued.duplicate {
  userId: '09dbe814-8f76-4fd1-b309-5c6176f4f6d9',
  tokenId: undefined,
  type: 'team_invitation',
  existingJobId: 'a5828e54-51d6-40c6-b0e5-698717552dc0'
}
[2025-12-02T17:11:40.131Z] [App] [INFO] {"eventId":"d6d45d85-2212-4c81-b75d-8f60c238e122","eventType":"team.invitation.create.success","timestamp":"2025-12-02T17:11:40.131Z","outcome":"success","userId":"09dbe814-8f76-4fd1-b309-5c6176f4f6d9","teamId":"8d34d165-da65-4d2d-8417-479ed1fcdad3","metadata":{"invitationId":"110570c3-6156-4580-9668-a68d4d8cd144","email":"invitee-7-1764695500127@example.com","operationalRole":"TEAM_MEMBER"}}
[2025-12-02T17:11:40.133Z] [App] [INFO] email.queued.duplicate {
  userId: '09dbe814-8f76-4fd1-b309-5c6176f4f6d9',
  tokenId: undefined,
  type: 'team_invitation',
  existingJobId: 'a5828e54-51d6-40c6-b0e5-698717552dc0'
}
[2025-12-02T17:11:40.133Z] [App] [INFO] {"eventId":"ee13cadf-89c9-4c3e-b910-50a1801629dc","eventType":"team.invitation.create.success","timestamp":"2025-12-02T17:11:40.133Z","outcome":"success","userId":"09dbe814-8f76-4fd1-b309-5c6176f4f6d9","teamId":"8d34d165-da65-4d2d-8417-479ed1fcdad3","metadata":{"invitationId":"e0eb9354-cbc7-494e-a77b-3910d0bff820","email":"invitee-8-1764695500131@example.com","operationalRole":"TEAM_MEMBER"}}
[2025-12-02T17:11:40.138Z] [App] [INFO] email.queued.duplicate {
  userId: '09dbe814-8f76-4fd1-b309-5c6176f4f6d9',
  tokenId: undefined,
  type: 'team_invitation',
  existingJobId: 'a5828e54-51d6-40c6-b0e5-698717552dc0'
}
[2025-12-02T17:11:40.138Z] [App] [INFO] {"eventId":"e24da09d-574b-4e04-9ecb-965ae1cba0a4","eventType":"team.invitation.create.success","timestamp":"2025-12-02T17:11:40.138Z","outcome":"success","userId":"09dbe814-8f76-4fd1-b309-5c6176f4f6d9","teamId":"8d34d165-da65-4d2d-8417-479ed1fcdad3","metadata":{"invitationId":"d8ccba70-25a7-41c3-863d-5e45e85aebb1","email":"invitee-9-1764695500133@example.com","operationalRole":"TEAM_MEMBER"}}

stderr | src/server/teams/__tests__/invitation-flow.integration.test.ts > Integration Test: Complete Invitation Flow > should enforce invitation rate limiting
[2025-12-02T17:11:40.139Z] [App] [WARN] {"eventId":"00291e74-c7db-4096-8832-2c4159268891","eventType":"team.invitation.create.failure","timestamp":"2025-12-02T17:11:40.139Z","outcome":"failure","userId":"09dbe814-8f76-4fd1-b309-5c6176f4f6d9","teamId":"8d34d165-da65-4d2d-8417-479ed1fcdad3","errorCode":"RATE_LIMIT_EXCEEDED","errorMessage":"Invitation rate limit exceeded (10 per hour)","metadata":{"email":"invitee-11-1764695500138@example.com","count":10}}

stdout | src/server/teams/__tests__/invitation-flow.integration.test.ts > Integration Test: Complete Invitation Flow > should assign management and operational roles from invitation
[2025-12-02T17:11:40.202Z] [App] [INFO] {"eventId":"52a53772-d14d-4c7b-8bca-077c76945c3d","eventType":"team.create.success","timestamp":"2025-12-02T17:11:40.202Z","outcome":"success","userId":"91ccf221-ad7b-4882-ad3b-e85152cc2f50","teamId":"7319b342-e424-49eb-9ea8-e3802e436951","teamName":"Roles Test Team","metadata":{"slug":"roles-test-team","planId":"free"}}
[2025-12-02T17:11:40.209Z] [App] [INFO] email.queued {
  jobId: 'aec75b38-b13c-459f-afde-1b884efd65a3',
  userId: '91ccf221-ad7b-4882-ad3b-e85152cc2f50',
  tokenId: undefined,
  type: 'team_invitation',
  to: 'invitee-roles-1764695500202@example.com'
}
[2025-12-02T17:11:40.209Z] [App] [INFO] {"eventId":"1c78a067-444f-4fc0-8a13-19c086a6bce9","eventType":"team.invitation.create.success","timestamp":"2025-12-02T17:11:40.209Z","outcome":"success","userId":"91ccf221-ad7b-4882-ad3b-e85152cc2f50","teamId":"7319b342-e424-49eb-9ea8-e3802e436951","metadata":{"invitationId":"19d99bc0-49ea-43bb-b0e8-32c8fe41a3bb","email":"invitee-roles-1764695500202@example.com","managementRole":"TEAM_ADMIN","operationalRole":"TEAM_EDITOR"}}
[2025-12-02T17:11:40.232Z] [App] [INFO] {"eventId":"f88fe981-4a1a-430e-bcff-dee0f879b4e5","eventType":"team.member.add.success","timestamp":"2025-12-02T17:11:40.232Z","outcome":"success","userId":"91ccf221-ad7b-4882-ad3b-e85152cc2f50","teamId":"7319b342-e424-49eb-9ea8-e3802e436951","metadata":{"addedUserId":"e5e5d84b-9eb0-4f19-823d-f21377984c2b","managementRole":"TEAM_ADMIN","operationalRole":"TEAM_EDITOR"}}
[2025-12-02T17:11:40.232Z] [App] [INFO] {"eventId":"b171bd35-5b28-4b5c-a824-885a1cc63a7e","eventType":"team.invitation.accept.success","timestamp":"2025-12-02T17:11:40.232Z","outcome":"success","userId":"e5e5d84b-9eb0-4f19-823d-f21377984c2b","teamId":"7319b342-e424-49eb-9ea8-e3802e436951","metadata":{"invitationId":"19d99bc0-49ea-43bb-b0e8-32c8fe41a3bb"}}

stdout | src/app/api/auth/reset-password/__tests__/reset-password.property.test.ts > POST /api/auth/reset-password - Property-Based Tests > Property 17: Password reset invalidates all sessions
{"eventId":"cad05bd0-29b1-4568-9ac7-ac158d9944e0","eventType":"auth.reset_password.success","timestamp":"2025-12-02T17:11:40.336Z","outcome":"success","userId":"bfe9bbd0-5e99-441c-ba8a-00c8f8b1b240","email":"ef8f27429376ad0a","ipAddress":"127.0.0.1","userAgent":"unknown","requestId":"35944fbc-cb8a-491b-9505-ec346e0d6e2e","metadata":{"tokenId":"bc7fd6e2-8cb9-4248-ba01-6c90b3f88a71","sessionsInvalidated":true}}

stdout | Object.info (/Users/BYKHD/Documents/GitHub/ui-syncup/src/lib/logger.ts:175:15)
[2025-12-02T17:11:40.342Z] [App] [INFO] email.worker.sigterm

stdout | src/server/auth/__tests__/rbac.test.ts > RBAC - Property-Based Tests > Property: Role assignment is idempotent
[2025-12-02T17:11:40.395Z] [App] [INFO] rbac.assign_role.success {
  userId: '6a3f558f-fec0-4635-95fa-8ae672ac03c6',
  role: 'TEAM_ADMIN',
  resourceType: 'team',
  resourceId: '8a757c84-c943-47ff-9d3a-50215c71a962',
  roleId: 'a5b7dbaf-7037-482f-a3fc-cd607da2dd30'
}
[2025-12-02T17:11:40.396Z] [App] [INFO] rbac.assign_role.already_exists {
  userId: '6a3f558f-fec0-4635-95fa-8ae672ac03c6',
  role: 'TEAM_ADMIN',
  resourceType: 'team',
  resourceId: '8a757c84-c943-47ff-9d3a-50215c71a962'
}

stdout | src/server/teams/__tests__/team-creation-logging.property.test.ts > Property 5: Team creation is logged > team creation logs event with team ID
[2025-12-02T17:11:37.808Z] [App] [INFO] {"eventId":"dcbbd413-a327-4a6d-a12a-698ace05fa07","eventType":"team.create.success","timestamp":"2025-12-02T17:11:37.808Z","outcome":"success","userId":"c53de6ea-2c7a-4133-8b52-8a0e5efcd171","teamId":"002a4ceb-2c01-48b0-9bcd-024b6c7cf540","teamName":"bNwsQbq","metadata":{"slug":"bnwsqbq","planId":"free"}}
[2025-12-02T17:11:37.816Z] [App] [INFO] {"eventId":"5e0b8e9c-126b-4918-894f-1124468e8a58","eventType":"team.create.success","timestamp":"2025-12-02T17:11:37.816Z","outcome":"success","userId":"dd37bdc2-7576-41aa-ba73-9b577abf909a","teamId":"4e89c116-3976-45bf-b927-b7614a679a3f","teamName":"Q{jtFlHG+dLb6&","metadata":{"slug":"qjtflhgdlb6","planId":"free"}}
[2025-12-02T17:11:37.834Z] [App] [INFO] {"eventId":"ea860a2e-a6b8-4bb0-a1ec-25ee290730ef","eventType":"team.create.success","timestamp":"2025-12-02T17:11:37.834Z","outcome":"success","userId":"a4fa9452-334c-45cb-ae81-0f25e79b3563","teamId":"b9780050-97d5-4dc2-b95c-4d00891ecd6b","teamName":"4'KEv","metadata":{"slug":"4kev","planId":"free"}}
[2025-12-02T17:11:37.837Z] [App] [INFO] {"eventId":"dff11b47-7c24-4250-803c-9c65d0a647ed","eventType":"team.create.success","timestamp":"2025-12-02T17:11:37.837Z","outcome":"success","userId":"2d0c5d38-401a-4068-b3ae-a7149bcb7fc5","teamId":"ecbf71c8-d2ca-4e98-b663-4c1c31cd915d","teamName":"\"`{K |wxA7%e","metadata":{"slug":"k-wxa7e","planId":"free"}}
[2025-12-02T17:11:37.840Z] [App] [INFO] {"eventId":"ce86412c-c8d7-4cf9-ae30-bb6db6529767","eventType":"team.create.success","timestamp":"2025-12-02T17:11:37.840Z","outcome":"success","userId":"07b546a1-22d9-4d09-ba9a-18dc509686ce","teamId":"73f204c4-861c-44e2-8fed-94442ff156de","teamName":"ctor<","metadata":{"slug":"ctor","planId":"free"}}
[2025-12-02T17:11:37.843Z] [App] [INFO] {"eventId":"3994237d-8c48-4500-a0e8-2ba4ff884edb","eventType":"team.create.success","timestamp":"2025-12-02T17:11:37.843Z","outcome":"success","userId":"ba19c492-99e1-4d28-9186-b358b66d15fc","teamId":"d66c82dc-7a1b-4456-8e8a-ac4bc129b9a1","teamName":"&appl","metadata":{"slug":"appl","planId":"free"}}
[2025-12-02T17:11:37.853Z] [App] [INFO] {"eventId":"cb38fa50-eee4-4091-a948-f557cebca2eb","eventType":"team.create.success","timestamp":"2025-12-02T17:11:37.853Z","outcome":"success","userId":"4b3d6aaa-ae9a-4c49-a681-9f1f3072c707","teamId":"041f0704-5855-4cc3-ba44-99dbb4be5a1a","teamName":"}j`-k WJ>|ejY^","metadata":{"slug":"j-k-wjejy","planId":"free"}}
[2025-12-02T17:11:37.855Z] [App] [INFO] {"eventId":"1dac3894-230e-41d2-8e0a-d09c9a6536e3","eventType":"team.create.success","timestamp":"2025-12-02T17:11:37.855Z","outcome":"success","userId":"c0835b1c-745e-46a4-a3a9-9b16fc3c8c52","teamId":"f68fada7-33df-42bd-91d6-a7e5c67b5a51","teamName":"toString","metadata":{"slug":"tostring","planId":"free"}}
[2025-12-02T17:11:37.871Z] [App] [INFO] {"eventId":"d6fad689-a281-42ab-8010-1e2a7f1d4b99","eventType":"team.create.success","timestamp":"2025-12-02T17:11:37.871Z","outcome":"success","userId":"cb453d95-9056-45fc-a0f4-8590bfb81e31","teamId":"fbf9a9b8-8719-452a-938c-476bb32011ac","teamName":"<xw&HW'","metadata":{"slug":"xwhw","planId":"free"}}
[2025-12-02T17:11:37.874Z] [App] [INFO] {"eventId":"ef5a2d85-cc45-4abe-9928-7adc2415d738","eventType":"team.create.success","timestamp":"2025-12-02T17:11:37.874Z","outcome":"success","userId":"09fbe623-b5be-499f-b779-95e7c5473469","teamId":"f9eb6024-1249-4cbe-abf8-789b147fbf7a","teamName":"F#Y?1dUrdG$$}","metadata":{"slug":"fy1durdg","planId":"free"}}
[2025-12-02T17:11:37.876Z] [App] [INFO] {"eventId":"1670c244-0c32-434d-b23b-8decdf58ea2b","eventType":"team.create.success","timestamp":"2025-12-02T17:11:37.876Z","outcome":"success","userId":"b1f83464-dc6d-4d13-a0ac-401856279826","teamId":"96173e42-5186-471d-b794-81c6922ef80a","teamName":"v_Bvw*0j>e|^Z","metadata":{"slug":"vbvw0jez","planId":"free"}}
[2025-12-02T17:11:37.884Z] [App] [INFO] {"eventId":"a9eb5322-fe89-45c1-bc33-9ccc66dd840a","eventType":"team.create.success","timestamp":"2025-12-02T17:11:37.880Z","outcome":"success","userId":"6def6bbf-b2e4-4410-a8bb-971c4414458e","teamId":"842eac4f-c1a4-4c70-9ee8-ad7ac66ad7ff","teamName":"V/159K&)D?ZQt,","metadata":{"slug":"v159kdzqt","planId":"free"}}
[2025-12-02T17:11:37.888Z] [App] [INFO] {"eventId":"40dabee6-8d49-4ad8-b1be-c568c8c9cf16","eventType":"team.create.success","timestamp":"2025-12-02T17:11:37.888Z","outcome":"success","userId":"857a6d6a-f472-4989-a621-a3d295a9dc97","teamId":"91b04de3-d823-4ea6-91ad-bda72cd4bc3d","teamName":"z)cwUkZXz*,NhE","metadata":{"slug":"zcwukzxznhe","planId":"free"}}
[2025-12-02T17:11:37.890Z] [App] [INFO] {"eventId":"1f99d932-6510-49bb-8616-91d1966b36f9","eventType":"team.create.success","timestamp":"2025-12-02T17:11:37.890Z","outcome":"success","userId":"e3647de6-d8ad-46c4-80e0-18e5882b2647","teamId":"d98c1e5e-5cdf-492c-8b56-a8089d8582a5","teamName":"i=B!Q}Dx& s","metadata":{"slug":"ibqdx-s","planId":"free"}}
[2025-12-02T17:11:37.892Z] [App] [INFO] {"eventId":"4c1d2524-56be-4282-89b7-be5a451c2bb6","eventType":"team.create.success","timestamp":"2025-12-02T17:11:37.892Z","outcome":"success","userId":"fada0479-459f-4b3b-8c5b-011a9cfd8e85","teamId":"4f92d2df-b1fd-4be5-aeb2-e7866f80fcee","teamName":"4s!:","metadata":{"slug":"4s","planId":"free"}}
[2025-12-02T17:11:37.907Z] [App] [INFO] {"eventId":"8a181a55-58fe-4725-9af8-a0621c1ca701","eventType":"team.create.success","timestamp":"2025-12-02T17:11:37.907Z","outcome":"success","userId":"445b7305-8bb2-423a-a5e3-c5dc7d3a2f2f","teamId":"38fe4f1a-1404-4559-a6b3-4476316a99cb","teamName":"[IdF","metadata":{"slug":"idf","planId":"free"}}
[2025-12-02T17:11:37.916Z] [App] [INFO] {"eventId":"7b4f9e8d-2780-4bde-a5c6-66b2410ea248","eventType":"team.create.success","timestamp":"2025-12-02T17:11:37.916Z","outcome":"success","userId":"59bb3c24-e1d4-4e31-9e87-f3d2b743759f","teamId":"5be28b66-b21f-4fd0-8ac8-ca947089e95b","teamName":"c\"M'7(:N7s.:o","metadata":{"slug":"cm7n7so","planId":"free"}}
[2025-12-02T17:11:37.919Z] [App] [INFO] {"eventId":"ca3d1880-523b-41d6-b734-53b8c84ff8b7","eventType":"team.create.success","timestamp":"2025-12-02T17:11:37.919Z","outcome":"success","userId":"5c0b2714-ec66-4a9c-96a1-8e9d7c064361","teamId":"ba627666-dabd-44a5-8ce9-1a96a4296ef4","teamName":"&i+<NSXhFVD2#=","metadata":{"slug":"insxhfvd2","planId":"free"}}
[2025-12-02T17:11:37.930Z] [App] [INFO] {"eventId":"cba5b148-449c-413e-ab7f-d5a8c875b8e3","eventType":"team.create.success","timestamp":"2025-12-02T17:11:37.930Z","outcome":"success","userId":"b257734a-aeb8-455e-8041-205999c354c7","teamId":"a078642e-eb3a-48b6-a729-4465927ccd3c","teamName":"V$4I%H)g)${","metadata":{"slug":"v4ihg","planId":"free"}}
[2025-12-02T17:11:37.950Z] [App] [INFO] {"eventId":"f3c21356-1661-4125-b506-9081b504f59f","eventType":"team.create.success","timestamp":"2025-12-02T17:11:37.950Z","outcome":"success","userId":"aef44c47-e0fd-455d-9b32-d86c5f0a461a","teamId":"5ecf93a6-9607-408b-ae39-b3f43d05ce79","teamName":"mn:#J:","metadata":{"slug":"mnj","planId":"free"}}

stdout | src/server/teams/__tests__/team-creation-logging.property.test.ts > Property 5: Team creation is logged > team creation logs event with creator ID
[2025-12-02T17:11:38.272Z] [App] [INFO] {"eventId":"ebe29513-2cf4-4293-a616-6848b93b3ece","eventType":"team.create.success","timestamp":"2025-12-02T17:11:38.272Z","outcome":"success","userId":"17c6dfd2-e1da-4a44-994c-d92868593a14","teamId":"742f1a1a-e0ee-4679-a6a2-3237ad027df6","teamName":"Bvalu","metadata":{"slug":"bvalu","planId":"free"}}
[2025-12-02T17:11:38.276Z] [App] [INFO] {"eventId":"cbbf15e8-0a0d-4562-a6cf-dcda803e6389","eventType":"team.create.success","timestamp":"2025-12-02T17:11:38.276Z","outcome":"success","userId":"7988b306-3880-4844-be64-41b1b514319f","teamId":"c9bb15f7-d574-420d-902f-9962270a491c","teamName":"9u}Wj.qZ7Ad","metadata":{"slug":"9uwjqz7ad","planId":"free"}}
[2025-12-02T17:11:38.282Z] [App] [INFO] {"eventId":"97fdae19-f79c-44c5-8756-a5d3413c0aff","eventType":"team.create.success","timestamp":"2025-12-02T17:11:38.281Z","outcome":"success","userId":"62e6e8a0-956b-4a3b-8329-112ddd14a363","teamId":"b20ac4b5-1c3b-4772-a0da-d2dd9e408554","teamName":"ref","metadata":{"slug":"ref","planId":"free"}}
[2025-12-02T17:11:38.284Z] [App] [INFO] {"eventId":"479c14d4-c912-4d60-873a-dd8517c29e17","eventType":"team.create.success","timestamp":"2025-12-02T17:11:38.284Z","outcome":"success","userId":"cd46908e-dc21-4d7a-8311-dd6e1b1c7089","teamId":"7eca4613-6146-4cfd-8608-5cc9ac149db1","teamName":"hWse,DJ}};","metadata":{"slug":"hwsedj","planId":"free"}}
[2025-12-02T17:11:38.287Z] [App] [INFO] {"eventId":"db173f19-2db7-46e9-8b6e-4baf498fe40f","eventType":"team.create.success","timestamp":"2025-12-02T17:11:38.287Z","outcome":"success","userId":"848a535a-bcd6-4cb3-9348-9ecc0bd47fa3","teamId":"b62f697b-66db-49fa-a1a2-8c3176459565","teamName":"Um&!=BH7","metadata":{"slug":"umbh7","planId":"free"}}
[2025-12-02T17:11:38.290Z] [App] [INFO] {"eventId":"cd61d948-fa38-4b88-b08a-f5ed38813917","eventType":"team.create.success","timestamp":"2025-12-02T17:11:38.290Z","outcome":"success","userId":"3e09b787-9509-4a53-bc3b-4bda0834a691","teamId":"ecedf050-4645-4c72-87df-5900d829bebd","teamName":"value","metadata":{"slug":"value","planId":"free"}}
[2025-12-02T17:11:38.293Z] [App] [INFO] {"eventId":"2d747769-d210-4196-9496-2b07b504e719","eventType":"team.create.success","timestamp":"2025-12-02T17:11:38.293Z","outcome":"success","userId":"bc611ecf-9c74-4a6f-98e8-3536efd8468b","teamId":"508cca0d-99c5-4769-92ef-3f21416fa8b3","teamName":"hasOwnProperty","metadata":{"slug":"hasownproperty","planId":"free"}}
[2025-12-02T17:11:38.359Z] [App] [INFO] {"eventId":"c0323cc1-e8f0-4946-bdde-9039a6b24bc9","eventType":"team.create.success","timestamp":"2025-12-02T17:11:38.359Z","outcome":"success","userId":"081a511a-993b-4427-b568-5052a2756050","teamId":"a7076c23-8c71-4f7f-8e45-df410dc11e2e","teamName":" #zk!BJ$","metadata":{"slug":"zkbj","planId":"free"}}
[2025-12-02T17:11:38.384Z] [App] [INFO] {"eventId":"69aa20c9-b45e-4759-a9a8-21fd68a3798f","eventType":"team.create.success","timestamp":"2025-12-02T17:11:38.384Z","outcome":"success","userId":"3783ac40-1543-44b1-b465-df526f7f8557","teamId":"d92b06d1-5349-490a-80a3-6c67fe6ec44c","teamName":"bkD:Wa?'.r`i","metadata":{"slug":"bkdwari","planId":"free"}}
[2025-12-02T17:11:38.387Z] [App] [INFO] {"eventId":"b175dfd9-c34b-4b7a-8302-2c0b50b4df71","eventType":"team.create.success","timestamp":"2025-12-02T17:11:38.387Z","outcome":"success","userId":"064aad93-afa0-4112-b093-f0d649728be8","teamId":"554e24b5-98b9-4f97-97f3-b226da7a0d24","teamName":"rBc69ZT","metadata":{"slug":"rbc69zt","planId":"free"}}
[2025-12-02T17:11:38.390Z] [App] [INFO] {"eventId":"cf000765-3a77-48c0-8c40-b214b3ea8b20","eventType":"team.create.success","timestamp":"2025-12-02T17:11:38.390Z","outcome":"success","userId":"95521a2e-bac8-4c37-9587-ef882bd2859f","teamId":"fcf292f5-75cf-47ec-bfd6-ca43f9c137e6","teamName":"2&{{M;p/1O","metadata":{"slug":"2mp1o","planId":"free"}}
[2025-12-02T17:11:38.392Z] [App] [INFO] {"eventId":"168ac164-d445-4b76-8411-88fe1c942457","eventType":"team.create.success","timestamp":"2025-12-02T17:11:38.392Z","outcome":"success","userId":"029299c9-24b7-4c7a-8895-77c7190677e6","teamId":"cd393383-5572-4a48-b4fa-22bc8ff346e7","teamName":"t&4.","metadata":{"slug":"t4","planId":"free"}}
[2025-12-02T17:11:38.398Z] [App] [INFO] {"eventId":"5c1a972b-2758-4dea-9c4b-a59013311ea9","eventType":"team.create.success","timestamp":"2025-12-02T17:11:38.398Z","outcome":"success","userId":"88f3432b-3ca6-4114-9a10-57da2446044e","teamId":"8409b975-80ff-43c4-8153-8b06368618eb","teamName":"6i","metadata":{"slug":"6i","planId":"free"}}
[2025-12-02T17:11:38.403Z] [App] [INFO] {"eventId":"01a8860e-7703-4371-8928-cc9ac81b83f1","eventType":"team.create.success","timestamp":"2025-12-02T17:11:38.403Z","outcome":"success","userId":"6aa048cb-0058-4d68-9673-3290dfdfb0e4","teamId":"0bbbb223-26d3-48a6-b6c2-8613340d7f99","teamName":"Bkey_","metadata":{"slug":"bkey","planId":"free"}}
[2025-12-02T17:11:38.405Z] [App] [INFO] {"eventId":"2582f1a9-e8d6-43a8-a7b6-7933cc03ede0","eventType":"team.create.success","timestamp":"2025-12-02T17:11:38.405Z","outcome":"success","userId":"3c2d1364-6637-48d1-a56e-ff2d2702503c","teamId":"7e3a54c4-52fa-4903-b012-b5cf5090097c","teamName":"YQ/?a``j@","metadata":{"slug":"yqaj","planId":"free"}}
[2025-12-02T17:11:38.408Z] [App] [INFO] {"eventId":"b5378bfb-4a2e-4be4-ae31-0b721849f2a1","eventType":"team.create.success","timestamp":"2025-12-02T17:11:38.408Z","outcome":"success","userId":"bb600770-9663-4ead-9dd4-f2d01c613dc0","teamId":"311afb22-f34d-43cb-9435-3322c7594311","teamName":"^,xziq","metadata":{"slug":"xziq","planId":"free"}}
[2025-12-02T17:11:38.410Z] [App] [INFO] {"eventId":"338ae1be-3083-4832-9bb9-c1ed20fa2144","eventType":"team.create.success","timestamp":"2025-12-02T17:11:38.410Z","outcome":"success","userId":"86d3c3a0-ca69-4306-985e-bb6c4bb5d4b8","teamId":"a6f1c6de-d098-4423-ae2c-0e2a4a87599c","teamName":"OMt<Q'%","metadata":{"slug":"omtq","planId":"free"}}
[2025-12-02T17:11:38.424Z] [App] [INFO] {"eventId":"68bc3e3f-6ed6-44ff-a70a-503a6091b4b3","eventType":"team.create.success","timestamp":"2025-12-02T17:11:38.424Z","outcome":"success","userId":"2192f12d-c175-4914-a204-6dd964ba640e","teamId":"e5c90f03-8ad8-4a77-a2da-e6dcd586d160","teamName":"refr","metadata":{"slug":"refr","planId":"free"}}
[2025-12-02T17:11:38.454Z] [App] [INFO] {"eventId":"0fefefd4-2bad-4702-8605-79a8a6046fbc","eventType":"team.create.success","timestamp":"2025-12-02T17:11:38.454Z","outcome":"success","userId":"b056e701-e847-402e-91b5-b66b5afb2660","teamId":"4d5adcf0-8e84-4d08-8791-9cb627429014","teamName":"7&(_Xw:pk=*gxI","metadata":{"slug":"7xwpkgxi","planId":"free"}}
[2025-12-02T17:11:38.456Z] [App] [INFO] {"eventId":"6692f619-d203-48bc-8539-147b636c7d54","eventType":"team.create.success","timestamp":"2025-12-02T17:11:38.456Z","outcome":"success","userId":"3225e9d1-8913-4813-941b-084b5cf4b363","teamId":"fc1fc893-c1bc-47c1-8d8a-ee7efe9d332a","teamName":"g'2O%[:C","metadata":{"slug":"g2oc","planId":"free"}}

stdout | src/server/teams/__tests__/team-creation-logging.property.test.ts > Property 5: Team creation is logged > team creation logs event with timestamp
[2025-12-02T17:11:38.709Z] [App] [INFO] {"eventId":"ca24e39b-5125-474c-abac-48e92d942d74","eventType":"team.create.success","timestamp":"2025-12-02T17:11:38.709Z","outcome":"success","userId":"56ba56fb-3246-4bd9-b346-bc7a25a78afb","teamId":"ec2dd03e-3245-4730-9cb7-02dbba7d37b2","teamName":"Uld~w","metadata":{"slug":"uldw","planId":"free"}}
[2025-12-02T17:11:38.723Z] [App] [INFO] {"eventId":"c3212481-0b07-4cdb-9a46-bb61570f1088","eventType":"team.create.success","timestamp":"2025-12-02T17:11:38.722Z","outcome":"success","userId":"3505df8c-d91b-4c64-90b4-a637324f55f9","teamId":"fbf44aba-eb83-46f7-b024-587166482d97","teamName":"G[t?=6Q~_K+","metadata":{"slug":"gt6qk","planId":"free"}}
[2025-12-02T17:11:38.738Z] [App] [INFO] {"eventId":"fd961476-c2e4-4d3b-bba5-fa1c398886d6","eventType":"team.create.success","timestamp":"2025-12-02T17:11:38.738Z","outcome":"success","userId":"cffead13-8c72-47ba-bd73-7f4334c2dfb4","teamId":"4736579a-6aef-431b-b567-62ecd5c7f622","teamName":"constructo","metadata":{"slug":"constructo","planId":"free"}}
[2025-12-02T17:11:38.749Z] [App] [INFO] {"eventId":"07ce95d2-9015-4b80-9a61-af2fbbb21146","eventType":"team.create.success","timestamp":"2025-12-02T17:11:38.747Z","outcome":"success","userId":"44e2a55b-afee-40e6-9040-eaf7922c163a","teamId":"2315dabb-0f66-4da8-bf8e-60a9516447bb","teamName":"amw7`~R42eD0|,","metadata":{"slug":"amw7r42ed0","planId":"free"}}
[2025-12-02T17:11:38.765Z] [App] [INFO] {"eventId":"0fadd714-3e0f-4875-aa22-78fa87821585","eventType":"team.create.success","timestamp":"2025-12-02T17:11:38.765Z","outcome":"success","userId":"a1158499-9103-4c10-9f8a-116ea80e5080","teamId":"051dface-9dcc-48c8-9a45-c5c9ca5bc326","teamName":"yC|~`[","metadata":{"slug":"yc","planId":"free"}}
[2025-12-02T17:11:38.768Z] [App] [INFO] {"eventId":"0f6c4f75-e5be-4880-886a-f0e495299168","eventType":"team.create.success","timestamp":"2025-12-02T17:11:38.768Z","outcome":"success","userId":"b08aaa1e-452f-408e-81b4-06635fc43979","teamId":"2ec60c07-3475-4a52-8c04-19c05a6c1633","teamName":"]~Y\"z#\"s&T&+#","metadata":{"slug":"yzst","planId":"free"}}
[2025-12-02T17:11:38.774Z] [App] [INFO] {"eventId":"2d6b28ae-699f-4261-8fc4-b72b7cbff163","eventType":"team.create.success","timestamp":"2025-12-02T17:11:38.774Z","outcome":"success","userId":"f66f999a-b878-4bb2-9545-1a7d2f58605d","teamId":"8b110245-13ae-418f-9d05-70bc6f33915e","teamName":"xQN5lQu8{0f","metadata":{"slug":"xqn5lqu80f","planId":"free"}}
[2025-12-02T17:11:38.779Z] [App] [INFO] {"eventId":"2954c725-b571-4c0e-a56b-59bd2c1c1f38","eventType":"team.create.success","timestamp":"2025-12-02T17:11:38.779Z","outcome":"success","userId":"5d3d1eed-86ea-4aac-8737-159f4f7cd033","teamId":"44f30dc1-427a-4416-9593-f94777e8097c","teamName":"lB]Tkp","metadata":{"slug":"lbtkp","planId":"free"}}
[2025-12-02T17:11:38.785Z] [App] [INFO] {"eventId":"bd35c942-ab68-48d8-9b40-8c13f284389d","eventType":"team.create.success","timestamp":"2025-12-02T17:11:38.785Z","outcome":"success","userId":"c6e5388c-9b0f-40b0-a9cf-0a1f09d2080f","teamId":"9a1a7c8a-fc29-46eb-98cb-196c44a76c0b","teamName":"(.P<K0'","metadata":{"slug":"pk0","planId":"free"}}
[2025-12-02T17:11:38.789Z] [App] [INFO] {"eventId":"a34af5ff-b937-46e4-a93e-aa1675c4e7f6","eventType":"team.create.success","timestamp":"2025-12-02T17:11:38.789Z","outcome":"success","userId":"b7186734-110f-46fb-98ae-0728d3bd3330","teamId":"d9c7029a-5437-4626-ad5c-de5b4af293f6","teamName":"~-6g^Ztql5ens`","metadata":{"slug":"6gztql5ens","planId":"free"}}
[2025-12-02T17:11:38.791Z] [App] [INFO] {"eventId":"acc3b1a5-04f1-42b0-8a43-4d435b992a3f","eventType":"team.create.success","timestamp":"2025-12-02T17:11:38.791Z","outcome":"success","userId":"df0acfdc-14b8-4364-aafe-73393fe240e4","teamId":"d955bf10-f3a0-40ea-a311-e65516fe11a5","teamName":":%l4Q l|","metadata":{"slug":"l4q-l","planId":"free"}}
[2025-12-02T17:11:38.793Z] [App] [INFO] {"eventId":"a5b685ca-3894-4a8b-b657-b9a645724787","eventType":"team.create.success","timestamp":"2025-12-02T17:11:38.793Z","outcome":"success","userId":"2c088595-97a6-4f01-9b04-08b9716da410","teamId":"77f0444d-bb95-44fa-94a1-888b708ee7c4","teamName":"Bo0(-Dl*,y","metadata":{"slug":"bo0-dly","planId":"free"}}
[2025-12-02T17:11:38.840Z] [App] [INFO] {"eventId":"4eeae9fc-ccd5-4820-ae33-35a008e8a269","eventType":"team.create.success","timestamp":"2025-12-02T17:11:38.840Z","outcome":"success","userId":"ad88d83b-0f02-4aaf-b732-c33959e52552","teamId":"abe5d5ad-31b7-4ccc-b887-a2cf5fff23bf","teamName":"I@R","metadata":{"slug":"ir","planId":"free"}}
[2025-12-02T17:11:38.842Z] [App] [INFO] {"eventId":"13ed41d7-2bf5-4b43-8caf-cc997cb2409e","eventType":"team.create.success","timestamp":"2025-12-02T17:11:38.842Z","outcome":"success","userId":"330d754c-59d4-4b74-9184-526a56f4bbe8","teamId":"621968a8-359b-488a-a81a-869472bdf820","teamName":"0?8Uj1","metadata":{"slug":"08uj1","planId":"free"}}
[2025-12-02T17:11:38.856Z] [App] [INFO] {"eventId":"821d903f-74ef-4d21-a965-10340edffd2c","eventType":"team.create.success","timestamp":"2025-12-02T17:11:38.856Z","outcome":"success","userId":"a1f89e5c-4c62-42fa-b596-2598cec12802","teamId":"29bb0633-ec07-488a-acea-3765be885bc7","teamName":"B%w&%G{)&S","metadata":{"slug":"bwgs","planId":"free"}}
[2025-12-02T17:11:38.859Z] [App] [INFO] {"eventId":"dd1213a5-9624-46d2-95f0-567088ac587b","eventType":"team.create.success","timestamp":"2025-12-02T17:11:38.859Z","outcome":"success","userId":"ce17473c-342a-4584-9c1e-47248e420cd3","teamId":"f4e9c8c4-ffb8-4043-ad39-e9c4eb2c85d6","teamName":"jBz)(]cN?<jae","metadata":{"slug":"jbzcnjae","planId":"free"}}
[2025-12-02T17:11:38.861Z] [App] [INFO] {"eventId":"e1783df8-9ba3-455b-9ef8-35f76bdd1cd2","eventType":"team.create.success","timestamp":"2025-12-02T17:11:38.861Z","outcome":"success","userId":"bf5dccbe-205b-4b09-8d46-f476b976a090","teamId":"cd5af42d-6559-470f-bb5a-976dc444e341","teamName":",Xco'|","metadata":{"slug":"xco","planId":"free"}}
[2025-12-02T17:11:38.865Z] [App] [INFO] {"eventId":"f1c06209-3d13-41e5-bb15-0b060a2f44db","eventType":"team.create.success","timestamp":"2025-12-02T17:11:38.865Z","outcome":"success","userId":"1d6977ed-1ad4-41da-af09-e53be0373ac1","teamId":"1d5e1db2-9a9b-4662-9aa7-b40779c3ae18","teamName":"[sMuVy-@lwwu ","metadata":{"slug":"smuvy-lwwu","planId":"free"}}
[2025-12-02T17:11:38.867Z] [App] [INFO] {"eventId":"2a380ca7-a0ec-4335-a40a-f68293da9f4a","eventType":"team.create.success","timestamp":"2025-12-02T17:11:38.867Z","outcome":"success","userId":"985eb96d-885b-4620-83da-23eb7da61dbf","teamId":"5590fbc2-f878-4688-aee8-a00c27712e17","teamName":"ugm(lx(W","metadata":{"slug":"ugmlxw","planId":"free"}}
[2025-12-02T17:11:38.869Z] [App] [INFO] {"eventId":"7360e268-0ecb-4854-a523-fde54108c4ee","eventType":"team.create.success","timestamp":"2025-12-02T17:11:38.869Z","outcome":"success","userId":"16cb7eee-b50d-42f7-83df-ec3c91b56067","teamId":"9567a198-31ce-4fef-a4d7-677b16916ccb","teamName":"ZOG[L-c5PT","metadata":{"slug":"zogl-c5pt","planId":"free"}}

stdout | src/server/teams/__tests__/team-creation-logging.property.test.ts > Property 5: Team creation is logged > team creation logs event with team name
[2025-12-02T17:11:39.001Z] [App] [INFO] {"eventId":"92d908ab-8986-48c8-b2c1-4a7a47cf98fb","eventType":"team.create.success","timestamp":"2025-12-02T17:11:39.001Z","outcome":"success","userId":"2af26212-dd2f-4858-8028-008fade3271c","teamId":"eaef53bb-2cef-43c5-9a86-a8e88aa92840","teamName":":x`l5_Zs!Yr","metadata":{"slug":"xl5zsyr","planId":"free"}}
[2025-12-02T17:11:39.030Z] [App] [INFO] {"eventId":"c19bd31b-753b-4f94-8314-cc7d37856adc","eventType":"team.create.success","timestamp":"2025-12-02T17:11:39.030Z","outcome":"success","userId":"8dc72238-1c28-453b-b96f-38d4ddc9d990","teamId":"0a18754c-21fb-4df5-90f6-163628201503","teamName":"jzz-9A+)kx8z-","metadata":{"slug":"jzz-9akx8z","planId":"free"}}
[2025-12-02T17:11:39.033Z] [App] [INFO] {"eventId":"51b9587d-e09a-41fe-8c31-5152a2abf966","eventType":"team.create.success","timestamp":"2025-12-02T17:11:39.033Z","outcome":"success","userId":"5c9f0024-af99-4adb-9104-b134e3d3c150","teamId":"ecf65832-d47c-4e2b-8369-931303587bdf","teamName":"BUon0Iha(\"b,Us","metadata":{"slug":"buon0ihabus","planId":"free"}}
[2025-12-02T17:11:39.078Z] [App] [INFO] {"eventId":"0103d9ff-d401-4eca-8388-b98a41d8dbf4","eventType":"team.create.success","timestamp":"2025-12-02T17:11:39.075Z","outcome":"success","userId":"5d343f0a-6a81-4c9c-8066-7e00c8fc8d24","teamId":"27cbf109-8c5c-4de6-9add-0fd6b0801386","teamName":"|ry{lengt","metadata":{"slug":"rylengt","planId":"free"}}
[2025-12-02T17:11:39.186Z] [App] [INFO] {"eventId":"bf33f5de-692e-4301-892c-fbc0dbae4a58","eventType":"team.create.success","timestamp":"2025-12-02T17:11:39.186Z","outcome":"success","userId":"ae19a3cb-6d0a-4ed8-92f8-1a9ae16410dd","teamId":"cbc14271-c646-4e94-b73c-289f41415d75","teamName":"wZ","metadata":{"slug":"wz","planId":"free"}}
[2025-12-02T17:11:39.265Z] [App] [INFO] {"eventId":"afa2e66b-7e7b-4581-bf77-f974527419a0","eventType":"team.create.success","timestamp":"2025-12-02T17:11:39.264Z","outcome":"success","userId":"9dedb5b4-35b9-4a94-a330-2e07fd138f5f","teamId":"d379a95f-8424-46d9-bca1-f8966e8ae224","teamName":"aIqA","metadata":{"slug":"aiqa","planId":"free"}}
[2025-12-02T17:11:39.268Z] [App] [INFO] {"eventId":"cffd962c-ae76-434e-8632-bd12a1746fbc","eventType":"team.create.success","timestamp":"2025-12-02T17:11:39.267Z","outcome":"success","userId":"f1d94365-21da-4507-991e-4738d4663f57","teamId":"f632a275-909a-4983-b6ec-4606300aa4d1","teamName":"czhas","metadata":{"slug":"czhas","planId":"free"}}
[2025-12-02T17:11:39.270Z] [App] [INFO] {"eventId":"2c251483-7c00-4cd1-9843-210288a7d26f","eventType":"team.create.success","timestamp":"2025-12-02T17:11:39.270Z","outcome":"success","userId":"59ab3665-1466-426f-9547-6b04a4767ed6","teamId":"df9d3a2b-227c-4672-a728-71a11dfb01a2","teamName":"3G","metadata":{"slug":"3g","planId":"free"}}
[2025-12-02T17:11:39.272Z] [App] [INFO] {"eventId":"99069e44-5b43-4153-a708-2355b0660fc7","eventType":"team.create.success","timestamp":"2025-12-02T17:11:39.272Z","outcome":"success","userId":"358cfb1f-811a-4666-a567-061b2fb0327c","teamId":"0fc92fc4-6df6-49cb-a918-eb0f887c1634","teamName":"TuJ+x#","metadata":{"slug":"tujx","planId":"free"}}
[2025-12-02T17:11:39.280Z] [App] [INFO] {"eventId":"65f8a81a-ce93-4f8d-a5a5-2be102b4059e","eventType":"team.create.success","timestamp":"2025-12-02T17:11:39.280Z","outcome":"success","userId":"601e8217-de50-46d6-9a29-ef73d8357288","teamId":"76893db7-2bad-4b76-901e-6b0332f4e37b","teamName":"jKb","metadata":{"slug":"jkb","planId":"free"}}
[2025-12-02T17:11:39.342Z] [App] [INFO] {"eventId":"1fd47af0-39c5-4099-a8fb-cefb5d5c16a4","eventType":"team.create.success","timestamp":"2025-12-02T17:11:39.342Z","outcome":"success","userId":"6c79c2b4-c149-4b23-8e92-a282b15086cd","teamId":"34f4cacd-9e70-4b69-a53b-4dc75dafc4c0","teamName":"Ze/-G_!nY%Ux{","metadata":{"slug":"ze-gnyux","planId":"free"}}
[2025-12-02T17:11:39.371Z] [App] [INFO] {"eventId":"8b62c794-cdf5-497a-926c-29dff8c27f7f","eventType":"team.create.success","timestamp":"2025-12-02T17:11:39.371Z","outcome":"success","userId":"77dde9e9-e184-4553-9840-10ec8c0ba308","teamId":"2f8cedc8-0e93-44f1-a2a1-0f3180dcf564","teamName":"lu2]B-&<'w","metadata":{"slug":"lu2b-w","planId":"free"}}
[2025-12-02T17:11:39.410Z] [App] [INFO] {"eventId":"8ecbd5dc-a47a-4499-aa1f-33371b73f2ab","eventType":"team.create.success","timestamp":"2025-12-02T17:11:39.410Z","outcome":"success","userId":"b106d8f9-d3f0-4c88-8d39-ca4584ad4ff9","teamId":"080bc26e-5df6-4906-bb4e-46f35f419124","teamName":"i^l}w~\"","metadata":{"slug":"ilw","planId":"free"}}
[2025-12-02T17:11:39.416Z] [App] [INFO] {"eventId":"d0cdf8d3-09bd-4e10-ac95-1c0aabc3e468","eventType":"team.create.success","timestamp":"2025-12-02T17:11:39.416Z","outcome":"success","userId":"302e9311-bbb7-428b-8848-478abbdc4fca","teamId":"ea8134ac-201e-4ae7-a4bc-1f8ab0d582fc","teamName":"~zYk|'a{z\"Bay","metadata":{"slug":"zykazbay","planId":"free"}}
[2025-12-02T17:11:39.472Z] [App] [INFO] {"eventId":"b4734734-6eec-4907-9dba-d8919d0e5fab","eventType":"team.create.success","timestamp":"2025-12-02T17:11:39.472Z","outcome":"success","userId":"c20fae53-81fc-4b82-b75b-8f528c1a6950","teamId":"5fec34b5-940d-4eb3-a0ad-8b462f29a499","teamName":"<^X(wzqlK]vbl","metadata":{"slug":"xwzqlkvbl","planId":"free"}}
[2025-12-02T17:11:39.488Z] [App] [INFO] {"eventId":"fafe1feb-7ab2-412c-8925-5c55930320b0","eventType":"team.create.success","timestamp":"2025-12-02T17:11:39.488Z","outcome":"success","userId":"e9ebeb9a-ca4e-4086-aa3b-1cd528350d86","teamId":"bd32e420-e894-4862-a2af-8f87ee9cbee2","teamName":"%}J@|#xIwS","metadata":{"slug":"jxiws","planId":"free"}}
[2025-12-02T17:11:39.503Z] [App] [INFO] {"eventId":"9cde2ecd-89e5-426c-8b8f-dca8514d3d5a","eventType":"team.create.success","timestamp":"2025-12-02T17:11:39.503Z","outcome":"success","userId":"02a5b365-d79e-44ea-b49a-d1339bb769a0","teamId":"ba8aaa8e-a95d-4dca-b157-2ac82c34d53b","teamName":"/hj#zDn","metadata":{"slug":"hjzdn","planId":"free"}}
[2025-12-02T17:11:39.513Z] [App] [INFO] {"eventId":"ffd869ea-3529-4fc9-9afd-78ab86070a8c","eventType":"team.create.success","timestamp":"2025-12-02T17:11:39.513Z","outcome":"success","userId":"daf7a0e2-0187-4d07-a23c-821875464e79","teamId":"ab7343a5-510d-4ed6-add3-7569f903f781","teamName":"AU","metadata":{"slug":"au","planId":"free"}}
[2025-12-02T17:11:39.524Z] [App] [INFO] {"eventId":"9949d672-2307-46d6-a326-c046bd19b90a","eventType":"team.create.success","timestamp":"2025-12-02T17:11:39.524Z","outcome":"success","userId":"b0ec0aef-ea2d-4102-ba02-25b14603997b","teamId":"562c0ec2-8f28-4ffd-a16b-84bcd3e667a6","teamName":"?g6$","metadata":{"slug":"g6","planId":"free"}}
[2025-12-02T17:11:39.527Z] [App] [INFO] {"eventId":"9166ae83-4c41-4083-9228-c3500609b9de","eventType":"team.create.success","timestamp":"2025-12-02T17:11:39.527Z","outcome":"success","userId":"08db0618-2a8d-42d4-a6db-3ed6671c41b0","teamId":"94f7d48e-b969-4cc1-9e56-bc0d49093d95","teamName":"zY#{!","metadata":{"slug":"zy","planId":"free"}}

stdout | src/server/teams/__tests__/team-creation-logging.property.test.ts > Property 5: Team creation is logged > team creation logs event with success outcome
[2025-12-02T17:11:39.664Z] [App] [INFO] {"eventId":"0251c4f8-b605-4aa6-a008-5e6f95bab057","eventType":"team.create.success","timestamp":"2025-12-02T17:11:39.664Z","outcome":"success","userId":"ef8a3c43-1bd8-481c-bed5-8876d2def009","teamId":"db389c0e-68c7-48f7-a33d-5eafffaa5809","teamName":"ref!zIs","metadata":{"slug":"refzis","planId":"free"}}
[2025-12-02T17:11:39.667Z] [App] [INFO] {"eventId":"9c8590ff-c5f3-4cba-9f4e-36931e04ec08","eventType":"team.create.success","timestamp":"2025-12-02T17:11:39.667Z","outcome":"success","userId":"5dcf968e-599e-40bf-a821-be153f99eb80","teamId":"9fb68985-818e-4136-9df5-da7e3f4f7191","teamName":"Shas","metadata":{"slug":"shas","planId":"free"}}
[2025-12-02T17:11:39.670Z] [App] [INFO] {"eventId":"652391b2-18e9-4b95-a283-77ab725441e9","eventType":"team.create.success","timestamp":"2025-12-02T17:11:39.670Z","outcome":"success","userId":"6a35383e-6b25-4284-b299-538d7d4e3805","teamId":"74b1aa57-7956-4249-a3a8-d9369b39c38c","teamName":"i)6WuajfCKg2,","metadata":{"slug":"i6wuajfckg2","planId":"free"}}
[2025-12-02T17:11:39.672Z] [App] [INFO] {"eventId":"ca6955b8-00d4-4a8b-9e41-0f39d648eab9","eventType":"team.create.success","timestamp":"2025-12-02T17:11:39.672Z","outcome":"success","userId":"00e47066-d48b-4a1a-8104-1da5d48f9403","teamId":"82c52d9e-a469-43c9-831f-f9e6cc9b219a","teamName":"(sDOo9fg6e","metadata":{"slug":"sdoo9fg6e","planId":"free"}}
[2025-12-02T17:11:39.675Z] [App] [INFO] {"eventId":"4882ed3c-2fd1-4f0c-943e-586d20485f90","eventType":"team.create.success","timestamp":"2025-12-02T17:11:39.675Z","outcome":"success","userId":"52e959df-f553-4f8e-992b-416302a57b14","teamId":"5bfaab79-f26b-4dbd-98e9-1b58b36de73c","teamName":"K5qv)Hv","metadata":{"slug":"k5qvhv","planId":"free"}}
[2025-12-02T17:11:39.685Z] [App] [INFO] {"eventId":"39fa463b-6f88-49f5-b2bd-c91104fe0a55","eventType":"team.create.success","timestamp":"2025-12-02T17:11:39.685Z","outcome":"success","userId":"51ba91a6-7f2a-4c68-8ea3-66ea4a9281c9","teamId":"8a0995fe-3ca7-4b27-8303-96812fe17d95","teamName":"QI6tZ+","metadata":{"slug":"qi6tz","planId":"free"}}
[2025-12-02T17:11:39.688Z] [App] [INFO] {"eventId":"5085b81b-b1af-4f2b-b0d1-4020110ef380","eventType":"team.create.success","timestamp":"2025-12-02T17:11:39.688Z","outcome":"success","userId":"8990b103-3aa8-4b5c-8fce-86939ceeae42","teamId":"459b6264-7c45-42a6-b25b-772fe4c48eb6","teamName":"O{?BxZGz+au","metadata":{"slug":"obxzgzau","planId":"free"}}
[2025-12-02T17:11:39.690Z] [App] [INFO] {"eventId":"9809b4b9-bc31-4d50-b328-44cdfe6b935d","eventType":"team.create.success","timestamp":"2025-12-02T17:11:39.690Z","outcome":"success","userId":"496b7b6d-eeaa-4212-ba97-974d3fdc066e","teamId":"68c5715e-0bd0-4724-bc87-e96edc29c1a2","teamName":"x9V6_hOm~","metadata":{"slug":"x9v6hom","planId":"free"}}
[2025-12-02T17:11:39.692Z] [App] [INFO] {"eventId":"b906fee1-c1b6-4c8e-9cb5-f755ef960d5b","eventType":"team.create.success","timestamp":"2025-12-02T17:11:39.692Z","outcome":"success","userId":"ff67e374-2777-4655-ad17-6b012590f357","teamId":"623d662b-e1a0-4543-8a99-dd4514f1e02c","teamName":"Ig|Q1A6;YFU_5","metadata":{"slug":"igq1a6yfu5","planId":"free"}}
[2025-12-02T17:11:39.694Z] [App] [INFO] {"eventId":"90046703-ac5f-4c8b-9adf-27ec4d3b15fd","eventType":"team.create.success","timestamp":"2025-12-02T17:11:39.694Z","outcome":"success","userId":"2871ccc0-cf55-4214-b0ce-e6669c6f4128","teamId":"636d6725-99d8-4eda-86a4-5d8eee43e855","teamName":"cO}Jy{","metadata":{"slug":"cojy","planId":"free"}}
[2025-12-02T17:11:39.697Z] [App] [INFO] {"eventId":"e2eca5af-d642-4215-9c70-8a3e23dd60e5","eventType":"team.create.success","timestamp":"2025-12-02T17:11:39.697Z","outcome":"success","userId":"1b598bbb-ebf0-4711-a444-cf1dce0e4281","teamId":"f7a08149-8521-4d27-a72b-2e4cee6b2510","teamName":"RFbl","metadata":{"slug":"rfbl","planId":"free"}}
[2025-12-02T17:11:39.700Z] [App] [INFO] {"eventId":"e11d1403-0fdc-4ed0-bcb0-5a958d72558e","eventType":"team.create.success","timestamp":"2025-12-02T17:11:39.700Z","outcome":"success","userId":"3e3247eb-39fa-4ddb-923d-cfaec535dd3e","teamId":"6e30fec6-0e9d-431a-a7de-1bdf93421768","teamName":"constructor","metadata":{"slug":"constructor","planId":"free"}}
[2025-12-02T17:11:39.770Z] [App] [INFO] {"eventId":"f8bd497d-324a-40e1-a348-9e38f342dc6c","eventType":"team.create.success","timestamp":"2025-12-02T17:11:39.770Z","outcome":"success","userId":"c064d504-744f-44c5-a690-21a0bd63914f","teamId":"7e600804-ed77-418c-aa60-9c6746163f78","teamName":",nadm5TH","metadata":{"slug":"nadm5th","planId":"free"}}
[2025-12-02T17:11:39.780Z] [App] [INFO] {"eventId":"1e7eddb7-98a6-48eb-96af-a4b2d0c0fed5","eventType":"team.create.success","timestamp":"2025-12-02T17:11:39.780Z","outcome":"success","userId":"29ed807d-f1f2-401c-a09d-3615f568e818","teamId":"f842f056-85be-4383-b320-d435be73ffbd","teamName":"d[h%~o","metadata":{"slug":"dho","planId":"free"}}
[2025-12-02T17:11:39.785Z] [App] [INFO] {"eventId":"9399195d-dfe3-41f4-970a-279df2bea9c0","eventType":"team.create.success","timestamp":"2025-12-02T17:11:39.785Z","outcome":"success","userId":"7e21e7b8-db42-4f76-be2b-f656c4f53abc","teamId":"972c9286-e7e8-489a-a0c6-53edd501e128","teamName":"e$C#y*'","metadata":{"slug":"ecy","planId":"free"}}
[2025-12-02T17:11:39.792Z] [App] [INFO] {"eventId":"a335f101-cb9a-4209-839d-84f4cb187310","eventType":"team.create.success","timestamp":"2025-12-02T17:11:39.792Z","outcome":"success","userId":"33bbd407-092f-40e9-b7a1-6564d2a02493","teamId":"b626d143-e73b-413f-89b6-1bcad1651698","teamName":"_g,]HqH=cnlD","metadata":{"slug":"ghqhcnld","planId":"free"}}
[2025-12-02T17:11:39.813Z] [App] [INFO] {"eventId":"89848d96-9581-47e5-8937-0a61c1c8766d","eventType":"team.create.success","timestamp":"2025-12-02T17:11:39.813Z","outcome":"success","userId":"c0d459f2-2a91-406c-b722-836351d8c97b","teamId":"aceb151a-ee51-402d-8782-39def172cdb1","teamName":"(toLocaleS","metadata":{"slug":"tolocales","planId":"free"}}
[2025-12-02T17:11:39.816Z] [App] [INFO] {"eventId":"d16a2bb6-326e-492d-a212-556c1bea7135","eventType":"team.create.success","timestamp":"2025-12-02T17:11:39.816Z","outcome":"success","userId":"7181601d-7fdc-4699-a0c3-47ad4030bdcd","teamId":"ee53ffde-1bd6-4d10-a585-54eacefd4b6f","teamName":"+-,W!%|1rs0~_","metadata":{"slug":"w1rs0","planId":"free"}}
[2025-12-02T17:11:39.818Z] [App] [INFO] {"eventId":"eb994139-378b-411c-80cc-d8ae70e62ed3","eventType":"team.create.success","timestamp":"2025-12-02T17:11:39.818Z","outcome":"success","userId":"34c68b99-fec3-48e6-b3d4-0f81b36644c5","teamId":"97a06e24-4ea5-473f-8e06-24b2e7f392a2","teamName":"aym","metadata":{"slug":"aym","planId":"free"}}
[2025-12-02T17:11:39.820Z] [App] [INFO] {"eventId":"e2df8fe2-b021-4d1c-8792-ec5fbfa92ec2","eventType":"team.create.success","timestamp":"2025-12-02T17:11:39.820Z","outcome":"success","userId":"560ae9b2-dbab-4d89-ba9c-d98318ee0c02","teamId":"034255e7-f0b9-4f16-b24f-96648a165479","teamName":"M!!Ny","metadata":{"slug":"mny","planId":"free"}}

stdout | src/server/teams/__tests__/team-creation-logging.property.test.ts > Property 5: Team creation is logged > team creation logs event with metadata containing slug and planId
[2025-12-02T17:11:39.949Z] [App] [INFO] {"eventId":"ee52e033-0d7f-4850-af82-652e55e81eaf","eventType":"team.create.success","timestamp":"2025-12-02T17:11:39.949Z","outcome":"success","userId":"dcd8c014-c2dc-497e-bde7-508bce2ef7d2","teamId":"4285d2ee-c72a-448d-ac4d-ed617b7f892b","teamName":"xJ%*","metadata":{"slug":"xj","planId":"free"}}
[2025-12-02T17:11:39.952Z] [App] [INFO] {"eventId":"64559458-c1a0-4b0f-a28d-fbe973aa4a31","eventType":"team.create.success","timestamp":"2025-12-02T17:11:39.952Z","outcome":"success","userId":"d5d15ab0-5bf5-4c2e-b5c2-b9fccbcd73cc","teamId":"76ccb2f7-ccc2-4837-b00d-b381c20f5b5f","teamName":"toLocaleStrin","metadata":{"slug":"tolocalestrin","planId":"free"}}
[2025-12-02T17:11:39.954Z] [App] [INFO] {"eventId":"4b1becde-8078-44a5-876d-870301806078","eventType":"team.create.success","timestamp":"2025-12-02T17:11:39.954Z","outcome":"success","userId":"b667ad4f-48b7-4168-b6cd-1270ca04cd9f","teamId":"b6a5c1fd-5141-4816-8273-76c74fbfcb0a","teamName":"7On!XSe.{$cc:D","metadata":{"slug":"7onxseccd","planId":"free"}}
[2025-12-02T17:11:39.956Z] [App] [INFO] {"eventId":"c7b03ce7-70a1-4e9a-a937-cb2c88030e5f","eventType":"team.create.success","timestamp":"2025-12-02T17:11:39.956Z","outcome":"success","userId":"bb7bf09e-a504-46ef-b733-0f803176c1b5","teamId":"9513123f-3d37-4c35-911a-8e4110810677","teamName":"#b$z\"v^yI","metadata":{"slug":"bzvyi","planId":"free"}}
[2025-12-02T17:11:39.958Z] [App] [INFO] {"eventId":"929a48a4-e819-4056-9f27-0d82a46c5a3f","eventType":"team.create.success","timestamp":"2025-12-02T17:11:39.958Z","outcome":"success","userId":"50a1fcf4-1a8d-4a6b-8549-9852c9e74d9d","teamId":"d257694a-3eea-4b5e-9a47-d27180d9babd","teamName":"$propert","metadata":{"slug":"propert","planId":"free"}}
[2025-12-02T17:11:39.961Z] [App] [INFO] {"eventId":"d67a3064-bf0b-4575-ab37-76e61721362c","eventType":"team.create.success","timestamp":"2025-12-02T17:11:39.961Z","outcome":"success","userId":"9b89bd2f-4c7f-49ab-a408-ab74fd7d2cdf","teamId":"244f3f7a-d7e8-46fe-b340-4f1566b5b22b","teamName":"s.4J  ","metadata":{"slug":"s4j","planId":"free"}}
[2025-12-02T17:11:39.977Z] [App] [INFO] {"eventId":"fc7b296d-3773-4607-9c78-fae096ac92c4","eventType":"team.create.success","timestamp":"2025-12-02T17:11:39.977Z","outcome":"success","userId":"8aae58c5-3c77-4e24-a676-f3bec412e1f5","teamId":"d5e647f7-5f41-43ac-83e3-f1eb3e9f20a7","teamName":"name","metadata":{"slug":"name","planId":"free"}}
[2025-12-02T17:11:39.987Z] [App] [INFO] {"eventId":"961165c1-4894-4af0-bdb5-79ad99ecbf25","eventType":"team.create.success","timestamp":"2025-12-02T17:11:39.987Z","outcome":"success","userId":"86e19da6-871e-400c-bfc8-7b2092c84c2c","teamId":"069e8385-da68-4cf6-8e00-bd0f4696ada6","teamName":"toString","metadata":{"slug":"tostring","planId":"free"}}
[2025-12-02T17:11:39.998Z] [App] [INFO] {"eventId":"b5877291-4bfe-4cbd-840c-48e9b452512c","eventType":"team.create.success","timestamp":"2025-12-02T17:11:39.998Z","outcome":"success","userId":"42eea160-f4b8-4e53-b243-8993b72aa940","teamId":"0504bba1-cd01-406d-9c64-456b6f7e37cc","teamName":"[SFs.","metadata":{"slug":"sfs","planId":"free"}}
[2025-12-02T17:11:40.001Z] [App] [INFO] {"eventId":"a2048bd8-c9c4-4633-a318-90251c9d0795","eventType":"team.create.success","timestamp":"2025-12-02T17:11:40.001Z","outcome":"success","userId":"dbeea17b-eebf-4229-852a-5a55de828a2f","teamId":"6a73e4c6-8658-4f0c-ba3e-8c50b021fb85","teamName":"3d4r6_oiv#+2a","metadata":{"slug":"3d4r6oiv2a","planId":"free"}}
[2025-12-02T17:11:40.003Z] [App] [INFO] {"eventId":"59942fa7-ae47-4086-8ac3-ded846c6a994","eventType":"team.create.success","timestamp":"2025-12-02T17:11:40.003Z","outcome":"success","userId":"c861d821-ca00-4008-a209-fe933dd787d1","teamId":"89b5a11e-0284-45da-8487-e3d776d96b91","teamName":".HkS*","metadata":{"slug":"hks","planId":"free"}}
[2025-12-02T17:11:40.005Z] [App] [INFO] {"eventId":"94b1cb4c-51da-4838-8bc7-2d2a47f2af73","eventType":"team.create.success","timestamp":"2025-12-02T17:11:40.005Z","outcome":"success","userId":"1815de63-a0a1-4dad-9db0-a6a2166d3166","teamId":"a5d1ecd6-13b7-4bda-9272-ae3ce58a8873","teamName":"D&PPXq|W","metadata":{"slug":"dppxqw","planId":"free"}}
[2025-12-02T17:11:40.007Z] [App] [INFO] {"eventId":"c2c85b92-d79a-4e85-9d33-e0ea9750e6f6","eventType":"team.create.success","timestamp":"2025-12-02T17:11:40.007Z","outcome":"success","userId":"078b625c-e3bb-4436-ae6c-79ef3a79c008","teamId":"41669a4c-94cf-4a00-9b69-e1a8f0f02c22","teamName":"oiW$","metadata":{"slug":"oiw","planId":"free"}}
[2025-12-02T17:11:40.009Z] [App] [INFO] {"eventId":"368189d9-ba3b-47ff-a7ba-1af3dea9378f","eventType":"team.create.success","timestamp":"2025-12-02T17:11:40.009Z","outcome":"success","userId":"99ab5865-a5fd-4154-96bd-1265ed93bebe","teamId":"acb8f72a-525d-49d0-867e-ce35de34ddfe","teamName":"7GLp~?<tM","metadata":{"slug":"7glptm","planId":"free"}}
[2025-12-02T17:11:40.011Z] [App] [INFO] {"eventId":"db1da868-2c94-41da-9c4c-4a2f1ced5022","eventType":"team.create.success","timestamp":"2025-12-02T17:11:40.011Z","outcome":"success","userId":"6afe9dfd-1fa4-40e0-88c7-33a8d47a8765","teamId":"4e4cf467-1dc8-4aca-99c3-cc18072e44c7","teamName":"r#71","metadata":{"slug":"r71","planId":"free"}}
[2025-12-02T17:11:40.027Z] [App] [INFO] {"eventId":"e183069c-1796-4e39-aedc-dcdf59e129c5","eventType":"team.create.success","timestamp":"2025-12-02T17:11:40.027Z","outcome":"success","userId":"d8cdf356-fce6-4000-8747-937f6e3a68e4","teamId":"2f0dc81b-ed35-4a37-b84c-f11cd10e5f45","teamName":"|11! >an","metadata":{"slug":"11-an","planId":"free"}}
[2025-12-02T17:11:40.079Z] [App] [INFO] {"eventId":"033b9226-6d7a-44f2-8a14-8840d3c59471","eventType":"team.create.success","timestamp":"2025-12-02T17:11:40.079Z","outcome":"success","userId":"de201131-dfdb-4762-ae15-9fcacf56bebf","teamId":"d1fa1fd6-91c9-45dd-aec8-c77451340d57","teamName":"$I6lengt","metadata":{"slug":"i6lengt","planId":"free"}}
[2025-12-02T17:11:40.086Z] [App] [INFO] {"eventId":"0bd32c38-13db-4c28-b921-bf34dde5ab37","eventType":"team.create.success","timestamp":"2025-12-02T17:11:40.086Z","outcome":"success","userId":"6ad80c04-6c92-461b-89f0-07bf158923e1","teamId":"4e67152d-9900-4dc5-90b9-4befe6af9101","teamName":"\"8h%SV$)#g5","metadata":{"slug":"8hsvg5","planId":"free"}}
[2025-12-02T17:11:40.088Z] [App] [INFO] {"eventId":"f502db88-0c87-46b5-9bf4-6a27ca387e97","eventType":"team.create.success","timestamp":"2025-12-02T17:11:40.088Z","outcome":"success","userId":"06d66c89-1a85-4251-8323-2c6397c04f4a","teamId":"9736b9bc-1ede-4098-a43e-ed0a57dc4c9a","teamName":"F-S~","metadata":{"slug":"f-s","planId":"free"}}
[2025-12-02T17:11:40.094Z] [App] [INFO] {"eventId":"af6a51dd-d0a9-4ea9-93af-92eedb36bb9e","eventType":"team.create.success","timestamp":"2025-12-02T17:11:40.094Z","outcome":"success","userId":"1558572f-39ef-4797-881b-12a0cf70ebd5","teamId":"07c7fb2d-b0a8-46a0-b612-1ea551e9906f","teamName":">> %{DG+tKk7q!","metadata":{"slug":"dgtkk7q","planId":"free"}}

stdout | src/server/teams/__tests__/team-creation-logging.property.test.ts > Property 5: Team creation is logged > team creation always logs exactly one event
[2025-12-02T17:11:40.160Z] [App] [INFO] {"eventId":"04b539d9-eea0-42f4-9822-6e52d940c8e8","eventType":"team.create.success","timestamp":"2025-12-02T17:11:40.160Z","outcome":"success","userId":"2d42142b-922d-47d5-92f8-830861c5d70b","teamId":"7479b5be-bc94-405a-947a-68274f4ce855","teamName":"apply","metadata":{"slug":"apply","planId":"free"}}
[2025-12-02T17:11:40.171Z] [App] [INFO] {"eventId":"43e7c768-cbcd-4bed-8cce-a21fb4b872fc","eventType":"team.create.success","timestamp":"2025-12-02T17:11:40.171Z","outcome":"success","userId":"aed506e4-56c5-4306-b636-55c1dc5b3f9e","teamId":"38cec021-ea8f-4b4b-a0f4-889858e6e52c","teamName":"key","metadata":{"slug":"key","planId":"free"}}
[2025-12-02T17:11:40.184Z] [App] [INFO] {"eventId":"8874193f-6fda-4d40-86ec-e6dbbdaf7d53","eventType":"team.create.success","timestamp":"2025-12-02T17:11:40.184Z","outcome":"success","userId":"f0b5fa88-61c9-42b8-8162-df0ef02e482e","teamId":"d754d9ee-ea18-4234-85af-f2621cda74dc","teamName":"peL","metadata":{"slug":"pel","planId":"free"}}
[2025-12-02T17:11:40.226Z] [App] [INFO] {"eventId":"48d7068e-0992-4525-941f-a864f2f8c21c","eventType":"team.create.success","timestamp":"2025-12-02T17:11:40.226Z","outcome":"success","userId":"c2b8d9a4-9bc0-47b9-9311-a538f521130a","teamId":"99a663b8-96e3-43e1-8b74-237f64765347","teamName":"__defineGe","metadata":{"slug":"definege","planId":"free"}}
[2025-12-02T17:11:40.243Z] [App] [INFO] {"eventId":"8ab2749f-c637-4b56-b86a-f815d83e5e42","eventType":"team.create.success","timestamp":"2025-12-02T17:11:40.243Z","outcome":"success","userId":"f1e6298f-f209-4dea-b8fb-0f5091b71c18","teamId":"1824aaba-6087-44fb-9c29-1e86392a04d2","teamName":"Ufd6~;ju","metadata":{"slug":"ufd6ju","planId":"free"}}
[2025-12-02T17:11:40.253Z] [App] [INFO] {"eventId":"4960ef18-b11b-46c0-9806-059c4def7800","eventType":"team.create.success","timestamp":"2025-12-02T17:11:40.253Z","outcome":"success","userId":"e596fb48-d3c9-4e87-99a7-f4bdf0574979","teamId":"1240f9d7-e8ae-4cf3-b12e-e740eb3cd37a","teamName":"apply","metadata":{"slug":"apply","planId":"free"}}
[2025-12-02T17:11:40.255Z] [App] [INFO] {"eventId":"4f1bda4a-a5cb-4765-8784-99e60710ad2f","eventType":"team.create.success","timestamp":"2025-12-02T17:11:40.255Z","outcome":"success","userId":"d582d712-96b1-4bfb-99a6-b70b95eaa1b8","teamId":"239c75d9-8a2a-415d-98fb-f3e62cf313e7","teamName":"m~$I\" ]","metadata":{"slug":"mi","planId":"free"}}
[2025-12-02T17:11:40.258Z] [App] [INFO] {"eventId":"ccdd8401-977a-4717-bbc5-17b4e49a1079","eventType":"team.create.success","timestamp":"2025-12-02T17:11:40.258Z","outcome":"success","userId":"0ab81070-2246-40ff-9c97-1ba3f65c703c","teamId":"6f4befaf-4c6a-40a9-83cb-1df0d10556a1","teamName":"e{58M;C/?1e(","metadata":{"slug":"e58mc1e","planId":"free"}}
[2025-12-02T17:11:40.260Z] [App] [INFO] {"eventId":"2aa2a738-66dd-4d26-a8bd-ac9709994d14","eventType":"team.create.success","timestamp":"2025-12-02T17:11:40.260Z","outcome":"success","userId":"323c3b06-17e2-473f-be53-8b99caa55a5b","teamId":"9eaefa92-ae0b-4c7c-9053-5481dcc49fc4","teamName":"I~b3uO~%","metadata":{"slug":"ib3uo","planId":"free"}}
[2025-12-02T17:11:40.264Z] [App] [INFO] {"eventId":"21bdaf1f-d856-4128-8131-3f9f65e7100f","eventType":"team.create.success","timestamp":"2025-12-02T17:11:40.264Z","outcome":"success","userId":"76025f06-af5c-42d9-b961-d50a927d676c","teamId":"9fe30801-c1fc-4218-a357-697b94b554a9","teamName":"l#\"C$td","metadata":{"slug":"lctd","planId":"free"}}
[2025-12-02T17:11:40.266Z] [App] [INFO] {"eventId":"67f45704-faf4-4556-aa36-bbb777b419ee","eventType":"team.create.success","timestamp":"2025-12-02T17:11:40.266Z","outcome":"success","userId":"56337786-0a96-4f61-b370-9f02aaf80950","teamId":"40591e3b-9b1a-4b66-a5ca-b90b5c69d973","teamName":"7rmc?.Aww8","metadata":{"slug":"7rmcaww8","planId":"free"}}
[2025-12-02T17:11:40.277Z] [App] [INFO] {"eventId":"774a8d61-b645-4ee4-83a9-4d18e31a2420","eventType":"team.create.success","timestamp":"2025-12-02T17:11:40.277Z","outcome":"success","userId":"cbfd19b7-ff7f-4007-8176-27b05f7feb53","teamId":"83be94ea-6b4a-48f3-be28-1b56d3555739","teamName":"|/p)U)mDs]$Ar:","metadata":{"slug":"pumdsar","planId":"free"}}
[2025-12-02T17:11:40.299Z] [App] [INFO] {"eventId":"f6f333b3-a08b-4a82-944b-d122e979a4fd","eventType":"team.create.success","timestamp":"2025-12-02T17:11:40.299Z","outcome":"success","userId":"3d40bad7-f7a5-4dfb-83b2-a38bb3e98703","teamId":"32c5d3c6-b500-4f94-bad3-3c5287bbf6b3","teamName":")j\"e(a7ON6/","metadata":{"slug":"jea7on6","planId":"free"}}
[2025-12-02T17:11:40.311Z] [App] [INFO] {"eventId":"41134e94-c6ec-4da9-a9dc-8f811537a297","eventType":"team.create.success","timestamp":"2025-12-02T17:11:40.311Z","outcome":"success","userId":"919dc58a-fb08-4ed2-a08a-7a803b6d079a","teamId":"131f19d5-99a4-47e5-81dc-3fc5487f7e34","teamName":"CC","metadata":{"slug":"cc","planId":"free"}}
[2025-12-02T17:11:40.315Z] [App] [INFO] {"eventId":"7483d3a4-4c02-4be4-989b-141dbb7133ca","eventType":"team.create.success","timestamp":"2025-12-02T17:11:40.315Z","outcome":"success","userId":"230bb2cb-c573-4107-9663-502c2f4e9c8c","teamId":"2a6eea13-2a9f-462b-8e7b-398ee90fa353","teamName":"%:]\"z5R>!5SG#","metadata":{"slug":"z5r5sg","planId":"free"}}
[2025-12-02T17:11:40.318Z] [App] [INFO] {"eventId":"b154b5c4-66b5-45ad-a65b-f6f73c005bff","eventType":"team.create.success","timestamp":"2025-12-02T17:11:40.318Z","outcome":"success","userId":"97da301d-f1b0-4716-a4f9-4a34c8c9026b","teamId":"c471f148-d66d-4baa-97a9-8d7875e6564b","teamName":"call","metadata":{"slug":"call","planId":"free"}}
[2025-12-02T17:11:40.320Z] [App] [INFO] {"eventId":"07437693-0e8c-40fa-a761-ef21908e4cbe","eventType":"team.create.success","timestamp":"2025-12-02T17:11:40.320Z","outcome":"success","userId":"7f3b31dd-1d40-4c18-847c-65e6ec5702f1","teamId":"61d2a312-39a7-4619-a26d-f29c388e4aed","teamName":"o~`/geWa","metadata":{"slug":"ogewa","planId":"free"}}
[2025-12-02T17:11:40.322Z] [App] [INFO] {"eventId":"b29ea6c6-1afa-48d2-9902-93dfd9dc7923","eventType":"team.create.success","timestamp":"2025-12-02T17:11:40.322Z","outcome":"success","userId":"73c2eb5c-60a9-4257-b639-cbbd6b7a6ce1","teamId":"53566c6a-1df0-44bc-a5c4-4c317a396c50","teamName":"name","metadata":{"slug":"name","planId":"free"}}
[2025-12-02T17:11:40.324Z] [App] [INFO] {"eventId":"365c4f57-7494-4175-b3c1-6a6f7a076027","eventType":"team.create.success","timestamp":"2025-12-02T17:11:40.324Z","outcome":"success","userId":"78407d89-b0e5-46ae-bbd4-60faefd53eff","teamId":"ad0ea6a4-6fcc-421a-a0ce-0f2dc8da4b77","teamName":"~Xc$#nh}","metadata":{"slug":"xcnh","planId":"free"}}
[2025-12-02T17:11:40.325Z] [App] [INFO] {"eventId":"48b58a5a-2323-47f8-ad1b-0dc7a14f30b2","eventType":"team.create.success","timestamp":"2025-12-02T17:11:40.325Z","outcome":"success","userId":"8eeadf6c-15b0-4122-9024-cf71b44ebdde","teamId":"3d821b63-c60c-4d28-a62b-6b736b6a8e8f","teamName":"{N#ic","metadata":{"slug":"nic","planId":"free"}}

 ✓ src/server/teams/__tests__/team-creation-logging.property.test.ts (7 tests) 2683ms
   ✓ Property 5: Team creation is logged > team creation logs event with team ID 471ms
   ✓ Property 5: Team creation is logged > team creation logs event with creator ID 371ms
   ✓ Property 5: Team creation is logged > team creation logs event with timestamp 355ms
   ✓ Property 5: Team creation is logged > team creation logs event with team name 662ms
   ✓ Property 5: Team creation is logged > team creation logs event with success outcome 329ms
stdout | Object.info (/Users/BYKHD/Documents/GitHub/ui-syncup/src/lib/logger.ts:175:15)
[2025-12-02T17:11:40.431Z] [App] [INFO] email.worker.sigterm

stdout | src/server/auth/__tests__/rbac.test.ts > RBAC - Property-Based Tests > Property: Role assignment is idempotent
[2025-12-02T17:11:40.575Z] [App] [INFO] rbac.assign_role.success {
  userId: 'c132a0d4-65b1-4747-8480-508421590219',
  role: 'TEAM_EDITOR',
  resourceType: 'team',
  resourceId: '1293b8a4-d95b-4260-82cd-4b982b420a4e',
  roleId: '063e649c-1f42-409e-938d-dba2e6092292'
}
[2025-12-02T17:11:40.576Z] [App] [INFO] rbac.update_billable_seats { teamId: '1293b8a4-d95b-4260-82cd-4b982b420a4e', billableSeats: 1 }
[2025-12-02T17:11:40.576Z] [App] [INFO] rbac.assign_role.already_exists {
  userId: 'c132a0d4-65b1-4747-8480-508421590219',
  role: 'TEAM_EDITOR',
  resourceType: 'team',
  resourceId: '1293b8a4-d95b-4260-82cd-4b982b420a4e'
}

stdout | src/app/api/auth/reset-password/__tests__/reset-password.property.test.ts > POST /api/auth/reset-password - Property-Based Tests > Property 17: Password reset invalidates all sessions
{"eventId":"76b6cc80-5e05-426c-be6f-3b9a112eb8dd","eventType":"auth.reset_password.success","timestamp":"2025-12-02T17:11:40.687Z","outcome":"success","ipAddress":"127.0.0.1","userAgent":"unknown","requestId":"17ebacdb-c813-4f38-88db-6016d0f514a2","metadata":{"stage":"attempt"}}

stdout | src/server/auth/__tests__/rbac.test.ts > RBAC - Property-Based Tests > Property: Role assignment is idempotent
[2025-12-02T17:11:40.783Z] [App] [INFO] rbac.assign_role.success {
  userId: 'f57348d9-5b6f-4cd3-ac45-fe75c654a11f',
  role: 'TEAM_ADMIN',
  resourceType: 'team',
  resourceId: '96897d5c-16fd-4cce-9dca-8beb89238343',
  roleId: '80c02c1b-c51a-4a7f-b4e8-b2566717a03b'
}
[2025-12-02T17:11:40.784Z] [App] [INFO] rbac.assign_role.already_exists {
  userId: 'f57348d9-5b6f-4cd3-ac45-fe75c654a11f',
  role: 'TEAM_ADMIN',
  resourceType: 'team',
  resourceId: '96897d5c-16fd-4cce-9dca-8beb89238343'
}

stdout | src/app/api/auth/reset-password/__tests__/reset-password.property.test.ts > POST /api/auth/reset-password - Property-Based Tests > Property 17: Password reset invalidates all sessions
{"eventId":"2024200a-ff17-405e-8291-99165db6dee8","eventType":"auth.reset_password.success","timestamp":"2025-12-02T17:11:40.814Z","outcome":"success","userId":"bfe9bbd0-5e99-441c-ba8a-00c8f8b1b240","email":"ef8f27429376ad0a","ipAddress":"127.0.0.1","userAgent":"unknown","requestId":"17ebacdb-c813-4f38-88db-6016d0f514a2","metadata":{"tokenId":"fde7848b-65d5-43e4-8160-878229942440","sessionsInvalidated":true}}

stdout | src/server/auth/__tests__/rbac.test.ts > RBAC - Property-Based Tests > Property: Role assignment is idempotent
[2025-12-02T17:11:40.929Z] [App] [INFO] rbac.assign_role.success {
  userId: 'fe201323-9d1b-4f3b-81dc-126714159bc8',
  role: 'TEAM_MEMBER',
  resourceType: 'team',
  resourceId: '1d7bb650-285b-4994-b5ff-9fe87632d828',
  roleId: 'b114e9f6-8ac1-49a6-88c1-2efb5e43749e'
}
[2025-12-02T17:11:40.930Z] [App] [INFO] rbac.assign_role.already_exists {
  userId: 'fe201323-9d1b-4f3b-81dc-126714159bc8',
  role: 'TEAM_MEMBER',
  resourceType: 'team',
  resourceId: '1d7bb650-285b-4994-b5ff-9fe87632d828'
}

 ✓ src/server/email/__tests__/queue.test.ts (9 tests) 971ms
stdout | src/server/auth/__tests__/rbac.test.ts > RBAC - Property-Based Tests > Property: Role assignment is idempotent
[2025-12-02T17:11:41.077Z] [App] [INFO] rbac.assign_role.success {
  userId: '72d059a0-817b-4949-a6c2-bdc0cf8fd8ed',
  role: 'TEAM_ADMIN',
  resourceType: 'team',
  resourceId: 'f34e6d0c-8212-4507-9264-f36b6f1cd8fa',
  roleId: 'e04356df-da8b-4d27-9e28-76c0ac0804fd'
}
[2025-12-02T17:11:41.078Z] [App] [INFO] rbac.assign_role.already_exists {
  userId: '72d059a0-817b-4949-a6c2-bdc0cf8fd8ed',
  role: 'TEAM_ADMIN',
  resourceType: 'team',
  resourceId: 'f34e6d0c-8212-4507-9264-f36b6f1cd8fa'
}

stdout | src/app/api/auth/reset-password/__tests__/reset-password.property.test.ts > POST /api/auth/reset-password - Property-Based Tests > Property 17 (positive case): Valid token updates password
{"eventId":"d55a43a6-7e2c-4d22-81e9-8ec56574c076","eventType":"auth.reset_password.success","timestamp":"2025-12-02T17:11:41.301Z","outcome":"success","ipAddress":"127.0.0.1","userAgent":"unknown","requestId":"62c331f0-ba18-406c-b292-c07971dbfe47","metadata":{"stage":"attempt"}}

stdout | src/server/auth/__tests__/rbac.test.ts > RBAC - Property-Based Tests > Property: Role assignment validates role type
[2025-12-02T17:11:41.322Z] [App] [INFO] rbac.assign_role.success {
  userId: '3892d3ee-c950-4259-9ca1-cd28e7d3c540',
  role: 'TEAM_MEMBER',
  resourceType: 'team',
  resourceId: '01bddd84-6659-4903-9f0c-841c67e0e13e',
  roleId: 'de4ca3bb-541a-4a80-b357-f5906a871781'
}
[2025-12-02T17:11:41.322Z] [App] [INFO] rbac.assign_role.success {
  userId: '3892d3ee-c950-4259-9ca1-cd28e7d3c540',
  role: 'PROJECT_VIEWER',
  resourceType: 'project',
  resourceId: 'fe75cf2b-a415-4979-885f-6498e84543af',
  roleId: 'c46354d4-420c-472a-b5cb-780027d79668'
}

stdout | src/app/api/auth/reset-password/__tests__/reset-password.property.test.ts > POST /api/auth/reset-password - Property-Based Tests > Property 17 (positive case): Valid token updates password
{"eventId":"b4a3d5dc-04da-4faa-af5b-dda240708b15","eventType":"auth.reset_password.success","timestamp":"2025-12-02T17:11:41.511Z","outcome":"success","userId":"80e35783-7bde-4b6d-8280-b91afebbd714","email":"fde42bd9eb8157b0","ipAddress":"127.0.0.1","userAgent":"unknown","requestId":"62c331f0-ba18-406c-b292-c07971dbfe47","metadata":{"tokenId":"cc774a41-900c-4ef3-bd1c-f4dc47884e2a","sessionsInvalidated":true}}

stdout | src/server/auth/__tests__/rbac.test.ts > RBAC - Property-Based Tests > Property: Role assignment validates role type
[2025-12-02T17:11:41.533Z] [App] [INFO] rbac.assign_role.success {
  userId: '76452fcc-3e54-4990-ae19-6bcc3d0591ee',
  role: 'TEAM_MEMBER',
  resourceType: 'team',
  resourceId: 'b866729e-03e0-4600-8c68-9cdd2091469a',
  roleId: '67664f76-03d4-432a-a709-5ff6999bb975'
}
[2025-12-02T17:11:41.533Z] [App] [INFO] rbac.assign_role.success {
  userId: '76452fcc-3e54-4990-ae19-6bcc3d0591ee',
  role: 'PROJECT_VIEWER',
  resourceType: 'project',
  resourceId: '7406b41d-96fe-4a21-9263-3e09aefe302e',
  roleId: '2745d6ce-39a8-4a5b-9194-1f55fcff6690'
}

 ✓ src/server/auth/__tests__/cookies.test.ts (13 tests) 988ms
stdout | src/app/api/auth/reset-password/__tests__/reset-password.property.test.ts > POST /api/auth/reset-password - Property-Based Tests > Property 17 (positive case): Valid token updates password
{"eventId":"9268a3a0-b8ec-44a6-912e-726e2381f3db","eventType":"auth.reset_password.success","timestamp":"2025-12-02T17:11:41.702Z","outcome":"success","ipAddress":"127.0.0.1","userAgent":"unknown","requestId":"55d08eb0-fb64-4d1d-b592-e80805e07407","metadata":{"stage":"attempt"}}

stdout | src/server/auth/__tests__/rbac.test.ts > RBAC - Property-Based Tests > Property: Role assignment validates role type
[2025-12-02T17:11:41.738Z] [App] [INFO] rbac.assign_role.success {
  userId: 'fb395d87-db96-4fe2-8a07-a73466a801e3',
  role: 'TEAM_MEMBER',
  resourceType: 'team',
  resourceId: 'b00c6036-726c-43a5-8ae2-1e739f65e741',
  roleId: '0c42832c-3e22-4c41-af9b-87298e0e823a'
}
[2025-12-02T17:11:41.739Z] [App] [INFO] rbac.assign_role.success {
  userId: 'fb395d87-db96-4fe2-8a07-a73466a801e3',
  role: 'PROJECT_VIEWER',
  resourceType: 'project',
  resourceId: '1b54cf70-c1ac-43c1-a1fe-fb10ab66be12',
  roleId: 'ca53ca57-7000-4c22-8508-711f68047233'
}

stdout | src/app/api/auth/reset-password/__tests__/reset-password.property.test.ts > POST /api/auth/reset-password - Property-Based Tests > Property 17 (positive case): Valid token updates password
{"eventId":"9175c524-8dfd-4a04-999c-97bcf8596823","eventType":"auth.reset_password.success","timestamp":"2025-12-02T17:11:41.843Z","outcome":"success","userId":"80e35783-7bde-4b6d-8280-b91afebbd714","email":"fde42bd9eb8157b0","ipAddress":"127.0.0.1","userAgent":"unknown","requestId":"55d08eb0-fb64-4d1d-b592-e80805e07407","metadata":{"tokenId":"00d0246c-963d-49c8-b676-f75067c029fb","sessionsInvalidated":true}}

stdout | src/server/auth/__tests__/rbac.test.ts > RBAC - Property-Based Tests > Property: Role assignment validates role type
[2025-12-02T17:11:41.892Z] [App] [INFO] rbac.assign_role.success {
  userId: 'e09980b5-b18d-4c7f-a90f-dc7e97f4522b',
  role: 'TEAM_MEMBER',
  resourceType: 'team',
  resourceId: 'c206ce50-65d3-49e6-b884-4bc6fd2145a6',
  roleId: '4a5dd57c-f8ce-4f75-8e59-8103ab465064'
}
[2025-12-02T17:11:41.893Z] [App] [INFO] rbac.assign_role.success {
  userId: 'e09980b5-b18d-4c7f-a90f-dc7e97f4522b',
  role: 'PROJECT_VIEWER',
  resourceType: 'project',
  resourceId: '3074a8bb-d299-4c1f-a43c-ac8317fe1b1b',
  roleId: 'fcdec924-5b5d-4102-9046-d2cbdac9adf6'
}

stdout | src/app/api/auth/reset-password/__tests__/reset-password.property.test.ts > POST /api/auth/reset-password - Property-Based Tests > Property 17 (positive case): Valid token updates password
{"eventId":"0f5ea35a-1fd1-4f88-8258-7be369403046","eventType":"auth.reset_password.success","timestamp":"2025-12-02T17:11:41.990Z","outcome":"success","ipAddress":"127.0.0.1","userAgent":"unknown","requestId":"6a89927d-aa72-4b01-b563-e1c36cb38a81","metadata":{"stage":"attempt"}}

stdout | src/server/auth/__tests__/rbac.test.ts > RBAC - Property-Based Tests > Property: Role assignment validates role type
[2025-12-02T17:11:42.035Z] [App] [INFO] rbac.assign_role.success {
  userId: 'ba16b82e-2013-424a-8bd9-724114b83f0b',
  role: 'TEAM_MEMBER',
  resourceType: 'team',
  resourceId: 'dc6f2da5-d67c-42a2-aa5c-32dc65f30e0e',
  roleId: '2a7e0aa4-1bfe-4f37-9e94-62d8f64b9dea'
}
[2025-12-02T17:11:42.039Z] [App] [INFO] rbac.assign_role.success {
  userId: 'ba16b82e-2013-424a-8bd9-724114b83f0b',
  role: 'PROJECT_VIEWER',
  resourceType: 'project',
  resourceId: 'e5c7a5c0-c55d-485a-bdb4-767d888a2f91',
  roleId: '889046fb-fe8b-4248-967a-d73d02815f85'
}

stdout | src/app/api/auth/reset-password/__tests__/reset-password.property.test.ts > POST /api/auth/reset-password - Property-Based Tests > Property 17 (positive case): Valid token updates password
{"eventId":"0e876846-6b82-4d41-ab4b-36b88b11edfa","eventType":"auth.reset_password.success","timestamp":"2025-12-02T17:11:42.134Z","outcome":"success","userId":"80e35783-7bde-4b6d-8280-b91afebbd714","email":"fde42bd9eb8157b0","ipAddress":"127.0.0.1","userAgent":"unknown","requestId":"6a89927d-aa72-4b01-b563-e1c36cb38a81","metadata":{"tokenId":"9ab0c0f3-cb8d-4020-b186-16f2f1829b27","sessionsInvalidated":true}}

stdout | src/app/api/auth/reset-password/__tests__/reset-password.property.test.ts > POST /api/auth/reset-password - Property-Based Tests > Property 17 (positive case): Valid token updates password
{"eventId":"90b78dd0-91dc-430a-b0ba-068c71da64f0","eventType":"auth.reset_password.success","timestamp":"2025-12-02T17:11:42.272Z","outcome":"success","ipAddress":"127.0.0.1","userAgent":"unknown","requestId":"fd543b33-6edc-45f6-8cd8-dc677f653a44","metadata":{"stage":"attempt"}}

stdout | src/server/auth/__tests__/rbac.test.ts > RBAC - Property-Based Tests > Property: Role assignment validates role type
[2025-12-02T17:11:42.273Z] [App] [INFO] rbac.assign_role.success {
  userId: '931a08cf-0289-4210-a25f-92295ee58583',
  role: 'TEAM_MEMBER',
  resourceType: 'team',
  resourceId: '143a40cc-823b-4faa-a8b8-a973c5c75aa6',
  roleId: 'ff752cae-35c1-4a63-a587-79c2128c55e7'
}
[2025-12-02T17:11:42.274Z] [App] [INFO] rbac.assign_role.success {
  userId: '931a08cf-0289-4210-a25f-92295ee58583',
  role: 'PROJECT_VIEWER',
  resourceType: 'project',
  resourceId: '7f6a1d68-4466-44ce-9195-0d4fe032b835',
  roleId: 'd7ac3b37-72ca-4aea-bbf4-36231b2b4509'
}

stdout | src/server/auth/__tests__/rbac.test.ts > RBAC - Property-Based Tests > Property: Role assignment validates role type
[2025-12-02T17:11:42.397Z] [App] [INFO] rbac.assign_role.success {
  userId: 'c03aa54b-073a-43c9-92dc-d57665dbc114',
  role: 'TEAM_MEMBER',
  resourceType: 'team',
  resourceId: 'e21af2c0-e92b-4bb9-8cd9-949a9cbd6355',
  roleId: 'a5a22560-9e5f-4790-b0ec-47e5dbd6b0b1'
}
[2025-12-02T17:11:42.398Z] [App] [INFO] rbac.assign_role.success {
  userId: 'c03aa54b-073a-43c9-92dc-d57665dbc114',
  role: 'PROJECT_VIEWER',
  resourceType: 'project',
  resourceId: '842bfcbc-efde-4409-bc22-347a55d10008',
  roleId: '865586bf-b754-440d-9b49-6022412fcc9b'
}

stdout | src/app/api/auth/reset-password/__tests__/reset-password.property.test.ts > POST /api/auth/reset-password - Property-Based Tests > Property 17 (positive case): Valid token updates password
{"eventId":"67a24a9c-6929-4b68-9c7b-2959a24b0c02","eventType":"auth.reset_password.success","timestamp":"2025-12-02T17:11:42.406Z","outcome":"success","userId":"80e35783-7bde-4b6d-8280-b91afebbd714","email":"fde42bd9eb8157b0","ipAddress":"127.0.0.1","userAgent":"unknown","requestId":"fd543b33-6edc-45f6-8cd8-dc677f653a44","metadata":{"tokenId":"ab8d0b11-1a1a-43eb-9438-55f925aa3dbd","sessionsInvalidated":true}}

stdout | src/server/auth/__tests__/rbac.test.ts > RBAC - Property-Based Tests > Property: Role assignment validates role type
[2025-12-02T17:11:42.616Z] [App] [INFO] rbac.assign_role.success {
  userId: '2a18edf0-9720-4988-b8a7-8aa067737beb',
  role: 'TEAM_MEMBER',
  resourceType: 'team',
  resourceId: '84bff3db-d149-4d4d-876f-7fbfab1e6ebd',
  roleId: '6225b8af-70da-4bc0-a539-4b14059e940f'
}
[2025-12-02T17:11:42.617Z] [App] [INFO] rbac.assign_role.success {
  userId: '2a18edf0-9720-4988-b8a7-8aa067737beb',
  role: 'PROJECT_VIEWER',
  resourceType: 'project',
  resourceId: 'cba49466-8260-42e2-9fdf-fcd22be2b80b',
  roleId: 'bbc87258-54f7-4de3-a504-f66db06ecb0d'
}

stdout | src/app/api/auth/reset-password/__tests__/reset-password.property.test.ts > POST /api/auth/reset-password - Property-Based Tests > Property 17 (positive case): Valid token updates password
{"eventId":"6319938c-44b2-44db-a7f4-edecbfca4d4a","eventType":"auth.reset_password.success","timestamp":"2025-12-02T17:11:42.639Z","outcome":"success","ipAddress":"127.0.0.1","userAgent":"unknown","requestId":"5767f726-a4e2-4001-9e0f-11838dd804c0","metadata":{"stage":"attempt"}}

stdout | src/server/auth/__tests__/rbac.test.ts > RBAC - Property-Based Tests > Property: Role assignment validates role type
[2025-12-02T17:11:42.785Z] [App] [INFO] rbac.assign_role.success {
  userId: '59ecd239-6006-4357-b2f3-82682f19d7d4',
  role: 'TEAM_MEMBER',
  resourceType: 'team',
  resourceId: '9e6b57e4-5a18-4def-b629-578dbbc050ec',
  roleId: '132e206e-44bb-4f90-9405-7610f786ba8d'
}
[2025-12-02T17:11:42.790Z] [App] [INFO] rbac.assign_role.success {
  userId: '59ecd239-6006-4357-b2f3-82682f19d7d4',
  role: 'PROJECT_VIEWER',
  resourceType: 'project',
  resourceId: 'a5e3373e-6188-4b2d-af29-c8b347f913e4',
  roleId: '04d358a4-4d6b-472b-a083-a4c11489eb10'
}

stdout | src/app/api/auth/reset-password/__tests__/reset-password.property.test.ts > POST /api/auth/reset-password - Property-Based Tests > Property 17 (positive case): Valid token updates password
{"eventId":"c7fca2b2-14a7-45e2-b6aa-708ffe9f1013","eventType":"auth.reset_password.success","timestamp":"2025-12-02T17:11:42.797Z","outcome":"success","userId":"80e35783-7bde-4b6d-8280-b91afebbd714","email":"fde42bd9eb8157b0","ipAddress":"127.0.0.1","userAgent":"unknown","requestId":"5767f726-a4e2-4001-9e0f-11838dd804c0","metadata":{"tokenId":"30b4edae-1f3b-4cc1-8600-838c628bf8c4","sessionsInvalidated":true}}

stdout | src/app/api/auth/reset-password/__tests__/reset-password.property.test.ts > POST /api/auth/reset-password - Property-Based Tests > Property 17 (positive case): Valid token updates password
{"eventId":"4ee1e2f8-8197-47d6-9e90-705a12e79b13","eventType":"auth.reset_password.success","timestamp":"2025-12-02T17:11:42.969Z","outcome":"success","ipAddress":"127.0.0.1","userAgent":"unknown","requestId":"2f6ba4ad-9dab-43a4-9a46-1301ac7fa981","metadata":{"stage":"attempt"}}

stdout | src/server/auth/__tests__/rbac.test.ts > RBAC - Property-Based Tests > Property: Role assignment validates role type
[2025-12-02T17:11:43.019Z] [App] [INFO] rbac.assign_role.success {
  userId: '24a67925-dc66-4e42-a712-c346c5fc8e25',
  role: 'TEAM_MEMBER',
  resourceType: 'team',
  resourceId: '86b9e44f-17ff-405c-8c28-a69bfcd5bed5',
  roleId: '1ecccb47-b40f-44d7-bef1-076be48242aa'
}
[2025-12-02T17:11:43.049Z] [App] [INFO] rbac.assign_role.success {
  userId: '24a67925-dc66-4e42-a712-c346c5fc8e25',
  role: 'PROJECT_VIEWER',
  resourceType: 'project',
  resourceId: '168a5800-ef20-4935-bd25-98d06a780e68',
  roleId: '726d94a2-2821-445f-bc43-6f944dbddf68'
}

stdout | src/app/api/auth/reset-password/__tests__/reset-password.property.test.ts > POST /api/auth/reset-password - Property-Based Tests > Property 17 (positive case): Valid token updates password
{"eventId":"30f9cc9d-44e4-43d7-85ea-c93e9e216bbb","eventType":"auth.reset_password.success","timestamp":"2025-12-02T17:11:43.271Z","outcome":"success","userId":"80e35783-7bde-4b6d-8280-b91afebbd714","email":"fde42bd9eb8157b0","ipAddress":"127.0.0.1","userAgent":"unknown","requestId":"2f6ba4ad-9dab-43a4-9a46-1301ac7fa981","metadata":{"tokenId":"d8e16a4c-aea3-4003-8898-78f4953016a3","sessionsInvalidated":true}}

stdout | src/server/auth/__tests__/rbac.test.ts > RBAC - Property-Based Tests > Property: Role assignment validates role type
[2025-12-02T17:11:43.639Z] [App] [INFO] rbac.assign_role.success {
  userId: 'cf5fbc1b-fcd8-432a-b588-d13ed4981d43',
  role: 'TEAM_MEMBER',
  resourceType: 'team',
  resourceId: '71ec89b4-660a-4b01-805f-e6e8eb5b841c',
  roleId: 'e2e5a700-7e26-4846-bfc5-6e3241344205'
}
[2025-12-02T17:11:43.646Z] [App] [INFO] rbac.assign_role.success {
  userId: 'cf5fbc1b-fcd8-432a-b588-d13ed4981d43',
  role: 'PROJECT_VIEWER',
  resourceType: 'project',
  resourceId: '19cd88c8-4c90-4d6a-beaf-ad2b23bac879',
  roleId: '38e9404d-0abe-4a72-9f58-0e39530b642a'
}

stdout | src/app/api/auth/reset-password/__tests__/reset-password.property.test.ts > POST /api/auth/reset-password - Property-Based Tests > Property 17 (positive case): Valid token updates password
{"eventId":"9851d324-bbfb-4e58-9a3a-820ab6da8375","eventType":"auth.reset_password.success","timestamp":"2025-12-02T17:11:43.717Z","outcome":"success","ipAddress":"127.0.0.1","userAgent":"unknown","requestId":"97fe7849-e752-459d-9607-f4f108457842","metadata":{"stage":"attempt"}}

stdout | src/server/auth/__tests__/rbac.test.ts > RBAC - Property-Based Tests > Property: Role assignment validates role type
[2025-12-02T17:11:43.931Z] [App] [INFO] rbac.assign_role.success {
  userId: 'da37822c-0f21-45bc-95fe-d5b826dbe8ae',
  role: 'TEAM_MEMBER',
  resourceType: 'team',
  resourceId: 'a1ad12b7-5350-4b4c-aa49-35413d0a9fc0',
  roleId: '9d89f09c-77a2-4c66-857a-6346c0bf0ca4'
}
[2025-12-02T17:11:43.933Z] [App] [INFO] rbac.assign_role.success {
  userId: 'da37822c-0f21-45bc-95fe-d5b826dbe8ae',
  role: 'PROJECT_VIEWER',
  resourceType: 'project',
  resourceId: 'c7edc532-53b4-46d2-944c-a0f4d94701d0',
  roleId: '7f5b46ce-eedf-4b28-a5cf-8a42a4cb9d60'
}

stdout | src/app/api/auth/reset-password/__tests__/reset-password.property.test.ts > POST /api/auth/reset-password - Property-Based Tests > Property 17 (positive case): Valid token updates password
{"eventId":"105346dc-44e4-4726-86f3-52ae4737ae1f","eventType":"auth.reset_password.success","timestamp":"2025-12-02T17:11:43.951Z","outcome":"success","userId":"80e35783-7bde-4b6d-8280-b91afebbd714","email":"fde42bd9eb8157b0","ipAddress":"127.0.0.1","userAgent":"unknown","requestId":"97fe7849-e752-459d-9607-f4f108457842","metadata":{"tokenId":"52870533-2d69-4088-aa33-4e72e2741222","sessionsInvalidated":true}}

stdout | src/app/api/auth/reset-password/__tests__/reset-password.property.test.ts > POST /api/auth/reset-password - Property-Based Tests > Property 17 (positive case): Valid token updates password
{"eventId":"fd6b5f6d-0d00-48da-8d03-b716b802b309","eventType":"auth.reset_password.success","timestamp":"2025-12-02T17:11:44.175Z","outcome":"success","ipAddress":"127.0.0.1","userAgent":"unknown","requestId":"b043ac17-100b-4147-a57e-008cdf73d654","metadata":{"stage":"attempt"}}

stdout | src/server/auth/__tests__/rbac.test.ts > RBAC - Property-Based Tests > Property: Role assignment validates role type
[2025-12-02T17:11:44.236Z] [App] [INFO] rbac.assign_role.success {
  userId: '71f86132-155a-421e-b53b-d544914b1bfe',
  role: 'TEAM_MEMBER',
  resourceType: 'team',
  resourceId: '2997e54a-8721-4469-8245-df4b5edf3ba6',
  roleId: 'd1f7a12e-5df0-427f-8243-ba914298be95'
}
[2025-12-02T17:11:44.239Z] [App] [INFO] rbac.assign_role.success {
  userId: '71f86132-155a-421e-b53b-d544914b1bfe',
  role: 'PROJECT_VIEWER',
  resourceType: 'project',
  resourceId: '1affe9e5-6ffc-4f43-a453-4ce5be80fd42',
  roleId: '5971f710-29ed-4911-8d3a-92edf3d54a50'
}

stdout | src/app/api/auth/reset-password/__tests__/reset-password.property.test.ts > POST /api/auth/reset-password - Property-Based Tests > Property 17 (positive case): Valid token updates password
{"eventId":"4838898c-7d6c-4ae3-bdda-16b9a75c0aea","eventType":"auth.reset_password.success","timestamp":"2025-12-02T17:11:44.397Z","outcome":"success","userId":"80e35783-7bde-4b6d-8280-b91afebbd714","email":"fde42bd9eb8157b0","ipAddress":"127.0.0.1","userAgent":"unknown","requestId":"b043ac17-100b-4147-a57e-008cdf73d654","metadata":{"tokenId":"9a2969b0-f99c-458b-9fa1-13aa11a9684d","sessionsInvalidated":true}}

stdout | src/server/auth/__tests__/rbac.test.ts > RBAC - Property-Based Tests > Property: Role assignment validates role type
[2025-12-02T17:11:44.412Z] [App] [INFO] rbac.assign_role.success {
  userId: '87c4cf75-aa5e-48d2-9b4b-d04e730548f4',
  role: 'TEAM_MEMBER',
  resourceType: 'team',
  resourceId: 'c5a64edf-edd0-49d1-8afa-f12c6a3d8bb7',
  roleId: 'ab6e59db-fdbe-4dbc-afdd-8457cd33cbca'
}
[2025-12-02T17:11:44.414Z] [App] [INFO] rbac.assign_role.success {
  userId: '87c4cf75-aa5e-48d2-9b4b-d04e730548f4',
  role: 'PROJECT_VIEWER',
  resourceType: 'project',
  resourceId: '66bba563-e546-43b6-af27-38e2b7ef584c',
  roleId: 'a33d915b-5ea5-4631-9a43-07090199b820'
}

stdout | src/app/api/auth/reset-password/__tests__/reset-password.property.test.ts > POST /api/auth/reset-password - Property-Based Tests > Property 17 (positive case): Valid token updates password
{"eventId":"0cc52831-6ddf-47ae-9394-60e3b8b84d82","eventType":"auth.reset_password.success","timestamp":"2025-12-02T17:11:44.614Z","outcome":"success","ipAddress":"127.0.0.1","userAgent":"unknown","requestId":"9a3ba78c-9308-4891-bdd4-724d0bf7abd6","metadata":{"stage":"attempt"}}

stdout | src/server/auth/__tests__/rbac.test.ts > RBAC - Property-Based Tests > Property: Role assignment validates role type
[2025-12-02T17:11:44.627Z] [App] [INFO] rbac.assign_role.success {
  userId: '51e0bdcc-89ee-41cd-946a-bd9a433730a7',
  role: 'TEAM_MEMBER',
  resourceType: 'team',
  resourceId: '04f3c95a-73e9-4d35-afc1-57086b7afb4b',
  roleId: 'f0f027cc-2537-416e-9471-8d394a7d8ac0'
}
[2025-12-02T17:11:44.629Z] [App] [INFO] rbac.assign_role.success {
  userId: '51e0bdcc-89ee-41cd-946a-bd9a433730a7',
  role: 'PROJECT_VIEWER',
  resourceType: 'project',
  resourceId: '6ba4551d-ee9b-4d01-9cd3-eaef41219ac7',
  roleId: '36917222-acae-49d9-8976-2bfbd21f89e8'
}

stdout | src/server/auth/__tests__/rbac.test.ts > RBAC - Property-Based Tests > Property: Role assignment validates role type
[2025-12-02T17:11:44.826Z] [App] [INFO] rbac.assign_role.success {
  userId: '6992ce8a-9e22-44fb-9115-d1d262affdc7',
  role: 'TEAM_MEMBER',
  resourceType: 'team',
  resourceId: '8ff49ce8-5221-4210-9ef4-4c87dfc00343',
  roleId: '1cd3244e-173c-4a8d-a0a9-d1fffe822d40'
}
[2025-12-02T17:11:44.830Z] [App] [INFO] rbac.assign_role.success {
  userId: '6992ce8a-9e22-44fb-9115-d1d262affdc7',
  role: 'PROJECT_VIEWER',
  resourceType: 'project',
  resourceId: '72db3cb9-ca11-4738-8800-4d6bc7c5640f',
  roleId: '58bfcc5e-aeb6-4f55-8e45-77f1a10722f8'
}

stdout | src/app/api/auth/reset-password/__tests__/reset-password.property.test.ts > POST /api/auth/reset-password - Property-Based Tests > Property 17 (positive case): Valid token updates password
{"eventId":"1cfd75e3-4d98-4424-979a-a38b217a6ee7","eventType":"auth.reset_password.success","timestamp":"2025-12-02T17:11:44.892Z","outcome":"success","userId":"80e35783-7bde-4b6d-8280-b91afebbd714","email":"fde42bd9eb8157b0","ipAddress":"127.0.0.1","userAgent":"unknown","requestId":"9a3ba78c-9308-4891-bdd4-724d0bf7abd6","metadata":{"tokenId":"456bacc3-195a-4372-831b-95ad2ae73068","sessionsInvalidated":true}}

stdout | src/server/auth/__tests__/rbac.test.ts > RBAC - Property-Based Tests > Property: Role assignment validates role type
[2025-12-02T17:11:44.985Z] [App] [INFO] rbac.assign_role.success {
  userId: '347fe259-6b18-4e01-8d5e-0608ea39c0cc',
  role: 'TEAM_MEMBER',
  resourceType: 'team',
  resourceId: 'ed71c249-c960-40b9-80ed-64033a74846e',
  roleId: '2ac7e709-c914-405d-b9b1-587c39d23438'
}
[2025-12-02T17:11:44.986Z] [App] [INFO] rbac.assign_role.success {
  userId: '347fe259-6b18-4e01-8d5e-0608ea39c0cc',
  role: 'PROJECT_VIEWER',
  resourceType: 'project',
  resourceId: 'ac745099-3211-4ade-a7d4-5f177b07b132',
  roleId: 'e041b489-1603-46cd-aabc-38720c6a3981'
}

stdout | src/app/api/auth/reset-password/__tests__/reset-password.property.test.ts > POST /api/auth/reset-password - Property-Based Tests > Property 17 (positive case): Valid token updates password
{"eventId":"38cb201f-2787-45ef-bd98-94107c27d16c","eventType":"auth.reset_password.success","timestamp":"2025-12-02T17:11:45.074Z","outcome":"success","ipAddress":"127.0.0.1","userAgent":"unknown","requestId":"9172ab6f-0bc7-49ab-b618-67c624f886aa","metadata":{"stage":"attempt"}}

 ✓ src/server/auth/__tests__/rate-limiter-logging.property.test.ts (4 tests) 601ms
stdout | src/server/auth/__tests__/rbac.test.ts > RBAC - Property-Based Tests > Property: Role assignment validates role type
[2025-12-02T17:11:45.148Z] [App] [INFO] rbac.assign_role.success {
  userId: 'bca33528-1617-4a6f-a293-40bc5b1600ca',
  role: 'TEAM_MEMBER',
  resourceType: 'team',
  resourceId: 'db94d556-5725-4c3f-9f3b-a1a21bcdcb54',
  roleId: '8a40f3de-324b-4947-8a8a-f2d7be76a2b9'
}
[2025-12-02T17:11:45.149Z] [App] [INFO] rbac.assign_role.success {
  userId: 'bca33528-1617-4a6f-a293-40bc5b1600ca',
  role: 'PROJECT_VIEWER',
  resourceType: 'project',
  resourceId: 'acdf0b53-26b3-4568-9440-ff3ac7015118',
  roleId: 'e4c4a887-8d67-4eb9-b767-52a78529152d'
}

stdout | src/app/api/auth/reset-password/__tests__/reset-password.property.test.ts > POST /api/auth/reset-password - Property-Based Tests > Property 17 (positive case): Valid token updates password
{"eventId":"1dba46bc-601c-481e-bf2c-e8349c688eeb","eventType":"auth.reset_password.success","timestamp":"2025-12-02T17:11:45.224Z","outcome":"success","userId":"80e35783-7bde-4b6d-8280-b91afebbd714","email":"fde42bd9eb8157b0","ipAddress":"127.0.0.1","userAgent":"unknown","requestId":"9172ab6f-0bc7-49ab-b618-67c624f886aa","metadata":{"tokenId":"31e8d018-4b0d-45f9-9206-700543d99412","sessionsInvalidated":true}}

stdout | src/server/auth/__tests__/rbac.test.ts > RBAC - Property-Based Tests > Property: Role assignment validates role type
[2025-12-02T17:11:45.305Z] [App] [INFO] rbac.assign_role.success {
  userId: '6f578ed9-e951-411e-b24b-864da0c602e6',
  role: 'TEAM_MEMBER',
  resourceType: 'team',
  resourceId: '5b805e22-f1a2-4836-b106-c4a1060df8d4',
  roleId: '711bc30f-5956-48d9-8e73-0390954b1449'
}
[2025-12-02T17:11:45.307Z] [App] [INFO] rbac.assign_role.success {
  userId: '6f578ed9-e951-411e-b24b-864da0c602e6',
  role: 'PROJECT_VIEWER',
  resourceType: 'project',
  resourceId: '1599a9d0-077c-473c-84c7-fff2177627ed',
  roleId: '79aa65c8-7734-45b1-81dc-76d6b44253e4'
}

stdout | src/app/api/auth/reset-password/__tests__/reset-password.property.test.ts > POST /api/auth/reset-password - Property-Based Tests > Property 17 (positive case): Valid token updates password
{"eventId":"d4df614c-f0ce-408b-9282-92b25ac20347","eventType":"auth.reset_password.success","timestamp":"2025-12-02T17:11:45.409Z","outcome":"success","ipAddress":"127.0.0.1","userAgent":"unknown","requestId":"9d761d24-b837-44ef-8f25-8a6118783ce4","metadata":{"stage":"attempt"}}

 ✓ src/lib/__tests__/logger.property.test.ts (6 tests) 704ms
 ✓ src/server/projects/__tests__/serialization.property.test.ts (7 tests) 877ms
stdout | src/app/api/auth/reset-password/__tests__/reset-password.property.test.ts > POST /api/auth/reset-password - Property-Based Tests > Property 17 (positive case): Valid token updates password
{"eventId":"ef6b2d53-7e20-4299-ab0b-35fec658ece0","eventType":"auth.reset_password.success","timestamp":"2025-12-02T17:11:45.556Z","outcome":"success","userId":"80e35783-7bde-4b6d-8280-b91afebbd714","email":"fde42bd9eb8157b0","ipAddress":"127.0.0.1","userAgent":"unknown","requestId":"9d761d24-b837-44ef-8f25-8a6118783ce4","metadata":{"tokenId":"018b4a47-febe-498a-9a5b-3c750ed7c31b","sessionsInvalidated":true}}

stdout | src/server/auth/__tests__/rbac.test.ts > RBAC - Property-Based Tests > Property: Role assignment validates role type
[2025-12-02T17:11:45.530Z] [App] [INFO] rbac.assign_role.success {
  userId: 'e47a1877-7506-4ab7-9d71-a5a78160f094',
  role: 'TEAM_MEMBER',
  resourceType: 'team',
  resourceId: 'c09c3a7c-fd55-4995-a07c-167a595802f1',
  roleId: '980ceaab-3003-4158-ac04-7508a26d02cf'
}
[2025-12-02T17:11:45.531Z] [App] [INFO] rbac.assign_role.success {
  userId: 'e47a1877-7506-4ab7-9d71-a5a78160f094',
  role: 'PROJECT_VIEWER',
  resourceType: 'project',
  resourceId: '3a44156d-46a4-4f25-bfbd-782a05ec0c98',
  roleId: '59ef5170-34a3-465c-abca-af122e860184'
}

stdout | src/app/api/auth/reset-password/__tests__/reset-password.property.test.ts > POST /api/auth/reset-password - Property-Based Tests > Property 17 (positive case): Valid token updates password
{"eventId":"bc82b054-cd5d-4a38-830d-a393b2111bdc","eventType":"auth.reset_password.success","timestamp":"2025-12-02T17:11:45.717Z","outcome":"success","ipAddress":"127.0.0.1","userAgent":"unknown","requestId":"d0c71e48-d0c6-4fdb-a27f-12ce8465095b","metadata":{"stage":"attempt"}}

stdout | src/app/api/auth/reset-password/__tests__/reset-password.property.test.ts > POST /api/auth/reset-password - Property-Based Tests > Property 17 (positive case): Valid token updates password
{"eventId":"0f6e88a8-406b-46f3-ae64-70493e7d6021","eventType":"auth.reset_password.success","timestamp":"2025-12-02T17:11:45.827Z","outcome":"success","userId":"80e35783-7bde-4b6d-8280-b91afebbd714","email":"fde42bd9eb8157b0","ipAddress":"127.0.0.1","userAgent":"unknown","requestId":"d0c71e48-d0c6-4fdb-a27f-12ce8465095b","metadata":{"tokenId":"e55e0571-acc6-4567-bb81-15a79de4bd7b","sessionsInvalidated":true}}

stdout | src/server/auth/__tests__/rbac.test.ts > RBAC - Property-Based Tests > Property: Multiple users can have the same role
[2025-12-02T17:11:45.831Z] [App] [INFO] rbac.assign_role.success {
  userId: '65eb47b7-8e4d-4f9c-9ee4-4c17d360453e',
  role: 'TEAM_ADMIN',
  resourceType: 'team',
  resourceId: 'b1e927c8-3e8e-468e-9f6a-ce6fe0130647',
  roleId: 'a979cda3-72ce-4493-aafa-66a025496544'
}

stdout | src/server/auth/__tests__/rbac.test.ts > RBAC - Property-Based Tests > Property: Multiple users can have the same role
[2025-12-02T17:11:45.966Z] [App] [INFO] rbac.assign_role.success {
  userId: 'aec60c64-3c29-46a8-a46c-da0fd32cf338',
  role: 'TEAM_ADMIN',
  resourceType: 'team',
  resourceId: 'b1e927c8-3e8e-468e-9f6a-ce6fe0130647',
  roleId: 'db994e4c-9f28-4eba-a3b5-b367eb53a0ae'
}

stdout | src/app/api/auth/reset-password/__tests__/reset-password.property.test.ts > POST /api/auth/reset-password - Property-Based Tests > Property 17 (positive case): Valid token updates password
{"eventId":"85c46bc1-062c-48ae-a519-5a5f0df49f51","eventType":"auth.reset_password.success","timestamp":"2025-12-02T17:11:45.970Z","outcome":"success","ipAddress":"127.0.0.1","userAgent":"unknown","requestId":"291dd5e9-cbc9-42ec-b3ac-3e74a40d36be","metadata":{"stage":"attempt"}}

stdout | src/server/auth/__tests__/rbac.test.ts > RBAC - Property-Based Tests > Property: Multiple users can have the same role
[2025-12-02T17:11:46.095Z] [App] [INFO] rbac.assign_role.success {
  userId: '4e45dbb8-5595-4107-9785-7390977e22f5',
  role: 'TEAM_ADMIN',
  resourceType: 'team',
  resourceId: 'b1e927c8-3e8e-468e-9f6a-ce6fe0130647',
  roleId: '373230b9-33a8-451e-a115-4bedbe223e01'
}

stdout | src/app/api/auth/reset-password/__tests__/reset-password.property.test.ts > POST /api/auth/reset-password - Property-Based Tests > Property 17 (positive case): Valid token updates password
{"eventId":"c47c260f-dfe5-44b6-96f7-a300f17ad6a3","eventType":"auth.reset_password.success","timestamp":"2025-12-02T17:11:46.142Z","outcome":"success","userId":"80e35783-7bde-4b6d-8280-b91afebbd714","email":"fde42bd9eb8157b0","ipAddress":"127.0.0.1","userAgent":"unknown","requestId":"291dd5e9-cbc9-42ec-b3ac-3e74a40d36be","metadata":{"tokenId":"056e0208-3abf-4eac-94be-ef1234c06ee3","sessionsInvalidated":true}}

stdout | src/server/auth/__tests__/rbac.test.ts > RBAC - Property-Based Tests > Property: Multiple users can have the same role
[2025-12-02T17:11:46.253Z] [App] [INFO] rbac.assign_role.success {
  userId: '11bb0d36-24d6-4167-bc01-94968536e1d3',
  role: 'TEAM_OWNER',
  resourceType: 'team',
  resourceId: '18e42df8-3dc1-4ba5-ba14-6fcacfcc881a',
  roleId: '675abe0f-9db2-4308-955e-23afb8ab46ec'
}

stdout | src/app/api/auth/reset-password/__tests__/reset-password.property.test.ts > POST /api/auth/reset-password - Property-Based Tests > Property 17 (positive case): Valid token updates password
{"eventId":"298c63f2-1fd7-445a-beeb-c889e6e28bc9","eventType":"auth.reset_password.success","timestamp":"2025-12-02T17:11:46.296Z","outcome":"success","ipAddress":"127.0.0.1","userAgent":"unknown","requestId":"c177e13f-5d6d-4f43-80a6-23eab4b5ec7a","metadata":{"stage":"attempt"}}

 ✓ src/server/teams/__tests__/billable-seats.property.test.ts (4 tests) 1077ms
   ✓ Property 48: Billable seats count only TEAM_EDITOR > billable seats equals count of unique users with TEAM_EDITOR role 366ms
stdout | src/server/auth/__tests__/rbac.test.ts > RBAC - Property-Based Tests > Property: Multiple users can have the same role
[2025-12-02T17:11:46.430Z] [App] [INFO] rbac.assign_role.success {
  userId: '7bc8a3c2-a64f-45ae-bd3c-41230afc05d2',
  role: 'TEAM_OWNER',
  resourceType: 'team',
  resourceId: '18e42df8-3dc1-4ba5-ba14-6fcacfcc881a',
  roleId: 'fcdfa4a9-9dfe-4799-83c9-be0874a3bc4b'
}

stdout | src/app/api/auth/reset-password/__tests__/reset-password.property.test.ts > POST /api/auth/reset-password - Property-Based Tests > Property 17 (positive case): Valid token updates password
{"eventId":"5b82d8e4-30db-45a3-8678-ce7866c59595","eventType":"auth.reset_password.success","timestamp":"2025-12-02T17:11:46.496Z","outcome":"success","userId":"80e35783-7bde-4b6d-8280-b91afebbd714","email":"fde42bd9eb8157b0","ipAddress":"127.0.0.1","userAgent":"unknown","requestId":"c177e13f-5d6d-4f43-80a6-23eab4b5ec7a","metadata":{"tokenId":"82eef7cc-a31b-45a4-ac1d-549492fc9f3d","sessionsInvalidated":true}}

stdout | src/server/auth/__tests__/rbac.test.ts > RBAC - Property-Based Tests > Property: Multiple users can have the same role
[2025-12-02T17:11:46.584Z] [App] [INFO] rbac.assign_role.success {
  userId: '1f6f62e9-6da6-4971-893e-148bfea73df3',
  role: 'TEAM_OWNER',
  resourceType: 'team',
  resourceId: 'b3c7c1b8-71cd-4e50-86a0-05d3afadea7c',
  roleId: '7a403789-8b9d-41da-a903-64e3eee11d96'
}

stdout | src/app/api/auth/reset-password/__tests__/reset-password.property.test.ts > POST /api/auth/reset-password - Property-Based Tests > Property 17 (positive case): Valid token updates password
{"eventId":"ac605fef-45fc-40e4-a27a-ee0cd7a761b3","eventType":"auth.reset_password.success","timestamp":"2025-12-02T17:11:46.718Z","outcome":"success","ipAddress":"127.0.0.1","userAgent":"unknown","requestId":"50b9d72b-08e9-4ef4-9921-70e17c2f6a27","metadata":{"stage":"attempt"}}

stdout | src/server/auth/__tests__/rbac.test.ts > RBAC - Property-Based Tests > Property: Multiple users can have the same role
[2025-12-02T17:11:46.793Z] [App] [INFO] rbac.assign_role.success {
  userId: '8c0c36e5-320c-40d8-91b2-4066c7eb3080',
  role: 'TEAM_OWNER',
  resourceType: 'team',
  resourceId: 'b3c7c1b8-71cd-4e50-86a0-05d3afadea7c',
  roleId: 'd4fa87d8-9bd5-42c6-996b-ec5da488be54'
}

stdout | src/app/api/auth/reset-password/__tests__/reset-password.property.test.ts > POST /api/auth/reset-password - Property-Based Tests > Property 17 (positive case): Valid token updates password
{"eventId":"a4c8aac9-1466-4b0b-816d-03c0788eea5b","eventType":"auth.reset_password.success","timestamp":"2025-12-02T17:11:46.886Z","outcome":"success","userId":"80e35783-7bde-4b6d-8280-b91afebbd714","email":"fde42bd9eb8157b0","ipAddress":"127.0.0.1","userAgent":"unknown","requestId":"50b9d72b-08e9-4ef4-9921-70e17c2f6a27","metadata":{"tokenId":"c2d51ba8-f69a-41a9-a47e-2ce03d8bd977","sessionsInvalidated":true}}

stdout | src/server/auth/__tests__/rbac.test.ts > RBAC - Property-Based Tests > Property: Multiple users can have the same role
[2025-12-02T17:11:46.984Z] [App] [INFO] rbac.assign_role.success {
  userId: 'cd125eeb-7e28-47d3-b12a-f8aeddd27df5',
  role: 'TEAM_OWNER',
  resourceType: 'team',
  resourceId: 'b3c7c1b8-71cd-4e50-86a0-05d3afadea7c',
  roleId: 'ecb149b6-64dd-40f7-b4aa-4b66b0e9862b'
}

stdout | src/server/auth/__tests__/rbac.test.ts > RBAC - Property-Based Tests > Property: Multiple users can have the same role
[2025-12-02T17:11:47.157Z] [App] [INFO] rbac.assign_role.success {
  userId: '53d954ba-153c-4c5d-8385-e2ace0ba59eb',
  role: 'TEAM_VIEWER',
  resourceType: 'team',
  resourceId: '71fd1290-0a18-4f41-b19d-1a5173dc01f0',
  roleId: '271f2baf-56ab-42b3-8434-5e03d400b62d'
}

stdout | src/app/api/auth/reset-password/__tests__/reset-password.property.test.ts > POST /api/auth/reset-password - Property-Based Tests > Property 17 (positive case): Valid token updates password
{"eventId":"2342dfdb-5f60-4cdd-9182-01c869edd2a5","eventType":"auth.reset_password.success","timestamp":"2025-12-02T17:11:47.164Z","outcome":"success","ipAddress":"127.0.0.1","userAgent":"unknown","requestId":"d0e1ba60-dbf4-429b-9060-0cbbc60cf45c","metadata":{"stage":"attempt"}}

stdout | src/server/auth/__tests__/rbac.test.ts > RBAC - Property-Based Tests > Property: Multiple users can have the same role
[2025-12-02T17:11:47.476Z] [App] [INFO] rbac.assign_role.success {
  userId: 'f5f8e9e1-74de-47c7-a1f9-2c7b8ffe4e93',
  role: 'TEAM_VIEWER',
  resourceType: 'team',
  resourceId: '71fd1290-0a18-4f41-b19d-1a5173dc01f0',
  roleId: 'fc77bfe5-acbe-43be-b61a-89d607ac8ea3'
}

stdout | src/server/auth/__tests__/rbac.test.ts > RBAC - Property-Based Tests > Property: Multiple users can have the same role
[2025-12-02T17:11:47.719Z] [App] [INFO] rbac.assign_role.success {
  userId: '8e6df2d9-4a74-47f6-922d-7e0bf2e1b78a',
  role: 'TEAM_VIEWER',
  resourceType: 'team',
  resourceId: '71fd1290-0a18-4f41-b19d-1a5173dc01f0',
  roleId: 'e85f9543-7d06-4664-b2ad-f0c0d99f1091'
}

stdout | src/app/api/auth/reset-password/__tests__/reset-password.property.test.ts > POST /api/auth/reset-password - Property-Based Tests > Property 17 (positive case): Valid token updates password
{"eventId":"dc89591a-9373-42d4-b667-90942aea4b09","eventType":"auth.reset_password.success","timestamp":"2025-12-02T17:11:47.757Z","outcome":"success","userId":"80e35783-7bde-4b6d-8280-b91afebbd714","email":"fde42bd9eb8157b0","ipAddress":"127.0.0.1","userAgent":"unknown","requestId":"d0e1ba60-dbf4-429b-9060-0cbbc60cf45c","metadata":{"tokenId":"38e92a6e-9ea8-4d09-9844-d7c598125344","sessionsInvalidated":true}}

stdout | src/app/api/auth/reset-password/__tests__/reset-password.property.test.ts > POST /api/auth/reset-password - Property-Based Tests > Property 17 (positive case): Valid token updates password
{"eventId":"5658a427-f9fe-4308-b6fd-4c57fc0b747c","eventType":"auth.reset_password.success","timestamp":"2025-12-02T17:11:48.110Z","outcome":"success","ipAddress":"127.0.0.1","userAgent":"unknown","requestId":"a401ccb7-68d1-4a9d-bafd-648666971f96","metadata":{"stage":"attempt"}}

stdout | src/server/auth/__tests__/rbac.test.ts > RBAC - Property-Based Tests > Property: Multiple users can have the same role
[2025-12-02T17:11:48.205Z] [App] [INFO] rbac.assign_role.success {
  userId: '0fbc1658-b82a-4d56-8bb9-f9bce50cfc4c',
  role: 'TEAM_EDITOR',
  resourceType: 'team',
  resourceId: 'e5dccac6-4877-4561-b244-22388edbf08b',
  roleId: '83c25d0f-d6bb-4db3-a298-e3117ad50655'
}
[2025-12-02T17:11:48.206Z] [App] [INFO] rbac.update_billable_seats { teamId: 'e5dccac6-4877-4561-b244-22388edbf08b', billableSeats: 1 }

stdout | src/app/api/auth/reset-password/__tests__/reset-password.property.test.ts > POST /api/auth/reset-password - Property-Based Tests > Property 17 (positive case): Valid token updates password
{"eventId":"003864f0-c106-4354-9141-2f2c5d5128ff","eventType":"auth.reset_password.success","timestamp":"2025-12-02T17:11:48.310Z","outcome":"success","userId":"80e35783-7bde-4b6d-8280-b91afebbd714","email":"fde42bd9eb8157b0","ipAddress":"127.0.0.1","userAgent":"unknown","requestId":"a401ccb7-68d1-4a9d-bafd-648666971f96","metadata":{"tokenId":"a3dac8a1-2e73-41de-ba77-c4380d1f0e20","sessionsInvalidated":true}}

stdout | src/server/auth/__tests__/rbac.test.ts > RBAC - Property-Based Tests > Property: Multiple users can have the same role
[2025-12-02T17:11:48.505Z] [App] [INFO] rbac.assign_role.success {
  userId: 'df64b629-c9ae-4a42-8c4a-2899d3545b31',
  role: 'TEAM_EDITOR',
  resourceType: 'team',
  resourceId: 'e5dccac6-4877-4561-b244-22388edbf08b',
  roleId: '37871e57-7d53-4851-9548-0fe9a6e5e940'
}
[2025-12-02T17:11:48.506Z] [App] [INFO] rbac.update_billable_seats { teamId: 'e5dccac6-4877-4561-b244-22388edbf08b', billableSeats: 2 }

stdout | src/app/api/auth/reset-password/__tests__/reset-password.property.test.ts > POST /api/auth/reset-password - Property-Based Tests > Property 17 (positive case): Valid token updates password
{"eventId":"5cd59fee-8c51-48f4-baac-4464536bb3b6","eventType":"auth.reset_password.success","timestamp":"2025-12-02T17:11:49.489Z","outcome":"success","ipAddress":"127.0.0.1","userAgent":"unknown","requestId":"ddc31b99-93a5-4b7b-b56a-c64c49b8384b","metadata":{"stage":"attempt"}}

stdout | src/server/auth/__tests__/rbac.test.ts > RBAC - Property-Based Tests > Property: Multiple users can have the same role
[2025-12-02T17:11:49.873Z] [App] [INFO] rbac.assign_role.success {
  userId: '547cc1d1-c7c7-4807-ad7b-94640c9f3aa5',
  role: 'TEAM_OWNER',
  resourceType: 'team',
  resourceId: 'f8ba2da2-b135-4ef4-9fb9-e3902dbc424d',
  roleId: '253fe2f0-132b-4a23-aa79-20874cb083fc'
}

stdout | src/app/api/auth/reset-password/__tests__/reset-password.property.test.ts > POST /api/auth/reset-password - Property-Based Tests > Property 17 (positive case): Valid token updates password
{"eventId":"638443b4-0035-4a19-acb5-d7ce655861d3","eventType":"auth.reset_password.success","timestamp":"2025-12-02T17:11:50.098Z","outcome":"success","userId":"80e35783-7bde-4b6d-8280-b91afebbd714","email":"fde42bd9eb8157b0","ipAddress":"127.0.0.1","userAgent":"unknown","requestId":"ddc31b99-93a5-4b7b-b56a-c64c49b8384b","metadata":{"tokenId":"fbe83122-2ae7-42d3-bf4b-cae0a1ecc46b","sessionsInvalidated":true}}

stdout | src/server/auth/__tests__/rbac.test.ts > RBAC - Property-Based Tests > Property: Multiple users can have the same role
[2025-12-02T17:11:50.383Z] [App] [INFO] rbac.assign_role.success {
  userId: '2e71e1ee-319d-427b-97f6-70881cd41482',
  role: 'TEAM_OWNER',
  resourceType: 'team',
  resourceId: 'f8ba2da2-b135-4ef4-9fb9-e3902dbc424d',
  roleId: 'b69f68fb-8bbf-4c5b-85cb-08506904bd25'
}

stdout | src/app/api/auth/reset-password/__tests__/reset-password.property.test.ts > POST /api/auth/reset-password - Property-Based Tests > Property 17 (positive case): Valid token updates password
{"eventId":"43528684-84aa-42a7-bc7f-ace8e2b8415b","eventType":"auth.reset_password.success","timestamp":"2025-12-02T17:11:50.636Z","outcome":"success","ipAddress":"127.0.0.1","userAgent":"unknown","requestId":"fda7388d-9b1f-43d1-801f-4f58dee74a45","metadata":{"stage":"attempt"}}

stdout | src/server/auth/__tests__/rbac.test.ts > RBAC - Property-Based Tests > Property: Multiple users can have the same role
[2025-12-02T17:11:50.792Z] [App] [INFO] rbac.assign_role.success {
  userId: '1eabbd8e-ecb4-4b56-8ad1-521cca0833d5',
  role: 'TEAM_EDITOR',
  resourceType: 'team',
  resourceId: '1c253c8a-8456-4aa5-a3a1-78ede30612ae',
  roleId: '8d6fa020-6b5e-4637-9b0d-64ab0c653966'
}
[2025-12-02T17:11:50.793Z] [App] [INFO] rbac.update_billable_seats { teamId: '1c253c8a-8456-4aa5-a3a1-78ede30612ae', billableSeats: 1 }

stdout | src/server/auth/__tests__/rbac.test.ts > RBAC - Property-Based Tests > Property: Multiple users can have the same role
[2025-12-02T17:11:51.143Z] [App] [INFO] rbac.assign_role.success {
  userId: 'e0f32884-e8d4-403f-8621-e5e532203ac7',
  role: 'TEAM_EDITOR',
  resourceType: 'team',
  resourceId: '1c253c8a-8456-4aa5-a3a1-78ede30612ae',
  roleId: '04f6cd47-19e2-425f-bb8b-caa152175eac'
}
[2025-12-02T17:11:51.155Z] [App] [INFO] rbac.update_billable_seats { teamId: '1c253c8a-8456-4aa5-a3a1-78ede30612ae', billableSeats: 2 }

stdout | src/app/api/auth/reset-password/__tests__/reset-password.property.test.ts > POST /api/auth/reset-password - Property-Based Tests > Property 17 (positive case): Valid token updates password
{"eventId":"27ffe80d-e05f-49e6-8fc4-87b42ecae284","eventType":"auth.reset_password.success","timestamp":"2025-12-02T17:11:50.996Z","outcome":"success","userId":"80e35783-7bde-4b6d-8280-b91afebbd714","email":"fde42bd9eb8157b0","ipAddress":"127.0.0.1","userAgent":"unknown","requestId":"fda7388d-9b1f-43d1-801f-4f58dee74a45","metadata":{"tokenId":"fc55bbe6-06de-4808-9022-454f06cae332","sessionsInvalidated":true}}

stdout | src/app/api/auth/reset-password/__tests__/reset-password.property.test.ts > POST /api/auth/reset-password - Property-Based Tests > Property 17 (positive case): Valid token updates password
{"eventId":"c65ef880-f944-4160-a438-99149f3819cb","eventType":"auth.reset_password.success","timestamp":"2025-12-02T17:11:51.391Z","outcome":"success","ipAddress":"127.0.0.1","userAgent":"unknown","requestId":"e8b3b14f-1df2-4fbe-844f-eb2ca6152201","metadata":{"stage":"attempt"}}

stdout | src/server/auth/__tests__/rbac.test.ts > RBAC - Property-Based Tests > Property: Multiple users can have the same role
[2025-12-02T17:11:51.459Z] [App] [INFO] rbac.assign_role.success {
  userId: 'd79e448e-9903-434f-84ca-b47db329d11f',
  role: 'TEAM_VIEWER',
  resourceType: 'team',
  resourceId: 'cfdea30f-d6fe-440e-9fb3-9fccc1f4bf8e',
  roleId: '5bd9f4f1-5053-444e-b843-cfb93b346614'
}

stdout | src/app/api/auth/reset-password/__tests__/reset-password.property.test.ts > POST /api/auth/reset-password - Property-Based Tests > Property 17 (positive case): Valid token updates password
{"eventId":"ac737ac3-7c08-4d5f-8ccb-b0f1d29bef06","eventType":"auth.reset_password.success","timestamp":"2025-12-02T17:11:51.655Z","outcome":"success","userId":"80e35783-7bde-4b6d-8280-b91afebbd714","email":"fde42bd9eb8157b0","ipAddress":"127.0.0.1","userAgent":"unknown","requestId":"e8b3b14f-1df2-4fbe-844f-eb2ca6152201","metadata":{"tokenId":"16cbd2e8-52b4-4d0d-a976-c66b5bc48257","sessionsInvalidated":true}}

stdout | src/server/auth/__tests__/rbac.test.ts > RBAC - Property-Based Tests > Property: Multiple users can have the same role
[2025-12-02T17:11:51.741Z] [App] [INFO] rbac.assign_role.success {
  userId: '00c03e0a-6d42-48bb-954e-be16a4a76a06',
  role: 'TEAM_VIEWER',
  resourceType: 'team',
  resourceId: 'cfdea30f-d6fe-440e-9fb3-9fccc1f4bf8e',
  roleId: '68dd8852-30f3-4dcc-b77c-c6e3caaf8153'
}

 ✓ src/server/teams/__tests__/zod-validation-errors.property.test.ts (8 tests) 1702ms
   ✓ Property 49: Zod validation returns field-specific errors > createTeamSchema returns field-specific errors for invalid name 511ms
stdout | src/app/api/auth/reset-password/__tests__/reset-password.property.test.ts > POST /api/auth/reset-password - Property-Based Tests > Property 17 (positive case): Valid token updates password
{"eventId":"54d00d79-7b03-495e-93f7-3e0e1120d08e","eventType":"auth.reset_password.success","timestamp":"2025-12-02T17:11:51.964Z","outcome":"success","ipAddress":"127.0.0.1","userAgent":"unknown","requestId":"a6010464-163a-4e83-a614-8453f36ddaa0","metadata":{"stage":"attempt"}}

stdout | src/server/auth/__tests__/rbac.test.ts > RBAC - Property-Based Tests > Property: Multiple users can have the same role
[2025-12-02T17:11:52.133Z] [App] [INFO] rbac.assign_role.success {
  userId: 'd40c96ff-8e38-4d0d-9827-ffa42de0cfaf',
  role: 'TEAM_VIEWER',
  resourceType: 'team',
  resourceId: '49ceb5dd-6f06-44c6-87a0-356f1f869673',
  roleId: '691e5507-1d45-4100-ab32-12df4ca5a52e'
}

stdout | src/app/api/auth/reset-password/__tests__/reset-password.property.test.ts > POST /api/auth/reset-password - Property-Based Tests > Property 17 (positive case): Valid token updates password
{"eventId":"67edb1e0-138c-4cc2-bc17-3ac0770c44e4","eventType":"auth.reset_password.success","timestamp":"2025-12-02T17:11:52.181Z","outcome":"success","userId":"80e35783-7bde-4b6d-8280-b91afebbd714","email":"fde42bd9eb8157b0","ipAddress":"127.0.0.1","userAgent":"unknown","requestId":"a6010464-163a-4e83-a614-8453f36ddaa0","metadata":{"tokenId":"4aeb4352-29d9-4aee-b160-f6931b9bdc24","sessionsInvalidated":true}}

stdout | src/server/teams/__tests__/team-context-management.integration.test.ts > Integration Test: Team Context Management > should persist last active team in database
[2025-12-02T17:11:51.418Z] [App] [INFO] {"eventId":"7d4cfabe-86d3-4d8e-b938-e81db52f35d9","eventType":"team.create.success","timestamp":"2025-12-02T17:11:51.418Z","outcome":"success","userId":"d9552a7d-d913-475e-b542-da19623d65e4","teamId":"a8289e52-e291-44f4-8be7-cc875971830f","teamName":"Persist Team","metadata":{"slug":"persist-team","planId":"free"}}

stdout | src/server/teams/__tests__/team-context-management.integration.test.ts > Integration Test: Team Context Management > should handle deleted active team
[2025-12-02T17:11:51.782Z] [App] [INFO] {"eventId":"311584d3-94df-4d81-a1d9-2d44f1bcccbd","eventType":"team.create.success","timestamp":"2025-12-02T17:11:51.782Z","outcome":"success","userId":"912ff214-1996-45e2-8198-8d2e807fe3d6","teamId":"79ffa42a-adee-4c2d-8bca-46f231a41a83","teamName":"Team 1","metadata":{"slug":"team-1","planId":"free"}}
[2025-12-02T17:11:51.916Z] [App] [INFO] {"eventId":"c520bfc9-02c1-4cc8-9116-9b4b7978d1f8","eventType":"team.create.success","timestamp":"2025-12-02T17:11:51.916Z","outcome":"success","userId":"912ff214-1996-45e2-8198-8d2e807fe3d6","teamId":"c8ff06c3-66a3-4bfc-9fc0-e33bb159007e","teamName":"Team 2","metadata":{"slug":"team-2","planId":"free"}}

stdout | src/server/teams/__tests__/team-context-management.integration.test.ts > Integration Test: Team Context Management > should handle user removed from active team
[2025-12-02T17:11:52.019Z] [App] [INFO] {"eventId":"79053192-458e-4c57-9045-b90ec54cab2f","eventType":"team.create.success","timestamp":"2025-12-02T17:11:52.019Z","outcome":"success","userId":"f4c31c2b-f776-4051-a94a-61d5f7d320fc","teamId":"ca5edbdc-3c6d-4eae-b421-4fe2ef8a56c0","teamName":"Team 1","metadata":{"slug":"team-1","planId":"free"}}
[2025-12-02T17:11:52.021Z] [App] [INFO] {"eventId":"d97dbbd8-7c03-4069-94b4-c83507f590b1","eventType":"team.create.success","timestamp":"2025-12-02T17:11:52.021Z","outcome":"success","userId":"f4c31c2b-f776-4051-a94a-61d5f7d320fc","teamId":"83fd298e-241a-49c7-a8f2-0479b63ac9a0","teamName":"Team 2","metadata":{"slug":"team-2","planId":"free"}}

stdout | src/server/teams/__tests__/team-context-management.integration.test.ts > Integration Test: Team Context Management > should switch to most recently created team
[2025-12-02T17:11:52.274Z] [App] [INFO] {"eventId":"c698a173-639b-4811-a9db-888e95acaea9","eventType":"team.create.success","timestamp":"2025-12-02T17:11:52.274Z","outcome":"success","userId":"01c9649f-07c4-4181-b47e-cc8739f71679","teamId":"470c25a1-7037-4989-ab38-73a7f7f3e259","teamName":"Team 1","metadata":{"slug":"team-1","planId":"free"}}

stdout | src/server/teams/__tests__/team-context-management.integration.test.ts > Integration Test: Team Context Management > should switch to most recently created team
[2025-12-02T17:11:52.291Z] [App] [INFO] {"eventId":"35fdb628-d987-4cf3-86c8-097adbd1f82e","eventType":"team.create.success","timestamp":"2025-12-02T17:11:52.291Z","outcome":"success","userId":"01c9649f-07c4-4181-b47e-cc8739f71679","teamId":"892213df-b284-468f-b5a6-b075486195b5","teamName":"Team 2","metadata":{"slug":"team-2","planId":"free"}}

stdout | src/server/auth/__tests__/rbac.test.ts > RBAC - Property-Based Tests > Property: Multiple users can have the same role
[2025-12-02T17:11:52.380Z] [App] [INFO] rbac.assign_role.success {
  userId: '16b7f539-47bb-4698-983b-a680b1c379cf',
  role: 'TEAM_VIEWER',
  resourceType: 'team',
  resourceId: '49ceb5dd-6f06-44c6-87a0-356f1f869673',
  roleId: '17f2ec25-3227-41fb-a6c9-6b6eaa4d1eac'
}

stdout | src/app/api/auth/reset-password/__tests__/reset-password.property.test.ts > POST /api/auth/reset-password - Property-Based Tests > Property 17 (positive case): Valid token updates password
{"eventId":"ef743a5b-e726-4870-985d-440aabc7e4dc","eventType":"auth.reset_password.success","timestamp":"2025-12-02T17:11:52.423Z","outcome":"success","ipAddress":"127.0.0.1","userAgent":"unknown","requestId":"3d7e2ea0-dc6d-4b21-89db-8dc4cd1e01cc","metadata":{"stage":"attempt"}}

stdout | src/server/teams/__tests__/team-context-management.integration.test.ts > Integration Test: Team Context Management > should switch to most recently created team
[2025-12-02T17:11:52.315Z] [App] [INFO] {"eventId":"f8f27750-1436-4a9a-a4ab-91efa08972e1","eventType":"team.create.success","timestamp":"2025-12-02T17:11:52.315Z","outcome":"success","userId":"01c9649f-07c4-4181-b47e-cc8739f71679","teamId":"ffb5c217-1e96-44e9-a92f-af3bef50ba5d","teamName":"Team 3","metadata":{"slug":"team-3","planId":"free"}}

stdout | src/server/teams/__tests__/team-context-management.integration.test.ts > Integration Test: Team Context Management > should handle multiple team switches
[2025-12-02T17:11:52.415Z] [App] [INFO] {"eventId":"33471851-50c2-41ff-b37b-bdd3c004c437","eventType":"team.create.success","timestamp":"2025-12-02T17:11:52.415Z","outcome":"success","userId":"8168183a-a5d5-47aa-ab0f-f2d05f1c4958","teamId":"06fd99c0-b23e-4888-8c56-54cc795bd4c8","teamName":"Team 1","metadata":{"slug":"team-1","planId":"free"}}
[2025-12-02T17:11:52.417Z] [App] [INFO] {"eventId":"0ab3a65e-3481-4ff6-9398-760795833b44","eventType":"team.create.success","timestamp":"2025-12-02T17:11:52.417Z","outcome":"success","userId":"8168183a-a5d5-47aa-ab0f-f2d05f1c4958","teamId":"f2afb528-b38f-4fb1-aba6-6a4e6ecad15b","teamName":"Team 2","metadata":{"slug":"team-2","planId":"free"}}
[2025-12-02T17:11:52.418Z] [App] [INFO] {"eventId":"32128aec-3eb4-424c-97c4-b61ad08c7146","eventType":"team.create.success","timestamp":"2025-12-02T17:11:52.418Z","outcome":"success","userId":"8168183a-a5d5-47aa-ab0f-f2d05f1c4958","teamId":"d5e1ad55-1984-4998-a739-b568c82150e5","teamName":"Team 3","metadata":{"slug":"team-3","planId":"free"}}

stdout | src/server/teams/__tests__/team-context-management.integration.test.ts > Integration Test: Team Context Management > should store team member roles correctly
[2025-12-02T17:11:52.499Z] [App] [INFO] {"eventId":"68984e2f-2863-4546-876a-77d1bba7f541","eventType":"team.create.success","timestamp":"2025-12-02T17:11:52.499Z","outcome":"success","userId":"e6116569-70ad-479a-84a7-cc1672c52829","teamId":"ec7c333b-9753-4999-92c8-e06e86de4a85","teamName":"Info Team","metadata":{"slug":"info-team","planId":"free"}}

 ✓ src/server/teams/__tests__/team-context-management.integration.test.ts (7 tests) 1256ms
stdout | src/server/auth/__tests__/rbac.test.ts > RBAC - Property-Based Tests > Property: Multiple users can have the same role
[2025-12-02T17:11:52.574Z] [App] [INFO] rbac.assign_role.success {
  userId: 'cdbb58e0-5304-411d-b3f2-ae8eb5f9a023',
  role: 'TEAM_MEMBER',
  resourceType: 'team',
  resourceId: '560f6239-9f02-4bae-b06f-0e715c796d6d',
  roleId: 'e09dcdb8-10fc-424d-90a7-37f28c6e1c68'
}

stdout | Object.info (/Users/BYKHD/Documents/GitHub/ui-syncup/src/lib/logger.ts:175:15)
[2025-12-02T17:11:52.581Z] [App] [INFO] email.worker.sigterm

stdout | src/app/api/auth/reset-password/__tests__/reset-password.property.test.ts > POST /api/auth/reset-password - Property-Based Tests > Property 17 (positive case): Valid token updates password
{"eventId":"f49640e2-e1d5-45c0-ac43-63676a2b3109","eventType":"auth.reset_password.success","timestamp":"2025-12-02T17:11:52.603Z","outcome":"success","userId":"80e35783-7bde-4b6d-8280-b91afebbd714","email":"fde42bd9eb8157b0","ipAddress":"127.0.0.1","userAgent":"unknown","requestId":"3d7e2ea0-dc6d-4b21-89db-8dc4cd1e01cc","metadata":{"tokenId":"948773db-f71c-4b3f-bd44-baf00ef307ff","sessionsInvalidated":true}}

stdout | src/server/teams/__tests__/member-management-flow.integration.test.ts > Integration Test: Member Management Flow > should update member roles and recalculate billable seats
[2025-12-02T17:11:51.998Z] [App] [INFO] {"eventId":"6f008a54-15fb-46d0-87b5-a0603a8be22c","eventType":"team.create.success","timestamp":"2025-12-02T17:11:51.998Z","outcome":"success","userId":"ecb54a4a-a117-4288-abb1-5734171a9c94","teamId":"02b39078-1d6a-49e5-9b57-7e7d2f2e4641","teamName":"Role Update Team","metadata":{"slug":"role-update-team","planId":"free"}}
[2025-12-02T17:11:52.002Z] [App] [INFO] {"eventId":"68f13aaf-e87b-4f31-bbd5-3bdfc6e8f800","eventType":"team.member.add.success","timestamp":"2025-12-02T17:11:52.002Z","outcome":"success","userId":"ecb54a4a-a117-4288-abb1-5734171a9c94","teamId":"02b39078-1d6a-49e5-9b57-7e7d2f2e4641","metadata":{"addedUserId":"acf85471-e4a7-452a-afa1-3a2a3db8daec","operationalRole":"TEAM_MEMBER"}}
[2025-12-02T17:11:52.005Z] [App] [INFO] {"eventId":"7c98ed27-506f-48d5-9f1a-d02ed4dc9ff5","eventType":"team.member.role_change.success","timestamp":"2025-12-02T17:11:52.005Z","outcome":"success","userId":"ecb54a4a-a117-4288-abb1-5734171a9c94","teamId":"02b39078-1d6a-49e5-9b57-7e7d2f2e4641","metadata":{"targetUserId":"acf85471-e4a7-452a-afa1-3a2a3db8daec","oldManagementRole":null,"oldOperationalRole":"TEAM_MEMBER","newManagementRole":null,"newOperationalRole":"TEAM_EDITOR"}}
[2025-12-02T17:11:52.008Z] [App] [INFO] {"eventId":"b1e4089b-b218-4b75-8ea5-fcfec762f8bf","eventType":"team.member.role_change.success","timestamp":"2025-12-02T17:11:52.008Z","outcome":"success","userId":"ecb54a4a-a117-4288-abb1-5734171a9c94","teamId":"02b39078-1d6a-49e5-9b57-7e7d2f2e4641","metadata":{"targetUserId":"acf85471-e4a7-452a-afa1-3a2a3db8daec","oldManagementRole":null,"oldOperationalRole":"TEAM_EDITOR","newManagementRole":null,"newOperationalRole":"TEAM_MEMBER"}}

stdout | src/server/teams/__tests__/member-management-flow.integration.test.ts > Integration Test: Member Management Flow > should remove member successfully when no projects owned
[2025-12-02T17:11:52.250Z] [App] [INFO] {"eventId":"d0f10aa7-b705-404a-99e6-7feb83c70e1c","eventType":"team.create.success","timestamp":"2025-12-02T17:11:52.250Z","outcome":"success","userId":"a23e7d08-4526-4451-b64a-ffa66b74e7c7","teamId":"02a921a9-77e7-42bb-8fe2-61f8b9ca8402","teamName":"Remove Member Team","metadata":{"slug":"remove-member-team","planId":"free"}}
[2025-12-02T17:11:52.254Z] [App] [INFO] {"eventId":"2b1ec8f8-f3d3-4ef9-9cc9-26aabd7ab9c4","eventType":"team.member.add.success","timestamp":"2025-12-02T17:11:52.254Z","outcome":"success","userId":"a23e7d08-4526-4451-b64a-ffa66b74e7c7","teamId":"02a921a9-77e7-42bb-8fe2-61f8b9ca8402","metadata":{"addedUserId":"3c088f1b-f88c-4a50-9bf1-de8202a22082","operationalRole":"TEAM_MEMBER"}}
[2025-12-02T17:11:52.256Z] [App] [INFO] {"eventId":"b35c24c0-a235-449e-83da-1cbb2327e2a5","eventType":"team.member.remove.success","timestamp":"2025-12-02T17:11:52.256Z","outcome":"success","userId":"a23e7d08-4526-4451-b64a-ffa66b74e7c7","teamId":"02a921a9-77e7-42bb-8fe2-61f8b9ca8402","metadata":{"removedUserId":"3c088f1b-f88c-4a50-9bf1-de8202a22082"}}

stdout | src/server/teams/__tests__/member-management-flow.integration.test.ts > Integration Test: Member Management Flow > should update billable seats when removing TEAM_EDITOR
[2025-12-02T17:11:52.436Z] [App] [INFO] {"eventId":"4d4f09d9-c32a-4913-9345-a9cf2aca6c54","eventType":"team.create.success","timestamp":"2025-12-02T17:11:52.436Z","outcome":"success","userId":"68514daa-8835-4c1c-840d-ec25f401fdc9","teamId":"65f3cc0b-3a77-48d7-b040-df74c7ed4324","teamName":"Seats Test Team","metadata":{"slug":"seats-test-team","planId":"free"}}
[2025-12-02T17:11:52.439Z] [App] [INFO] {"eventId":"6344f8b5-f560-4e3e-a0c7-372803d26f60","eventType":"team.member.add.success","timestamp":"2025-12-02T17:11:52.439Z","outcome":"success","userId":"68514daa-8835-4c1c-840d-ec25f401fdc9","teamId":"65f3cc0b-3a77-48d7-b040-df74c7ed4324","metadata":{"addedUserId":"8e7224ec-a5f5-4790-8480-f61d6f81ddf0","operationalRole":"TEAM_EDITOR"}}
[2025-12-02T17:11:52.441Z] [App] [INFO] {"eventId":"75b06911-2bcf-469c-81e1-7d903f3f4f66","eventType":"team.member.remove.success","timestamp":"2025-12-02T17:11:52.441Z","outcome":"success","userId":"68514daa-8835-4c1c-840d-ec25f401fdc9","teamId":"65f3cc0b-3a77-48d7-b040-df74c7ed4324","metadata":{"removedUserId":"8e7224ec-a5f5-4790-8480-f61d6f81ddf0"}}

stdout | src/server/teams/__tests__/member-management-flow.integration.test.ts > Integration Test: Member Management Flow > should handle multiple role changes correctly
[2025-12-02T17:11:52.511Z] [App] [INFO] {"eventId":"4d491b81-bff9-4ad7-8078-538a30bf7a3c","eventType":"team.create.success","timestamp":"2025-12-02T17:11:52.511Z","outcome":"success","userId":"f7c96457-29be-486e-b2fa-6d03d79c6583","teamId":"97d09d8f-4fc3-4b0a-814e-27510e8ba805","teamName":"Multi Role Team","metadata":{"slug":"multi-role-team","planId":"free"}}
[2025-12-02T17:11:52.515Z] [App] [INFO] {"eventId":"f9af7378-4528-49f3-9232-45e81360a6b6","eventType":"team.member.add.success","timestamp":"2025-12-02T17:11:52.515Z","outcome":"success","userId":"f7c96457-29be-486e-b2fa-6d03d79c6583","teamId":"97d09d8f-4fc3-4b0a-814e-27510e8ba805","metadata":{"addedUserId":"5d91c885-d0d0-42c7-a0be-15b9d3e14743","operationalRole":"TEAM_MEMBER"}}
[2025-12-02T17:11:52.517Z] [App] [INFO] {"eventId":"e82ff0a8-f352-4afc-9634-a7f00ddc0898","eventType":"team.member.add.success","timestamp":"2025-12-02T17:11:52.517Z","outcome":"success","userId":"f7c96457-29be-486e-b2fa-6d03d79c6583","teamId":"97d09d8f-4fc3-4b0a-814e-27510e8ba805","metadata":{"addedUserId":"1ce56ad3-18b0-48d2-a48f-e96ddf4cb75b","operationalRole":"TEAM_MEMBER"}}
[2025-12-02T17:11:52.518Z] [App] [INFO] {"eventId":"f8a5db84-1965-475e-87fc-732ae6592eda","eventType":"team.member.add.success","timestamp":"2025-12-02T17:11:52.518Z","outcome":"success","userId":"f7c96457-29be-486e-b2fa-6d03d79c6583","teamId":"97d09d8f-4fc3-4b0a-814e-27510e8ba805","metadata":{"addedUserId":"a0271e64-b1cf-47c8-8f6c-706cc964f73a","operationalRole":"TEAM_MEMBER"}}
[2025-12-02T17:11:52.524Z] [App] [INFO] {"eventId":"d91b137d-277d-462c-956f-675551bd6125","eventType":"team.member.role_change.success","timestamp":"2025-12-02T17:11:52.524Z","outcome":"success","userId":"f7c96457-29be-486e-b2fa-6d03d79c6583","teamId":"97d09d8f-4fc3-4b0a-814e-27510e8ba805","metadata":{"targetUserId":"5d91c885-d0d0-42c7-a0be-15b9d3e14743","oldManagementRole":null,"oldOperationalRole":"TEAM_MEMBER","newManagementRole":null,"newOperationalRole":"TEAM_EDITOR"}}
[2025-12-02T17:11:52.525Z] [App] [INFO] {"eventId":"6cdf4f7b-bc45-435d-80e4-397fc13a9f44","eventType":"team.member.role_change.success","timestamp":"2025-12-02T17:11:52.525Z","outcome":"success","userId":"f7c96457-29be-486e-b2fa-6d03d79c6583","teamId":"97d09d8f-4fc3-4b0a-814e-27510e8ba805","metadata":{"targetUserId":"1ce56ad3-18b0-48d2-a48f-e96ddf4cb75b","oldManagementRole":null,"oldOperationalRole":"TEAM_MEMBER","newManagementRole":null,"newOperationalRole":"TEAM_EDITOR"}}
[2025-12-02T17:11:52.527Z] [App] [INFO] {"eventId":"335befc4-ffdd-41c8-ab57-74c6ebb0241d","eventType":"team.member.role_change.success","timestamp":"2025-12-02T17:11:52.527Z","outcome":"success","userId":"f7c96457-29be-486e-b2fa-6d03d79c6583","teamId":"97d09d8f-4fc3-4b0a-814e-27510e8ba805","metadata":{"targetUserId":"a0271e64-b1cf-47c8-8f6c-706cc964f73a","oldManagementRole":null,"oldOperationalRole":"TEAM_MEMBER","newManagementRole":null,"newOperationalRole":"TEAM_EDITOR"}}
[2025-12-02T17:11:52.531Z] [App] [INFO] {"eventId":"929d9c72-ba7f-4609-a5c4-4fbafd040d2a","eventType":"team.member.role_change.success","timestamp":"2025-12-02T17:11:52.531Z","outcome":"success","userId":"f7c96457-29be-486e-b2fa-6d03d79c6583","teamId":"97d09d8f-4fc3-4b0a-814e-27510e8ba805","metadata":{"targetUserId":"5d91c885-d0d0-42c7-a0be-15b9d3e14743","oldManagementRole":null,"oldOperationalRole":"TEAM_EDITOR","newManagementRole":null,"newOperationalRole":"TEAM_MEMBER"}}
[2025-12-02T17:11:52.533Z] [App] [INFO] {"eventId":"6739cbc7-c403-49a9-b7c1-4acdbf250ec5","eventType":"team.member.role_change.success","timestamp":"2025-12-02T17:11:52.533Z","outcome":"success","userId":"f7c96457-29be-486e-b2fa-6d03d79c6583","teamId":"97d09d8f-4fc3-4b0a-814e-27510e8ba805","metadata":{"targetUserId":"1ce56ad3-18b0-48d2-a48f-e96ddf4cb75b","oldManagementRole":null,"oldOperationalRole":"TEAM_EDITOR","newManagementRole":null,"newOperationalRole":"TEAM_MEMBER"}}

stdout | src/server/teams/__tests__/member-management-flow.integration.test.ts > Integration Test: Member Management Flow > should assign management roles correctly
[2025-12-02T17:11:52.633Z] [App] [INFO] {"eventId":"01f77f1c-56bf-44ce-af8e-79bbc7e2bad7","eventType":"team.create.success","timestamp":"2025-12-02T17:11:52.633Z","outcome":"success","userId":"eace6a4f-fdea-4475-a39d-e3decd706819","teamId":"57e49669-71ba-46dc-b17f-63ab086c5657","teamName":"Management Role Team","metadata":{"slug":"management-role-team","planId":"free"}}
[2025-12-02T17:11:52.635Z] [App] [INFO] {"eventId":"7da86292-f94d-4681-9de1-1990c3584afe","eventType":"team.member.add.success","timestamp":"2025-12-02T17:11:52.635Z","outcome":"success","userId":"eace6a4f-fdea-4475-a39d-e3decd706819","teamId":"57e49669-71ba-46dc-b17f-63ab086c5657","metadata":{"addedUserId":"2db05e9f-b248-4eea-aa1e-777dc38e6724","managementRole":"TEAM_ADMIN","operationalRole":"TEAM_MEMBER"}}

 ✓ src/server/teams/__tests__/member-management-flow.integration.test.ts (5 tests) 865ms
   ✓ Integration Test: Member Management Flow > should update member roles and recalculate billable seats 340ms
stdout | Object.info (/Users/BYKHD/Documents/GitHub/ui-syncup/src/lib/logger.ts:175:15)
[2025-12-02T17:11:52.699Z] [App] [INFO] email.worker.sigterm

stdout | src/server/auth/__tests__/rbac.test.ts > RBAC - Property-Based Tests > Property: Multiple users can have the same role
[2025-12-02T17:11:52.715Z] [App] [INFO] rbac.assign_role.success {
  userId: '7b689c38-3dff-45b8-91d6-8c40fbddf94d',
  role: 'TEAM_MEMBER',
  resourceType: 'team',
  resourceId: '560f6239-9f02-4bae-b06f-0e715c796d6d',
  roleId: 'ef3fd875-5e1f-4318-bbc0-a99a51dd7618'
}

stdout | src/app/api/auth/reset-password/__tests__/reset-password.property.test.ts > POST /api/auth/reset-password - Property-Based Tests > Property 17 (positive case): Valid token updates password
{"eventId":"2b2202ec-a46b-4176-91d8-75fb61af997e","eventType":"auth.reset_password.success","timestamp":"2025-12-02T17:11:52.765Z","outcome":"success","ipAddress":"127.0.0.1","userAgent":"unknown","requestId":"be09c54b-4805-44b9-ae3d-ea0e23c0a521","metadata":{"stage":"attempt"}}

stdout | src/server/auth/__tests__/rbac.test.ts > RBAC - Property-Based Tests > Property: Multiple users can have the same role
[2025-12-02T17:11:52.839Z] [App] [INFO] rbac.assign_role.success {
  userId: 'aa50d49e-8323-4d9c-978e-e8c42ba7f82c',
  role: 'TEAM_MEMBER',
  resourceType: 'team',
  resourceId: 'd6e42552-3592-4e31-8649-be5c804b7fbc',
  roleId: 'cd3742e7-39e4-45ed-89cd-4f40eaa66dcf'
}

stdout | src/app/api/auth/reset-password/__tests__/reset-password.property.test.ts > POST /api/auth/reset-password - Property-Based Tests > Property 17 (positive case): Valid token updates password
{"eventId":"939d99d7-2c29-49e1-9a87-6a49c86cf8ad","eventType":"auth.reset_password.success","timestamp":"2025-12-02T17:11:52.905Z","outcome":"success","userId":"80e35783-7bde-4b6d-8280-b91afebbd714","email":"fde42bd9eb8157b0","ipAddress":"127.0.0.1","userAgent":"unknown","requestId":"be09c54b-4805-44b9-ae3d-ea0e23c0a521","metadata":{"tokenId":"74287e18-8363-4014-a825-0edc833e9b0f","sessionsInvalidated":true}}

stdout | src/server/auth/__tests__/rbac.test.ts > RBAC - Property-Based Tests > Property: Multiple users can have the same role
[2025-12-02T17:11:52.987Z] [App] [INFO] rbac.assign_role.success {
  userId: '3e859651-7149-4294-b00d-519228153042',
  role: 'TEAM_MEMBER',
  resourceType: 'team',
  resourceId: 'd6e42552-3592-4e31-8649-be5c804b7fbc',
  roleId: 'f3cc6a9d-cbcd-45bd-9747-555ff5831580'
}

stdout | src/app/api/auth/reset-password/__tests__/reset-password.property.test.ts > POST /api/auth/reset-password - Property-Based Tests > Property 17 (positive case): Valid token updates password
{"eventId":"b545a49a-d25f-4546-a50a-fec0cdf3e58a","eventType":"auth.reset_password.success","timestamp":"2025-12-02T17:11:53.034Z","outcome":"success","ipAddress":"127.0.0.1","userAgent":"unknown","requestId":"181a619e-ef26-4954-bf70-cefb2bd57124","metadata":{"stage":"attempt"}}

stdout | src/server/auth/__tests__/rbac.test.ts > RBAC - Property-Based Tests > Property: Multiple users can have the same role
[2025-12-02T17:11:53.116Z] [App] [INFO] rbac.assign_role.success {
  userId: 'be8c9fd4-e1c4-4934-bc19-8ae5639a3b1b',
  role: 'TEAM_MEMBER',
  resourceType: 'team',
  resourceId: 'd6e42552-3592-4e31-8649-be5c804b7fbc',
  roleId: '409c5bab-9604-4399-a530-42addf31c589'
}

stdout | src/app/api/auth/reset-password/__tests__/reset-password.property.test.ts > POST /api/auth/reset-password - Property-Based Tests > Property 17 (positive case): Valid token updates password
{"eventId":"03a0d145-c100-472c-a44d-aacdefb6e26d","eventType":"auth.reset_password.success","timestamp":"2025-12-02T17:11:53.178Z","outcome":"success","userId":"80e35783-7bde-4b6d-8280-b91afebbd714","email":"fde42bd9eb8157b0","ipAddress":"127.0.0.1","userAgent":"unknown","requestId":"181a619e-ef26-4954-bf70-cefb2bd57124","metadata":{"tokenId":"1b9a5b71-4c7e-4a8f-b90e-c1172b7cf8e4","sessionsInvalidated":true}}

stdout | src/server/auth/__tests__/rbac.test.ts > RBAC - Property-Based Tests > Property: Multiple users can have the same role
[2025-12-02T17:11:53.259Z] [App] [INFO] rbac.assign_role.success {
  userId: '80c287a6-4909-4911-93b2-530b82906a10',
  role: 'TEAM_MEMBER',
  resourceType: 'team',
  resourceId: 'd6e42552-3592-4e31-8649-be5c804b7fbc',
  roleId: '67ea459d-c271-48e2-86d4-6d02a8780830'
}

stdout | src/app/api/auth/reset-password/__tests__/reset-password.property.test.ts > POST /api/auth/reset-password - Property-Based Tests > Property 17 (positive case): Valid token updates password
{"eventId":"1ca9a279-60da-41cf-a632-1675a96604ee","eventType":"auth.reset_password.success","timestamp":"2025-12-02T17:11:53.308Z","outcome":"success","ipAddress":"127.0.0.1","userAgent":"unknown","requestId":"6011f379-fe14-4787-99c6-2ee6cc6496fd","metadata":{"stage":"attempt"}}

stdout | src/server/teams/__tests__/team-creation-flow.integration.test.ts > Integration Test: Complete Team Creation Flow > should complete full team creation flow from onboarding
[2025-12-02T17:11:52.981Z] [App] [INFO] {"eventId":"8cd63210-6c7f-4d5d-8f79-58a1086dbc15","eventType":"team.create.success","timestamp":"2025-12-02T17:11:52.981Z","outcome":"success","userId":"3201cd88-75e5-4a70-afe9-5e32f271fe3c","teamId":"efd0eeb9-cd5c-46d1-a733-2ac8702f5b5d","teamName":"Design Squad","metadata":{"slug":"design-squad","planId":"free"}}
[2025-12-02T17:11:52.989Z] [App] [INFO] {"eventId":"a57d1b68-0af3-4c1f-bdcd-bb224fb879e8","eventType":"team.member.add.success","timestamp":"2025-12-02T17:11:52.989Z","outcome":"success","userId":"3201cd88-75e5-4a70-afe9-5e32f271fe3c","teamId":"efd0eeb9-cd5c-46d1-a733-2ac8702f5b5d","metadata":{"addedUserId":"74d5fcee-e6cc-4221-a5ac-58f64525568a","operationalRole":"TEAM_MEMBER"}}
[2025-12-02T17:11:52.992Z] [App] [INFO] {"eventId":"d26192e8-5e5d-40f6-83cb-892f2a2b1ceb","eventType":"team.member.add.success","timestamp":"2025-12-02T17:11:52.992Z","outcome":"success","userId":"3201cd88-75e5-4a70-afe9-5e32f271fe3c","teamId":"efd0eeb9-cd5c-46d1-a733-2ac8702f5b5d","metadata":{"addedUserId":"6ea954da-fc80-447e-a092-50efa0e6a3f9","operationalRole":"TEAM_MEMBER"}}
[2025-12-02T17:11:52.994Z] [App] [INFO] {"eventId":"7b2ae4b7-856f-4b26-9c3d-9796f1c75eb7","eventType":"team.member.add.success","timestamp":"2025-12-02T17:11:52.994Z","outcome":"success","userId":"3201cd88-75e5-4a70-afe9-5e32f271fe3c","teamId":"efd0eeb9-cd5c-46d1-a733-2ac8702f5b5d","metadata":{"addedUserId":"d61c2b20-c572-41e9-b436-d165e75ada41","operationalRole":"TEAM_MEMBER"}}
[2025-12-02T17:11:53.002Z] [App] [INFO] {"eventId":"e6222457-eb70-48fe-8452-914b81bb1fca","eventType":"team.member.add.success","timestamp":"2025-12-02T17:11:53.001Z","outcome":"success","userId":"3201cd88-75e5-4a70-afe9-5e32f271fe3c","teamId":"efd0eeb9-cd5c-46d1-a733-2ac8702f5b5d","metadata":{"addedUserId":"d37a58d6-cde0-4386-becd-e4d087cd548e","operationalRole":"TEAM_MEMBER"}}
[2025-12-02T17:11:53.007Z] [App] [INFO] {"eventId":"ac965e4c-9426-41d3-8d4d-94b2086c9df9","eventType":"team.member.add.success","timestamp":"2025-12-02T17:11:53.007Z","outcome":"success","userId":"3201cd88-75e5-4a70-afe9-5e32f271fe3c","teamId":"efd0eeb9-cd5c-46d1-a733-2ac8702f5b5d","metadata":{"addedUserId":"850eef68-b23a-457c-b0e7-8f57578dabcb","operationalRole":"TEAM_MEMBER"}}
[2025-12-02T17:11:53.009Z] [App] [INFO] {"eventId":"a7da817b-0ccd-4155-bdfd-5b296634d7a5","eventType":"team.member.add.success","timestamp":"2025-12-02T17:11:53.009Z","outcome":"success","userId":"3201cd88-75e5-4a70-afe9-5e32f271fe3c","teamId":"efd0eeb9-cd5c-46d1-a733-2ac8702f5b5d","metadata":{"addedUserId":"16f47338-6fa8-4e34-abaf-04e0ba322f6e","operationalRole":"TEAM_MEMBER"}}
[2025-12-02T17:11:53.011Z] [App] [INFO] {"eventId":"0e14a5f9-3e49-4691-a6c3-ecebd20c0954","eventType":"team.member.add.success","timestamp":"2025-12-02T17:11:53.011Z","outcome":"success","userId":"3201cd88-75e5-4a70-afe9-5e32f271fe3c","teamId":"efd0eeb9-cd5c-46d1-a733-2ac8702f5b5d","metadata":{"addedUserId":"5ec9e616-766c-43af-9305-503033db51f4","operationalRole":"TEAM_MEMBER"}}
[2025-12-02T17:11:53.023Z] [App] [INFO] {"eventId":"8dac5854-dbbd-4c0c-9033-9578ae52aa37","eventType":"team.member.add.success","timestamp":"2025-12-02T17:11:53.023Z","outcome":"success","userId":"3201cd88-75e5-4a70-afe9-5e32f271fe3c","teamId":"efd0eeb9-cd5c-46d1-a733-2ac8702f5b5d","metadata":{"addedUserId":"e9e21db7-6c8b-4d21-a188-01ea9fa5f3fd","operationalRole":"TEAM_MEMBER"}}
[2025-12-02T17:11:53.034Z] [App] [INFO] {"eventId":"4fab38d7-deb9-487e-a2fe-c9e90f8bad85","eventType":"team.member.add.success","timestamp":"2025-12-02T17:11:53.034Z","outcome":"success","userId":"3201cd88-75e5-4a70-afe9-5e32f271fe3c","teamId":"efd0eeb9-cd5c-46d1-a733-2ac8702f5b5d","metadata":{"addedUserId":"cbba73d2-31d5-4541-89db-212bf2d355d3","operationalRole":"TEAM_MEMBER"}}

stderr | src/server/teams/__tests__/team-creation-flow.integration.test.ts > Integration Test: Complete Team Creation Flow > should complete full team creation flow from onboarding
[2025-12-02T17:11:53.040Z] [App] [WARN] Team efd0eeb9-cd5c-46d1-a733-2ac8702f5b5d reached member limit: 10/10

stdout | src/server/teams/__tests__/team-creation-flow.integration.test.ts > Integration Test: Complete Team Creation Flow > should handle team creation with special characters in name
[2025-12-02T17:11:53.105Z] [App] [INFO] {"eventId":"30e9ca98-9504-494e-bb71-9e2b057c8342","eventType":"team.create.success","timestamp":"2025-12-02T17:11:53.105Z","outcome":"success","userId":"2689ef82-e632-480d-a130-c46786c11387","teamId":"a2a414c3-3a5a-4619-a219-24a91d3f1568","teamName":"Design & Development Team!","metadata":{"slug":"design-development-team","planId":"free"}}

stdout | src/server/teams/__tests__/team-creation-flow.integration.test.ts > Integration Test: Complete Team Creation Flow > should handle duplicate team names with numeric suffixes
[2025-12-02T17:11:53.191Z] [App] [INFO] {"eventId":"16fb810e-19e6-4fae-982d-768ad8af2295","eventType":"team.create.success","timestamp":"2025-12-02T17:11:53.191Z","outcome":"success","userId":"ea31799a-d7fb-4d8a-9044-aea6c5271d93","teamId":"7d6623f0-b2cb-49d2-b014-e49ac89a83b2","teamName":"Acme Corp","metadata":{"slug":"acme-corp","planId":"free"}}
[2025-12-02T17:11:53.193Z] [App] [INFO] {"eventId":"c0207122-6941-4e57-b474-cb8d0c996f51","eventType":"team.create.success","timestamp":"2025-12-02T17:11:53.193Z","outcome":"success","userId":"ea31799a-d7fb-4d8a-9044-aea6c5271d93","teamId":"2d1a5e7e-a063-467c-977c-c830d8c3b063","teamName":"Acme Corp","metadata":{"slug":"acme-corp-1","planId":"free"}}

stdout | src/server/teams/__tests__/team-creation-flow.integration.test.ts > Integration Test: Complete Team Creation Flow > should create team and set it as active
[2025-12-02T17:11:53.281Z] [App] [INFO] {"eventId":"09157828-04da-4b8f-9ae8-eead4658b74b","eventType":"team.create.success","timestamp":"2025-12-02T17:11:53.281Z","outcome":"success","userId":"7faa346c-a58f-44b9-aced-d03f6a0d7898","teamId":"7b6b24fb-1aeb-42a5-ac02-99eace37e5f8","teamName":"First Team","metadata":{"slug":"first-team","planId":"free"}}
[2025-12-02T17:11:53.288Z] [App] [INFO] {"eventId":"76db2d6c-2169-43a7-ab34-bf50957d35ff","eventType":"team.create.success","timestamp":"2025-12-02T17:11:53.288Z","outcome":"success","userId":"7faa346c-a58f-44b9-aced-d03f6a0d7898","teamId":"bd267b69-f98f-44ee-80ee-f3cd81984957","teamName":"Second Team","metadata":{"slug":"second-team","planId":"free"}}

stdout | src/server/teams/__tests__/team-creation-flow.integration.test.ts > Integration Test: Complete Team Creation Flow > should enforce free plan limits on team creation
[2025-12-02T17:11:53.355Z] [App] [INFO] {"eventId":"f47cba0e-8cc4-467a-85bf-be1bdf50b2e3","eventType":"team.create.success","timestamp":"2025-12-02T17:11:53.355Z","outcome":"success","userId":"e48540b1-e33b-41df-b303-b2751ddc36bf","teamId":"0dc7c3e7-92d7-4305-90e6-2ae0f27d72ca","teamName":"Limited Team","metadata":{"slug":"limited-team","planId":"free"}}
[2025-12-02T17:11:53.357Z] [App] [INFO] {"eventId":"33389da3-c11e-4d53-a202-0125c0789e69","eventType":"team.member.add.success","timestamp":"2025-12-02T17:11:53.357Z","outcome":"success","userId":"e48540b1-e33b-41df-b303-b2751ddc36bf","teamId":"0dc7c3e7-92d7-4305-90e6-2ae0f27d72ca","metadata":{"addedUserId":"0076f908-88a0-4b86-888a-03775c6ceaa5","operationalRole":"TEAM_MEMBER"}}
[2025-12-02T17:11:53.359Z] [App] [INFO] {"eventId":"b6aaf45f-6188-4bf7-bd5f-d7ead87ed788","eventType":"team.member.add.success","timestamp":"2025-12-02T17:11:53.359Z","outcome":"success","userId":"e48540b1-e33b-41df-b303-b2751ddc36bf","teamId":"0dc7c3e7-92d7-4305-90e6-2ae0f27d72ca","metadata":{"addedUserId":"651bd138-7d89-464e-af0e-41ef7ea375ff","operationalRole":"TEAM_EDITOR"}}

 ✓ src/server/teams/__tests__/team-creation-flow.integration.test.ts (5 tests) 512ms
stdout | Object.info (/Users/BYKHD/Documents/GitHub/ui-syncup/src/lib/logger.ts:175:15)
[2025-12-02T17:11:53.418Z] [App] [INFO] email.worker.sigterm

stdout | src/server/auth/__tests__/rbac.test.ts > RBAC - Property-Based Tests > Property: Multiple users can have the same role
[2025-12-02T17:11:53.422Z] [App] [INFO] rbac.assign_role.success {
  userId: '8dbf2b5a-6d7b-4792-8a02-24ad0fd5c44f',
  role: 'TEAM_EDITOR',
  resourceType: 'team',
  resourceId: 'd12b43ea-d2c9-4c54-97d8-3dcfb5c75915',
  roleId: '4df08fb5-8ca9-4c87-9fc0-33fed1848b3d'
}
[2025-12-02T17:11:53.423Z] [App] [INFO] rbac.update_billable_seats { teamId: 'd12b43ea-d2c9-4c54-97d8-3dcfb5c75915', billableSeats: 1 }

stdout | src/app/api/auth/reset-password/__tests__/reset-password.property.test.ts > POST /api/auth/reset-password - Property-Based Tests > Property 17 (positive case): Valid token updates password
{"eventId":"10e74109-18b7-45f3-9346-811698f12011","eventType":"auth.reset_password.success","timestamp":"2025-12-02T17:11:53.458Z","outcome":"success","userId":"80e35783-7bde-4b6d-8280-b91afebbd714","email":"fde42bd9eb8157b0","ipAddress":"127.0.0.1","userAgent":"unknown","requestId":"6011f379-fe14-4787-99c6-2ee6cc6496fd","metadata":{"tokenId":"8f469638-1805-4f75-94e4-bda9e396fdd5","sessionsInvalidated":true}}

stdout | src/server/auth/__tests__/rbac.test.ts > RBAC - Property-Based Tests > Property: Multiple users can have the same role
[2025-12-02T17:11:53.581Z] [App] [INFO] rbac.assign_role.success {
  userId: '45d29095-d7b6-4339-b5c4-d6ec53ec791a',
  role: 'TEAM_EDITOR',
  resourceType: 'team',
  resourceId: 'd12b43ea-d2c9-4c54-97d8-3dcfb5c75915',
  roleId: 'd5be64c8-108c-4efc-9b3f-9e3d70735e1b'
}
[2025-12-02T17:11:53.592Z] [App] [INFO] rbac.update_billable_seats { teamId: 'd12b43ea-d2c9-4c54-97d8-3dcfb5c75915', billableSeats: 2 }

stdout | src/app/api/auth/reset-password/__tests__/reset-password.property.test.ts > POST /api/auth/reset-password - Property-Based Tests > Property 17 (positive case): Valid token updates password
{"eventId":"193bcb83-f10d-4c8a-aa95-5bcd3f769f53","eventType":"auth.reset_password.success","timestamp":"2025-12-02T17:11:53.644Z","outcome":"success","ipAddress":"127.0.0.1","userAgent":"unknown","requestId":"508f5480-f285-4fd6-a8a5-74287b5b2de3","metadata":{"stage":"attempt"}}

stdout | src/server/auth/__tests__/rbac.test.ts > RBAC - Property-Based Tests > Property: Multiple users can have the same role
[2025-12-02T17:11:53.829Z] [App] [INFO] rbac.assign_role.success {
  userId: 'ccbf59cd-82be-4c0f-912d-3da7650e7c26',
  role: 'TEAM_EDITOR',
  resourceType: 'team',
  resourceId: 'd12b43ea-d2c9-4c54-97d8-3dcfb5c75915',
  roleId: '54fae1a0-6b09-473e-9207-643d27df572f'
}
[2025-12-02T17:11:53.830Z] [App] [INFO] rbac.update_billable_seats { teamId: 'd12b43ea-d2c9-4c54-97d8-3dcfb5c75915', billableSeats: 3 }

stdout | src/app/api/auth/reset-password/__tests__/reset-password.property.test.ts > POST /api/auth/reset-password - Property-Based Tests > Property 17 (positive case): Valid token updates password
{"eventId":"e9085443-5c71-48f2-9c80-c96bbf84b764","eventType":"auth.reset_password.success","timestamp":"2025-12-02T17:11:53.958Z","outcome":"success","userId":"80e35783-7bde-4b6d-8280-b91afebbd714","email":"fde42bd9eb8157b0","ipAddress":"127.0.0.1","userAgent":"unknown","requestId":"508f5480-f285-4fd6-a8a5-74287b5b2de3","metadata":{"tokenId":"2873bbf0-3cb5-4696-a358-0d405d869ee3","sessionsInvalidated":true}}

stdout | src/server/auth/__tests__/rbac.test.ts > RBAC - Property-Based Tests > Property: Multiple users can have the same role
[2025-12-02T17:11:54.031Z] [App] [INFO] rbac.assign_role.success {
  userId: '69fa3900-35cf-4f45-851c-34a444abb6ec',
  role: 'TEAM_OWNER',
  resourceType: 'team',
  resourceId: '74cda4b5-e6ac-44b1-ad5b-b4aba7b34454',
  roleId: '2fecb6ec-49ee-4069-8ec2-364fc057e297'
}

stdout | src/app/api/auth/reset-password/__tests__/reset-password.property.test.ts > POST /api/auth/reset-password - Property-Based Tests > Property 17 (positive case): Valid token updates password
{"eventId":"4f8d8df5-1d70-4573-9872-50da07ab2b9c","eventType":"auth.reset_password.success","timestamp":"2025-12-02T17:11:54.145Z","outcome":"success","ipAddress":"127.0.0.1","userAgent":"unknown","requestId":"7b20721c-106c-4614-91c5-26378cf773e5","metadata":{"stage":"attempt"}}

stdout | src/server/auth/__tests__/rbac.test.ts > RBAC - Property-Based Tests > Property: Multiple users can have the same role
[2025-12-02T17:11:54.154Z] [App] [INFO] rbac.assign_role.success {
  userId: 'a0b0d82e-e1c4-4840-951a-063a701f259f',
  role: 'TEAM_OWNER',
  resourceType: 'team',
  resourceId: '74cda4b5-e6ac-44b1-ad5b-b4aba7b34454',
  roleId: '3944d20f-7513-4d4a-99ad-55e1d3d48538'
}

stdout | src/server/auth/__tests__/rbac.test.ts > RBAC - Property-Based Tests > Property: Multiple users can have the same role
[2025-12-02T17:11:54.446Z] [App] [INFO] rbac.assign_role.success {
  userId: '55d9c7e8-5acc-4526-a322-35f1517139e7',
  role: 'TEAM_MEMBER',
  resourceType: 'team',
  resourceId: '6f476651-addd-465c-8452-4c7be59d1813',
  roleId: 'f32ed1bf-214b-422c-8c97-258db95f3671'
}

stdout | src/app/api/auth/reset-password/__tests__/reset-password.property.test.ts > POST /api/auth/reset-password - Property-Based Tests > Property 17 (positive case): Valid token updates password
{"eventId":"0af623e6-b200-4a93-a11e-1eaac257301f","eventType":"auth.reset_password.success","timestamp":"2025-12-02T17:11:54.465Z","outcome":"success","userId":"80e35783-7bde-4b6d-8280-b91afebbd714","email":"fde42bd9eb8157b0","ipAddress":"127.0.0.1","userAgent":"unknown","requestId":"7b20721c-106c-4614-91c5-26378cf773e5","metadata":{"tokenId":"b5d8b31b-8d8f-4a1f-adf3-6a322c069ae7","sessionsInvalidated":true}}

stdout | src/server/auth/__tests__/rbac.test.ts > RBAC - Property-Based Tests > Property: Multiple users can have the same role
[2025-12-02T17:11:54.569Z] [App] [INFO] rbac.assign_role.success {
  userId: '3d2cfb81-e7bc-44a8-bd3a-21c5db3fa1e4',
  role: 'TEAM_MEMBER',
  resourceType: 'team',
  resourceId: '6f476651-addd-465c-8452-4c7be59d1813',
  roleId: 'ae1711b1-21d2-4fb5-8df5-15f7f3b577b4'
}

stdout | src/app/api/auth/reset-password/__tests__/reset-password.property.test.ts > POST /api/auth/reset-password - Property-Based Tests > Property 17 (positive case): Valid token updates password
{"eventId":"7befea04-7fd4-4642-ba1d-394daeb35fbc","eventType":"auth.reset_password.success","timestamp":"2025-12-02T17:11:54.594Z","outcome":"success","ipAddress":"127.0.0.1","userAgent":"unknown","requestId":"7eda0b1c-bee7-461c-ba10-f42ddfa3600f","metadata":{"stage":"attempt"}}

stdout | src/server/auth/__tests__/rbac.test.ts > RBAC - Property-Based Tests > Property: Multiple users can have the same role
[2025-12-02T17:11:54.738Z] [App] [INFO] rbac.assign_role.success {
  userId: '6390ebe1-78c9-4e1a-b4d5-b49e1a324538',
  role: 'TEAM_VIEWER',
  resourceType: 'team',
  resourceId: '23806098-41bc-41e4-b286-8899753a8600',
  roleId: '5215b025-3788-40d1-9d22-633eb09482e5'
}

stdout | src/app/api/auth/reset-password/__tests__/reset-password.property.test.ts > POST /api/auth/reset-password - Property-Based Tests > Property 17 (positive case): Valid token updates password
{"eventId":"3599d401-58c1-47d3-8c66-0c6aa01137a5","eventType":"auth.reset_password.success","timestamp":"2025-12-02T17:11:54.772Z","outcome":"success","userId":"80e35783-7bde-4b6d-8280-b91afebbd714","email":"fde42bd9eb8157b0","ipAddress":"127.0.0.1","userAgent":"unknown","requestId":"7eda0b1c-bee7-461c-ba10-f42ddfa3600f","metadata":{"tokenId":"99859ab5-e2a6-46b6-bf04-3faa2a413510","sessionsInvalidated":true}}

stdout | src/server/auth/__tests__/rbac.test.ts > RBAC - Property-Based Tests > Property: Multiple users can have the same role
[2025-12-02T17:11:54.953Z] [App] [INFO] rbac.assign_role.success {
  userId: '557e8181-4ad3-4e8a-9465-5b71bc88938e',
  role: 'TEAM_VIEWER',
  resourceType: 'team',
  resourceId: '23806098-41bc-41e4-b286-8899753a8600',
  roleId: 'a07ff769-d77c-4031-b4fd-adee1730ac68'
}

stdout | src/app/api/auth/reset-password/__tests__/reset-password.property.test.ts > POST /api/auth/reset-password - Property-Based Tests > Property 17 (positive case): Valid token updates password
{"eventId":"75795389-45d7-4dfb-b1e5-d23bac717f1a","eventType":"auth.reset_password.success","timestamp":"2025-12-02T17:11:55.002Z","outcome":"success","ipAddress":"127.0.0.1","userAgent":"unknown","requestId":"e9a049a3-edaa-4045-851f-a8bfda814f6d","metadata":{"stage":"attempt"}}

stdout | src/server/auth/__tests__/rbac.test.ts > RBAC - Property-Based Tests > Property: Multiple users can have the same role
[2025-12-02T17:11:55.192Z] [App] [INFO] rbac.assign_role.success {
  userId: 'a0fe6571-d2cd-416c-8171-5ecd279dd4e4',
  role: 'TEAM_VIEWER',
  resourceType: 'team',
  resourceId: '23806098-41bc-41e4-b286-8899753a8600',
  roleId: '7d22bb4c-0ed7-48b7-908d-d8c49a8d241e'
}

stdout | src/app/api/auth/reset-password/__tests__/reset-password.property.test.ts > POST /api/auth/reset-password - Property-Based Tests > Property 17 (positive case): Valid token updates password
{"eventId":"8e75dc36-5d23-42c7-8c1c-3c28bbda245c","eventType":"auth.reset_password.success","timestamp":"2025-12-02T17:11:55.239Z","outcome":"success","userId":"80e35783-7bde-4b6d-8280-b91afebbd714","email":"fde42bd9eb8157b0","ipAddress":"127.0.0.1","userAgent":"unknown","requestId":"e9a049a3-edaa-4045-851f-a8bfda814f6d","metadata":{"tokenId":"eb91d717-9fb1-40fc-b392-e7b78e10e64c","sessionsInvalidated":true}}

stdout | src/server/auth/__tests__/rbac.test.ts > RBAC - Property-Based Tests > Property: Multiple users can have the same role
[2025-12-02T17:11:55.424Z] [App] [INFO] rbac.assign_role.success {
  userId: '64c33412-c5f1-467c-a153-5c2c4e9ef928',
  role: 'TEAM_VIEWER',
  resourceType: 'team',
  resourceId: '23806098-41bc-41e4-b286-8899753a8600',
  roleId: 'd22692eb-1641-4427-b5f8-9a038161d721'
}

stdout | src/app/api/auth/reset-password/__tests__/reset-password.property.test.ts > POST /api/auth/reset-password - Property-Based Tests > Property 17 (positive case): Valid token updates password
{"eventId":"a6feb64e-2d0b-48f2-b462-fd6b01b29b0d","eventType":"auth.reset_password.success","timestamp":"2025-12-02T17:11:55.454Z","outcome":"success","ipAddress":"127.0.0.1","userAgent":"unknown","requestId":"68a65caa-57c9-4bed-a06c-ed9808b4538b","metadata":{"stage":"attempt"}}

stdout | src/server/auth/__tests__/rbac.test.ts > RBAC - Property-Based Tests > Property: Multiple users can have the same role
[2025-12-02T17:11:55.586Z] [App] [INFO] rbac.assign_role.success {
  userId: '58866ef6-4f90-4c54-99c6-67eec37ae1e3',
  role: 'TEAM_ADMIN',
  resourceType: 'team',
  resourceId: '103e510b-e0c5-4632-b558-3d33fee8e328',
  roleId: 'dba65967-ce08-4ecd-8548-315d4952226e'
}

stdout | src/app/api/auth/reset-password/__tests__/reset-password.property.test.ts > POST /api/auth/reset-password - Property-Based Tests > Property 17 (positive case): Valid token updates password
{"eventId":"746eab9a-6afc-4860-923c-3831fe2a2428","eventType":"auth.reset_password.success","timestamp":"2025-12-02T17:11:55.601Z","outcome":"success","userId":"80e35783-7bde-4b6d-8280-b91afebbd714","email":"fde42bd9eb8157b0","ipAddress":"127.0.0.1","userAgent":"unknown","requestId":"68a65caa-57c9-4bed-a06c-ed9808b4538b","metadata":{"tokenId":"f2d19aaa-e2f4-48c1-b496-e1a3ff0ebfd0","sessionsInvalidated":true}}

stdout | src/server/auth/__tests__/rbac.test.ts > RBAC - Property-Based Tests > Property: Multiple users can have the same role
[2025-12-02T17:11:55.784Z] [App] [INFO] rbac.assign_role.success {
  userId: '7d9f13c7-1f8a-4af7-9594-11945a362cee',
  role: 'TEAM_ADMIN',
  resourceType: 'team',
  resourceId: '103e510b-e0c5-4632-b558-3d33fee8e328',
  roleId: 'f5ce36d8-7f6c-4710-8d1c-f8510295aaa0'
}

 ✓ src/features/teams/hooks/__tests__/cache-invalidation.property.test.tsx (6 tests) 815ms
stdout | src/server/auth/__tests__/rbac.test.ts > RBAC - Property-Based Tests > Property: Multiple users can have the same role
[2025-12-02T17:11:55.947Z] [App] [INFO] rbac.assign_role.success {
  userId: '422cb4e7-6442-449f-827e-f5fcf26a2200',
  role: 'TEAM_ADMIN',
  resourceType: 'team',
  resourceId: '103e510b-e0c5-4632-b558-3d33fee8e328',
  roleId: '0d9b122d-13af-473e-b9a0-febb445aa61f'
}

stdout | src/server/auth/__tests__/rbac.test.ts > RBAC - Property-Based Tests > Property: Multiple users can have the same role
[2025-12-02T17:11:56.803Z] [App] [INFO] rbac.assign_role.success {
  userId: '19150265-c3a8-4c5a-bafc-680b3ab66555',
  role: 'TEAM_MEMBER',
  resourceType: 'team',
  resourceId: '5d7d525c-c128-4fd2-a32a-313f95b708c9',
  roleId: 'a84b05d5-3826-4eea-aa2f-3a0fd78b6e49'
}

stdout | src/server/auth/__tests__/rbac.test.ts > RBAC - Property-Based Tests > Property: Multiple users can have the same role
[2025-12-02T17:11:57.164Z] [App] [INFO] rbac.assign_role.success {
  userId: '80a61433-0093-4ddb-920f-b338a189198a',
  role: 'TEAM_MEMBER',
  resourceType: 'team',
  resourceId: '5d7d525c-c128-4fd2-a32a-313f95b708c9',
  roleId: '01127fda-6df3-4f7c-a975-e5baceeb0e1e'
}

stdout | src/app/api/auth/reset-password/__tests__/reset-password.property.test.ts > POST /api/auth/reset-password - Property-Based Tests > Property 17 (negative case): Invalid token returns 410
{"eventId":"91c9d3ce-b53c-4ada-832e-5efc84607ec5","eventType":"auth.reset_password.success","timestamp":"2025-12-02T17:11:56.947Z","outcome":"success","ipAddress":"127.0.0.1","userAgent":"unknown","requestId":"32dae31b-b033-465c-b35a-98d1f34a7829","metadata":{"stage":"attempt"}}
{"eventId":"5e80373a-55cd-4067-afe2-93cba84c02d9","eventType":"auth.reset_password.success","timestamp":"2025-12-02T17:11:56.952Z","outcome":"success","ipAddress":"127.0.0.1","userAgent":"unknown","requestId":"0941504f-a451-4acb-946f-181d64414610","metadata":{"stage":"attempt"}}
{"eventId":"86b1a6c4-23f0-4209-92aa-b434498be484","eventType":"auth.reset_password.success","timestamp":"2025-12-02T17:11:56.956Z","outcome":"success","ipAddress":"127.0.0.1","userAgent":"unknown","requestId":"2909413c-b55f-4bed-9d75-9f3fc436aceb","metadata":{"stage":"attempt"}}
{"eventId":"32b23241-05bc-4c21-8630-5c240613950a","eventType":"auth.reset_password.success","timestamp":"2025-12-02T17:11:56.959Z","outcome":"success","ipAddress":"127.0.0.1","userAgent":"unknown","requestId":"63ed2834-6a9f-42e4-9fee-a2c05bc7abd2","metadata":{"stage":"attempt"}}
{"eventId":"bc7c6a2c-d0cf-4f43-9afb-eea98fae6b2e","eventType":"auth.reset_password.success","timestamp":"2025-12-02T17:11:56.962Z","outcome":"success","ipAddress":"127.0.0.1","userAgent":"unknown","requestId":"0c7d68f9-a79e-46ad-b9b1-2f9484a793c0","metadata":{"stage":"attempt"}}
{"eventId":"71474b6b-c21c-432b-b477-4e3fc97427cc","eventType":"auth.reset_password.success","timestamp":"2025-12-02T17:11:56.964Z","outcome":"success","ipAddress":"127.0.0.1","userAgent":"unknown","requestId":"d2e973dd-7b2a-4911-96fe-424de955d0c6","metadata":{"stage":"attempt"}}
{"eventId":"4879dac8-a868-458a-8442-f3905b074618","eventType":"auth.reset_password.success","timestamp":"2025-12-02T17:11:56.965Z","outcome":"success","ipAddress":"127.0.0.1","userAgent":"unknown","requestId":"2411001f-4802-4555-af14-085b54db2b87","metadata":{"stage":"attempt"}}
{"eventId":"c1842973-90f0-4cc2-a313-fd7338e07947","eventType":"auth.reset_password.success","timestamp":"2025-12-02T17:11:56.965Z","outcome":"success","ipAddress":"127.0.0.1","userAgent":"unknown","requestId":"b1f9667c-ec9e-49bc-ab16-716fed876d4e","metadata":{"stage":"attempt"}}
{"eventId":"32ab7941-3b0d-4cfe-adf3-0aed2a47dcdf","eventType":"auth.reset_password.success","timestamp":"2025-12-02T17:11:56.968Z","outcome":"success","ipAddress":"127.0.0.1","userAgent":"unknown","requestId":"1af8d735-a87d-4efc-b3f7-22fe33424811","metadata":{"stage":"attempt"}}
{"eventId":"4e7dc376-b797-416c-8083-2106295251a9","eventType":"auth.reset_password.success","timestamp":"2025-12-02T17:11:56.970Z","outcome":"success","ipAddress":"127.0.0.1","userAgent":"unknown","requestId":"509b14fa-661d-44a2-bc71-48b3bac7e05e","metadata":{"stage":"attempt"}}
{"eventId":"c6966b64-917b-43bc-bad0-7a1335460ecf","eventType":"auth.reset_password.success","timestamp":"2025-12-02T17:11:56.971Z","outcome":"success","ipAddress":"127.0.0.1","userAgent":"unknown","requestId":"75b88fa6-681b-4026-8e56-3eeb3eb6b042","metadata":{"stage":"attempt"}}
{"eventId":"e6a3ffb2-2f54-4229-8ca2-d5f0d0a3250a","eventType":"auth.reset_password.success","timestamp":"2025-12-02T17:11:56.972Z","outcome":"success","ipAddress":"127.0.0.1","userAgent":"unknown","requestId":"786b314b-ea28-411e-b18a-5bfb65a9d89f","metadata":{"stage":"attempt"}}
{"eventId":"0bcb5cb8-9655-454c-9187-dd7dca2738a6","eventType":"auth.reset_password.success","timestamp":"2025-12-02T17:11:56.973Z","outcome":"success","ipAddress":"127.0.0.1","userAgent":"unknown","requestId":"21a2252e-4f69-4232-975f-a570c2c3d147","metadata":{"stage":"attempt"}}
{"eventId":"2817eae6-3a7c-4050-83e4-f18ced4c6a95","eventType":"auth.reset_password.success","timestamp":"2025-12-02T17:11:56.974Z","outcome":"success","ipAddress":"127.0.0.1","userAgent":"unknown","requestId":"5557d995-315d-4d7c-ad98-729aefce87b2","metadata":{"stage":"attempt"}}
{"eventId":"3b5915a9-7528-495e-bf17-59a65a44ec40","eventType":"auth.reset_password.success","timestamp":"2025-12-02T17:11:56.979Z","outcome":"success","ipAddress":"127.0.0.1","userAgent":"unknown","requestId":"692da4c4-876b-416d-aac3-7439da3fa55a","metadata":{"stage":"attempt"}}
{"eventId":"a9f46076-2507-4443-9306-87356cf6e767","eventType":"auth.reset_password.success","timestamp":"2025-12-02T17:11:56.986Z","outcome":"success","ipAddress":"127.0.0.1","userAgent":"unknown","requestId":"3a045f1d-6737-4c35-a02f-f4f78bb34bbe","metadata":{"stage":"attempt"}}
{"eventId":"97a436a9-1039-40b1-8eb2-a236eafb3c6b","eventType":"auth.reset_password.success","timestamp":"2025-12-02T17:11:56.987Z","outcome":"success","ipAddress":"127.0.0.1","userAgent":"unknown","requestId":"ae1907fa-1a63-4514-9e55-28614390e7e3","metadata":{"stage":"attempt"}}
{"eventId":"0ee8542e-f88d-4090-a37d-9a9c56a617b8","eventType":"auth.reset_password.success","timestamp":"2025-12-02T17:11:56.991Z","outcome":"success","ipAddress":"127.0.0.1","userAgent":"unknown","requestId":"6484712d-4158-43f6-81d6-a1609e3594b2","metadata":{"stage":"attempt"}}
{"eventId":"21982c2a-36e5-44ed-bd78-054364b19d40","eventType":"auth.reset_password.success","timestamp":"2025-12-02T17:11:56.994Z","outcome":"success","ipAddress":"127.0.0.1","userAgent":"unknown","requestId":"9901fde0-b51f-4e1b-b97b-5ff51287f7ee","metadata":{"stage":"attempt"}}
{"eventId":"ed9cded1-b25f-41ca-8b07-845bd745856d","eventType":"auth.reset_password.success","timestamp":"2025-12-02T17:11:56.999Z","outcome":"success","ipAddress":"127.0.0.1","userAgent":"unknown","requestId":"df910155-d5a5-44ca-9e35-1d9deb0e9a81","metadata":{"stage":"attempt"}}
{"eventId":"0d3d526d-95c2-4b64-9b90-f6c3410b1745","eventType":"auth.reset_password.success","timestamp":"2025-12-02T17:11:57.001Z","outcome":"success","ipAddress":"127.0.0.1","userAgent":"unknown","requestId":"27b47f65-6bb7-452d-b345-7b130b8e4f94","metadata":{"stage":"attempt"}}
{"eventId":"5999c191-46fa-4bf4-b176-eb250ddfdba8","eventType":"auth.reset_password.success","timestamp":"2025-12-02T17:11:57.002Z","outcome":"success","ipAddress":"127.0.0.1","userAgent":"unknown","requestId":"764988b8-c420-4d72-ac8a-440103b4a26d","metadata":{"stage":"attempt"}}
{"eventId":"6e95f7f6-6831-47f2-b358-384fde8b0e82","eventType":"auth.reset_password.success","timestamp":"2025-12-02T17:11:57.002Z","outcome":"success","ipAddress":"127.0.0.1","userAgent":"unknown","requestId":"277f9d01-f43a-4d9c-847d-d937c037e739","metadata":{"stage":"attempt"}}
{"eventId":"ae3e101f-3454-4117-a314-c6e0c5a2a458","eventType":"auth.reset_password.success","timestamp":"2025-12-02T17:11:57.003Z","outcome":"success","ipAddress":"127.0.0.1","userAgent":"unknown","requestId":"5ab7c25c-82a2-4f6c-a279-6d2eeee4e1a5","metadata":{"stage":"attempt"}}
{"eventId":"41e11135-d7e8-4104-83bf-65e675bb8564","eventType":"auth.reset_password.success","timestamp":"2025-12-02T17:11:57.004Z","outcome":"success","ipAddress":"127.0.0.1","userAgent":"unknown","requestId":"b3aa0985-969a-44b8-ad2c-8e6558f2fa38","metadata":{"stage":"attempt"}}
{"eventId":"d24869cd-62e1-4c16-997b-998d0772c7ba","eventType":"auth.reset_password.success","timestamp":"2025-12-02T17:11:57.004Z","outcome":"success","ipAddress":"127.0.0.1","userAgent":"unknown","requestId":"b9be73a9-52a3-4059-901c-9072e925f1cb","metadata":{"stage":"attempt"}}
{"eventId":"6b4f53e3-1461-46b0-b035-0c552497f63e","eventType":"auth.reset_password.success","timestamp":"2025-12-02T17:11:57.005Z","outcome":"success","ipAddress":"127.0.0.1","userAgent":"unknown","requestId":"efe6bb48-37a1-4fd1-a1db-eea7d7ded279","metadata":{"stage":"attempt"}}
{"eventId":"d5a83f08-70fc-49fd-a7dd-8b7611f76ce0","eventType":"auth.reset_password.success","timestamp":"2025-12-02T17:11:57.006Z","outcome":"success","ipAddress":"127.0.0.1","userAgent":"unknown","requestId":"583586a0-9be2-4f5c-879b-4fbda5a0d980","metadata":{"stage":"attempt"}}
{"eventId":"98d26693-b3de-42a2-a509-1a2b3b0c734d","eventType":"auth.reset_password.success","timestamp":"2025-12-02T17:11:57.006Z","outcome":"success","ipAddress":"127.0.0.1","userAgent":"unknown","requestId":"6f03c44a-a711-45f8-8f41-b8c10052e3b1","metadata":{"stage":"attempt"}}
{"eventId":"b1311b60-7c40-4103-95b8-5da74ebc04f7","eventType":"auth.reset_password.success","timestamp":"2025-12-02T17:11:57.007Z","outcome":"success","ipAddress":"127.0.0.1","userAgent":"unknown","requestId":"ac5fda0c-61ba-4d4a-a418-58a494e7600f","metadata":{"stage":"attempt"}}

stderr | src/app/api/auth/reset-password/__tests__/reset-password.property.test.ts > POST /api/auth/reset-password - Property-Based Tests > Property 17 (negative case): Invalid token returns 410
{"eventId":"f4ac908c-b67e-4aef-811b-556c9bb7a39c","eventType":"auth.token.tampered","timestamp":"2025-12-02T17:11:56.948Z","outcome":"failure","ipAddress":"127.0.0.1","userAgent":"unknown","requestId":"32dae31b-b033-465c-b35a-98d1f34a7829","errorCode":"INVALID_TOKEN_FORMAT","errorMessage":"Token format is invalid","metadata":{"tokenType":"password_reset","reason":"invalid_format"}}
{"eventId":"bc3cc6b2-2bb1-483e-a3d3-3204808f2bc9","eventType":"auth.reset_password.failure","timestamp":"2025-12-02T17:11:56.948Z","outcome":"failure","ipAddress":"127.0.0.1","userAgent":"unknown","requestId":"32dae31b-b033-465c-b35a-98d1f34a7829","errorCode":"INVALID_TOKEN","errorMessage":"Invalid or expired password reset token","metadata":{"reason":"invalid_or_expired_token"}}
{"eventId":"cf11baa0-f3c9-4db6-b32b-f7acacde85ed","eventType":"auth.token.tampered","timestamp":"2025-12-02T17:11:56.952Z","outcome":"failure","ipAddress":"127.0.0.1","userAgent":"unknown","requestId":"0941504f-a451-4acb-946f-181d64414610","errorCode":"INVALID_TOKEN_FORMAT","errorMessage":"Token format is invalid","metadata":{"tokenType":"password_reset","reason":"invalid_format"}}
{"eventId":"ba542ae1-3b7c-4651-8f3e-1599e3eae479","eventType":"auth.reset_password.failure","timestamp":"2025-12-02T17:11:56.952Z","outcome":"failure","ipAddress":"127.0.0.1","userAgent":"unknown","requestId":"0941504f-a451-4acb-946f-181d64414610","errorCode":"INVALID_TOKEN","errorMessage":"Invalid or expired password reset token","metadata":{"reason":"invalid_or_expired_token"}}
{"eventId":"42d52677-b090-49b3-9126-929ac69a8124","eventType":"auth.token.tampered","timestamp":"2025-12-02T17:11:56.956Z","outcome":"failure","ipAddress":"127.0.0.1","userAgent":"unknown","requestId":"2909413c-b55f-4bed-9d75-9f3fc436aceb","errorCode":"INVALID_TOKEN_FORMAT","errorMessage":"Token format is invalid","metadata":{"tokenType":"password_reset","reason":"invalid_format"}}
{"eventId":"4ecd8c8e-75fc-491b-8c5a-f5e4069e6aa4","eventType":"auth.reset_password.failure","timestamp":"2025-12-02T17:11:56.956Z","outcome":"failure","ipAddress":"127.0.0.1","userAgent":"unknown","requestId":"2909413c-b55f-4bed-9d75-9f3fc436aceb","errorCode":"INVALID_TOKEN","errorMessage":"Invalid or expired password reset token","metadata":{"reason":"invalid_or_expired_token"}}
{"eventId":"75eeadf2-23d6-4a84-a899-810f941fe19f","eventType":"auth.token.tampered","timestamp":"2025-12-02T17:11:56.960Z","outcome":"failure","ipAddress":"127.0.0.1","userAgent":"unknown","requestId":"63ed2834-6a9f-42e4-9fee-a2c05bc7abd2","errorCode":"INVALID_TOKEN_FORMAT","errorMessage":"Token format is invalid","metadata":{"tokenType":"password_reset","reason":"invalid_format"}}
{"eventId":"5cc787ee-ca68-4a9c-9137-62fc6960d09a","eventType":"auth.reset_password.failure","timestamp":"2025-12-02T17:11:56.960Z","outcome":"failure","ipAddress":"127.0.0.1","userAgent":"unknown","requestId":"63ed2834-6a9f-42e4-9fee-a2c05bc7abd2","errorCode":"INVALID_TOKEN","errorMessage":"Invalid or expired password reset token","metadata":{"reason":"invalid_or_expired_token"}}
{"eventId":"dcd0ae98-2731-461b-be6a-2fafe093c5a1","eventType":"auth.token.tampered","timestamp":"2025-12-02T17:11:56.962Z","outcome":"failure","ipAddress":"127.0.0.1","userAgent":"unknown","requestId":"0c7d68f9-a79e-46ad-b9b1-2f9484a793c0","errorCode":"INVALID_TOKEN_FORMAT","errorMessage":"Token format is invalid","metadata":{"tokenType":"password_reset","reason":"invalid_format"}}
{"eventId":"daadebd1-91e8-4383-b0c1-ce0c254822de","eventType":"auth.reset_password.failure","timestamp":"2025-12-02T17:11:56.962Z","outcome":"failure","ipAddress":"127.0.0.1","userAgent":"unknown","requestId":"0c7d68f9-a79e-46ad-b9b1-2f9484a793c0","errorCode":"INVALID_TOKEN","errorMessage":"Invalid or expired password reset token","metadata":{"reason":"invalid_or_expired_token"}}
{"eventId":"7cf9073f-ea2a-4eda-93d7-aa9b070a87fb","eventType":"auth.token.tampered","timestamp":"2025-12-02T17:11:56.964Z","outcome":"failure","ipAddress":"127.0.0.1","userAgent":"unknown","requestId":"d2e973dd-7b2a-4911-96fe-424de955d0c6","errorCode":"INVALID_TOKEN_FORMAT","errorMessage":"Token format is invalid","metadata":{"tokenType":"password_reset","reason":"invalid_format"}}
{"eventId":"f19a5c59-0a4b-4147-81fc-6c33efb5485c","eventType":"auth.reset_password.failure","timestamp":"2025-12-02T17:11:56.964Z","outcome":"failure","ipAddress":"127.0.0.1","userAgent":"unknown","requestId":"d2e973dd-7b2a-4911-96fe-424de955d0c6","errorCode":"INVALID_TOKEN","errorMessage":"Invalid or expired password reset token","metadata":{"reason":"invalid_or_expired_token"}}
{"eventId":"9f036275-c773-422e-9ef5-ba69e06b2b22","eventType":"auth.token.tampered","timestamp":"2025-12-02T17:11:56.965Z","outcome":"failure","ipAddress":"127.0.0.1","userAgent":"unknown","requestId":"2411001f-4802-4555-af14-085b54db2b87","errorCode":"INVALID_TOKEN_FORMAT","errorMessage":"Token format is invalid","metadata":{"tokenType":"password_reset","reason":"invalid_format"}}
{"eventId":"f4ce9326-066e-4d4e-9a28-4ec828a84365","eventType":"auth.reset_password.failure","timestamp":"2025-12-02T17:11:56.965Z","outcome":"failure","ipAddress":"127.0.0.1","userAgent":"unknown","requestId":"2411001f-4802-4555-af14-085b54db2b87","errorCode":"INVALID_TOKEN","errorMessage":"Invalid or expired password reset token","metadata":{"reason":"invalid_or_expired_token"}}
{"eventId":"1a75b906-b50d-4e92-aba9-41054cf98f53","eventType":"auth.token.tampered","timestamp":"2025-12-02T17:11:56.965Z","outcome":"failure","ipAddress":"127.0.0.1","userAgent":"unknown","requestId":"b1f9667c-ec9e-49bc-ab16-716fed876d4e","errorCode":"INVALID_TOKEN_FORMAT","errorMessage":"Token format is invalid","metadata":{"tokenType":"password_reset","reason":"invalid_format"}}
{"eventId":"af2f4b64-90d1-4ac4-a593-c6e007fdf281","eventType":"auth.reset_password.failure","timestamp":"2025-12-02T17:11:56.965Z","outcome":"failure","ipAddress":"127.0.0.1","userAgent":"unknown","requestId":"b1f9667c-ec9e-49bc-ab16-716fed876d4e","errorCode":"INVALID_TOKEN","errorMessage":"Invalid or expired password reset token","metadata":{"reason":"invalid_or_expired_token"}}
{"eventId":"1f3ed916-5e7b-4df2-baa8-6c49bebfce68","eventType":"auth.token.tampered","timestamp":"2025-12-02T17:11:56.968Z","outcome":"failure","ipAddress":"127.0.0.1","userAgent":"unknown","requestId":"1af8d735-a87d-4efc-b3f7-22fe33424811","errorCode":"INVALID_TOKEN_FORMAT","errorMessage":"Token format is invalid","metadata":{"tokenType":"password_reset","reason":"invalid_format"}}
{"eventId":"8e112b53-aa83-4e0d-a1da-db14c497c3a6","eventType":"auth.reset_password.failure","timestamp":"2025-12-02T17:11:56.968Z","outcome":"failure","ipAddress":"127.0.0.1","userAgent":"unknown","requestId":"1af8d735-a87d-4efc-b3f7-22fe33424811","errorCode":"INVALID_TOKEN","errorMessage":"Invalid or expired password reset token","metadata":{"reason":"invalid_or_expired_token"}}
{"eventId":"0c7ce84f-3c6e-43f7-b05e-25e57a776401","eventType":"auth.token.tampered","timestamp":"2025-12-02T17:11:56.970Z","outcome":"failure","ipAddress":"127.0.0.1","userAgent":"unknown","requestId":"509b14fa-661d-44a2-bc71-48b3bac7e05e","errorCode":"INVALID_TOKEN_FORMAT","errorMessage":"Token format is invalid","metadata":{"tokenType":"password_reset","reason":"invalid_format"}}
{"eventId":"0b4aaf81-d7db-49c0-9bfa-07d103e972da","eventType":"auth.reset_password.failure","timestamp":"2025-12-02T17:11:56.970Z","outcome":"failure","ipAddress":"127.0.0.1","userAgent":"unknown","requestId":"509b14fa-661d-44a2-bc71-48b3bac7e05e","errorCode":"INVALID_TOKEN","errorMessage":"Invalid or expired password reset token","metadata":{"reason":"invalid_or_expired_token"}}
{"eventId":"0a301d47-984b-4e72-9b43-fa96a2720f84","eventType":"auth.token.tampered","timestamp":"2025-12-02T17:11:56.971Z","outcome":"failure","ipAddress":"127.0.0.1","userAgent":"unknown","requestId":"75b88fa6-681b-4026-8e56-3eeb3eb6b042","errorCode":"INVALID_TOKEN_FORMAT","errorMessage":"Token format is invalid","metadata":{"tokenType":"password_reset","reason":"invalid_format"}}
{"eventId":"e85550d3-421e-4985-978a-0fae8740cd5a","eventType":"auth.reset_password.failure","timestamp":"2025-12-02T17:11:56.971Z","outcome":"failure","ipAddress":"127.0.0.1","userAgent":"unknown","requestId":"75b88fa6-681b-4026-8e56-3eeb3eb6b042","errorCode":"INVALID_TOKEN","errorMessage":"Invalid or expired password reset token","metadata":{"reason":"invalid_or_expired_token"}}
{"eventId":"16dad1cc-dfc1-4ba9-965d-8a71dcf1e19f","eventType":"auth.token.tampered","timestamp":"2025-12-02T17:11:56.972Z","outcome":"failure","ipAddress":"127.0.0.1","userAgent":"unknown","requestId":"786b314b-ea28-411e-b18a-5bfb65a9d89f","errorCode":"INVALID_TOKEN_FORMAT","errorMessage":"Token format is invalid","metadata":{"tokenType":"password_reset","reason":"invalid_format"}}
{"eventId":"a67f1635-d784-4907-8a1c-48107a1d9ab4","eventType":"auth.reset_password.failure","timestamp":"2025-12-02T17:11:56.972Z","outcome":"failure","ipAddress":"127.0.0.1","userAgent":"unknown","requestId":"786b314b-ea28-411e-b18a-5bfb65a9d89f","errorCode":"INVALID_TOKEN","errorMessage":"Invalid or expired password reset token","metadata":{"reason":"invalid_or_expired_token"}}
{"eventId":"73125ea7-b14d-4597-a7fa-8b4a000321ef","eventType":"auth.token.tampered","timestamp":"2025-12-02T17:11:56.973Z","outcome":"failure","ipAddress":"127.0.0.1","userAgent":"unknown","requestId":"21a2252e-4f69-4232-975f-a570c2c3d147","errorCode":"INVALID_TOKEN_FORMAT","errorMessage":"Token format is invalid","metadata":{"tokenType":"password_reset","reason":"invalid_format"}}
{"eventId":"cd301fe5-416a-4b95-9bed-6afd2229e13c","eventType":"auth.reset_password.failure","timestamp":"2025-12-02T17:11:56.973Z","outcome":"failure","ipAddress":"127.0.0.1","userAgent":"unknown","requestId":"21a2252e-4f69-4232-975f-a570c2c3d147","errorCode":"INVALID_TOKEN","errorMessage":"Invalid or expired password reset token","metadata":{"reason":"invalid_or_expired_token"}}
{"eventId":"042f3cac-27c9-408b-8c1f-5f4995ca83e0","eventType":"auth.token.tampered","timestamp":"2025-12-02T17:11:56.974Z","outcome":"failure","ipAddress":"127.0.0.1","userAgent":"unknown","requestId":"5557d995-315d-4d7c-ad98-729aefce87b2","errorCode":"INVALID_TOKEN_FORMAT","errorMessage":"Token format is invalid","metadata":{"tokenType":"password_reset","reason":"invalid_format"}}
{"eventId":"7bf2455d-b2f0-41cc-829b-a06a53ad37df","eventType":"auth.reset_password.failure","timestamp":"2025-12-02T17:11:56.974Z","outcome":"failure","ipAddress":"127.0.0.1","userAgent":"unknown","requestId":"5557d995-315d-4d7c-ad98-729aefce87b2","errorCode":"INVALID_TOKEN","errorMessage":"Invalid or expired password reset token","metadata":{"reason":"invalid_or_expired_token"}}
{"eventId":"51fbcd6a-6d7b-441a-b005-9d2833872e71","eventType":"auth.token.tampered","timestamp":"2025-12-02T17:11:56.979Z","outcome":"failure","ipAddress":"127.0.0.1","userAgent":"unknown","requestId":"692da4c4-876b-416d-aac3-7439da3fa55a","errorCode":"INVALID_TOKEN_FORMAT","errorMessage":"Token format is invalid","metadata":{"tokenType":"password_reset","reason":"invalid_format"}}
{"eventId":"9aa6311a-2426-4c23-9584-ee75daf34f5d","eventType":"auth.reset_password.failure","timestamp":"2025-12-02T17:11:56.979Z","outcome":"failure","ipAddress":"127.0.0.1","userAgent":"unknown","requestId":"692da4c4-876b-416d-aac3-7439da3fa55a","errorCode":"INVALID_TOKEN","errorMessage":"Invalid or expired password reset token","metadata":{"reason":"invalid_or_expired_token"}}
{"eventId":"34a3b4f3-8385-4ba1-bea4-80ed30dc0bb8","eventType":"auth.token.tampered","timestamp":"2025-12-02T17:11:56.986Z","outcome":"failure","ipAddress":"127.0.0.1","userAgent":"unknown","requestId":"3a045f1d-6737-4c35-a02f-f4f78bb34bbe","errorCode":"INVALID_TOKEN_FORMAT","errorMessage":"Token format is invalid","metadata":{"tokenType":"password_reset","reason":"invalid_format"}}
{"eventId":"f2cf9af4-52b8-4359-b39e-c010d148d200","eventType":"auth.reset_password.failure","timestamp":"2025-12-02T17:11:56.986Z","outcome":"failure","ipAddress":"127.0.0.1","userAgent":"unknown","requestId":"3a045f1d-6737-4c35-a02f-f4f78bb34bbe","errorCode":"INVALID_TOKEN","errorMessage":"Invalid or expired password reset token","metadata":{"reason":"invalid_or_expired_token"}}
{"eventId":"165e9dc3-86b3-4a1d-802c-438509ef2f20","eventType":"auth.token.tampered","timestamp":"2025-12-02T17:11:56.987Z","outcome":"failure","ipAddress":"127.0.0.1","userAgent":"unknown","requestId":"ae1907fa-1a63-4514-9e55-28614390e7e3","errorCode":"INVALID_TOKEN_FORMAT","errorMessage":"Token format is invalid","metadata":{"tokenType":"password_reset","reason":"invalid_format"}}
{"eventId":"ffb6e17a-7c6a-475a-bb54-d82bb24dee6c","eventType":"auth.reset_password.failure","timestamp":"2025-12-02T17:11:56.987Z","outcome":"failure","ipAddress":"127.0.0.1","userAgent":"unknown","requestId":"ae1907fa-1a63-4514-9e55-28614390e7e3","errorCode":"INVALID_TOKEN","errorMessage":"Invalid or expired password reset token","metadata":{"reason":"invalid_or_expired_token"}}
{"eventId":"d8d5b721-6ec2-4437-87be-2a953c574210","eventType":"auth.token.tampered","timestamp":"2025-12-02T17:11:56.991Z","outcome":"failure","ipAddress":"127.0.0.1","userAgent":"unknown","requestId":"6484712d-4158-43f6-81d6-a1609e3594b2","errorCode":"INVALID_TOKEN_FORMAT","errorMessage":"Token format is invalid","metadata":{"tokenType":"password_reset","reason":"invalid_format"}}
{"eventId":"d45950ef-ea21-446b-8e31-9644d1a11d31","eventType":"auth.reset_password.failure","timestamp":"2025-12-02T17:11:56.992Z","outcome":"failure","ipAddress":"127.0.0.1","userAgent":"unknown","requestId":"6484712d-4158-43f6-81d6-a1609e3594b2","errorCode":"INVALID_TOKEN","errorMessage":"Invalid or expired password reset token","metadata":{"reason":"invalid_or_expired_token"}}
{"eventId":"656faba8-99ef-4b4f-a75c-e0bb7e075053","eventType":"auth.token.tampered","timestamp":"2025-12-02T17:11:56.994Z","outcome":"failure","ipAddress":"127.0.0.1","userAgent":"unknown","requestId":"9901fde0-b51f-4e1b-b97b-5ff51287f7ee","errorCode":"INVALID_TOKEN_FORMAT","errorMessage":"Token format is invalid","metadata":{"tokenType":"password_reset","reason":"invalid_format"}}
{"eventId":"dbbdead2-63da-430a-a16b-d2f0cd43e587","eventType":"auth.reset_password.failure","timestamp":"2025-12-02T17:11:56.994Z","outcome":"failure","ipAddress":"127.0.0.1","userAgent":"unknown","requestId":"9901fde0-b51f-4e1b-b97b-5ff51287f7ee","errorCode":"INVALID_TOKEN","errorMessage":"Invalid or expired password reset token","metadata":{"reason":"invalid_or_expired_token"}}
{"eventId":"a942fe8d-36d9-4f1a-b347-120390e17ecc","eventType":"auth.token.tampered","timestamp":"2025-12-02T17:11:57.000Z","outcome":"failure","ipAddress":"127.0.0.1","userAgent":"unknown","requestId":"df910155-d5a5-44ca-9e35-1d9deb0e9a81","errorCode":"INVALID_TOKEN_FORMAT","errorMessage":"Token format is invalid","metadata":{"tokenType":"password_reset","reason":"invalid_format"}}
{"eventId":"079fdce9-974e-4b86-bfe4-2f60e78b5ea1","eventType":"auth.reset_password.failure","timestamp":"2025-12-02T17:11:57.000Z","outcome":"failure","ipAddress":"127.0.0.1","userAgent":"unknown","requestId":"df910155-d5a5-44ca-9e35-1d9deb0e9a81","errorCode":"INVALID_TOKEN","errorMessage":"Invalid or expired password reset token","metadata":{"reason":"invalid_or_expired_token"}}
{"eventId":"4605ab3f-0acc-46d6-a61b-04eff629ac64","eventType":"auth.token.tampered","timestamp":"2025-12-02T17:11:57.001Z","outcome":"failure","ipAddress":"127.0.0.1","userAgent":"unknown","requestId":"27b47f65-6bb7-452d-b345-7b130b8e4f94","errorCode":"INVALID_TOKEN_FORMAT","errorMessage":"Token format is invalid","metadata":{"tokenType":"password_reset","reason":"invalid_format"}}
{"eventId":"ef20b555-8e20-4b2e-9902-9c669f2af805","eventType":"auth.reset_password.failure","timestamp":"2025-12-02T17:11:57.001Z","outcome":"failure","ipAddress":"127.0.0.1","userAgent":"unknown","requestId":"27b47f65-6bb7-452d-b345-7b130b8e4f94","errorCode":"INVALID_TOKEN","errorMessage":"Invalid or expired password reset token","metadata":{"reason":"invalid_or_expired_token"}}
{"eventId":"7830f4a9-23fc-4e13-8226-78903ee7f1f0","eventType":"auth.token.tampered","timestamp":"2025-12-02T17:11:57.002Z","outcome":"failure","ipAddress":"127.0.0.1","userAgent":"unknown","requestId":"764988b8-c420-4d72-ac8a-440103b4a26d","errorCode":"INVALID_TOKEN_FORMAT","errorMessage":"Token format is invalid","metadata":{"tokenType":"password_reset","reason":"invalid_format"}}
{"eventId":"59791b39-f488-49b0-bb8f-28c20cc4434e","eventType":"auth.reset_password.failure","timestamp":"2025-12-02T17:11:57.002Z","outcome":"failure","ipAddress":"127.0.0.1","userAgent":"unknown","requestId":"764988b8-c420-4d72-ac8a-440103b4a26d","errorCode":"INVALID_TOKEN","errorMessage":"Invalid or expired password reset token","metadata":{"reason":"invalid_or_expired_token"}}
{"eventId":"a5288b13-5729-46ce-ac31-70d6ec745339","eventType":"auth.token.tampered","timestamp":"2025-12-02T17:11:57.002Z","outcome":"failure","ipAddress":"127.0.0.1","userAgent":"unknown","requestId":"277f9d01-f43a-4d9c-847d-d937c037e739","errorCode":"INVALID_TOKEN_FORMAT","errorMessage":"Token format is invalid","metadata":{"tokenType":"password_reset","reason":"invalid_format"}}
{"eventId":"aad05d49-d85d-469d-9025-4ca57a66a65a","eventType":"auth.reset_password.failure","timestamp":"2025-12-02T17:11:57.002Z","outcome":"failure","ipAddress":"127.0.0.1","userAgent":"unknown","requestId":"277f9d01-f43a-4d9c-847d-d937c037e739","errorCode":"INVALID_TOKEN","errorMessage":"Invalid or expired password reset token","metadata":{"reason":"invalid_or_expired_token"}}
{"eventId":"075e3348-d769-405c-a55a-6d7c33ecf30f","eventType":"auth.token.tampered","timestamp":"2025-12-02T17:11:57.003Z","outcome":"failure","ipAddress":"127.0.0.1","userAgent":"unknown","requestId":"5ab7c25c-82a2-4f6c-a279-6d2eeee4e1a5","errorCode":"INVALID_TOKEN_FORMAT","errorMessage":"Token format is invalid","metadata":{"tokenType":"password_reset","reason":"invalid_format"}}
{"eventId":"a9e81736-9621-4d38-bf07-cb963422acf3","eventType":"auth.reset_password.failure","timestamp":"2025-12-02T17:11:57.003Z","outcome":"failure","ipAddress":"127.0.0.1","userAgent":"unknown","requestId":"5ab7c25c-82a2-4f6c-a279-6d2eeee4e1a5","errorCode":"INVALID_TOKEN","errorMessage":"Invalid or expired password reset token","metadata":{"reason":"invalid_or_expired_token"}}
{"eventId":"07403e3e-a50d-4536-87bc-1660a06f8b4d","eventType":"auth.token.tampered","timestamp":"2025-12-02T17:11:57.004Z","outcome":"failure","ipAddress":"127.0.0.1","userAgent":"unknown","requestId":"b3aa0985-969a-44b8-ad2c-8e6558f2fa38","errorCode":"INVALID_TOKEN_FORMAT","errorMessage":"Token format is invalid","metadata":{"tokenType":"password_reset","reason":"invalid_format"}}
{"eventId":"9270ee30-06e8-4d5c-8afc-594abf7436a7","eventType":"auth.reset_password.failure","timestamp":"2025-12-02T17:11:57.004Z","outcome":"failure","ipAddress":"127.0.0.1","userAgent":"unknown","requestId":"b3aa0985-969a-44b8-ad2c-8e6558f2fa38","errorCode":"INVALID_TOKEN","errorMessage":"Invalid or expired password reset token","metadata":{"reason":"invalid_or_expired_token"}}
{"eventId":"faca7e68-02bc-4a78-bd63-0c597e679254","eventType":"auth.token.tampered","timestamp":"2025-12-02T17:11:57.004Z","outcome":"failure","ipAddress":"127.0.0.1","userAgent":"unknown","requestId":"b9be73a9-52a3-4059-901c-9072e925f1cb","errorCode":"INVALID_TOKEN_FORMAT","errorMessage":"Token format is invalid","metadata":{"tokenType":"password_reset","reason":"invalid_format"}}
{"eventId":"22420a01-ac48-4be6-80aa-e9f46811681b","eventType":"auth.reset_password.failure","timestamp":"2025-12-02T17:11:57.004Z","outcome":"failure","ipAddress":"127.0.0.1","userAgent":"unknown","requestId":"b9be73a9-52a3-4059-901c-9072e925f1cb","errorCode":"INVALID_TOKEN","errorMessage":"Invalid or expired password reset token","metadata":{"reason":"invalid_or_expired_token"}}
{"eventId":"6d37b4b2-93ac-43aa-81a0-a0b1b0c53dd2","eventType":"auth.token.tampered","timestamp":"2025-12-02T17:11:57.005Z","outcome":"failure","ipAddress":"127.0.0.1","userAgent":"unknown","requestId":"efe6bb48-37a1-4fd1-a1db-eea7d7ded279","errorCode":"INVALID_TOKEN_FORMAT","errorMessage":"Token format is invalid","metadata":{"tokenType":"password_reset","reason":"invalid_format"}}
{"eventId":"da89e2b0-ae0a-4152-89cc-daa0d79df630","eventType":"auth.reset_password.failure","timestamp":"2025-12-02T17:11:57.005Z","outcome":"failure","ipAddress":"127.0.0.1","userAgent":"unknown","requestId":"efe6bb48-37a1-4fd1-a1db-eea7d7ded279","errorCode":"INVALID_TOKEN","errorMessage":"Invalid or expired password reset token","metadata":{"reason":"invalid_or_expired_token"}}
{"eventId":"ac7c844e-b7ba-4e1c-9834-bd4fc9898918","eventType":"auth.token.tampered","timestamp":"2025-12-02T17:11:57.006Z","outcome":"failure","ipAddress":"127.0.0.1","userAgent":"unknown","requestId":"583586a0-9be2-4f5c-879b-4fbda5a0d980","errorCode":"INVALID_TOKEN_FORMAT","errorMessage":"Token format is invalid","metadata":{"tokenType":"password_reset","reason":"invalid_format"}}
{"eventId":"c821070e-380e-412b-9142-738ebe9d6ce0","eventType":"auth.reset_password.failure","timestamp":"2025-12-02T17:11:57.006Z","outcome":"failure","ipAddress":"127.0.0.1","userAgent":"unknown","requestId":"583586a0-9be2-4f5c-879b-4fbda5a0d980","errorCode":"INVALID_TOKEN","errorMessage":"Invalid or expired password reset token","metadata":{"reason":"invalid_or_expired_token"}}
{"eventId":"f6e92e3f-b07f-41d6-acb9-3087cc2a602a","eventType":"auth.token.tampered","timestamp":"2025-12-02T17:11:57.006Z","outcome":"failure","ipAddress":"127.0.0.1","userAgent":"unknown","requestId":"6f03c44a-a711-45f8-8f41-b8c10052e3b1","errorCode":"INVALID_TOKEN_FORMAT","errorMessage":"Token format is invalid","metadata":{"tokenType":"password_reset","reason":"invalid_format"}}
{"eventId":"49b45621-b3c6-45bf-b43f-06bcd1819a5b","eventType":"auth.reset_password.failure","timestamp":"2025-12-02T17:11:57.006Z","outcome":"failure","ipAddress":"127.0.0.1","userAgent":"unknown","requestId":"6f03c44a-a711-45f8-8f41-b8c10052e3b1","errorCode":"INVALID_TOKEN","errorMessage":"Invalid or expired password reset token","metadata":{"reason":"invalid_or_expired_token"}}
{"eventId":"3dab720e-d491-4bc3-beac-502a39a0b547","eventType":"auth.token.tampered","timestamp":"2025-12-02T17:11:57.007Z","outcome":"failure","ipAddress":"127.0.0.1","userAgent":"unknown","requestId":"ac5fda0c-61ba-4d4a-a418-58a494e7600f","errorCode":"INVALID_TOKEN_FORMAT","errorMessage":"Token format is invalid","metadata":{"tokenType":"password_reset","reason":"invalid_format"}}
{"eventId":"35e846f7-e2c1-472d-ad2d-c8df8c762b32","eventType":"auth.reset_password.failure","timestamp":"2025-12-02T17:11:57.007Z","outcome":"failure","ipAddress":"127.0.0.1","userAgent":"unknown","requestId":"ac5fda0c-61ba-4d4a-a418-58a494e7600f","errorCode":"INVALID_TOKEN","errorMessage":"Invalid or expired password reset token","metadata":{"reason":"invalid_or_expired_token"}}

stdout | src/server/auth/__tests__/rbac.test.ts > RBAC - Property-Based Tests > Property: Multiple users can have the same role
[2025-12-02T17:11:57.322Z] [App] [INFO] rbac.assign_role.success {
  userId: 'ffaf5774-39a0-4d53-9b4b-950204e28ce0',
  role: 'TEAM_ADMIN',
  resourceType: 'team',
  resourceId: '6d0cf9ca-2171-4e09-b691-ac34a5af2db6',
  roleId: '8298bb0f-bdd9-44f2-8ecd-0e334fcd2391'
}

stdout | src/app/api/auth/reset-password/__tests__/reset-password.property.test.ts > POST /api/auth/reset-password - Property-Based Tests > Property 17 (negative case): Expired token returns 410
{"eventId":"9f529ba5-c441-48c4-ae19-7eefae967116","eventType":"auth.reset_password.success","timestamp":"2025-12-02T17:11:57.377Z","outcome":"success","ipAddress":"127.0.0.1","userAgent":"unknown","requestId":"47523da1-a3b3-4890-b41c-5e643ea43f65","metadata":{"stage":"attempt"}}

stderr | src/app/api/auth/reset-password/__tests__/reset-password.property.test.ts > POST /api/auth/reset-password - Property-Based Tests > Property 17 (negative case): Expired token returns 410
{"eventId":"08517bcf-cad0-4900-bdd9-cc2e74dc86e3","eventType":"auth.reset_password.failure","timestamp":"2025-12-02T17:11:57.379Z","outcome":"failure","ipAddress":"127.0.0.1","userAgent":"unknown","requestId":"47523da1-a3b3-4890-b41c-5e643ea43f65","errorCode":"INVALID_TOKEN","errorMessage":"Invalid or expired password reset token","metadata":{"reason":"invalid_or_expired_token"}}

stdout | src/server/auth/__tests__/rbac.test.ts > RBAC - Property-Based Tests > Property: Multiple users can have the same role
[2025-12-02T17:11:57.535Z] [App] [INFO] rbac.assign_role.success {
  userId: 'e7d47c6f-21ba-49ad-ac41-2dd5c15a6673',
  role: 'TEAM_ADMIN',
  resourceType: 'team',
  resourceId: '6d0cf9ca-2171-4e09-b691-ac34a5af2db6',
  roleId: '65425b53-c7eb-4cb9-bf5b-97e13e6b29cb'
}

stderr | src/app/api/auth/reset-password/__tests__/reset-password.property.test.ts > POST /api/auth/reset-password - Property-Based Tests > Property 17 (negative case): Mismatched passwords return 400
{"eventId":"723bd933-5375-4d90-a3d5-d3c6249c757f","eventType":"auth.reset_password.failure","timestamp":"2025-12-02T17:11:57.624Z","outcome":"failure","ipAddress":"127.0.0.1","userAgent":"unknown","requestId":"f0cbed0e-f607-410e-b844-a51815abc56b","errorCode":"VALIDATION_ERROR","errorMessage":"Passwords do not match","metadata":{"field":"confirmPassword","details":{"confirmPassword":["Passwords do not match"]}}}
{"eventId":"ee156e54-1a5a-4a74-97d9-64d81ccd50f4","eventType":"auth.reset_password.failure","timestamp":"2025-12-02T17:11:57.633Z","outcome":"failure","ipAddress":"127.0.0.1","userAgent":"unknown","requestId":"e8af4769-053e-4979-9527-1a28ac479b95","errorCode":"VALIDATION_ERROR","errorMessage":"Passwords do not match","metadata":{"field":"confirmPassword","details":{"confirmPassword":["Passwords do not match"]}}}
{"eventId":"81d9d1f2-9e6a-446e-9091-9a94a1bc369a","eventType":"auth.reset_password.failure","timestamp":"2025-12-02T17:11:57.637Z","outcome":"failure","ipAddress":"127.0.0.1","userAgent":"unknown","requestId":"6360b472-1bb3-4352-9eba-1cc0c3254673","errorCode":"VALIDATION_ERROR","errorMessage":"Passwords do not match","metadata":{"field":"confirmPassword","details":{"confirmPassword":["Passwords do not match"]}}}

stdout | src/server/auth/__tests__/rbac.test.ts > RBAC - Property-Based Tests > Property: Multiple users can have the same role
[2025-12-02T17:11:57.714Z] [App] [INFO] rbac.assign_role.success {
  userId: '01d9ced7-f26c-4aa0-a24d-5cc3eb34e44b',
  role: 'TEAM_ADMIN',
  resourceType: 'team',
  resourceId: '6d0cf9ca-2171-4e09-b691-ac34a5af2db6',
  roleId: '40e2f2f8-5d6d-4366-bbf6-8c625bab49a9'
}

stdout | src/server/auth/__tests__/rbac.test.ts > RBAC - Property-Based Tests > Property: Multiple users can have the same role
[2025-12-02T17:11:57.969Z] [App] [INFO] rbac.assign_role.success {
  userId: '8127c3a9-afe0-496a-aae0-59edee39696d',
  role: 'TEAM_MEMBER',
  resourceType: 'team',
  resourceId: '12189c54-ab4b-4e7b-8947-22b2a47eccc0',
  roleId: '2bc11462-2136-4c6d-99a2-9024f5f467fd'
}

stderr | src/app/api/auth/reset-password/__tests__/reset-password.property.test.ts > POST /api/auth/reset-password - Property-Based Tests > Property 17 (negative case): Weak password returns 400
{"eventId":"d72e0441-7d32-428b-84e1-5ac71855e7e4","eventType":"auth.reset_password.failure","timestamp":"2025-12-02T17:11:57.912Z","outcome":"failure","ipAddress":"127.0.0.1","userAgent":"unknown","requestId":"c19aa5e0-777a-45e7-a524-8cf1286e087b","errorCode":"VALIDATION_ERROR","errorMessage":"Password must be at least 8 characters","metadata":{"field":"password","details":{"password":["Password must be at least 8 characters","Password must contain at least one uppercase letter","Password must contain at least one number","Password must contain at least one special character"]}}}
{"eventId":"86911185-e3e9-45e1-be48-1537aec28d9a","eventType":"auth.reset_password.failure","timestamp":"2025-12-02T17:11:57.915Z","outcome":"failure","ipAddress":"127.0.0.1","userAgent":"unknown","requestId":"844a83a2-443a-4f2a-9712-a57042f1b104","errorCode":"VALIDATION_ERROR","errorMessage":"Password must contain at least one uppercase letter","metadata":{"field":"password","details":{"password":["Password must contain at least one uppercase letter"]}}}
{"eventId":"f2540352-c05f-474b-92e6-abd081811cef","eventType":"auth.reset_password.failure","timestamp":"2025-12-02T17:11:57.916Z","outcome":"failure","ipAddress":"127.0.0.1","userAgent":"unknown","requestId":"6978054c-f5f2-4cee-8e1c-cb426bfff7af","errorCode":"VALIDATION_ERROR","errorMessage":"Password must contain at least one lowercase letter","metadata":{"field":"password","details":{"password":["Password must contain at least one lowercase letter"]}}}
{"eventId":"579642ed-c747-4cc2-b812-c61412c24272","eventType":"auth.reset_password.failure","timestamp":"2025-12-02T17:11:57.918Z","outcome":"failure","ipAddress":"127.0.0.1","userAgent":"unknown","requestId":"8b19a342-3148-44b3-b7d3-a4408fabf17e","errorCode":"VALIDATION_ERROR","errorMessage":"Password must contain at least one number","metadata":{"field":"password","details":{"password":["Password must contain at least one number"]}}}
{"eventId":"06355995-f857-4b70-9188-0ad7ce326ea9","eventType":"auth.reset_password.failure","timestamp":"2025-12-02T17:11:57.920Z","outcome":"failure","ipAddress":"127.0.0.1","userAgent":"unknown","requestId":"7634e314-beb5-4c53-8ddf-b3c27851c32d","errorCode":"VALIDATION_ERROR","errorMessage":"Password must contain at least one special character","metadata":{"field":"password","details":{"password":["Password must contain at least one special character"]}}}

 ✓ src/app/api/auth/reset-password/__tests__/reset-password.property.test.ts (6 tests) 35645ms
   ✓ POST /api/auth/reset-password - Property-Based Tests > Property 17: Password reset invalidates all sessions 18796ms
   ✓ POST /api/auth/reset-password - Property-Based Tests > Property 17 (positive case): Valid token updates password 14826ms
   ✓ POST /api/auth/reset-password - Property-Based Tests > Property 17 (negative case): Invalid token returns 410 1158ms
stdout | src/app/api/auth/reset-password/__tests__/route.test.ts > POST /api/auth/reset-password > should reset password with valid token
{"eventId":"5981a020-d960-4fd5-9a60-c896e8679f03","eventType":"auth.reset_password.success","timestamp":"2025-12-02T17:11:57.990Z","outcome":"success","ipAddress":"127.0.0.1","userAgent":"unknown","requestId":"b2b48e97-85f0-4bc9-8bec-b694f4a50fe5","metadata":{"stage":"attempt"}}

stdout | src/server/auth/__tests__/rbac.test.ts > RBAC - Property-Based Tests > Property: Multiple users can have the same role
[2025-12-02T17:11:58.152Z] [App] [INFO] rbac.assign_role.success {
  userId: '6029a102-066f-42b5-a457-c33a29b769ef',
  role: 'TEAM_MEMBER',
  resourceType: 'team',
  resourceId: '12189c54-ab4b-4e7b-8947-22b2a47eccc0',
  roleId: '90eb4756-5119-4b71-a98b-f9f8297a6b0e'
}

stdout | src/app/api/auth/reset-password/__tests__/route.test.ts > POST /api/auth/reset-password > should reset password with valid token
{"eventId":"9894be4a-752c-4649-87f0-ce9b23de734e","eventType":"auth.reset_password.success","timestamp":"2025-12-02T17:11:58.158Z","outcome":"success","userId":"e6feb93d-0f03-43c1-b2a2-8ae403870f52","email":"c093096d32969aca","ipAddress":"127.0.0.1","userAgent":"unknown","requestId":"b2b48e97-85f0-4bc9-8bec-b694f4a50fe5","metadata":{"tokenId":"bd6a268d-1c22-45c8-966e-b1efbae0bc01","sessionsInvalidated":true}}

stdout | src/server/auth/__tests__/rbac.test.ts > RBAC - Property-Based Tests > Property: Multiple users can have the same role
[2025-12-02T17:11:58.346Z] [App] [INFO] rbac.assign_role.success {
  userId: 'e0f0df58-5399-4b86-b9dc-5f613f7656f6',
  role: 'TEAM_MEMBER',
  resourceType: 'team',
  resourceId: '12189c54-ab4b-4e7b-8947-22b2a47eccc0',
  roleId: '50d0ca92-ed8a-40d9-85f8-5ef9de3dfa06'
}

stdout | src/server/auth/__tests__/rbac.test.ts > RBAC - Property-Based Tests > Property: Multiple users can have the same role
[2025-12-02T17:11:58.497Z] [App] [INFO] rbac.assign_role.success {
  userId: 'fa50e438-0ac0-485e-b7a7-f2b3d4567c0c',
  role: 'TEAM_MEMBER',
  resourceType: 'team',
  resourceId: '12189c54-ab4b-4e7b-8947-22b2a47eccc0',
  roleId: '15d91b2a-4347-4c14-9f38-497ded7bb1c5'
}

stdout | src/app/api/auth/reset-password/__tests__/route.test.ts > POST /api/auth/reset-password > should invalidate all sessions after password reset
{"eventId":"bcec5b06-ecd1-4b21-8f5f-a0de0c4df131","eventType":"auth.reset_password.success","timestamp":"2025-12-02T17:11:58.544Z","outcome":"success","ipAddress":"127.0.0.1","userAgent":"unknown","requestId":"279f44d6-c9b3-4479-b58c-e5139a215017","metadata":{"stage":"attempt"}}

stdout | src/server/auth/__tests__/rbac.test.ts > RBAC - Property-Based Tests > Property: Multiple users can have the same role
[2025-12-02T17:11:58.657Z] [App] [INFO] rbac.assign_role.success {
  userId: '5db1a85e-f7df-4e88-8d3a-30444599d2b8',
  role: 'TEAM_ADMIN',
  resourceType: 'team',
  resourceId: 'fdd5f20e-de71-4b70-b779-c5b348af04ea',
  roleId: 'd8516caa-481c-4f66-998c-24c6f5280eb4'
}

stdout | src/app/api/auth/reset-password/__tests__/route.test.ts > POST /api/auth/reset-password > should invalidate all sessions after password reset
{"eventId":"3173d5bf-cc97-4094-96b8-c0c8b9c8bc6c","eventType":"auth.reset_password.success","timestamp":"2025-12-02T17:11:58.691Z","outcome":"success","userId":"9d618672-eed8-4bc3-9298-66a39d5eaf1c","email":"bfec88634e63e69d","ipAddress":"127.0.0.1","userAgent":"unknown","requestId":"279f44d6-c9b3-4479-b58c-e5139a215017","metadata":{"tokenId":"8599401e-610e-4ae0-85b4-9f45482abac3","sessionsInvalidated":true}}

stdout | src/server/auth/__tests__/rbac.test.ts > RBAC - Property-Based Tests > Property: Multiple users can have the same role
[2025-12-02T17:11:58.830Z] [App] [INFO] rbac.assign_role.success {
  userId: '0c2afdba-fcba-400f-bfa6-929afb7a3f50',
  role: 'TEAM_ADMIN',
  resourceType: 'team',
  resourceId: 'fdd5f20e-de71-4b70-b779-c5b348af04ea',
  roleId: '1fecf309-d2cc-4857-a703-56b77772b4e2'
}

stdout | src/app/api/auth/reset-password/__tests__/route.test.ts > POST /api/auth/reset-password > should reject invalid token
{"eventId":"f756a484-4cd6-4faa-ae79-2e7995b585d0","eventType":"auth.reset_password.success","timestamp":"2025-12-02T17:11:58.999Z","outcome":"success","ipAddress":"127.0.0.1","userAgent":"unknown","requestId":"dc85b293-4496-4f2c-ad7b-e0195384a7d4","metadata":{"stage":"attempt"}}

stderr | src/app/api/auth/reset-password/__tests__/route.test.ts > POST /api/auth/reset-password > should reject invalid token
{"eventId":"2e0d2149-8ee4-4dbc-a96a-c610003ec10b","eventType":"auth.token.tampered","timestamp":"2025-12-02T17:11:59.000Z","outcome":"failure","ipAddress":"127.0.0.1","userAgent":"unknown","requestId":"dc85b293-4496-4f2c-ad7b-e0195384a7d4","errorCode":"INVALID_TOKEN_FORMAT","errorMessage":"Token format is invalid","metadata":{"tokenType":"password_reset","reason":"invalid_format"}}
{"eventId":"ff0ff575-bf65-4a4d-b955-c0bb8c83151d","eventType":"auth.reset_password.failure","timestamp":"2025-12-02T17:11:59.000Z","outcome":"failure","ipAddress":"127.0.0.1","userAgent":"unknown","requestId":"dc85b293-4496-4f2c-ad7b-e0195384a7d4","errorCode":"INVALID_TOKEN","errorMessage":"Invalid or expired password reset token","metadata":{"reason":"invalid_or_expired_token"}}

stdout | src/server/auth/__tests__/rbac.test.ts > RBAC - Property-Based Tests > Property 20: Editor roles mark billable seats
[2025-12-02T17:11:59.435Z] [App] [INFO] rbac.assign_role.success {
  userId: '3109a80c-7772-41e7-9416-4e562772043e',
  role: 'TEAM_MEMBER',
  resourceType: 'team',
  resourceId: 'd0c3a685-e0d0-4745-9407-3b0619d9d00d',
  roleId: 'a8411a95-aa43-4341-ae0a-31797eb3a6dd'
}
[2025-12-02T17:11:59.444Z] [App] [INFO] rbac.assign_role.success {
  userId: '3109a80c-7772-41e7-9416-4e562772043e',
  role: 'PROJECT_OWNER',
  resourceType: 'project',
  resourceId: '91904566-21e5-4ae1-a221-ad6a511c10f3',
  roleId: '350f3565-da2b-41d5-a52e-ba939cddf6b6'
}
[2025-12-02T17:11:59.452Z] [App] [INFO] rbac.update_role.success {
  userId: '3109a80c-7772-41e7-9416-4e562772043e',
  oldRole: 'TEAM_MEMBER',
  newRole: 'TEAM_EDITOR',
  resourceType: 'team',
  resourceId: 'd0c3a685-e0d0-4745-9407-3b0619d9d00d'
}
[2025-12-02T17:11:59.452Z] [App] [INFO] rbac.update_billable_seats { teamId: 'd0c3a685-e0d0-4745-9407-3b0619d9d00d', billableSeats: 1 }
[2025-12-02T17:11:59.455Z] [App] [INFO] rbac.assign_role.success {
  userId: '3109a80c-7772-41e7-9416-4e562772043e',
  role: 'TEAM_OWNER',
  resourceType: 'team',
  resourceId: 'd0c3a685-e0d0-4745-9407-3b0619d9d00d',
  roleId: '1a22412f-e113-4982-8453-68db40f20c10'
}

stdout | src/app/api/auth/me/__tests__/me.property.test.ts > GET /api/auth/me - Property-Based Tests > Property 9: Valid session grants access
[2025-12-02T17:11:57.992Z] [App] [INFO] auth.me.success {
  requestId: '0fc64c18-e3d6-4ed9-8ce7-107fe165b879',
  userId: 'cf43a2bd-8eea-420c-be52-354053e5c043',
  email: 'test-me-1764695517970-ef550b00f2ae58@example.com',
  roleCount: 0
}
[2025-12-02T17:11:58.002Z] [App] [INFO] rbac.assign_role.success {
  userId: 'cf43a2bd-8eea-420c-be52-354053e5c043',
  role: 'TEAM_OWNER',
  resourceType: 'team',
  resourceId: '291d4030-87d0-48d6-b132-e1ff7f97eed1',
  roleId: '79965251-30e6-4074-9433-541f389877c6'
}
[2025-12-02T17:11:58.003Z] [App] [INFO] rbac.assign_role.success {
  userId: 'cf43a2bd-8eea-420c-be52-354053e5c043',
  role: 'TEAM_ADMIN',
  resourceType: 'team',
  resourceId: 'e86098ef-24c6-44ea-9b39-a4e200dea14f',
  roleId: '623b4cf4-3dd3-43ef-ae60-6a9e88a0b521'
}
[2025-12-02T17:11:58.006Z] [App] [INFO] auth.me.success {
  requestId: '24c0d0a0-b5a2-48c7-8cde-0d7762d581f8',
  userId: 'cf43a2bd-8eea-420c-be52-354053e5c043',
  email: 'test-me-1764695517970-ef550b00f2ae58@example.com',
  roleCount: 2
}
[2025-12-02T17:11:58.009Z] [App] [INFO] rbac.assign_role.success {
  userId: 'cf43a2bd-8eea-420c-be52-354053e5c043',
  role: 'TEAM_OWNER',
  resourceType: 'team',
  resourceId: 'ffe4a985-569f-41de-b061-a2b280a18920',
  roleId: '27d4b18c-2ca8-4eb0-a38a-8a97d299fbf5'
}
[2025-12-02T17:11:58.010Z] [App] [INFO] auth.me.success {
  requestId: '9c01c3e4-63b9-4352-bf82-1b6223ef3140',
  userId: 'cf43a2bd-8eea-420c-be52-354053e5c043',
  email: 'test-me-1764695517970-ef550b00f2ae58@example.com',
  roleCount: 1
}
[2025-12-02T17:11:58.017Z] [App] [INFO] auth.me.success {
  requestId: 'b867bd0d-38d0-4f8a-a1a8-b49ac6d5ace4',
  userId: 'cf43a2bd-8eea-420c-be52-354053e5c043',
  email: 'test-me-1764695517970-ef550b00f2ae58@example.com',
  roleCount: 0
}
[2025-12-02T17:11:58.019Z] [App] [INFO] rbac.assign_role.success {
  userId: 'cf43a2bd-8eea-420c-be52-354053e5c043',
  role: 'TEAM_OWNER',
  resourceType: 'team',
  resourceId: '8beaf0b8-b0b3-414b-9196-bd7c3ac30a2a',
  roleId: '37561711-a788-4e1c-947e-444a5c8af2f8'
}
[2025-12-02T17:11:58.020Z] [App] [INFO] rbac.assign_role.success {
  userId: 'cf43a2bd-8eea-420c-be52-354053e5c043',
  role: 'TEAM_ADMIN',
  resourceType: 'team',
  resourceId: '2f7fa213-497b-4152-9671-d728b8396794',
  roleId: 'b0b1d8a6-99cb-414c-904d-9e54c6de1973'
}
[2025-12-02T17:11:58.020Z] [App] [INFO] rbac.assign_role.success {
  userId: 'cf43a2bd-8eea-420c-be52-354053e5c043',
  role: 'TEAM_EDITOR',
  resourceType: 'team',
  resourceId: '4cf47cc2-737f-43af-9a09-603fc1248fd1',
  roleId: '07f7715a-a52e-4f7c-9de6-8fc75620fccb'
}
[2025-12-02T17:11:58.021Z] [App] [INFO] rbac.update_billable_seats { teamId: '4cf47cc2-737f-43af-9a09-603fc1248fd1', billableSeats: 1 }
[2025-12-02T17:11:58.022Z] [App] [INFO] auth.me.success {
  requestId: '31a60ebc-eb7f-41e0-a4b4-beb6f6864d87',
  userId: 'cf43a2bd-8eea-420c-be52-354053e5c043',
  email: 'test-me-1764695517970-ef550b00f2ae58@example.com',
  roleCount: 3
}
[2025-12-02T17:11:58.025Z] [App] [INFO] rbac.assign_role.success {
  userId: 'cf43a2bd-8eea-420c-be52-354053e5c043',
  role: 'TEAM_OWNER',
  resourceType: 'team',
  resourceId: '7d3b1ef7-1762-42e9-9ec5-3c5a210fa444',
  roleId: '02b032aa-af1c-4f52-aa6e-95e1679345f5'
}
[2025-12-02T17:11:58.026Z] [App] [INFO] auth.me.success {
  requestId: '8ce0c0be-e5e1-46df-bf78-97f2564eddc2',
  userId: 'cf43a2bd-8eea-420c-be52-354053e5c043',
  email: 'test-me-1764695517970-ef550b00f2ae58@example.com',
  roleCount: 1
}
[2025-12-02T17:11:58.027Z] [App] [INFO] rbac.assign_role.success {
  userId: 'cf43a2bd-8eea-420c-be52-354053e5c043',
  role: 'TEAM_OWNER',
  resourceType: 'team',
  resourceId: 'b0220738-8d38-4ebf-b54b-95722e99ea6e',
  roleId: '04258971-838c-43c6-850f-b6b52e30b394'
}
[2025-12-02T17:11:58.034Z] [App] [INFO] auth.me.success {
  requestId: '5dfff214-8241-4db8-aea9-0ea27894883c',
  userId: 'cf43a2bd-8eea-420c-be52-354053e5c043',
  email: 'test-me-1764695517970-ef550b00f2ae58@example.com',
  roleCount: 1
}
[2025-12-02T17:11:58.036Z] [App] [INFO] rbac.assign_role.success {
  userId: 'cf43a2bd-8eea-420c-be52-354053e5c043',
  role: 'TEAM_OWNER',
  resourceType: 'team',
  resourceId: 'eb8b1daf-0d1c-4c5d-a9ec-2f330ed0a97b',
  roleId: '414ea860-b84a-407d-bfb3-b606a4302a03'
}
[2025-12-02T17:11:58.037Z] [App] [INFO] rbac.assign_role.success {
  userId: 'cf43a2bd-8eea-420c-be52-354053e5c043',
  role: 'TEAM_ADMIN',
  resourceType: 'team',
  resourceId: '3b49bc6e-a639-4d17-a9e5-a64552a92208',
  roleId: '9149b5b9-ad69-46d7-b83a-67555b161fc6'
}
[2025-12-02T17:11:58.038Z] [App] [INFO] rbac.assign_role.success {
  userId: 'cf43a2bd-8eea-420c-be52-354053e5c043',
  role: 'TEAM_EDITOR',
  resourceType: 'team',
  resourceId: 'ce6c843c-2e35-476a-9b51-bc39866d7b7a',
  roleId: '9dbae362-ec6c-48b3-8555-dd474168d5da'
}
[2025-12-02T17:11:58.038Z] [App] [INFO] rbac.update_billable_seats { teamId: 'ce6c843c-2e35-476a-9b51-bc39866d7b7a', billableSeats: 1 }
[2025-12-02T17:11:58.039Z] [App] [INFO] auth.me.success {
  requestId: 'a3361348-5d2c-4d0c-b686-4e16ed9e7eb8',
  userId: 'cf43a2bd-8eea-420c-be52-354053e5c043',
  email: 'test-me-1764695517970-ef550b00f2ae58@example.com',
  roleCount: 3
}
[2025-12-02T17:11:58.041Z] [App] [INFO] rbac.assign_role.success {
  userId: 'cf43a2bd-8eea-420c-be52-354053e5c043',
  role: 'TEAM_OWNER',
  resourceType: 'team',
  resourceId: '719e0d64-a208-4891-b746-f5d5f21e09cb',
  roleId: '232437ed-bbbc-40c6-b69c-aef1563e9346'
}
[2025-12-02T17:11:58.042Z] [App] [INFO] auth.me.success {
  requestId: '4c4355e6-09ef-4d3c-8beb-305c0e3865f0',
  userId: 'cf43a2bd-8eea-420c-be52-354053e5c043',
  email: 'test-me-1764695517970-ef550b00f2ae58@example.com',
  roleCount: 1
}
[2025-12-02T17:11:58.044Z] [App] [INFO] rbac.assign_role.success {
  userId: 'cf43a2bd-8eea-420c-be52-354053e5c043',
  role: 'TEAM_OWNER',
  resourceType: 'team',
  resourceId: '824d794f-4003-49fd-a189-9d27854a1d4b',
  roleId: '1a627ca7-0d68-4f31-a786-b501bbbd7ffe'
}
[2025-12-02T17:11:58.065Z] [App] [INFO] auth.me.success {
  requestId: '458edf75-4cf0-488e-a916-6ee515b4cb16',
  userId: 'cf43a2bd-8eea-420c-be52-354053e5c043',
  email: 'test-me-1764695517970-ef550b00f2ae58@example.com',
  roleCount: 1
}
[2025-12-02T17:11:58.073Z] [App] [INFO] rbac.assign_role.success {
  userId: 'cf43a2bd-8eea-420c-be52-354053e5c043',
  role: 'TEAM_OWNER',
  resourceType: 'team',
  resourceId: 'd27ff5e2-84d8-4160-9afe-b2d76af446fb',
  roleId: '0a8590b5-5a27-4dce-9b7b-8d26d3e6c12b'
}
[2025-12-02T17:11:58.075Z] [App] [INFO] rbac.assign_role.success {
  userId: 'cf43a2bd-8eea-420c-be52-354053e5c043',
  role: 'TEAM_ADMIN',
  resourceType: 'team',
  resourceId: '55385032-dab0-44b2-9cba-a01e4b28cb39',
  roleId: '7fd4d58d-bd8a-4734-a007-ce8f348651e0'
}
[2025-12-02T17:11:58.081Z] [App] [INFO] auth.me.success {
  requestId: 'bbb30f62-4e7f-4498-8667-71688e5e47a7',
  userId: 'cf43a2bd-8eea-420c-be52-354053e5c043',
  email: 'test-me-1764695517970-ef550b00f2ae58@example.com',
  roleCount: 2
}
[2025-12-02T17:11:58.086Z] [App] [INFO] rbac.assign_role.success {
  userId: 'cf43a2bd-8eea-420c-be52-354053e5c043',
  role: 'TEAM_OWNER',
  resourceType: 'team',
  resourceId: '0d6bec07-4c38-45c7-b0f2-599773e550dc',
  roleId: 'e18be11a-fe5f-4fd0-8f2e-be32447d5d26'
}
[2025-12-02T17:11:58.090Z] [App] [INFO] auth.me.success {
  requestId: 'c9d531e9-d77a-4ad0-a4df-b2dd493831c6',
  userId: 'cf43a2bd-8eea-420c-be52-354053e5c043',
  email: 'test-me-1764695517970-ef550b00f2ae58@example.com',
  roleCount: 1
}
[2025-12-02T17:11:58.097Z] [App] [INFO] auth.me.success {
  requestId: 'b315e46e-fb2d-4af5-973b-432b1251f254',
  userId: 'cf43a2bd-8eea-420c-be52-354053e5c043',
  email: 'test-me-1764695517970-ef550b00f2ae58@example.com',
  roleCount: 0
}
[2025-12-02T17:11:58.102Z] [App] [INFO] rbac.assign_role.success {
  userId: 'cf43a2bd-8eea-420c-be52-354053e5c043',
  role: 'TEAM_OWNER',
  resourceType: 'team',
  resourceId: '64a4cac7-cfca-415d-86cb-46d7b358246e',
  roleId: '8ff29544-cc4e-4d53-8a67-34cc3ee125bc'
}
[2025-12-02T17:11:58.104Z] [App] [INFO] auth.me.success {
  requestId: 'c0cb254d-9e7e-4661-bce1-c4c878559937',
  userId: 'cf43a2bd-8eea-420c-be52-354053e5c043',
  email: 'test-me-1764695517970-ef550b00f2ae58@example.com',
  roleCount: 1
}
[2025-12-02T17:11:58.117Z] [App] [INFO] rbac.assign_role.success {
  userId: 'cf43a2bd-8eea-420c-be52-354053e5c043',
  role: 'TEAM_OWNER',
  resourceType: 'team',
  resourceId: '447e5fb9-3b5d-4793-8148-e54b6caf63ec',
  roleId: '75179dbf-8c84-4cc6-9445-cadd3eb4a5b7'
}
[2025-12-02T17:11:58.120Z] [App] [INFO] rbac.assign_role.success {
  userId: 'cf43a2bd-8eea-420c-be52-354053e5c043',
  role: 'TEAM_ADMIN',
  resourceType: 'team',
  resourceId: '056f0f3b-1bf1-4735-8c59-c673f1e4ee18',
  roleId: '87060fea-03f5-4f2f-9291-e7d3ef16a004'
}
[2025-12-02T17:11:58.122Z] [App] [INFO] auth.me.success {
  requestId: 'f928ed5c-6af6-4cdc-b576-1e896bb0f96a',
  userId: 'cf43a2bd-8eea-420c-be52-354053e5c043',
  email: 'test-me-1764695517970-ef550b00f2ae58@example.com',
  roleCount: 2
}
[2025-12-02T17:11:58.124Z] [App] [INFO] rbac.assign_role.success {
  userId: 'cf43a2bd-8eea-420c-be52-354053e5c043',
  role: 'TEAM_OWNER',
  resourceType: 'team',
  resourceId: 'e4ba8b52-0419-4b3d-b244-d30ed8a1772b',
  roleId: '09cb97df-21a5-45ad-a778-43259d811c7a'
}
[2025-12-02T17:11:58.124Z] [App] [INFO] rbac.assign_role.success {
  userId: 'cf43a2bd-8eea-420c-be52-354053e5c043',
  role: 'TEAM_ADMIN',
  resourceType: 'team',
  resourceId: 'df435d0e-ba7b-457e-af25-603f24e0d841',
  roleId: '907ce1e2-fb52-41a9-98e5-aa24b019f5c1'
}
[2025-12-02T17:11:58.125Z] [App] [INFO] auth.me.success {
  requestId: 'f59504dd-35ab-4bab-b894-172afbe5a75f',
  userId: 'cf43a2bd-8eea-420c-be52-354053e5c043',
  email: 'test-me-1764695517970-ef550b00f2ae58@example.com',
  roleCount: 2
}
[2025-12-02T17:11:58.127Z] [App] [INFO] rbac.assign_role.success {
  userId: 'cf43a2bd-8eea-420c-be52-354053e5c043',
  role: 'TEAM_OWNER',
  resourceType: 'team',
  resourceId: 'c177302c-d4d6-4dd5-b540-ee61319b9905',
  roleId: '6d43ba29-667c-45e3-9bcf-0be818926b29'
}
[2025-12-02T17:11:58.133Z] [App] [INFO] auth.me.success {
  requestId: '2700d7f2-2376-4355-9f26-b69e8accc0fa',
  userId: 'cf43a2bd-8eea-420c-be52-354053e5c043',
  email: 'test-me-1764695517970-ef550b00f2ae58@example.com',
  roleCount: 1
}
[2025-12-02T17:11:58.135Z] [App] [INFO] rbac.assign_role.success {
  userId: 'cf43a2bd-8eea-420c-be52-354053e5c043',
  role: 'TEAM_OWNER',
  resourceType: 'team',
  resourceId: 'ebdcf21e-e2ba-45a4-aff7-ee61c72b9877',
  roleId: 'c3452afa-ce7b-42cd-b0e4-7f0669d45d7f'
}
[2025-12-02T17:11:58.136Z] [App] [INFO] rbac.assign_role.success {
  userId: 'cf43a2bd-8eea-420c-be52-354053e5c043',
  role: 'TEAM_ADMIN',
  resourceType: 'team',
  resourceId: 'bebcef12-190f-45b8-b090-2c3feac98e35',
  roleId: '5c1f85d1-abed-4987-b052-4647f2a580cc'
}
[2025-12-02T17:11:58.137Z] [App] [INFO] auth.me.success {
  requestId: 'e51e3029-7cff-4a08-857e-2be5932cd4a7',
  userId: 'cf43a2bd-8eea-420c-be52-354053e5c043',
  email: 'test-me-1764695517970-ef550b00f2ae58@example.com',
  roleCount: 2
}
[2025-12-02T17:11:58.138Z] [App] [INFO] rbac.assign_role.success {
  userId: 'cf43a2bd-8eea-420c-be52-354053e5c043',
  role: 'TEAM_OWNER',
  resourceType: 'team',
  resourceId: '2c8d5e3d-7095-4379-8cb0-b8206c1a0249',
  roleId: 'ac747b29-e7f3-4b07-a955-53f06926cfdc'
}
[2025-12-02T17:11:58.141Z] [App] [INFO] auth.me.success {
  requestId: 'e830db65-b9c3-4c34-b920-69ab56b1e1d2',
  userId: 'cf43a2bd-8eea-420c-be52-354053e5c043',
  email: 'test-me-1764695517970-ef550b00f2ae58@example.com',
  roleCount: 1
}
[2025-12-02T17:11:58.143Z] [App] [INFO] rbac.assign_role.success {
  userId: 'cf43a2bd-8eea-420c-be52-354053e5c043',
  role: 'TEAM_OWNER',
  resourceType: 'team',
  resourceId: '19bfe5ec-1707-4406-b3d0-97e2305516fa',
  roleId: 'b93bade3-8a13-4e79-b95f-af90dec70015'
}
[2025-12-02T17:11:58.147Z] [App] [INFO] auth.me.success {
  requestId: 'b25b4659-fbeb-433a-8496-fb2c6270e04c',
  userId: 'cf43a2bd-8eea-420c-be52-354053e5c043',
  email: 'test-me-1764695517970-ef550b00f2ae58@example.com',
  roleCount: 1
}
[2025-12-02T17:11:58.149Z] [App] [INFO] rbac.assign_role.success {
  userId: 'cf43a2bd-8eea-420c-be52-354053e5c043',
  role: 'TEAM_OWNER',
  resourceType: 'team',
  resourceId: 'caae6661-e1fe-445b-925a-116e0e0f6f1c',
  roleId: '11728ecc-1eb9-4536-836b-a8eed6fd02a1'
}
[2025-12-02T17:11:58.150Z] [App] [INFO] rbac.assign_role.success {
  userId: 'cf43a2bd-8eea-420c-be52-354053e5c043',
  role: 'TEAM_ADMIN',
  resourceType: 'team',
  resourceId: 'f67c7605-dd2c-4e4e-a210-a183533f65ca',
  roleId: '215f620a-dd1b-42d0-9ca0-9c5f2ab8503a'
}
[2025-12-02T17:11:58.151Z] [App] [INFO] rbac.assign_role.success {
  userId: 'cf43a2bd-8eea-420c-be52-354053e5c043',
  role: 'TEAM_EDITOR',
  resourceType: 'team',
  resourceId: 'b1b26066-5347-4754-b7ea-34f0848e60fa',
  roleId: 'd01bfe8a-d484-4f59-b929-b539e7c24aca'
}
[2025-12-02T17:11:58.151Z] [App] [INFO] rbac.update_billable_seats { teamId: 'b1b26066-5347-4754-b7ea-34f0848e60fa', billableSeats: 1 }
[2025-12-02T17:11:58.152Z] [App] [INFO] auth.me.success {
  requestId: '040623ca-4857-4f8e-ace1-cc18a7889b49',
  userId: 'cf43a2bd-8eea-420c-be52-354053e5c043',
  email: 'test-me-1764695517970-ef550b00f2ae58@example.com',
  roleCount: 3
}
[2025-12-02T17:11:58.155Z] [App] [INFO] auth.me.success {
  requestId: '9b99b79e-de3e-4ae0-ace0-75510af4ce51',
  userId: 'cf43a2bd-8eea-420c-be52-354053e5c043',
  email: 'test-me-1764695517970-ef550b00f2ae58@example.com',
  roleCount: 0
}
[2025-12-02T17:11:58.157Z] [App] [INFO] auth.me.success {
  requestId: 'ff6e0212-cb92-4cb6-b115-e7abde804058',
  userId: 'cf43a2bd-8eea-420c-be52-354053e5c043',
  email: 'test-me-1764695517970-ef550b00f2ae58@example.com',
  roleCount: 0
}
[2025-12-02T17:11:58.159Z] [App] [INFO] rbac.assign_role.success {
  userId: 'cf43a2bd-8eea-420c-be52-354053e5c043',
  role: 'TEAM_OWNER',
  resourceType: 'team',
  resourceId: '023ba9c4-746f-40a1-bc56-c06e1b90e739',
  roleId: 'b5d32d5b-3192-4a85-b3df-0f522578654e'
}
[2025-12-02T17:11:58.161Z] [App] [INFO] auth.me.success {
  requestId: 'ea84b7f0-7e10-4e12-9ae4-3c13826c91b1',
  userId: 'cf43a2bd-8eea-420c-be52-354053e5c043',
  email: 'test-me-1764695517970-ef550b00f2ae58@example.com',
  roleCount: 1
}
[2025-12-02T17:11:58.167Z] [App] [INFO] rbac.assign_role.success {
  userId: 'cf43a2bd-8eea-420c-be52-354053e5c043',
  role: 'TEAM_OWNER',
  resourceType: 'team',
  resourceId: '26e2fa6d-1afa-46c9-b63e-e9606054a2cf',
  roleId: '1492a113-4736-433f-ac26-ed2f8e7677fb'
}
[2025-12-02T17:11:58.168Z] [App] [INFO] auth.me.success {
  requestId: 'eac5595f-b3b9-4e37-9230-6542a07bd8db',
  userId: 'cf43a2bd-8eea-420c-be52-354053e5c043',
  email: 'test-me-1764695517970-ef550b00f2ae58@example.com',
  roleCount: 1
}
[2025-12-02T17:11:58.171Z] [App] [INFO] auth.me.success {
  requestId: '968a6474-3177-4428-ae99-ff63a1c1c2aa',
  userId: 'cf43a2bd-8eea-420c-be52-354053e5c043',
  email: 'test-me-1764695517970-ef550b00f2ae58@example.com',
  roleCount: 0
}
[2025-12-02T17:11:58.176Z] [App] [INFO] rbac.assign_role.success {
  userId: 'cf43a2bd-8eea-420c-be52-354053e5c043',
  role: 'TEAM_OWNER',
  resourceType: 'team',
  resourceId: '1d6e25ad-26dc-4027-bb1d-a932ff10688c',
  roleId: '3821c28b-bffc-4d1e-943f-c2849c759f82'
}
[2025-12-02T17:11:58.181Z] [App] [INFO] auth.me.success {
  requestId: '77b29cc0-8217-45fd-93ca-dc730946cdb2',
  userId: 'cf43a2bd-8eea-420c-be52-354053e5c043',
  email: 'test-me-1764695517970-ef550b00f2ae58@example.com',
  roleCount: 1
}
[2025-12-02T17:11:58.187Z] [App] [INFO] rbac.assign_role.success {
  userId: 'cf43a2bd-8eea-420c-be52-354053e5c043',
  role: 'TEAM_OWNER',
  resourceType: 'team',
  resourceId: 'fefe9334-adcd-45c3-a704-f72eb47b73a1',
  roleId: 'afc2df2a-e05e-4074-854c-d5a67398d891'
}
[2025-12-02T17:11:58.190Z] [App] [INFO] rbac.assign_role.success {
  userId: 'cf43a2bd-8eea-420c-be52-354053e5c043',
  role: 'TEAM_ADMIN',
  resourceType: 'team',
  resourceId: '77876856-c98a-4bea-a0a6-6924db08f1c2',
  roleId: 'd727f323-9389-49e7-a7e7-aead3c75b743'
}
[2025-12-02T17:11:58.191Z] [App] [INFO] rbac.assign_role.success {
  userId: 'cf43a2bd-8eea-420c-be52-354053e5c043',
  role: 'TEAM_EDITOR',
  resourceType: 'team',
  resourceId: 'e9b42337-1d99-4c7c-9405-9a7f4c0d16ef',
  roleId: '7de190ea-eec5-4e56-9846-cf119d27c9ee'
}
[2025-12-02T17:11:58.191Z] [App] [INFO] rbac.update_billable_seats { teamId: 'e9b42337-1d99-4c7c-9405-9a7f4c0d16ef', billableSeats: 1 }
[2025-12-02T17:11:58.192Z] [App] [INFO] auth.me.success {
  requestId: '119cda99-bb79-455b-bb4f-9664d80b9ae3',
  userId: 'cf43a2bd-8eea-420c-be52-354053e5c043',
  email: 'test-me-1764695517970-ef550b00f2ae58@example.com',
  roleCount: 3
}
[2025-12-02T17:11:58.194Z] [App] [INFO] rbac.assign_role.success {
  userId: 'cf43a2bd-8eea-420c-be52-354053e5c043',
  role: 'TEAM_OWNER',
  resourceType: 'team',
  resourceId: '7d429051-123f-47e5-a8e0-93b8324a0163',
  roleId: '5da1f639-4e86-4962-8328-b5c3b48052b5'
}
[2025-12-02T17:11:58.196Z] [App] [INFO] rbac.assign_role.success {
  userId: 'cf43a2bd-8eea-420c-be52-354053e5c043',
  role: 'TEAM_ADMIN',
  resourceType: 'team',
  resourceId: 'abd294da-99ab-4f6f-9764-8502d9c58f1d',
  roleId: '25cc2fea-ba9f-4420-afcf-3bfaa9d53ad3'
}
[2025-12-02T17:11:58.197Z] [App] [INFO] rbac.assign_role.success {
  userId: 'cf43a2bd-8eea-420c-be52-354053e5c043',
  role: 'TEAM_EDITOR',
  resourceType: 'team',
  resourceId: '6fd3812c-13a7-4214-bc85-cc1681e74943',
  roleId: 'c4d5200a-1019-40ae-a30f-0f11796285a6'
}
[2025-12-02T17:11:58.198Z] [App] [INFO] rbac.update_billable_seats { teamId: '6fd3812c-13a7-4214-bc85-cc1681e74943', billableSeats: 1 }
[2025-12-02T17:11:58.199Z] [App] [INFO] auth.me.success {
  requestId: '66386b13-41bf-4456-ba60-0e024be345bc',
  userId: 'cf43a2bd-8eea-420c-be52-354053e5c043',
  email: 'test-me-1764695517970-ef550b00f2ae58@example.com',
  roleCount: 3
}
[2025-12-02T17:11:58.201Z] [App] [INFO] rbac.assign_role.success {
  userId: 'cf43a2bd-8eea-420c-be52-354053e5c043',
  role: 'TEAM_OWNER',
  resourceType: 'team',
  resourceId: '050ea14d-bb85-4b9e-8bcc-c0adaa6fcde8',
  roleId: '09543697-a7e5-4d08-98f9-c809d9a1ce2c'
}
[2025-12-02T17:11:58.202Z] [App] [INFO] rbac.assign_role.success {
  userId: 'cf43a2bd-8eea-420c-be52-354053e5c043',
  role: 'TEAM_ADMIN',
  resourceType: 'team',
  resourceId: '53a279fb-d308-47a3-97b9-26f3fef51a2b',
  roleId: '289559cc-b00d-4438-832d-e54628c981e8'
}
[2025-12-02T17:11:58.203Z] [App] [INFO] rbac.assign_role.success {
  userId: 'cf43a2bd-8eea-420c-be52-354053e5c043',
  role: 'TEAM_EDITOR',
  resourceType: 'team',
  resourceId: 'dd423c9a-cffd-47f9-9680-f51ff6880e71',
  roleId: 'c259fe76-d16b-41bd-811c-5599351877a0'
}
[2025-12-02T17:11:58.203Z] [App] [INFO] rbac.update_billable_seats { teamId: 'dd423c9a-cffd-47f9-9680-f51ff6880e71', billableSeats: 1 }
[2025-12-02T17:11:58.206Z] [App] [INFO] auth.me.success {
  requestId: 'e0a7cd30-4328-4540-81a0-d3472dd30818',
  userId: 'cf43a2bd-8eea-420c-be52-354053e5c043',
  email: 'test-me-1764695517970-ef550b00f2ae58@example.com',
  roleCount: 3
}
[2025-12-02T17:11:58.208Z] [App] [INFO] rbac.assign_role.success {
  userId: 'cf43a2bd-8eea-420c-be52-354053e5c043',
  role: 'TEAM_OWNER',
  resourceType: 'team',
  resourceId: '4af7f69b-3b79-4565-9e56-059e0d586c31',
  roleId: 'ab7d17ef-137a-4b26-b243-e732c7925f03'
}
[2025-12-02T17:11:58.209Z] [App] [INFO] auth.me.success {
  requestId: '5bbb087c-d673-4649-adbf-f66130e445e3',
  userId: 'cf43a2bd-8eea-420c-be52-354053e5c043',
  email: 'test-me-1764695517970-ef550b00f2ae58@example.com',
  roleCount: 1
}
[2025-12-02T17:11:58.211Z] [App] [INFO] rbac.assign_role.success {
  userId: 'cf43a2bd-8eea-420c-be52-354053e5c043',
  role: 'TEAM_OWNER',
  resourceType: 'team',
  resourceId: '955f8143-bbfc-488a-bd57-8ad26cf15d67',
  roleId: 'fa29cb5c-9186-4e2a-b7d3-2548cfbde8e2'
}
[2025-12-02T17:11:58.213Z] [App] [INFO] rbac.assign_role.success {
  userId: 'cf43a2bd-8eea-420c-be52-354053e5c043',
  role: 'TEAM_ADMIN',
  resourceType: 'team',
  resourceId: '7e8c1cf9-8ab6-4178-9e3b-4e86bdf9c662',
  roleId: 'e54552f9-143f-4ee9-b6bb-2bd06f17d72b'
}
[2025-12-02T17:11:58.214Z] [App] [INFO] auth.me.success {
  requestId: '22d5dab0-a657-42af-a75d-f4bbef95fef0',
  userId: 'cf43a2bd-8eea-420c-be52-354053e5c043',
  email: 'test-me-1764695517970-ef550b00f2ae58@example.com',
  roleCount: 2
}
[2025-12-02T17:11:58.216Z] [App] [INFO] rbac.assign_role.success {
  userId: 'cf43a2bd-8eea-420c-be52-354053e5c043',
  role: 'TEAM_OWNER',
  resourceType: 'team',
  resourceId: '8ecd9ac6-a50b-4269-8441-27ed23e0f1ed',
  roleId: 'd7a19852-a12f-416a-b207-7bb4ea83897b'
}
[2025-12-02T17:11:58.218Z] [App] [INFO] auth.me.success {
  requestId: '96ac18dd-0a1c-44d8-9d79-e90f189b5a1d',
  userId: 'cf43a2bd-8eea-420c-be52-354053e5c043',
  email: 'test-me-1764695517970-ef550b00f2ae58@example.com',
  roleCount: 1
}
[2025-12-02T17:11:58.220Z] [App] [INFO] rbac.assign_role.success {
  userId: 'cf43a2bd-8eea-420c-be52-354053e5c043',
  role: 'TEAM_OWNER',
  resourceType: 'team',
  resourceId: '2df73280-fcee-4a5b-956c-65fab325290c',
  roleId: '9fccc0d1-3b5a-4dc9-8363-3f3e2f3b7bd9'
}
[2025-12-02T17:11:58.221Z] [App] [INFO] auth.me.success {
  requestId: '9289496f-38be-4635-af57-f224676e976d',
  userId: 'cf43a2bd-8eea-420c-be52-354053e5c043',
  email: 'test-me-1764695517970-ef550b00f2ae58@example.com',
  roleCount: 1
}
[2025-12-02T17:11:58.224Z] [App] [INFO] rbac.assign_role.success {
  userId: 'cf43a2bd-8eea-420c-be52-354053e5c043',
  role: 'TEAM_OWNER',
  resourceType: 'team',
  resourceId: '90bc0ecf-2aa2-4902-8bd5-391279bba58c',
  roleId: 'bddbd916-056e-449c-9b36-e9ed5414a2cd'
}
[2025-12-02T17:11:58.225Z] [App] [INFO] auth.me.success {
  requestId: '2fd817c8-4c6c-42b1-834d-4b7c9029cc40',
  userId: 'cf43a2bd-8eea-420c-be52-354053e5c043',
  email: 'test-me-1764695517970-ef550b00f2ae58@example.com',
  roleCount: 1
}
[2025-12-02T17:11:58.227Z] [App] [INFO] rbac.assign_role.success {
  userId: 'cf43a2bd-8eea-420c-be52-354053e5c043',
  role: 'TEAM_OWNER',
  resourceType: 'team',
  resourceId: '2aae355e-8b76-4e05-8ead-88de75246772',
  roleId: 'f532e62b-3f9b-4063-ac9b-5eecf0cd462e'
}
[2025-12-02T17:11:58.228Z] [App] [INFO] auth.me.success {
  requestId: 'e53b55cb-bdee-4a1b-837f-d8e1e40c1a17',
  userId: 'cf43a2bd-8eea-420c-be52-354053e5c043',
  email: 'test-me-1764695517970-ef550b00f2ae58@example.com',
  roleCount: 1
}
[2025-12-02T17:11:58.231Z] [App] [INFO] rbac.assign_role.success {
  userId: 'cf43a2bd-8eea-420c-be52-354053e5c043',
  role: 'TEAM_OWNER',
  resourceType: 'team',
  resourceId: '803204e7-d0ca-4900-b0a5-7d4cdd734894',
  roleId: '697e8cf1-e475-4cc5-b7f4-e3c5b724a48f'
}
[2025-12-02T17:11:58.232Z] [App] [INFO] rbac.assign_role.success {
  userId: 'cf43a2bd-8eea-420c-be52-354053e5c043',
  role: 'TEAM_ADMIN',
  resourceType: 'team',
  resourceId: '621a1c81-5e68-4125-b0f3-0e029e20f8a3',
  roleId: '504b51e4-72ba-4768-8953-fa0691eaf15a'
}
[2025-12-02T17:11:58.234Z] [App] [INFO] auth.me.success {
  requestId: '6b4de470-b462-4a04-a7ba-910c422ea881',
  userId: 'cf43a2bd-8eea-420c-be52-354053e5c043',
  email: 'test-me-1764695517970-ef550b00f2ae58@example.com',
  roleCount: 2
}
[2025-12-02T17:11:58.237Z] [App] [INFO] rbac.assign_role.success {
  userId: 'cf43a2bd-8eea-420c-be52-354053e5c043',
  role: 'TEAM_OWNER',
  resourceType: 'team',
  resourceId: '0b392508-143f-4323-aefe-058aafd25e2c',
  roleId: 'c82c4f3a-30e8-4e0c-a471-f56d6a34cd0b'
}
[2025-12-02T17:11:58.240Z] [App] [INFO] rbac.assign_role.success {
  userId: 'cf43a2bd-8eea-420c-be52-354053e5c043',
  role: 'TEAM_ADMIN',
  resourceType: 'team',
  resourceId: '41ac120d-a22e-4593-acad-498b3c086bd4',
  roleId: 'e338dd7c-715d-4f76-bd5b-95f7d16927bb'
}
[2025-12-02T17:11:58.243Z] [App] [INFO] rbac.assign_role.success {
  userId: 'cf43a2bd-8eea-420c-be52-354053e5c043',
  role: 'TEAM_EDITOR',
  resourceType: 'team',
  resourceId: '9a50268e-e078-48be-9970-fde5ace12f89',
  roleId: 'b7b80831-6ee2-4a10-9551-2c68720ef533'
}
[2025-12-02T17:11:58.244Z] [App] [INFO] rbac.update_billable_seats { teamId: '9a50268e-e078-48be-9970-fde5ace12f89', billableSeats: 1 }
[2025-12-02T17:11:58.247Z] [App] [INFO] auth.me.success {
  requestId: '1589b981-29fe-406a-a522-d13dafed3786',
  userId: 'cf43a2bd-8eea-420c-be52-354053e5c043',
  email: 'test-me-1764695517970-ef550b00f2ae58@example.com',
  roleCount: 3
}
[2025-12-02T17:11:58.252Z] [App] [INFO] rbac.assign_role.success {
  userId: 'cf43a2bd-8eea-420c-be52-354053e5c043',
  role: 'TEAM_OWNER',
  resourceType: 'team',
  resourceId: '6cbbe976-6bb1-48d5-97bf-13ee89eaad9e',
  roleId: '240cc246-765f-470e-ae2f-b2e8725c8e06'
}
[2025-12-02T17:11:58.253Z] [App] [INFO] rbac.assign_role.success {
  userId: 'cf43a2bd-8eea-420c-be52-354053e5c043',
  role: 'TEAM_ADMIN',
  resourceType: 'team',
  resourceId: '392d2883-43e7-48fa-a56f-124b560bcacb',
  roleId: 'e96276b4-a70c-4d01-9b8f-af25664bf0ab'
}
[2025-12-02T17:11:58.254Z] [App] [INFO] rbac.assign_role.success {
  userId: 'cf43a2bd-8eea-420c-be52-354053e5c043',
  role: 'TEAM_EDITOR',
  resourceType: 'team',
  resourceId: '2fa7613d-d95c-40f4-bef0-6a69fd591b79',
  roleId: '15635ed6-1537-4c37-9062-802986a9b07d'
}
[2025-12-02T17:11:58.254Z] [App] [INFO] rbac.update_billable_seats { teamId: '2fa7613d-d95c-40f4-bef0-6a69fd591b79', billableSeats: 1 }
[2025-12-02T17:11:58.256Z] [App] [INFO] auth.me.success {
  requestId: 'a6eecffa-1a00-49ab-8023-f413838a717a',
  userId: 'cf43a2bd-8eea-420c-be52-354053e5c043',
  email: 'test-me-1764695517970-ef550b00f2ae58@example.com',
  roleCount: 3
}
[2025-12-02T17:11:58.258Z] [App] [INFO] rbac.assign_role.success {
  userId: 'cf43a2bd-8eea-420c-be52-354053e5c043',
  role: 'TEAM_OWNER',
  resourceType: 'team',
  resourceId: '02e21d84-bdc2-478f-a135-daafd62d1d7e',
  roleId: '0483032d-5f8e-4ca5-af8f-bf242cb34a98'
}
[2025-12-02T17:11:58.259Z] [App] [INFO] rbac.assign_role.success {
  userId: 'cf43a2bd-8eea-420c-be52-354053e5c043',
  role: 'TEAM_ADMIN',
  resourceType: 'team',
  resourceId: '880a4620-13e2-4916-8462-ae0432d036bc',
  roleId: '5e428aaf-55d6-448a-8f0f-36fe590a60bb'
}
[2025-12-02T17:11:58.260Z] [App] [INFO] rbac.assign_role.success {
  userId: 'cf43a2bd-8eea-420c-be52-354053e5c043',
  role: 'TEAM_EDITOR',
  resourceType: 'team',
  resourceId: '2c392551-b29a-4560-a078-e481905d712d',
  roleId: '36abb0ba-b117-4dfe-a6cd-77b9ba25da04'
}
[2025-12-02T17:11:58.260Z] [App] [INFO] rbac.update_billable_seats { teamId: '2c392551-b29a-4560-a078-e481905d712d', billableSeats: 1 }
[2025-12-02T17:11:58.263Z] [App] [INFO] auth.me.success {
  requestId: 'e3955843-6388-4516-b372-4e471da4b953',
  userId: 'cf43a2bd-8eea-420c-be52-354053e5c043',
  email: 'test-me-1764695517970-ef550b00f2ae58@example.com',
  roleCount: 3
}
[2025-12-02T17:11:58.266Z] [App] [INFO] rbac.assign_role.success {
  userId: 'cf43a2bd-8eea-420c-be52-354053e5c043',
  role: 'TEAM_OWNER',
  resourceType: 'team',
  resourceId: '937ade53-8efa-481c-9031-41024d84c35f',
  roleId: '5ca184af-18df-496a-8f79-8190dc7e3a3a'
}
[2025-12-02T17:11:58.270Z] [App] [INFO] auth.me.success {
  requestId: '6075d381-4aba-4df8-8fbc-af86c16967a1',
  userId: 'cf43a2bd-8eea-420c-be52-354053e5c043',
  email: 'test-me-1764695517970-ef550b00f2ae58@example.com',
  roleCount: 1
}
[2025-12-02T17:11:58.278Z] [App] [INFO] rbac.assign_role.success {
  userId: 'cf43a2bd-8eea-420c-be52-354053e5c043',
  role: 'TEAM_OWNER',
  resourceType: 'team',
  resourceId: 'dc07cb83-3f27-4e72-a624-6e89d6a5bcb5',
  roleId: 'b402f0f3-cf95-4406-b625-d1ae9c27e2e4'
}
[2025-12-02T17:11:58.280Z] [App] [INFO] auth.me.success {
  requestId: '03e1d8a6-a5d1-41e1-8e2b-3692ae9a7c3e',
  userId: 'cf43a2bd-8eea-420c-be52-354053e5c043',
  email: 'test-me-1764695517970-ef550b00f2ae58@example.com',
  roleCount: 1
}
[2025-12-02T17:11:58.282Z] [App] [INFO] rbac.assign_role.success {
  userId: 'cf43a2bd-8eea-420c-be52-354053e5c043',
  role: 'TEAM_OWNER',
  resourceType: 'team',
  resourceId: 'b2f313f9-de16-4f27-9d96-43a35a7ad8fe',
  roleId: 'ab9f0d87-08eb-4e32-92ea-f6ef3fe80258'
}
[2025-12-02T17:11:58.284Z] [App] [INFO] auth.me.success {
  requestId: '21acf516-d219-49e1-9d2b-20f83805d956',
  userId: 'cf43a2bd-8eea-420c-be52-354053e5c043',
  email: 'test-me-1764695517970-ef550b00f2ae58@example.com',
  roleCount: 1
}
[2025-12-02T17:11:58.286Z] [App] [INFO] rbac.assign_role.success {
  userId: 'cf43a2bd-8eea-420c-be52-354053e5c043',
  role: 'TEAM_OWNER',
  resourceType: 'team',
  resourceId: '48ef674d-28f1-499f-ae2d-afa8c5d13831',
  roleId: '9b19de53-2dd0-45a7-b5e2-e1f693c0818b'
}
[2025-12-02T17:11:58.286Z] [App] [INFO] rbac.assign_role.success {
  userId: 'cf43a2bd-8eea-420c-be52-354053e5c043',
  role: 'TEAM_ADMIN',
  resourceType: 'team',
  resourceId: 'a73db0e1-9348-4c1c-b982-2526b7765f5f',
  roleId: '9fb60c25-91d2-4434-8f59-f6731d9e693c'
}
[2025-12-02T17:11:58.287Z] [App] [INFO] rbac.assign_role.success {
  userId: 'cf43a2bd-8eea-420c-be52-354053e5c043',
  role: 'TEAM_EDITOR',
  resourceType: 'team',
  resourceId: '66727c59-b9e0-4bee-88c3-ef1e5ce42c55',
  roleId: '531132f6-8747-4752-a4e0-14e71389645d'
}
[2025-12-02T17:11:58.289Z] [App] [INFO] rbac.update_billable_seats { teamId: '66727c59-b9e0-4bee-88c3-ef1e5ce42c55', billableSeats: 1 }
[2025-12-02T17:11:58.291Z] [App] [INFO] auth.me.success {
  requestId: 'b7657fe6-e517-4785-9f04-8dcc1636d5bd',
  userId: 'cf43a2bd-8eea-420c-be52-354053e5c043',
  email: 'test-me-1764695517970-ef550b00f2ae58@example.com',
  roleCount: 3
}
[2025-12-02T17:11:58.309Z] [App] [INFO] rbac.assign_role.success {
  userId: 'cf43a2bd-8eea-420c-be52-354053e5c043',
  role: 'TEAM_OWNER',
  resourceType: 'team',
  resourceId: 'fd6d39f2-292c-46f8-96a3-d69b1bc3676c',
  roleId: '8e07603e-40bb-4566-a3aa-d5784a41a100'
}
[2025-12-02T17:11:58.318Z] [App] [INFO] auth.me.success {
  requestId: '0b90ed63-2d90-4011-8bce-006e444a79dd',
  userId: 'cf43a2bd-8eea-420c-be52-354053e5c043',
  email: 'test-me-1764695517970-ef550b00f2ae58@example.com',
  roleCount: 1
}
[2025-12-02T17:11:58.326Z] [App] [INFO] auth.me.success {
  requestId: '7db01137-e8b6-4913-899a-ab2846b3bf3e',
  userId: 'cf43a2bd-8eea-420c-be52-354053e5c043',
  email: 'test-me-1764695517970-ef550b00f2ae58@example.com',
  roleCount: 0
}
[2025-12-02T17:11:58.349Z] [App] [INFO] rbac.assign_role.success {
  userId: 'cf43a2bd-8eea-420c-be52-354053e5c043',
  role: 'TEAM_OWNER',
  resourceType: 'team',
  resourceId: 'b5f230c6-3a1a-466c-ac29-57d62d880203',
  roleId: '5633bfff-8b75-4bde-a4a4-41a972c9102f'
}
[2025-12-02T17:11:58.351Z] [App] [INFO] rbac.assign_role.success {
  userId: 'cf43a2bd-8eea-420c-be52-354053e5c043',
  role: 'TEAM_ADMIN',
  resourceType: 'team',
  resourceId: 'c606e9e8-1441-4312-b530-6385c657638c',
  roleId: '8a42ab20-d644-4a64-aed9-294574081f9f'
}
[2025-12-02T17:11:58.415Z] [App] [INFO] auth.me.success {
  requestId: '1090d993-9a15-4f7d-b6f5-2e2289d3e3aa',
  userId: 'cf43a2bd-8eea-420c-be52-354053e5c043',
  email: 'test-me-1764695517970-ef550b00f2ae58@example.com',
  roleCount: 2
}
[2025-12-02T17:11:58.418Z] [App] [INFO] auth.me.success {
  requestId: '87e0b7c1-d3d9-4351-858c-874fec3de491',
  userId: 'cf43a2bd-8eea-420c-be52-354053e5c043',
  email: 'test-me-1764695517970-ef550b00f2ae58@example.com',
  roleCount: 0
}
[2025-12-02T17:11:58.423Z] [App] [INFO] auth.me.success {
  requestId: '4f7777c9-3d1c-47a2-b82d-323c54af93e2',
  userId: 'cf43a2bd-8eea-420c-be52-354053e5c043',
  email: 'test-me-1764695517970-ef550b00f2ae58@example.com',
  roleCount: 0
}
[2025-12-02T17:11:58.425Z] [App] [INFO] rbac.assign_role.success {
  userId: 'cf43a2bd-8eea-420c-be52-354053e5c043',
  role: 'TEAM_OWNER',
  resourceType: 'team',
  resourceId: '1792db20-d100-4665-9cd2-49f4ed450dfd',
  roleId: '3f696b3a-6fb6-416d-ac51-603f0dfd08fe'
}
[2025-12-02T17:11:58.426Z] [App] [INFO] rbac.assign_role.success {
  userId: 'cf43a2bd-8eea-420c-be52-354053e5c043',
  role: 'TEAM_ADMIN',
  resourceType: 'team',
  resourceId: '3fd57786-9e2e-46b5-963a-f1bcc6452f0b',
  roleId: '418f78ac-b667-4783-a7ab-b079de3365a5'
}
[2025-12-02T17:11:58.427Z] [App] [INFO] auth.me.success {
  requestId: 'b091e5bc-1d08-4b5d-aadb-8c44cc3327a2',
  userId: 'cf43a2bd-8eea-420c-be52-354053e5c043',
  email: 'test-me-1764695517970-ef550b00f2ae58@example.com',
  roleCount: 2
}
[2025-12-02T17:11:58.445Z] [App] [INFO] rbac.assign_role.success {
  userId: 'cf43a2bd-8eea-420c-be52-354053e5c043',
  role: 'TEAM_OWNER',
  resourceType: 'team',
  resourceId: '251943de-0be5-4029-b455-cf35322e7502',
  roleId: '3cec3070-84b5-40ac-bd2f-dba36c3ed9b9'
}
[2025-12-02T17:11:58.446Z] [App] [INFO] rbac.assign_role.success {
  userId: 'cf43a2bd-8eea-420c-be52-354053e5c043',
  role: 'TEAM_ADMIN',
  resourceType: 'team',
  resourceId: '8fa7cdb5-045b-4908-b73a-d599b5473ec8',
  roleId: 'ecdbc3eb-3599-4424-a953-15ad24a6d18d'
}
[2025-12-02T17:11:58.447Z] [App] [INFO] rbac.assign_role.success {
  userId: 'cf43a2bd-8eea-420c-be52-354053e5c043',
  role: 'TEAM_EDITOR',
  resourceType: 'team',
  resourceId: 'ed936396-505a-48ab-a453-8ab1b80fc92c',
  roleId: '9e56b976-8c13-49a9-9ac7-37011d001ef6'
}
[2025-12-02T17:11:58.447Z] [App] [INFO] rbac.update_billable_seats { teamId: 'ed936396-505a-48ab-a453-8ab1b80fc92c', billableSeats: 1 }
[2025-12-02T17:11:58.448Z] [App] [INFO] auth.me.success {
  requestId: '75a3c735-3f35-4ec3-ae9b-4d0814d5c2be',
  userId: 'cf43a2bd-8eea-420c-be52-354053e5c043',
  email: 'test-me-1764695517970-ef550b00f2ae58@example.com',
  roleCount: 3
}
[2025-12-02T17:11:58.476Z] [App] [INFO] rbac.assign_role.success {
  userId: 'cf43a2bd-8eea-420c-be52-354053e5c043',
  role: 'TEAM_OWNER',
  resourceType: 'team',
  resourceId: 'dda7e7e6-5139-4e1c-801c-bb4ca66d76cd',
  roleId: '1ce0887e-d272-45e4-8616-79fa8369132d'
}
[2025-12-02T17:11:58.490Z] [App] [INFO] auth.me.success {
  requestId: 'b83cfb1f-26bd-4557-8a8b-c0bcadaa8e01',
  userId: 'cf43a2bd-8eea-420c-be52-354053e5c043',
  email: 'test-me-1764695517970-ef550b00f2ae58@example.com',
  roleCount: 1
}
[2025-12-02T17:11:58.504Z] [App] [INFO] rbac.assign_role.success {
  userId: 'cf43a2bd-8eea-420c-be52-354053e5c043',
  role: 'TEAM_OWNER',
  resourceType: 'team',
  resourceId: 'bb91cf06-8b25-4ed6-87cc-682f18ccafee',
  roleId: '5c6e3452-a22b-4499-812a-a011a6a8c6a2'
}
[2025-12-02T17:11:58.506Z] [App] [INFO] auth.me.success {
  requestId: '86bbfa90-8bd4-4e5b-be23-c8ee695515ce',
  userId: 'cf43a2bd-8eea-420c-be52-354053e5c043',
  email: 'test-me-1764695517970-ef550b00f2ae58@example.com',
  roleCount: 1
}
[2025-12-02T17:11:58.529Z] [App] [INFO] rbac.assign_role.success {
  userId: 'cf43a2bd-8eea-420c-be52-354053e5c043',
  role: 'TEAM_OWNER',
  resourceType: 'team',
  resourceId: 'a1e95493-a41a-4c26-8267-71378cc70d76',
  roleId: 'c3f951b8-e2a3-433c-97eb-ff9400ec17b2'
}
[2025-12-02T17:11:58.533Z] [App] [INFO] rbac.assign_role.success {
  userId: 'cf43a2bd-8eea-420c-be52-354053e5c043',
  role: 'TEAM_ADMIN',
  resourceType: 'team',
  resourceId: 'bf90b8b6-c3c4-4151-bf41-d7f63807febc',
  roleId: '17931fe8-8950-456e-b8b2-d686db262be2'
}
[2025-12-02T17:11:58.535Z] [App] [INFO] auth.me.success {
  requestId: '595332a0-60c9-47c4-8ca0-4a325cfc7f3d',
  userId: 'cf43a2bd-8eea-420c-be52-354053e5c043',
  email: 'test-me-1764695517970-ef550b00f2ae58@example.com',
  roleCount: 2
}
[2025-12-02T17:11:58.542Z] [App] [INFO] rbac.assign_role.success {
  userId: 'cf43a2bd-8eea-420c-be52-354053e5c043',
  role: 'TEAM_OWNER',
  resourceType: 'team',
  resourceId: '31e7cee5-5f6e-403d-a818-baaa6ee00d5d',
  roleId: '42c8583f-0ffa-494f-90c0-8e67ecbfe46a'
}
[2025-12-02T17:11:58.543Z] [App] [INFO] auth.me.success {
  requestId: '71f8f9e7-5398-4acb-8e96-19bf4956478f',
  userId: 'cf43a2bd-8eea-420c-be52-354053e5c043',
  email: 'test-me-1764695517970-ef550b00f2ae58@example.com',
  roleCount: 1
}
[2025-12-02T17:11:58.556Z] [App] [INFO] auth.me.success {
  requestId: '6fdd120d-f213-4eae-ba41-634a831aebe3',
  userId: 'cf43a2bd-8eea-420c-be52-354053e5c043',
  email: 'test-me-1764695517970-ef550b00f2ae58@example.com',
  roleCount: 0
}
[2025-12-02T17:11:58.561Z] [App] [INFO] rbac.assign_role.success {
  userId: 'cf43a2bd-8eea-420c-be52-354053e5c043',
  role: 'TEAM_OWNER',
  resourceType: 'team',
  resourceId: '3661df06-cff8-4dd7-85c8-a5d8af42c4eb',
  roleId: '01ccbc75-4615-4e67-9256-c7968ad3122b'
}
[2025-12-02T17:11:58.562Z] [App] [INFO] rbac.assign_role.success {
  userId: 'cf43a2bd-8eea-420c-be52-354053e5c043',
  role: 'TEAM_ADMIN',
  resourceType: 'team',
  resourceId: 'cc93d626-4dba-4b4c-8c51-c8dfbc1b303d',
  roleId: 'feba9548-0a7e-4566-82eb-547b8e26677f'
}
[2025-12-02T17:11:58.563Z] [App] [INFO] rbac.assign_role.success {
  userId: 'cf43a2bd-8eea-420c-be52-354053e5c043',
  role: 'TEAM_EDITOR',
  resourceType: 'team',
  resourceId: 'b7fc9262-f31b-4f76-a272-5b50f6c8013f',
  roleId: '7cf9dec6-285b-4e80-bc47-ad24a3371adf'
}
[2025-12-02T17:11:58.565Z] [App] [INFO] rbac.update_billable_seats { teamId: 'b7fc9262-f31b-4f76-a272-5b50f6c8013f', billableSeats: 1 }
[2025-12-02T17:11:58.567Z] [App] [INFO] auth.me.success {
  requestId: 'c6b98ee5-5d38-44fe-9796-d6ea56d6df6e',
  userId: 'cf43a2bd-8eea-420c-be52-354053e5c043',
  email: 'test-me-1764695517970-ef550b00f2ae58@example.com',
  roleCount: 3
}
[2025-12-02T17:11:58.569Z] [App] [INFO] auth.me.success {
  requestId: '8d111175-736e-4f9e-ab6b-039f83df8870',
  userId: 'cf43a2bd-8eea-420c-be52-354053e5c043',
  email: 'test-me-1764695517970-ef550b00f2ae58@example.com',
  roleCount: 0
}
[2025-12-02T17:11:58.571Z] [App] [INFO] rbac.assign_role.success {
  userId: 'cf43a2bd-8eea-420c-be52-354053e5c043',
  role: 'TEAM_OWNER',
  resourceType: 'team',
  resourceId: 'bb8e461a-c4ae-42b6-b718-ed34078a25b9',
  roleId: 'e7ad235f-9d4c-44d7-88b8-1be58275d86d'
}
[2025-12-02T17:11:58.571Z] [App] [INFO] rbac.assign_role.success {
  userId: 'cf43a2bd-8eea-420c-be52-354053e5c043',
  role: 'TEAM_ADMIN',
  resourceType: 'team',
  resourceId: '8333bceb-5fc3-4afb-b53a-eeba60afe31c',
  roleId: 'b644d87f-5372-42b1-909a-c2097336cc7a'
}
[2025-12-02T17:11:58.572Z] [App] [INFO] rbac.assign_role.success {
  userId: 'cf43a2bd-8eea-420c-be52-354053e5c043',
  role: 'TEAM_EDITOR',
  resourceType: 'team',
  resourceId: 'b09e6b80-f7be-4d6f-9bd2-ef4a949606da',
  roleId: '591453cf-e318-4ee6-9425-c519550ef660'
}
[2025-12-02T17:11:58.572Z] [App] [INFO] rbac.update_billable_seats { teamId: 'b09e6b80-f7be-4d6f-9bd2-ef4a949606da', billableSeats: 1 }
[2025-12-02T17:11:58.573Z] [App] [INFO] auth.me.success {
  requestId: '15ed774a-cfeb-4076-9969-ba1de4711f39',
  userId: 'cf43a2bd-8eea-420c-be52-354053e5c043',
  email: 'test-me-1764695517970-ef550b00f2ae58@example.com',
  roleCount: 3
}
[2025-12-02T17:11:58.575Z] [App] [INFO] rbac.assign_role.success {
  userId: 'cf43a2bd-8eea-420c-be52-354053e5c043',
  role: 'TEAM_OWNER',
  resourceType: 'team',
  resourceId: '8c63003e-61bf-4980-bfd6-bfd18b871427',
  roleId: '1d97e29b-89b2-4a4c-88d5-7e8ead02a5ff'
}
[2025-12-02T17:11:58.575Z] [App] [INFO] auth.me.success {
  requestId: 'adca44a3-446e-4764-940c-df51e02e5c12',
  userId: 'cf43a2bd-8eea-420c-be52-354053e5c043',
  email: 'test-me-1764695517970-ef550b00f2ae58@example.com',
  roleCount: 1
}
[2025-12-02T17:11:58.577Z] [App] [INFO] rbac.assign_role.success {
  userId: 'cf43a2bd-8eea-420c-be52-354053e5c043',
  role: 'TEAM_OWNER',
  resourceType: 'team',
  resourceId: 'aa2acec8-c306-453e-9f28-553838f90c75',
  roleId: 'cb619734-2bf8-4acd-a22b-676499880443'
}
[2025-12-02T17:11:58.580Z] [App] [INFO] rbac.assign_role.success {
  userId: 'cf43a2bd-8eea-420c-be52-354053e5c043',
  role: 'TEAM_ADMIN',
  resourceType: 'team',
  resourceId: '95fb0353-6934-456e-b6c1-5af65e4788c9',
  roleId: '51e95faa-d6de-4469-b2fe-28e005ffbbec'
}
[2025-12-02T17:11:58.587Z] [App] [INFO] auth.me.success {
  requestId: '596ae33c-bf9c-4068-8841-afc7e4a147a0',
  userId: 'cf43a2bd-8eea-420c-be52-354053e5c043',
  email: 'test-me-1764695517970-ef550b00f2ae58@example.com',
  roleCount: 2
}
[2025-12-02T17:11:58.589Z] [App] [INFO] rbac.assign_role.success {
  userId: 'cf43a2bd-8eea-420c-be52-354053e5c043',
  role: 'TEAM_OWNER',
  resourceType: 'team',
  resourceId: '790fe01e-2d75-4709-9fe7-5297fb359d0d',
  roleId: '8240ded0-9435-4513-b602-46998adaeaf3'
}
[2025-12-02T17:11:58.591Z] [App] [INFO] rbac.assign_role.success {
  userId: 'cf43a2bd-8eea-420c-be52-354053e5c043',
  role: 'TEAM_ADMIN',
  resourceType: 'team',
  resourceId: '6686e964-9e60-446e-9012-a4092dc4f416',
  roleId: 'fd852bbf-a386-4236-83ff-3e1b6099bd04'
}
[2025-12-02T17:11:58.599Z] [App] [INFO] auth.me.success {
  requestId: '8c2582f9-68b0-4cbf-b47e-711ba9d38a2a',
  userId: 'cf43a2bd-8eea-420c-be52-354053e5c043',
  email: 'test-me-1764695517970-ef550b00f2ae58@example.com',
  roleCount: 2
}
[2025-12-02T17:11:58.616Z] [App] [INFO] auth.me.success {
  requestId: '58b64f18-bdb9-4714-ac6e-7c680b3f5d95',
  userId: 'cf43a2bd-8eea-420c-be52-354053e5c043',
  email: 'test-me-1764695517970-ef550b00f2ae58@example.com',
  roleCount: 0
}
[2025-12-02T17:11:58.620Z] [App] [INFO] auth.me.success {
  requestId: 'f76b05e8-6a78-41a5-9f6e-0599f8e586a4',
  userId: 'cf43a2bd-8eea-420c-be52-354053e5c043',
  email: 'test-me-1764695517970-ef550b00f2ae58@example.com',
  roleCount: 0
}
[2025-12-02T17:11:58.623Z] [App] [INFO] rbac.assign_role.success {
  userId: 'cf43a2bd-8eea-420c-be52-354053e5c043',
  role: 'TEAM_OWNER',
  resourceType: 'team',
  resourceId: 'a1f0f09f-28ff-4d43-bc91-9515dde8bb0b',
  roleId: '6a9cfe5d-aa48-45cc-b1c9-9c3e65d438cf'
}
[2025-12-02T17:11:58.642Z] [App] [INFO] rbac.assign_role.success {
  userId: 'cf43a2bd-8eea-420c-be52-354053e5c043',
  role: 'TEAM_ADMIN',
  resourceType: 'team',
  resourceId: '6faa4933-534b-4d0d-aa70-ce58625e40ec',
  roleId: '59a998dc-53ab-49c4-ae37-b6e3da6f47f1'
}
[2025-12-02T17:11:58.649Z] [App] [INFO] auth.me.success {
  requestId: '023e6b2b-e125-4253-ab6a-13a0d426af21',
  userId: 'cf43a2bd-8eea-420c-be52-354053e5c043',
  email: 'test-me-1764695517970-ef550b00f2ae58@example.com',
  roleCount: 2
}
[2025-12-02T17:11:58.664Z] [App] [INFO] rbac.assign_role.success {
  userId: 'cf43a2bd-8eea-420c-be52-354053e5c043',
  role: 'TEAM_OWNER',
  resourceType: 'team',
  resourceId: 'd03e0f31-237a-48d4-9712-9565ac8cf0ee',
  roleId: 'b3c40ff9-49bf-4d49-b28b-529953c2e90f'
}
[2025-12-02T17:11:58.666Z] [App] [INFO] rbac.assign_role.success {
  userId: 'cf43a2bd-8eea-420c-be52-354053e5c043',
  role: 'TEAM_ADMIN',
  resourceType: 'team',
  resourceId: 'f8504eb1-fd94-41fc-a325-8e1b4dee6ab0',
  roleId: '3a031b3a-da9a-4aa3-9ed5-fd6fa635ef97'
}
[2025-12-02T17:11:58.668Z] [App] [INFO] auth.me.success {
  requestId: '0ab92c04-f739-4e08-944b-5e25cf6313fa',
  userId: 'cf43a2bd-8eea-420c-be52-354053e5c043',
  email: 'test-me-1764695517970-ef550b00f2ae58@example.com',
  roleCount: 2
}
[2025-12-02T17:11:58.673Z] [App] [INFO] rbac.assign_role.success {
  userId: 'cf43a2bd-8eea-420c-be52-354053e5c043',
  role: 'TEAM_OWNER',
  resourceType: 'team',
  resourceId: '1415e4d8-3f2f-40f7-b0d9-54c06f0a8e85',
  roleId: '0c9babfc-8ba9-4e16-94ea-42fa247cb3e0'
}
[2025-12-02T17:11:58.677Z] [App] [INFO] auth.me.success {
  requestId: '7e68144d-f955-45e1-a3e1-edb1d50a9f91',
  userId: 'cf43a2bd-8eea-420c-be52-354053e5c043',
  email: 'test-me-1764695517970-ef550b00f2ae58@example.com',
  roleCount: 1
}
[2025-12-02T17:11:58.696Z] [App] [INFO] rbac.assign_role.success {
  userId: 'cf43a2bd-8eea-420c-be52-354053e5c043',
  role: 'TEAM_OWNER',
  resourceType: 'team',
  resourceId: '5ec66da6-2887-424e-bb06-d2d5a7a280b6',
  roleId: '56704d8b-6deb-49bc-9f4a-3072c7ea5359'
}
[2025-12-02T17:11:58.706Z] [App] [INFO] rbac.assign_role.success {
  userId: 'cf43a2bd-8eea-420c-be52-354053e5c043',
  role: 'TEAM_ADMIN',
  resourceType: 'team',
  resourceId: 'a826a413-5384-49c7-96b7-7034302acedf',
  roleId: 'cc9136c9-2f91-4dc1-b6b3-6f0037cb5115'
}
[2025-12-02T17:11:58.709Z] [App] [INFO] rbac.assign_role.success {
  userId: 'cf43a2bd-8eea-420c-be52-354053e5c043',
  role: 'TEAM_EDITOR',
  resourceType: 'team',
  resourceId: '200eab87-1c7b-4874-807d-30a960a24bc5',
  roleId: '43c752e4-3a83-4953-ad01-0cc4453a5d04'
}
[2025-12-02T17:11:58.714Z] [App] [INFO] rbac.update_billable_seats { teamId: '200eab87-1c7b-4874-807d-30a960a24bc5', billableSeats: 1 }
[2025-12-02T17:11:58.717Z] [App] [INFO] auth.me.success {
  requestId: '69d025db-6da8-4f2a-bfec-c5525f24c5ed',
  userId: 'cf43a2bd-8eea-420c-be52-354053e5c043',
  email: 'test-me-1764695517970-ef550b00f2ae58@example.com',
  roleCount: 3
}
[2025-12-02T17:11:58.719Z] [App] [INFO] rbac.assign_role.success {
  userId: 'cf43a2bd-8eea-420c-be52-354053e5c043',
  role: 'TEAM_OWNER',
  resourceType: 'team',
  resourceId: '2aefb1d6-2f26-42bf-bc4b-60382376677b',
  roleId: '7f03e7b4-1637-4f3a-ab37-a5b06416810f'
}
[2025-12-02T17:11:58.720Z] [App] [INFO] auth.me.success {
  requestId: 'e078f8f0-1d51-4d8e-bfa9-14653d6ffb59',
  userId: 'cf43a2bd-8eea-420c-be52-354053e5c043',
  email: 'test-me-1764695517970-ef550b00f2ae58@example.com',
  roleCount: 1
}
[2025-12-02T17:11:58.722Z] [App] [INFO] rbac.assign_role.success {
  userId: 'cf43a2bd-8eea-420c-be52-354053e5c043',
  role: 'TEAM_OWNER',
  resourceType: 'team',
  resourceId: '7c96c019-5ddb-46a2-ad0a-0d04dce44b30',
  roleId: '4e773f0e-961a-47c9-b8a1-6b11c31a9eaa'
}
[2025-12-02T17:11:58.723Z] [App] [INFO] auth.me.success {
  requestId: '104dacb1-cd8b-478d-9197-7ca68f6b26f7',
  userId: 'cf43a2bd-8eea-420c-be52-354053e5c043',
  email: 'test-me-1764695517970-ef550b00f2ae58@example.com',
  roleCount: 1
}
[2025-12-02T17:11:58.724Z] [App] [INFO] rbac.assign_role.success {
  userId: 'cf43a2bd-8eea-420c-be52-354053e5c043',
  role: 'TEAM_OWNER',
  resourceType: 'team',
  resourceId: 'af4b1b99-82e9-49f0-80df-43f42e072202',
  roleId: '7553478f-b6c8-43b8-bccb-5c0c62e512d2'
}
[2025-12-02T17:11:58.725Z] [App] [INFO] rbac.assign_role.success {
  userId: 'cf43a2bd-8eea-420c-be52-354053e5c043',
  role: 'TEAM_ADMIN',
  resourceType: 'team',
  resourceId: 'fbd78778-9ba4-43ad-858f-7b693e7678f7',
  roleId: 'a8227058-571e-43a4-94f8-92bf9525d3b7'
}
[2025-12-02T17:11:58.725Z] [App] [INFO] rbac.assign_role.success {
  userId: 'cf43a2bd-8eea-420c-be52-354053e5c043',
  role: 'TEAM_EDITOR',
  resourceType: 'team',
  resourceId: '8641814f-e338-4af7-b7c6-1a03ea25b9b7',
  roleId: '8228108b-9c90-42de-b366-99ae03811c98'
}
[2025-12-02T17:11:58.725Z] [App] [INFO] rbac.update_billable_seats { teamId: '8641814f-e338-4af7-b7c6-1a03ea25b9b7', billableSeats: 1 }
[2025-12-02T17:11:58.726Z] [App] [INFO] auth.me.success {
  requestId: 'fc48f90c-4db9-4508-83b8-2d98c1c14788',
  userId: 'cf43a2bd-8eea-420c-be52-354053e5c043',
  email: 'test-me-1764695517970-ef550b00f2ae58@example.com',
  roleCount: 3
}
[2025-12-02T17:11:58.731Z] [App] [INFO] auth.me.success {
  requestId: 'e13d0b7c-8e7c-48df-9cb6-fcf77697c3d4',
  userId: 'cf43a2bd-8eea-420c-be52-354053e5c043',
  email: 'test-me-1764695517970-ef550b00f2ae58@example.com',
  roleCount: 0
}
[2025-12-02T17:11:58.740Z] [App] [INFO] rbac.assign_role.success {
  userId: 'cf43a2bd-8eea-420c-be52-354053e5c043',
  role: 'TEAM_OWNER',
  resourceType: 'team',
  resourceId: '013d526e-5581-4e4c-be02-4747b7e25470',
  roleId: '4b503fec-24ee-4818-b883-3dad59f79f4c'
}
[2025-12-02T17:11:58.751Z] [App] [INFO] auth.me.success {
  requestId: 'eadf8378-91be-4a1e-a3a8-f9e20418b55c',
  userId: 'cf43a2bd-8eea-420c-be52-354053e5c043',
  email: 'test-me-1764695517970-ef550b00f2ae58@example.com',
  roleCount: 1
}
[2025-12-02T17:11:58.799Z] [App] [INFO] auth.me.success {
  requestId: '3a58edad-77f6-4c2a-b1c3-abfcb5718712',
  userId: 'cf43a2bd-8eea-420c-be52-354053e5c043',
  email: 'test-me-1764695517970-ef550b00f2ae58@example.com',
  roleCount: 0
}
[2025-12-02T17:11:58.802Z] [App] [INFO] rbac.assign_role.success {
  userId: 'cf43a2bd-8eea-420c-be52-354053e5c043',
  role: 'TEAM_OWNER',
  resourceType: 'team',
  resourceId: 'b771d23f-e2fd-49a1-8945-314735886002',
  roleId: 'a16abe9b-4096-472d-b000-f3a5023fc09e'
}
[2025-12-02T17:11:58.803Z] [App] [INFO] rbac.assign_role.success {
  userId: 'cf43a2bd-8eea-420c-be52-354053e5c043',
  role: 'TEAM_ADMIN',
  resourceType: 'team',
  resourceId: '8ca39c2d-349a-4281-8812-29e6f7d0b4be',
  roleId: 'f60409a3-4e7f-4562-a26b-fc01e27b5d79'
}
[2025-12-02T17:11:58.804Z] [App] [INFO] auth.me.success {
  requestId: '7fb6e80a-4084-454e-a75a-3c553565af9f',
  userId: 'cf43a2bd-8eea-420c-be52-354053e5c043',
  email: 'test-me-1764695517970-ef550b00f2ae58@example.com',
  roleCount: 2
}
[2025-12-02T17:11:58.806Z] [App] [INFO] rbac.assign_role.success {
  userId: 'cf43a2bd-8eea-420c-be52-354053e5c043',
  role: 'TEAM_OWNER',
  resourceType: 'team',
  resourceId: '50b5baaf-4891-4b89-abf4-1cab1f3e5094',
  roleId: '7e4f13c6-6e5e-4ff0-a54f-c33dd568bfda'
}
[2025-12-02T17:11:58.808Z] [App] [INFO] auth.me.success {
  requestId: '03321635-1d5e-4add-8303-3406d4e7b37d',
  userId: 'cf43a2bd-8eea-420c-be52-354053e5c043',
  email: 'test-me-1764695517970-ef550b00f2ae58@example.com',
  roleCount: 1
}
[2025-12-02T17:11:58.898Z] [App] [INFO] rbac.assign_role.success {
  userId: 'cf43a2bd-8eea-420c-be52-354053e5c043',
  role: 'TEAM_OWNER',
  resourceType: 'team',
  resourceId: '7e3747a4-9914-44ba-91f5-22aba811818b',
  roleId: '39480877-621d-4719-ab76-a9b8ad38117b'
}
[2025-12-02T17:11:58.899Z] [App] [INFO] auth.me.success {
  requestId: 'cf2c0496-e3a1-4bc8-a993-68be2316fcb6',
  userId: 'cf43a2bd-8eea-420c-be52-354053e5c043',
  email: 'test-me-1764695517970-ef550b00f2ae58@example.com',
  roleCount: 1
}
[2025-12-02T17:11:58.901Z] [App] [INFO] rbac.assign_role.success {
  userId: 'cf43a2bd-8eea-420c-be52-354053e5c043',
  role: 'TEAM_OWNER',
  resourceType: 'team',
  resourceId: '1dd49eb6-6c64-4a44-a976-f80e196a6307',
  roleId: '55e375e9-cb7c-4529-acd8-33716e4f08af'
}
[2025-12-02T17:11:58.901Z] [App] [INFO] rbac.assign_role.success {
  userId: 'cf43a2bd-8eea-420c-be52-354053e5c043',
  role: 'TEAM_ADMIN',
  resourceType: 'team',
  resourceId: '14ddee87-e142-4528-b9b4-84cdfa1718f1',
  roleId: 'd03d02c5-8752-46e8-8124-5bc5ea486555'
}
[2025-12-02T17:11:58.902Z] [App] [INFO] rbac.assign_role.success {
  userId: 'cf43a2bd-8eea-420c-be52-354053e5c043',
  role: 'TEAM_EDITOR',
  resourceType: 'team',
  resourceId: '4db85fe6-01f4-41c5-80c2-46c6462ce8b7',
  roleId: 'ac30e0bd-5d31-498a-a6d2-75ee1cb0d2de'
}
[2025-12-02T17:11:58.902Z] [App] [INFO] rbac.update_billable_seats { teamId: '4db85fe6-01f4-41c5-80c2-46c6462ce8b7', billableSeats: 1 }
[2025-12-02T17:11:58.903Z] [App] [INFO] auth.me.success {
  requestId: '2f15d150-8aeb-4ad2-8b83-cd59f52691e0',
  userId: 'cf43a2bd-8eea-420c-be52-354053e5c043',
  email: 'test-me-1764695517970-ef550b00f2ae58@example.com',
  roleCount: 3
}
[2025-12-02T17:11:58.905Z] [App] [INFO] rbac.assign_role.success {
  userId: 'cf43a2bd-8eea-420c-be52-354053e5c043',
  role: 'TEAM_OWNER',
  resourceType: 'team',
  resourceId: 'c494d96e-e182-45cb-8b86-c3b847a4a6a9',
  roleId: '644312a3-f944-440e-ab9c-bf797e623c93'
}
[2025-12-02T17:11:58.905Z] [App] [INFO] rbac.assign_role.success {
  userId: 'cf43a2bd-8eea-420c-be52-354053e5c043',
  role: 'TEAM_ADMIN',
  resourceType: 'team',
  resourceId: '2ea81e25-c0db-4142-9112-437544723e51',
  roleId: 'c7fd2a1e-7210-43fb-a69f-51191e16aea5'
}
[2025-12-02T17:11:58.906Z] [App] [INFO] rbac.assign_role.success {
  userId: 'cf43a2bd-8eea-420c-be52-354053e5c043',
  role: 'TEAM_EDITOR',
  resourceType: 'team',
  resourceId: 'a126c4cf-b343-463e-958a-0eb0ed23b940',
  roleId: 'f3db4ec1-280b-4b5d-8828-afc4bfc70ed9'
}
[2025-12-02T17:11:58.906Z] [App] [INFO] rbac.update_billable_seats { teamId: 'a126c4cf-b343-463e-958a-0eb0ed23b940', billableSeats: 1 }
[2025-12-02T17:11:58.907Z] [App] [INFO] auth.me.success {
  requestId: '24c50c44-6928-4e3b-b1b6-653a26b724fe',
  userId: 'cf43a2bd-8eea-420c-be52-354053e5c043',
  email: 'test-me-1764695517970-ef550b00f2ae58@example.com',
  roleCount: 3
}
[2025-12-02T17:11:58.909Z] [App] [INFO] rbac.assign_role.success {
  userId: 'cf43a2bd-8eea-420c-be52-354053e5c043',
  role: 'TEAM_OWNER',
  resourceType: 'team',
  resourceId: 'be1a903d-0456-4619-b0e5-52023bee38fc',
  roleId: '84c9ffcb-df4b-4364-9187-60bce3c89f01'
}
[2025-12-02T17:11:58.909Z] [App] [INFO] auth.me.success {
  requestId: 'd058a3d2-bb6a-41a9-a4d1-3bc3bea4bc94',
  userId: 'cf43a2bd-8eea-420c-be52-354053e5c043',
  email: 'test-me-1764695517970-ef550b00f2ae58@example.com',
  roleCount: 1
}
[2025-12-02T17:11:58.911Z] [App] [INFO] rbac.assign_role.success {
  userId: 'cf43a2bd-8eea-420c-be52-354053e5c043',
  role: 'TEAM_OWNER',
  resourceType: 'team',
  resourceId: 'e08b3eea-ea75-4ec0-b928-fcadd5d19e68',
  roleId: '6d018cf2-deeb-4dd6-8ca5-785018eee3fa'
}
[2025-12-02T17:11:58.925Z] [App] [INFO] auth.me.success {
  requestId: 'c5611f28-e03c-4b74-bb59-d0797a817168',
  userId: 'cf43a2bd-8eea-420c-be52-354053e5c043',
  email: 'test-me-1764695517970-ef550b00f2ae58@example.com',
  roleCount: 1
}
[2025-12-02T17:11:58.968Z] [App] [INFO] auth.me.success {
  requestId: '391275ab-67f0-4ea4-9b70-af796d60b6d7',
  userId: 'cf43a2bd-8eea-420c-be52-354053e5c043',
  email: 'test-me-1764695517970-ef550b00f2ae58@example.com',
  roleCount: 0
}
[2025-12-02T17:11:58.994Z] [App] [INFO] rbac.assign_role.success {
  userId: 'cf43a2bd-8eea-420c-be52-354053e5c043',
  role: 'TEAM_OWNER',
  resourceType: 'team',
  resourceId: 'dc86a7b8-308a-4afd-87c4-b7b9fec13984',
  roleId: 'c4775275-242e-4ce9-92e2-8221630d5f89'
}
[2025-12-02T17:11:58.999Z] [App] [INFO] rbac.assign_role.success {
  userId: 'cf43a2bd-8eea-420c-be52-354053e5c043',
  role: 'TEAM_ADMIN',
  resourceType: 'team',
  resourceId: 'ec6c960f-a99f-4c56-83ea-b2f87fae4205',
  roleId: '437b3bd7-c224-4ece-b232-d36c69c80492'
}
[2025-12-02T17:11:59.000Z] [App] [INFO] rbac.assign_role.success {
  userId: 'cf43a2bd-8eea-420c-be52-354053e5c043',
  role: 'TEAM_EDITOR',
  resourceType: 'team',
  resourceId: 'dbbae101-c750-4f5e-8604-74db0f7c098b',
  roleId: 'd6fc6a75-7a53-4634-8ea8-c5084b7d9035'
}
[2025-12-02T17:11:59.000Z] [App] [INFO] rbac.update_billable_seats { teamId: 'dbbae101-c750-4f5e-8604-74db0f7c098b', billableSeats: 1 }
[2025-12-02T17:11:59.001Z] [App] [INFO] auth.me.success {
  requestId: 'f79ef186-395f-4185-9214-10cc3c4dd861',
  userId: 'cf43a2bd-8eea-420c-be52-354053e5c043',
  email: 'test-me-1764695517970-ef550b00f2ae58@example.com',
  roleCount: 3
}
[2025-12-02T17:11:59.003Z] [App] [INFO] rbac.assign_role.success {
  userId: 'cf43a2bd-8eea-420c-be52-354053e5c043',
  role: 'TEAM_OWNER',
  resourceType: 'team',
  resourceId: '55404c0c-10d4-4639-9bdc-d9798b662741',
  roleId: '725260ef-b8bd-4990-8042-96740274166f'
}
[2025-12-02T17:11:59.003Z] [App] [INFO] rbac.assign_role.success {
  userId: 'cf43a2bd-8eea-420c-be52-354053e5c043',
  role: 'TEAM_ADMIN',
  resourceType: 'team',
  resourceId: 'af2c53be-d8b6-4e3b-9ca2-a9dc11748c39',
  roleId: 'dca58cf9-273a-4aed-8464-7d8cb7d12252'
}
[2025-12-02T17:11:59.004Z] [App] [INFO] rbac.assign_role.success {
  userId: 'cf43a2bd-8eea-420c-be52-354053e5c043',
  role: 'TEAM_EDITOR',
  resourceType: 'team',
  resourceId: '4aa8aae5-173b-4945-bf89-3b2777d73b4d',
  roleId: '5a095c69-3d12-45f1-b38d-1e93c7f477b7'
}
[2025-12-02T17:11:59.004Z] [App] [INFO] rbac.update_billable_seats { teamId: '4aa8aae5-173b-4945-bf89-3b2777d73b4d', billableSeats: 1 }
[2025-12-02T17:11:59.005Z] [App] [INFO] auth.me.success {
  requestId: 'fa3d4805-c4dd-4666-9714-10347616b610',
  userId: 'cf43a2bd-8eea-420c-be52-354053e5c043',
  email: 'test-me-1764695517970-ef550b00f2ae58@example.com',
  roleCount: 3
}
[2025-12-02T17:11:59.052Z] [App] [INFO] auth.me.success {
  requestId: '139617b7-5222-4f7b-8d32-b34ba4770fd2',
  userId: 'cf43a2bd-8eea-420c-be52-354053e5c043',
  email: 'test-me-1764695517970-ef550b00f2ae58@example.com',
  roleCount: 0
}
[2025-12-02T17:11:59.060Z] [App] [INFO] rbac.assign_role.success {
  userId: 'cf43a2bd-8eea-420c-be52-354053e5c043',
  role: 'TEAM_OWNER',
  resourceType: 'team',
  resourceId: '66f8968f-5ebb-47c7-824e-ac5f9b902044',
  roleId: '1463f12b-996b-471e-b506-222e0f017b1e'
}
[2025-12-02T17:11:59.084Z] [App] [INFO] rbac.assign_role.success {
  userId: 'cf43a2bd-8eea-420c-be52-354053e5c043',
  role: 'TEAM_ADMIN',
  resourceType: 'team',
  resourceId: '86b86ef5-7bd8-4730-865d-afd298913c48',
  roleId: 'e18ec1b8-db43-461b-9072-ed9e7d9f9852'
}
[2025-12-02T17:11:59.092Z] [App] [INFO] rbac.assign_role.success {
  userId: 'cf43a2bd-8eea-420c-be52-354053e5c043',
  role: 'TEAM_EDITOR',
  resourceType: 'team',
  resourceId: '6c638436-0014-40bf-bad4-fe139cee6d1d',
  roleId: '1207b9f2-58ce-4e18-8618-d099b0383ac5'
}
[2025-12-02T17:11:59.098Z] [App] [INFO] rbac.update_billable_seats { teamId: '6c638436-0014-40bf-bad4-fe139cee6d1d', billableSeats: 1 }
[2025-12-02T17:11:59.102Z] [App] [INFO] auth.me.success {
  requestId: '0a1b4170-0d8e-4b3d-8adf-7bc508d48a5d',
  userId: 'cf43a2bd-8eea-420c-be52-354053e5c043',
  email: 'test-me-1764695517970-ef550b00f2ae58@example.com',
  roleCount: 3
}
[2025-12-02T17:11:59.107Z] [App] [INFO] rbac.assign_role.success {
  userId: 'cf43a2bd-8eea-420c-be52-354053e5c043',
  role: 'TEAM_OWNER',
  resourceType: 'team',
  resourceId: '59d8302d-8487-4fe2-b704-cff39b6441bb',
  roleId: 'b3c60279-925c-4a28-a89e-b1d49d71f40f'
}
[2025-12-02T17:11:59.108Z] [App] [INFO] rbac.assign_role.success {
  userId: 'cf43a2bd-8eea-420c-be52-354053e5c043',
  role: 'TEAM_ADMIN',
  resourceType: 'team',
  resourceId: 'ea409fcb-5748-42d5-98dd-354871620b11',
  roleId: '8ec6089c-d02c-4ad0-bb04-7766f3fd7fa8'
}
[2025-12-02T17:11:59.108Z] [App] [INFO] rbac.assign_role.success {
  userId: 'cf43a2bd-8eea-420c-be52-354053e5c043',
  role: 'TEAM_EDITOR',
  resourceType: 'team',
  resourceId: 'ceedd61f-3248-4d2b-a183-a1440ebf220f',
  roleId: '2708abff-6dca-4121-a0a0-81c1f83e810d'
}
[2025-12-02T17:11:59.109Z] [App] [INFO] rbac.update_billable_seats { teamId: 'ceedd61f-3248-4d2b-a183-a1440ebf220f', billableSeats: 1 }
[2025-12-02T17:11:59.113Z] [App] [INFO] auth.me.success {
  requestId: 'e075df8e-8be5-49b7-bd95-5f2ed3affb47',
  userId: 'cf43a2bd-8eea-420c-be52-354053e5c043',
  email: 'test-me-1764695517970-ef550b00f2ae58@example.com',
  roleCount: 3
}
[2025-12-02T17:11:59.121Z] [App] [INFO] rbac.assign_role.success {
  userId: 'cf43a2bd-8eea-420c-be52-354053e5c043',
  role: 'TEAM_OWNER',
  resourceType: 'team',
  resourceId: '43c82abf-c5e1-45cc-a191-94c16d1f088a',
  roleId: 'ee7202b9-c998-44d7-b104-97e1f4483fb5'
}
[2025-12-02T17:11:59.126Z] [App] [INFO] rbac.assign_role.success {
  userId: 'cf43a2bd-8eea-420c-be52-354053e5c043',
  role: 'TEAM_ADMIN',
  resourceType: 'team',
  resourceId: '0f77298c-100d-43e2-b347-5b5ba528e653',
  roleId: 'f7a6ebed-776a-4972-b195-08812025bb35'
}
[2025-12-02T17:11:59.134Z] [App] [INFO] rbac.assign_role.success {
  userId: 'cf43a2bd-8eea-420c-be52-354053e5c043',
  role: 'TEAM_EDITOR',
  resourceType: 'team',
  resourceId: 'be973723-1a6a-4861-b8fb-38cd12a1ca96',
  roleId: '247c64ef-ac60-4037-bac9-5ea24d2334a6'
}
[2025-12-02T17:11:59.138Z] [App] [INFO] rbac.update_billable_seats { teamId: 'be973723-1a6a-4861-b8fb-38cd12a1ca96', billableSeats: 1 }
[2025-12-02T17:11:59.156Z] [App] [INFO] auth.me.success {
  requestId: '7252cdcb-cad7-472c-acb4-14af3b45a04a',
  userId: 'cf43a2bd-8eea-420c-be52-354053e5c043',
  email: 'test-me-1764695517970-ef550b00f2ae58@example.com',
  roleCount: 3
}
[2025-12-02T17:11:59.164Z] [App] [INFO] rbac.assign_role.success {
  userId: 'cf43a2bd-8eea-420c-be52-354053e5c043',
  role: 'TEAM_OWNER',
  resourceType: 'team',
  resourceId: '03a2f037-74c9-411f-8346-76d345132996',
  roleId: 'eb2bea80-caa4-4244-b227-6817a8a2c240'
}
[2025-12-02T17:11:59.165Z] [App] [INFO] rbac.assign_role.success {
  userId: 'cf43a2bd-8eea-420c-be52-354053e5c043',
  role: 'TEAM_ADMIN',
  resourceType: 'team',
  resourceId: '1019ccab-e29f-4307-ae37-b09c8fe0b50b',
  roleId: 'd7e2b785-1271-47c1-b81b-5dc159e28d42'
}
[2025-12-02T17:11:59.169Z] [App] [INFO] rbac.assign_role.success {
  userId: 'cf43a2bd-8eea-420c-be52-354053e5c043',
  role: 'TEAM_EDITOR',
  resourceType: 'team',
  resourceId: 'eea5a326-82e9-4f85-a80a-51b18eae09b1',
  roleId: 'dee2a75f-2409-4e08-9e2c-2a11eb4d8456'
}
[2025-12-02T17:11:59.171Z] [App] [INFO] rbac.update_billable_seats { teamId: 'eea5a326-82e9-4f85-a80a-51b18eae09b1', billableSeats: 1 }
[2025-12-02T17:11:59.174Z] [App] [INFO] auth.me.success {
  requestId: '7c74d33c-d76f-4c0b-bc25-a023ca83d871',
  userId: 'cf43a2bd-8eea-420c-be52-354053e5c043',
  email: 'test-me-1764695517970-ef550b00f2ae58@example.com',
  roleCount: 3
}
[2025-12-02T17:11:59.249Z] [App] [INFO] auth.me.success {
  requestId: '528f1a54-a8c6-4879-8c4f-4c7f4027f8ac',
  userId: 'cf43a2bd-8eea-420c-be52-354053e5c043',
  email: 'test-me-1764695517970-ef550b00f2ae58@example.com',
  roleCount: 0
}
[2025-12-02T17:11:59.255Z] [App] [INFO] rbac.assign_role.success {
  userId: 'cf43a2bd-8eea-420c-be52-354053e5c043',
  role: 'TEAM_OWNER',
  resourceType: 'team',
  resourceId: 'd07f06c1-6a0a-4c79-bb27-05ba1b2ef788',
  roleId: 'b291d713-5b5b-418e-b69c-065db155a9c0'
}
[2025-12-02T17:11:59.257Z] [App] [INFO] auth.me.success {
  requestId: '12d66daa-81df-4189-a313-9e3ce72bd4b2',
  userId: 'cf43a2bd-8eea-420c-be52-354053e5c043',
  email: 'test-me-1764695517970-ef550b00f2ae58@example.com',
  roleCount: 1
}
[2025-12-02T17:11:59.258Z] [App] [INFO] rbac.assign_role.success {
  userId: 'cf43a2bd-8eea-420c-be52-354053e5c043',
  role: 'TEAM_OWNER',
  resourceType: 'team',
  resourceId: '07e71f29-b7e5-4aa9-baca-abc6a4d20878',
  roleId: '766d58a7-f8f5-4537-b7a0-cb5ef56e2455'
}
[2025-12-02T17:11:59.259Z] [App] [INFO] auth.me.success {
  requestId: '24c0be8e-8c2b-4a69-b57e-8ce8674fbea2',
  userId: 'cf43a2bd-8eea-420c-be52-354053e5c043',
  email: 'test-me-1764695517970-ef550b00f2ae58@example.com',
  roleCount: 1
}
[2025-12-02T17:11:59.262Z] [App] [INFO] rbac.assign_role.success {
  userId: 'cf43a2bd-8eea-420c-be52-354053e5c043',
  role: 'TEAM_OWNER',
  resourceType: 'team',
  resourceId: '8f322ddb-df0b-4b31-8014-41edd1304b1f',
  roleId: 'c59ff701-26ab-4508-872e-5f973b7dafc1'
}
[2025-12-02T17:11:59.264Z] [App] [INFO] auth.me.success {
  requestId: '09f8acab-d3ea-4f94-9cf4-aaba06aa2eac',
  userId: 'cf43a2bd-8eea-420c-be52-354053e5c043',
  email: 'test-me-1764695517970-ef550b00f2ae58@example.com',
  roleCount: 1
}
[2025-12-02T17:11:59.265Z] [App] [INFO] rbac.assign_role.success {
  userId: 'cf43a2bd-8eea-420c-be52-354053e5c043',
  role: 'TEAM_OWNER',
  resourceType: 'team',
  resourceId: 'dfa3664a-6cd2-42df-9064-61733a974ada',
  roleId: '21726931-9d44-41fd-9f0d-1d94adc9adca'
}
[2025-12-02T17:11:59.266Z] [App] [INFO] auth.me.success {
  requestId: 'fce5a664-9159-4bd5-b9ff-c8785cc51b85',
  userId: 'cf43a2bd-8eea-420c-be52-354053e5c043',
  email: 'test-me-1764695517970-ef550b00f2ae58@example.com',
  roleCount: 1
}
[2025-12-02T17:11:59.268Z] [App] [INFO] auth.me.success {
  requestId: '7f266b58-bdde-4a27-895c-3b1210d39358',
  userId: 'cf43a2bd-8eea-420c-be52-354053e5c043',
  email: 'test-me-1764695517970-ef550b00f2ae58@example.com',
  roleCount: 0
}
[2025-12-02T17:11:59.269Z] [App] [INFO] rbac.assign_role.success {
  userId: 'cf43a2bd-8eea-420c-be52-354053e5c043',
  role: 'TEAM_OWNER',
  resourceType: 'team',
  resourceId: '1078104f-72f0-4a62-98eb-8f1f8c0a0b47',
  roleId: 'ab1a20e5-9236-4c32-b9a4-352602e6501b'
}
[2025-12-02T17:11:59.270Z] [App] [INFO] auth.me.success {
  requestId: '6a3c3aeb-89ae-429c-bb2d-6b7c3006e352',
  userId: 'cf43a2bd-8eea-420c-be52-354053e5c043',
  email: 'test-me-1764695517970-ef550b00f2ae58@example.com',
  roleCount: 1
}
[2025-12-02T17:11:59.273Z] [App] [INFO] rbac.assign_role.success {
  userId: 'cf43a2bd-8eea-420c-be52-354053e5c043',
  role: 'TEAM_OWNER',
  resourceType: 'team',
  resourceId: '8414cdb2-e958-4f51-bdff-734f9e472981',
  roleId: 'fd03fbf7-5ac0-4239-8fd8-84a117a046ec'
}
[2025-12-02T17:11:59.274Z] [App] [INFO] rbac.assign_role.success {
  userId: 'cf43a2bd-8eea-420c-be52-354053e5c043',
  role: 'TEAM_ADMIN',
  resourceType: 'team',
  resourceId: '594c909c-544a-4c4e-8e5f-866b5b1cb819',
  roleId: '7c5f7a4b-2e82-41ab-9346-a6bcb9702da0'
}
[2025-12-02T17:11:59.275Z] [App] [INFO] rbac.assign_role.success {
  userId: 'cf43a2bd-8eea-420c-be52-354053e5c043',
  role: 'TEAM_EDITOR',
  resourceType: 'team',
  resourceId: '55393450-717b-4d6a-b12b-2fb53bda8c60',
  roleId: '9cba0dee-0c6e-47b0-83e8-6bed714dcb85'
}
[2025-12-02T17:11:59.281Z] [App] [INFO] rbac.update_billable_seats { teamId: '55393450-717b-4d6a-b12b-2fb53bda8c60', billableSeats: 1 }
[2025-12-02T17:11:59.291Z] [App] [INFO] auth.me.success {
  requestId: '539d00a5-62e0-482b-acd5-da5b7c00036b',
  userId: 'cf43a2bd-8eea-420c-be52-354053e5c043',
  email: 'test-me-1764695517970-ef550b00f2ae58@example.com',
  roleCount: 3
}
[2025-12-02T17:11:59.324Z] [App] [INFO] rbac.assign_role.success {
  userId: 'cf43a2bd-8eea-420c-be52-354053e5c043',
  role: 'TEAM_OWNER',
  resourceType: 'team',
  resourceId: '402eb034-229b-4769-8a90-a229cab6dc07',
  roleId: 'd1ff9689-9f4f-4cc7-a100-a8ef9b6f5479'
}
[2025-12-02T17:11:59.326Z] [App] [INFO] auth.me.success {
  requestId: 'b7d3f8c7-81ac-4b4f-9e59-a2550fb41ea6',
  userId: 'cf43a2bd-8eea-420c-be52-354053e5c043',
  email: 'test-me-1764695517970-ef550b00f2ae58@example.com',
  roleCount: 1
}
[2025-12-02T17:11:59.338Z] [App] [INFO] rbac.assign_role.success {
  userId: 'cf43a2bd-8eea-420c-be52-354053e5c043',
  role: 'TEAM_OWNER',
  resourceType: 'team',
  resourceId: '3acbcb4a-5e8c-4460-8dcd-707b3c4a9439',
  roleId: '8155fe44-383b-421b-8ffd-b0b4ae46acff'
}
[2025-12-02T17:11:59.339Z] [App] [INFO] rbac.assign_role.success {
  userId: 'cf43a2bd-8eea-420c-be52-354053e5c043',
  role: 'TEAM_ADMIN',
  resourceType: 'team',
  resourceId: 'b348dfb2-2e19-467b-915a-e582df5589b8',
  roleId: 'dcc01229-8cb3-44f8-b98c-1b1f3073910a'
}
[2025-12-02T17:11:59.382Z] [App] [INFO] auth.me.success {
  requestId: '4f2cda4d-3b72-40b2-9050-1f5bb604f6a2',
  userId: 'cf43a2bd-8eea-420c-be52-354053e5c043',
  email: 'test-me-1764695517970-ef550b00f2ae58@example.com',
  roleCount: 2
}
[2025-12-02T17:11:59.404Z] [App] [INFO] rbac.assign_role.success {
  userId: 'cf43a2bd-8eea-420c-be52-354053e5c043',
  role: 'TEAM_OWNER',
  resourceType: 'team',
  resourceId: 'e94caccd-47ad-4844-b5e3-c8cbfe520f09',
  roleId: '5adff368-fea4-422e-8258-0624d1304a0f'
}
[2025-12-02T17:11:59.405Z] [App] [INFO] rbac.assign_role.success {
  userId: 'cf43a2bd-8eea-420c-be52-354053e5c043',
  role: 'TEAM_ADMIN',
  resourceType: 'team',
  resourceId: 'fb313e2c-12ac-4327-b357-366543cd8f34',
  roleId: '8991e609-cd9f-4721-ad42-e4df38e3618d'
}
[2025-12-02T17:11:59.408Z] [App] [INFO] rbac.assign_role.success {
  userId: 'cf43a2bd-8eea-420c-be52-354053e5c043',
  role: 'TEAM_EDITOR',
  resourceType: 'team',
  resourceId: 'b9a411bd-5134-47c5-b623-d63a03295910',
  roleId: '63a84d25-bbe4-448f-9f9d-8d356c2626e5'
}
[2025-12-02T17:11:59.408Z] [App] [INFO] rbac.update_billable_seats { teamId: 'b9a411bd-5134-47c5-b623-d63a03295910', billableSeats: 1 }
[2025-12-02T17:11:59.409Z] [App] [INFO] auth.me.success {
  requestId: '7a350959-c9ed-4de6-b74f-7622de2248c2',
  userId: 'cf43a2bd-8eea-420c-be52-354053e5c043',
  email: 'test-me-1764695517970-ef550b00f2ae58@example.com',
  roleCount: 3
}

stdout | src/app/api/auth/reset-password/__tests__/route.test.ts > POST /api/auth/reset-password > should reject expired token
{"eventId":"f01f4687-0378-429e-aae3-4dc56a4408c8","eventType":"auth.reset_password.success","timestamp":"2025-12-02T17:11:59.586Z","outcome":"success","ipAddress":"127.0.0.1","userAgent":"unknown","requestId":"1e6ae4cb-f54b-4a0b-9546-7aa9fda16fbd","metadata":{"stage":"attempt"}}

stderr | src/app/api/auth/reset-password/__tests__/route.test.ts > POST /api/auth/reset-password > should reject expired token
{"eventId":"82b336e1-6bb5-4319-a3d2-5d3a967770bc","eventType":"auth.reset_password.failure","timestamp":"2025-12-02T17:11:59.586Z","outcome":"failure","ipAddress":"127.0.0.1","userAgent":"unknown","requestId":"1e6ae4cb-f54b-4a0b-9546-7aa9fda16fbd","errorCode":"INVALID_TOKEN","errorMessage":"Invalid or expired password reset token","metadata":{"reason":"invalid_or_expired_token"}}

stdout | src/server/auth/__tests__/rbac.test.ts > RBAC - Property-Based Tests > Property 20: Editor roles mark billable seats
[2025-12-02T17:11:59.870Z] [App] [INFO] rbac.assign_role.success {
  userId: '88770d3f-59eb-4cbc-84c6-2d5f02266276',
  role: 'TEAM_EDITOR',
  resourceType: 'team',
  resourceId: 'd0c3a685-e0d0-4745-9407-3b0619d9d00d',
  roleId: '237e7b3e-4238-4b5f-8cb3-4f6bf32e1406'
}
[2025-12-02T17:11:59.872Z] [App] [INFO] rbac.update_billable_seats { teamId: 'd0c3a685-e0d0-4745-9407-3b0619d9d00d', billableSeats: 2 }
[2025-12-02T17:11:59.873Z] [App] [INFO] rbac.remove_role.success {
  userId: '88770d3f-59eb-4cbc-84c6-2d5f02266276',
  role: 'TEAM_EDITOR',
  resourceType: 'team',
  resourceId: 'd0c3a685-e0d0-4745-9407-3b0619d9d00d'
}
[2025-12-02T17:11:59.873Z] [App] [INFO] rbac.update_billable_seats { teamId: 'd0c3a685-e0d0-4745-9407-3b0619d9d00d', billableSeats: 1 }

stdout | src/app/api/auth/reset-password/__tests__/route.test.ts > POST /api/auth/reset-password > should reject already used token
{"eventId":"22d94d89-e8d4-4950-aab3-340aafbef082","eventType":"auth.reset_password.success","timestamp":"2025-12-02T17:11:59.984Z","outcome":"success","ipAddress":"127.0.0.1","userAgent":"unknown","requestId":"9589bd0d-3ec7-485e-a1f8-e4c562822ed9","metadata":{"stage":"attempt"}}

stdout | src/server/auth/__tests__/rbac.test.ts > RBAC - Property-Based Tests > Property 20: Editor roles mark billable seats
[2025-12-02T17:12:00.032Z] [App] [INFO] rbac.assign_role.success {
  userId: '01c7cb28-a3a5-405f-ad12-fd79ef3bb36d',
  role: 'TEAM_MEMBER',
  resourceType: 'team',
  resourceId: '9b2f23b8-9087-4929-beff-641053951b4e',
  roleId: '5de3021f-06ad-4d74-a17c-069e416f617b'
}
[2025-12-02T17:12:00.033Z] [App] [INFO] rbac.assign_role.success {
  userId: '01c7cb28-a3a5-405f-ad12-fd79ef3bb36d',
  role: 'PROJECT_EDITOR',
  resourceType: 'project',
  resourceId: 'cd5cfbcd-979b-4c17-97fe-b19b9f93ff97',
  roleId: 'bca52ff4-cf01-4e23-bce7-079f9d8bb0a6'
}
[2025-12-02T17:12:00.037Z] [App] [INFO] rbac.update_role.success {
  userId: '01c7cb28-a3a5-405f-ad12-fd79ef3bb36d',
  oldRole: 'TEAM_MEMBER',
  newRole: 'TEAM_EDITOR',
  resourceType: 'team',
  resourceId: '9b2f23b8-9087-4929-beff-641053951b4e'
}
[2025-12-02T17:12:00.039Z] [App] [INFO] rbac.update_billable_seats { teamId: '9b2f23b8-9087-4929-beff-641053951b4e', billableSeats: 1 }
[2025-12-02T17:12:00.042Z] [App] [INFO] rbac.assign_role.success {
  userId: '01c7cb28-a3a5-405f-ad12-fd79ef3bb36d',
  role: 'TEAM_OWNER',
  resourceType: 'team',
  resourceId: '9b2f23b8-9087-4929-beff-641053951b4e',
  roleId: '4668c4fb-68a8-4c57-b74a-4bd13581a3fa'
}

stdout | src/app/api/auth/me/__tests__/me.property.test.ts > GET /api/auth/me - Property-Based Tests > Property 9 (negative case): Invalid session denies access
[2025-12-02T17:11:59.986Z] [App] [INFO] auth.me.failure {
  requestId: '3cea5d3f-8360-4253-865a-f95db25bdb3d',
  reason: 'no_session'
}
[2025-12-02T17:11:59.987Z] [App] [INFO] auth.me.failure {
  requestId: '0ebfb27c-b541-4dbb-9edd-e94c221c39a1',
  reason: 'no_session'
}
[2025-12-02T17:11:59.987Z] [App] [INFO] auth.me.failure {
  requestId: '564cd24c-6535-4bf1-9328-51ce01a96d89',
  reason: 'no_session'
}
[2025-12-02T17:11:59.988Z] [App] [INFO] auth.me.failure {
  requestId: '9b71ca96-2a06-4113-937f-2615c27885ed',
  reason: 'no_session'
}
[2025-12-02T17:11:59.989Z] [App] [INFO] auth.me.failure {
  requestId: 'b27c62a7-2e8d-4bf6-93bf-4320eaecf8a7',
  reason: 'no_session'
}
[2025-12-02T17:11:59.991Z] [App] [INFO] auth.me.failure {
  requestId: '1fc8cb8e-8d1d-401d-abcd-47b82cc4d8c3',
  reason: 'no_session'
}
[2025-12-02T17:11:59.996Z] [App] [INFO] auth.me.failure {
  requestId: 'd41e4a20-a160-4e6a-aac6-0e577451c7be',
  reason: 'no_session'
}
[2025-12-02T17:12:00.000Z] [App] [INFO] auth.me.failure {
  requestId: '78e52ec5-e804-48c7-9e07-9b328458cb74',
  reason: 'no_session'
}
[2025-12-02T17:12:00.003Z] [App] [INFO] auth.me.failure {
  requestId: '840007c2-701a-4e9a-89f8-982d247ef9c6',
  reason: 'no_session'
}
[2025-12-02T17:12:00.004Z] [App] [INFO] auth.me.failure {
  requestId: '308173b9-6043-466c-825b-15535f8f67e6',
  reason: 'no_session'
}
[2025-12-02T17:12:00.005Z] [App] [INFO] auth.me.failure {
  requestId: 'f48b2688-4ca3-4fe4-b869-5bd873ae15cb',
  reason: 'no_session'
}
[2025-12-02T17:12:00.006Z] [App] [INFO] auth.me.failure {
  requestId: '46f31f29-7492-49bc-814c-28b741601b76',
  reason: 'no_session'
}
[2025-12-02T17:12:00.007Z] [App] [INFO] auth.me.failure {
  requestId: '910cda76-1424-401c-8561-50a3c5bc4a80',
  reason: 'no_session'
}
[2025-12-02T17:12:00.008Z] [App] [INFO] auth.me.failure {
  requestId: 'f2fd00e1-0739-4352-928d-1f9ade9f412a',
  reason: 'no_session'
}
[2025-12-02T17:12:00.008Z] [App] [INFO] auth.me.failure {
  requestId: '83af056f-0f58-45a1-ac7e-8054df3eaf23',
  reason: 'no_session'
}
[2025-12-02T17:12:00.009Z] [App] [INFO] auth.me.failure {
  requestId: '96c0a773-445b-43e0-9c85-2bb0e2845fab',
  reason: 'no_session'
}
[2025-12-02T17:12:00.009Z] [App] [INFO] auth.me.failure {
  requestId: '7281f018-b6b4-4615-a4b1-775e7223b5b7',
  reason: 'no_session'
}
[2025-12-02T17:12:00.010Z] [App] [INFO] auth.me.failure {
  requestId: '5af10c5d-9c36-435f-8667-526ead302ee5',
  reason: 'no_session'
}
[2025-12-02T17:12:00.014Z] [App] [INFO] auth.me.failure {
  requestId: 'c792fc5a-8f90-4494-8acf-b597deca222f',
  reason: 'no_session'
}
[2025-12-02T17:12:00.016Z] [App] [INFO] auth.me.failure {
  requestId: '861fed3a-0ef4-49a8-874c-1156e32491a7',
  reason: 'no_session'
}
[2025-12-02T17:12:00.017Z] [App] [INFO] auth.me.failure {
  requestId: '096f2608-ce1f-4c6b-8ed8-1c327b6ab721',
  reason: 'no_session'
}
[2025-12-02T17:12:00.019Z] [App] [INFO] auth.me.failure {
  requestId: '0a06a0a4-2d0c-4086-9c75-e279d5c8fe59',
  reason: 'no_session'
}
[2025-12-02T17:12:00.022Z] [App] [INFO] auth.me.failure {
  requestId: '3e7c40f0-992f-469d-8114-4103dc4e3e6c',
  reason: 'no_session'
}
[2025-12-02T17:12:00.023Z] [App] [INFO] auth.me.failure {
  requestId: '9024aac4-a66d-46ce-82ca-0b8bf5307dca',
  reason: 'no_session'
}
[2025-12-02T17:12:00.024Z] [App] [INFO] auth.me.failure {
  requestId: 'e37a6383-1555-42fc-b519-47edda7f2dba',
  reason: 'no_session'
}
[2025-12-02T17:12:00.029Z] [App] [INFO] auth.me.failure {
  requestId: 'ce430b7f-d69f-4376-adf5-fb4310fb6e3c',
  reason: 'no_session'
}
[2025-12-02T17:12:00.034Z] [App] [INFO] auth.me.failure {
  requestId: '2179d5eb-2a1e-4588-a108-3b57483db52e',
  reason: 'no_session'
}
[2025-12-02T17:12:00.037Z] [App] [INFO] auth.me.failure {
  requestId: 'bfe2bba7-76bc-40f0-a478-b20fdc26af6e',
  reason: 'no_session'
}
[2025-12-02T17:12:00.038Z] [App] [INFO] auth.me.failure {
  requestId: 'bd290699-0435-4a0d-bd41-773289e6fc4d',
  reason: 'no_session'
}
[2025-12-02T17:12:00.039Z] [App] [INFO] auth.me.failure {
  requestId: '71c47c39-992d-4480-8325-c9027399f65e',
  reason: 'no_session'
}
[2025-12-02T17:12:00.040Z] [App] [INFO] auth.me.failure {
  requestId: '69a292fe-29db-4fb7-97c9-f262631e8e58',
  reason: 'no_session'
}
[2025-12-02T17:12:00.040Z] [App] [INFO] auth.me.failure {
  requestId: 'f5e18f83-1f6a-41f2-bf06-e0fdd7442511',
  reason: 'no_session'
}
[2025-12-02T17:12:00.042Z] [App] [INFO] auth.me.failure {
  requestId: '65c675c7-0e06-49c6-8c61-cb8ba2b14ff9',
  reason: 'no_session'
}
[2025-12-02T17:12:00.043Z] [App] [INFO] auth.me.failure {
  requestId: '39bcd349-f44e-46a9-971e-dfa1b4c90d76',
  reason: 'no_session'
}
[2025-12-02T17:12:00.052Z] [App] [INFO] auth.me.failure {
  requestId: 'c5921362-ae36-48fe-9a28-046cb28011a6',
  reason: 'no_session'
}
[2025-12-02T17:12:00.058Z] [App] [INFO] auth.me.failure {
  requestId: 'c0520a53-d0f2-4517-98e5-2781b503d8f6',
  reason: 'no_session'
}
[2025-12-02T17:12:00.061Z] [App] [INFO] auth.me.failure {
  requestId: '9babaaed-1a66-4c68-8a70-b0ea321c09f0',
  reason: 'no_session'
}
[2025-12-02T17:12:00.065Z] [App] [INFO] auth.me.failure {
  requestId: '1fb749ed-f1c0-4fe0-9bd2-924028c31440',
  reason: 'no_session'
}
[2025-12-02T17:12:00.070Z] [App] [INFO] auth.me.failure {
  requestId: '21d60aa3-0746-4bcc-b195-7111d1d4ed01',
  reason: 'no_session'
}
[2025-12-02T17:12:00.080Z] [App] [INFO] auth.me.failure {
  requestId: '0410a24c-3041-4a1b-b998-5ee7e5fa25db',
  reason: 'no_session'
}
[2025-12-02T17:12:00.081Z] [App] [INFO] auth.me.failure {
  requestId: 'ea3865f4-c924-4d0f-a6d9-224eb1e7c257',
  reason: 'no_session'
}
[2025-12-02T17:12:00.082Z] [App] [INFO] auth.me.failure {
  requestId: 'a151790f-e57c-4482-9aaf-d00258585d02',
  reason: 'no_session'
}
[2025-12-02T17:12:00.083Z] [App] [INFO] auth.me.failure {
  requestId: 'e8582f59-acc6-4a4f-a78f-664a96cde4f5',
  reason: 'no_session'
}
[2025-12-02T17:12:00.087Z] [App] [INFO] auth.me.failure {
  requestId: 'd2e243ac-746b-4137-a890-9b75e87d8b2e',
  reason: 'no_session'
}
[2025-12-02T17:12:00.088Z] [App] [INFO] auth.me.failure {
  requestId: 'b21380dc-6b83-439f-9b9e-e6694d7a369e',
  reason: 'no_session'
}
[2025-12-02T17:12:00.089Z] [App] [INFO] auth.me.failure {
  requestId: '007e54e4-337b-47cf-b4df-c0439143a556',
  reason: 'no_session'
}
[2025-12-02T17:12:00.090Z] [App] [INFO] auth.me.failure {
  requestId: '9f5b1bc3-3512-4ecb-8f88-f1ec26736793',
  reason: 'no_session'
}
[2025-12-02T17:12:00.090Z] [App] [INFO] auth.me.failure {
  requestId: 'b2b2a672-d250-46da-9dbf-2ee2e3c84f06',
  reason: 'no_session'
}
[2025-12-02T17:12:00.091Z] [App] [INFO] auth.me.failure {
  requestId: '91891bca-1640-4080-b396-d3e1b983bb5c',
  reason: 'no_session'
}
[2025-12-02T17:12:00.091Z] [App] [INFO] auth.me.failure {
  requestId: '50574e0c-7bc4-4fe3-abfa-0b3cbf30f08c',
  reason: 'no_session'
}
[2025-12-02T17:12:00.092Z] [App] [INFO] auth.me.failure {
  requestId: 'a471718d-80e9-4fc3-94bf-945d36ff8c6d',
  reason: 'no_session'
}
[2025-12-02T17:12:00.093Z] [App] [INFO] auth.me.failure {
  requestId: 'd16c2e3d-80f2-42f1-b2e6-4068f5ef7f8d',
  reason: 'no_session'
}
[2025-12-02T17:12:00.093Z] [App] [INFO] auth.me.failure {
  requestId: '4d9197da-01b5-437c-8495-864e7911ff6b',
  reason: 'no_session'
}
[2025-12-02T17:12:00.094Z] [App] [INFO] auth.me.failure {
  requestId: 'b6dee181-f9a1-4766-a69c-3b22f8a78835',
  reason: 'no_session'
}
[2025-12-02T17:12:00.095Z] [App] [INFO] auth.me.failure {
  requestId: 'a775bc28-cbd7-4bc6-9760-4aef84ac9644',
  reason: 'no_session'
}
[2025-12-02T17:12:00.097Z] [App] [INFO] auth.me.failure {
  requestId: 'b14dff50-ed5f-42a1-90c8-a917905c848d',
  reason: 'no_session'
}
[2025-12-02T17:12:00.098Z] [App] [INFO] auth.me.failure {
  requestId: '31ccd85b-f045-415f-b734-0d7197502d73',
  reason: 'no_session'
}
[2025-12-02T17:12:00.099Z] [App] [INFO] auth.me.failure {
  requestId: 'ad61cf50-7028-47a7-a524-cd228f5aa880',
  reason: 'no_session'
}
[2025-12-02T17:12:00.099Z] [App] [INFO] auth.me.failure {
  requestId: '1e34eb50-1404-4c0a-b49d-86353fa9c660',
  reason: 'no_session'
}
[2025-12-02T17:12:00.100Z] [App] [INFO] auth.me.failure {
  requestId: '2c1507c4-6507-4b23-a3de-708b2146cff6',
  reason: 'no_session'
}
[2025-12-02T17:12:00.102Z] [App] [INFO] auth.me.failure {
  requestId: 'aacd6ac5-e6de-4175-8f67-fcacd4de55e1',
  reason: 'no_session'
}
[2025-12-02T17:12:00.103Z] [App] [INFO] auth.me.failure {
  requestId: '04d12c47-0970-4c95-af62-a9609dcccb5a',
  reason: 'no_session'
}
[2025-12-02T17:12:00.104Z] [App] [INFO] auth.me.failure {
  requestId: 'cac51ea3-67ff-4539-af68-d1f83f2043f9',
  reason: 'no_session'
}
[2025-12-02T17:12:00.105Z] [App] [INFO] auth.me.failure {
  requestId: '24eadf44-7ef0-4da0-8d62-4b71d58f7501',
  reason: 'no_session'
}
[2025-12-02T17:12:00.105Z] [App] [INFO] auth.me.failure {
  requestId: 'd452add0-878a-49cc-8f5c-0fade563e75d',
  reason: 'no_session'
}
[2025-12-02T17:12:00.106Z] [App] [INFO] auth.me.failure {
  requestId: 'd71be6df-eb47-4cde-85a9-d856e9c663c7',
  reason: 'no_session'
}
[2025-12-02T17:12:00.106Z] [App] [INFO] auth.me.failure {
  requestId: '69db0c7a-04b7-4f1c-a3d4-5e441bf75c5f',
  reason: 'no_session'
}
[2025-12-02T17:12:00.107Z] [App] [INFO] auth.me.failure {
  requestId: '50b373d3-f8d9-4e41-b780-64177abab525',
  reason: 'no_session'
}
[2025-12-02T17:12:00.108Z] [App] [INFO] auth.me.failure {
  requestId: 'c48e424d-a1bb-4fe9-85f3-b95c9814531f',
  reason: 'no_session'
}
[2025-12-02T17:12:00.108Z] [App] [INFO] auth.me.failure {
  requestId: '8bff13a8-64cc-45e5-abb8-1b18c8750449',
  reason: 'no_session'
}
[2025-12-02T17:12:00.109Z] [App] [INFO] auth.me.failure {
  requestId: 'd26d2737-d9fa-4df3-843b-a9d7bf7b63f1',
  reason: 'no_session'
}
[2025-12-02T17:12:00.110Z] [App] [INFO] auth.me.failure {
  requestId: 'f9f1aa99-b06c-4730-9bf0-ad6ed3bdd8b8',
  reason: 'no_session'
}
[2025-12-02T17:12:00.110Z] [App] [INFO] auth.me.failure {
  requestId: 'a6d16d8e-2377-4cb9-a2a9-e49fa8cf06ea',
  reason: 'no_session'
}
[2025-12-02T17:12:00.112Z] [App] [INFO] auth.me.failure {
  requestId: '6b85ef8a-2a45-4b80-abe2-d0386e813a27',
  reason: 'no_session'
}
[2025-12-02T17:12:00.113Z] [App] [INFO] auth.me.failure {
  requestId: '533af358-a2fd-46ec-875e-55d522bcc40b',
  reason: 'no_session'
}
[2025-12-02T17:12:00.114Z] [App] [INFO] auth.me.failure {
  requestId: 'd1a0588b-6e1e-47f9-9d47-ce169dc070f0',
  reason: 'no_session'
}
[2025-12-02T17:12:00.115Z] [App] [INFO] auth.me.failure {
  requestId: '01100017-672f-4770-9deb-1d45d7cdd6ce',
  reason: 'no_session'
}
[2025-12-02T17:12:00.116Z] [App] [INFO] auth.me.failure {
  requestId: 'a512cdc9-ea5e-414e-a493-4c85f035335e',
  reason: 'no_session'
}
[2025-12-02T17:12:00.118Z] [App] [INFO] auth.me.failure {
  requestId: '34966b27-42e0-46de-b106-12522649189f',
  reason: 'no_session'
}
[2025-12-02T17:12:00.121Z] [App] [INFO] auth.me.failure {
  requestId: '7748c9d4-4776-4c5f-b440-4bcd1f6c66ed',
  reason: 'no_session'
}
[2025-12-02T17:12:00.123Z] [App] [INFO] auth.me.failure {
  requestId: 'a9529042-957d-4ed0-be8b-4014d393a59f',
  reason: 'no_session'
}
[2025-12-02T17:12:00.124Z] [App] [INFO] auth.me.failure {
  requestId: '5579d574-fe91-46ec-9dbd-847d2f521791',
  reason: 'no_session'
}
[2025-12-02T17:12:00.126Z] [App] [INFO] auth.me.failure {
  requestId: '1b12a376-f67c-49d0-b739-7b28f80c6b33',
  reason: 'no_session'
}
[2025-12-02T17:12:00.127Z] [App] [INFO] auth.me.failure {
  requestId: '1620450a-c36a-4965-b85b-3ee7177b8cb1',
  reason: 'no_session'
}
[2025-12-02T17:12:00.127Z] [App] [INFO] auth.me.failure {
  requestId: 'efcad052-01b9-4e52-a673-722afe1af7c5',
  reason: 'no_session'
}
[2025-12-02T17:12:00.129Z] [App] [INFO] auth.me.failure {
  requestId: '4689763f-86b1-4d2a-b53b-9b77e864f77f',
  reason: 'no_session'
}
[2025-12-02T17:12:00.130Z] [App] [INFO] auth.me.failure {
  requestId: '4121a4b9-cb3e-470c-81d5-c28f2be2d5d3',
  reason: 'no_session'
}
[2025-12-02T17:12:00.131Z] [App] [INFO] auth.me.failure {
  requestId: '16d62c80-b5c3-4532-87e7-c45d311a7acb',
  reason: 'no_session'
}
[2025-12-02T17:12:00.131Z] [App] [INFO] auth.me.failure {
  requestId: '390ef8e5-f03c-4d91-a9a0-03714426f65d',
  reason: 'no_session'
}
[2025-12-02T17:12:00.132Z] [App] [INFO] auth.me.failure {
  requestId: '7d581899-1fb8-412b-acaf-7e31e28af6f8',
  reason: 'no_session'
}
[2025-12-02T17:12:00.132Z] [App] [INFO] auth.me.failure {
  requestId: '121f02be-4d4e-4efc-b60c-25ac7ea3cf0c',
  reason: 'no_session'
}
[2025-12-02T17:12:00.134Z] [App] [INFO] auth.me.failure {
  requestId: '5daf53b6-207b-4eea-9e0d-8195c5496c34',
  reason: 'no_session'
}
[2025-12-02T17:12:00.137Z] [App] [INFO] auth.me.failure {
  requestId: '88645acd-7ab3-4c95-82af-9ee190c90c9b',
  reason: 'no_session'
}
[2025-12-02T17:12:00.141Z] [App] [INFO] auth.me.failure {
  requestId: '843b94ab-133b-43fb-be20-2e3602b51da6',
  reason: 'no_session'
}
[2025-12-02T17:12:00.143Z] [App] [INFO] auth.me.failure {
  requestId: '7fac2ba5-c1d9-4a3a-adfa-faef6d0d32be',
  reason: 'no_session'
}
[2025-12-02T17:12:00.145Z] [App] [INFO] auth.me.failure {
  requestId: 'd88234c9-7416-4191-b523-90236795800d',
  reason: 'no_session'
}
[2025-12-02T17:12:00.146Z] [App] [INFO] auth.me.failure {
  requestId: '15491506-7ba8-4374-ac0c-878bc779d9fc',
  reason: 'no_session'
}
[2025-12-02T17:12:00.147Z] [App] [INFO] auth.me.failure {
  requestId: '5a1d2d63-e9c8-43a6-b678-d86d24465444',
  reason: 'no_session'
}
[2025-12-02T17:12:00.148Z] [App] [INFO] auth.me.failure {
  requestId: '72c1c48d-f60c-4c2d-871b-ff80609d705a',
  reason: 'no_session'
}
[2025-12-02T17:12:00.149Z] [App] [INFO] auth.me.failure {
  requestId: '7754def4-f559-403d-9588-7557601b3b4d',
  reason: 'no_session'
}

stderr | src/app/api/auth/me/__tests__/me.property.test.ts > GET /api/auth/me - Property-Based Tests > Property 9 (negative case): Invalid session denies access
{"eventId":"c73e99bd-3154-42ce-9f94-20f6de115925","eventType":"auth.session.tampered","timestamp":"2025-12-02T17:11:59.985Z","outcome":"failure","errorCode":"INVALID_SESSION","errorMessage":"Session token is invalid or expired","metadata":{"reason":"session_not_found_or_expired"}}
{"eventId":"e602a136-8e04-4fe1-ae14-c6f35538d973","eventType":"auth.session.tampered","timestamp":"2025-12-02T17:11:59.987Z","outcome":"failure","errorCode":"INVALID_SESSION","errorMessage":"Session token is invalid or expired","metadata":{"reason":"session_not_found_or_expired"}}
{"eventId":"06db3bca-535e-4495-ba11-462f49f3007a","eventType":"auth.session.tampered","timestamp":"2025-12-02T17:11:59.987Z","outcome":"failure","errorCode":"INVALID_SESSION","errorMessage":"Session token is invalid or expired","metadata":{"reason":"session_not_found_or_expired"}}
{"eventId":"50da1b16-8982-4c8a-b43f-630f9e370229","eventType":"auth.session.tampered","timestamp":"2025-12-02T17:11:59.988Z","outcome":"failure","errorCode":"INVALID_SESSION","errorMessage":"Session token is invalid or expired","metadata":{"reason":"session_not_found_or_expired"}}
{"eventId":"b5bd82a8-3540-4d6d-b1be-090b2b605412","eventType":"auth.session.tampered","timestamp":"2025-12-02T17:11:59.989Z","outcome":"failure","errorCode":"INVALID_SESSION","errorMessage":"Session token is invalid or expired","metadata":{"reason":"session_not_found_or_expired"}}
{"eventId":"a2eef83a-a958-4ad4-81b6-f55e1c397bc0","eventType":"auth.session.tampered","timestamp":"2025-12-02T17:11:59.991Z","outcome":"failure","errorCode":"INVALID_SESSION","errorMessage":"Session token is invalid or expired","metadata":{"reason":"session_not_found_or_expired"}}
{"eventId":"050ac13a-4cd1-45ad-ac68-55aedada6d1a","eventType":"auth.session.tampered","timestamp":"2025-12-02T17:11:59.996Z","outcome":"failure","errorCode":"INVALID_SESSION","errorMessage":"Session token is invalid or expired","metadata":{"reason":"session_not_found_or_expired"}}
{"eventId":"05b612c0-4cd5-4f12-aefc-956778a49b98","eventType":"auth.session.tampered","timestamp":"2025-12-02T17:12:00.000Z","outcome":"failure","errorCode":"INVALID_SESSION","errorMessage":"Session token is invalid or expired","metadata":{"reason":"session_not_found_or_expired"}}
{"eventId":"952a12d5-ad93-4f43-8fbf-468922829618","eventType":"auth.session.tampered","timestamp":"2025-12-02T17:12:00.003Z","outcome":"failure","errorCode":"INVALID_SESSION","errorMessage":"Session token is invalid or expired","metadata":{"reason":"session_not_found_or_expired"}}
{"eventId":"1e341147-01b7-444f-9806-fb75af2b4c0f","eventType":"auth.session.tampered","timestamp":"2025-12-02T17:12:00.004Z","outcome":"failure","errorCode":"INVALID_SESSION","errorMessage":"Session token is invalid or expired","metadata":{"reason":"session_not_found_or_expired"}}
{"eventId":"97cbbbc6-fa34-44fa-82c7-68d86924877d","eventType":"auth.session.tampered","timestamp":"2025-12-02T17:12:00.005Z","outcome":"failure","errorCode":"INVALID_SESSION","errorMessage":"Session token is invalid or expired","metadata":{"reason":"session_not_found_or_expired"}}
{"eventId":"91f28aee-7dbc-4ff8-903b-3577e6a7a3e3","eventType":"auth.session.tampered","timestamp":"2025-12-02T17:12:00.006Z","outcome":"failure","errorCode":"INVALID_SESSION","errorMessage":"Session token is invalid or expired","metadata":{"reason":"session_not_found_or_expired"}}
{"eventId":"23f14f0b-dd70-4d63-9b27-c8ca62ebd686","eventType":"auth.session.tampered","timestamp":"2025-12-02T17:12:00.007Z","outcome":"failure","errorCode":"INVALID_SESSION","errorMessage":"Session token is invalid or expired","metadata":{"reason":"session_not_found_or_expired"}}
{"eventId":"1eb95384-1aff-4fc6-9ab3-42e1643f4b45","eventType":"auth.session.tampered","timestamp":"2025-12-02T17:12:00.008Z","outcome":"failure","errorCode":"INVALID_SESSION","errorMessage":"Session token is invalid or expired","metadata":{"reason":"session_not_found_or_expired"}}
{"eventId":"d198b267-f148-44b9-9049-4119e1d26e5c","eventType":"auth.session.tampered","timestamp":"2025-12-02T17:12:00.008Z","outcome":"failure","errorCode":"INVALID_SESSION","errorMessage":"Session token is invalid or expired","metadata":{"reason":"session_not_found_or_expired"}}
{"eventId":"23ece8fa-7f2a-44cb-948f-3a9b42327038","eventType":"auth.session.tampered","timestamp":"2025-12-02T17:12:00.009Z","outcome":"failure","errorCode":"INVALID_SESSION","errorMessage":"Session token is invalid or expired","metadata":{"reason":"session_not_found_or_expired"}}
{"eventId":"ee49595d-d0d5-45d2-a9ee-8a655e1a7185","eventType":"auth.session.tampered","timestamp":"2025-12-02T17:12:00.009Z","outcome":"failure","errorCode":"INVALID_SESSION","errorMessage":"Session token is invalid or expired","metadata":{"reason":"session_not_found_or_expired"}}
{"eventId":"56631b1a-8882-46af-972c-3ae6e45b5b87","eventType":"auth.session.tampered","timestamp":"2025-12-02T17:12:00.010Z","outcome":"failure","errorCode":"INVALID_SESSION","errorMessage":"Session token is invalid or expired","metadata":{"reason":"session_not_found_or_expired"}}
{"eventId":"a8bde59c-7696-4b02-b57b-06ca916fa38d","eventType":"auth.session.tampered","timestamp":"2025-12-02T17:12:00.014Z","outcome":"failure","errorCode":"INVALID_SESSION","errorMessage":"Session token is invalid or expired","metadata":{"reason":"session_not_found_or_expired"}}
{"eventId":"f1794129-5647-4458-8996-1080b7ac283d","eventType":"auth.session.tampered","timestamp":"2025-12-02T17:12:00.016Z","outcome":"failure","errorCode":"INVALID_SESSION","errorMessage":"Session token is invalid or expired","metadata":{"reason":"session_not_found_or_expired"}}
{"eventId":"00821d6f-b4e5-4722-8334-5731283a7f29","eventType":"auth.session.tampered","timestamp":"2025-12-02T17:12:00.017Z","outcome":"failure","errorCode":"INVALID_SESSION","errorMessage":"Session token is invalid or expired","metadata":{"reason":"session_not_found_or_expired"}}
{"eventId":"eab66710-a646-4068-8d73-8edf601e3f12","eventType":"auth.session.tampered","timestamp":"2025-12-02T17:12:00.019Z","outcome":"failure","errorCode":"INVALID_SESSION","errorMessage":"Session token is invalid or expired","metadata":{"reason":"session_not_found_or_expired"}}
{"eventId":"62b9fb20-da65-4d72-9cc9-58fec66bea5b","eventType":"auth.session.tampered","timestamp":"2025-12-02T17:12:00.022Z","outcome":"failure","errorCode":"INVALID_SESSION","errorMessage":"Session token is invalid or expired","metadata":{"reason":"session_not_found_or_expired"}}
{"eventId":"a16f36a2-e0ab-499c-8407-00b674d21533","eventType":"auth.session.tampered","timestamp":"2025-12-02T17:12:00.023Z","outcome":"failure","errorCode":"INVALID_SESSION","errorMessage":"Session token is invalid or expired","metadata":{"reason":"session_not_found_or_expired"}}
{"eventId":"ccd1191d-1a3e-4f72-bcf3-85ad47981e7a","eventType":"auth.session.tampered","timestamp":"2025-12-02T17:12:00.024Z","outcome":"failure","errorCode":"INVALID_SESSION","errorMessage":"Session token is invalid or expired","metadata":{"reason":"session_not_found_or_expired"}}
{"eventId":"a644f60e-a6fc-4a6c-bf4e-9ff29bfba7f4","eventType":"auth.session.tampered","timestamp":"2025-12-02T17:12:00.029Z","outcome":"failure","errorCode":"INVALID_SESSION","errorMessage":"Session token is invalid or expired","metadata":{"reason":"session_not_found_or_expired"}}
{"eventId":"7a350302-a21d-463e-b358-b26e85c3e2c0","eventType":"auth.session.tampered","timestamp":"2025-12-02T17:12:00.033Z","outcome":"failure","errorCode":"INVALID_SESSION","errorMessage":"Session token is invalid or expired","metadata":{"reason":"session_not_found_or_expired"}}
{"eventId":"fc42c6f9-c5ab-46f5-8f88-a4373026048b","eventType":"auth.session.tampered","timestamp":"2025-12-02T17:12:00.037Z","outcome":"failure","errorCode":"INVALID_SESSION","errorMessage":"Session token is invalid or expired","metadata":{"reason":"session_not_found_or_expired"}}
{"eventId":"81461fcd-6f4e-47bb-b9fa-7403dc9c39f5","eventType":"auth.session.tampered","timestamp":"2025-12-02T17:12:00.038Z","outcome":"failure","errorCode":"INVALID_SESSION","errorMessage":"Session token is invalid or expired","metadata":{"reason":"session_not_found_or_expired"}}
{"eventId":"b8ceece2-1293-46ca-8647-01deb6df606c","eventType":"auth.session.tampered","timestamp":"2025-12-02T17:12:00.039Z","outcome":"failure","errorCode":"INVALID_SESSION","errorMessage":"Session token is invalid or expired","metadata":{"reason":"session_not_found_or_expired"}}
{"eventId":"87a9f4c4-42ab-4d2d-876c-dfd656cdc363","eventType":"auth.session.tampered","timestamp":"2025-12-02T17:12:00.040Z","outcome":"failure","errorCode":"INVALID_SESSION","errorMessage":"Session token is invalid or expired","metadata":{"reason":"session_not_found_or_expired"}}
{"eventId":"8358785d-26e5-4215-97b5-183bf5c190ab","eventType":"auth.session.tampered","timestamp":"2025-12-02T17:12:00.040Z","outcome":"failure","errorCode":"INVALID_SESSION","errorMessage":"Session token is invalid or expired","metadata":{"reason":"session_not_found_or_expired"}}
{"eventId":"f479a469-2219-4dac-aea8-5aaa729716cc","eventType":"auth.session.tampered","timestamp":"2025-12-02T17:12:00.042Z","outcome":"failure","errorCode":"INVALID_SESSION","errorMessage":"Session token is invalid or expired","metadata":{"reason":"session_not_found_or_expired"}}
{"eventId":"782169a3-0d6d-47fd-9202-89ab4ebdc3bf","eventType":"auth.session.tampered","timestamp":"2025-12-02T17:12:00.043Z","outcome":"failure","errorCode":"INVALID_SESSION","errorMessage":"Session token is invalid or expired","metadata":{"reason":"session_not_found_or_expired"}}
{"eventId":"df322f2c-6915-453a-b2d1-d2cbe47c4b01","eventType":"auth.session.tampered","timestamp":"2025-12-02T17:12:00.052Z","outcome":"failure","errorCode":"INVALID_SESSION","errorMessage":"Session token is invalid or expired","metadata":{"reason":"session_not_found_or_expired"}}
{"eventId":"d96a4568-745a-4eae-b7b8-cb8f4c70172b","eventType":"auth.session.tampered","timestamp":"2025-12-02T17:12:00.058Z","outcome":"failure","errorCode":"INVALID_SESSION","errorMessage":"Session token is invalid or expired","metadata":{"reason":"session_not_found_or_expired"}}
{"eventId":"06804322-ab83-4723-9e84-f88e6be7f92e","eventType":"auth.session.tampered","timestamp":"2025-12-02T17:12:00.061Z","outcome":"failure","errorCode":"INVALID_SESSION","errorMessage":"Session token is invalid or expired","metadata":{"reason":"session_not_found_or_expired"}}
{"eventId":"9fab8004-4388-4778-b7c7-6cc8cf515948","eventType":"auth.session.tampered","timestamp":"2025-12-02T17:12:00.065Z","outcome":"failure","errorCode":"INVALID_SESSION","errorMessage":"Session token is invalid or expired","metadata":{"reason":"session_not_found_or_expired"}}
{"eventId":"8385f1cf-b159-4c2b-b2f9-0a071a9920d3","eventType":"auth.session.tampered","timestamp":"2025-12-02T17:12:00.070Z","outcome":"failure","errorCode":"INVALID_SESSION","errorMessage":"Session token is invalid or expired","metadata":{"reason":"session_not_found_or_expired"}}
{"eventId":"7695f9d0-733f-4561-8251-86b7a76ae2c1","eventType":"auth.session.tampered","timestamp":"2025-12-02T17:12:00.080Z","outcome":"failure","errorCode":"INVALID_SESSION","errorMessage":"Session token is invalid or expired","metadata":{"reason":"session_not_found_or_expired"}}
{"eventId":"0af1cfc2-922a-44b2-b385-be60ac9798b0","eventType":"auth.session.tampered","timestamp":"2025-12-02T17:12:00.081Z","outcome":"failure","errorCode":"INVALID_SESSION","errorMessage":"Session token is invalid or expired","metadata":{"reason":"session_not_found_or_expired"}}
{"eventId":"ae5a2d5b-a1ff-4c95-b6f8-823f7508e1ce","eventType":"auth.session.tampered","timestamp":"2025-12-02T17:12:00.082Z","outcome":"failure","errorCode":"INVALID_SESSION","errorMessage":"Session token is invalid or expired","metadata":{"reason":"session_not_found_or_expired"}}
{"eventId":"89bd9166-da1c-479a-9408-9c14bbb1a75a","eventType":"auth.session.tampered","timestamp":"2025-12-02T17:12:00.083Z","outcome":"failure","errorCode":"INVALID_SESSION","errorMessage":"Session token is invalid or expired","metadata":{"reason":"session_not_found_or_expired"}}
{"eventId":"cb83f8de-0d62-4e17-937c-68f5bf136ae5","eventType":"auth.session.tampered","timestamp":"2025-12-02T17:12:00.086Z","outcome":"failure","errorCode":"INVALID_SESSION","errorMessage":"Session token is invalid or expired","metadata":{"reason":"session_not_found_or_expired"}}
{"eventId":"2746b821-41bc-4603-abf5-648b358e9510","eventType":"auth.session.tampered","timestamp":"2025-12-02T17:12:00.088Z","outcome":"failure","errorCode":"INVALID_SESSION","errorMessage":"Session token is invalid or expired","metadata":{"reason":"session_not_found_or_expired"}}
{"eventId":"f56212b7-5f5a-4f73-99a3-8c53baaad38a","eventType":"auth.session.tampered","timestamp":"2025-12-02T17:12:00.089Z","outcome":"failure","errorCode":"INVALID_SESSION","errorMessage":"Session token is invalid or expired","metadata":{"reason":"session_not_found_or_expired"}}
{"eventId":"b0f6cadc-c1b3-49d0-9482-aa59ae9bb442","eventType":"auth.session.tampered","timestamp":"2025-12-02T17:12:00.089Z","outcome":"failure","errorCode":"INVALID_SESSION","errorMessage":"Session token is invalid or expired","metadata":{"reason":"session_not_found_or_expired"}}
{"eventId":"6d1fb202-39c8-438f-842d-256e81a1f4e8","eventType":"auth.session.tampered","timestamp":"2025-12-02T17:12:00.090Z","outcome":"failure","errorCode":"INVALID_SESSION","errorMessage":"Session token is invalid or expired","metadata":{"reason":"session_not_found_or_expired"}}
{"eventId":"2633400a-ab7c-4449-aee5-03c794bff166","eventType":"auth.session.tampered","timestamp":"2025-12-02T17:12:00.091Z","outcome":"failure","errorCode":"INVALID_SESSION","errorMessage":"Session token is invalid or expired","metadata":{"reason":"session_not_found_or_expired"}}
{"eventId":"17ff7306-ccc1-4cef-8913-5342ac8becc4","eventType":"auth.session.tampered","timestamp":"2025-12-02T17:12:00.091Z","outcome":"failure","errorCode":"INVALID_SESSION","errorMessage":"Session token is invalid or expired","metadata":{"reason":"session_not_found_or_expired"}}
{"eventId":"c9f7f663-770c-4488-a947-719ea2406384","eventType":"auth.session.tampered","timestamp":"2025-12-02T17:12:00.092Z","outcome":"failure","errorCode":"INVALID_SESSION","errorMessage":"Session token is invalid or expired","metadata":{"reason":"session_not_found_or_expired"}}
{"eventId":"cf93ceaa-3547-45fc-bd92-870f80675c74","eventType":"auth.session.tampered","timestamp":"2025-12-02T17:12:00.093Z","outcome":"failure","errorCode":"INVALID_SESSION","errorMessage":"Session token is invalid or expired","metadata":{"reason":"session_not_found_or_expired"}}
{"eventId":"fa9a99f1-a70c-4817-a299-f2aa6d0aa2a6","eventType":"auth.session.tampered","timestamp":"2025-12-02T17:12:00.093Z","outcome":"failure","errorCode":"INVALID_SESSION","errorMessage":"Session token is invalid or expired","metadata":{"reason":"session_not_found_or_expired"}}
{"eventId":"79f6171b-0014-47bf-99f3-64042c1b7355","eventType":"auth.session.tampered","timestamp":"2025-12-02T17:12:00.094Z","outcome":"failure","errorCode":"INVALID_SESSION","errorMessage":"Session token is invalid or expired","metadata":{"reason":"session_not_found_or_expired"}}
{"eventId":"71fe1996-a805-4474-b0ba-033ba87dd3f0","eventType":"auth.session.tampered","timestamp":"2025-12-02T17:12:00.095Z","outcome":"failure","errorCode":"INVALID_SESSION","errorMessage":"Session token is invalid or expired","metadata":{"reason":"session_not_found_or_expired"}}
{"eventId":"a409f745-0279-4821-91e5-ef653350521b","eventType":"auth.session.tampered","timestamp":"2025-12-02T17:12:00.097Z","outcome":"failure","errorCode":"INVALID_SESSION","errorMessage":"Session token is invalid or expired","metadata":{"reason":"session_not_found_or_expired"}}
{"eventId":"7d4467cf-2f5c-40b5-ae49-68d23c0f7f7f","eventType":"auth.session.tampered","timestamp":"2025-12-02T17:12:00.098Z","outcome":"failure","errorCode":"INVALID_SESSION","errorMessage":"Session token is invalid or expired","metadata":{"reason":"session_not_found_or_expired"}}
{"eventId":"c8cf3056-51a9-480c-90fa-6ec30e36e50e","eventType":"auth.session.tampered","timestamp":"2025-12-02T17:12:00.099Z","outcome":"failure","errorCode":"INVALID_SESSION","errorMessage":"Session token is invalid or expired","metadata":{"reason":"session_not_found_or_expired"}}
{"eventId":"cc9bacb6-d315-44b5-a622-65d4391620dd","eventType":"auth.session.tampered","timestamp":"2025-12-02T17:12:00.099Z","outcome":"failure","errorCode":"INVALID_SESSION","errorMessage":"Session token is invalid or expired","metadata":{"reason":"session_not_found_or_expired"}}
{"eventId":"eaf7de67-773f-412c-a7e1-ffee52bb1208","eventType":"auth.session.tampered","timestamp":"2025-12-02T17:12:00.100Z","outcome":"failure","errorCode":"INVALID_SESSION","errorMessage":"Session token is invalid or expired","metadata":{"reason":"session_not_found_or_expired"}}
{"eventId":"0de8950c-a9c4-4fc7-b622-f69cbbc03e46","eventType":"auth.session.tampered","timestamp":"2025-12-02T17:12:00.102Z","outcome":"failure","errorCode":"INVALID_SESSION","errorMessage":"Session token is invalid or expired","metadata":{"reason":"session_not_found_or_expired"}}
{"eventId":"666612d4-1183-4f68-beb5-63dd7e7449d6","eventType":"auth.session.tampered","timestamp":"2025-12-02T17:12:00.103Z","outcome":"failure","errorCode":"INVALID_SESSION","errorMessage":"Session token is invalid or expired","metadata":{"reason":"session_not_found_or_expired"}}
{"eventId":"e8071f54-b246-4d8f-9787-86ba4df11a1c","eventType":"auth.session.tampered","timestamp":"2025-12-02T17:12:00.104Z","outcome":"failure","errorCode":"INVALID_SESSION","errorMessage":"Session token is invalid or expired","metadata":{"reason":"session_not_found_or_expired"}}
{"eventId":"ef01b18a-ab14-4654-8d20-affa694f1f64","eventType":"auth.session.tampered","timestamp":"2025-12-02T17:12:00.105Z","outcome":"failure","errorCode":"INVALID_SESSION","errorMessage":"Session token is invalid or expired","metadata":{"reason":"session_not_found_or_expired"}}
{"eventId":"2544f027-f05c-4409-add6-8e90e84e012a","eventType":"auth.session.tampered","timestamp":"2025-12-02T17:12:00.105Z","outcome":"failure","errorCode":"INVALID_SESSION","errorMessage":"Session token is invalid or expired","metadata":{"reason":"session_not_found_or_expired"}}
{"eventId":"cacf7546-d5a9-4666-a420-1e94d041e7bc","eventType":"auth.session.tampered","timestamp":"2025-12-02T17:12:00.106Z","outcome":"failure","errorCode":"INVALID_SESSION","errorMessage":"Session token is invalid or expired","metadata":{"reason":"session_not_found_or_expired"}}
{"eventId":"086d2318-7450-464e-a3b3-c050416b7148","eventType":"auth.session.tampered","timestamp":"2025-12-02T17:12:00.106Z","outcome":"failure","errorCode":"INVALID_SESSION","errorMessage":"Session token is invalid or expired","metadata":{"reason":"session_not_found_or_expired"}}
{"eventId":"747eae97-a74a-46e6-ab40-bfd941dea909","eventType":"auth.session.tampered","timestamp":"2025-12-02T17:12:00.107Z","outcome":"failure","errorCode":"INVALID_SESSION","errorMessage":"Session token is invalid or expired","metadata":{"reason":"session_not_found_or_expired"}}
{"eventId":"5ded588d-92c9-41ba-a589-e988b70ffcff","eventType":"auth.session.tampered","timestamp":"2025-12-02T17:12:00.108Z","outcome":"failure","errorCode":"INVALID_SESSION","errorMessage":"Session token is invalid or expired","metadata":{"reason":"session_not_found_or_expired"}}
{"eventId":"f5948369-4389-4cb0-a08c-ac41698e2180","eventType":"auth.session.tampered","timestamp":"2025-12-02T17:12:00.108Z","outcome":"failure","errorCode":"INVALID_SESSION","errorMessage":"Session token is invalid or expired","metadata":{"reason":"session_not_found_or_expired"}}
{"eventId":"27356421-ae68-4608-a0a6-fb2de569c7c9","eventType":"auth.session.tampered","timestamp":"2025-12-02T17:12:00.109Z","outcome":"failure","errorCode":"INVALID_SESSION","errorMessage":"Session token is invalid or expired","metadata":{"reason":"session_not_found_or_expired"}}
{"eventId":"7d87fd99-a95c-4059-b419-a824d698c2fa","eventType":"auth.session.tampered","timestamp":"2025-12-02T17:12:00.110Z","outcome":"failure","errorCode":"INVALID_SESSION","errorMessage":"Session token is invalid or expired","metadata":{"reason":"session_not_found_or_expired"}}
{"eventId":"ec784895-4b00-44e6-92b1-aeb39a6775e5","eventType":"auth.session.tampered","timestamp":"2025-12-02T17:12:00.110Z","outcome":"failure","errorCode":"INVALID_SESSION","errorMessage":"Session token is invalid or expired","metadata":{"reason":"session_not_found_or_expired"}}
{"eventId":"73908ade-f035-4abe-9390-19daad68f42a","eventType":"auth.session.tampered","timestamp":"2025-12-02T17:12:00.112Z","outcome":"failure","errorCode":"INVALID_SESSION","errorMessage":"Session token is invalid or expired","metadata":{"reason":"session_not_found_or_expired"}}
{"eventId":"2c5d853f-640b-4431-8bca-35352bd73635","eventType":"auth.session.tampered","timestamp":"2025-12-02T17:12:00.113Z","outcome":"failure","errorCode":"INVALID_SESSION","errorMessage":"Session token is invalid or expired","metadata":{"reason":"session_not_found_or_expired"}}
{"eventId":"7e3b4911-5f7c-44df-90e0-e1a01d373b11","eventType":"auth.session.tampered","timestamp":"2025-12-02T17:12:00.114Z","outcome":"failure","errorCode":"INVALID_SESSION","errorMessage":"Session token is invalid or expired","metadata":{"reason":"session_not_found_or_expired"}}
{"eventId":"3f035010-596d-4db2-a2d2-984b59d0a717","eventType":"auth.session.tampered","timestamp":"2025-12-02T17:12:00.115Z","outcome":"failure","errorCode":"INVALID_SESSION","errorMessage":"Session token is invalid or expired","metadata":{"reason":"session_not_found_or_expired"}}
{"eventId":"0f563fed-5ce2-47b5-8644-1c9cbc40ac20","eventType":"auth.session.tampered","timestamp":"2025-12-02T17:12:00.116Z","outcome":"failure","errorCode":"INVALID_SESSION","errorMessage":"Session token is invalid or expired","metadata":{"reason":"session_not_found_or_expired"}}
{"eventId":"ebff460a-dc02-43e6-9fbb-d2a39cc669fc","eventType":"auth.session.tampered","timestamp":"2025-12-02T17:12:00.118Z","outcome":"failure","errorCode":"INVALID_SESSION","errorMessage":"Session token is invalid or expired","metadata":{"reason":"session_not_found_or_expired"}}
{"eventId":"cbb6e32f-304c-49ef-9a19-e38cea4e0c90","eventType":"auth.session.tampered","timestamp":"2025-12-02T17:12:00.121Z","outcome":"failure","errorCode":"INVALID_SESSION","errorMessage":"Session token is invalid or expired","metadata":{"reason":"session_not_found_or_expired"}}
{"eventId":"172df616-bf2e-4baf-a602-f74d67f56ac8","eventType":"auth.session.tampered","timestamp":"2025-12-02T17:12:00.123Z","outcome":"failure","errorCode":"INVALID_SESSION","errorMessage":"Session token is invalid or expired","metadata":{"reason":"session_not_found_or_expired"}}
{"eventId":"70977cde-6763-471b-b43d-4f542fb39bec","eventType":"auth.session.tampered","timestamp":"2025-12-02T17:12:00.124Z","outcome":"failure","errorCode":"INVALID_SESSION","errorMessage":"Session token is invalid or expired","metadata":{"reason":"session_not_found_or_expired"}}
{"eventId":"433c4d58-d66e-4cb4-a676-5f2ba650f9bf","eventType":"auth.session.tampered","timestamp":"2025-12-02T17:12:00.126Z","outcome":"failure","errorCode":"INVALID_SESSION","errorMessage":"Session token is invalid or expired","metadata":{"reason":"session_not_found_or_expired"}}
{"eventId":"40d7e823-a091-4bea-ae5d-0691229b5c0a","eventType":"auth.session.tampered","timestamp":"2025-12-02T17:12:00.127Z","outcome":"failure","errorCode":"INVALID_SESSION","errorMessage":"Session token is invalid or expired","metadata":{"reason":"session_not_found_or_expired"}}
{"eventId":"e48cd845-564f-4745-ae13-a59a2f20ea50","eventType":"auth.session.tampered","timestamp":"2025-12-02T17:12:00.127Z","outcome":"failure","errorCode":"INVALID_SESSION","errorMessage":"Session token is invalid or expired","metadata":{"reason":"session_not_found_or_expired"}}
{"eventId":"73cba934-d381-4d30-8310-9c920c130930","eventType":"auth.session.tampered","timestamp":"2025-12-02T17:12:00.129Z","outcome":"failure","errorCode":"INVALID_SESSION","errorMessage":"Session token is invalid or expired","metadata":{"reason":"session_not_found_or_expired"}}
{"eventId":"6112c259-a132-43fc-8e91-fe6e608ffbad","eventType":"auth.session.tampered","timestamp":"2025-12-02T17:12:00.130Z","outcome":"failure","errorCode":"INVALID_SESSION","errorMessage":"Session token is invalid or expired","metadata":{"reason":"session_not_found_or_expired"}}
{"eventId":"3cfbef43-a081-4e95-9a78-f8c885bf73df","eventType":"auth.session.tampered","timestamp":"2025-12-02T17:12:00.131Z","outcome":"failure","errorCode":"INVALID_SESSION","errorMessage":"Session token is invalid or expired","metadata":{"reason":"session_not_found_or_expired"}}
{"eventId":"e700b42e-39f0-4755-9889-224a68f86b83","eventType":"auth.session.tampered","timestamp":"2025-12-02T17:12:00.131Z","outcome":"failure","errorCode":"INVALID_SESSION","errorMessage":"Session token is invalid or expired","metadata":{"reason":"session_not_found_or_expired"}}
{"eventId":"1f4f44d8-39c9-4ba7-91c2-b515778e2e00","eventType":"auth.session.tampered","timestamp":"2025-12-02T17:12:00.132Z","outcome":"failure","errorCode":"INVALID_SESSION","errorMessage":"Session token is invalid or expired","metadata":{"reason":"session_not_found_or_expired"}}
{"eventId":"b6b27743-976a-442e-85fb-28b17c6ef68b","eventType":"auth.session.tampered","timestamp":"2025-12-02T17:12:00.132Z","outcome":"failure","errorCode":"INVALID_SESSION","errorMessage":"Session token is invalid or expired","metadata":{"reason":"session_not_found_or_expired"}}
{"eventId":"d7b70970-3344-48e3-b371-32075757e68e","eventType":"auth.session.tampered","timestamp":"2025-12-02T17:12:00.134Z","outcome":"failure","errorCode":"INVALID_SESSION","errorMessage":"Session token is invalid or expired","metadata":{"reason":"session_not_found_or_expired"}}
{"eventId":"2bf2776f-b6b7-4a08-848a-bc802db32d93","eventType":"auth.session.tampered","timestamp":"2025-12-02T17:12:00.137Z","outcome":"failure","errorCode":"INVALID_SESSION","errorMessage":"Session token is invalid or expired","metadata":{"reason":"session_not_found_or_expired"}}
{"eventId":"e32d717d-dab0-491e-b470-1b63205f05f4","eventType":"auth.session.tampered","timestamp":"2025-12-02T17:12:00.141Z","outcome":"failure","errorCode":"INVALID_SESSION","errorMessage":"Session token is invalid or expired","metadata":{"reason":"session_not_found_or_expired"}}
{"eventId":"4a6d79cb-6d25-4140-ae16-c41d2c435821","eventType":"auth.session.tampered","timestamp":"2025-12-02T17:12:00.143Z","outcome":"failure","errorCode":"INVALID_SESSION","errorMessage":"Session token is invalid or expired","metadata":{"reason":"session_not_found_or_expired"}}
{"eventId":"86c4cd4d-3edc-42b3-af16-2ffb6d4dcde0","eventType":"auth.session.tampered","timestamp":"2025-12-02T17:12:00.145Z","outcome":"failure","errorCode":"INVALID_SESSION","errorMessage":"Session token is invalid or expired","metadata":{"reason":"session_not_found_or_expired"}}
{"eventId":"de0799d5-3a0e-4db7-a2a9-35fc5c8cbe3a","eventType":"auth.session.tampered","timestamp":"2025-12-02T17:12:00.146Z","outcome":"failure","errorCode":"INVALID_SESSION","errorMessage":"Session token is invalid or expired","metadata":{"reason":"session_not_found_or_expired"}}
{"eventId":"2bf7c9b9-62bd-43c8-ac23-1fb9305c737e","eventType":"auth.session.tampered","timestamp":"2025-12-02T17:12:00.147Z","outcome":"failure","errorCode":"INVALID_SESSION","errorMessage":"Session token is invalid or expired","metadata":{"reason":"session_not_found_or_expired"}}
{"eventId":"c4eee27e-16c7-4826-8be5-7b03a9c7bdf9","eventType":"auth.session.tampered","timestamp":"2025-12-02T17:12:00.148Z","outcome":"failure","errorCode":"INVALID_SESSION","errorMessage":"Session token is invalid or expired","metadata":{"reason":"session_not_found_or_expired"}}
{"eventId":"13fa7223-bb82-4f27-8e9f-8861766b71af","eventType":"auth.session.tampered","timestamp":"2025-12-02T17:12:00.149Z","outcome":"failure","errorCode":"INVALID_SESSION","errorMessage":"Session token is invalid or expired","metadata":{"reason":"session_not_found_or_expired"}}

stderr | src/app/api/auth/reset-password/__tests__/route.test.ts > POST /api/auth/reset-password > should reject already used token
{"eventId":"423f30b5-3759-4fe6-8019-3ccf43af3d00","eventType":"auth.reset_password.failure","timestamp":"2025-12-02T17:12:00.214Z","outcome":"failure","ipAddress":"127.0.0.1","userAgent":"unknown","requestId":"0ec2a3a8-cde9-423a-8e0b-ff2fa153eaa1","errorCode":"INVALID_TOKEN","errorMessage":"Invalid or expired password reset token","metadata":{"reason":"invalid_or_expired_token"}}

stdout | src/app/api/auth/reset-password/__tests__/route.test.ts > POST /api/auth/reset-password > should reject already used token
{"eventId":"3e62e1dc-e0af-42cb-bc9f-30a7cb12f5c3","eventType":"auth.reset_password.success","timestamp":"2025-12-02T17:12:00.212Z","outcome":"success","userId":"2c7f7587-f3a5-4a34-8659-352b0ab87f64","email":"93bc41ccb203067d","ipAddress":"127.0.0.1","userAgent":"unknown","requestId":"9589bd0d-3ec7-485e-a1f8-e4c562822ed9","metadata":{"tokenId":"a71e9ecc-3cd7-4209-81cc-ed5e910a19d9","sessionsInvalidated":true}}
{"eventId":"07701fae-e1e5-4974-a883-8a2287402f31","eventType":"auth.reset_password.success","timestamp":"2025-12-02T17:12:00.213Z","outcome":"success","ipAddress":"127.0.0.1","userAgent":"unknown","requestId":"0ec2a3a8-cde9-423a-8e0b-ff2fa153eaa1","metadata":{"stage":"attempt"}}

stdout | src/server/auth/__tests__/rbac.test.ts > RBAC - Property-Based Tests > Property 20: Editor roles mark billable seats
[2025-12-02T17:12:00.441Z] [App] [INFO] rbac.assign_role.success {
  userId: '76fcd0a0-f919-4fa5-a799-f637e815d224',
  role: 'TEAM_EDITOR',
  resourceType: 'team',
  resourceId: '9b2f23b8-9087-4929-beff-641053951b4e',
  roleId: '75e2ed07-67f2-4bb6-b17a-a9d4e39e72fb'
}
[2025-12-02T17:12:00.442Z] [App] [INFO] rbac.update_billable_seats { teamId: '9b2f23b8-9087-4929-beff-641053951b4e', billableSeats: 2 }
[2025-12-02T17:12:00.443Z] [App] [INFO] rbac.remove_role.success {
  userId: '76fcd0a0-f919-4fa5-a799-f637e815d224',
  role: 'TEAM_EDITOR',
  resourceType: 'team',
  resourceId: '9b2f23b8-9087-4929-beff-641053951b4e'
}
[2025-12-02T17:12:00.443Z] [App] [INFO] rbac.update_billable_seats { teamId: '9b2f23b8-9087-4929-beff-641053951b4e', billableSeats: 1 }

stderr | src/app/api/auth/reset-password/__tests__/route.test.ts > POST /api/auth/reset-password > should reject password that does not meet requirements
{"eventId":"70fff948-4c5d-4422-9dfd-0199ce5df975","eventType":"auth.reset_password.failure","timestamp":"2025-12-02T17:12:00.515Z","outcome":"failure","ipAddress":"127.0.0.1","userAgent":"unknown","requestId":"2d20e8a5-7d01-4214-a38a-61b06a033ab8","errorCode":"VALIDATION_ERROR","errorMessage":"Password must be at least 8 characters","metadata":{"field":"password","details":{"password":["Password must be at least 8 characters","Password must contain at least one uppercase letter","Password must contain at least one number","Password must contain at least one special character"]}}}

stdout | src/app/api/auth/me/__tests__/me.property.test.ts > GET /api/auth/me - Property-Based Tests > Property 9 (negative case): Missing session denies access
[2025-12-02T17:12:00.518Z] [App] [INFO] auth.me.failure {
  requestId: '0c32b0b0-5955-4890-92ec-2cea09803c02',
  reason: 'no_session'
}

stdout | src/server/auth/__tests__/rbac.test.ts > RBAC - Property-Based Tests > Property 20: Editor roles mark billable seats
[2025-12-02T17:12:00.648Z] [App] [INFO] rbac.assign_role.success {
  userId: '6622e9e3-7fa1-4fc6-8685-e7e8810f669f',
  role: 'TEAM_MEMBER',
  resourceType: 'team',
  resourceId: '86ba7567-f959-4530-922c-c055a96182dd',
  roleId: '26df1cc2-4d16-4bc2-ad96-b8a08062bcba'
}
[2025-12-02T17:12:00.650Z] [App] [INFO] rbac.assign_role.success {
  userId: '6622e9e3-7fa1-4fc6-8685-e7e8810f669f',
  role: 'PROJECT_EDITOR',
  resourceType: 'project',
  resourceId: '5e263c54-0f4d-4e5d-83b3-c7c349ee2b1d',
  roleId: '6028d574-21d3-4bc4-979f-d3ebbfe9b85a'
}
[2025-12-02T17:12:00.654Z] [App] [INFO] rbac.update_role.success {
  userId: '6622e9e3-7fa1-4fc6-8685-e7e8810f669f',
  oldRole: 'TEAM_MEMBER',
  newRole: 'TEAM_EDITOR',
  resourceType: 'team',
  resourceId: '86ba7567-f959-4530-922c-c055a96182dd'
}
[2025-12-02T17:12:00.655Z] [App] [INFO] rbac.update_billable_seats { teamId: '86ba7567-f959-4530-922c-c055a96182dd', billableSeats: 1 }
[2025-12-02T17:12:00.660Z] [App] [INFO] rbac.assign_role.success {
  userId: '6622e9e3-7fa1-4fc6-8685-e7e8810f669f',
  role: 'TEAM_OWNER',
  resourceType: 'team',
  resourceId: '86ba7567-f959-4530-922c-c055a96182dd',
  roleId: '8dd47f37-fa39-444e-9e02-fd0d80043b9a'
}

stdout | src/app/api/auth/me/__tests__/me.property.test.ts > GET /api/auth/me - Property-Based Tests > Property 9 (negative case): Expired session denies access
[2025-12-02T17:12:00.713Z] [App] [INFO] auth.me.failure {
  requestId: '8d7a4c78-49f7-4fc8-b0c3-c46506b9aefb',
  reason: 'no_session'
}

stderr | src/app/api/auth/me/__tests__/me.property.test.ts > GET /api/auth/me - Property-Based Tests > Property 9 (negative case): Expired session denies access
{"eventId":"57bf7749-d91d-4e97-ae59-839c2c0a8455","eventType":"auth.session.tampered","timestamp":"2025-12-02T17:12:00.713Z","outcome":"failure","errorCode":"INVALID_SESSION","errorMessage":"Session token is invalid or expired","metadata":{"reason":"session_not_found_or_expired"}}

 ✓ src/app/api/auth/me/__tests__/me.property.test.ts (4 tests) 3008ms
   ✓ GET /api/auth/me - Property-Based Tests > Property 9: Valid session grants access 1797ms
   ✓ GET /api/auth/me - Property-Based Tests > Property 9 (negative case): Invalid session denies access 647ms
   ✓ GET /api/auth/me - Property-Based Tests > Property 9 (negative case): Missing session denies access 341ms
stderr | src/app/api/auth/reset-password/__tests__/route.test.ts > POST /api/auth/reset-password > should reject mismatched passwords
{"eventId":"446edcde-aac6-42db-8a03-15aa842d7951","eventType":"auth.reset_password.failure","timestamp":"2025-12-02T17:12:00.724Z","outcome":"failure","ipAddress":"127.0.0.1","userAgent":"unknown","requestId":"0f0fae15-70c7-4231-a9f4-b38595109949","errorCode":"VALIDATION_ERROR","errorMessage":"Passwords do not match","metadata":{"field":"confirmPassword","details":{"confirmPassword":["Passwords do not match"]}}}

stdout | src/server/auth/__tests__/rbac.test.ts > RBAC - Property-Based Tests > Property 20: Editor roles mark billable seats
[2025-12-02T17:12:00.846Z] [App] [INFO] rbac.assign_role.success {
  userId: '76f38e2b-0788-4679-9639-ccde079894e7',
  role: 'TEAM_EDITOR',
  resourceType: 'team',
  resourceId: '86ba7567-f959-4530-922c-c055a96182dd',
  roleId: '94dc2381-e695-4936-9362-459e137e9403'
}
[2025-12-02T17:12:00.847Z] [App] [INFO] rbac.update_billable_seats { teamId: '86ba7567-f959-4530-922c-c055a96182dd', billableSeats: 2 }
[2025-12-02T17:12:00.848Z] [App] [INFO] rbac.remove_role.success {
  userId: '76f38e2b-0788-4679-9639-ccde079894e7',
  role: 'TEAM_EDITOR',
  resourceType: 'team',
  resourceId: '86ba7567-f959-4530-922c-c055a96182dd'
}
[2025-12-02T17:12:00.849Z] [App] [INFO] rbac.update_billable_seats { teamId: '86ba7567-f959-4530-922c-c055a96182dd', billableSeats: 1 }

stdout | src/server/auth/__tests__/rbac.test.ts > RBAC - Property-Based Tests > Property 20: Editor roles mark billable seats
[2025-12-02T17:12:01.117Z] [App] [INFO] rbac.assign_role.success {
  userId: '0091abf6-a002-42eb-91b4-467097f0629f',
  role: 'TEAM_MEMBER',
  resourceType: 'team',
  resourceId: '98562228-a031-49ed-9da2-d311b6f6d0ec',
  roleId: '54e4a0ed-2750-4274-9fb3-1ed931de89ed'
}
[2025-12-02T17:12:01.135Z] [App] [INFO] rbac.assign_role.success {
  userId: '0091abf6-a002-42eb-91b4-467097f0629f',
  role: 'PROJECT_OWNER',
  resourceType: 'project',
  resourceId: '3966ccb4-3913-4bb5-acca-47cf4863a130',
  roleId: '2b56d393-9668-43b1-88e2-1bf359c87b2b'
}
[2025-12-02T17:12:01.141Z] [App] [INFO] rbac.update_role.success {
  userId: '0091abf6-a002-42eb-91b4-467097f0629f',
  oldRole: 'TEAM_MEMBER',
  newRole: 'TEAM_EDITOR',
  resourceType: 'team',
  resourceId: '98562228-a031-49ed-9da2-d311b6f6d0ec'
}
[2025-12-02T17:12:01.142Z] [App] [INFO] rbac.update_billable_seats { teamId: '98562228-a031-49ed-9da2-d311b6f6d0ec', billableSeats: 1 }
[2025-12-02T17:12:01.167Z] [App] [INFO] rbac.assign_role.success {
  userId: '0091abf6-a002-42eb-91b4-467097f0629f',
  role: 'TEAM_OWNER',
  resourceType: 'team',
  resourceId: '98562228-a031-49ed-9da2-d311b6f6d0ec',
  roleId: 'bd7a196a-ee0b-4748-87f1-dbb919663efe'
}

stderr | src/app/api/auth/reset-password/__tests__/route.test.ts > POST /api/auth/reset-password > should reject missing token
{"eventId":"9baddb16-c68c-409b-a2be-7e6686321338","eventType":"auth.reset_password.failure","timestamp":"2025-12-02T17:12:01.152Z","outcome":"failure","ipAddress":"127.0.0.1","userAgent":"unknown","requestId":"e5619af1-6e3a-453f-b677-ea73fed0b905","errorCode":"VALIDATION_ERROR","errorMessage":"Required","metadata":{"field":"token","details":{"token":["Required"]}}}

 ✓ src/app/api/auth/reset-password/__tests__/route.test.ts (8 tests) 3514ms
   ✓ POST /api/auth/reset-password > should reset password with valid token 644ms
   ✓ POST /api/auth/reset-password > should invalidate all sessions after password reset 361ms
   ✓ POST /api/auth/reset-password > should reject invalid token 326ms
   ✓ POST /api/auth/reset-password > should reject expired token 643ms
   ✓ POST /api/auth/reset-password > should reject already used token 582ms
   ✓ POST /api/auth/reset-password > should reject missing token 429ms
 ✓ src/app/(protected)/route-protection.property.test.ts (5 tests) 785ms
stdout | src/server/teams/__tests__/members.property.test.ts > Team Member Management Properties > Property 13: Management roles require operational roles
[2025-12-02T17:11:58.484Z] [App] [INFO] {"eventId":"f710001a-1c80-4bbd-a080-1fc104730cd5","eventType":"team.create.success","timestamp":"2025-12-02T17:11:58.484Z","outcome":"success","userId":"c7d2502c-d030-4e3c-b52a-efcce25073af","teamId":"7cf62cda-2460-43d7-8951-7a506bf99f3f","teamName":"ctorz3]~(_","metadata":{"slug":"ctorz3","planId":"free"}}
[2025-12-02T17:11:58.488Z] [App] [INFO] {"eventId":"6b49f051-26e9-4e19-970d-ede9b6fc4d7b","eventType":"team.member.add.success","timestamp":"2025-12-02T17:11:58.488Z","outcome":"success","userId":"c7d2502c-d030-4e3c-b52a-efcce25073af","teamId":"7cf62cda-2460-43d7-8951-7a506bf99f3f","metadata":{"addedUserId":"edb5d4e9-c21b-492f-a6b2-9dce258464d6","managementRole":null,"operationalRole":"TEAM_VIEWER"}}
[2025-12-02T17:11:58.491Z] [App] [INFO] {"eventId":"fcb0d26b-3bf4-46e7-a608-1ddc4b1eb08f","eventType":"team.create.success","timestamp":"2025-12-02T17:11:58.491Z","outcome":"success","userId":"200d2299-2e99-4493-9e3f-701e31d1134f","teamId":"22d59c10-cfc5-4ed6-a94b-65e7aacdb7dd","teamName":"|%LAff>L%6MkH","metadata":{"slug":"laffl6mkh","planId":"free"}}
[2025-12-02T17:11:58.493Z] [App] [INFO] {"eventId":"aedf2cf4-b668-49c2-b0b5-ede6f0e1f847","eventType":"team.member.add.success","timestamp":"2025-12-02T17:11:58.493Z","outcome":"success","userId":"200d2299-2e99-4493-9e3f-701e31d1134f","teamId":"22d59c10-cfc5-4ed6-a94b-65e7aacdb7dd","metadata":{"addedUserId":"24a7b22a-d22d-4c0f-a7ff-06d22103c059","managementRole":"TEAM_ADMIN","operationalRole":"TEAM_MEMBER"}}
[2025-12-02T17:11:58.498Z] [App] [INFO] {"eventId":"918439f6-e00b-4994-b5ce-d16b1d92be35","eventType":"team.create.success","timestamp":"2025-12-02T17:11:58.498Z","outcome":"success","userId":"f7111888-3a48-4bc5-b2b2-f930dbe286b2","teamId":"188d5294-16ef-401c-b831-55c9b184fc73","teamName":"caller","metadata":{"slug":"caller","planId":"free"}}
[2025-12-02T17:11:58.514Z] [App] [INFO] {"eventId":"263af7fb-2cac-4b90-b744-f28ce7377665","eventType":"team.member.add.success","timestamp":"2025-12-02T17:11:58.514Z","outcome":"success","userId":"f7111888-3a48-4bc5-b2b2-f930dbe286b2","teamId":"188d5294-16ef-401c-b831-55c9b184fc73","metadata":{"addedUserId":"1ae1dccf-a9b1-43a0-b8a1-1b4542eb8c6e","managementRole":"TEAM_OWNER","operationalRole":"TEAM_MEMBER"}}
[2025-12-02T17:11:58.520Z] [App] [INFO] {"eventId":"5024649e-3510-42d1-94b7-6464ffa0b2af","eventType":"team.create.success","timestamp":"2025-12-02T17:11:58.520Z","outcome":"success","userId":"43cbe4fc-9e98-4088-accf-c62d1159edc3","teamId":"4f9a8da8-86bd-480e-a70e-c30684b898c1","teamName":"apply","metadata":{"slug":"apply","planId":"free"}}
[2025-12-02T17:11:58.522Z] [App] [INFO] {"eventId":"a40a01b8-5c9c-479e-9d96-4129cf173bab","eventType":"team.member.add.success","timestamp":"2025-12-02T17:11:58.522Z","outcome":"success","userId":"43cbe4fc-9e98-4088-accf-c62d1159edc3","teamId":"4f9a8da8-86bd-480e-a70e-c30684b898c1","metadata":{"addedUserId":"75af41ec-0533-4ef0-b7b0-40990964b822","managementRole":"TEAM_OWNER","operationalRole":"TEAM_VIEWER"}}
[2025-12-02T17:11:58.527Z] [App] [INFO] {"eventId":"f1f01625-42af-4e5c-a30a-b005ad358027","eventType":"team.create.success","timestamp":"2025-12-02T17:11:58.527Z","outcome":"success","userId":"cc9a7bd8-72d0-400c-8ca1-6c6fcbe12841","teamId":"c715d76d-09a8-448b-8755-525e4127e8da","teamName":"proto","metadata":{"slug":"proto","planId":"free"}}
[2025-12-02T17:11:58.531Z] [App] [INFO] {"eventId":"52b2fb2b-72b3-42cd-8d00-375c5d12edd5","eventType":"team.member.add.success","timestamp":"2025-12-02T17:11:58.531Z","outcome":"success","userId":"cc9a7bd8-72d0-400c-8ca1-6c6fcbe12841","teamId":"c715d76d-09a8-448b-8755-525e4127e8da","metadata":{"addedUserId":"3d0b2327-7247-4bfd-a87f-bb844d6fdbc7","managementRole":null,"operationalRole":"TEAM_MEMBER"}}
[2025-12-02T17:11:58.533Z] [App] [INFO] {"eventId":"175bcc33-011a-4379-a8ed-9e681fa00f1d","eventType":"team.create.success","timestamp":"2025-12-02T17:11:58.533Z","outcome":"success","userId":"a5ec845b-0b3c-483d-9a4a-3f7514c78d33","teamId":"32e8c4f2-3d34-4d13-92f9-25fe40ba7e34","teamName":"key","metadata":{"slug":"key","planId":"free"}}
[2025-12-02T17:11:58.535Z] [App] [INFO] {"eventId":"df4beca7-a326-475d-bae8-3652f300e112","eventType":"team.member.add.success","timestamp":"2025-12-02T17:11:58.535Z","outcome":"success","userId":"a5ec845b-0b3c-483d-9a4a-3f7514c78d33","teamId":"32e8c4f2-3d34-4d13-92f9-25fe40ba7e34","metadata":{"addedUserId":"af376b66-bea5-4c04-a32d-f70d69c1d72f","managementRole":null,"operationalRole":"TEAM_VIEWER"}}
[2025-12-02T17:11:58.539Z] [App] [INFO] {"eventId":"6408e657-9528-46e1-8b61-4e7c28724d09","eventType":"team.create.success","timestamp":"2025-12-02T17:11:58.539Z","outcome":"success","userId":"2bff6077-7c9f-45ee-8ba3-d7d181e8695f","teamId":"bc2b5c57-e8b3-46eb-b9b9-4b9addb182ad","teamName":"9M[>UU_]","metadata":{"slug":"9muu","planId":"free"}}
[2025-12-02T17:11:58.543Z] [App] [INFO] {"eventId":"bcde827b-bffe-4011-a557-5fff05907de9","eventType":"team.member.add.success","timestamp":"2025-12-02T17:11:58.543Z","outcome":"success","userId":"2bff6077-7c9f-45ee-8ba3-d7d181e8695f","teamId":"bc2b5c57-e8b3-46eb-b9b9-4b9addb182ad","metadata":{"addedUserId":"98309ddd-fb94-4c46-919d-4088cfc5a340","managementRole":"TEAM_OWNER","operationalRole":"TEAM_VIEWER"}}
[2025-12-02T17:11:58.548Z] [App] [INFO] {"eventId":"5190d764-cfff-4cbb-8e42-4432b184d4e9","eventType":"team.create.success","timestamp":"2025-12-02T17:11:58.547Z","outcome":"success","userId":"effd0474-0ced-4650-8786-71b5ceb7fbd2","teamId":"4a903bd9-ad93-4a5b-92d0-0a2a8a545ebf","teamName":"z,oj$zYc$m!c","metadata":{"slug":"zojzycmc","planId":"free"}}
[2025-12-02T17:11:58.551Z] [App] [INFO] {"eventId":"b8e687f9-9361-4a3a-af6e-6bf7d70badee","eventType":"team.member.add.success","timestamp":"2025-12-02T17:11:58.551Z","outcome":"success","userId":"effd0474-0ced-4650-8786-71b5ceb7fbd2","teamId":"4a903bd9-ad93-4a5b-92d0-0a2a8a545ebf","metadata":{"addedUserId":"cda48a10-f1b6-4667-ad8a-fcecdb828098","managementRole":null,"operationalRole":"TEAM_EDITOR"}}
[2025-12-02T17:11:58.581Z] [App] [INFO] {"eventId":"82271d22-0c7a-40b1-9e81-8be51c2ffdbd","eventType":"team.create.success","timestamp":"2025-12-02T17:11:58.581Z","outcome":"success","userId":"9450145f-5aa2-498a-8fbc-80f9b26cf7ae","teamId":"a091530c-f09c-4a9a-8613-d9ccd4b87416","teamName":"WRlwt]pR(9|E","metadata":{"slug":"wrlwtpr9e","planId":"free"}}
[2025-12-02T17:11:58.591Z] [App] [INFO] {"eventId":"fc45fda0-ae1c-428f-ad8b-c9cfdd05fa5d","eventType":"team.member.add.success","timestamp":"2025-12-02T17:11:58.591Z","outcome":"success","userId":"9450145f-5aa2-498a-8fbc-80f9b26cf7ae","teamId":"a091530c-f09c-4a9a-8613-d9ccd4b87416","metadata":{"addedUserId":"f09d6a7b-09fd-4461-9222-d75771f9a99b","managementRole":null,"operationalRole":"TEAM_MEMBER"}}
[2025-12-02T17:11:58.604Z] [App] [INFO] {"eventId":"b8df18a2-f350-47cf-bca1-cde21a53258c","eventType":"team.create.success","timestamp":"2025-12-02T17:11:58.604Z","outcome":"success","userId":"072fc1cf-9a62-46e3-9ece-cdbac09ba133","teamId":"8d8c3647-95d0-4b04-aae5-b66486a00d02","teamName":"}DpNq","metadata":{"slug":"dpnq","planId":"free"}}
[2025-12-02T17:11:58.608Z] [App] [INFO] {"eventId":"3dd0c753-4526-4982-9564-da0b814444cc","eventType":"team.member.add.success","timestamp":"2025-12-02T17:11:58.608Z","outcome":"success","userId":"072fc1cf-9a62-46e3-9ece-cdbac09ba133","teamId":"8d8c3647-95d0-4b04-aae5-b66486a00d02","metadata":{"addedUserId":"9d34af03-09c3-49d7-bfbc-199b776c1a0d","managementRole":"TEAM_ADMIN","operationalRole":"TEAM_EDITOR"}}
[2025-12-02T17:11:58.610Z] [App] [INFO] {"eventId":"5fdeb584-9818-4668-b4c0-96aff6963610","eventType":"team.create.success","timestamp":"2025-12-02T17:11:58.610Z","outcome":"success","userId":"f740c7a2-5d49-47e5-a17c-2638bbe16c98","teamId":"c8092cb4-cb4f-4fad-9e48-f66044e17123","teamName":"#&%ml","metadata":{"slug":"ml","planId":"free"}}
[2025-12-02T17:11:58.620Z] [App] [INFO] {"eventId":"153e05c3-0702-4af5-8d7f-70b206348760","eventType":"team.member.add.success","timestamp":"2025-12-02T17:11:58.620Z","outcome":"success","userId":"f740c7a2-5d49-47e5-a17c-2638bbe16c98","teamId":"c8092cb4-cb4f-4fad-9e48-f66044e17123","metadata":{"addedUserId":"776b2304-1af3-4b59-9ca0-e795740ac43e","managementRole":"TEAM_OWNER","operationalRole":"TEAM_EDITOR"}}
[2025-12-02T17:11:58.622Z] [App] [INFO] {"eventId":"e8ea4f47-5c99-4eaa-92d9-5267e7a49fae","eventType":"team.create.success","timestamp":"2025-12-02T17:11:58.622Z","outcome":"success","userId":"f9f205cc-737d-47ca-8387-d8873193e4bf","teamId":"7701e60e-20c4-4727-8e89-6c8c32cc303d","teamName":"u!=mS|&}","metadata":{"slug":"ums","planId":"free"}}
[2025-12-02T17:11:58.623Z] [App] [INFO] {"eventId":"4792b1e8-064a-4eb2-bf04-cef957c347b4","eventType":"team.member.add.success","timestamp":"2025-12-02T17:11:58.623Z","outcome":"success","userId":"f9f205cc-737d-47ca-8387-d8873193e4bf","teamId":"7701e60e-20c4-4727-8e89-6c8c32cc303d","metadata":{"addedUserId":"9b661198-2b51-4f27-9015-086d93721e34","managementRole":"TEAM_OWNER","operationalRole":"TEAM_EDITOR"}}
[2025-12-02T17:11:58.631Z] [App] [INFO] {"eventId":"fa61c183-a4ea-433f-89d5-65c9d9b9c70b","eventType":"team.create.success","timestamp":"2025-12-02T17:11:58.631Z","outcome":"success","userId":"e0052063-01d8-4e63-9cd7-acd39d9e2f9a","teamId":"a9d4bcae-b4a9-4a5b-9ad9-28a4d8760ce7","teamName":"IQv3XO","metadata":{"slug":"iqv3xo","planId":"free"}}
[2025-12-02T17:11:58.634Z] [App] [INFO] {"eventId":"41b397eb-3b43-412c-8599-138a20d01fa2","eventType":"team.member.add.success","timestamp":"2025-12-02T17:11:58.634Z","outcome":"success","userId":"e0052063-01d8-4e63-9cd7-acd39d9e2f9a","teamId":"a9d4bcae-b4a9-4a5b-9ad9-28a4d8760ce7","metadata":{"addedUserId":"e629a1e3-69e4-4647-9a6a-1638047d77f9","managementRole":null,"operationalRole":"TEAM_EDITOR"}}
[2025-12-02T17:11:58.638Z] [App] [INFO] {"eventId":"eba399db-8764-42de-bb89-593254c5ffe2","eventType":"team.create.success","timestamp":"2025-12-02T17:11:58.638Z","outcome":"success","userId":"eebfdc94-0224-43fe-a202-3c6591c5c112","teamId":"b71640b8-6c15-49e4-99d3-9313e85b57a3","teamName":"7u_/L`f2^=5.","metadata":{"slug":"7ulf25","planId":"free"}}
[2025-12-02T17:11:58.640Z] [App] [INFO] {"eventId":"73c579d0-5e86-4b32-9d2a-4ed2f216e25f","eventType":"team.member.add.success","timestamp":"2025-12-02T17:11:58.640Z","outcome":"success","userId":"eebfdc94-0224-43fe-a202-3c6591c5c112","teamId":"b71640b8-6c15-49e4-99d3-9313e85b57a3","metadata":{"addedUserId":"3a78c112-7275-4984-a8be-6ddcf03bb35e","managementRole":null,"operationalRole":"TEAM_MEMBER"}}
[2025-12-02T17:11:58.642Z] [App] [INFO] {"eventId":"bc68042c-b73c-425b-8cb8-a75c77f95a28","eventType":"team.create.success","timestamp":"2025-12-02T17:11:58.642Z","outcome":"success","userId":"45eca62f-bef3-4f20-ad60-2aace1251a06","teamId":"08027ba0-7969-4f23-a491-4964cbd38551","teamName":"zp]t|l","metadata":{"slug":"zptl","planId":"free"}}
[2025-12-02T17:11:58.644Z] [App] [INFO] {"eventId":"e9de4955-0160-47d5-8ca2-d8e9819a54d8","eventType":"team.member.add.success","timestamp":"2025-12-02T17:11:58.644Z","outcome":"success","userId":"45eca62f-bef3-4f20-ad60-2aace1251a06","teamId":"08027ba0-7969-4f23-a491-4964cbd38551","metadata":{"addedUserId":"bb5cc011-09b4-4c78-9050-83986d54f453","managementRole":null,"operationalRole":"TEAM_MEMBER"}}
[2025-12-02T17:11:58.648Z] [App] [INFO] {"eventId":"b46230e5-8b61-4a67-8f4c-874bb357334e","eventType":"team.create.success","timestamp":"2025-12-02T17:11:58.648Z","outcome":"success","userId":"7b4e4d3b-ca96-4f72-8698-ede596cbcfd0","teamId":"6f8636e8-4202-4ab4-af0a-f40d96c4f790","teamName":"}%@E&)K","metadata":{"slug":"ek","planId":"free"}}
[2025-12-02T17:11:58.649Z] [App] [INFO] {"eventId":"1a97d512-216e-4eb7-96a4-37f790155533","eventType":"team.member.add.success","timestamp":"2025-12-02T17:11:58.649Z","outcome":"success","userId":"7b4e4d3b-ca96-4f72-8698-ede596cbcfd0","teamId":"6f8636e8-4202-4ab4-af0a-f40d96c4f790","metadata":{"addedUserId":"6cab4c8b-991d-4a39-8464-50bd288a52e2","managementRole":"TEAM_ADMIN","operationalRole":"TEAM_MEMBER"}}
[2025-12-02T17:11:58.655Z] [App] [INFO] {"eventId":"fb18a446-fbfe-440c-81b6-21956fa431fc","eventType":"team.create.success","timestamp":"2025-12-02T17:11:58.655Z","outcome":"success","userId":"3011d5be-a778-47c2-a97d-17d523b0b2e2","teamId":"b4f914dc-5be5-48a5-8231-ca68a6407710","teamName":"({5PRdgJbuh","metadata":{"slug":"5prdgjbuh","planId":"free"}}
[2025-12-02T17:11:58.656Z] [App] [INFO] {"eventId":"44cd647c-b2be-4b14-a8b5-070b6c681dad","eventType":"team.member.add.success","timestamp":"2025-12-02T17:11:58.656Z","outcome":"success","userId":"3011d5be-a778-47c2-a97d-17d523b0b2e2","teamId":"b4f914dc-5be5-48a5-8231-ca68a6407710","metadata":{"addedUserId":"1065b534-076f-4093-a8c6-cc6a6d4b4ab2","managementRole":"TEAM_ADMIN","operationalRole":"TEAM_VIEWER"}}
[2025-12-02T17:11:58.658Z] [App] [INFO] {"eventId":"f063483b-f8bf-4ce7-b757-2f7f8103e290","eventType":"team.create.success","timestamp":"2025-12-02T17:11:58.658Z","outcome":"success","userId":"8f425e37-ca88-408a-872a-04fc7ed9ea86","teamId":"f3d9b18c-4ff5-479f-a223-3c59e72f8f76","teamName":"sQ2M^;E#br;eU","metadata":{"slug":"sq2mebreu","planId":"free"}}
[2025-12-02T17:11:58.660Z] [App] [INFO] {"eventId":"daf04f33-04b4-4a77-a08d-da0996e36949","eventType":"team.member.add.success","timestamp":"2025-12-02T17:11:58.660Z","outcome":"success","userId":"8f425e37-ca88-408a-872a-04fc7ed9ea86","teamId":"f3d9b18c-4ff5-479f-a223-3c59e72f8f76","metadata":{"addedUserId":"187430e5-1331-41e0-b9c0-90454b9b9e04","managementRole":null,"operationalRole":"TEAM_MEMBER"}}
[2025-12-02T17:11:58.662Z] [App] [INFO] {"eventId":"ff29f599-8322-4039-9e67-3a7e016b078b","eventType":"team.create.success","timestamp":"2025-12-02T17:11:58.662Z","outcome":"success","userId":"74c6b818-61bb-47a3-b5f9-53331bc3b9c6","teamId":"d5dc80b3-3140-47da-abd4-169d4fa9cc22","teamName":"=key}qtoLo","metadata":{"slug":"keyqtolo","planId":"free"}}
[2025-12-02T17:11:58.681Z] [App] [INFO] {"eventId":"10b5497a-fff2-4ddc-95ec-5c89d7a65a5b","eventType":"team.member.add.success","timestamp":"2025-12-02T17:11:58.681Z","outcome":"success","userId":"74c6b818-61bb-47a3-b5f9-53331bc3b9c6","teamId":"d5dc80b3-3140-47da-abd4-169d4fa9cc22","metadata":{"addedUserId":"2e29fe48-595a-4ed8-b36c-b8e2e43384bb","managementRole":"TEAM_OWNER","operationalRole":"TEAM_EDITOR"}}
[2025-12-02T17:11:58.684Z] [App] [INFO] {"eventId":"59f1cd67-3c5f-434e-914f-2aa547c241b2","eventType":"team.create.success","timestamp":"2025-12-02T17:11:58.684Z","outcome":"success","userId":"5e8fe926-efe2-4d4a-8e1c-5b7a08ec7a0c","teamId":"dd65ec42-f49a-4f43-98c8-2c8ce0ff26a3","teamName":"M**T&7","metadata":{"slug":"mt7","planId":"free"}}
[2025-12-02T17:11:58.708Z] [App] [INFO] {"eventId":"f4086a00-5ff0-44e4-bf79-b63883c947e1","eventType":"team.member.add.success","timestamp":"2025-12-02T17:11:58.708Z","outcome":"success","userId":"5e8fe926-efe2-4d4a-8e1c-5b7a08ec7a0c","teamId":"dd65ec42-f49a-4f43-98c8-2c8ce0ff26a3","metadata":{"addedUserId":"6f6cc323-03ce-4d8e-a98e-6ce70691fcbc","managementRole":null,"operationalRole":"TEAM_VIEWER"}}

stdout | src/server/teams/__tests__/members.property.test.ts > Team Member Management Properties > Property 15: Demotion blocked when projects owned
[2025-12-02T17:11:59.005Z] [App] [INFO] {"eventId":"e7c0e7ee-760a-42f4-8304-4ae5acda04be","eventType":"team.create.success","timestamp":"2025-12-02T17:11:59.005Z","outcome":"success","userId":"9ce23a20-a212-4ac0-be61-057169364a43","teamId":"bbb1e252-601e-42e8-bba7-0b484f104c32","teamName":"zJ0 =] 6[Fn","metadata":{"slug":"zj0-6fn","planId":"free"}}
[2025-12-02T17:11:59.107Z] [App] [INFO] {"eventId":"ff867f1d-968f-4d7d-9221-fa0a5c7a61d6","eventType":"team.member.add.success","timestamp":"2025-12-02T17:11:59.107Z","outcome":"success","userId":"9ce23a20-a212-4ac0-be61-057169364a43","teamId":"bbb1e252-601e-42e8-bba7-0b484f104c32","metadata":{"addedUserId":"62e3b8da-0e20-4b41-a534-44a778fcc752","operationalRole":"TEAM_EDITOR"}}
[2025-12-02T17:11:59.172Z] [App] [INFO] {"eventId":"8a378de1-4aab-4dba-aa01-f93c21a0da97","eventType":"team.create.success","timestamp":"2025-12-02T17:11:59.172Z","outcome":"success","userId":"842b91a1-4f9c-4714-b4ac-73ad86cfd85c","teamId":"e9dde2db-50a6-4281-b221-604e526c5cd4","teamName":"#:>{D7* !%$","metadata":{"slug":"d7","planId":"free"}}
[2025-12-02T17:11:59.201Z] [App] [INFO] {"eventId":"30c4f20a-f66b-45a9-886e-dd3f9ce091d9","eventType":"team.member.add.success","timestamp":"2025-12-02T17:11:59.201Z","outcome":"success","userId":"842b91a1-4f9c-4714-b4ac-73ad86cfd85c","teamId":"e9dde2db-50a6-4281-b221-604e526c5cd4","metadata":{"addedUserId":"3b0d944c-a10c-49c1-898a-ec781c84af06","operationalRole":"TEAM_EDITOR"}}
[2025-12-02T17:11:59.208Z] [App] [INFO] {"eventId":"515677d7-18db-4bf6-8e28-6e8873686528","eventType":"team.create.success","timestamp":"2025-12-02T17:11:59.208Z","outcome":"success","userId":"eeb476de-86bc-4ff5-bbc4-58401fb0e6d1","teamId":"386640b1-1eee-48f3-b751-28658052c4d1","teamName":"OwnPr","metadata":{"slug":"ownpr","planId":"free"}}
[2025-12-02T17:11:59.210Z] [App] [INFO] {"eventId":"cb4e1cb1-4db5-4d50-86c4-5d2a21475680","eventType":"team.member.add.success","timestamp":"2025-12-02T17:11:59.210Z","outcome":"success","userId":"eeb476de-86bc-4ff5-bbc4-58401fb0e6d1","teamId":"386640b1-1eee-48f3-b751-28658052c4d1","metadata":{"addedUserId":"d2c2bd1f-7513-4c17-9c21-026f8139da75","operationalRole":"TEAM_EDITOR"}}
[2025-12-02T17:11:59.217Z] [App] [INFO] {"eventId":"14e2e6a6-7639-44df-8816-f9d40da380ac","eventType":"team.create.success","timestamp":"2025-12-02T17:11:59.217Z","outcome":"success","userId":"bc437903-487f-4190-a4c1-5b48344d793a","teamId":"d5966257-7795-41bd-8d1d-bf9dc1c5e3a1","teamName":"y!e","metadata":{"slug":"ye","planId":"free"}}
[2025-12-02T17:11:59.219Z] [App] [INFO] {"eventId":"cdd83563-91e4-43ad-8170-ca3c5a268c9b","eventType":"team.member.add.success","timestamp":"2025-12-02T17:11:59.219Z","outcome":"success","userId":"bc437903-487f-4190-a4c1-5b48344d793a","teamId":"d5966257-7795-41bd-8d1d-bf9dc1c5e3a1","metadata":{"addedUserId":"934269d2-4b83-4880-96c6-6a0885286129","operationalRole":"TEAM_EDITOR"}}
[2025-12-02T17:11:59.275Z] [App] [INFO] {"eventId":"2f4a79a1-8e0c-40a0-b47d-66a15139c3d5","eventType":"team.create.success","timestamp":"2025-12-02T17:11:59.275Z","outcome":"success","userId":"ec026375-db22-43a2-9546-f879d5240ccc","teamId":"e784f1c7-c7d4-4fcf-bafa-9c2c0acc409c","teamName":"!#$Gp&%~l }","metadata":{"slug":"gpl","planId":"free"}}
[2025-12-02T17:11:59.280Z] [App] [INFO] {"eventId":"612fb846-d015-4124-902e-8f2617d8af11","eventType":"team.member.add.success","timestamp":"2025-12-02T17:11:59.280Z","outcome":"success","userId":"ec026375-db22-43a2-9546-f879d5240ccc","teamId":"e784f1c7-c7d4-4fcf-bafa-9c2c0acc409c","metadata":{"addedUserId":"6bb1c38c-6bfd-4c2c-8019-73cb804abb79","operationalRole":"TEAM_EDITOR"}}
[2025-12-02T17:11:59.285Z] [App] [INFO] {"eventId":"790edfb8-cc27-463a-b3a7-d91dc7fa9363","eventType":"team.create.success","timestamp":"2025-12-02T17:11:59.285Z","outcome":"success","userId":"557a77eb-5a8f-4d23-9c63-ce0be6b566dd","teamId":"89e431a5-6dcb-4bf2-a4f0-479dfa41f35e","teamName":"_yQ}Z`]>IDsi","metadata":{"slug":"yqzidsi","planId":"free"}}
[2025-12-02T17:11:59.289Z] [App] [INFO] {"eventId":"3dfb5377-19ab-4678-a418-d6a7fde64fae","eventType":"team.member.add.success","timestamp":"2025-12-02T17:11:59.289Z","outcome":"success","userId":"557a77eb-5a8f-4d23-9c63-ce0be6b566dd","teamId":"89e431a5-6dcb-4bf2-a4f0-479dfa41f35e","metadata":{"addedUserId":"4af17fe9-a3d1-49e0-9c0d-6e11eb549c1e","operationalRole":"TEAM_EDITOR"}}
[2025-12-02T17:11:59.314Z] [App] [INFO] {"eventId":"d2ac1015-d07e-4745-b18f-863619fe2ddb","eventType":"team.create.success","timestamp":"2025-12-02T17:11:59.314Z","outcome":"success","userId":"5c0d593b-eed0-424f-8533-ae10a08e9026","teamId":"f3a863f0-6a6f-442d-bd96-f86f04590c31","teamName":"[0CEqR?*q(","metadata":{"slug":"0ceqrq","planId":"free"}}
[2025-12-02T17:11:59.317Z] [App] [INFO] {"eventId":"c30b68e9-d14a-42b5-ad69-c557cc1698c3","eventType":"team.member.add.success","timestamp":"2025-12-02T17:11:59.317Z","outcome":"success","userId":"5c0d593b-eed0-424f-8533-ae10a08e9026","teamId":"f3a863f0-6a6f-442d-bd96-f86f04590c31","metadata":{"addedUserId":"6beefe56-c240-4422-aa58-9ed9f8a23e07","operationalRole":"TEAM_EDITOR"}}
[2025-12-02T17:11:59.342Z] [App] [INFO] {"eventId":"96625c9f-ce83-4dc1-a5bb-aea33014c8db","eventType":"team.create.success","timestamp":"2025-12-02T17:11:59.342Z","outcome":"success","userId":"062fcfe1-97bb-4fc2-a7b0-f11b84c140a8","teamId":"4626b24f-07cb-4dc0-bc61-8d0b636ac576","teamName":"E[?dVi/?sZ'","metadata":{"slug":"edvisz","planId":"free"}}
[2025-12-02T17:11:59.441Z] [App] [INFO] {"eventId":"c7e9f66f-34d1-4627-8f62-9be4eb959018","eventType":"team.member.add.success","timestamp":"2025-12-02T17:11:59.441Z","outcome":"success","userId":"062fcfe1-97bb-4fc2-a7b0-f11b84c140a8","teamId":"4626b24f-07cb-4dc0-bc61-8d0b636ac576","metadata":{"addedUserId":"19086e42-3212-4cef-8cf8-4470bbcf8b79","operationalRole":"TEAM_EDITOR"}}
[2025-12-02T17:11:59.451Z] [App] [INFO] {"eventId":"7f880768-d1a0-4668-b1ae-7614c9485e08","eventType":"team.create.success","timestamp":"2025-12-02T17:11:59.451Z","outcome":"success","userId":"d46422b3-0912-4799-a2ef-c33cac7c375f","teamId":"b5db182f-3493-4de8-9944-d69e996bdbc8","teamName":"IKO ^(","metadata":{"slug":"iko","planId":"free"}}
[2025-12-02T17:11:59.453Z] [App] [INFO] {"eventId":"7c0caa65-143e-46a5-9039-ead8886ffd1a","eventType":"team.member.add.success","timestamp":"2025-12-02T17:11:59.453Z","outcome":"success","userId":"d46422b3-0912-4799-a2ef-c33cac7c375f","teamId":"b5db182f-3493-4de8-9944-d69e996bdbc8","metadata":{"addedUserId":"34b512b2-1dbd-40ba-ba2e-f8f5bcf245dd","operationalRole":"TEAM_EDITOR"}}
[2025-12-02T17:11:59.470Z] [App] [INFO] {"eventId":"646c5028-1d0d-402a-9bbd-fd5571dbed26","eventType":"team.create.success","timestamp":"2025-12-02T17:11:59.470Z","outcome":"success","userId":"81f3e25b-a496-4f69-9c8f-bb90e983391e","teamId":"4288c7ad-d48f-4cb4-8c7b-00e76f6d1ba0","teamName":"SI0Uq/&~br","metadata":{"slug":"si0uqbr","planId":"free"}}
[2025-12-02T17:11:59.482Z] [App] [INFO] {"eventId":"350256a2-e810-4ef8-b0cd-71862ae75eff","eventType":"team.member.add.success","timestamp":"2025-12-02T17:11:59.482Z","outcome":"success","userId":"81f3e25b-a496-4f69-9c8f-bb90e983391e","teamId":"4288c7ad-d48f-4cb4-8c7b-00e76f6d1ba0","metadata":{"addedUserId":"0f7cb738-1b30-4198-89bc-782cfa0c19d7","operationalRole":"TEAM_EDITOR"}}
[2025-12-02T17:11:59.486Z] [App] [INFO] {"eventId":"317b3f69-8aec-436f-9a1b-6a53f4c0f52c","eventType":"team.create.success","timestamp":"2025-12-02T17:11:59.486Z","outcome":"success","userId":"329a1a7d-d5e3-4128-8f60-1acb454d5747","teamId":"e28c69f2-1baa-4345-a2af-befabc11b10b","teamName":"J=uu","metadata":{"slug":"juu","planId":"free"}}
[2025-12-02T17:11:59.488Z] [App] [INFO] {"eventId":"32b80bfd-4de5-4658-83f9-6ff8d1021a88","eventType":"team.member.add.success","timestamp":"2025-12-02T17:11:59.488Z","outcome":"success","userId":"329a1a7d-d5e3-4128-8f60-1acb454d5747","teamId":"e28c69f2-1baa-4345-a2af-befabc11b10b","metadata":{"addedUserId":"cbcca3be-3a80-4602-a7f9-819f6ac7047f","operationalRole":"TEAM_EDITOR"}}
[2025-12-02T17:11:59.583Z] [App] [INFO] {"eventId":"8f563b60-577e-4f3b-90c4-55faafba1d5d","eventType":"team.create.success","timestamp":"2025-12-02T17:11:59.583Z","outcome":"success","userId":"0db5fb64-087b-4ff9-9bce-49ec5504045c","teamId":"24b111c6-007a-45d7-9d97-9d487d65608a","teamName":"&bT","metadata":{"slug":"bt","planId":"free"}}
[2025-12-02T17:11:59.585Z] [App] [INFO] {"eventId":"0d7ff6f5-4734-47fa-9017-18a0b8c655d4","eventType":"team.member.add.success","timestamp":"2025-12-02T17:11:59.585Z","outcome":"success","userId":"0db5fb64-087b-4ff9-9bce-49ec5504045c","teamId":"24b111c6-007a-45d7-9d97-9d487d65608a","metadata":{"addedUserId":"0e5915e7-672a-43dc-a82a-39163f945abc","operationalRole":"TEAM_EDITOR"}}
[2025-12-02T17:11:59.589Z] [App] [INFO] {"eventId":"8e97c93e-bb06-4e92-9530-9c23fb156fb0","eventType":"team.create.success","timestamp":"2025-12-02T17:11:59.589Z","outcome":"success","userId":"a8e0eaab-8733-498e-abbf-caa15245e8fd","teamId":"fde6b251-0d64-4640-9981-314bc09df2a6","teamName":"nxA4WMS{;HeG","metadata":{"slug":"nxa4wmsheg","planId":"free"}}
[2025-12-02T17:11:59.591Z] [App] [INFO] {"eventId":"4bb82a1e-9424-4329-a6c3-99052e126c5f","eventType":"team.member.add.success","timestamp":"2025-12-02T17:11:59.591Z","outcome":"success","userId":"a8e0eaab-8733-498e-abbf-caa15245e8fd","teamId":"fde6b251-0d64-4640-9981-314bc09df2a6","metadata":{"addedUserId":"648fdf6e-960a-48ae-a70c-8f3a90e6fa42","operationalRole":"TEAM_EDITOR"}}
[2025-12-02T17:11:59.599Z] [App] [INFO] {"eventId":"d1603d38-bc6f-44a6-9fa8-ef6305459730","eventType":"team.create.success","timestamp":"2025-12-02T17:11:59.599Z","outcome":"success","userId":"bb99b316-85e2-4d70-8333-95303e8203b2","teamId":"e77fcf39-f335-47e0-9de2-8ef3eca7beff","teamName":"3C,*G`F","metadata":{"slug":"3cgf","planId":"free"}}
[2025-12-02T17:11:59.616Z] [App] [INFO] {"eventId":"de6564f2-b42f-4458-982d-f5943316be4b","eventType":"team.member.add.success","timestamp":"2025-12-02T17:11:59.616Z","outcome":"success","userId":"bb99b316-85e2-4d70-8333-95303e8203b2","teamId":"e77fcf39-f335-47e0-9de2-8ef3eca7beff","metadata":{"addedUserId":"4de3a87b-bfc5-4baf-8a69-3893d47cd974","operationalRole":"TEAM_EDITOR"}}
[2025-12-02T17:11:59.862Z] [App] [INFO] {"eventId":"4e24cc2b-907a-4639-9177-7230b7fe2d52","eventType":"team.create.success","timestamp":"2025-12-02T17:11:59.862Z","outcome":"success","userId":"e7863d38-14cc-4bb0-9a43-7c0972fe66c6","teamId":"2619e2d9-8a48-41c8-8913-213c96feae7d","teamName":"V|# L4","metadata":{"slug":"v-l4","planId":"free"}}
[2025-12-02T17:11:59.870Z] [App] [INFO] {"eventId":"3b605281-5ffb-456d-8bb9-736f9cfec388","eventType":"team.member.add.success","timestamp":"2025-12-02T17:11:59.869Z","outcome":"success","userId":"e7863d38-14cc-4bb0-9a43-7c0972fe66c6","teamId":"2619e2d9-8a48-41c8-8913-213c96feae7d","metadata":{"addedUserId":"29f8bbd8-387f-42cc-8c40-392a753b6cf5","operationalRole":"TEAM_EDITOR"}}
[2025-12-02T17:11:59.883Z] [App] [INFO] {"eventId":"cef10f42-e60f-4d37-a7ea-3d4d186dccef","eventType":"team.create.success","timestamp":"2025-12-02T17:11:59.883Z","outcome":"success","userId":"d3ee7550-0dd5-4389-88d1-1e065ca25acd","teamId":"0a49a84d-9b46-4aff-9086-001f7cc17133","teamName":"x~m","metadata":{"slug":"xm","planId":"free"}}
[2025-12-02T17:11:59.891Z] [App] [INFO] {"eventId":"e05f7cdf-4414-44e2-994a-740af65e78a8","eventType":"team.member.add.success","timestamp":"2025-12-02T17:11:59.891Z","outcome":"success","userId":"d3ee7550-0dd5-4389-88d1-1e065ca25acd","teamId":"0a49a84d-9b46-4aff-9086-001f7cc17133","metadata":{"addedUserId":"61f9a94d-9068-4469-82a3-8e5819616d86","operationalRole":"TEAM_EDITOR"}}
[2025-12-02T17:11:59.904Z] [App] [INFO] {"eventId":"2db8b7ef-eaf7-479d-8235-1a7742fac29b","eventType":"team.create.success","timestamp":"2025-12-02T17:11:59.904Z","outcome":"success","userId":"05fddfdc-2805-4359-b60d-cd27d7e55c98","teamId":"8879536e-e1e9-4c5c-b3f2-358ed089e712","teamName":")q^!l#'mx","metadata":{"slug":"qlmx","planId":"free"}}
[2025-12-02T17:11:59.925Z] [App] [INFO] {"eventId":"94c92fc4-1914-468e-a44b-245c05237773","eventType":"team.member.add.success","timestamp":"2025-12-02T17:11:59.925Z","outcome":"success","userId":"05fddfdc-2805-4359-b60d-cd27d7e55c98","teamId":"8879536e-e1e9-4c5c-b3f2-358ed089e712","metadata":{"addedUserId":"4f959f3f-e9b1-4ad6-85fd-019e709f7cf1","operationalRole":"TEAM_EDITOR"}}
[2025-12-02T17:11:59.950Z] [App] [INFO] {"eventId":"8b6f183a-560f-42f3-9b8c-5be53dccb5ea","eventType":"team.create.success","timestamp":"2025-12-02T17:11:59.950Z","outcome":"success","userId":"8d70d829-a57a-49da-a521-a13d67051279","teamId":"04229984-bfa0-45ef-9c35-bf9f55f29d96","teamName":"X~>Q","metadata":{"slug":"xq","planId":"free"}}
[2025-12-02T17:11:59.952Z] [App] [INFO] {"eventId":"2ba491eb-f8bf-4555-b54c-4f94f64a9580","eventType":"team.member.add.success","timestamp":"2025-12-02T17:11:59.952Z","outcome":"success","userId":"8d70d829-a57a-49da-a521-a13d67051279","teamId":"04229984-bfa0-45ef-9c35-bf9f55f29d96","metadata":{"addedUserId":"602ef14a-9e01-4084-85bd-3886bedf4518","operationalRole":"TEAM_EDITOR"}}
[2025-12-02T17:11:59.964Z] [App] [INFO] {"eventId":"2b34db43-9080-415d-99fb-adc7d78c2b6a","eventType":"team.create.success","timestamp":"2025-12-02T17:11:59.964Z","outcome":"success","userId":"4d94e0d2-3ed4-4e41-a982-687bf35199a2","teamId":"6643ba57-a6bb-4de3-8c46-729fe86d3c8a","teamName":"3}T|geI","metadata":{"slug":"3tgei","planId":"free"}}
[2025-12-02T17:11:59.970Z] [App] [INFO] {"eventId":"bdbed18c-9529-4e51-bf24-3224e27f094c","eventType":"team.member.add.success","timestamp":"2025-12-02T17:11:59.970Z","outcome":"success","userId":"4d94e0d2-3ed4-4e41-a982-687bf35199a2","teamId":"6643ba57-a6bb-4de3-8c46-729fe86d3c8a","metadata":{"addedUserId":"acc8af4e-79ed-41ba-a4d3-dffb3ca0d710","operationalRole":"TEAM_EDITOR"}}
[2025-12-02T17:11:59.989Z] [App] [INFO] {"eventId":"19202d43-c386-4ed7-8376-7228dac94372","eventType":"team.create.success","timestamp":"2025-12-02T17:11:59.989Z","outcome":"success","userId":"76440033-9316-4930-9e48-16e694e89467","teamId":"501e3350-bc63-4ffb-af0b-be4ad1123716","teamName":"d-HLEIuDg'/}","metadata":{"slug":"d-hleiudg","planId":"free"}}
[2025-12-02T17:11:59.991Z] [App] [INFO] {"eventId":"bdebae8f-659e-4251-87ca-a3111c91b809","eventType":"team.member.add.success","timestamp":"2025-12-02T17:11:59.991Z","outcome":"success","userId":"76440033-9316-4930-9e48-16e694e89467","teamId":"501e3350-bc63-4ffb-af0b-be4ad1123716","metadata":{"addedUserId":"752c5871-f77c-4dfb-9a76-f69defb8b84e","operationalRole":"TEAM_EDITOR"}}

stderr | src/server/teams/__tests__/members.property.test.ts > Team Member Management Properties > Property 15: Demotion blocked when projects owned
[2025-12-02T17:11:59.153Z] [App] [WARN] {"eventId":"390dbe39-6d99-4714-8743-eafe02415cbc","eventType":"team.member.role_change.failure","timestamp":"2025-12-02T17:11:59.153Z","outcome":"failure","userId":"9ce23a20-a212-4ac0-be61-057169364a43","teamId":"bbb1e252-601e-42e8-bba7-0b484f104c32","errorCode":"MEMBER_OWNS_PROJECTS","errorMessage":"Cannot demote member who owns projects","metadata":{"targetUserId":"62e3b8da-0e20-4b41-a534-44a778fcc752","projectCount":1}}
[2025-12-02T17:11:59.159Z] [App] [WARN] {"eventId":"1ebd9016-f63e-4362-abec-ef0e6325a594","eventType":"team.member.remove.failure","timestamp":"2025-12-02T17:11:59.159Z","outcome":"failure","userId":"9ce23a20-a212-4ac0-be61-057169364a43","teamId":"bbb1e252-601e-42e8-bba7-0b484f104c32","errorCode":"MEMBER_OWNS_PROJECTS","errorMessage":"Cannot remove member who owns projects","metadata":{"removedUserId":"62e3b8da-0e20-4b41-a534-44a778fcc752","projectCount":1}}
[2025-12-02T17:11:59.205Z] [App] [WARN] {"eventId":"7033babe-50a0-481d-a74b-b323d209cc26","eventType":"team.member.role_change.failure","timestamp":"2025-12-02T17:11:59.205Z","outcome":"failure","userId":"842b91a1-4f9c-4714-b4ac-73ad86cfd85c","teamId":"e9dde2db-50a6-4281-b221-604e526c5cd4","errorCode":"MEMBER_OWNS_PROJECTS","errorMessage":"Cannot demote member who owns projects","metadata":{"targetUserId":"3b0d944c-a10c-49c1-898a-ec781c84af06","projectCount":1}}
[2025-12-02T17:11:59.205Z] [App] [WARN] {"eventId":"1a316271-0484-439d-9eda-d12204cc54fb","eventType":"team.member.remove.failure","timestamp":"2025-12-02T17:11:59.205Z","outcome":"failure","userId":"842b91a1-4f9c-4714-b4ac-73ad86cfd85c","teamId":"e9dde2db-50a6-4281-b221-604e526c5cd4","errorCode":"MEMBER_OWNS_PROJECTS","errorMessage":"Cannot remove member who owns projects","metadata":{"removedUserId":"3b0d944c-a10c-49c1-898a-ec781c84af06","projectCount":1}}
[2025-12-02T17:11:59.214Z] [App] [WARN] {"eventId":"52ad2c31-84c0-4c81-a3ef-06571fd72f09","eventType":"team.member.role_change.failure","timestamp":"2025-12-02T17:11:59.214Z","outcome":"failure","userId":"eeb476de-86bc-4ff5-bbc4-58401fb0e6d1","teamId":"386640b1-1eee-48f3-b751-28658052c4d1","errorCode":"MEMBER_OWNS_PROJECTS","errorMessage":"Cannot demote member who owns projects","metadata":{"targetUserId":"d2c2bd1f-7513-4c17-9c21-026f8139da75","projectCount":1}}
[2025-12-02T17:11:59.215Z] [App] [WARN] {"eventId":"0cb4c493-b150-41b7-9c21-5b588f19a16b","eventType":"team.member.remove.failure","timestamp":"2025-12-02T17:11:59.215Z","outcome":"failure","userId":"eeb476de-86bc-4ff5-bbc4-58401fb0e6d1","teamId":"386640b1-1eee-48f3-b751-28658052c4d1","errorCode":"MEMBER_OWNS_PROJECTS","errorMessage":"Cannot remove member who owns projects","metadata":{"removedUserId":"d2c2bd1f-7513-4c17-9c21-026f8139da75","projectCount":1}}
[2025-12-02T17:11:59.257Z] [App] [WARN] {"eventId":"b238733e-25af-4e67-9893-f2ebab7b94d5","eventType":"team.member.role_change.failure","timestamp":"2025-12-02T17:11:59.257Z","outcome":"failure","userId":"bc437903-487f-4190-a4c1-5b48344d793a","teamId":"d5966257-7795-41bd-8d1d-bf9dc1c5e3a1","errorCode":"MEMBER_OWNS_PROJECTS","errorMessage":"Cannot demote member who owns projects","metadata":{"targetUserId":"934269d2-4b83-4880-96c6-6a0885286129","projectCount":1}}
[2025-12-02T17:11:59.259Z] [App] [WARN] {"eventId":"f1dda593-f4ed-4f4b-b188-8d58a0c76f17","eventType":"team.member.remove.failure","timestamp":"2025-12-02T17:11:59.259Z","outcome":"failure","userId":"bc437903-487f-4190-a4c1-5b48344d793a","teamId":"d5966257-7795-41bd-8d1d-bf9dc1c5e3a1","errorCode":"MEMBER_OWNS_PROJECTS","errorMessage":"Cannot remove member who owns projects","metadata":{"removedUserId":"934269d2-4b83-4880-96c6-6a0885286129","projectCount":1}}
[2025-12-02T17:11:59.282Z] [App] [WARN] {"eventId":"c94144d9-0a1a-48bf-ad97-185a96dfc313","eventType":"team.member.role_change.failure","timestamp":"2025-12-02T17:11:59.282Z","outcome":"failure","userId":"ec026375-db22-43a2-9546-f879d5240ccc","teamId":"e784f1c7-c7d4-4fcf-bafa-9c2c0acc409c","errorCode":"MEMBER_OWNS_PROJECTS","errorMessage":"Cannot demote member who owns projects","metadata":{"targetUserId":"6bb1c38c-6bfd-4c2c-8019-73cb804abb79","projectCount":1}}
[2025-12-02T17:11:59.283Z] [App] [WARN] {"eventId":"734edf9e-4f17-40c7-92b6-39cc69996d26","eventType":"team.member.remove.failure","timestamp":"2025-12-02T17:11:59.283Z","outcome":"failure","userId":"ec026375-db22-43a2-9546-f879d5240ccc","teamId":"e784f1c7-c7d4-4fcf-bafa-9c2c0acc409c","errorCode":"MEMBER_OWNS_PROJECTS","errorMessage":"Cannot remove member who owns projects","metadata":{"removedUserId":"6bb1c38c-6bfd-4c2c-8019-73cb804abb79","projectCount":1}}
[2025-12-02T17:11:59.298Z] [App] [WARN] {"eventId":"9e7f9a80-0fe2-4070-9a0e-6f846a4e7f6f","eventType":"team.member.role_change.failure","timestamp":"2025-12-02T17:11:59.298Z","outcome":"failure","userId":"557a77eb-5a8f-4d23-9c63-ce0be6b566dd","teamId":"89e431a5-6dcb-4bf2-a4f0-479dfa41f35e","errorCode":"MEMBER_OWNS_PROJECTS","errorMessage":"Cannot demote member who owns projects","metadata":{"targetUserId":"4af17fe9-a3d1-49e0-9c0d-6e11eb549c1e","projectCount":1}}
[2025-12-02T17:11:59.300Z] [App] [WARN] {"eventId":"79a2e1fb-bc8e-4150-9db7-a904d9ade2dd","eventType":"team.member.remove.failure","timestamp":"2025-12-02T17:11:59.300Z","outcome":"failure","userId":"557a77eb-5a8f-4d23-9c63-ce0be6b566dd","teamId":"89e431a5-6dcb-4bf2-a4f0-479dfa41f35e","errorCode":"MEMBER_OWNS_PROJECTS","errorMessage":"Cannot remove member who owns projects","metadata":{"removedUserId":"4af17fe9-a3d1-49e0-9c0d-6e11eb549c1e","projectCount":1}}
[2025-12-02T17:11:59.325Z] [App] [WARN] {"eventId":"cdc4602b-8501-4441-a56c-c2b3acf1c06a","eventType":"team.member.role_change.failure","timestamp":"2025-12-02T17:11:59.325Z","outcome":"failure","userId":"5c0d593b-eed0-424f-8533-ae10a08e9026","teamId":"f3a863f0-6a6f-442d-bd96-f86f04590c31","errorCode":"MEMBER_OWNS_PROJECTS","errorMessage":"Cannot demote member who owns projects","metadata":{"targetUserId":"6beefe56-c240-4422-aa58-9ed9f8a23e07","projectCount":1}}
[2025-12-02T17:11:59.326Z] [App] [WARN] {"eventId":"84dae8a9-c49c-43bc-bb80-1f025d29f5e5","eventType":"team.member.remove.failure","timestamp":"2025-12-02T17:11:59.326Z","outcome":"failure","userId":"5c0d593b-eed0-424f-8533-ae10a08e9026","teamId":"f3a863f0-6a6f-442d-bd96-f86f04590c31","errorCode":"MEMBER_OWNS_PROJECTS","errorMessage":"Cannot remove member who owns projects","metadata":{"removedUserId":"6beefe56-c240-4422-aa58-9ed9f8a23e07","projectCount":1}}
[2025-12-02T17:11:59.443Z] [App] [WARN] {"eventId":"bcff00b5-860a-46d6-8598-14c6829acca2","eventType":"team.member.role_change.failure","timestamp":"2025-12-02T17:11:59.443Z","outcome":"failure","userId":"062fcfe1-97bb-4fc2-a7b0-f11b84c140a8","teamId":"4626b24f-07cb-4dc0-bc61-8d0b636ac576","errorCode":"MEMBER_OWNS_PROJECTS","errorMessage":"Cannot demote member who owns projects","metadata":{"targetUserId":"19086e42-3212-4cef-8cf8-4470bbcf8b79","projectCount":1}}
[2025-12-02T17:11:59.443Z] [App] [WARN] {"eventId":"1f022988-3a21-4da0-a094-356c6fbe6d11","eventType":"team.member.remove.failure","timestamp":"2025-12-02T17:11:59.443Z","outcome":"failure","userId":"062fcfe1-97bb-4fc2-a7b0-f11b84c140a8","teamId":"4626b24f-07cb-4dc0-bc61-8d0b636ac576","errorCode":"MEMBER_OWNS_PROJECTS","errorMessage":"Cannot remove member who owns projects","metadata":{"removedUserId":"19086e42-3212-4cef-8cf8-4470bbcf8b79","projectCount":1}}
[2025-12-02T17:11:59.467Z] [App] [WARN] {"eventId":"162a0cf8-15a4-47ce-a3ae-8758b492a5e9","eventType":"team.member.role_change.failure","timestamp":"2025-12-02T17:11:59.467Z","outcome":"failure","userId":"d46422b3-0912-4799-a2ef-c33cac7c375f","teamId":"b5db182f-3493-4de8-9944-d69e996bdbc8","errorCode":"MEMBER_OWNS_PROJECTS","errorMessage":"Cannot demote member who owns projects","metadata":{"targetUserId":"34b512b2-1dbd-40ba-ba2e-f8f5bcf245dd","projectCount":1}}
[2025-12-02T17:11:59.468Z] [App] [WARN] {"eventId":"b10171ad-97df-419a-9835-40c37124676d","eventType":"team.member.remove.failure","timestamp":"2025-12-02T17:11:59.468Z","outcome":"failure","userId":"d46422b3-0912-4799-a2ef-c33cac7c375f","teamId":"b5db182f-3493-4de8-9944-d69e996bdbc8","errorCode":"MEMBER_OWNS_PROJECTS","errorMessage":"Cannot remove member who owns projects","metadata":{"removedUserId":"34b512b2-1dbd-40ba-ba2e-f8f5bcf245dd","projectCount":1}}
[2025-12-02T17:11:59.484Z] [App] [WARN] {"eventId":"e7cc5fa7-9f0e-4682-bef3-a1283df0d90e","eventType":"team.member.role_change.failure","timestamp":"2025-12-02T17:11:59.484Z","outcome":"failure","userId":"81f3e25b-a496-4f69-9c8f-bb90e983391e","teamId":"4288c7ad-d48f-4cb4-8c7b-00e76f6d1ba0","errorCode":"MEMBER_OWNS_PROJECTS","errorMessage":"Cannot demote member who owns projects","metadata":{"targetUserId":"0f7cb738-1b30-4198-89bc-782cfa0c19d7","projectCount":1}}
[2025-12-02T17:11:59.484Z] [App] [WARN] {"eventId":"4cbe3ac4-c371-4fba-827f-1aa63ec65b72","eventType":"team.member.remove.failure","timestamp":"2025-12-02T17:11:59.484Z","outcome":"failure","userId":"81f3e25b-a496-4f69-9c8f-bb90e983391e","teamId":"4288c7ad-d48f-4cb4-8c7b-00e76f6d1ba0","errorCode":"MEMBER_OWNS_PROJECTS","errorMessage":"Cannot remove member who owns projects","metadata":{"removedUserId":"0f7cb738-1b30-4198-89bc-782cfa0c19d7","projectCount":1}}
[2025-12-02T17:11:59.492Z] [App] [WARN] {"eventId":"212eaaca-305f-4433-94b0-1dbca5d28e24","eventType":"team.member.role_change.failure","timestamp":"2025-12-02T17:11:59.492Z","outcome":"failure","userId":"329a1a7d-d5e3-4128-8f60-1acb454d5747","teamId":"e28c69f2-1baa-4345-a2af-befabc11b10b","errorCode":"MEMBER_OWNS_PROJECTS","errorMessage":"Cannot demote member who owns projects","metadata":{"targetUserId":"cbcca3be-3a80-4602-a7f9-819f6ac7047f","projectCount":1}}
[2025-12-02T17:11:59.493Z] [App] [WARN] {"eventId":"661c9a9c-e319-42e9-a1a2-8a0f797f91ce","eventType":"team.member.remove.failure","timestamp":"2025-12-02T17:11:59.493Z","outcome":"failure","userId":"329a1a7d-d5e3-4128-8f60-1acb454d5747","teamId":"e28c69f2-1baa-4345-a2af-befabc11b10b","errorCode":"MEMBER_OWNS_PROJECTS","errorMessage":"Cannot remove member who owns projects","metadata":{"removedUserId":"cbcca3be-3a80-4602-a7f9-819f6ac7047f","projectCount":1}}
[2025-12-02T17:11:59.587Z] [App] [WARN] {"eventId":"a6f08ca7-d88e-48f8-b032-3c29237132ac","eventType":"team.member.role_change.failure","timestamp":"2025-12-02T17:11:59.587Z","outcome":"failure","userId":"0db5fb64-087b-4ff9-9bce-49ec5504045c","teamId":"24b111c6-007a-45d7-9d97-9d487d65608a","errorCode":"MEMBER_OWNS_PROJECTS","errorMessage":"Cannot demote member who owns projects","metadata":{"targetUserId":"0e5915e7-672a-43dc-a82a-39163f945abc","projectCount":1}}
[2025-12-02T17:11:59.587Z] [App] [WARN] {"eventId":"558c7201-6cd0-4b2c-aded-52169688a109","eventType":"team.member.remove.failure","timestamp":"2025-12-02T17:11:59.587Z","outcome":"failure","userId":"0db5fb64-087b-4ff9-9bce-49ec5504045c","teamId":"24b111c6-007a-45d7-9d97-9d487d65608a","errorCode":"MEMBER_OWNS_PROJECTS","errorMessage":"Cannot remove member who owns projects","metadata":{"removedUserId":"0e5915e7-672a-43dc-a82a-39163f945abc","projectCount":1}}
[2025-12-02T17:11:59.592Z] [App] [WARN] {"eventId":"ffa788b8-d49b-4b44-ba71-650dbc1958bb","eventType":"team.member.role_change.failure","timestamp":"2025-12-02T17:11:59.592Z","outcome":"failure","userId":"a8e0eaab-8733-498e-abbf-caa15245e8fd","teamId":"fde6b251-0d64-4640-9981-314bc09df2a6","errorCode":"MEMBER_OWNS_PROJECTS","errorMessage":"Cannot demote member who owns projects","metadata":{"targetUserId":"648fdf6e-960a-48ae-a70c-8f3a90e6fa42","projectCount":1}}
[2025-12-02T17:11:59.592Z] [App] [WARN] {"eventId":"cc9e7c52-e4cd-4da9-996c-f690da477c92","eventType":"team.member.remove.failure","timestamp":"2025-12-02T17:11:59.592Z","outcome":"failure","userId":"a8e0eaab-8733-498e-abbf-caa15245e8fd","teamId":"fde6b251-0d64-4640-9981-314bc09df2a6","errorCode":"MEMBER_OWNS_PROJECTS","errorMessage":"Cannot remove member who owns projects","metadata":{"removedUserId":"648fdf6e-960a-48ae-a70c-8f3a90e6fa42","projectCount":1}}
[2025-12-02T17:11:59.675Z] [App] [WARN] {"eventId":"96c0e38b-8330-4633-bec1-9e423335da59","eventType":"team.member.role_change.failure","timestamp":"2025-12-02T17:11:59.675Z","outcome":"failure","userId":"bb99b316-85e2-4d70-8333-95303e8203b2","teamId":"e77fcf39-f335-47e0-9de2-8ef3eca7beff","errorCode":"MEMBER_OWNS_PROJECTS","errorMessage":"Cannot demote member who owns projects","metadata":{"targetUserId":"4de3a87b-bfc5-4baf-8a69-3893d47cd974","projectCount":1}}
[2025-12-02T17:11:59.676Z] [App] [WARN] {"eventId":"da82c828-e876-4e51-bfb9-a26025759f72","eventType":"team.member.remove.failure","timestamp":"2025-12-02T17:11:59.676Z","outcome":"failure","userId":"bb99b316-85e2-4d70-8333-95303e8203b2","teamId":"e77fcf39-f335-47e0-9de2-8ef3eca7beff","errorCode":"MEMBER_OWNS_PROJECTS","errorMessage":"Cannot remove member who owns projects","metadata":{"removedUserId":"4de3a87b-bfc5-4baf-8a69-3893d47cd974","projectCount":1}}
[2025-12-02T17:11:59.879Z] [App] [WARN] {"eventId":"53899bdf-e692-49cb-86da-c0dda70df8b1","eventType":"team.member.role_change.failure","timestamp":"2025-12-02T17:11:59.879Z","outcome":"failure","userId":"e7863d38-14cc-4bb0-9a43-7c0972fe66c6","teamId":"2619e2d9-8a48-41c8-8913-213c96feae7d","errorCode":"MEMBER_OWNS_PROJECTS","errorMessage":"Cannot demote member who owns projects","metadata":{"targetUserId":"29f8bbd8-387f-42cc-8c40-392a753b6cf5","projectCount":1}}
[2025-12-02T17:11:59.880Z] [App] [WARN] {"eventId":"5a31ccd1-afbd-4d70-b4b0-b90adb7eff74","eventType":"team.member.remove.failure","timestamp":"2025-12-02T17:11:59.880Z","outcome":"failure","userId":"e7863d38-14cc-4bb0-9a43-7c0972fe66c6","teamId":"2619e2d9-8a48-41c8-8913-213c96feae7d","errorCode":"MEMBER_OWNS_PROJECTS","errorMessage":"Cannot remove member who owns projects","metadata":{"removedUserId":"29f8bbd8-387f-42cc-8c40-392a753b6cf5","projectCount":1}}
[2025-12-02T17:11:59.901Z] [App] [WARN] {"eventId":"d3520a49-cca7-4d9d-ada1-626e7fb24006","eventType":"team.member.role_change.failure","timestamp":"2025-12-02T17:11:59.901Z","outcome":"failure","userId":"d3ee7550-0dd5-4389-88d1-1e065ca25acd","teamId":"0a49a84d-9b46-4aff-9086-001f7cc17133","errorCode":"MEMBER_OWNS_PROJECTS","errorMessage":"Cannot demote member who owns projects","metadata":{"targetUserId":"61f9a94d-9068-4469-82a3-8e5819616d86","projectCount":1}}
[2025-12-02T17:11:59.902Z] [App] [WARN] {"eventId":"0279cc2f-8a33-4173-85a9-0508b3fd7911","eventType":"team.member.remove.failure","timestamp":"2025-12-02T17:11:59.902Z","outcome":"failure","userId":"d3ee7550-0dd5-4389-88d1-1e065ca25acd","teamId":"0a49a84d-9b46-4aff-9086-001f7cc17133","errorCode":"MEMBER_OWNS_PROJECTS","errorMessage":"Cannot remove member who owns projects","metadata":{"removedUserId":"61f9a94d-9068-4469-82a3-8e5819616d86","projectCount":1}}
[2025-12-02T17:11:59.934Z] [App] [WARN] {"eventId":"ec52281f-8c6d-418e-b42d-c1f0ab997451","eventType":"team.member.role_change.failure","timestamp":"2025-12-02T17:11:59.934Z","outcome":"failure","userId":"05fddfdc-2805-4359-b60d-cd27d7e55c98","teamId":"8879536e-e1e9-4c5c-b3f2-358ed089e712","errorCode":"MEMBER_OWNS_PROJECTS","errorMessage":"Cannot demote member who owns projects","metadata":{"targetUserId":"4f959f3f-e9b1-4ad6-85fd-019e709f7cf1","projectCount":1}}
[2025-12-02T17:11:59.940Z] [App] [WARN] {"eventId":"ea6f2a47-1b71-4d07-a669-4f6b3c995f12","eventType":"team.member.remove.failure","timestamp":"2025-12-02T17:11:59.940Z","outcome":"failure","userId":"05fddfdc-2805-4359-b60d-cd27d7e55c98","teamId":"8879536e-e1e9-4c5c-b3f2-358ed089e712","errorCode":"MEMBER_OWNS_PROJECTS","errorMessage":"Cannot remove member who owns projects","metadata":{"removedUserId":"4f959f3f-e9b1-4ad6-85fd-019e709f7cf1","projectCount":1}}
[2025-12-02T17:11:59.959Z] [App] [WARN] {"eventId":"1deb6649-1389-41b7-afdf-fcf282dba49d","eventType":"team.member.role_change.failure","timestamp":"2025-12-02T17:11:59.959Z","outcome":"failure","userId":"8d70d829-a57a-49da-a521-a13d67051279","teamId":"04229984-bfa0-45ef-9c35-bf9f55f29d96","errorCode":"MEMBER_OWNS_PROJECTS","errorMessage":"Cannot demote member who owns projects","metadata":{"targetUserId":"602ef14a-9e01-4084-85bd-3886bedf4518","projectCount":1}}
[2025-12-02T17:11:59.959Z] [App] [WARN] {"eventId":"58eaccd7-ce62-4c63-a333-a6755e76318d","eventType":"team.member.remove.failure","timestamp":"2025-12-02T17:11:59.959Z","outcome":"failure","userId":"8d70d829-a57a-49da-a521-a13d67051279","teamId":"04229984-bfa0-45ef-9c35-bf9f55f29d96","errorCode":"MEMBER_OWNS_PROJECTS","errorMessage":"Cannot remove member who owns projects","metadata":{"removedUserId":"602ef14a-9e01-4084-85bd-3886bedf4518","projectCount":1}}
[2025-12-02T17:11:59.980Z] [App] [WARN] {"eventId":"b85e763c-588a-4de8-a674-8aa6070d25b9","eventType":"team.member.role_change.failure","timestamp":"2025-12-02T17:11:59.980Z","outcome":"failure","userId":"4d94e0d2-3ed4-4e41-a982-687bf35199a2","teamId":"6643ba57-a6bb-4de3-8c46-729fe86d3c8a","errorCode":"MEMBER_OWNS_PROJECTS","errorMessage":"Cannot demote member who owns projects","metadata":{"targetUserId":"acc8af4e-79ed-41ba-a4d3-dffb3ca0d710","projectCount":1}}
[2025-12-02T17:11:59.982Z] [App] [WARN] {"eventId":"0cf1ab39-7d32-4c6f-8feb-5554e3575c0c","eventType":"team.member.remove.failure","timestamp":"2025-12-02T17:11:59.982Z","outcome":"failure","userId":"4d94e0d2-3ed4-4e41-a982-687bf35199a2","teamId":"6643ba57-a6bb-4de3-8c46-729fe86d3c8a","errorCode":"MEMBER_OWNS_PROJECTS","errorMessage":"Cannot remove member who owns projects","metadata":{"removedUserId":"acc8af4e-79ed-41ba-a4d3-dffb3ca0d710","projectCount":1}}
[2025-12-02T17:11:59.992Z] [App] [WARN] {"eventId":"b61a6b96-8206-4359-a728-36489ba4e167","eventType":"team.member.role_change.failure","timestamp":"2025-12-02T17:11:59.992Z","outcome":"failure","userId":"76440033-9316-4930-9e48-16e694e89467","teamId":"501e3350-bc63-4ffb-af0b-be4ad1123716","errorCode":"MEMBER_OWNS_PROJECTS","errorMessage":"Cannot demote member who owns projects","metadata":{"targetUserId":"752c5871-f77c-4dfb-9a76-f69defb8b84e","projectCount":1}}
[2025-12-02T17:11:59.993Z] [App] [WARN] {"eventId":"043db163-d5fc-4658-9971-9f9e4ce1e483","eventType":"team.member.remove.failure","timestamp":"2025-12-02T17:11:59.993Z","outcome":"failure","userId":"76440033-9316-4930-9e48-16e694e89467","teamId":"501e3350-bc63-4ffb-af0b-be4ad1123716","errorCode":"MEMBER_OWNS_PROJECTS","errorMessage":"Cannot remove member who owns projects","metadata":{"removedUserId":"752c5871-f77c-4dfb-9a76-f69defb8b84e","projectCount":1}}

stdout | src/server/teams/__tests__/members.property.test.ts > Team Member Management Properties > Property 17: Role changes recalculate billable seats
[2025-12-02T17:12:00.200Z] [App] [INFO] {"eventId":"d9a7a39d-18a2-487a-bcaf-5a7aa7c19d7a","eventType":"team.create.success","timestamp":"2025-12-02T17:12:00.200Z","outcome":"success","userId":"4d39164a-3bc2-425b-8b07-e3099daba306","teamId":"26f121ed-9fb3-4a56-94f4-fde9b3446bc2","teamName":"9Vp_|","metadata":{"slug":"9vp","planId":"free"}}
[2025-12-02T17:12:00.209Z] [App] [INFO] {"eventId":"c67c8cd5-5248-4f45-a432-04c6da7de79c","eventType":"team.member.add.success","timestamp":"2025-12-02T17:12:00.209Z","outcome":"success","userId":"4d39164a-3bc2-425b-8b07-e3099daba306","teamId":"26f121ed-9fb3-4a56-94f4-fde9b3446bc2","metadata":{"addedUserId":"85793553-e061-4c06-af93-bd66f64c3ad9","operationalRole":"TEAM_MEMBER"}}
[2025-12-02T17:12:00.237Z] [App] [INFO] {"eventId":"1c326c86-5679-4c0d-b2e1-d661c8609a6c","eventType":"team.member.add.success","timestamp":"2025-12-02T17:12:00.237Z","outcome":"success","userId":"4d39164a-3bc2-425b-8b07-e3099daba306","teamId":"26f121ed-9fb3-4a56-94f4-fde9b3446bc2","metadata":{"addedUserId":"d498dd75-dd86-4674-8164-f8df89996c0b","operationalRole":"TEAM_EDITOR"}}
[2025-12-02T17:12:00.246Z] [App] [INFO] {"eventId":"0c2540cf-ae88-4d0e-929e-e51da49d7919","eventType":"team.member.role_change.success","timestamp":"2025-12-02T17:12:00.246Z","outcome":"success","userId":"4d39164a-3bc2-425b-8b07-e3099daba306","teamId":"26f121ed-9fb3-4a56-94f4-fde9b3446bc2","metadata":{"targetUserId":"85793553-e061-4c06-af93-bd66f64c3ad9","oldManagementRole":null,"oldOperationalRole":"TEAM_MEMBER","newManagementRole":null,"newOperationalRole":"TEAM_EDITOR"}}
[2025-12-02T17:12:00.249Z] [App] [INFO] {"eventId":"d063a76e-6d0f-4cf4-91bd-ffda24c1f1fd","eventType":"team.member.role_change.success","timestamp":"2025-12-02T17:12:00.249Z","outcome":"success","userId":"4d39164a-3bc2-425b-8b07-e3099daba306","teamId":"26f121ed-9fb3-4a56-94f4-fde9b3446bc2","metadata":{"targetUserId":"d498dd75-dd86-4674-8164-f8df89996c0b","oldManagementRole":null,"oldOperationalRole":"TEAM_EDITOR","newManagementRole":null,"newOperationalRole":"TEAM_VIEWER"}}
[2025-12-02T17:12:00.250Z] [App] [INFO] {"eventId":"087819f2-74ff-44cc-a1e5-c97084b3da8c","eventType":"team.member.remove.success","timestamp":"2025-12-02T17:12:00.250Z","outcome":"success","userId":"4d39164a-3bc2-425b-8b07-e3099daba306","teamId":"26f121ed-9fb3-4a56-94f4-fde9b3446bc2","metadata":{"removedUserId":"85793553-e061-4c06-af93-bd66f64c3ad9"}}
[2025-12-02T17:12:00.256Z] [App] [INFO] {"eventId":"8ae26fd2-3c43-4f0a-aef0-7600825b9920","eventType":"team.create.success","timestamp":"2025-12-02T17:12:00.256Z","outcome":"success","userId":"676f7627-fc88-40d1-87c4-c12667a5bbfe","teamId":"2c058c8d-bc91-49c8-aff6-b46ea903f88a","teamName":"]`-?Za","metadata":{"slug":"za","planId":"free"}}
[2025-12-02T17:12:00.259Z] [App] [INFO] {"eventId":"2e144859-a775-431f-a581-1c57a95c204d","eventType":"team.member.add.success","timestamp":"2025-12-02T17:12:00.259Z","outcome":"success","userId":"676f7627-fc88-40d1-87c4-c12667a5bbfe","teamId":"2c058c8d-bc91-49c8-aff6-b46ea903f88a","metadata":{"addedUserId":"38cf9231-77a3-47d4-9e1f-304807050aa6","operationalRole":"TEAM_MEMBER"}}
[2025-12-02T17:12:00.261Z] [App] [INFO] {"eventId":"68359b72-1fed-4c1d-ad27-2c73b5449d35","eventType":"team.member.add.success","timestamp":"2025-12-02T17:12:00.261Z","outcome":"success","userId":"676f7627-fc88-40d1-87c4-c12667a5bbfe","teamId":"2c058c8d-bc91-49c8-aff6-b46ea903f88a","metadata":{"addedUserId":"57b727cc-c124-45d0-a059-c19fa838161a","operationalRole":"TEAM_EDITOR"}}
[2025-12-02T17:12:00.269Z] [App] [INFO] {"eventId":"a5ef06ca-0393-43ba-8490-d382518d6d3b","eventType":"team.member.role_change.success","timestamp":"2025-12-02T17:12:00.269Z","outcome":"success","userId":"676f7627-fc88-40d1-87c4-c12667a5bbfe","teamId":"2c058c8d-bc91-49c8-aff6-b46ea903f88a","metadata":{"targetUserId":"38cf9231-77a3-47d4-9e1f-304807050aa6","oldManagementRole":null,"oldOperationalRole":"TEAM_MEMBER","newManagementRole":null,"newOperationalRole":"TEAM_EDITOR"}}
[2025-12-02T17:12:00.272Z] [App] [INFO] {"eventId":"2cb6a836-760b-4847-881b-d4b12460c6fa","eventType":"team.member.role_change.success","timestamp":"2025-12-02T17:12:00.272Z","outcome":"success","userId":"676f7627-fc88-40d1-87c4-c12667a5bbfe","teamId":"2c058c8d-bc91-49c8-aff6-b46ea903f88a","metadata":{"targetUserId":"57b727cc-c124-45d0-a059-c19fa838161a","oldManagementRole":null,"oldOperationalRole":"TEAM_EDITOR","newManagementRole":null,"newOperationalRole":"TEAM_VIEWER"}}
[2025-12-02T17:12:00.277Z] [App] [INFO] {"eventId":"20c7fe59-e1be-4772-9ddb-1ba95f8d911c","eventType":"team.member.remove.success","timestamp":"2025-12-02T17:12:00.277Z","outcome":"success","userId":"676f7627-fc88-40d1-87c4-c12667a5bbfe","teamId":"2c058c8d-bc91-49c8-aff6-b46ea903f88a","metadata":{"removedUserId":"38cf9231-77a3-47d4-9e1f-304807050aa6"}}
[2025-12-02T17:12:00.281Z] [App] [INFO] {"eventId":"3ee43a86-bccc-4317-95a7-0952da969000","eventType":"team.create.success","timestamp":"2025-12-02T17:12:00.281Z","outcome":"success","userId":"2ea50629-4b04-4683-85e6-ac63196328d2","teamId":"7722921f-7b8e-49a7-8765-1f332e1a6f9c","teamName":"FWp$","metadata":{"slug":"fwp","planId":"free"}}
[2025-12-02T17:12:00.381Z] [App] [INFO] {"eventId":"f0232c82-e258-4d6c-841a-0d3261de7020","eventType":"team.member.add.success","timestamp":"2025-12-02T17:12:00.381Z","outcome":"success","userId":"2ea50629-4b04-4683-85e6-ac63196328d2","teamId":"7722921f-7b8e-49a7-8765-1f332e1a6f9c","metadata":{"addedUserId":"a31e7964-e79a-4514-bcd4-5a492a9698d9","operationalRole":"TEAM_MEMBER"}}
[2025-12-02T17:12:00.386Z] [App] [INFO] {"eventId":"2e154bdc-7857-4571-a5f7-c34dfc8520d5","eventType":"team.member.add.success","timestamp":"2025-12-02T17:12:00.386Z","outcome":"success","userId":"2ea50629-4b04-4683-85e6-ac63196328d2","teamId":"7722921f-7b8e-49a7-8765-1f332e1a6f9c","metadata":{"addedUserId":"0b1291dd-e86d-4f6e-864e-7bed22b47c44","operationalRole":"TEAM_EDITOR"}}
[2025-12-02T17:12:00.387Z] [App] [INFO] {"eventId":"ff7c3476-54c5-497b-a378-196a36783ed2","eventType":"team.member.role_change.success","timestamp":"2025-12-02T17:12:00.387Z","outcome":"success","userId":"2ea50629-4b04-4683-85e6-ac63196328d2","teamId":"7722921f-7b8e-49a7-8765-1f332e1a6f9c","metadata":{"targetUserId":"a31e7964-e79a-4514-bcd4-5a492a9698d9","oldManagementRole":null,"oldOperationalRole":"TEAM_MEMBER","newManagementRole":null,"newOperationalRole":"TEAM_EDITOR"}}
[2025-12-02T17:12:00.390Z] [App] [INFO] {"eventId":"4815f9f8-2d00-41fa-a5a1-1357216cb3f6","eventType":"team.member.role_change.success","timestamp":"2025-12-02T17:12:00.389Z","outcome":"success","userId":"2ea50629-4b04-4683-85e6-ac63196328d2","teamId":"7722921f-7b8e-49a7-8765-1f332e1a6f9c","metadata":{"targetUserId":"0b1291dd-e86d-4f6e-864e-7bed22b47c44","oldManagementRole":null,"oldOperationalRole":"TEAM_EDITOR","newManagementRole":null,"newOperationalRole":"TEAM_VIEWER"}}
[2025-12-02T17:12:00.391Z] [App] [INFO] {"eventId":"824d6137-f6e2-41d1-854e-6436eea3d2c2","eventType":"team.member.remove.success","timestamp":"2025-12-02T17:12:00.391Z","outcome":"success","userId":"2ea50629-4b04-4683-85e6-ac63196328d2","teamId":"7722921f-7b8e-49a7-8765-1f332e1a6f9c","metadata":{"removedUserId":"a31e7964-e79a-4514-bcd4-5a492a9698d9"}}
[2025-12-02T17:12:00.393Z] [App] [INFO] {"eventId":"b4f23799-97f2-49ca-9a33-ab09d7ebb65c","eventType":"team.create.success","timestamp":"2025-12-02T17:12:00.393Z","outcome":"success","userId":"2793570c-31c4-4511-9f28-b9ce578b17e1","teamId":"58833aad-0f00-47c4-98a9-abd22e9d3533","teamName":"Yj'bJV%N]$wN","metadata":{"slug":"yjbjvnwn","planId":"free"}}
[2025-12-02T17:12:00.397Z] [App] [INFO] {"eventId":"fe50a7db-2a7e-406f-b148-8f44e0e67c0b","eventType":"team.member.add.success","timestamp":"2025-12-02T17:12:00.397Z","outcome":"success","userId":"2793570c-31c4-4511-9f28-b9ce578b17e1","teamId":"58833aad-0f00-47c4-98a9-abd22e9d3533","metadata":{"addedUserId":"efcab7fa-dac4-4278-b5df-7da51c4b7e63","operationalRole":"TEAM_MEMBER"}}
[2025-12-02T17:12:00.399Z] [App] [INFO] {"eventId":"fa97024d-34df-4372-90fc-44fb4e73f7f8","eventType":"team.member.add.success","timestamp":"2025-12-02T17:12:00.399Z","outcome":"success","userId":"2793570c-31c4-4511-9f28-b9ce578b17e1","teamId":"58833aad-0f00-47c4-98a9-abd22e9d3533","metadata":{"addedUserId":"29fdd5a7-1cca-43b8-a9cb-347ed6c9c5ff","operationalRole":"TEAM_EDITOR"}}
[2025-12-02T17:12:00.400Z] [App] [INFO] {"eventId":"bc642aa7-2a5d-449d-a71a-7b9937fa01e0","eventType":"team.member.role_change.success","timestamp":"2025-12-02T17:12:00.400Z","outcome":"success","userId":"2793570c-31c4-4511-9f28-b9ce578b17e1","teamId":"58833aad-0f00-47c4-98a9-abd22e9d3533","metadata":{"targetUserId":"efcab7fa-dac4-4278-b5df-7da51c4b7e63","oldManagementRole":null,"oldOperationalRole":"TEAM_MEMBER","newManagementRole":null,"newOperationalRole":"TEAM_EDITOR"}}
[2025-12-02T17:12:00.402Z] [App] [INFO] {"eventId":"5d975768-34c6-4897-a05a-8c719cda5fd3","eventType":"team.member.role_change.success","timestamp":"2025-12-02T17:12:00.402Z","outcome":"success","userId":"2793570c-31c4-4511-9f28-b9ce578b17e1","teamId":"58833aad-0f00-47c4-98a9-abd22e9d3533","metadata":{"targetUserId":"29fdd5a7-1cca-43b8-a9cb-347ed6c9c5ff","oldManagementRole":null,"oldOperationalRole":"TEAM_EDITOR","newManagementRole":null,"newOperationalRole":"TEAM_VIEWER"}}
[2025-12-02T17:12:00.403Z] [App] [INFO] {"eventId":"3859adaa-bc38-4ab5-92d9-9dd40d2ef86f","eventType":"team.member.remove.success","timestamp":"2025-12-02T17:12:00.403Z","outcome":"success","userId":"2793570c-31c4-4511-9f28-b9ce578b17e1","teamId":"58833aad-0f00-47c4-98a9-abd22e9d3533","metadata":{"removedUserId":"efcab7fa-dac4-4278-b5df-7da51c4b7e63"}}
[2025-12-02T17:12:00.405Z] [App] [INFO] {"eventId":"f7d64216-7b6b-4e18-83e1-bf5d032f98e0","eventType":"team.create.success","timestamp":"2025-12-02T17:12:00.405Z","outcome":"success","userId":"64882acc-d71a-47c9-bb4c-dc7fb2a1a96f","teamId":"1d9f8441-ecd9-4eb0-a62f-9b55bc7076dd","teamName":"5hOp]asg9Ie","metadata":{"slug":"5hopasg9ie","planId":"free"}}
[2025-12-02T17:12:00.446Z] [App] [INFO] {"eventId":"f7ebbb1c-aa07-4754-8707-f72b58219f7f","eventType":"team.member.add.success","timestamp":"2025-12-02T17:12:00.446Z","outcome":"success","userId":"64882acc-d71a-47c9-bb4c-dc7fb2a1a96f","teamId":"1d9f8441-ecd9-4eb0-a62f-9b55bc7076dd","metadata":{"addedUserId":"72d221df-cf64-4557-8228-7a5b22f1290e","operationalRole":"TEAM_MEMBER"}}
[2025-12-02T17:12:00.460Z] [App] [INFO] {"eventId":"5cd0be35-b4b3-4ede-a679-95e62ec85947","eventType":"team.member.add.success","timestamp":"2025-12-02T17:12:00.460Z","outcome":"success","userId":"64882acc-d71a-47c9-bb4c-dc7fb2a1a96f","teamId":"1d9f8441-ecd9-4eb0-a62f-9b55bc7076dd","metadata":{"addedUserId":"97d425a1-a47a-4b6f-92c7-ba226af7d66b","operationalRole":"TEAM_EDITOR"}}
[2025-12-02T17:12:00.485Z] [App] [INFO] {"eventId":"3ee81c7e-b84c-4732-8538-fbbb7d94d289","eventType":"team.member.role_change.success","timestamp":"2025-12-02T17:12:00.485Z","outcome":"success","userId":"64882acc-d71a-47c9-bb4c-dc7fb2a1a96f","teamId":"1d9f8441-ecd9-4eb0-a62f-9b55bc7076dd","metadata":{"targetUserId":"72d221df-cf64-4557-8228-7a5b22f1290e","oldManagementRole":null,"oldOperationalRole":"TEAM_MEMBER","newManagementRole":null,"newOperationalRole":"TEAM_EDITOR"}}
[2025-12-02T17:12:00.490Z] [App] [INFO] {"eventId":"79b938ed-eaa7-41d6-bd56-bbfcf02d4a52","eventType":"team.member.role_change.success","timestamp":"2025-12-02T17:12:00.490Z","outcome":"success","userId":"64882acc-d71a-47c9-bb4c-dc7fb2a1a96f","teamId":"1d9f8441-ecd9-4eb0-a62f-9b55bc7076dd","metadata":{"targetUserId":"97d425a1-a47a-4b6f-92c7-ba226af7d66b","oldManagementRole":null,"oldOperationalRole":"TEAM_EDITOR","newManagementRole":null,"newOperationalRole":"TEAM_VIEWER"}}
[2025-12-02T17:12:00.495Z] [App] [INFO] {"eventId":"2d06eb79-eca7-41cd-b004-93743390dd27","eventType":"team.member.remove.success","timestamp":"2025-12-02T17:12:00.495Z","outcome":"success","userId":"64882acc-d71a-47c9-bb4c-dc7fb2a1a96f","teamId":"1d9f8441-ecd9-4eb0-a62f-9b55bc7076dd","metadata":{"removedUserId":"72d221df-cf64-4557-8228-7a5b22f1290e"}}
[2025-12-02T17:12:00.498Z] [App] [INFO] {"eventId":"8ad8e1f5-2860-42dc-aa3a-c4aeb1406ae5","eventType":"team.create.success","timestamp":"2025-12-02T17:12:00.498Z","outcome":"success","userId":"70b2c705-afa4-4ca2-a9a3-66d1827df9d9","teamId":"2c437274-95ee-4fa0-8067-cc862202519e","teamName":"%MEyOk","metadata":{"slug":"meyok","planId":"free"}}
[2025-12-02T17:12:00.500Z] [App] [INFO] {"eventId":"985835b4-a09f-43d5-94b7-c512bc46d8b5","eventType":"team.member.add.success","timestamp":"2025-12-02T17:12:00.500Z","outcome":"success","userId":"70b2c705-afa4-4ca2-a9a3-66d1827df9d9","teamId":"2c437274-95ee-4fa0-8067-cc862202519e","metadata":{"addedUserId":"5728b072-c390-44b8-831c-462cb517f474","operationalRole":"TEAM_MEMBER"}}
[2025-12-02T17:12:00.501Z] [App] [INFO] {"eventId":"1158e392-7276-47a8-8227-329099c7f995","eventType":"team.member.add.success","timestamp":"2025-12-02T17:12:00.501Z","outcome":"success","userId":"70b2c705-afa4-4ca2-a9a3-66d1827df9d9","teamId":"2c437274-95ee-4fa0-8067-cc862202519e","metadata":{"addedUserId":"20b23eb2-1a2a-436f-8e82-2fddb1728417","operationalRole":"TEAM_EDITOR"}}
[2025-12-02T17:12:00.503Z] [App] [INFO] {"eventId":"820d5d79-e813-4a92-923d-04b6528f9f34","eventType":"team.member.role_change.success","timestamp":"2025-12-02T17:12:00.503Z","outcome":"success","userId":"70b2c705-afa4-4ca2-a9a3-66d1827df9d9","teamId":"2c437274-95ee-4fa0-8067-cc862202519e","metadata":{"targetUserId":"5728b072-c390-44b8-831c-462cb517f474","oldManagementRole":null,"oldOperationalRole":"TEAM_MEMBER","newManagementRole":null,"newOperationalRole":"TEAM_EDITOR"}}
[2025-12-02T17:12:00.506Z] [App] [INFO] {"eventId":"fe07eba7-0f1c-4254-aa04-1f47fa5424b5","eventType":"team.member.role_change.success","timestamp":"2025-12-02T17:12:00.506Z","outcome":"success","userId":"70b2c705-afa4-4ca2-a9a3-66d1827df9d9","teamId":"2c437274-95ee-4fa0-8067-cc862202519e","metadata":{"targetUserId":"20b23eb2-1a2a-436f-8e82-2fddb1728417","oldManagementRole":null,"oldOperationalRole":"TEAM_EDITOR","newManagementRole":null,"newOperationalRole":"TEAM_VIEWER"}}
[2025-12-02T17:12:00.507Z] [App] [INFO] {"eventId":"11a83166-2553-4df0-86eb-e0a3cc85898e","eventType":"team.member.remove.success","timestamp":"2025-12-02T17:12:00.507Z","outcome":"success","userId":"70b2c705-afa4-4ca2-a9a3-66d1827df9d9","teamId":"2c437274-95ee-4fa0-8067-cc862202519e","metadata":{"removedUserId":"5728b072-c390-44b8-831c-462cb517f474"}}
[2025-12-02T17:12:00.509Z] [App] [INFO] {"eventId":"1b15e413-30c6-4f98-a623-dd1b8d6e1a82","eventType":"team.create.success","timestamp":"2025-12-02T17:12:00.509Z","outcome":"success","userId":"671ea019-0481-4ec2-a9c8-39a5a127c20f","teamId":"40210906-a87d-4c01-9390-bd385e3b4ad8","teamName":"y=!gmR$|&","metadata":{"slug":"ygmr","planId":"free"}}
[2025-12-02T17:12:00.512Z] [App] [INFO] {"eventId":"56d4cbd3-97f4-438a-ab2f-b867acca4761","eventType":"team.member.add.success","timestamp":"2025-12-02T17:12:00.512Z","outcome":"success","userId":"671ea019-0481-4ec2-a9c8-39a5a127c20f","teamId":"40210906-a87d-4c01-9390-bd385e3b4ad8","metadata":{"addedUserId":"23e168fd-feab-4f23-8a90-afd277fed48d","operationalRole":"TEAM_MEMBER"}}
[2025-12-02T17:12:00.514Z] [App] [INFO] {"eventId":"016ca8e1-4813-49ba-96d7-f2bf23956c60","eventType":"team.member.add.success","timestamp":"2025-12-02T17:12:00.514Z","outcome":"success","userId":"671ea019-0481-4ec2-a9c8-39a5a127c20f","teamId":"40210906-a87d-4c01-9390-bd385e3b4ad8","metadata":{"addedUserId":"4a75ada9-ecf0-4bab-9454-8699eac98ab7","operationalRole":"TEAM_EDITOR"}}
[2025-12-02T17:12:00.515Z] [App] [INFO] {"eventId":"c47e222d-2c45-442d-a132-e8b2c39f9187","eventType":"team.member.role_change.success","timestamp":"2025-12-02T17:12:00.515Z","outcome":"success","userId":"671ea019-0481-4ec2-a9c8-39a5a127c20f","teamId":"40210906-a87d-4c01-9390-bd385e3b4ad8","metadata":{"targetUserId":"23e168fd-feab-4f23-8a90-afd277fed48d","oldManagementRole":null,"oldOperationalRole":"TEAM_MEMBER","newManagementRole":null,"newOperationalRole":"TEAM_EDITOR"}}
[2025-12-02T17:12:00.516Z] [App] [INFO] {"eventId":"51d82723-b416-47d7-9a25-338de467687f","eventType":"team.member.role_change.success","timestamp":"2025-12-02T17:12:00.516Z","outcome":"success","userId":"671ea019-0481-4ec2-a9c8-39a5a127c20f","teamId":"40210906-a87d-4c01-9390-bd385e3b4ad8","metadata":{"targetUserId":"4a75ada9-ecf0-4bab-9454-8699eac98ab7","oldManagementRole":null,"oldOperationalRole":"TEAM_EDITOR","newManagementRole":null,"newOperationalRole":"TEAM_VIEWER"}}
[2025-12-02T17:12:00.518Z] [App] [INFO] {"eventId":"0c562268-14ec-482e-ad3c-185270641ed0","eventType":"team.member.remove.success","timestamp":"2025-12-02T17:12:00.518Z","outcome":"success","userId":"671ea019-0481-4ec2-a9c8-39a5a127c20f","teamId":"40210906-a87d-4c01-9390-bd385e3b4ad8","metadata":{"removedUserId":"23e168fd-feab-4f23-8a90-afd277fed48d"}}
[2025-12-02T17:12:00.519Z] [App] [INFO] {"eventId":"74e98548-6bc4-49fe-b8d4-d3129466690b","eventType":"team.create.success","timestamp":"2025-12-02T17:12:00.519Z","outcome":"success","userId":"697c3ea4-6be9-4fbb-ab4b-ca35030668f2","teamId":"686c0d4f-f465-4296-8c50-1da682728afc","teamName":"sto","metadata":{"slug":"sto","planId":"free"}}
[2025-12-02T17:12:00.521Z] [App] [INFO] {"eventId":"88660896-13a2-4a59-97eb-bb0d59533557","eventType":"team.member.add.success","timestamp":"2025-12-02T17:12:00.521Z","outcome":"success","userId":"697c3ea4-6be9-4fbb-ab4b-ca35030668f2","teamId":"686c0d4f-f465-4296-8c50-1da682728afc","metadata":{"addedUserId":"fc898f56-27e6-49a1-a6f7-89c51ebce810","operationalRole":"TEAM_MEMBER"}}
[2025-12-02T17:12:00.527Z] [App] [INFO] {"eventId":"cbb14a5f-8539-4c9f-a6b1-074f3f77aac8","eventType":"team.member.add.success","timestamp":"2025-12-02T17:12:00.527Z","outcome":"success","userId":"697c3ea4-6be9-4fbb-ab4b-ca35030668f2","teamId":"686c0d4f-f465-4296-8c50-1da682728afc","metadata":{"addedUserId":"74b115f5-cf18-4ca5-9ce2-7911bf1fa79b","operationalRole":"TEAM_EDITOR"}}
[2025-12-02T17:12:00.590Z] [App] [INFO] {"eventId":"7e3f0f40-35d3-4061-8e81-3b8924b84f20","eventType":"team.member.role_change.success","timestamp":"2025-12-02T17:12:00.590Z","outcome":"success","userId":"697c3ea4-6be9-4fbb-ab4b-ca35030668f2","teamId":"686c0d4f-f465-4296-8c50-1da682728afc","metadata":{"targetUserId":"fc898f56-27e6-49a1-a6f7-89c51ebce810","oldManagementRole":null,"oldOperationalRole":"TEAM_MEMBER","newManagementRole":null,"newOperationalRole":"TEAM_EDITOR"}}
[2025-12-02T17:12:00.615Z] [App] [INFO] {"eventId":"b081d611-eeb2-4e7c-b72d-3466f4d90a77","eventType":"team.member.role_change.success","timestamp":"2025-12-02T17:12:00.615Z","outcome":"success","userId":"697c3ea4-6be9-4fbb-ab4b-ca35030668f2","teamId":"686c0d4f-f465-4296-8c50-1da682728afc","metadata":{"targetUserId":"74b115f5-cf18-4ca5-9ce2-7911bf1fa79b","oldManagementRole":null,"oldOperationalRole":"TEAM_EDITOR","newManagementRole":null,"newOperationalRole":"TEAM_VIEWER"}}
[2025-12-02T17:12:00.624Z] [App] [INFO] {"eventId":"fa5e2fa3-ddfb-43a1-8fe9-ba4e4c668323","eventType":"team.member.remove.success","timestamp":"2025-12-02T17:12:00.624Z","outcome":"success","userId":"697c3ea4-6be9-4fbb-ab4b-ca35030668f2","teamId":"686c0d4f-f465-4296-8c50-1da682728afc","metadata":{"removedUserId":"fc898f56-27e6-49a1-a6f7-89c51ebce810"}}
[2025-12-02T17:12:00.627Z] [App] [INFO] {"eventId":"109e82c6-4ef9-4978-a1ff-f30804de3298","eventType":"team.create.success","timestamp":"2025-12-02T17:12:00.627Z","outcome":"success","userId":"6954b9fc-cc0a-4596-bf23-52ea2c3d565a","teamId":"4c5a7d0d-4782-4a52-9dcc-f7a813e29736","teamName":"56 9","metadata":{"slug":"56-9","planId":"free"}}
[2025-12-02T17:12:00.632Z] [App] [INFO] {"eventId":"0b5f0a33-f280-46f5-81a8-76ea4e1d11d5","eventType":"team.member.add.success","timestamp":"2025-12-02T17:12:00.632Z","outcome":"success","userId":"6954b9fc-cc0a-4596-bf23-52ea2c3d565a","teamId":"4c5a7d0d-4782-4a52-9dcc-f7a813e29736","metadata":{"addedUserId":"de954954-2548-46d9-bccd-e1538a064858","operationalRole":"TEAM_MEMBER"}}
[2025-12-02T17:12:00.634Z] [App] [INFO] {"eventId":"c2aebea8-e5c3-4aab-a3b4-156c3b9c9cda","eventType":"team.member.add.success","timestamp":"2025-12-02T17:12:00.634Z","outcome":"success","userId":"6954b9fc-cc0a-4596-bf23-52ea2c3d565a","teamId":"4c5a7d0d-4782-4a52-9dcc-f7a813e29736","metadata":{"addedUserId":"f9f41762-69e4-4046-a4f5-fac0928bd7b2","operationalRole":"TEAM_EDITOR"}}
[2025-12-02T17:12:00.636Z] [App] [INFO] {"eventId":"6989e9a6-6a05-405b-ba1b-fe8b975c267d","eventType":"team.member.role_change.success","timestamp":"2025-12-02T17:12:00.636Z","outcome":"success","userId":"6954b9fc-cc0a-4596-bf23-52ea2c3d565a","teamId":"4c5a7d0d-4782-4a52-9dcc-f7a813e29736","metadata":{"targetUserId":"de954954-2548-46d9-bccd-e1538a064858","oldManagementRole":null,"oldOperationalRole":"TEAM_MEMBER","newManagementRole":null,"newOperationalRole":"TEAM_EDITOR"}}
[2025-12-02T17:12:00.642Z] [App] [INFO] {"eventId":"3d9a7947-b699-442d-857c-182f4c0a784c","eventType":"team.member.role_change.success","timestamp":"2025-12-02T17:12:00.642Z","outcome":"success","userId":"6954b9fc-cc0a-4596-bf23-52ea2c3d565a","teamId":"4c5a7d0d-4782-4a52-9dcc-f7a813e29736","metadata":{"targetUserId":"f9f41762-69e4-4046-a4f5-fac0928bd7b2","oldManagementRole":null,"oldOperationalRole":"TEAM_EDITOR","newManagementRole":null,"newOperationalRole":"TEAM_VIEWER"}}
[2025-12-02T17:12:00.664Z] [App] [INFO] {"eventId":"ff8bab6d-3fdc-489c-a560-8d7b7d186f84","eventType":"team.member.remove.success","timestamp":"2025-12-02T17:12:00.664Z","outcome":"success","userId":"6954b9fc-cc0a-4596-bf23-52ea2c3d565a","teamId":"4c5a7d0d-4782-4a52-9dcc-f7a813e29736","metadata":{"removedUserId":"de954954-2548-46d9-bccd-e1538a064858"}}
[2025-12-02T17:12:00.672Z] [App] [INFO] {"eventId":"faa7d97e-4875-449f-bc93-0966f9b634ef","eventType":"team.create.success","timestamp":"2025-12-02T17:12:00.672Z","outcome":"success","userId":"2ca0f819-ecc3-4766-b7c3-95d4bfd6461e","teamId":"a6235ff6-d91e-498c-9dce-14e31d743ff6","teamName":"Pbg","metadata":{"slug":"pbg","planId":"free"}}
[2025-12-02T17:12:00.681Z] [App] [INFO] {"eventId":"006eece3-b571-4c94-aebc-5aaaae70c40d","eventType":"team.member.add.success","timestamp":"2025-12-02T17:12:00.681Z","outcome":"success","userId":"2ca0f819-ecc3-4766-b7c3-95d4bfd6461e","teamId":"a6235ff6-d91e-498c-9dce-14e31d743ff6","metadata":{"addedUserId":"1ee7323b-9bf3-4536-96f5-de0d95b4baed","operationalRole":"TEAM_MEMBER"}}
[2025-12-02T17:12:00.684Z] [App] [INFO] {"eventId":"338d5d3c-0058-446d-a530-b7ceff412da5","eventType":"team.member.add.success","timestamp":"2025-12-02T17:12:00.684Z","outcome":"success","userId":"2ca0f819-ecc3-4766-b7c3-95d4bfd6461e","teamId":"a6235ff6-d91e-498c-9dce-14e31d743ff6","metadata":{"addedUserId":"f1477ee5-a6fd-4d5b-b1c5-3dbf25f04ed5","operationalRole":"TEAM_EDITOR"}}
[2025-12-02T17:12:00.685Z] [App] [INFO] {"eventId":"e204e814-448a-4ff9-9c33-20b94602ecc1","eventType":"team.member.role_change.success","timestamp":"2025-12-02T17:12:00.685Z","outcome":"success","userId":"2ca0f819-ecc3-4766-b7c3-95d4bfd6461e","teamId":"a6235ff6-d91e-498c-9dce-14e31d743ff6","metadata":{"targetUserId":"1ee7323b-9bf3-4536-96f5-de0d95b4baed","oldManagementRole":null,"oldOperationalRole":"TEAM_MEMBER","newManagementRole":null,"newOperationalRole":"TEAM_EDITOR"}}
[2025-12-02T17:12:00.690Z] [App] [INFO] {"eventId":"019965f9-7143-403c-90ea-920dd936bfb1","eventType":"team.member.role_change.success","timestamp":"2025-12-02T17:12:00.690Z","outcome":"success","userId":"2ca0f819-ecc3-4766-b7c3-95d4bfd6461e","teamId":"a6235ff6-d91e-498c-9dce-14e31d743ff6","metadata":{"targetUserId":"f1477ee5-a6fd-4d5b-b1c5-3dbf25f04ed5","oldManagementRole":null,"oldOperationalRole":"TEAM_EDITOR","newManagementRole":null,"newOperationalRole":"TEAM_VIEWER"}}
[2025-12-02T17:12:00.691Z] [App] [INFO] {"eventId":"2e1b2e09-ace3-42b6-b406-60d1cda8c830","eventType":"team.member.remove.success","timestamp":"2025-12-02T17:12:00.691Z","outcome":"success","userId":"2ca0f819-ecc3-4766-b7c3-95d4bfd6461e","teamId":"a6235ff6-d91e-498c-9dce-14e31d743ff6","metadata":{"removedUserId":"1ee7323b-9bf3-4536-96f5-de0d95b4baed"}}
[2025-12-02T17:12:00.693Z] [App] [INFO] {"eventId":"8e2bc83b-edbb-4c0e-aa3c-94b535880165","eventType":"team.create.success","timestamp":"2025-12-02T17:12:00.693Z","outcome":"success","userId":"1d829a0b-4aed-451a-919b-6e70d477cdcb","teamId":"ae13a310-1a5a-4fbb-b3ce-a8a598d45998","teamName":"@mX;6","metadata":{"slug":"mx6","planId":"free"}}
[2025-12-02T17:12:00.699Z] [App] [INFO] {"eventId":"af262ec5-6e34-4b6e-9913-950517eab2aa","eventType":"team.member.add.success","timestamp":"2025-12-02T17:12:00.699Z","outcome":"success","userId":"1d829a0b-4aed-451a-919b-6e70d477cdcb","teamId":"ae13a310-1a5a-4fbb-b3ce-a8a598d45998","metadata":{"addedUserId":"c916ca78-3642-4b74-a445-879caa4592d7","operationalRole":"TEAM_MEMBER"}}
[2025-12-02T17:12:00.701Z] [App] [INFO] {"eventId":"5cae537c-2d9d-4c03-9a47-99b1d4148d20","eventType":"team.member.add.success","timestamp":"2025-12-02T17:12:00.701Z","outcome":"success","userId":"1d829a0b-4aed-451a-919b-6e70d477cdcb","teamId":"ae13a310-1a5a-4fbb-b3ce-a8a598d45998","metadata":{"addedUserId":"0e8aca62-f6ec-4b4e-b114-129ddacd558a","operationalRole":"TEAM_EDITOR"}}
[2025-12-02T17:12:00.703Z] [App] [INFO] {"eventId":"627faff2-8184-4015-b7c6-ba9b5f4f1eef","eventType":"team.member.role_change.success","timestamp":"2025-12-02T17:12:00.703Z","outcome":"success","userId":"1d829a0b-4aed-451a-919b-6e70d477cdcb","teamId":"ae13a310-1a5a-4fbb-b3ce-a8a598d45998","metadata":{"targetUserId":"c916ca78-3642-4b74-a445-879caa4592d7","oldManagementRole":null,"oldOperationalRole":"TEAM_MEMBER","newManagementRole":null,"newOperationalRole":"TEAM_EDITOR"}}
[2025-12-02T17:12:00.704Z] [App] [INFO] {"eventId":"f16fb67c-c0ca-480d-a127-a3ce37822974","eventType":"team.member.role_change.success","timestamp":"2025-12-02T17:12:00.704Z","outcome":"success","userId":"1d829a0b-4aed-451a-919b-6e70d477cdcb","teamId":"ae13a310-1a5a-4fbb-b3ce-a8a598d45998","metadata":{"targetUserId":"0e8aca62-f6ec-4b4e-b114-129ddacd558a","oldManagementRole":null,"oldOperationalRole":"TEAM_EDITOR","newManagementRole":null,"newOperationalRole":"TEAM_VIEWER"}}
[2025-12-02T17:12:00.705Z] [App] [INFO] {"eventId":"80d93e76-c047-44c9-ace7-323a55ad2d65","eventType":"team.member.remove.success","timestamp":"2025-12-02T17:12:00.705Z","outcome":"success","userId":"1d829a0b-4aed-451a-919b-6e70d477cdcb","teamId":"ae13a310-1a5a-4fbb-b3ce-a8a598d45998","metadata":{"removedUserId":"c916ca78-3642-4b74-a445-879caa4592d7"}}
[2025-12-02T17:12:00.707Z] [App] [INFO] {"eventId":"276f44e6-5301-4f1f-aa6f-0a2b17b9345c","eventType":"team.create.success","timestamp":"2025-12-02T17:12:00.707Z","outcome":"success","userId":"081c021b-8004-4dff-9aa2-19c9761ca70b","teamId":"f8470eb9-8a60-43ff-a93b-365a9f695ab7","teamName":"Mh","metadata":{"slug":"mh","planId":"free"}}
[2025-12-02T17:12:00.709Z] [App] [INFO] {"eventId":"b6c470e4-a8ef-48a1-898d-7bdb1e17e71a","eventType":"team.member.add.success","timestamp":"2025-12-02T17:12:00.709Z","outcome":"success","userId":"081c021b-8004-4dff-9aa2-19c9761ca70b","teamId":"f8470eb9-8a60-43ff-a93b-365a9f695ab7","metadata":{"addedUserId":"bbdf9cf0-3561-4795-83a6-36c220b322da","operationalRole":"TEAM_MEMBER"}}
[2025-12-02T17:12:00.710Z] [App] [INFO] {"eventId":"4094cc94-a5f1-43ae-a207-82fadd20cf81","eventType":"team.member.add.success","timestamp":"2025-12-02T17:12:00.710Z","outcome":"success","userId":"081c021b-8004-4dff-9aa2-19c9761ca70b","teamId":"f8470eb9-8a60-43ff-a93b-365a9f695ab7","metadata":{"addedUserId":"628a800f-70af-441f-8803-45978d715d53","operationalRole":"TEAM_EDITOR"}}
[2025-12-02T17:12:00.715Z] [App] [INFO] {"eventId":"ebe79524-b2df-4e00-9e11-91d15bcf7f7b","eventType":"team.member.role_change.success","timestamp":"2025-12-02T17:12:00.715Z","outcome":"success","userId":"081c021b-8004-4dff-9aa2-19c9761ca70b","teamId":"f8470eb9-8a60-43ff-a93b-365a9f695ab7","metadata":{"targetUserId":"bbdf9cf0-3561-4795-83a6-36c220b322da","oldManagementRole":null,"oldOperationalRole":"TEAM_MEMBER","newManagementRole":null,"newOperationalRole":"TEAM_EDITOR"}}
[2025-12-02T17:12:00.723Z] [App] [INFO] {"eventId":"cf91ac0a-ac8e-40ad-b097-b1f96fd77984","eventType":"team.member.role_change.success","timestamp":"2025-12-02T17:12:00.723Z","outcome":"success","userId":"081c021b-8004-4dff-9aa2-19c9761ca70b","teamId":"f8470eb9-8a60-43ff-a93b-365a9f695ab7","metadata":{"targetUserId":"628a800f-70af-441f-8803-45978d715d53","oldManagementRole":null,"oldOperationalRole":"TEAM_EDITOR","newManagementRole":null,"newOperationalRole":"TEAM_VIEWER"}}
[2025-12-02T17:12:00.725Z] [App] [INFO] {"eventId":"6a95ded3-241e-4d00-a65b-db52cf9fd435","eventType":"team.member.remove.success","timestamp":"2025-12-02T17:12:00.725Z","outcome":"success","userId":"081c021b-8004-4dff-9aa2-19c9761ca70b","teamId":"f8470eb9-8a60-43ff-a93b-365a9f695ab7","metadata":{"removedUserId":"bbdf9cf0-3561-4795-83a6-36c220b322da"}}
[2025-12-02T17:12:00.726Z] [App] [INFO] {"eventId":"6dd3dd70-40a2-450c-b1a6-3db2d1d9011f","eventType":"team.create.success","timestamp":"2025-12-02T17:12:00.726Z","outcome":"success","userId":"4432934b-e8b0-4565-896a-c54641b1d0ef","teamId":"632838c5-e098-4343-898c-5b25273572c2","teamName":"|oI.SAM@hKM0L$","metadata":{"slug":"oisamhkm0l","planId":"free"}}
[2025-12-02T17:12:00.744Z] [App] [INFO] {"eventId":"0f9ef8df-6268-4f27-8188-e6d995e33605","eventType":"team.member.add.success","timestamp":"2025-12-02T17:12:00.744Z","outcome":"success","userId":"4432934b-e8b0-4565-896a-c54641b1d0ef","teamId":"632838c5-e098-4343-898c-5b25273572c2","metadata":{"addedUserId":"0f201244-9106-4953-8319-916235672642","operationalRole":"TEAM_MEMBER"}}
[2025-12-02T17:12:00.749Z] [App] [INFO] {"eventId":"cdb86f8d-ff10-409d-9dc5-b87762bc98cf","eventType":"team.member.add.success","timestamp":"2025-12-02T17:12:00.749Z","outcome":"success","userId":"4432934b-e8b0-4565-896a-c54641b1d0ef","teamId":"632838c5-e098-4343-898c-5b25273572c2","metadata":{"addedUserId":"23dc5f6e-23e5-4aab-8295-9aade3d25555","operationalRole":"TEAM_EDITOR"}}
[2025-12-02T17:12:00.751Z] [App] [INFO] {"eventId":"6cdecb41-f10b-4647-ac6b-807575e83bcb","eventType":"team.member.role_change.success","timestamp":"2025-12-02T17:12:00.750Z","outcome":"success","userId":"4432934b-e8b0-4565-896a-c54641b1d0ef","teamId":"632838c5-e098-4343-898c-5b25273572c2","metadata":{"targetUserId":"0f201244-9106-4953-8319-916235672642","oldManagementRole":null,"oldOperationalRole":"TEAM_MEMBER","newManagementRole":null,"newOperationalRole":"TEAM_EDITOR"}}
[2025-12-02T17:12:00.752Z] [App] [INFO] {"eventId":"5ce97542-2d0a-4ea9-802e-20e861791ae2","eventType":"team.member.role_change.success","timestamp":"2025-12-02T17:12:00.752Z","outcome":"success","userId":"4432934b-e8b0-4565-896a-c54641b1d0ef","teamId":"632838c5-e098-4343-898c-5b25273572c2","metadata":{"targetUserId":"23dc5f6e-23e5-4aab-8295-9aade3d25555","oldManagementRole":null,"oldOperationalRole":"TEAM_EDITOR","newManagementRole":null,"newOperationalRole":"TEAM_VIEWER"}}
[2025-12-02T17:12:00.753Z] [App] [INFO] {"eventId":"f0cb7cc1-b2b6-474c-af1b-bbfe3ce5b100","eventType":"team.member.remove.success","timestamp":"2025-12-02T17:12:00.753Z","outcome":"success","userId":"4432934b-e8b0-4565-896a-c54641b1d0ef","teamId":"632838c5-e098-4343-898c-5b25273572c2","metadata":{"removedUserId":"0f201244-9106-4953-8319-916235672642"}}
[2025-12-02T17:12:00.763Z] [App] [INFO] {"eventId":"722f2ed3-45ca-4a30-b61c-842219948d59","eventType":"team.create.success","timestamp":"2025-12-02T17:12:00.763Z","outcome":"success","userId":"9a67d463-9eab-4d91-8e68-dd961a8d2398","teamId":"f1f33c0d-1726-4c0d-b708-e2dc8109ed03","teamName":"=y?{X","metadata":{"slug":"yx","planId":"free"}}
[2025-12-02T17:12:00.796Z] [App] [INFO] {"eventId":"b9c53589-60fe-40b5-a2d7-2bd504e5bb18","eventType":"team.member.add.success","timestamp":"2025-12-02T17:12:00.796Z","outcome":"success","userId":"9a67d463-9eab-4d91-8e68-dd961a8d2398","teamId":"f1f33c0d-1726-4c0d-b708-e2dc8109ed03","metadata":{"addedUserId":"d9d67718-572a-43c8-8a59-141784d7cb6d","operationalRole":"TEAM_MEMBER"}}
[2025-12-02T17:12:00.799Z] [App] [INFO] {"eventId":"b9622a6f-b90e-4b60-8c7a-3bc466b09287","eventType":"team.member.add.success","timestamp":"2025-12-02T17:12:00.799Z","outcome":"success","userId":"9a67d463-9eab-4d91-8e68-dd961a8d2398","teamId":"f1f33c0d-1726-4c0d-b708-e2dc8109ed03","metadata":{"addedUserId":"eac5d01b-95e9-40fc-8ab1-ae35a4e8d6b1","operationalRole":"TEAM_EDITOR"}}
[2025-12-02T17:12:00.803Z] [App] [INFO] {"eventId":"4b5d83df-ba44-4d70-9e37-040ba7d07dba","eventType":"team.member.role_change.success","timestamp":"2025-12-02T17:12:00.803Z","outcome":"success","userId":"9a67d463-9eab-4d91-8e68-dd961a8d2398","teamId":"f1f33c0d-1726-4c0d-b708-e2dc8109ed03","metadata":{"targetUserId":"d9d67718-572a-43c8-8a59-141784d7cb6d","oldManagementRole":null,"oldOperationalRole":"TEAM_MEMBER","newManagementRole":null,"newOperationalRole":"TEAM_EDITOR"}}
[2025-12-02T17:12:00.884Z] [App] [INFO] {"eventId":"6a88662f-e80a-42f7-bcd1-505bed85d8f1","eventType":"team.member.role_change.success","timestamp":"2025-12-02T17:12:00.884Z","outcome":"success","userId":"9a67d463-9eab-4d91-8e68-dd961a8d2398","teamId":"f1f33c0d-1726-4c0d-b708-e2dc8109ed03","metadata":{"targetUserId":"eac5d01b-95e9-40fc-8ab1-ae35a4e8d6b1","oldManagementRole":null,"oldOperationalRole":"TEAM_EDITOR","newManagementRole":null,"newOperationalRole":"TEAM_VIEWER"}}
[2025-12-02T17:12:00.909Z] [App] [INFO] {"eventId":"2ff3c215-3462-4be1-ba5e-b699f3170297","eventType":"team.member.remove.success","timestamp":"2025-12-02T17:12:00.909Z","outcome":"success","userId":"9a67d463-9eab-4d91-8e68-dd961a8d2398","teamId":"f1f33c0d-1726-4c0d-b708-e2dc8109ed03","metadata":{"removedUserId":"d9d67718-572a-43c8-8a59-141784d7cb6d"}}
[2025-12-02T17:12:00.970Z] [App] [INFO] {"eventId":"e9402b8e-4740-4268-bd39-117cfd9c59de","eventType":"team.create.success","timestamp":"2025-12-02T17:12:00.970Z","outcome":"success","userId":"3a5dfaed-f41c-4921-9e9b-0a3427d5b4b2","teamId":"09c3f836-fd33-4f58-bbfa-13d1bf01696f","teamName":"&)(Qn","metadata":{"slug":"qn","planId":"free"}}
[2025-12-02T17:12:00.972Z] [App] [INFO] {"eventId":"5baae0c4-9281-475a-92dd-2aa273ade026","eventType":"team.member.add.success","timestamp":"2025-12-02T17:12:00.972Z","outcome":"success","userId":"3a5dfaed-f41c-4921-9e9b-0a3427d5b4b2","teamId":"09c3f836-fd33-4f58-bbfa-13d1bf01696f","metadata":{"addedUserId":"e7ba220e-82f9-4e8c-92dd-ac692f3c1c01","operationalRole":"TEAM_MEMBER"}}
[2025-12-02T17:12:01.000Z] [App] [INFO] {"eventId":"0867b306-f86e-446b-9a09-d103ab5d5748","eventType":"team.member.add.success","timestamp":"2025-12-02T17:12:01.000Z","outcome":"success","userId":"3a5dfaed-f41c-4921-9e9b-0a3427d5b4b2","teamId":"09c3f836-fd33-4f58-bbfa-13d1bf01696f","metadata":{"addedUserId":"733e828d-ffa6-49c8-8d91-6e35c00d319b","operationalRole":"TEAM_EDITOR"}}
[2025-12-02T17:12:01.005Z] [App] [INFO] {"eventId":"94e81446-e47f-4013-92db-944c3fa21e91","eventType":"team.member.role_change.success","timestamp":"2025-12-02T17:12:01.005Z","outcome":"success","userId":"3a5dfaed-f41c-4921-9e9b-0a3427d5b4b2","teamId":"09c3f836-fd33-4f58-bbfa-13d1bf01696f","metadata":{"targetUserId":"e7ba220e-82f9-4e8c-92dd-ac692f3c1c01","oldManagementRole":null,"oldOperationalRole":"TEAM_MEMBER","newManagementRole":null,"newOperationalRole":"TEAM_EDITOR"}}
[2025-12-02T17:12:01.010Z] [App] [INFO] {"eventId":"242463e8-feea-4949-be11-c717ed16edb5","eventType":"team.member.role_change.success","timestamp":"2025-12-02T17:12:01.010Z","outcome":"success","userId":"3a5dfaed-f41c-4921-9e9b-0a3427d5b4b2","teamId":"09c3f836-fd33-4f58-bbfa-13d1bf01696f","metadata":{"targetUserId":"733e828d-ffa6-49c8-8d91-6e35c00d319b","oldManagementRole":null,"oldOperationalRole":"TEAM_EDITOR","newManagementRole":null,"newOperationalRole":"TEAM_VIEWER"}}
[2025-12-02T17:12:01.015Z] [App] [INFO] {"eventId":"6ffcf0c8-1e93-4096-b78d-6650f028ea5f","eventType":"team.member.remove.success","timestamp":"2025-12-02T17:12:01.015Z","outcome":"success","userId":"3a5dfaed-f41c-4921-9e9b-0a3427d5b4b2","teamId":"09c3f836-fd33-4f58-bbfa-13d1bf01696f","metadata":{"removedUserId":"e7ba220e-82f9-4e8c-92dd-ac692f3c1c01"}}
[2025-12-02T17:12:01.022Z] [App] [INFO] {"eventId":"b08543bb-a4b8-4400-8d59-b4221b14e214","eventType":"team.create.success","timestamp":"2025-12-02T17:12:01.022Z","outcome":"success","userId":"022534e1-81c9-4639-a3d7-11b683d05149","teamId":"c9223544-a403-4321-a461-61995bce6c5e","teamName":"y#O","metadata":{"slug":"yo","planId":"free"}}
[2025-12-02T17:12:01.029Z] [App] [INFO] {"eventId":"8ca28f0f-2781-45d3-a1cd-3241bbef6b6a","eventType":"team.member.add.success","timestamp":"2025-12-02T17:12:01.029Z","outcome":"success","userId":"022534e1-81c9-4639-a3d7-11b683d05149","teamId":"c9223544-a403-4321-a461-61995bce6c5e","metadata":{"addedUserId":"ddd366c5-cec0-4055-845b-ee260cc3456e","operationalRole":"TEAM_MEMBER"}}
[2025-12-02T17:12:01.034Z] [App] [INFO] {"eventId":"2a8b5f82-48f3-4936-a993-4f8f6e071205","eventType":"team.member.add.success","timestamp":"2025-12-02T17:12:01.034Z","outcome":"success","userId":"022534e1-81c9-4639-a3d7-11b683d05149","teamId":"c9223544-a403-4321-a461-61995bce6c5e","metadata":{"addedUserId":"59fd276d-1ff5-4431-b972-325e83b71dbe","operationalRole":"TEAM_EDITOR"}}
[2025-12-02T17:12:01.037Z] [App] [INFO] {"eventId":"b8df5671-0dfe-460f-9cd1-14bf389fbd03","eventType":"team.member.role_change.success","timestamp":"2025-12-02T17:12:01.037Z","outcome":"success","userId":"022534e1-81c9-4639-a3d7-11b683d05149","teamId":"c9223544-a403-4321-a461-61995bce6c5e","metadata":{"targetUserId":"ddd366c5-cec0-4055-845b-ee260cc3456e","oldManagementRole":null,"oldOperationalRole":"TEAM_MEMBER","newManagementRole":null,"newOperationalRole":"TEAM_EDITOR"}}
[2025-12-02T17:12:01.056Z] [App] [INFO] {"eventId":"e7e363e3-69b7-4dea-aff5-bcd2d628e62a","eventType":"team.member.role_change.success","timestamp":"2025-12-02T17:12:01.056Z","outcome":"success","userId":"022534e1-81c9-4639-a3d7-11b683d05149","teamId":"c9223544-a403-4321-a461-61995bce6c5e","metadata":{"targetUserId":"59fd276d-1ff5-4431-b972-325e83b71dbe","oldManagementRole":null,"oldOperationalRole":"TEAM_EDITOR","newManagementRole":null,"newOperationalRole":"TEAM_VIEWER"}}
[2025-12-02T17:12:01.068Z] [App] [INFO] {"eventId":"d208ecb5-df81-453a-9b55-87d30fc2ff91","eventType":"team.member.remove.success","timestamp":"2025-12-02T17:12:01.068Z","outcome":"success","userId":"022534e1-81c9-4639-a3d7-11b683d05149","teamId":"c9223544-a403-4321-a461-61995bce6c5e","metadata":{"removedUserId":"ddd366c5-cec0-4055-845b-ee260cc3456e"}}
[2025-12-02T17:12:01.105Z] [App] [INFO] {"eventId":"f06ccac7-bd4a-4cc4-ad87-a9ff4bcc5ab0","eventType":"team.create.success","timestamp":"2025-12-02T17:12:01.105Z","outcome":"success","userId":"49ab21b5-051a-4957-96fc-f84cd8b39068","teamId":"061f2550-6172-47fa-aed5-153035c7f6eb","teamName":"!>hY&|$w1?","metadata":{"slug":"hyw1","planId":"free"}}
[2025-12-02T17:12:01.108Z] [App] [INFO] {"eventId":"62a78ab6-cdda-4ead-a584-0cbdac938113","eventType":"team.member.add.success","timestamp":"2025-12-02T17:12:01.108Z","outcome":"success","userId":"49ab21b5-051a-4957-96fc-f84cd8b39068","teamId":"061f2550-6172-47fa-aed5-153035c7f6eb","metadata":{"addedUserId":"9b9a6c9e-08e0-4d0d-96dc-a99967065646","operationalRole":"TEAM_MEMBER"}}
[2025-12-02T17:12:01.116Z] [App] [INFO] {"eventId":"3343f812-253d-4634-b479-2b3e329f7acd","eventType":"team.member.add.success","timestamp":"2025-12-02T17:12:01.116Z","outcome":"success","userId":"49ab21b5-051a-4957-96fc-f84cd8b39068","teamId":"061f2550-6172-47fa-aed5-153035c7f6eb","metadata":{"addedUserId":"0c63bcf0-1b90-44f8-b754-9a410e6def62","operationalRole":"TEAM_EDITOR"}}
[2025-12-02T17:12:01.123Z] [App] [INFO] {"eventId":"53dcb6c7-e4e7-4510-ba81-d52f5e4f27fc","eventType":"team.member.role_change.success","timestamp":"2025-12-02T17:12:01.123Z","outcome":"success","userId":"49ab21b5-051a-4957-96fc-f84cd8b39068","teamId":"061f2550-6172-47fa-aed5-153035c7f6eb","metadata":{"targetUserId":"9b9a6c9e-08e0-4d0d-96dc-a99967065646","oldManagementRole":null,"oldOperationalRole":"TEAM_MEMBER","newManagementRole":null,"newOperationalRole":"TEAM_EDITOR"}}
[2025-12-02T17:12:01.125Z] [App] [INFO] {"eventId":"e172570c-2ec2-4b3e-823c-678d9d811af1","eventType":"team.member.role_change.success","timestamp":"2025-12-02T17:12:01.125Z","outcome":"success","userId":"49ab21b5-051a-4957-96fc-f84cd8b39068","teamId":"061f2550-6172-47fa-aed5-153035c7f6eb","metadata":{"targetUserId":"0c63bcf0-1b90-44f8-b754-9a410e6def62","oldManagementRole":null,"oldOperationalRole":"TEAM_EDITOR","newManagementRole":null,"newOperationalRole":"TEAM_VIEWER"}}
[2025-12-02T17:12:01.126Z] [App] [INFO] {"eventId":"a3595190-8ce2-43b0-86fd-bda07108419a","eventType":"team.member.remove.success","timestamp":"2025-12-02T17:12:01.126Z","outcome":"success","userId":"49ab21b5-051a-4957-96fc-f84cd8b39068","teamId":"061f2550-6172-47fa-aed5-153035c7f6eb","metadata":{"removedUserId":"9b9a6c9e-08e0-4d0d-96dc-a99967065646"}}
[2025-12-02T17:12:01.135Z] [App] [INFO] {"eventId":"a6d900a0-0999-469d-b128-d6077056992d","eventType":"team.create.success","timestamp":"2025-12-02T17:12:01.135Z","outcome":"success","userId":"fb4d1bbd-ec36-470e-8fe8-8e0eb5976cc3","teamId":"b907cb1e-4dfb-45fc-91ec-bd6d57d33fbb","teamName":"l 5gsojo2,-","metadata":{"slug":"l-5gsojo2","planId":"free"}}
[2025-12-02T17:12:01.142Z] [App] [INFO] {"eventId":"52804cec-8ea7-44ee-8905-38c6e6c6745c","eventType":"team.member.add.success","timestamp":"2025-12-02T17:12:01.142Z","outcome":"success","userId":"fb4d1bbd-ec36-470e-8fe8-8e0eb5976cc3","teamId":"b907cb1e-4dfb-45fc-91ec-bd6d57d33fbb","metadata":{"addedUserId":"25518bc1-4524-40bc-b830-c7da88eeec33","operationalRole":"TEAM_MEMBER"}}
[2025-12-02T17:12:01.154Z] [App] [INFO] {"eventId":"936174ca-09d0-4177-8a82-72bf8cc88ef4","eventType":"team.member.add.success","timestamp":"2025-12-02T17:12:01.154Z","outcome":"success","userId":"fb4d1bbd-ec36-470e-8fe8-8e0eb5976cc3","teamId":"b907cb1e-4dfb-45fc-91ec-bd6d57d33fbb","metadata":{"addedUserId":"e4fefd6f-c471-49b2-979f-184fa151d30b","operationalRole":"TEAM_EDITOR"}}
[2025-12-02T17:12:01.166Z] [App] [INFO] {"eventId":"aaff028b-b131-44c9-9728-6110bf5a3357","eventType":"team.member.role_change.success","timestamp":"2025-12-02T17:12:01.166Z","outcome":"success","userId":"fb4d1bbd-ec36-470e-8fe8-8e0eb5976cc3","teamId":"b907cb1e-4dfb-45fc-91ec-bd6d57d33fbb","metadata":{"targetUserId":"25518bc1-4524-40bc-b830-c7da88eeec33","oldManagementRole":null,"oldOperationalRole":"TEAM_MEMBER","newManagementRole":null,"newOperationalRole":"TEAM_EDITOR"}}
[2025-12-02T17:12:01.168Z] [App] [INFO] {"eventId":"12eb754a-7cc0-46e3-9dd8-977e4acf9566","eventType":"team.member.role_change.success","timestamp":"2025-12-02T17:12:01.168Z","outcome":"success","userId":"fb4d1bbd-ec36-470e-8fe8-8e0eb5976cc3","teamId":"b907cb1e-4dfb-45fc-91ec-bd6d57d33fbb","metadata":{"targetUserId":"e4fefd6f-c471-49b2-979f-184fa151d30b","oldManagementRole":null,"oldOperationalRole":"TEAM_EDITOR","newManagementRole":null,"newOperationalRole":"TEAM_VIEWER"}}
[2025-12-02T17:12:01.169Z] [App] [INFO] {"eventId":"3d85844c-ed16-4ced-9abe-23d1882c065c","eventType":"team.member.remove.success","timestamp":"2025-12-02T17:12:01.169Z","outcome":"success","userId":"fb4d1bbd-ec36-470e-8fe8-8e0eb5976cc3","teamId":"b907cb1e-4dfb-45fc-91ec-bd6d57d33fbb","metadata":{"removedUserId":"25518bc1-4524-40bc-b830-c7da88eeec33"}}
[2025-12-02T17:12:01.171Z] [App] [INFO] {"eventId":"3f20260a-15b9-42f2-adfb-07ffb8868ef1","eventType":"team.create.success","timestamp":"2025-12-02T17:12:01.171Z","outcome":"success","userId":"fd4133f2-c0d7-45ba-9096-cb244eb65882","teamId":"65e2254e-77f7-454f-8cf2-15cf0c6c36df","teamName":"?l!@B","metadata":{"slug":"lb","planId":"free"}}
[2025-12-02T17:12:01.172Z] [App] [INFO] {"eventId":"26e27180-3f57-44e9-889e-930becf8740f","eventType":"team.member.add.success","timestamp":"2025-12-02T17:12:01.172Z","outcome":"success","userId":"fd4133f2-c0d7-45ba-9096-cb244eb65882","teamId":"65e2254e-77f7-454f-8cf2-15cf0c6c36df","metadata":{"addedUserId":"159e8cca-2c86-4c28-bf9e-04fd5bee05e0","operationalRole":"TEAM_MEMBER"}}
[2025-12-02T17:12:01.174Z] [App] [INFO] {"eventId":"c22be2e8-8bd3-4a13-bb14-4eeb9327b2e2","eventType":"team.member.add.success","timestamp":"2025-12-02T17:12:01.174Z","outcome":"success","userId":"fd4133f2-c0d7-45ba-9096-cb244eb65882","teamId":"65e2254e-77f7-454f-8cf2-15cf0c6c36df","metadata":{"addedUserId":"3541f6d1-d7e5-4569-88aa-0709f82acf9a","operationalRole":"TEAM_EDITOR"}}
[2025-12-02T17:12:01.175Z] [App] [INFO] {"eventId":"6a9b0cf1-c7ff-45db-adbf-3f2f65bf7d09","eventType":"team.member.role_change.success","timestamp":"2025-12-02T17:12:01.175Z","outcome":"success","userId":"fd4133f2-c0d7-45ba-9096-cb244eb65882","teamId":"65e2254e-77f7-454f-8cf2-15cf0c6c36df","metadata":{"targetUserId":"159e8cca-2c86-4c28-bf9e-04fd5bee05e0","oldManagementRole":null,"oldOperationalRole":"TEAM_MEMBER","newManagementRole":null,"newOperationalRole":"TEAM_EDITOR"}}
[2025-12-02T17:12:01.177Z] [App] [INFO] {"eventId":"46a5a93a-986b-43c2-a429-e4bf059aedd8","eventType":"team.member.role_change.success","timestamp":"2025-12-02T17:12:01.177Z","outcome":"success","userId":"fd4133f2-c0d7-45ba-9096-cb244eb65882","teamId":"65e2254e-77f7-454f-8cf2-15cf0c6c36df","metadata":{"targetUserId":"3541f6d1-d7e5-4569-88aa-0709f82acf9a","oldManagementRole":null,"oldOperationalRole":"TEAM_EDITOR","newManagementRole":null,"newOperationalRole":"TEAM_VIEWER"}}
[2025-12-02T17:12:01.184Z] [App] [INFO] {"eventId":"72f0d81b-bc0a-454a-94aa-5093323ca0bb","eventType":"team.member.remove.success","timestamp":"2025-12-02T17:12:01.184Z","outcome":"success","userId":"fd4133f2-c0d7-45ba-9096-cb244eb65882","teamId":"65e2254e-77f7-454f-8cf2-15cf0c6c36df","metadata":{"removedUserId":"159e8cca-2c86-4c28-bf9e-04fd5bee05e0"}}
[2025-12-02T17:12:01.198Z] [App] [INFO] {"eventId":"e2814ad1-eb9e-4f1c-aa6a-1e6d0c3d62f2","eventType":"team.create.success","timestamp":"2025-12-02T17:12:01.198Z","outcome":"success","userId":"684da541-7510-49f7-a6c5-8ce87887f635","teamId":"c63faac5-60b9-4bb6-b10a-a6304a168012","teamName":"4E","metadata":{"slug":"4e","planId":"free"}}
[2025-12-02T17:12:01.200Z] [App] [INFO] {"eventId":"885f2f40-7594-49fc-b07a-4a0b0b98c6ab","eventType":"team.member.add.success","timestamp":"2025-12-02T17:12:01.200Z","outcome":"success","userId":"684da541-7510-49f7-a6c5-8ce87887f635","teamId":"c63faac5-60b9-4bb6-b10a-a6304a168012","metadata":{"addedUserId":"e961d5e3-77ce-44e3-a3fa-51682cf93dfd","operationalRole":"TEAM_MEMBER"}}
[2025-12-02T17:12:01.202Z] [App] [INFO] {"eventId":"a6cf3441-98f9-4b17-a52b-851dab12eac0","eventType":"team.member.add.success","timestamp":"2025-12-02T17:12:01.202Z","outcome":"success","userId":"684da541-7510-49f7-a6c5-8ce87887f635","teamId":"c63faac5-60b9-4bb6-b10a-a6304a168012","metadata":{"addedUserId":"1484e0e3-4b20-46c8-bf17-b10dfd7bd408","operationalRole":"TEAM_EDITOR"}}
[2025-12-02T17:12:01.203Z] [App] [INFO] {"eventId":"6457c467-69f9-48be-badf-2d8e419f9539","eventType":"team.member.role_change.success","timestamp":"2025-12-02T17:12:01.203Z","outcome":"success","userId":"684da541-7510-49f7-a6c5-8ce87887f635","teamId":"c63faac5-60b9-4bb6-b10a-a6304a168012","metadata":{"targetUserId":"e961d5e3-77ce-44e3-a3fa-51682cf93dfd","oldManagementRole":null,"oldOperationalRole":"TEAM_MEMBER","newManagementRole":null,"newOperationalRole":"TEAM_EDITOR"}}
[2025-12-02T17:12:01.204Z] [App] [INFO] {"eventId":"729c0fae-e33b-432a-9e78-b8eea547569e","eventType":"team.member.role_change.success","timestamp":"2025-12-02T17:12:01.204Z","outcome":"success","userId":"684da541-7510-49f7-a6c5-8ce87887f635","teamId":"c63faac5-60b9-4bb6-b10a-a6304a168012","metadata":{"targetUserId":"1484e0e3-4b20-46c8-bf17-b10dfd7bd408","oldManagementRole":null,"oldOperationalRole":"TEAM_EDITOR","newManagementRole":null,"newOperationalRole":"TEAM_VIEWER"}}
[2025-12-02T17:12:01.206Z] [App] [INFO] {"eventId":"e610e08a-576c-4513-b036-4f82d750b32f","eventType":"team.member.remove.success","timestamp":"2025-12-02T17:12:01.206Z","outcome":"success","userId":"684da541-7510-49f7-a6c5-8ce87887f635","teamId":"c63faac5-60b9-4bb6-b10a-a6304a168012","metadata":{"removedUserId":"e961d5e3-77ce-44e3-a3fa-51682cf93dfd"}}

 ✓ src/server/teams/__tests__/members.property.test.ts (3 tests) 3020ms
   ✓ Team Member Management Properties > Property 13: Management roles require operational roles 630ms
   ✓ Team Member Management Properties > Property 15: Demotion blocked when projects owned 1169ms
   ✓ Team Member Management Properties > Property 17: Role changes recalculate billable seats 1209ms
stdout | src/server/auth/__tests__/rbac.test.ts > RBAC - Property-Based Tests > Property 20: Editor roles mark billable seats
[2025-12-02T17:12:01.433Z] [App] [INFO] rbac.assign_role.success {
  userId: '204938d7-bbf4-45d2-9e11-6f357a8f9fa1',
  role: 'TEAM_EDITOR',
  resourceType: 'team',
  resourceId: '98562228-a031-49ed-9da2-d311b6f6d0ec',
  roleId: 'c3ff8d20-9e18-4fc1-ad20-0effbb3113e8'
}
[2025-12-02T17:12:01.433Z] [App] [INFO] rbac.update_billable_seats { teamId: '98562228-a031-49ed-9da2-d311b6f6d0ec', billableSeats: 2 }
[2025-12-02T17:12:01.434Z] [App] [INFO] rbac.remove_role.success {
  userId: '204938d7-bbf4-45d2-9e11-6f357a8f9fa1',
  role: 'TEAM_EDITOR',
  resourceType: 'team',
  resourceId: '98562228-a031-49ed-9da2-d311b6f6d0ec'
}
[2025-12-02T17:12:01.434Z] [App] [INFO] rbac.update_billable_seats { teamId: '98562228-a031-49ed-9da2-d311b6f6d0ec', billableSeats: 1 }

stdout | Object.info (/Users/BYKHD/Documents/GitHub/ui-syncup/src/lib/logger.ts:175:15)
[2025-12-02T17:12:01.429Z] [App] [INFO] email.worker.sigterm

stdout | src/server/auth/__tests__/rbac.test.ts > RBAC - Property-Based Tests > Property 20: Editor roles mark billable seats
[2025-12-02T17:12:01.585Z] [App] [INFO] rbac.assign_role.success {
  userId: 'd1ed2849-811b-4e52-b559-1a435b2561be',
  role: 'TEAM_MEMBER',
  resourceType: 'team',
  resourceId: '78dac8a1-c6a8-4cbc-b59f-d6b2ddb0df78',
  roleId: '7fb9463f-b482-4cf5-810c-595e1e18bf5e'
}
[2025-12-02T17:12:01.586Z] [App] [INFO] rbac.assign_role.success {
  userId: 'd1ed2849-811b-4e52-b559-1a435b2561be',
  role: 'PROJECT_EDITOR',
  resourceType: 'project',
  resourceId: 'ce50bf00-42c3-4a04-87cb-fd4549284079',
  roleId: '48380bce-5055-454d-9327-16920fbf6454'
}
[2025-12-02T17:12:01.587Z] [App] [INFO] rbac.update_role.success {
  userId: 'd1ed2849-811b-4e52-b559-1a435b2561be',
  oldRole: 'TEAM_MEMBER',
  newRole: 'TEAM_EDITOR',
  resourceType: 'team',
  resourceId: '78dac8a1-c6a8-4cbc-b59f-d6b2ddb0df78'
}
[2025-12-02T17:12:01.587Z] [App] [INFO] rbac.update_billable_seats { teamId: '78dac8a1-c6a8-4cbc-b59f-d6b2ddb0df78', billableSeats: 1 }
[2025-12-02T17:12:01.588Z] [App] [INFO] rbac.assign_role.success {
  userId: 'd1ed2849-811b-4e52-b559-1a435b2561be',
  role: 'TEAM_OWNER',
  resourceType: 'team',
  resourceId: '78dac8a1-c6a8-4cbc-b59f-d6b2ddb0df78',
  roleId: '178486e2-ca7b-49b2-8865-f9bedbb755a1'
}

stdout | src/server/auth/__tests__/rbac.test.ts > RBAC - Property-Based Tests > Property 20: Editor roles mark billable seats
[2025-12-02T17:12:01.738Z] [App] [INFO] rbac.assign_role.success {
  userId: 'd0083ea4-098f-4bbc-b7c8-4676ef93790a',
  role: 'TEAM_EDITOR',
  resourceType: 'team',
  resourceId: '78dac8a1-c6a8-4cbc-b59f-d6b2ddb0df78',
  roleId: 'e0094099-ccaf-40cd-b239-272e21763db7'
}
[2025-12-02T17:12:01.738Z] [App] [INFO] rbac.update_billable_seats { teamId: '78dac8a1-c6a8-4cbc-b59f-d6b2ddb0df78', billableSeats: 2 }
[2025-12-02T17:12:01.739Z] [App] [INFO] rbac.remove_role.success {
  userId: 'd0083ea4-098f-4bbc-b7c8-4676ef93790a',
  role: 'TEAM_EDITOR',
  resourceType: 'team',
  resourceId: '78dac8a1-c6a8-4cbc-b59f-d6b2ddb0df78'
}
[2025-12-02T17:12:01.740Z] [App] [INFO] rbac.update_billable_seats { teamId: '78dac8a1-c6a8-4cbc-b59f-d6b2ddb0df78', billableSeats: 1 }

stdout | src/server/auth/__tests__/rbac.test.ts > RBAC - Property-Based Tests > Property 20: Editor roles mark billable seats
[2025-12-02T17:12:01.887Z] [App] [INFO] rbac.assign_role.success {
  userId: '9e9b7f29-8dff-42e2-9b77-f2297cde0a4e',
  role: 'TEAM_MEMBER',
  resourceType: 'team',
  resourceId: 'de7153b0-d10d-4643-9af6-7792344cf1c7',
  roleId: 'fb5d99e1-96f8-469c-9544-0eb09f3e6956'
}
[2025-12-02T17:12:01.889Z] [App] [INFO] rbac.assign_role.success {
  userId: '9e9b7f29-8dff-42e2-9b77-f2297cde0a4e',
  role: 'PROJECT_EDITOR',
  resourceType: 'project',
  resourceId: 'cb8a64a1-6b1f-4abf-925c-9fa6a875396b',
  roleId: 'b823b0d9-6198-4c25-82ad-2b3e5c5edb72'
}
[2025-12-02T17:12:01.893Z] [App] [INFO] rbac.update_role.success {
  userId: '9e9b7f29-8dff-42e2-9b77-f2297cde0a4e',
  oldRole: 'TEAM_MEMBER',
  newRole: 'TEAM_EDITOR',
  resourceType: 'team',
  resourceId: 'de7153b0-d10d-4643-9af6-7792344cf1c7'
}
[2025-12-02T17:12:01.901Z] [App] [INFO] rbac.update_billable_seats { teamId: 'de7153b0-d10d-4643-9af6-7792344cf1c7', billableSeats: 1 }
[2025-12-02T17:12:01.912Z] [App] [INFO] rbac.assign_role.success {
  userId: '9e9b7f29-8dff-42e2-9b77-f2297cde0a4e',
  role: 'TEAM_OWNER',
  resourceType: 'team',
  resourceId: 'de7153b0-d10d-4643-9af6-7792344cf1c7',
  roleId: '49ce417f-f34b-4586-ab1f-4b613d56f661'
}

stdout | src/server/auth/__tests__/rbac.test.ts > RBAC - Property-Based Tests > Property 20: Editor roles mark billable seats
[2025-12-02T17:12:02.066Z] [App] [INFO] rbac.assign_role.success {
  userId: '816d4bf3-a110-47d8-a0b4-276b738ef0af',
  role: 'TEAM_EDITOR',
  resourceType: 'team',
  resourceId: 'de7153b0-d10d-4643-9af6-7792344cf1c7',
  roleId: 'd1d2501e-b4e0-448f-be6a-5e623cfc2808'
}
[2025-12-02T17:12:02.067Z] [App] [INFO] rbac.update_billable_seats { teamId: 'de7153b0-d10d-4643-9af6-7792344cf1c7', billableSeats: 2 }
[2025-12-02T17:12:02.069Z] [App] [INFO] rbac.remove_role.success {
  userId: '816d4bf3-a110-47d8-a0b4-276b738ef0af',
  role: 'TEAM_EDITOR',
  resourceType: 'team',
  resourceId: 'de7153b0-d10d-4643-9af6-7792344cf1c7'
}
[2025-12-02T17:12:02.070Z] [App] [INFO] rbac.update_billable_seats { teamId: 'de7153b0-d10d-4643-9af6-7792344cf1c7', billableSeats: 1 }

stdout | src/server/auth/__tests__/rbac.test.ts > RBAC - Property-Based Tests > Property 20: Editor roles mark billable seats
[2025-12-02T17:12:02.358Z] [App] [INFO] rbac.assign_role.success {
  userId: '5730b674-87d1-4c56-a4f8-901fccb1a3f0',
  role: 'TEAM_MEMBER',
  resourceType: 'team',
  resourceId: '02948702-27f5-46e5-a562-1e1537b2da70',
  roleId: '220f22be-ac8d-4ce3-addb-dfce1cfe26d0'
}
[2025-12-02T17:12:02.360Z] [App] [INFO] rbac.assign_role.success {
  userId: '5730b674-87d1-4c56-a4f8-901fccb1a3f0',
  role: 'PROJECT_EDITOR',
  resourceType: 'project',
  resourceId: 'ebadf72b-3d9e-439e-acd3-b32aab9d89cb',
  roleId: 'ca25b3da-e601-4b91-8c66-9cea62460437'
}
[2025-12-02T17:12:02.364Z] [App] [INFO] rbac.update_role.success {
  userId: '5730b674-87d1-4c56-a4f8-901fccb1a3f0',
  oldRole: 'TEAM_MEMBER',
  newRole: 'TEAM_EDITOR',
  resourceType: 'team',
  resourceId: '02948702-27f5-46e5-a562-1e1537b2da70'
}
[2025-12-02T17:12:02.365Z] [App] [INFO] rbac.update_billable_seats { teamId: '02948702-27f5-46e5-a562-1e1537b2da70', billableSeats: 1 }
[2025-12-02T17:12:02.366Z] [App] [INFO] rbac.assign_role.success {
  userId: '5730b674-87d1-4c56-a4f8-901fccb1a3f0',
  role: 'TEAM_OWNER',
  resourceType: 'team',
  resourceId: '02948702-27f5-46e5-a562-1e1537b2da70',
  roleId: '1e4d6e24-4321-40bc-a8df-41dbdca993e4'
}

stdout | src/server/auth/__tests__/rbac.test.ts > RBAC - Property-Based Tests > Property 20: Editor roles mark billable seats
[2025-12-02T17:12:02.538Z] [App] [INFO] rbac.assign_role.success {
  userId: '066dc566-f5dd-4839-91ae-c5a24bc71e9d',
  role: 'TEAM_EDITOR',
  resourceType: 'team',
  resourceId: '02948702-27f5-46e5-a562-1e1537b2da70',
  roleId: 'b8b16cf3-66a0-440d-a80f-cfdc7f4e0add'
}
[2025-12-02T17:12:02.541Z] [App] [INFO] rbac.update_billable_seats { teamId: '02948702-27f5-46e5-a562-1e1537b2da70', billableSeats: 2 }
[2025-12-02T17:12:02.546Z] [App] [INFO] rbac.remove_role.success {
  userId: '066dc566-f5dd-4839-91ae-c5a24bc71e9d',
  role: 'TEAM_EDITOR',
  resourceType: 'team',
  resourceId: '02948702-27f5-46e5-a562-1e1537b2da70'
}
[2025-12-02T17:12:02.548Z] [App] [INFO] rbac.update_billable_seats { teamId: '02948702-27f5-46e5-a562-1e1537b2da70', billableSeats: 1 }

stdout | src/server/auth/__tests__/rbac.test.ts > RBAC - Property-Based Tests > Property 20: Editor roles mark billable seats
[2025-12-02T17:12:02.872Z] [App] [INFO] rbac.assign_role.success {
  userId: 'b97d9aff-c0c7-482a-9e95-855a42eef74e',
  role: 'TEAM_MEMBER',
  resourceType: 'team',
  resourceId: '42c88e25-9876-4f8c-8630-35a1a3bce1d2',
  roleId: '1ce064c9-6850-4c0b-9a30-211f182457fc'
}
[2025-12-02T17:12:02.875Z] [App] [INFO] rbac.assign_role.success {
  userId: 'b97d9aff-c0c7-482a-9e95-855a42eef74e',
  role: 'PROJECT_OWNER',
  resourceType: 'project',
  resourceId: '515ebe87-861c-4f2e-a92e-fb9a67aad8d1',
  roleId: 'd2690023-e496-4ef5-945a-4f9859d45ac9'
}
[2025-12-02T17:12:02.877Z] [App] [INFO] rbac.update_role.success {
  userId: 'b97d9aff-c0c7-482a-9e95-855a42eef74e',
  oldRole: 'TEAM_MEMBER',
  newRole: 'TEAM_EDITOR',
  resourceType: 'team',
  resourceId: '42c88e25-9876-4f8c-8630-35a1a3bce1d2'
}
[2025-12-02T17:12:02.877Z] [App] [INFO] rbac.update_billable_seats { teamId: '42c88e25-9876-4f8c-8630-35a1a3bce1d2', billableSeats: 1 }
[2025-12-02T17:12:02.880Z] [App] [INFO] rbac.assign_role.success {
  userId: 'b97d9aff-c0c7-482a-9e95-855a42eef74e',
  role: 'TEAM_OWNER',
  resourceType: 'team',
  resourceId: '42c88e25-9876-4f8c-8630-35a1a3bce1d2',
  roleId: '4249551b-4729-4544-93b9-3656b7216b4f'
}

stdout | src/server/auth/__tests__/rbac.test.ts > RBAC - Property-Based Tests > Property 20: Editor roles mark billable seats
[2025-12-02T17:12:03.008Z] [App] [INFO] rbac.assign_role.success {
  userId: '507c4ba9-1974-4e46-aaf5-aa0d2cf41e6f',
  role: 'TEAM_EDITOR',
  resourceType: 'team',
  resourceId: '42c88e25-9876-4f8c-8630-35a1a3bce1d2',
  roleId: '6d55b742-640f-46ce-96a2-a3a52d5430bc'
}
[2025-12-02T17:12:03.009Z] [App] [INFO] rbac.update_billable_seats { teamId: '42c88e25-9876-4f8c-8630-35a1a3bce1d2', billableSeats: 2 }
[2025-12-02T17:12:03.010Z] [App] [INFO] rbac.remove_role.success {
  userId: '507c4ba9-1974-4e46-aaf5-aa0d2cf41e6f',
  role: 'TEAM_EDITOR',
  resourceType: 'team',
  resourceId: '42c88e25-9876-4f8c-8630-35a1a3bce1d2'
}
[2025-12-02T17:12:03.010Z] [App] [INFO] rbac.update_billable_seats { teamId: '42c88e25-9876-4f8c-8630-35a1a3bce1d2', billableSeats: 1 }

stdout | src/server/auth/__tests__/rbac.test.ts > RBAC - Property-Based Tests > Property 20: Editor roles mark billable seats
[2025-12-02T17:12:03.589Z] [App] [INFO] rbac.assign_role.success {
  userId: '36cff0fe-0159-4567-80d2-360fbea9780f',
  role: 'TEAM_MEMBER',
  resourceType: 'team',
  resourceId: 'cedc1eb3-f513-4a10-8d7b-db2e86cee691',
  roleId: 'bc33cf8a-3da7-4f55-a3c8-26bcde2edc93'
}
[2025-12-02T17:12:03.591Z] [App] [INFO] rbac.assign_role.success {
  userId: '36cff0fe-0159-4567-80d2-360fbea9780f',
  role: 'PROJECT_EDITOR',
  resourceType: 'project',
  resourceId: '67620bb4-ee09-456b-a02f-7220e0bea6d6',
  roleId: '4c6254fc-160f-4a34-b5d7-5ad8a8e423a1'
}
[2025-12-02T17:12:03.595Z] [App] [INFO] rbac.update_role.success {
  userId: '36cff0fe-0159-4567-80d2-360fbea9780f',
  oldRole: 'TEAM_MEMBER',
  newRole: 'TEAM_EDITOR',
  resourceType: 'team',
  resourceId: 'cedc1eb3-f513-4a10-8d7b-db2e86cee691'
}
[2025-12-02T17:12:03.605Z] [App] [INFO] rbac.update_billable_seats { teamId: 'cedc1eb3-f513-4a10-8d7b-db2e86cee691', billableSeats: 1 }
[2025-12-02T17:12:03.607Z] [App] [INFO] rbac.assign_role.success {
  userId: '36cff0fe-0159-4567-80d2-360fbea9780f',
  role: 'TEAM_OWNER',
  resourceType: 'team',
  resourceId: 'cedc1eb3-f513-4a10-8d7b-db2e86cee691',
  roleId: '941dca50-a7e8-4778-bc76-be6f131f14a2'
}

stdout | src/server/auth/__tests__/rbac.test.ts > RBAC - Property-Based Tests > Property 20: Editor roles mark billable seats
[2025-12-02T17:12:04.007Z] [App] [INFO] rbac.assign_role.success {
  userId: 'ad7ca7f1-f741-40c1-8ce9-d70f9e449e65',
  role: 'TEAM_EDITOR',
  resourceType: 'team',
  resourceId: 'cedc1eb3-f513-4a10-8d7b-db2e86cee691',
  roleId: 'fbf0af22-985b-443f-b12a-add2477f7aff'
}
[2025-12-02T17:12:04.008Z] [App] [INFO] rbac.update_billable_seats { teamId: 'cedc1eb3-f513-4a10-8d7b-db2e86cee691', billableSeats: 2 }
[2025-12-02T17:12:04.009Z] [App] [INFO] rbac.remove_role.success {
  userId: 'ad7ca7f1-f741-40c1-8ce9-d70f9e449e65',
  role: 'TEAM_EDITOR',
  resourceType: 'team',
  resourceId: 'cedc1eb3-f513-4a10-8d7b-db2e86cee691'
}
[2025-12-02T17:12:04.010Z] [App] [INFO] rbac.update_billable_seats { teamId: 'cedc1eb3-f513-4a10-8d7b-db2e86cee691', billableSeats: 1 }

stdout | src/server/auth/__tests__/rbac.test.ts > RBAC - Property-Based Tests > Property 20: Editor roles mark billable seats
[2025-12-02T17:12:04.212Z] [App] [INFO] rbac.assign_role.success {
  userId: '4b5c0be4-6d4a-4cc6-b416-ee0405edf703',
  role: 'TEAM_MEMBER',
  resourceType: 'team',
  resourceId: '3bca959c-7a32-47ae-b1e9-8ea6aac2cd2b',
  roleId: '2d987aad-a799-433c-aea0-2ca9d3b7912a'
}
[2025-12-02T17:12:04.214Z] [App] [INFO] rbac.assign_role.success {
  userId: '4b5c0be4-6d4a-4cc6-b416-ee0405edf703',
  role: 'PROJECT_OWNER',
  resourceType: 'project',
  resourceId: '4e1067b8-9c78-43ee-baed-0af4486ac017',
  roleId: '277a44bc-47ab-46e5-96f8-41f232536ec6'
}
[2025-12-02T17:12:04.216Z] [App] [INFO] rbac.update_role.success {
  userId: '4b5c0be4-6d4a-4cc6-b416-ee0405edf703',
  oldRole: 'TEAM_MEMBER',
  newRole: 'TEAM_EDITOR',
  resourceType: 'team',
  resourceId: '3bca959c-7a32-47ae-b1e9-8ea6aac2cd2b'
}
[2025-12-02T17:12:04.216Z] [App] [INFO] rbac.update_billable_seats { teamId: '3bca959c-7a32-47ae-b1e9-8ea6aac2cd2b', billableSeats: 1 }
[2025-12-02T17:12:04.217Z] [App] [INFO] rbac.assign_role.success {
  userId: '4b5c0be4-6d4a-4cc6-b416-ee0405edf703',
  role: 'TEAM_OWNER',
  resourceType: 'team',
  resourceId: '3bca959c-7a32-47ae-b1e9-8ea6aac2cd2b',
  roleId: 'e098e54d-eda5-4d70-8441-116e57abcd0a'
}

stdout | src/server/auth/__tests__/rbac.test.ts > RBAC - Property-Based Tests > Property 20: Editor roles mark billable seats
[2025-12-02T17:12:04.410Z] [App] [INFO] rbac.assign_role.success {
  userId: '764ee4f6-ef61-47f0-9722-2cffcbae6f6e',
  role: 'TEAM_EDITOR',
  resourceType: 'team',
  resourceId: '3bca959c-7a32-47ae-b1e9-8ea6aac2cd2b',
  roleId: 'd4661ec7-e208-49a5-bd1f-88ac299141b0'
}
[2025-12-02T17:12:04.413Z] [App] [INFO] rbac.update_billable_seats { teamId: '3bca959c-7a32-47ae-b1e9-8ea6aac2cd2b', billableSeats: 2 }
[2025-12-02T17:12:04.415Z] [App] [INFO] rbac.remove_role.success {
  userId: '764ee4f6-ef61-47f0-9722-2cffcbae6f6e',
  role: 'TEAM_EDITOR',
  resourceType: 'team',
  resourceId: '3bca959c-7a32-47ae-b1e9-8ea6aac2cd2b'
}
[2025-12-02T17:12:04.415Z] [App] [INFO] rbac.update_billable_seats { teamId: '3bca959c-7a32-47ae-b1e9-8ea6aac2cd2b', billableSeats: 1 }

stdout | src/server/teams/__tests__/team-creation.property.test.ts > Property 1: Team creation assigns correct roles > team creator is assigned TEAM_OWNER management role
[2025-12-02T17:12:02.501Z] [App] [INFO] {"eventId":"274c5a4c-ef3d-481f-ad05-91cae2630a50","eventType":"team.create.success","timestamp":"2025-12-02T17:12:02.501Z","outcome":"success","userId":"483d2ef7-b364-4357-9533-ae9e8441dbc2","teamId":"fc4af3e1-b131-47be-868c-55c0b14c2aa9","teamName":"m>pW","metadata":{"slug":"mpw","planId":"free"}}
[2025-12-02T17:12:02.507Z] [App] [INFO] {"eventId":"1b1d6219-782e-4a99-b194-6a61d1eb0a49","eventType":"team.create.success","timestamp":"2025-12-02T17:12:02.507Z","outcome":"success","userId":"96025f23-85aa-45d1-bef0-8aded3b4e41b","teamId":"ac1c3f76-762d-4cb6-8eec-bc8e0d33542b","teamName":"45 * P8l7","metadata":{"slug":"45-p8l7","planId":"free"}}
[2025-12-02T17:12:02.536Z] [App] [INFO] {"eventId":"d1950a0c-4f9f-4e82-8e60-d96333ecb930","eventType":"team.create.success","timestamp":"2025-12-02T17:12:02.536Z","outcome":"success","userId":"9b968c89-59b1-4063-987b-82f1b9ed48dc","teamId":"e7753c25-26f7-4114-acdd-05a4d846a137","teamName":"4b#SU5=]","metadata":{"slug":"4bsu5","planId":"free"}}
[2025-12-02T17:12:02.539Z] [App] [INFO] {"eventId":"e0581b6a-a22a-436c-9370-cb47de72fa52","eventType":"team.create.success","timestamp":"2025-12-02T17:12:02.539Z","outcome":"success","userId":"51218529-478e-4e64-b638-866216cbc973","teamId":"e6081bd9-6965-4be8-9f39-ca9d18538d07","teamName":"=Xc4]/.P","metadata":{"slug":"xc4p","planId":"free"}}
[2025-12-02T17:12:02.542Z] [App] [INFO] {"eventId":"fe4193af-2cde-4b49-9635-39c4e4e7e245","eventType":"team.create.success","timestamp":"2025-12-02T17:12:02.542Z","outcome":"success","userId":"ab93465a-e271-40b2-a69c-92ca3cc8799f","teamId":"1b2ab9e8-31d1-47c0-ac29-07f76927dbc7","teamName":"ref","metadata":{"slug":"ref","planId":"free"}}
[2025-12-02T17:12:02.558Z] [App] [INFO] {"eventId":"bfa6e3f0-adb1-4352-a36c-43383990fd96","eventType":"team.create.success","timestamp":"2025-12-02T17:12:02.558Z","outcome":"success","userId":"8914db2a-034c-46fe-ad63-e57fcf5f6dbe","teamId":"98713b34-8a0b-48f3-a13f-70f094c8eca1","teamName":"%#__lookupSet","metadata":{"slug":"lookupset","planId":"free"}}
[2025-12-02T17:12:02.573Z] [App] [INFO] {"eventId":"d9d45270-b620-47cf-9a23-20ed8369c8f4","eventType":"team.create.success","timestamp":"2025-12-02T17:12:02.573Z","outcome":"success","userId":"7bf3f62e-8d77-4a79-a09f-178f893eb245","teamId":"bca697a2-958c-4d39-9f93-952bd05cacfd","teamName":"e)A13w(>H!1W)","metadata":{"slug":"ea13wh1w","planId":"free"}}
[2025-12-02T17:12:02.601Z] [App] [INFO] {"eventId":"30b4470a-da0a-4229-a7e9-4a2c47f0c907","eventType":"team.create.success","timestamp":"2025-12-02T17:12:02.601Z","outcome":"success","userId":"a9b8859a-57aa-4da3-8ec4-050207ec1d0c","teamId":"e637d52a-350c-449f-b9d8-8826f036f931","teamName":"Q}!u","metadata":{"slug":"qu","planId":"free"}}
[2025-12-02T17:12:02.604Z] [App] [INFO] {"eventId":"3f9b7794-68d8-46c8-b30d-4c842b6baca0","eventType":"team.create.success","timestamp":"2025-12-02T17:12:02.604Z","outcome":"success","userId":"50cc26eb-681a-4111-9067-750afeaa098b","teamId":"bd93f90d-e9cd-46c7-8a47-9ab7afc9265e","teamName":"_QBeE2]%","metadata":{"slug":"qbee2","planId":"free"}}
[2025-12-02T17:12:02.607Z] [App] [INFO] {"eventId":"82d61aed-9ab3-48f2-92cf-9382b2a6cf9d","eventType":"team.create.success","timestamp":"2025-12-02T17:12:02.607Z","outcome":"success","userId":"8bf9bb82-bbe6-4119-bdbd-6d228bd7dcd8","teamId":"84854f10-9c10-4213-a91d-fed428b97dd8","teamName":"ij2","metadata":{"slug":"ij2","planId":"free"}}
[2025-12-02T17:12:02.625Z] [App] [INFO] {"eventId":"eb8a33bf-3a41-4974-a074-1d47f1581778","eventType":"team.create.success","timestamp":"2025-12-02T17:12:02.624Z","outcome":"success","userId":"99593e49-1eaf-479a-b270-44ebe10686e5","teamId":"acb8a63f-f022-463b-9685-a37f1d2ce5e3","teamName":"zn$4,.b","metadata":{"slug":"zn4b","planId":"free"}}
[2025-12-02T17:12:02.640Z] [App] [INFO] {"eventId":"5901d205-4a2e-4fa9-a045-f2f25726668a","eventType":"team.create.success","timestamp":"2025-12-02T17:12:02.640Z","outcome":"success","userId":"5ed44380-574f-410a-a415-743b6d925f6f","teamId":"39a0172b-a5fe-44b8-8c3f-1d5deeb08059","teamName":"Z77<LOy^H]^","metadata":{"slug":"z77loyh","planId":"free"}}
[2025-12-02T17:12:02.655Z] [App] [INFO] {"eventId":"e0adae11-df8a-4a00-ab5b-94bf1ff78cc7","eventType":"team.create.success","timestamp":"2025-12-02T17:12:02.655Z","outcome":"success","userId":"4a6ecaaa-d8eb-4f94-bf9f-a70f0300ca47","teamId":"d5ad81ac-1dfd-4ee1-a0c9-f1bcd5e56497","teamName":"q*XKJ)","metadata":{"slug":"qxkj","planId":"free"}}
[2025-12-02T17:12:02.659Z] [App] [INFO] {"eventId":"f8a023fa-afc1-482e-b681-8643cd731f03","eventType":"team.create.success","timestamp":"2025-12-02T17:12:02.659Z","outcome":"success","userId":"42122977-37c5-4153-a539-1dd1be9f2d59","teamId":"9913eebf-5779-46b4-b217-561b92a2701c","teamName":"hm:j'","metadata":{"slug":"hmj","planId":"free"}}
[2025-12-02T17:12:02.665Z] [App] [INFO] {"eventId":"1d624730-41e6-4644-9109-9c2c5a96893a","eventType":"team.create.success","timestamp":"2025-12-02T17:12:02.665Z","outcome":"success","userId":"a864dc9b-9b12-49be-a83a-e1e497d52cc8","teamId":"575dad84-7176-4c21-8fe5-affd9a5b2c08","teamName":"v&&x","metadata":{"slug":"vx","planId":"free"}}
[2025-12-02T17:12:02.713Z] [App] [INFO] {"eventId":"bf052906-965f-4744-8000-9dbe68199c84","eventType":"team.create.success","timestamp":"2025-12-02T17:12:02.713Z","outcome":"success","userId":"26c10465-7fee-4217-b85a-d3b218a0f57f","teamId":"6c82cb95-f3b1-4621-88c8-8dc28b7acdbc","teamName":"d U,$*zpropert","metadata":{"slug":"d-uzpropert","planId":"free"}}
[2025-12-02T17:12:02.748Z] [App] [INFO] {"eventId":"541ca7d4-02c3-43d6-9029-22982e800f6b","eventType":"team.create.success","timestamp":"2025-12-02T17:12:02.748Z","outcome":"success","userId":"eeac896d-5c43-4c63-9d4e-7104a7765b32","teamId":"16281434-9fad-412e-9f75-d55f734ed8b1","teamName":"6FG,bL;n","metadata":{"slug":"6fgbln","planId":"free"}}
[2025-12-02T17:12:02.762Z] [App] [INFO] {"eventId":"3eca024c-a696-42bf-9ce0-682ddaffe02c","eventType":"team.create.success","timestamp":"2025-12-02T17:12:02.762Z","outcome":"success","userId":"75f315e5-2285-4132-80e0-6d512583119e","teamId":"45590f39-036d-40f9-a550-3eb3d3348b30","teamName":"<p52bjBA`wq'2","metadata":{"slug":"p52bjbawq2","planId":"free"}}
[2025-12-02T17:12:02.768Z] [App] [INFO] {"eventId":"3ee1f1a4-af1f-4a70-ae38-877b5fa354d6","eventType":"team.create.success","timestamp":"2025-12-02T17:12:02.768Z","outcome":"success","userId":"0db5861d-406a-4ed2-aae1-a07499c3c1de","teamId":"a2ea5a4d-72d5-4d28-b483-55921ee4bbeb","teamName":"8Z*wS7","metadata":{"slug":"8zws7","planId":"free"}}
[2025-12-02T17:12:02.774Z] [App] [INFO] {"eventId":"fb943d7b-2ca3-40f2-a87f-436127a94323","eventType":"team.create.success","timestamp":"2025-12-02T17:12:02.774Z","outcome":"success","userId":"30613fb0-6223-4997-af1b-37dd173fe035","teamId":"82aa479d-8c8b-459e-8c8e-26b3385a3665","teamName":"/dE.=9f}TTI","metadata":{"slug":"de9ftti","planId":"free"}}

stdout | src/server/teams/__tests__/team-creation.property.test.ts > Property 1: Team creation assigns correct roles > team creator is assigned TEAM_EDITOR operational role
[2025-12-02T17:12:02.965Z] [App] [INFO] {"eventId":"3eb4bd7a-a48a-4249-ae0b-34f4fec23e88","eventType":"team.create.success","timestamp":"2025-12-02T17:12:02.965Z","outcome":"success","userId":"bcc58cbb-a8a5-4e1f-b7a1-8c070dee73e6","teamId":"7eaa2874-5900-4bd0-bc3c-d4a8ad6db59b","teamName":"s8dSqlA^_","metadata":{"slug":"s8dsqla","planId":"free"}}
[2025-12-02T17:12:02.975Z] [App] [INFO] {"eventId":"83d7b68a-b2d7-4375-a681-c01d192a1555","eventType":"team.create.success","timestamp":"2025-12-02T17:12:02.975Z","outcome":"success","userId":"f789d64f-7fb8-4db5-8604-821f3ce7c208","teamId":"ea356dd3-3589-4272-8ce9-4c27dbfaf226","teamName":"h7T))ZY.vf{z","metadata":{"slug":"h7tzyvfz","planId":"free"}}
[2025-12-02T17:12:03.018Z] [App] [INFO] {"eventId":"3ac1f45b-d1c4-4a6f-b2fe-206b0e04bc3f","eventType":"team.create.success","timestamp":"2025-12-02T17:12:03.018Z","outcome":"success","userId":"1a1c666b-013e-4fde-b0fb-b4fa9b21b92b","teamId":"3ee9a3ad-2479-49b7-97ce-c1730a2ea47b","teamName":".?% r~l,Y61U}S","metadata":{"slug":"rly61us","planId":"free"}}
[2025-12-02T17:12:03.057Z] [App] [INFO] {"eventId":"532f1421-1dc2-46c5-a176-cda54a916f7a","eventType":"team.create.success","timestamp":"2025-12-02T17:12:03.057Z","outcome":"success","userId":"be098999-9bf3-46ac-9108-e4882a0a5e05","teamId":"25c5231c-eb88-4b1b-aded-1571d69ba088","teamName":"e#/jE{}5","metadata":{"slug":"eje5","planId":"free"}}
[2025-12-02T17:12:03.106Z] [App] [INFO] {"eventId":"20967171-c774-4fdf-8cf1-8e4347642420","eventType":"team.create.success","timestamp":"2025-12-02T17:12:03.106Z","outcome":"success","userId":"29e478e0-12d4-431a-b89d-813fce358947","teamId":"fd91b181-769a-459c-8a37-014337d5a5f6","teamName":"R&!%~1{","metadata":{"slug":"r1","planId":"free"}}
[2025-12-02T17:12:03.110Z] [App] [INFO] {"eventId":"d5a50215-fb42-411e-8a90-f33bf786b865","eventType":"team.create.success","timestamp":"2025-12-02T17:12:03.110Z","outcome":"success","userId":"b2764083-45c3-4a93-98fe-d25bc94814f8","teamId":"c62cc85a-2e54-4001-8760-76d66cd01202","teamName":"9n??Ty}p=C?t]","metadata":{"slug":"9ntypct","planId":"free"}}
[2025-12-02T17:12:03.139Z] [App] [INFO] {"eventId":"af5500af-f34c-462b-a918-fcfdbd721d30","eventType":"team.create.success","timestamp":"2025-12-02T17:12:03.138Z","outcome":"success","userId":"0e0e27cb-d407-4fed-bcd5-1d15d1030fae","teamId":"eb988e29-3b4c-4365-8113-e3fbd11dc819","teamName":"|a\"pW%py}##","metadata":{"slug":"apwpy","planId":"free"}}
[2025-12-02T17:12:03.142Z] [App] [INFO] {"eventId":"31fde82b-aa29-407a-b605-e5119a5b7f58","eventType":"team.create.success","timestamp":"2025-12-02T17:12:03.142Z","outcome":"success","userId":"7e848b00-3aa9-4925-b5b9-8ad666b60dce","teamId":"4e8efdb9-f11d-4008-ae82-ba4ea7116ddf","teamName":"Xo'ZmP@_FWX","metadata":{"slug":"xozmpfwx","planId":"free"}}
[2025-12-02T17:12:03.164Z] [App] [INFO] {"eventId":"0636106c-a9fd-4db8-9d6e-dd9acee4d753","eventType":"team.create.success","timestamp":"2025-12-02T17:12:03.164Z","outcome":"success","userId":"41988ab9-932d-4d74-b29b-8ff8e557011a","teamId":"e49f8416-c041-462e-9950-442b3a333309","teamName":"vX|^=5cz","metadata":{"slug":"vx5cz","planId":"free"}}
[2025-12-02T17:12:03.227Z] [App] [INFO] {"eventId":"3828bd3d-60bd-4df3-aef2-b9f35cd78f6f","eventType":"team.create.success","timestamp":"2025-12-02T17:12:03.227Z","outcome":"success","userId":"77d3e35c-8b7c-4915-b5c1-cab6033e4951","teamId":"f97e5c43-5769-4f07-847c-6dab96a8f88f","teamName":"z(M&me,g4|bL~","metadata":{"slug":"zmmeg4bl","planId":"free"}}
[2025-12-02T17:12:03.237Z] [App] [INFO] {"eventId":"1c010d6f-d34f-461a-bf82-6da870c1c076","eventType":"team.create.success","timestamp":"2025-12-02T17:12:03.237Z","outcome":"success","userId":"2e800914-8533-4570-9c23-9fe655105c99","teamId":"54d8f7f2-f510-49a9-a46e-b5e40fc9aa0e","teamName":"ebe","metadata":{"slug":"ebe","planId":"free"}}
[2025-12-02T17:12:03.241Z] [App] [INFO] {"eventId":"c20fc617-07f9-4fcd-a510-350b3ba20019","eventType":"team.create.success","timestamp":"2025-12-02T17:12:03.241Z","outcome":"success","userId":"b4986580-4add-43d7-9ded-87ca0a76075a","teamId":"41ea36e9-2cdd-4830-8641-a48a6caa0f3e","teamName":"E^TiV5C6ix","metadata":{"slug":"etiv5c6ix","planId":"free"}}
[2025-12-02T17:12:03.274Z] [App] [INFO] {"eventId":"17baed8c-cee9-40d8-a4a1-2b3083929d66","eventType":"team.create.success","timestamp":"2025-12-02T17:12:03.274Z","outcome":"success","userId":"b7a80599-a492-4e05-a7b3-c9fa75a0c2b4","teamId":"2a9c8a0a-290a-4219-bfc3-9239a0b519f1","teamName":"g-,HE%","metadata":{"slug":"g-he","planId":"free"}}
[2025-12-02T17:12:03.291Z] [App] [INFO] {"eventId":"b190cf8f-86e4-4e58-aac5-07d19ffc1c6c","eventType":"team.create.success","timestamp":"2025-12-02T17:12:03.291Z","outcome":"success","userId":"421ec0e3-49f8-4756-b791-f976f9530565","teamId":"34b3d8cf-3ce5-4d13-9577-f4375aa4a792","teamName":"G_F(?'|h","metadata":{"slug":"gfh","planId":"free"}}
[2025-12-02T17:12:03.296Z] [App] [INFO] {"eventId":"964ea324-46da-42a8-b66e-2e5bcaf64707","eventType":"team.create.success","timestamp":"2025-12-02T17:12:03.296Z","outcome":"success","userId":"7a7dda10-3ad8-41d7-924b-c3c17ed10d35","teamId":"93df2c9b-d0b2-4565-9bc1-ebe0fe79c3c7","teamName":"a[_5gG`W=__jDx","metadata":{"slug":"a5ggwjdx","planId":"free"}}
[2025-12-02T17:12:03.299Z] [App] [INFO] {"eventId":"22d97efe-ce90-47a0-9599-8f0d13565799","eventType":"team.create.success","timestamp":"2025-12-02T17:12:03.299Z","outcome":"success","userId":"37356488-a451-4a95-b40e-497697d1be7b","teamId":"efa51e24-6cb2-45bb-9f91-8576fe3eb87e","teamName":"T@<T","metadata":{"slug":"tt","planId":"free"}}
[2025-12-02T17:12:03.301Z] [App] [INFO] {"eventId":"c50728d8-db99-4a54-9b37-0a8e0b5a21d7","eventType":"team.create.success","timestamp":"2025-12-02T17:12:03.301Z","outcome":"success","userId":"ba4f94b2-92c1-48f5-8ae1-caee04eefd08","teamId":"b554026d-df1a-4ed9-9ca8-f3936ac0144b","teamName":"o<=;rjz^","metadata":{"slug":"orjz","planId":"free"}}
[2025-12-02T17:12:03.339Z] [App] [INFO] {"eventId":"c24812e2-f1f1-4c37-8194-919ed0d74663","eventType":"team.create.success","timestamp":"2025-12-02T17:12:03.339Z","outcome":"success","userId":"5c3254c0-ae1b-4781-bdb3-7ad51474409e","teamId":"d97cd08d-f507-4ce1-9af7-b889a0bf4299","teamName":"{vmU@9AuQ~","metadata":{"slug":"vmu9auq","planId":"free"}}
[2025-12-02T17:12:03.354Z] [App] [INFO] {"eventId":"f0f9001a-e432-49bc-ae01-d1ab4848cc30","eventType":"team.create.success","timestamp":"2025-12-02T17:12:03.354Z","outcome":"success","userId":"cd8009db-8034-4292-9d72-72d5ad813329","teamId":"138b6440-4aba-4193-9123-b522fd715593","teamName":"<6z2","metadata":{"slug":"6z2","planId":"free"}}
[2025-12-02T17:12:03.366Z] [App] [INFO] {"eventId":"e94f7a2b-1a26-48de-b018-cf1e59333db7","eventType":"team.create.success","timestamp":"2025-12-02T17:12:03.366Z","outcome":"success","userId":"9280766a-9e39-4b35-8c6b-5048f7bef5ea","teamId":"26a96a5b-e470-4d10-813a-b3a1ff3fbdc1","teamName":"1wC&0qzeyh","metadata":{"slug":"1wc0qzeyh","planId":"free"}}

stdout | src/server/teams/__tests__/team-creation.property.test.ts > Property 1: Team creation assigns correct roles > team creator has both management and operational roles assigned
[2025-12-02T17:12:03.827Z] [App] [INFO] {"eventId":"013d2e85-6871-458b-8504-9bec4961526a","eventType":"team.create.success","timestamp":"2025-12-02T17:12:03.827Z","outcome":"success","userId":"ef9da30b-249f-4b40-8364-4e1b8c6ab7fa","teamId":"fa0b7421-4328-4325-a782-254ce9ffed58","teamName":"@EcfOpNNQ{5db","metadata":{"slug":"ecfopnnq5db","planId":"free"}}
[2025-12-02T17:12:03.846Z] [App] [INFO] {"eventId":"05466983-b1fb-4356-9062-c0ad6d0552e1","eventType":"team.create.success","timestamp":"2025-12-02T17:12:03.846Z","outcome":"success","userId":"121d31b2-0ac4-4d06-aaeb-b3628825b4f4","teamId":"f58bd2ef-44b4-4350-893a-e9026f9e5827","teamName":"U)<j","metadata":{"slug":"uj","planId":"free"}}
[2025-12-02T17:12:03.858Z] [App] [INFO] {"eventId":"78fb63a5-3ea2-4ca9-8be0-8631d371f65a","eventType":"team.create.success","timestamp":"2025-12-02T17:12:03.857Z","outcome":"success","userId":"5cc1a992-66fb-4d78-8309-dc59e6d9b160","teamId":"6e9bf693-8357-4e4b-b832-e4103c44856f","teamName":"IhWT_","metadata":{"slug":"ihwt","planId":"free"}}
[2025-12-02T17:12:03.875Z] [App] [INFO] {"eventId":"75b21448-5b92-4c03-b772-997860d06ee0","eventType":"team.create.success","timestamp":"2025-12-02T17:12:03.875Z","outcome":"success","userId":"123196b2-99ba-48a7-9456-daa105a5b30c","teamId":"7d851d13-0d5e-4ef1-99dd-6b2ec64062d9","teamName":"+A$`yp","metadata":{"slug":"ayp","planId":"free"}}
[2025-12-02T17:12:03.883Z] [App] [INFO] {"eventId":"b32f8b4d-c285-471e-b088-fff9e727329c","eventType":"team.create.success","timestamp":"2025-12-02T17:12:03.883Z","outcome":"success","userId":"31eaa90b-bdc3-4c84-a3b6-f2dfaeb9eba1","teamId":"71312b7a-18f0-4d90-8313-b7c7a227a9d5","teamName":"*f`mn9)w(m&x","metadata":{"slug":"fmn9wmx","planId":"free"}}
[2025-12-02T17:12:03.886Z] [App] [INFO] {"eventId":"97370ea6-d8d2-491b-afa6-b7522b40cf4f","eventType":"team.create.success","timestamp":"2025-12-02T17:12:03.886Z","outcome":"success","userId":"03b1434e-c252-4024-8536-d1a43f077550","teamId":"4d16c045-ffd0-4a56-93be-19f7ba55c4a4","teamName":"name","metadata":{"slug":"name","planId":"free"}}
[2025-12-02T17:12:03.889Z] [App] [INFO] {"eventId":"3f70f89d-963f-4093-a5d6-c8f178be5bc9","eventType":"team.create.success","timestamp":"2025-12-02T17:12:03.889Z","outcome":"success","userId":"3a0b479a-5a4d-4db8-8db3-3cea6a1049a9","teamId":"c0dd0592-6231-4119-a75b-930e8ec2fd2d","teamName":"BM~0xI[0>/EL","metadata":{"slug":"bm0xi0el","planId":"free"}}
[2025-12-02T17:12:03.902Z] [App] [INFO] {"eventId":"0a82a779-ce34-44f7-924e-782b59f75823","eventType":"team.create.success","timestamp":"2025-12-02T17:12:03.902Z","outcome":"success","userId":"8a614750-596a-4d74-8b16-4bedc189d30c","teamId":"b2b1c8cd-2c4c-4f2d-9b49-f08bd1b1282f","teamName":"calueO__looku","metadata":{"slug":"calueolooku","planId":"free"}}
[2025-12-02T17:12:03.908Z] [App] [INFO] {"eventId":"94dc636c-75aa-4c2f-bfc2-d8282593b5ab","eventType":"team.create.success","timestamp":"2025-12-02T17:12:03.907Z","outcome":"success","userId":"52afacef-cf51-4002-b390-df566357bb46","teamId":"c62ecd6e-c1d8-4a43-9d30-108c16a14620","teamName":"N$F$o!y`&&lox$","metadata":{"slug":"nfoylox","planId":"free"}}
[2025-12-02T17:12:03.910Z] [App] [INFO] {"eventId":"64ea7eca-18e4-46d4-a749-9d3811eec431","eventType":"team.create.success","timestamp":"2025-12-02T17:12:03.910Z","outcome":"success","userId":"63389d86-3609-4d9f-873a-76b4166ea2c7","teamId":"4fa589f1-0723-436e-a01b-621ad0844543","teamName":"OuZm{V;-,{v}","metadata":{"slug":"ouzmv-v","planId":"free"}}
[2025-12-02T17:12:03.915Z] [App] [INFO] {"eventId":"05ba943f-4fe8-4cfa-9259-1c8363db07d3","eventType":"team.create.success","timestamp":"2025-12-02T17:12:03.915Z","outcome":"success","userId":"33a16f55-b659-4e3a-86da-a98f50f5aff6","teamId":"8b7adae1-1e4b-48ae-bf5f-959d235b5f7e","teamName":"7RI%9ZKc9z/&X","metadata":{"slug":"7ri9zkc9zx","planId":"free"}}
[2025-12-02T17:12:03.918Z] [App] [INFO] {"eventId":"c689d0f0-0970-4098-b6e2-cce00f084b63","eventType":"team.create.success","timestamp":"2025-12-02T17:12:03.918Z","outcome":"success","userId":"c0a6192b-87d3-4f96-804b-c3c5b1124c57","teamId":"162572ee-272d-48c3-98f0-63c99152c7ce","teamName":"JQ8gtSj=>I3p70","metadata":{"slug":"jq8gtsji3p70","planId":"free"}}
[2025-12-02T17:12:03.921Z] [App] [INFO] {"eventId":"57203b98-42c7-49ca-b5ed-f3d0d395bf30","eventType":"team.create.success","timestamp":"2025-12-02T17:12:03.921Z","outcome":"success","userId":"e4e55633-bc17-403b-b5f4-b97958e7b271","teamId":"9dedaf09-4f91-49ee-b728-b6b5fd09f4ac","teamName":"#__&MkX$","metadata":{"slug":"mkx","planId":"free"}}
[2025-12-02T17:12:03.924Z] [App] [INFO] {"eventId":"0ce08cf8-ccab-41db-bc34-ddb8ae33236c","eventType":"team.create.success","timestamp":"2025-12-02T17:12:03.924Z","outcome":"success","userId":"47149349-e0ae-45c7-b90f-6f967d16a02b","teamId":"a6084516-f763-4dd0-84fe-6f7c93eb1b7b","teamName":"QM!#}?O,! rX","metadata":{"slug":"qmo-rx","planId":"free"}}
[2025-12-02T17:12:03.926Z] [App] [INFO] {"eventId":"673dfaef-8556-487c-bbd1-d7a1dcedba89","eventType":"team.create.success","timestamp":"2025-12-02T17:12:03.926Z","outcome":"success","userId":"172dff33-a669-4704-8ff3-607493c43a8b","teamId":"30b3ed03-8a70-425d-abf8-600d2d47335a","teamName":"/2'x","metadata":{"slug":"2x","planId":"free"}}
[2025-12-02T17:12:03.930Z] [App] [INFO] {"eventId":"5fec0655-9b9e-492f-a7dd-5de1d4d413bd","eventType":"team.create.success","timestamp":"2025-12-02T17:12:03.930Z","outcome":"success","userId":"0dee7633-6919-4158-aee7-e51bd2682d98","teamId":"9f56be6e-6f47-4277-bb60-c5acfca1e94e","teamName":"jG@","metadata":{"slug":"jg","planId":"free"}}
[2025-12-02T17:12:03.932Z] [App] [INFO] {"eventId":"bb446d32-dab3-4bca-b084-52f282126944","eventType":"team.create.success","timestamp":"2025-12-02T17:12:03.932Z","outcome":"success","userId":"fbe3507d-3623-4d6d-9652-2153b7707a6c","teamId":"d840b42c-e5a4-4af0-a9c6-fa19c4b1fb17","teamName":"C]txf-esT1e:","metadata":{"slug":"ctxf-est1e","planId":"free"}}
[2025-12-02T17:12:03.935Z] [App] [INFO] {"eventId":"2831d751-3a97-4f3f-85b2-82c0f0391634","eventType":"team.create.success","timestamp":"2025-12-02T17:12:03.935Z","outcome":"success","userId":"624469af-4e92-4e4b-91b0-4d608ef69fff","teamId":"61989500-a9be-4114-94d1-01a2ca4bad1f","teamName":"5:gDsc-8CA(O","metadata":{"slug":"5gdsc-8cao","planId":"free"}}
[2025-12-02T17:12:03.943Z] [App] [INFO] {"eventId":"5314dd3f-f23f-4c1d-ab41-8a1cffdc14ba","eventType":"team.create.success","timestamp":"2025-12-02T17:12:03.943Z","outcome":"success","userId":"553eb93c-d30e-4f12-b733-47379fb608e2","teamId":"838a3b87-00e9-422a-918c-0843cb84f17b","teamName":"i1Y(8>6jd'>v","metadata":{"slug":"i1y86jdv","planId":"free"}}
[2025-12-02T17:12:03.948Z] [App] [INFO] {"eventId":"b116cafa-c0e4-4a48-bf5d-4c6772d0edf2","eventType":"team.create.success","timestamp":"2025-12-02T17:12:03.948Z","outcome":"success","userId":"5ff94bba-a142-4551-9bd7-e83aebd4f997","teamId":"c5a7c755-94df-4de6-b4c7-d74d85575082","teamName":"ax`q#","metadata":{"slug":"axq","planId":"free"}}

stdout | src/server/teams/__tests__/team-creation.property.test.ts > Property 1: Team creation assigns correct roles > team creator is the only member after creation
[2025-12-02T17:12:04.126Z] [App] [INFO] {"eventId":"54420202-1b6c-4fc9-9eaa-26b3424af70e","eventType":"team.create.success","timestamp":"2025-12-02T17:12:04.126Z","outcome":"success","userId":"f7baa24c-e6d7-4425-ae73-725f61df27ff","teamId":"2e171f3a-e616-45a8-83d4-56fe6d87ba0f","teamName":"ref","metadata":{"slug":"ref","planId":"free"}}
[2025-12-02T17:12:04.132Z] [App] [INFO] {"eventId":"f63606d1-45c5-4995-9a50-ba3ee976336b","eventType":"team.create.success","timestamp":"2025-12-02T17:12:04.132Z","outcome":"success","userId":"84d6d53a-e39e-47cb-b281-2904c65ae710","teamId":"451b3486-a145-4a90-b966-ad80c14df26c","teamName":"^;z89[<+?","metadata":{"slug":"z89","planId":"free"}}
[2025-12-02T17:12:04.135Z] [App] [INFO] {"eventId":"123e5e77-fb47-462a-b3a6-87c03329d896","eventType":"team.create.success","timestamp":"2025-12-02T17:12:04.135Z","outcome":"success","userId":"85ad0682-9207-4ae1-ae6d-1860f92e6bdc","teamId":"9421d331-724a-4156-b7e2-75ba6207e664","teamName":"ref","metadata":{"slug":"ref","planId":"free"}}
[2025-12-02T17:12:04.138Z] [App] [INFO] {"eventId":"ce9e92ce-3c51-4dd6-9d9b-7afb005d2a4a","eventType":"team.create.success","timestamp":"2025-12-02T17:12:04.138Z","outcome":"success","userId":"c567169a-2866-4d3f-9370-a711de588ec0","teamId":"4d0c7ae5-e382-4098-b301-9f79c5e30b9c","teamName":"%Tgum","metadata":{"slug":"tgum","planId":"free"}}
[2025-12-02T17:12:04.141Z] [App] [INFO] {"eventId":"1b1f3736-ef9a-4856-91ce-89626c78d5fc","eventType":"team.create.success","timestamp":"2025-12-02T17:12:04.141Z","outcome":"success","userId":"e277a256-a617-450a-8cc6-623f9e8e0194","teamId":"3e9c1074-2d6d-4cdb-be99-5f85e7027531","teamName":"T<&M+\"8W&","metadata":{"slug":"tm8w","planId":"free"}}
[2025-12-02T17:12:04.156Z] [App] [INFO] {"eventId":"bed856c3-ff63-40c8-b139-5e276192f82b","eventType":"team.create.success","timestamp":"2025-12-02T17:12:04.156Z","outcome":"success","userId":"f0229830-1cab-4d27-afa1-326610186585","teamId":"58ec04c7-ad53-4bee-99c8-368eec5ef05e","teamName":"e##E","metadata":{"slug":"ee","planId":"free"}}
[2025-12-02T17:12:04.165Z] [App] [INFO] {"eventId":"5be38350-4383-4f75-8516-58d04667883f","eventType":"team.create.success","timestamp":"2025-12-02T17:12:04.165Z","outcome":"success","userId":"b410fe17-1687-4d4e-8244-af573f748979","teamId":"07089a08-8d7c-4539-b262-31850c8a86ec","teamName":"#BO0c/r<(bnkS,","metadata":{"slug":"bo0crbnks","planId":"free"}}
[2025-12-02T17:12:04.168Z] [App] [INFO] {"eventId":"03587feb-445b-4278-a151-5586972f6d03","eventType":"team.create.success","timestamp":"2025-12-02T17:12:04.168Z","outcome":"success","userId":"89b2ec1f-07f9-40c4-8f13-8b3e6e276196","teamId":"df7165a6-54bb-41fe-8234-bfffe859bd1d","teamName":"8I5T0(/#0","metadata":{"slug":"8i5t00","planId":"free"}}
[2025-12-02T17:12:04.171Z] [App] [INFO] {"eventId":"d0e09c09-259e-4e15-a885-8fe86a2fcb81","eventType":"team.create.success","timestamp":"2025-12-02T17:12:04.171Z","outcome":"success","userId":"f79eb798-04fe-4ae8-81cb-ee7e08d37134","teamId":"618bd8b4-96cc-4249-b1d5-08302c346964","teamName":";bh~\" # | ","metadata":{"slug":"bh","planId":"free"}}
[2025-12-02T17:12:04.174Z] [App] [INFO] {"eventId":"e5fb7af3-6023-4e4b-9989-24b5d6a4d4f0","eventType":"team.create.success","timestamp":"2025-12-02T17:12:04.174Z","outcome":"success","userId":"c6b4b290-3349-4929-9dd2-a89e16413e54","teamId":"c80c9347-4b78-484f-806c-efe6ccbf8018","teamName":"##.bB C=2","metadata":{"slug":"bb-c2","planId":"free"}}
[2025-12-02T17:12:04.177Z] [App] [INFO] {"eventId":"9d0d3a77-1171-4621-b606-fd21b430bf9a","eventType":"team.create.success","timestamp":"2025-12-02T17:12:04.177Z","outcome":"success","userId":"335b7c89-cb18-44ed-8256-5f592102deb7","teamId":"ed8218ea-7973-4e3d-9140-744f2be7d120","teamName":"O#b[.@y/6C[lXw","metadata":{"slug":"oby6clxw","planId":"free"}}
[2025-12-02T17:12:04.201Z] [App] [INFO] {"eventId":"7fa6763b-9b78-420c-8e50-5c91047aafab","eventType":"team.create.success","timestamp":"2025-12-02T17:12:04.201Z","outcome":"success","userId":"e0223bfa-1313-44ba-ad74-76ed75ec65fb","teamId":"e70d785f-548a-4b02-9326-cc170a741666","teamName":"kM*","metadata":{"slug":"km","planId":"free"}}
[2025-12-02T17:12:04.209Z] [App] [INFO] {"eventId":"a73fe40b-08ab-499e-a755-2e3a5b213c6c","eventType":"team.create.success","timestamp":"2025-12-02T17:12:04.209Z","outcome":"success","userId":"efba0536-c09a-4b43-b7f1-063b61b3fe02","teamId":"e3667523-6bd2-4aed-9a7a-d60f11a439e0","teamName":"A]b>|(","metadata":{"slug":"ab","planId":"free"}}
[2025-12-02T17:12:04.225Z] [App] [INFO] {"eventId":"5b4eebd2-b432-4801-8985-e829517e08e6","eventType":"team.create.success","timestamp":"2025-12-02T17:12:04.225Z","outcome":"success","userId":"ed322d99-972a-4d08-a182-8e469ea0b55e","teamId":"0915bea6-7151-42b5-a0ab-14e45e288af0","teamName":"%name","metadata":{"slug":"name","planId":"free"}}
[2025-12-02T17:12:04.235Z] [App] [INFO] {"eventId":"cf5d39d6-0626-4e1b-b3fb-6688b42fbf82","eventType":"team.create.success","timestamp":"2025-12-02T17:12:04.235Z","outcome":"success","userId":"b5f366f5-1142-4a73-9aba-0ee2f069badb","teamId":"5f882232-6483-44bf-8d24-ec587f129788","teamName":"y.E","metadata":{"slug":"ye","planId":"free"}}
[2025-12-02T17:12:04.242Z] [App] [INFO] {"eventId":"2fc652f9-a63f-4b49-a9fd-c061803fabbc","eventType":"team.create.success","timestamp":"2025-12-02T17:12:04.242Z","outcome":"success","userId":"76bd7708-68f5-40ed-83e3-2d8d0d7746b3","teamId":"6a014cab-aafe-464d-98b5-f56776e6fd68","teamName":"!yrGette%","metadata":{"slug":"yrgette","planId":"free"}}
[2025-12-02T17:12:04.246Z] [App] [INFO] {"eventId":"c01eef9d-defa-41ea-afc4-ab5823556e74","eventType":"team.create.success","timestamp":"2025-12-02T17:12:04.246Z","outcome":"success","userId":"d1f4bea4-138a-46bf-9e86-4d19c944206d","teamId":"0ee5cca9-99f6-4896-b5fd-2106321bd3a5","teamName":"xy>e","metadata":{"slug":"xye","planId":"free"}}
[2025-12-02T17:12:04.249Z] [App] [INFO] {"eventId":"017a6559-d189-44bd-81cb-9fb619d11dcb","eventType":"team.create.success","timestamp":"2025-12-02T17:12:04.249Z","outcome":"success","userId":"9cdb46d1-e1e4-4772-aa8b-d2eb19dc929c","teamId":"717ba114-3d1c-4051-95bb-f3085e4df6d1","teamName":"cLk9{OwY^0z","metadata":{"slug":"clk9owy0z","planId":"free"}}
[2025-12-02T17:12:04.251Z] [App] [INFO] {"eventId":"4bc6797d-ac51-4170-93b9-e35d672e9801","eventType":"team.create.success","timestamp":"2025-12-02T17:12:04.251Z","outcome":"success","userId":"fb5e0b90-0329-420d-8598-c617005905ef","teamId":"a3e1152e-340d-481f-9c7f-7df8a3556d74","teamName":"Eg","metadata":{"slug":"eg","planId":"free"}}
[2025-12-02T17:12:04.253Z] [App] [INFO] {"eventId":"e24c14da-7c0a-4fc5-a6f4-fa90e881d346","eventType":"team.create.success","timestamp":"2025-12-02T17:12:04.253Z","outcome":"success","userId":"fa5a0f34-3358-4303-b9de-d9550983765e","teamId":"c9c72bd0-9fed-40e3-9e2d-ec2d7efea4da","teamName":"@O.TA\"'gO|o*NE","metadata":{"slug":"otagoone","planId":"free"}}

stdout | src/server/teams/__tests__/team-creation.property.test.ts > Property 1: Team creation assigns correct roles > team creator's invitedBy field is null
[2025-12-02T17:12:04.331Z] [App] [INFO] {"eventId":"438e246d-a91b-413b-a332-87da74537de5","eventType":"team.create.success","timestamp":"2025-12-02T17:12:04.331Z","outcome":"success","userId":"08b72b85-36a9-4a57-a56f-a3929f995654","teamId":"3d28d91f-cae3-4c6a-b201-84feb4e7347d","teamName":"7#o) #!}}!}","metadata":{"slug":"7o","planId":"free"}}
[2025-12-02T17:12:04.336Z] [App] [INFO] {"eventId":"7f54f513-fe0f-449f-a520-822c52318e36","eventType":"team.create.success","timestamp":"2025-12-02T17:12:04.336Z","outcome":"success","userId":"69fc9c70-80b0-4bd4-ac17-da9863db7f71","teamId":"4d26c782-82d0-43f4-8750-eec09a211ca6","teamName":"%%0F","metadata":{"slug":"0f","planId":"free"}}
[2025-12-02T17:12:04.343Z] [App] [INFO] {"eventId":"ca38afcb-bf25-4a7e-960e-ae8edfe4bbcc","eventType":"team.create.success","timestamp":"2025-12-02T17:12:04.343Z","outcome":"success","userId":"d6a7454a-b180-4925-a64c-d1ff6849885e","teamId":"bf6e3ed9-60d3-49d8-b105-38d7fa2ee577","teamName":"5P`8z=dk9%","metadata":{"slug":"5p8zdk9","planId":"free"}}
[2025-12-02T17:12:04.346Z] [App] [INFO] {"eventId":"8024b1e0-9587-4475-b218-5dbfba55c1e6","eventType":"team.create.success","timestamp":"2025-12-02T17:12:04.346Z","outcome":"success","userId":"00fc4cae-f7ec-4163-b103-667a54860d4f","teamId":"3d32843b-ffe2-4509-9ce0-5ed4ac0d05ca","teamName":"f!(/F1D","metadata":{"slug":"ff1d","planId":"free"}}
[2025-12-02T17:12:04.349Z] [App] [INFO] {"eventId":"b5aaea2e-6b24-400e-bc6d-11750cb39c91","eventType":"team.create.success","timestamp":"2025-12-02T17:12:04.349Z","outcome":"success","userId":"2213a8e4-9528-4509-b017-437aa9c3e340","teamId":"0c5e03b2-6304-4603-898e-e2eb139249ff","teamName":"alueO","metadata":{"slug":"alueo","planId":"free"}}
[2025-12-02T17:12:04.351Z] [App] [INFO] {"eventId":"c38bcb5a-06d9-4943-b2e9-9f42384e7b6e","eventType":"team.create.success","timestamp":"2025-12-02T17:12:04.351Z","outcome":"success","userId":"730fb6c0-9b1e-4438-9e98-ee734f7ad910","teamId":"77d2f0f0-cab0-4876-ada5-e80a10bdd60c","teamName":"?@P76","metadata":{"slug":"p76","planId":"free"}}
[2025-12-02T17:12:04.358Z] [App] [INFO] {"eventId":"680aec72-9c24-4b52-931b-b32af3b1b57c","eventType":"team.create.success","timestamp":"2025-12-02T17:12:04.358Z","outcome":"success","userId":"4411a416-d0dd-48b1-8744-3b55c4e13aab","teamId":"c788dc1e-9a0c-4b20-a480-a7b97f277d88","teamName":"@^VFg _8p\"7:","metadata":{"slug":"vfg-8p7","planId":"free"}}
[2025-12-02T17:12:04.366Z] [App] [INFO] {"eventId":"f03d1646-8bf3-4af8-b1d5-a92078eab3bb","eventType":"team.create.success","timestamp":"2025-12-02T17:12:04.366Z","outcome":"success","userId":"02691652-0103-422d-b5f4-02b3b19081f6","teamId":"9546628b-6548-40c9-9c41-768d72cabafd","teamName":"Ah-XfLTI","metadata":{"slug":"ah-xflti","planId":"free"}}
[2025-12-02T17:12:04.368Z] [App] [INFO] {"eventId":"d7a5fccd-f703-4f71-b31d-f81ff9c4a6f3","eventType":"team.create.success","timestamp":"2025-12-02T17:12:04.368Z","outcome":"success","userId":"9c53d2ad-fc8d-4a97-9190-89c9138ac521","teamId":"da0cda38-f907-4730-960e-3cf310654609","teamName":"H.|>(P-ak","metadata":{"slug":"hp-ak","planId":"free"}}
[2025-12-02T17:12:04.374Z] [App] [INFO] {"eventId":"d90e250c-c4a0-46ee-aa26-ed0d8d2ffbdf","eventType":"team.create.success","timestamp":"2025-12-02T17:12:04.374Z","outcome":"success","userId":"6a213c3e-842b-40bf-9e3e-258b92c1b3d5","teamId":"880ef374-7a05-4025-bf81-0239b4e2ea41","teamName":"V$0phuV$","metadata":{"slug":"v0phuv","planId":"free"}}
[2025-12-02T17:12:04.376Z] [App] [INFO] {"eventId":"d24753f4-501c-4573-851c-d4db96590892","eventType":"team.create.success","timestamp":"2025-12-02T17:12:04.376Z","outcome":"success","userId":"9d41acee-7271-44dd-b647-2dad06d6d251","teamId":"47a19ebf-6cf2-43c8-ae4d-813f90ff72f5","teamName":"`C>O_J","metadata":{"slug":"coj","planId":"free"}}
[2025-12-02T17:12:04.381Z] [App] [INFO] {"eventId":"9b59ad0a-5dfc-4f90-b9ee-21c1522a0a5f","eventType":"team.create.success","timestamp":"2025-12-02T17:12:04.381Z","outcome":"success","userId":"cc3e0b4d-61dd-4e82-a066-825e310d03d8","teamId":"c92e98e2-d7ac-4ed4-a855-ac32fe43e47c","teamName":"%Grm4","metadata":{"slug":"grm4","planId":"free"}}
[2025-12-02T17:12:04.383Z] [App] [INFO] {"eventId":"a2b9e4ec-afce-468f-ba9f-bae2813171ca","eventType":"team.create.success","timestamp":"2025-12-02T17:12:04.383Z","outcome":"success","userId":"74cab031-6a5a-4ac5-8e64-32cac754014b","teamId":"89d896fe-b22c-4c74-98c8-8130accc689e","teamName":"*vz`{0","metadata":{"slug":"vz0","planId":"free"}}
[2025-12-02T17:12:04.385Z] [App] [INFO] {"eventId":"ed613050-f4fa-4ab6-8b12-f9ba8fb56bbd","eventType":"team.create.success","timestamp":"2025-12-02T17:12:04.385Z","outcome":"success","userId":"0e1b3314-e6c5-4077-a075-efca0f4de6db","teamId":"0d727dee-8244-4217-a968-60107b6c268a","teamName":"$dS8;MjT;&5&3","metadata":{"slug":"ds8mjt53","planId":"free"}}
[2025-12-02T17:12:04.387Z] [App] [INFO] {"eventId":"2c5b8502-56ed-42a1-b44f-57b7a889a916","eventType":"team.create.success","timestamp":"2025-12-02T17:12:04.387Z","outcome":"success","userId":"9fef3b39-59e6-44e0-9a62-a56942ce51e3","teamId":"4bbde8d1-0905-4187-a262-02dd706090ef","teamName":"IY.F-Y","metadata":{"slug":"iyf-y","planId":"free"}}
[2025-12-02T17:12:04.390Z] [App] [INFO] {"eventId":"b6225dc3-e50d-4df9-b19c-cb5b72af2482","eventType":"team.create.success","timestamp":"2025-12-02T17:12:04.390Z","outcome":"success","userId":"d9d5f4e8-81be-40a4-a8e0-a439f06bf5cb","teamId":"a804c8e6-b19b-43f0-9a9c-61076f3c0cb3","teamName":"j%#y/","metadata":{"slug":"jy","planId":"free"}}
[2025-12-02T17:12:04.392Z] [App] [INFO] {"eventId":"c12b20b8-b7bb-490c-8d63-d7096b618cd3","eventType":"team.create.success","timestamp":"2025-12-02T17:12:04.392Z","outcome":"success","userId":"12a3ffb6-228b-44c2-be1a-4297887d256e","teamId":"1721ceb1-de21-4ddb-a2ea-e8149067943e","teamName":"FR}(rj.t","metadata":{"slug":"frrjt","planId":"free"}}
[2025-12-02T17:12:04.395Z] [App] [INFO] {"eventId":"ed35500c-2936-46f3-bdde-bcc67c0ebbc0","eventType":"team.create.success","timestamp":"2025-12-02T17:12:04.395Z","outcome":"success","userId":"96210f0d-bbd6-4802-a8f1-248ef10ca543","teamId":"6f313f8d-008e-4c77-827c-29f80a3643e4","teamName":" #&Mz[x","metadata":{"slug":"mzx","planId":"free"}}
[2025-12-02T17:12:04.401Z] [App] [INFO] {"eventId":"8f0468cf-2010-40de-b70f-3f55afc36012","eventType":"team.create.success","timestamp":"2025-12-02T17:12:04.401Z","outcome":"success","userId":"fcad70ad-6e41-4a63-a9d4-2feffd8a437d","teamId":"32bd5a31-fa20-4ef0-97a8-efef45169cc1","teamName":"ax.~REZb%oD","metadata":{"slug":"axrezbod","planId":"free"}}
[2025-12-02T17:12:04.403Z] [App] [INFO] {"eventId":"23e059af-ecc9-4976-8bb7-710d72b48b40","eventType":"team.create.success","timestamp":"2025-12-02T17:12:04.403Z","outcome":"success","userId":"526aff58-d252-4419-b500-c88091a77472","teamId":"8aff52c6-0ea7-4d53-b639-1f54598d37fc","teamName":"*uLwicGypQ;","metadata":{"slug":"ulwicgypq","planId":"free"}}

 ✓ src/server/teams/__tests__/team-creation.property.test.ts (5 tests) 2125ms
   ✓ Property 1: Team creation assigns correct roles > team creator is assigned TEAM_OWNER management role 509ms
   ✓ Property 1: Team creation assigns correct roles > team creator is assigned TEAM_EDITOR operational role 813ms
   ✓ Property 1: Team creation assigns correct roles > team creator has both management and operational roles assigned 381ms
stdout | Object.info (/Users/BYKHD/Documents/GitHub/ui-syncup/src/lib/logger.ts:175:15)
[2025-12-02T17:12:04.522Z] [App] [INFO] email.worker.sigterm

stdout | src/server/auth/__tests__/rbac.test.ts > RBAC - Property-Based Tests > Property 20: Editor roles mark billable seats
[2025-12-02T17:12:04.644Z] [App] [INFO] rbac.assign_role.success {
  userId: 'c24a1ccc-4ad3-4174-8122-9bc29fa1a9be',
  role: 'TEAM_MEMBER',
  resourceType: 'team',
  resourceId: '9e52a5c8-4d59-43a8-a69b-143e5d10897d',
  roleId: '4f11fd8d-9574-4ddf-b6a4-58f7a4df3c03'
}
[2025-12-02T17:12:04.648Z] [App] [INFO] rbac.assign_role.success {
  userId: 'c24a1ccc-4ad3-4174-8122-9bc29fa1a9be',
  role: 'PROJECT_EDITOR',
  resourceType: 'project',
  resourceId: '48b8e6e1-ee9e-43d6-a588-154e4eeb3efb',
  roleId: 'b237665e-10f1-497d-94e5-83229fc264fb'
}
[2025-12-02T17:12:04.649Z] [App] [INFO] rbac.update_role.success {
  userId: 'c24a1ccc-4ad3-4174-8122-9bc29fa1a9be',
  oldRole: 'TEAM_MEMBER',
  newRole: 'TEAM_EDITOR',
  resourceType: 'team',
  resourceId: '9e52a5c8-4d59-43a8-a69b-143e5d10897d'
}
[2025-12-02T17:12:04.649Z] [App] [INFO] rbac.update_billable_seats { teamId: '9e52a5c8-4d59-43a8-a69b-143e5d10897d', billableSeats: 1 }
[2025-12-02T17:12:04.650Z] [App] [INFO] rbac.assign_role.success {
  userId: 'c24a1ccc-4ad3-4174-8122-9bc29fa1a9be',
  role: 'TEAM_OWNER',
  resourceType: 'team',
  resourceId: '9e52a5c8-4d59-43a8-a69b-143e5d10897d',
  roleId: '6fd9816f-2768-448c-8fae-243a01064409'
}

stdout | src/server/auth/__tests__/rbac.test.ts > RBAC - Property-Based Tests > Property 20: Editor roles mark billable seats
[2025-12-02T17:12:04.930Z] [App] [INFO] rbac.assign_role.success {
  userId: 'fa85da5a-fbb1-4cb8-a217-1a847214241b',
  role: 'TEAM_EDITOR',
  resourceType: 'team',
  resourceId: '9e52a5c8-4d59-43a8-a69b-143e5d10897d',
  roleId: '3c6885e8-8c72-4978-85c3-743e726cac78'
}
[2025-12-02T17:12:04.931Z] [App] [INFO] rbac.update_billable_seats { teamId: '9e52a5c8-4d59-43a8-a69b-143e5d10897d', billableSeats: 2 }
[2025-12-02T17:12:04.935Z] [App] [INFO] rbac.remove_role.success {
  userId: 'fa85da5a-fbb1-4cb8-a217-1a847214241b',
  role: 'TEAM_EDITOR',
  resourceType: 'team',
  resourceId: '9e52a5c8-4d59-43a8-a69b-143e5d10897d'
}
[2025-12-02T17:12:04.936Z] [App] [INFO] rbac.update_billable_seats { teamId: '9e52a5c8-4d59-43a8-a69b-143e5d10897d', billableSeats: 1 }

stdout | src/server/auth/__tests__/rbac.test.ts > RBAC - Property-Based Tests > Property 20: Editor roles mark billable seats
[2025-12-02T17:12:05.131Z] [App] [INFO] rbac.assign_role.success {
  userId: '52e29965-ea36-4802-8cde-4800c652b20f',
  role: 'TEAM_MEMBER',
  resourceType: 'team',
  resourceId: 'c27aff82-ace1-4a5e-9b2c-0a5e46f950f5',
  roleId: 'a9e0b007-12a8-442f-a1bf-e782ccfd44e2'
}
[2025-12-02T17:12:05.133Z] [App] [INFO] rbac.assign_role.success {
  userId: '52e29965-ea36-4802-8cde-4800c652b20f',
  role: 'PROJECT_EDITOR',
  resourceType: 'project',
  resourceId: '7983d503-1dcb-42cd-94dc-2cf05549e2b1',
  roleId: '8c7258ed-e3dc-461d-b2c7-86a7ae7b8038'
}
[2025-12-02T17:12:05.134Z] [App] [INFO] rbac.update_role.success {
  userId: '52e29965-ea36-4802-8cde-4800c652b20f',
  oldRole: 'TEAM_MEMBER',
  newRole: 'TEAM_EDITOR',
  resourceType: 'team',
  resourceId: 'c27aff82-ace1-4a5e-9b2c-0a5e46f950f5'
}
[2025-12-02T17:12:05.135Z] [App] [INFO] rbac.update_billable_seats { teamId: 'c27aff82-ace1-4a5e-9b2c-0a5e46f950f5', billableSeats: 1 }
[2025-12-02T17:12:05.148Z] [App] [INFO] rbac.assign_role.success {
  userId: '52e29965-ea36-4802-8cde-4800c652b20f',
  role: 'TEAM_OWNER',
  resourceType: 'team',
  resourceId: 'c27aff82-ace1-4a5e-9b2c-0a5e46f950f5',
  roleId: 'e6b5e27e-9501-4ef0-874d-20d3cef5d738'
}

 ✓ src/app/api/auth/logout/__tests__/logout-logging.property.test.ts (3 tests) 443ms
stdout | src/server/auth/__tests__/rbac.test.ts > RBAC - Property-Based Tests > Property 20: Editor roles mark billable seats
[2025-12-02T17:12:05.441Z] [App] [INFO] rbac.assign_role.success {
  userId: 'daf2f06f-5fd6-4caa-b12f-7c93178bef9c',
  role: 'TEAM_EDITOR',
  resourceType: 'team',
  resourceId: 'c27aff82-ace1-4a5e-9b2c-0a5e46f950f5',
  roleId: 'fc6ad18c-8894-4416-8fb0-a1a6cebdbfa4'
}
[2025-12-02T17:12:05.441Z] [App] [INFO] rbac.update_billable_seats { teamId: 'c27aff82-ace1-4a5e-9b2c-0a5e46f950f5', billableSeats: 2 }
[2025-12-02T17:12:05.442Z] [App] [INFO] rbac.remove_role.success {
  userId: 'daf2f06f-5fd6-4caa-b12f-7c93178bef9c',
  role: 'TEAM_EDITOR',
  resourceType: 'team',
  resourceId: 'c27aff82-ace1-4a5e-9b2c-0a5e46f950f5'
}
[2025-12-02T17:12:05.442Z] [App] [INFO] rbac.update_billable_seats { teamId: 'c27aff82-ace1-4a5e-9b2c-0a5e46f950f5', billableSeats: 1 }

stdout | src/server/auth/__tests__/rbac.test.ts > RBAC - Property-Based Tests > Property 20: Editor roles mark billable seats
[2025-12-02T17:12:05.588Z] [App] [INFO] rbac.assign_role.success {
  userId: 'b86082d0-2887-4fa8-9de9-d6d3bdeb9dd1',
  role: 'TEAM_MEMBER',
  resourceType: 'team',
  resourceId: 'd02d5409-419e-41b1-8ca4-5534e5254aa1',
  roleId: '33c53f3d-198a-4c1e-925f-7cc4ca009060'
}
[2025-12-02T17:12:05.590Z] [App] [INFO] rbac.assign_role.success {
  userId: 'b86082d0-2887-4fa8-9de9-d6d3bdeb9dd1',
  role: 'PROJECT_OWNER',
  resourceType: 'project',
  resourceId: '306a1ceb-e6ab-44d3-82e6-e4fc3d30546a',
  roleId: 'c577acc6-ef1a-4f7b-acc5-c5c94a5321d0'
}
[2025-12-02T17:12:05.591Z] [App] [INFO] rbac.update_role.success {
  userId: 'b86082d0-2887-4fa8-9de9-d6d3bdeb9dd1',
  oldRole: 'TEAM_MEMBER',
  newRole: 'TEAM_EDITOR',
  resourceType: 'team',
  resourceId: 'd02d5409-419e-41b1-8ca4-5534e5254aa1'
}
[2025-12-02T17:12:05.591Z] [App] [INFO] rbac.update_billable_seats { teamId: 'd02d5409-419e-41b1-8ca4-5534e5254aa1', billableSeats: 1 }
[2025-12-02T17:12:05.592Z] [App] [INFO] rbac.assign_role.success {
  userId: 'b86082d0-2887-4fa8-9de9-d6d3bdeb9dd1',
  role: 'TEAM_OWNER',
  resourceType: 'team',
  resourceId: 'd02d5409-419e-41b1-8ca4-5534e5254aa1',
  roleId: 'a9c46f6e-cc60-4fa4-9d3e-fe089fd87797'
}

stdout | src/server/auth/__tests__/rbac.test.ts > RBAC - Property-Based Tests > Property 20: Editor roles mark billable seats
[2025-12-02T17:12:05.721Z] [App] [INFO] rbac.assign_role.success {
  userId: 'ffd8019d-830b-41a6-b9f2-3c3c00437762',
  role: 'TEAM_EDITOR',
  resourceType: 'team',
  resourceId: 'd02d5409-419e-41b1-8ca4-5534e5254aa1',
  roleId: 'bec4d9e9-0468-4e12-b522-872e96375242'
}
[2025-12-02T17:12:05.722Z] [App] [INFO] rbac.update_billable_seats { teamId: 'd02d5409-419e-41b1-8ca4-5534e5254aa1', billableSeats: 2 }
[2025-12-02T17:12:05.723Z] [App] [INFO] rbac.remove_role.success {
  userId: 'ffd8019d-830b-41a6-b9f2-3c3c00437762',
  role: 'TEAM_EDITOR',
  resourceType: 'team',
  resourceId: 'd02d5409-419e-41b1-8ca4-5534e5254aa1'
}
[2025-12-02T17:12:05.723Z] [App] [INFO] rbac.update_billable_seats { teamId: 'd02d5409-419e-41b1-8ca4-5534e5254aa1', billableSeats: 1 }

stdout | src/server/auth/__tests__/rbac.test.ts > RBAC - Property-Based Tests > Property 20: Editor roles mark billable seats
[2025-12-02T17:12:05.852Z] [App] [INFO] rbac.assign_role.success {
  userId: '25597495-9544-46fe-8616-46b61f5d2490',
  role: 'TEAM_MEMBER',
  resourceType: 'team',
  resourceId: '11dad5cb-37d6-42ec-a80b-11789c26d1f4',
  roleId: '44935aaf-d431-4369-821d-211ef71b1344'
}
[2025-12-02T17:12:05.853Z] [App] [INFO] rbac.assign_role.success {
  userId: '25597495-9544-46fe-8616-46b61f5d2490',
  role: 'PROJECT_EDITOR',
  resourceType: 'project',
  resourceId: '6953ee51-d56f-4095-b064-f56df6435f2d',
  roleId: 'd57f8c81-1c7c-455a-8e58-35c44c84fd40'
}
[2025-12-02T17:12:05.854Z] [App] [INFO] rbac.update_role.success {
  userId: '25597495-9544-46fe-8616-46b61f5d2490',
  oldRole: 'TEAM_MEMBER',
  newRole: 'TEAM_EDITOR',
  resourceType: 'team',
  resourceId: '11dad5cb-37d6-42ec-a80b-11789c26d1f4'
}
[2025-12-02T17:12:05.855Z] [App] [INFO] rbac.update_billable_seats { teamId: '11dad5cb-37d6-42ec-a80b-11789c26d1f4', billableSeats: 1 }
[2025-12-02T17:12:05.856Z] [App] [INFO] rbac.assign_role.success {
  userId: '25597495-9544-46fe-8616-46b61f5d2490',
  role: 'TEAM_OWNER',
  resourceType: 'team',
  resourceId: '11dad5cb-37d6-42ec-a80b-11789c26d1f4',
  roleId: '97ed8b50-d09c-441a-a30d-3ab76f715b90'
}

stdout | src/server/auth/__tests__/rbac.test.ts > RBAC - Property-Based Tests > Property 20: Editor roles mark billable seats
[2025-12-02T17:12:06.026Z] [App] [INFO] rbac.assign_role.success {
  userId: '551d19db-d84b-4441-b17b-1b9683c29a03',
  role: 'TEAM_EDITOR',
  resourceType: 'team',
  resourceId: '11dad5cb-37d6-42ec-a80b-11789c26d1f4',
  roleId: '40dfb255-b84e-46b9-9ff6-79d573414836'
}
[2025-12-02T17:12:06.032Z] [App] [INFO] rbac.update_billable_seats { teamId: '11dad5cb-37d6-42ec-a80b-11789c26d1f4', billableSeats: 2 }
[2025-12-02T17:12:06.051Z] [App] [INFO] rbac.remove_role.success {
  userId: '551d19db-d84b-4441-b17b-1b9683c29a03',
  role: 'TEAM_EDITOR',
  resourceType: 'team',
  resourceId: '11dad5cb-37d6-42ec-a80b-11789c26d1f4'
}
[2025-12-02T17:12:06.052Z] [App] [INFO] rbac.update_billable_seats { teamId: '11dad5cb-37d6-42ec-a80b-11789c26d1f4', billableSeats: 1 }

stdout | src/server/auth/__tests__/rbac.test.ts > RBAC - Property-Based Tests > Property 20: Editor roles mark billable seats
[2025-12-02T17:12:06.224Z] [App] [INFO] rbac.assign_role.success {
  userId: '10033a0c-e6cc-4648-8b76-e00291861bac',
  role: 'TEAM_MEMBER',
  resourceType: 'team',
  resourceId: 'e33b4148-229d-436b-b775-3c200836b1c8',
  roleId: '0020f972-0ce4-4583-a9fc-63ca3d77bf41'
}
[2025-12-02T17:12:06.228Z] [App] [INFO] rbac.assign_role.success {
  userId: '10033a0c-e6cc-4648-8b76-e00291861bac',
  role: 'PROJECT_EDITOR',
  resourceType: 'project',
  resourceId: '14558050-93ad-4cbe-97e6-9961a5d764f5',
  roleId: 'ea216efc-813b-480d-aa50-6376d8e619aa'
}
[2025-12-02T17:12:06.230Z] [App] [INFO] rbac.update_role.success {
  userId: '10033a0c-e6cc-4648-8b76-e00291861bac',
  oldRole: 'TEAM_MEMBER',
  newRole: 'TEAM_EDITOR',
  resourceType: 'team',
  resourceId: 'e33b4148-229d-436b-b775-3c200836b1c8'
}
[2025-12-02T17:12:06.230Z] [App] [INFO] rbac.update_billable_seats { teamId: 'e33b4148-229d-436b-b775-3c200836b1c8', billableSeats: 1 }
[2025-12-02T17:12:06.234Z] [App] [INFO] rbac.assign_role.success {
  userId: '10033a0c-e6cc-4648-8b76-e00291861bac',
  role: 'TEAM_OWNER',
  resourceType: 'team',
  resourceId: 'e33b4148-229d-436b-b775-3c200836b1c8',
  roleId: 'd33d76d5-058d-40b5-a4c2-03a53169394f'
}

stdout | src/server/auth/__tests__/rbac.test.ts > RBAC - Property-Based Tests > Property 20: Editor roles mark billable seats
[2025-12-02T17:12:06.435Z] [App] [INFO] rbac.assign_role.success {
  userId: '847587f0-3ad5-491a-8ab9-7826c337aa68',
  role: 'TEAM_EDITOR',
  resourceType: 'team',
  resourceId: 'e33b4148-229d-436b-b775-3c200836b1c8',
  roleId: 'f21f0992-5a2f-4e0c-9a9f-4a1e4f4c0d79'
}
[2025-12-02T17:12:06.436Z] [App] [INFO] rbac.update_billable_seats { teamId: 'e33b4148-229d-436b-b775-3c200836b1c8', billableSeats: 2 }
[2025-12-02T17:12:06.437Z] [App] [INFO] rbac.remove_role.success {
  userId: '847587f0-3ad5-491a-8ab9-7826c337aa68',
  role: 'TEAM_EDITOR',
  resourceType: 'team',
  resourceId: 'e33b4148-229d-436b-b775-3c200836b1c8'
}
[2025-12-02T17:12:06.438Z] [App] [INFO] rbac.update_billable_seats { teamId: 'e33b4148-229d-436b-b775-3c200836b1c8', billableSeats: 1 }

stdout | src/server/auth/__tests__/rbac.test.ts > RBAC - Property-Based Tests > Property 20: Editor roles mark billable seats
[2025-12-02T17:12:06.653Z] [App] [INFO] rbac.assign_role.success {
  userId: '607b52fb-821f-4eaa-a889-547c4e8c3f58',
  role: 'TEAM_MEMBER',
  resourceType: 'team',
  resourceId: 'bd5fcf9d-e56c-4998-a504-3259671f4af7',
  roleId: 'd555cef4-073e-481e-9cf0-c7df000768b4'
}
[2025-12-02T17:12:06.659Z] [App] [INFO] rbac.assign_role.success {
  userId: '607b52fb-821f-4eaa-a889-547c4e8c3f58',
  role: 'PROJECT_EDITOR',
  resourceType: 'project',
  resourceId: 'a57ae1e2-b832-451f-9dca-7bdd3d5ddcde',
  roleId: 'fec9ba68-8dd8-4162-8552-98538eafe26d'
}
[2025-12-02T17:12:06.670Z] [App] [INFO] rbac.update_role.success {
  userId: '607b52fb-821f-4eaa-a889-547c4e8c3f58',
  oldRole: 'TEAM_MEMBER',
  newRole: 'TEAM_EDITOR',
  resourceType: 'team',
  resourceId: 'bd5fcf9d-e56c-4998-a504-3259671f4af7'
}
[2025-12-02T17:12:06.672Z] [App] [INFO] rbac.update_billable_seats { teamId: 'bd5fcf9d-e56c-4998-a504-3259671f4af7', billableSeats: 1 }
[2025-12-02T17:12:06.675Z] [App] [INFO] rbac.assign_role.success {
  userId: '607b52fb-821f-4eaa-a889-547c4e8c3f58',
  role: 'TEAM_OWNER',
  resourceType: 'team',
  resourceId: 'bd5fcf9d-e56c-4998-a504-3259671f4af7',
  roleId: 'afa2b823-0687-4f6a-b2a3-b799ad4d6a19'
}

stdout | src/server/auth/__tests__/rbac.test.ts > RBAC - Property-Based Tests > Property 20: Editor roles mark billable seats
[2025-12-02T17:12:06.814Z] [App] [INFO] rbac.assign_role.success {
  userId: '3cd8951a-4998-4b70-9516-c24228919c4d',
  role: 'TEAM_EDITOR',
  resourceType: 'team',
  resourceId: 'bd5fcf9d-e56c-4998-a504-3259671f4af7',
  roleId: 'fe2dcd47-a21a-4cc3-a04f-d5c4639b89cf'
}
[2025-12-02T17:12:06.815Z] [App] [INFO] rbac.update_billable_seats { teamId: 'bd5fcf9d-e56c-4998-a504-3259671f4af7', billableSeats: 2 }
[2025-12-02T17:12:06.815Z] [App] [INFO] rbac.remove_role.success {
  userId: '3cd8951a-4998-4b70-9516-c24228919c4d',
  role: 'TEAM_EDITOR',
  resourceType: 'team',
  resourceId: 'bd5fcf9d-e56c-4998-a504-3259671f4af7'
}
[2025-12-02T17:12:06.816Z] [App] [INFO] rbac.update_billable_seats { teamId: 'bd5fcf9d-e56c-4998-a504-3259671f4af7', billableSeats: 1 }

stdout | src/server/teams/__tests__/invitations.property.test.ts > Team Invitation Properties > Property 6: Invitations have 7-day expiration
[2025-12-02T17:12:04.646Z] [App] [INFO] {"eventId":"389f306a-d11d-47a8-aa1f-905e5a169a2a","eventType":"team.create.success","timestamp":"2025-12-02T17:12:04.646Z","outcome":"success","userId":"106937e3-cca9-435e-a919-6c7e1b7f01c5","teamId":"9cc46dbf-f080-4d24-888d-52ae2a6bc436","teamName":"ty","metadata":{"slug":"ty","planId":"free"}}
[2025-12-02T17:12:04.654Z] [App] [INFO] {"eventId":"234e15a9-c29f-4d39-a0a8-bb04c38e9ae6","eventType":"team.invitation.create.success","timestamp":"2025-12-02T17:12:04.654Z","outcome":"success","userId":"106937e3-cca9-435e-a919-6c7e1b7f01c5","teamId":"9cc46dbf-f080-4d24-888d-52ae2a6bc436","metadata":{"invitationId":"a7a372af-c7c7-49d1-b844-0661ad5d7278","email":"invitee-1764695524646-0.7145570604921524@example.com","operationalRole":"TEAM_MEMBER"}}
[2025-12-02T17:12:04.683Z] [App] [INFO] {"eventId":"4d093ef4-0e05-412c-b232-b8cc64dcb669","eventType":"team.create.success","timestamp":"2025-12-02T17:12:04.683Z","outcome":"success","userId":"a01ece45-f3be-4f6b-b357-443239b86c25","teamId":"fd18113f-b53e-4b37-b642-e9451c9676de","teamName":"%P|x/H","metadata":{"slug":"pxh","planId":"free"}}
[2025-12-02T17:12:04.685Z] [App] [INFO] {"eventId":"05ea9710-3179-4bdf-a498-ddfbe3b0b7a8","eventType":"team.invitation.create.success","timestamp":"2025-12-02T17:12:04.685Z","outcome":"success","userId":"a01ece45-f3be-4f6b-b357-443239b86c25","teamId":"fd18113f-b53e-4b37-b642-e9451c9676de","metadata":{"invitationId":"3b2616ed-bb6c-4abf-bed0-c89eb0741781","email":"invitee-1764695524683-0.7080397628346417@example.com","operationalRole":"TEAM_MEMBER"}}
[2025-12-02T17:12:04.688Z] [App] [INFO] {"eventId":"b2cdb2d3-72eb-47f5-82d1-e2474693717c","eventType":"team.create.success","timestamp":"2025-12-02T17:12:04.688Z","outcome":"success","userId":"32ab718c-06bb-4e53-97eb-00c8e98b5b9a","teamId":"fc876bbe-c92e-451d-a459-6771b7559982","teamName":"arg","metadata":{"slug":"arg","planId":"free"}}
[2025-12-02T17:12:04.697Z] [App] [INFO] {"eventId":"cca275c3-892b-4a0b-9040-7c58349dd843","eventType":"team.invitation.create.success","timestamp":"2025-12-02T17:12:04.697Z","outcome":"success","userId":"32ab718c-06bb-4e53-97eb-00c8e98b5b9a","teamId":"fc876bbe-c92e-451d-a459-6771b7559982","metadata":{"invitationId":"8bcdfa9b-53e0-4e5a-8ed9-19ef14d5e4eb","email":"invitee-1764695524688-0.6079527129840311@example.com","operationalRole":"TEAM_MEMBER"}}
[2025-12-02T17:12:04.701Z] [App] [INFO] {"eventId":"26dd4ab3-99a6-40ea-bab0-c680b49e2030","eventType":"team.create.success","timestamp":"2025-12-02T17:12:04.701Z","outcome":"success","userId":"15a9781b-59ec-4588-8c79-1292973ce753","teamId":"d8ab8486-8ec4-4bee-a4af-3fe41e525acb","teamName":"#>#{4wxL&_{","metadata":{"slug":"4wxl","planId":"free"}}
[2025-12-02T17:12:04.713Z] [App] [INFO] {"eventId":"8f65229d-582d-4efa-a297-bf03b65e976c","eventType":"team.invitation.create.success","timestamp":"2025-12-02T17:12:04.713Z","outcome":"success","userId":"15a9781b-59ec-4588-8c79-1292973ce753","teamId":"d8ab8486-8ec4-4bee-a4af-3fe41e525acb","metadata":{"invitationId":"ca9fa4ca-3a4d-4044-a7e5-b55cae8ce0c1","email":"invitee-1764695524701-0.7396310519198257@example.com","operationalRole":"TEAM_MEMBER"}}
[2025-12-02T17:12:04.716Z] [App] [INFO] {"eventId":"d2a82d03-0942-4f1b-8670-37c8cf1eba58","eventType":"team.create.success","timestamp":"2025-12-02T17:12:04.715Z","outcome":"success","userId":"0a47c255-2d8f-45a0-bc02-972bc400bf4f","teamId":"839a3946-937c-401c-8a04-be30c0434015","teamName":"ke","metadata":{"slug":"ke","planId":"free"}}
[2025-12-02T17:12:04.748Z] [App] [INFO] {"eventId":"106e94ab-95c3-40d5-8be7-420706d99f53","eventType":"team.invitation.create.success","timestamp":"2025-12-02T17:12:04.748Z","outcome":"success","userId":"0a47c255-2d8f-45a0-bc02-972bc400bf4f","teamId":"839a3946-937c-401c-8a04-be30c0434015","metadata":{"invitationId":"a767c2f2-c5b5-44f7-8515-1883ebe337eb","email":"invitee-1764695524716-0.08395128502176163@example.com","operationalRole":"TEAM_MEMBER"}}
[2025-12-02T17:12:04.769Z] [App] [INFO] {"eventId":"7892c399-8877-4edf-8f22-166fdb037ed0","eventType":"team.create.success","timestamp":"2025-12-02T17:12:04.769Z","outcome":"success","userId":"b9fa27f0-3358-4693-b988-479861526c6e","teamId":"bcd9b5a6-9e65-4c70-a1f1-8a3657640355","teamName":"^8.LBD{","metadata":{"slug":"8lbd","planId":"free"}}
[2025-12-02T17:12:04.771Z] [App] [INFO] {"eventId":"e8888b89-b461-4895-9af0-32190d45f515","eventType":"team.invitation.create.success","timestamp":"2025-12-02T17:12:04.771Z","outcome":"success","userId":"b9fa27f0-3358-4693-b988-479861526c6e","teamId":"bcd9b5a6-9e65-4c70-a1f1-8a3657640355","metadata":{"invitationId":"e7368611-aded-4790-a19c-e6a8d295a6be","email":"invitee-1764695524769-0.5645269219638815@example.com","operationalRole":"TEAM_MEMBER"}}
[2025-12-02T17:12:04.774Z] [App] [INFO] {"eventId":"b5a6ec80-619c-48c5-8782-140487353155","eventType":"team.create.success","timestamp":"2025-12-02T17:12:04.774Z","outcome":"success","userId":"c80cb0f9-8abd-4d06-8e75-17c3340fb9c3","teamId":"5a467109-db02-435e-b064-0dd5be30cb84","teamName":"SN?Vh_D","metadata":{"slug":"snvhd","planId":"free"}}
[2025-12-02T17:12:04.797Z] [App] [INFO] {"eventId":"b453c118-b6c4-417e-b9ca-277176f2dfc6","eventType":"team.invitation.create.success","timestamp":"2025-12-02T17:12:04.797Z","outcome":"success","userId":"c80cb0f9-8abd-4d06-8e75-17c3340fb9c3","teamId":"5a467109-db02-435e-b064-0dd5be30cb84","metadata":{"invitationId":"cdd09385-386a-4180-bb09-c21718f8391f","email":"invitee-1764695524774-0.6929049084285365@example.com","operationalRole":"TEAM_MEMBER"}}
[2025-12-02T17:12:04.826Z] [App] [INFO] {"eventId":"f60a5060-57ae-4ae8-bd2d-8428c5fe3f5c","eventType":"team.create.success","timestamp":"2025-12-02T17:12:04.826Z","outcome":"success","userId":"c6a680ea-5206-47ca-b939-5efffad38652","teamId":"5c39dfac-8447-4445-b18a-9465c3a446a5","teamName":"k(>; |<iX+;9","metadata":{"slug":"k-ix9","planId":"free"}}
[2025-12-02T17:12:04.844Z] [App] [INFO] {"eventId":"52dc6563-aa7a-435b-a665-2e12983f46f0","eventType":"team.invitation.create.success","timestamp":"2025-12-02T17:12:04.844Z","outcome":"success","userId":"c6a680ea-5206-47ca-b939-5efffad38652","teamId":"5c39dfac-8447-4445-b18a-9465c3a446a5","metadata":{"invitationId":"a7aa549f-74d1-45ba-8637-a56cd9a2dde6","email":"invitee-1764695524828-0.05989008387528927@example.com","operationalRole":"TEAM_MEMBER"}}
[2025-12-02T17:12:04.850Z] [App] [INFO] {"eventId":"4989b39d-814a-4b98-813d-3d67eab449be","eventType":"team.create.success","timestamp":"2025-12-02T17:12:04.850Z","outcome":"success","userId":"94cff684-461c-49b3-8f4d-8d81c3f616b4","teamId":"76af5826-df78-4707-a86a-dc37c0b477e0","teamName":"}mR","metadata":{"slug":"mr","planId":"free"}}
[2025-12-02T17:12:04.852Z] [App] [INFO] {"eventId":"f128230b-a80f-47d8-aaf7-1205d4f6fde9","eventType":"team.invitation.create.success","timestamp":"2025-12-02T17:12:04.852Z","outcome":"success","userId":"94cff684-461c-49b3-8f4d-8d81c3f616b4","teamId":"76af5826-df78-4707-a86a-dc37c0b477e0","metadata":{"invitationId":"1800b92a-4d7f-4f3f-87ab-6a9af60b303f","email":"invitee-1764695524850-0.2690468113354314@example.com","operationalRole":"TEAM_MEMBER"}}
[2025-12-02T17:12:04.902Z] [App] [INFO] {"eventId":"8231a906-1eae-47ef-a3fd-f354040519d2","eventType":"team.create.success","timestamp":"2025-12-02T17:12:04.902Z","outcome":"success","userId":"73ddf701-79cf-442d-991f-10ae6c6393a4","teamId":"d234caed-4f9b-4af5-9307-4d32d2eb300f","teamName":"64B","metadata":{"slug":"64b","planId":"free"}}
[2025-12-02T17:12:04.908Z] [App] [INFO] {"eventId":"3c85d496-fc28-43b5-84b9-9b3dca282d23","eventType":"team.invitation.create.success","timestamp":"2025-12-02T17:12:04.908Z","outcome":"success","userId":"73ddf701-79cf-442d-991f-10ae6c6393a4","teamId":"d234caed-4f9b-4af5-9307-4d32d2eb300f","metadata":{"invitationId":"063513a1-4792-4fa8-b84c-0a19f13bf6b5","email":"invitee-1764695524902-0.6394620858647532@example.com","operationalRole":"TEAM_MEMBER"}}
[2025-12-02T17:12:04.910Z] [App] [INFO] {"eventId":"fac859e4-ac06-40e7-ab83-fffd996ae10c","eventType":"team.create.success","timestamp":"2025-12-02T17:12:04.910Z","outcome":"success","userId":"859c9c79-8aad-4a3c-aafa-d352ad440ab8","teamId":"c005811a-1c98-41d5-9264-94b33c893b7e","teamName":"DMJL,DoTi.5","metadata":{"slug":"dmjldoti5","planId":"free"}}
[2025-12-02T17:12:04.914Z] [App] [INFO] {"eventId":"54ce6ec5-1c02-4144-8e1e-3aa397d9914b","eventType":"team.invitation.create.success","timestamp":"2025-12-02T17:12:04.914Z","outcome":"success","userId":"859c9c79-8aad-4a3c-aafa-d352ad440ab8","teamId":"c005811a-1c98-41d5-9264-94b33c893b7e","metadata":{"invitationId":"afa3d333-cd4a-40ca-bc40-fc0120fc9964","email":"invitee-1764695524910-0.10685128631835483@example.com","operationalRole":"TEAM_MEMBER"}}
[2025-12-02T17:12:04.918Z] [App] [INFO] {"eventId":"1cac9100-90e4-4726-b560-946e6f8aa1b7","eventType":"team.create.success","timestamp":"2025-12-02T17:12:04.918Z","outcome":"success","userId":"2b1b3b03-7e0b-4e79-9691-096b3f594c93","teamId":"3f9e7f8a-eb43-4453-8545-263aaf73e5c4","teamName":"?5Z","metadata":{"slug":"5z","planId":"free"}}
[2025-12-02T17:12:04.924Z] [App] [INFO] {"eventId":"b13734a4-c37a-4e1b-986f-606914dbdff0","eventType":"team.invitation.create.success","timestamp":"2025-12-02T17:12:04.924Z","outcome":"success","userId":"2b1b3b03-7e0b-4e79-9691-096b3f594c93","teamId":"3f9e7f8a-eb43-4453-8545-263aaf73e5c4","metadata":{"invitationId":"2ac66246-a87f-41d3-952e-9d45f30d73a7","email":"invitee-1764695524918-0.22540340009817383@example.com","operationalRole":"TEAM_MEMBER"}}
[2025-12-02T17:12:04.937Z] [App] [INFO] {"eventId":"84ffb947-8412-4a47-a586-b16cec4a9553","eventType":"team.create.success","timestamp":"2025-12-02T17:12:04.937Z","outcome":"success","userId":"561b46e8-3f36-4164-8de9-1a2d965dd780","teamId":"255bce52-30d4-4bac-99ee-b0c2b7e16b60","teamName":"w+MP:~","metadata":{"slug":"wmp","planId":"free"}}
[2025-12-02T17:12:04.960Z] [App] [INFO] {"eventId":"c030a6f4-1a0a-41a1-8495-14ea16df1414","eventType":"team.invitation.create.success","timestamp":"2025-12-02T17:12:04.960Z","outcome":"success","userId":"561b46e8-3f36-4164-8de9-1a2d965dd780","teamId":"255bce52-30d4-4bac-99ee-b0c2b7e16b60","metadata":{"invitationId":"90d68a37-2e45-4249-be18-c95a39c89834","email":"invitee-1764695524937-0.026819687834799155@example.com","operationalRole":"TEAM_MEMBER"}}
[2025-12-02T17:12:04.967Z] [App] [INFO] {"eventId":"88fd520f-721f-4cc5-8833-47d7671d9161","eventType":"team.create.success","timestamp":"2025-12-02T17:12:04.967Z","outcome":"success","userId":"30e18fe4-c042-4991-8c52-6dbd0ef3b3c0","teamId":"7213c2c7-2794-4498-9623-80cccaa53354","teamName":"R=(w0","metadata":{"slug":"rw0","planId":"free"}}
[2025-12-02T17:12:04.971Z] [App] [INFO] {"eventId":"aa00ad6f-5f1b-4922-b285-63cfc52e15c0","eventType":"team.invitation.create.success","timestamp":"2025-12-02T17:12:04.971Z","outcome":"success","userId":"30e18fe4-c042-4991-8c52-6dbd0ef3b3c0","teamId":"7213c2c7-2794-4498-9623-80cccaa53354","metadata":{"invitationId":"9006841c-d1e7-4ffd-83e9-532e20f26853","email":"invitee-1764695524967-0.1177934412446513@example.com","operationalRole":"TEAM_MEMBER"}}
[2025-12-02T17:12:04.973Z] [App] [INFO] {"eventId":"fdb6c3a3-6278-4d00-b001-dbd654b10a02","eventType":"team.create.success","timestamp":"2025-12-02T17:12:04.973Z","outcome":"success","userId":"40400639-031e-458f-b3e2-ccc6dfc6b525","teamId":"ee19b7e0-33ab-4370-aa46-8f4fef118289","teamName":"q:vu1sQjp,([","metadata":{"slug":"qvu1sqjp","planId":"free"}}
[2025-12-02T17:12:04.976Z] [App] [INFO] {"eventId":"e43033dd-deba-4db0-b810-cc2e87775d1a","eventType":"team.invitation.create.success","timestamp":"2025-12-02T17:12:04.976Z","outcome":"success","userId":"40400639-031e-458f-b3e2-ccc6dfc6b525","teamId":"ee19b7e0-33ab-4370-aa46-8f4fef118289","metadata":{"invitationId":"91fa4e4e-894a-44cc-ac03-d733f7af584f","email":"invitee-1764695524973-0.18965888236509676@example.com","operationalRole":"TEAM_MEMBER"}}
[2025-12-02T17:12:04.982Z] [App] [INFO] {"eventId":"21b3f544-1f0f-4940-8e9b-0db07dea96a3","eventType":"team.create.success","timestamp":"2025-12-02T17:12:04.982Z","outcome":"success","userId":"99982d67-e27a-4c18-bb47-7c3f77bf98a4","teamId":"f0cf401d-95a0-4757-a2fe-6fecdd4ae2a9","teamName":"Q.szKM7{.QEV","metadata":{"slug":"qszkm7qev","planId":"free"}}
[2025-12-02T17:12:04.995Z] [App] [INFO] {"eventId":"666dbb62-8572-4e1a-ac63-f557d24c3986","eventType":"team.invitation.create.success","timestamp":"2025-12-02T17:12:04.995Z","outcome":"success","userId":"99982d67-e27a-4c18-bb47-7c3f77bf98a4","teamId":"f0cf401d-95a0-4757-a2fe-6fecdd4ae2a9","metadata":{"invitationId":"bb89a885-baa2-4a21-a94e-8e507c3b847b","email":"invitee-1764695524982-0.7911309232537335@example.com","operationalRole":"TEAM_MEMBER"}}
[2025-12-02T17:12:05.001Z] [App] [INFO] {"eventId":"0a9e8372-a767-4c78-8dd6-fe030821926b","eventType":"team.create.success","timestamp":"2025-12-02T17:12:05.001Z","outcome":"success","userId":"26dc32ec-7656-4da7-83b5-a73e084318bf","teamId":"48a1a00c-e2fc-4e77-9097-fc69e76d1043","teamName":"9E","metadata":{"slug":"9e","planId":"free"}}
[2025-12-02T17:12:05.004Z] [App] [INFO] {"eventId":"15a83794-af40-45d5-912c-32a53e5ddccb","eventType":"team.invitation.create.success","timestamp":"2025-12-02T17:12:05.004Z","outcome":"success","userId":"26dc32ec-7656-4da7-83b5-a73e084318bf","teamId":"48a1a00c-e2fc-4e77-9097-fc69e76d1043","metadata":{"invitationId":"1a957581-5372-430c-8117-ec73f6807d23","email":"invitee-1764695525001-0.7975744361041254@example.com","operationalRole":"TEAM_MEMBER"}}
[2025-12-02T17:12:05.006Z] [App] [INFO] {"eventId":"9931df5e-f18d-4c1b-b7f9-d2a661d2b987","eventType":"team.create.success","timestamp":"2025-12-02T17:12:05.006Z","outcome":"success","userId":"c0baa8ae-8496-483f-bb47-bd0ee339a697","teamId":"13771720-1bd8-473a-a503-96bd4d45541d","teamName":"MKYh/yTG{","metadata":{"slug":"mkyhytg","planId":"free"}}
[2025-12-02T17:12:05.008Z] [App] [INFO] {"eventId":"948fe59d-82c4-4b72-a893-0a25cabfeee3","eventType":"team.invitation.create.success","timestamp":"2025-12-02T17:12:05.008Z","outcome":"success","userId":"c0baa8ae-8496-483f-bb47-bd0ee339a697","teamId":"13771720-1bd8-473a-a503-96bd4d45541d","metadata":{"invitationId":"7fe66008-df86-49bb-bc2a-332c013bddb4","email":"invitee-1764695525006-0.7789693931974249@example.com","operationalRole":"TEAM_MEMBER"}}
[2025-12-02T17:12:05.010Z] [App] [INFO] {"eventId":"50dc5b12-25d7-4653-ad48-4c4f201cfce3","eventType":"team.create.success","timestamp":"2025-12-02T17:12:05.010Z","outcome":"success","userId":"904165bd-8f65-46ce-ae49-1e50ea0ca6b5","teamId":"6e68a604-6c71-4636-90ae-d4c6f264071f","teamName":"hxgvW","metadata":{"slug":"hxgvw","planId":"free"}}
[2025-12-02T17:12:05.014Z] [App] [INFO] {"eventId":"4803c60b-2c2e-48a9-bd73-e27781e21b47","eventType":"team.invitation.create.success","timestamp":"2025-12-02T17:12:05.014Z","outcome":"success","userId":"904165bd-8f65-46ce-ae49-1e50ea0ca6b5","teamId":"6e68a604-6c71-4636-90ae-d4c6f264071f","metadata":{"invitationId":"ab60d76f-c7e3-4b4b-a1b9-a209299f3c0e","email":"invitee-1764695525010-0.6749344688041108@example.com","operationalRole":"TEAM_MEMBER"}}
[2025-12-02T17:12:05.022Z] [App] [INFO] {"eventId":"7fd47cf6-5b65-4397-9b7b-e8791d442809","eventType":"team.create.success","timestamp":"2025-12-02T17:12:05.022Z","outcome":"success","userId":"b840d2b2-c36a-4298-909e-56cd22d45bd3","teamId":"6666f3d0-5289-4076-b474-8232db099297","teamName":"ee  ","metadata":{"slug":"ee","planId":"free"}}
[2025-12-02T17:12:05.025Z] [App] [INFO] {"eventId":"7ef1a80b-8dec-43a1-8f3b-72afc3c13722","eventType":"team.invitation.create.success","timestamp":"2025-12-02T17:12:05.025Z","outcome":"success","userId":"b840d2b2-c36a-4298-909e-56cd22d45bd3","teamId":"6666f3d0-5289-4076-b474-8232db099297","metadata":{"invitationId":"97f59bf4-7c85-4410-93cb-e3d32cd6ceda","email":"invitee-1764695525022-0.1425933870960523@example.com","operationalRole":"TEAM_MEMBER"}}

stdout | src/server/teams/__tests__/invitations.property.test.ts > Team Invitation Properties > Property 7: Invitation acceptance adds user with correct roles
[2025-12-02T17:12:05.137Z] [App] [INFO] {"eventId":"7020d7c5-889a-4f08-9d6c-b78ab83569ad","eventType":"team.create.success","timestamp":"2025-12-02T17:12:05.137Z","outcome":"success","userId":"aa25eb0e-e1d7-4c83-a932-5faf7a47e26d","teamId":"94be0c40-88e6-40b6-99d3-74df606c8edf","teamName":"1J6eKC<9","metadata":{"slug":"1j6ekc9","planId":"free"}}
[2025-12-02T17:12:05.142Z] [App] [INFO] {"eventId":"9824e98d-3461-40b8-bfdc-70222723d8a8","eventType":"team.invitation.create.success","timestamp":"2025-12-02T17:12:05.142Z","outcome":"success","userId":"aa25eb0e-e1d7-4c83-a932-5faf7a47e26d","teamId":"94be0c40-88e6-40b6-99d3-74df606c8edf","metadata":{"invitationId":"765bc3ee-f98e-43f0-b137-79e9f378e29e","email":"invitee-1764695525137-0.6676414260015979@example.com","managementRole":"TEAM_ADMIN","operationalRole":"TEAM_MEMBER"}}
[2025-12-02T17:12:05.150Z] [App] [INFO] {"eventId":"46429014-6709-490d-86f6-f75cbbb82852","eventType":"team.member.add.success","timestamp":"2025-12-02T17:12:05.150Z","outcome":"success","userId":"aa25eb0e-e1d7-4c83-a932-5faf7a47e26d","teamId":"94be0c40-88e6-40b6-99d3-74df606c8edf","metadata":{"addedUserId":"9ffc3299-ffd2-44ce-9474-292203fe4794","managementRole":"TEAM_ADMIN","operationalRole":"TEAM_MEMBER"}}
[2025-12-02T17:12:05.232Z] [App] [INFO] {"eventId":"08585fc1-002e-493b-bb13-fe7c1a17965b","eventType":"team.invitation.accept.success","timestamp":"2025-12-02T17:12:05.232Z","outcome":"success","userId":"9ffc3299-ffd2-44ce-9474-292203fe4794","teamId":"94be0c40-88e6-40b6-99d3-74df606c8edf","metadata":{"invitationId":"765bc3ee-f98e-43f0-b137-79e9f378e29e"}}
[2025-12-02T17:12:05.269Z] [App] [INFO] {"eventId":"8985544e-9f60-4cb9-8183-f6fc62598770","eventType":"team.create.success","timestamp":"2025-12-02T17:12:05.269Z","outcome":"success","userId":"23c718d2-0c6a-404c-b26c-8f4bee7aa5ac","teamId":"60a3e3b2-fcd9-4272-bba3-227a8f185bfc","teamName":"Fz]#(u`","metadata":{"slug":"fzu","planId":"free"}}
[2025-12-02T17:12:05.287Z] [App] [INFO] {"eventId":"8629d6a8-95c9-4d56-a131-4c241396e6fa","eventType":"team.invitation.create.success","timestamp":"2025-12-02T17:12:05.287Z","outcome":"success","userId":"23c718d2-0c6a-404c-b26c-8f4bee7aa5ac","teamId":"60a3e3b2-fcd9-4272-bba3-227a8f185bfc","metadata":{"invitationId":"fdedea35-9c03-407e-ae85-34299b1d3632","email":"invitee-1764695525269-0.2944257662139099@example.com","managementRole":"TEAM_ADMIN","operationalRole":"TEAM_VIEWER"}}
[2025-12-02T17:12:05.290Z] [App] [INFO] {"eventId":"a3046fba-5d17-4c88-9038-a8f676b1d634","eventType":"team.member.add.success","timestamp":"2025-12-02T17:12:05.290Z","outcome":"success","userId":"23c718d2-0c6a-404c-b26c-8f4bee7aa5ac","teamId":"60a3e3b2-fcd9-4272-bba3-227a8f185bfc","metadata":{"addedUserId":"913c0840-944c-498e-b794-c4c071c45ba8","managementRole":"TEAM_ADMIN","operationalRole":"TEAM_VIEWER"}}
[2025-12-02T17:12:05.290Z] [App] [INFO] {"eventId":"413f6a8d-2c44-4de8-bf43-1274d5371b98","eventType":"team.invitation.accept.success","timestamp":"2025-12-02T17:12:05.290Z","outcome":"success","userId":"913c0840-944c-498e-b794-c4c071c45ba8","teamId":"60a3e3b2-fcd9-4272-bba3-227a8f185bfc","metadata":{"invitationId":"fdedea35-9c03-407e-ae85-34299b1d3632"}}
[2025-12-02T17:12:05.292Z] [App] [INFO] {"eventId":"e5816fb1-64dc-4b4b-83b2-257786a61bdb","eventType":"team.create.success","timestamp":"2025-12-02T17:12:05.292Z","outcome":"success","userId":"6572f448-e3fe-4733-80bd-53c1d1c445b4","teamId":"1ba08c0d-a806-4879-84e3-8cea691bf963","teamName":"1 H%","metadata":{"slug":"1-h","planId":"free"}}
[2025-12-02T17:12:05.348Z] [App] [INFO] {"eventId":"d267066a-5569-4261-b6b6-c0ed7762ea8f","eventType":"team.invitation.create.success","timestamp":"2025-12-02T17:12:05.348Z","outcome":"success","userId":"6572f448-e3fe-4733-80bd-53c1d1c445b4","teamId":"1ba08c0d-a806-4879-84e3-8cea691bf963","metadata":{"invitationId":"5f541d95-58c9-45c8-baf1-cee3470495dc","email":"invitee-1764695525292-0.2508959743786241@example.com","managementRole":null,"operationalRole":"TEAM_VIEWER"}}
[2025-12-02T17:12:05.359Z] [App] [INFO] {"eventId":"89d39a9c-de5e-48ab-bd25-db8af471d4a2","eventType":"team.member.add.success","timestamp":"2025-12-02T17:12:05.359Z","outcome":"success","userId":"6572f448-e3fe-4733-80bd-53c1d1c445b4","teamId":"1ba08c0d-a806-4879-84e3-8cea691bf963","metadata":{"addedUserId":"67f2cccd-ff78-4e25-90e5-5c5537232f51","managementRole":null,"operationalRole":"TEAM_VIEWER"}}
[2025-12-02T17:12:05.360Z] [App] [INFO] {"eventId":"09a55808-43dd-4ae8-8823-4b530d69bb6a","eventType":"team.invitation.accept.success","timestamp":"2025-12-02T17:12:05.360Z","outcome":"success","userId":"67f2cccd-ff78-4e25-90e5-5c5537232f51","teamId":"1ba08c0d-a806-4879-84e3-8cea691bf963","metadata":{"invitationId":"5f541d95-58c9-45c8-baf1-cee3470495dc"}}
[2025-12-02T17:12:05.375Z] [App] [INFO] {"eventId":"ff413f61-a7d0-4968-b893-f746300e533a","eventType":"team.create.success","timestamp":"2025-12-02T17:12:05.375Z","outcome":"success","userId":"b192cc9d-46dc-4b17-9483-7d119910e579","teamId":"8f3dac39-7ee0-4dbd-8932-5b2ee1894b34","teamName":"OE|An","metadata":{"slug":"oean","planId":"free"}}
[2025-12-02T17:12:05.378Z] [App] [INFO] {"eventId":"fd288de9-78c2-4d48-8ad7-b5636c2877b6","eventType":"team.invitation.create.success","timestamp":"2025-12-02T17:12:05.378Z","outcome":"success","userId":"b192cc9d-46dc-4b17-9483-7d119910e579","teamId":"8f3dac39-7ee0-4dbd-8932-5b2ee1894b34","metadata":{"invitationId":"91f9038d-6a32-4695-a493-c548a0d90710","email":"invitee-1764695525375-0.5865501969081952@example.com","managementRole":"TEAM_OWNER","operationalRole":"TEAM_VIEWER"}}
[2025-12-02T17:12:05.381Z] [App] [INFO] {"eventId":"fae9ccfb-51bf-4e3a-abde-271eca553eef","eventType":"team.member.add.success","timestamp":"2025-12-02T17:12:05.381Z","outcome":"success","userId":"b192cc9d-46dc-4b17-9483-7d119910e579","teamId":"8f3dac39-7ee0-4dbd-8932-5b2ee1894b34","metadata":{"addedUserId":"b544b15a-15d1-434c-a157-cc77a75162a7","managementRole":"TEAM_OWNER","operationalRole":"TEAM_VIEWER"}}
[2025-12-02T17:12:05.381Z] [App] [INFO] {"eventId":"614ccf95-d178-450a-b6d2-4ccff898d72b","eventType":"team.invitation.accept.success","timestamp":"2025-12-02T17:12:05.381Z","outcome":"success","userId":"b544b15a-15d1-434c-a157-cc77a75162a7","teamId":"8f3dac39-7ee0-4dbd-8932-5b2ee1894b34","metadata":{"invitationId":"91f9038d-6a32-4695-a493-c548a0d90710"}}
[2025-12-02T17:12:05.384Z] [App] [INFO] {"eventId":"0ad113b9-a61b-4014-8aec-133a33077780","eventType":"team.create.success","timestamp":"2025-12-02T17:12:05.384Z","outcome":"success","userId":"5fdde62d-a4aa-46a6-8d2d-13b4accfe70d","teamId":"edb864a6-7df1-49ff-b89c-6c3ae9c83321","teamName":"R;Y#cXv2C","metadata":{"slug":"rycxv2c","planId":"free"}}
[2025-12-02T17:12:05.386Z] [App] [INFO] {"eventId":"296320d5-e25d-4686-8fc7-202a4c36584c","eventType":"team.invitation.create.success","timestamp":"2025-12-02T17:12:05.386Z","outcome":"success","userId":"5fdde62d-a4aa-46a6-8d2d-13b4accfe70d","teamId":"edb864a6-7df1-49ff-b89c-6c3ae9c83321","metadata":{"invitationId":"3adc6871-e20a-49e3-a22c-094be9f34678","email":"invitee-1764695525384-0.3495671672950811@example.com","managementRole":null,"operationalRole":"TEAM_EDITOR"}}
[2025-12-02T17:12:05.387Z] [App] [INFO] {"eventId":"483ddfa3-c9b8-4cba-be12-e5c3c10d3d7f","eventType":"team.member.add.success","timestamp":"2025-12-02T17:12:05.387Z","outcome":"success","userId":"5fdde62d-a4aa-46a6-8d2d-13b4accfe70d","teamId":"edb864a6-7df1-49ff-b89c-6c3ae9c83321","metadata":{"addedUserId":"3270f1ec-9521-4989-b14b-a12e2f5a1041","managementRole":null,"operationalRole":"TEAM_EDITOR"}}
[2025-12-02T17:12:05.387Z] [App] [INFO] {"eventId":"55f89f73-a941-4efa-8ca5-d706f1138e22","eventType":"team.invitation.accept.success","timestamp":"2025-12-02T17:12:05.387Z","outcome":"success","userId":"3270f1ec-9521-4989-b14b-a12e2f5a1041","teamId":"edb864a6-7df1-49ff-b89c-6c3ae9c83321","metadata":{"invitationId":"3adc6871-e20a-49e3-a22c-094be9f34678"}}
[2025-12-02T17:12:05.413Z] [App] [INFO] {"eventId":"2db20a16-7dbe-4446-9418-8efb85c1f75a","eventType":"team.create.success","timestamp":"2025-12-02T17:12:05.413Z","outcome":"success","userId":"cf28b8f2-de0e-4e77-8263-da1496658369","teamId":"634b6e26-372d-4a9c-857e-8635b876181f","teamName":"}yf1","metadata":{"slug":"yf1","planId":"free"}}
[2025-12-02T17:12:05.416Z] [App] [INFO] {"eventId":"56ae65d1-91a1-44d2-a2f3-5bf8dba33fe0","eventType":"team.invitation.create.success","timestamp":"2025-12-02T17:12:05.416Z","outcome":"success","userId":"cf28b8f2-de0e-4e77-8263-da1496658369","teamId":"634b6e26-372d-4a9c-857e-8635b876181f","metadata":{"invitationId":"e86fa0eb-1e69-4a43-8dbf-8f4f5f3da97b","email":"invitee-1764695525413-0.7060415973910353@example.com","managementRole":null,"operationalRole":"TEAM_MEMBER"}}
[2025-12-02T17:12:05.436Z] [App] [INFO] {"eventId":"e0f78ade-f783-408e-9abb-bc310861b105","eventType":"team.member.add.success","timestamp":"2025-12-02T17:12:05.436Z","outcome":"success","userId":"cf28b8f2-de0e-4e77-8263-da1496658369","teamId":"634b6e26-372d-4a9c-857e-8635b876181f","metadata":{"addedUserId":"147c367d-865e-4d7f-84bb-eb6b0dfd13bd","managementRole":null,"operationalRole":"TEAM_MEMBER"}}
[2025-12-02T17:12:05.437Z] [App] [INFO] {"eventId":"69179a30-44f2-446b-9494-49d627d1df92","eventType":"team.invitation.accept.success","timestamp":"2025-12-02T17:12:05.437Z","outcome":"success","userId":"147c367d-865e-4d7f-84bb-eb6b0dfd13bd","teamId":"634b6e26-372d-4a9c-857e-8635b876181f","metadata":{"invitationId":"e86fa0eb-1e69-4a43-8dbf-8f4f5f3da97b"}}
[2025-12-02T17:12:05.492Z] [App] [INFO] {"eventId":"98d35a45-d72c-4f83-9fea-d57d88e6ac3c","eventType":"team.create.success","timestamp":"2025-12-02T17:12:05.492Z","outcome":"success","userId":"f910f22b-5b9f-4a2a-b23f-ba4369c91e84","teamId":"a5165259-d7b0-4739-8fa4-87263fdd9429","teamName":"ER,)Smf$c{3","metadata":{"slug":"ersmfc3","planId":"free"}}
[2025-12-02T17:12:05.498Z] [App] [INFO] {"eventId":"5eeefba5-f110-42e6-bad0-80c52e223e24","eventType":"team.invitation.create.success","timestamp":"2025-12-02T17:12:05.498Z","outcome":"success","userId":"f910f22b-5b9f-4a2a-b23f-ba4369c91e84","teamId":"a5165259-d7b0-4739-8fa4-87263fdd9429","metadata":{"invitationId":"3282b9aa-ef6b-4af5-aa7a-8deab3605c2a","email":"invitee-1764695525493-0.6794133703094408@example.com","managementRole":null,"operationalRole":"TEAM_VIEWER"}}
[2025-12-02T17:12:05.502Z] [App] [INFO] {"eventId":"ce7cc17b-34b4-487c-8756-318538457396","eventType":"team.member.add.success","timestamp":"2025-12-02T17:12:05.502Z","outcome":"success","userId":"f910f22b-5b9f-4a2a-b23f-ba4369c91e84","teamId":"a5165259-d7b0-4739-8fa4-87263fdd9429","metadata":{"addedUserId":"875331f1-e5ea-42ac-a41f-c9d6624ad669","managementRole":null,"operationalRole":"TEAM_VIEWER"}}
[2025-12-02T17:12:05.505Z] [App] [INFO] {"eventId":"937e2744-fc3a-4598-abab-4d0fd098fe3f","eventType":"team.invitation.accept.success","timestamp":"2025-12-02T17:12:05.505Z","outcome":"success","userId":"875331f1-e5ea-42ac-a41f-c9d6624ad669","teamId":"a5165259-d7b0-4739-8fa4-87263fdd9429","metadata":{"invitationId":"3282b9aa-ef6b-4af5-aa7a-8deab3605c2a"}}
[2025-12-02T17:12:05.509Z] [App] [INFO] {"eventId":"49402ac5-bb21-47ea-8bd1-2c4d8c7b0674","eventType":"team.create.success","timestamp":"2025-12-02T17:12:05.509Z","outcome":"success","userId":"4cf3e83a-814b-430c-8a4f-f87a1364c1ec","teamId":"1baa5dc0-08d5-4c8f-ad3d-f9de506dd6c8","teamName":"TRQ!oL&E4M;O","metadata":{"slug":"trqole4mo","planId":"free"}}
[2025-12-02T17:12:05.518Z] [App] [INFO] {"eventId":"240dd086-7ff0-42fc-98d0-928b76fac2af","eventType":"team.invitation.create.success","timestamp":"2025-12-02T17:12:05.518Z","outcome":"success","userId":"4cf3e83a-814b-430c-8a4f-f87a1364c1ec","teamId":"1baa5dc0-08d5-4c8f-ad3d-f9de506dd6c8","metadata":{"invitationId":"8cabd9fc-00b2-4813-94a1-a8e973139812","email":"invitee-1764695525509-0.5151749693410588@example.com","managementRole":"TEAM_ADMIN","operationalRole":"TEAM_EDITOR"}}
[2025-12-02T17:12:05.519Z] [App] [INFO] {"eventId":"868ac37c-4218-47e0-b676-10564dc80b5e","eventType":"team.member.add.success","timestamp":"2025-12-02T17:12:05.519Z","outcome":"success","userId":"4cf3e83a-814b-430c-8a4f-f87a1364c1ec","teamId":"1baa5dc0-08d5-4c8f-ad3d-f9de506dd6c8","metadata":{"addedUserId":"2939cafd-0fb1-4f8d-9b78-b287b05744ff","managementRole":"TEAM_ADMIN","operationalRole":"TEAM_EDITOR"}}
[2025-12-02T17:12:05.520Z] [App] [INFO] {"eventId":"3c2a1403-5f82-4ad7-ae66-e2acc618a94d","eventType":"team.invitation.accept.success","timestamp":"2025-12-02T17:12:05.520Z","outcome":"success","userId":"2939cafd-0fb1-4f8d-9b78-b287b05744ff","teamId":"1baa5dc0-08d5-4c8f-ad3d-f9de506dd6c8","metadata":{"invitationId":"8cabd9fc-00b2-4813-94a1-a8e973139812"}}
[2025-12-02T17:12:05.522Z] [App] [INFO] {"eventId":"c44584fe-fcd2-4602-90ae-9038e6b86a2c","eventType":"team.create.success","timestamp":"2025-12-02T17:12:05.522Z","outcome":"success","userId":"0f3dafb8-1c76-4475-b707-f6030ecd12b7","teamId":"fbde8963-a2fa-4ce9-ab76-64d9a1be1527","teamName":"ZDbMXXRadzT","metadata":{"slug":"zdbmxxradzt","planId":"free"}}
[2025-12-02T17:12:05.523Z] [App] [INFO] {"eventId":"5d0b908e-be99-4330-a362-fb1f0d7a1b14","eventType":"team.invitation.create.success","timestamp":"2025-12-02T17:12:05.523Z","outcome":"success","userId":"0f3dafb8-1c76-4475-b707-f6030ecd12b7","teamId":"fbde8963-a2fa-4ce9-ab76-64d9a1be1527","metadata":{"invitationId":"3402ef91-59d8-4cd2-a540-a783ff7eb4dd","email":"invitee-1764695525522-0.5197834909384388@example.com","managementRole":"TEAM_ADMIN","operationalRole":"TEAM_EDITOR"}}
[2025-12-02T17:12:05.525Z] [App] [INFO] {"eventId":"b239421c-9189-4abf-a1b4-f9749e0943df","eventType":"team.member.add.success","timestamp":"2025-12-02T17:12:05.525Z","outcome":"success","userId":"0f3dafb8-1c76-4475-b707-f6030ecd12b7","teamId":"fbde8963-a2fa-4ce9-ab76-64d9a1be1527","metadata":{"addedUserId":"fd9879a6-34ee-4d7e-9e67-1ae3d59b7c98","managementRole":"TEAM_ADMIN","operationalRole":"TEAM_EDITOR"}}
[2025-12-02T17:12:05.525Z] [App] [INFO] {"eventId":"c913bbd7-80f7-4690-a154-581fb7da2c4e","eventType":"team.invitation.accept.success","timestamp":"2025-12-02T17:12:05.525Z","outcome":"success","userId":"fd9879a6-34ee-4d7e-9e67-1ae3d59b7c98","teamId":"fbde8963-a2fa-4ce9-ab76-64d9a1be1527","metadata":{"invitationId":"3402ef91-59d8-4cd2-a540-a783ff7eb4dd"}}
[2025-12-02T17:12:05.548Z] [App] [INFO] {"eventId":"177cb7f2-224c-48d3-a951-195b1b435dd7","eventType":"team.create.success","timestamp":"2025-12-02T17:12:05.548Z","outcome":"success","userId":"092e082c-9288-47dc-bc06-40de5101429b","teamId":"a7abf25f-7f49-4ad9-b2c3-d4d2c21aef9d","teamName":"gZ[T?Y?8+","metadata":{"slug":"gzty8","planId":"free"}}
[2025-12-02T17:12:05.555Z] [App] [INFO] {"eventId":"a236ab62-d209-41f9-af8f-609219cad70c","eventType":"team.invitation.create.success","timestamp":"2025-12-02T17:12:05.555Z","outcome":"success","userId":"092e082c-9288-47dc-bc06-40de5101429b","teamId":"a7abf25f-7f49-4ad9-b2c3-d4d2c21aef9d","metadata":{"invitationId":"c02ac366-dc1a-4170-89a2-f2dcb7e2f0c9","email":"invitee-1764695525549-0.9082900839918302@example.com","managementRole":"TEAM_ADMIN","operationalRole":"TEAM_VIEWER"}}
[2025-12-02T17:12:05.557Z] [App] [INFO] {"eventId":"a2034ea2-0d32-4dec-9b5f-bef619c62d21","eventType":"team.member.add.success","timestamp":"2025-12-02T17:12:05.557Z","outcome":"success","userId":"092e082c-9288-47dc-bc06-40de5101429b","teamId":"a7abf25f-7f49-4ad9-b2c3-d4d2c21aef9d","metadata":{"addedUserId":"85749d49-ff9d-46d3-a7c8-6d3b8c62089a","managementRole":"TEAM_ADMIN","operationalRole":"TEAM_VIEWER"}}
[2025-12-02T17:12:05.557Z] [App] [INFO] {"eventId":"fef69574-98e5-4e83-99c5-8252345edf74","eventType":"team.invitation.accept.success","timestamp":"2025-12-02T17:12:05.557Z","outcome":"success","userId":"85749d49-ff9d-46d3-a7c8-6d3b8c62089a","teamId":"a7abf25f-7f49-4ad9-b2c3-d4d2c21aef9d","metadata":{"invitationId":"c02ac366-dc1a-4170-89a2-f2dcb7e2f0c9"}}
[2025-12-02T17:12:05.559Z] [App] [INFO] {"eventId":"816ec938-55ee-4280-b37e-d48325995ee5","eventType":"team.create.success","timestamp":"2025-12-02T17:12:05.559Z","outcome":"success","userId":"806e9230-bd4b-43f5-95b5-0c4b0eb260cb","teamId":"adbb1ad2-a4ee-4094-9a46-17e61dc65487","teamName":"N##qA","metadata":{"slug":"nqa","planId":"free"}}
[2025-12-02T17:12:05.582Z] [App] [INFO] {"eventId":"821f9a45-5c20-4dc2-84ed-fd1ce0fb3269","eventType":"team.invitation.create.success","timestamp":"2025-12-02T17:12:05.582Z","outcome":"success","userId":"806e9230-bd4b-43f5-95b5-0c4b0eb260cb","teamId":"adbb1ad2-a4ee-4094-9a46-17e61dc65487","metadata":{"invitationId":"636720eb-48ce-416f-99ef-11e55586b1ae","email":"invitee-1764695525559-0.6210085390545144@example.com","managementRole":"TEAM_OWNER","operationalRole":"TEAM_EDITOR"}}
[2025-12-02T17:12:05.584Z] [App] [INFO] {"eventId":"0b49630f-52cc-47af-bfc6-363fc7b51b2f","eventType":"team.member.add.success","timestamp":"2025-12-02T17:12:05.584Z","outcome":"success","userId":"806e9230-bd4b-43f5-95b5-0c4b0eb260cb","teamId":"adbb1ad2-a4ee-4094-9a46-17e61dc65487","metadata":{"addedUserId":"859f1a6b-cb79-45cb-9421-0cff8495877d","managementRole":"TEAM_OWNER","operationalRole":"TEAM_EDITOR"}}
[2025-12-02T17:12:05.584Z] [App] [INFO] {"eventId":"091d48e4-ff9c-4cf0-beeb-3b97a548bbe5","eventType":"team.invitation.accept.success","timestamp":"2025-12-02T17:12:05.584Z","outcome":"success","userId":"859f1a6b-cb79-45cb-9421-0cff8495877d","teamId":"adbb1ad2-a4ee-4094-9a46-17e61dc65487","metadata":{"invitationId":"636720eb-48ce-416f-99ef-11e55586b1ae"}}
[2025-12-02T17:12:05.586Z] [App] [INFO] {"eventId":"8eefc568-1af6-4569-b673-8ea96cb82917","eventType":"team.create.success","timestamp":"2025-12-02T17:12:05.586Z","outcome":"success","userId":"2c18bf11-09ef-44a8-8bab-65630d136069","teamId":"424c7a23-4e75-4e00-a598-9e2b40376665","teamName":"sk\"pI)e~7","metadata":{"slug":"skpie7","planId":"free"}}
[2025-12-02T17:12:05.588Z] [App] [INFO] {"eventId":"078c3da2-3762-4c75-8a27-7c1f871d3ea8","eventType":"team.invitation.create.success","timestamp":"2025-12-02T17:12:05.588Z","outcome":"success","userId":"2c18bf11-09ef-44a8-8bab-65630d136069","teamId":"424c7a23-4e75-4e00-a598-9e2b40376665","metadata":{"invitationId":"e86bb4bc-c5f9-459d-aef6-6745c10df281","email":"invitee-1764695525586-0.126006545391955@example.com","managementRole":"TEAM_OWNER","operationalRole":"TEAM_VIEWER"}}
[2025-12-02T17:12:05.604Z] [App] [INFO] {"eventId":"ab603384-2528-4f32-ade7-d7230518a5e8","eventType":"team.member.add.success","timestamp":"2025-12-02T17:12:05.604Z","outcome":"success","userId":"2c18bf11-09ef-44a8-8bab-65630d136069","teamId":"424c7a23-4e75-4e00-a598-9e2b40376665","metadata":{"addedUserId":"a7c27281-4a98-4a56-9240-5d5b59474a00","managementRole":"TEAM_OWNER","operationalRole":"TEAM_VIEWER"}}
[2025-12-02T17:12:05.604Z] [App] [INFO] {"eventId":"24cfce1a-9742-4e8e-b1c5-4e1460bb59cf","eventType":"team.invitation.accept.success","timestamp":"2025-12-02T17:12:05.604Z","outcome":"success","userId":"a7c27281-4a98-4a56-9240-5d5b59474a00","teamId":"424c7a23-4e75-4e00-a598-9e2b40376665","metadata":{"invitationId":"e86bb4bc-c5f9-459d-aef6-6745c10df281"}}
[2025-12-02T17:12:05.607Z] [App] [INFO] {"eventId":"139a2548-1add-445a-8c26-27a29108259e","eventType":"team.create.success","timestamp":"2025-12-02T17:12:05.607Z","outcome":"success","userId":"a58c3e80-b7ca-4482-ae86-6a7af9f96910","teamId":"9444d308-9043-4724-a2a1-01abc810c98a","teamName":"%xK|","metadata":{"slug":"xk","planId":"free"}}
[2025-12-02T17:12:05.643Z] [App] [INFO] {"eventId":"57535288-0fed-41cd-8cdf-85fbc53ee743","eventType":"team.invitation.create.success","timestamp":"2025-12-02T17:12:05.643Z","outcome":"success","userId":"a58c3e80-b7ca-4482-ae86-6a7af9f96910","teamId":"9444d308-9043-4724-a2a1-01abc810c98a","metadata":{"invitationId":"53bb3b55-647f-49aa-be7b-8afd5ae926f8","email":"invitee-1764695525607-0.45076460223431647@example.com","managementRole":null,"operationalRole":"TEAM_MEMBER"}}
[2025-12-02T17:12:05.653Z] [App] [INFO] {"eventId":"272b6671-5444-4273-b2d8-84e5240cfcf7","eventType":"team.member.add.success","timestamp":"2025-12-02T17:12:05.653Z","outcome":"success","userId":"a58c3e80-b7ca-4482-ae86-6a7af9f96910","teamId":"9444d308-9043-4724-a2a1-01abc810c98a","metadata":{"addedUserId":"8f13e88d-1b8c-4615-9360-4859925e1ddd","managementRole":null,"operationalRole":"TEAM_MEMBER"}}
[2025-12-02T17:12:05.653Z] [App] [INFO] {"eventId":"52f8902c-8cc9-432a-9c0d-8831c6d0367f","eventType":"team.invitation.accept.success","timestamp":"2025-12-02T17:12:05.653Z","outcome":"success","userId":"8f13e88d-1b8c-4615-9360-4859925e1ddd","teamId":"9444d308-9043-4724-a2a1-01abc810c98a","metadata":{"invitationId":"53bb3b55-647f-49aa-be7b-8afd5ae926f8"}}
[2025-12-02T17:12:05.657Z] [App] [INFO] {"eventId":"91d2fb85-b1e6-40f4-8ac9-1bde296abcc3","eventType":"team.create.success","timestamp":"2025-12-02T17:12:05.657Z","outcome":"success","userId":"3cf68046-04bf-4f25-bf69-85f64f0cf3da","teamId":"80edfe52-66e6-493b-9f9b-8bf68831e1e3","teamName":"KM2ir30YS","metadata":{"slug":"km2ir30ys","planId":"free"}}
[2025-12-02T17:12:05.665Z] [App] [INFO] {"eventId":"97d66d33-c79d-435e-a575-04571f1b357f","eventType":"team.invitation.create.success","timestamp":"2025-12-02T17:12:05.665Z","outcome":"success","userId":"3cf68046-04bf-4f25-bf69-85f64f0cf3da","teamId":"80edfe52-66e6-493b-9f9b-8bf68831e1e3","metadata":{"invitationId":"031fc81d-e067-4426-b4ee-c42ab8fcaffb","email":"invitee-1764695525657-0.23737000840923872@example.com","managementRole":"TEAM_OWNER","operationalRole":"TEAM_EDITOR"}}
[2025-12-02T17:12:05.668Z] [App] [INFO] {"eventId":"ecf72f06-d56b-4a77-878e-d4f4936385e0","eventType":"team.member.add.success","timestamp":"2025-12-02T17:12:05.668Z","outcome":"success","userId":"3cf68046-04bf-4f25-bf69-85f64f0cf3da","teamId":"80edfe52-66e6-493b-9f9b-8bf68831e1e3","metadata":{"addedUserId":"321ff595-e120-441d-9836-4b582f49ce71","managementRole":"TEAM_OWNER","operationalRole":"TEAM_EDITOR"}}
[2025-12-02T17:12:05.668Z] [App] [INFO] {"eventId":"3ffb010f-4ff1-405f-844c-49bfe59b357b","eventType":"team.invitation.accept.success","timestamp":"2025-12-02T17:12:05.668Z","outcome":"success","userId":"321ff595-e120-441d-9836-4b582f49ce71","teamId":"80edfe52-66e6-493b-9f9b-8bf68831e1e3","metadata":{"invitationId":"031fc81d-e067-4426-b4ee-c42ab8fcaffb"}}
[2025-12-02T17:12:05.670Z] [App] [INFO] {"eventId":"80377805-1a92-4af0-aab4-0b25724b9ec9","eventType":"team.create.success","timestamp":"2025-12-02T17:12:05.670Z","outcome":"success","userId":"2001f5d9-77e1-4825-9ddf-05ab85966549","teamId":"a4273e44-4b74-4b3d-b6b8-58d9b5b439a7","teamName":" Gy'~plv:S","metadata":{"slug":"gyplvs","planId":"free"}}
[2025-12-02T17:12:05.672Z] [App] [INFO] {"eventId":"659e8da1-5a2e-4c1d-83ce-8e1ff4043ec9","eventType":"team.invitation.create.success","timestamp":"2025-12-02T17:12:05.672Z","outcome":"success","userId":"2001f5d9-77e1-4825-9ddf-05ab85966549","teamId":"a4273e44-4b74-4b3d-b6b8-58d9b5b439a7","metadata":{"invitationId":"2b6cbdad-00f3-4134-b47d-a64983c91fd1","email":"invitee-1764695525670-0.9552195163458406@example.com","managementRole":"TEAM_OWNER","operationalRole":"TEAM_VIEWER"}}
[2025-12-02T17:12:05.676Z] [App] [INFO] {"eventId":"c217a9a6-2e42-44b7-9943-5347368b3f90","eventType":"team.member.add.success","timestamp":"2025-12-02T17:12:05.676Z","outcome":"success","userId":"2001f5d9-77e1-4825-9ddf-05ab85966549","teamId":"a4273e44-4b74-4b3d-b6b8-58d9b5b439a7","metadata":{"addedUserId":"5b36b788-9ebd-4582-93aa-ef7547e3acc0","managementRole":"TEAM_OWNER","operationalRole":"TEAM_VIEWER"}}
[2025-12-02T17:12:05.676Z] [App] [INFO] {"eventId":"f1d20411-63af-49da-b62f-9b0608e83f3d","eventType":"team.invitation.accept.success","timestamp":"2025-12-02T17:12:05.676Z","outcome":"success","userId":"5b36b788-9ebd-4582-93aa-ef7547e3acc0","teamId":"a4273e44-4b74-4b3d-b6b8-58d9b5b439a7","metadata":{"invitationId":"2b6cbdad-00f3-4134-b47d-a64983c91fd1"}}
[2025-12-02T17:12:05.686Z] [App] [INFO] {"eventId":"ba1b2391-e2ba-474f-931c-4a3d03a8226a","eventType":"team.create.success","timestamp":"2025-12-02T17:12:05.686Z","outcome":"success","userId":"c7791819-5502-4b30-bc03-f7df99eabad9","teamId":"23402ec9-d53d-4bc9-bb6c-75eabc04bc1d","teamName":"5pT#&#z$y","metadata":{"slug":"5ptzy","planId":"free"}}
[2025-12-02T17:12:05.688Z] [App] [INFO] {"eventId":"b5fd1025-e734-48f7-a41e-9cefa70ee5c4","eventType":"team.invitation.create.success","timestamp":"2025-12-02T17:12:05.688Z","outcome":"success","userId":"c7791819-5502-4b30-bc03-f7df99eabad9","teamId":"23402ec9-d53d-4bc9-bb6c-75eabc04bc1d","metadata":{"invitationId":"91022390-9d2e-4f7a-ad75-ac1ab8640355","email":"invitee-1764695525686-0.8837248618449554@example.com","managementRole":"TEAM_ADMIN","operationalRole":"TEAM_MEMBER"}}
[2025-12-02T17:12:05.689Z] [App] [INFO] {"eventId":"99a7395f-398d-4f10-b954-646603a50ebc","eventType":"team.member.add.success","timestamp":"2025-12-02T17:12:05.689Z","outcome":"success","userId":"c7791819-5502-4b30-bc03-f7df99eabad9","teamId":"23402ec9-d53d-4bc9-bb6c-75eabc04bc1d","metadata":{"addedUserId":"17819acb-a9df-46dc-8c7e-d096082cbfd7","managementRole":"TEAM_ADMIN","operationalRole":"TEAM_MEMBER"}}
[2025-12-02T17:12:05.690Z] [App] [INFO] {"eventId":"8069707b-c75a-4c19-974b-e24c9cec92a0","eventType":"team.invitation.accept.success","timestamp":"2025-12-02T17:12:05.690Z","outcome":"success","userId":"17819acb-a9df-46dc-8c7e-d096082cbfd7","teamId":"23402ec9-d53d-4bc9-bb6c-75eabc04bc1d","metadata":{"invitationId":"91022390-9d2e-4f7a-ad75-ac1ab8640355"}}
[2025-12-02T17:12:05.692Z] [App] [INFO] {"eventId":"edbb9365-d0dc-4397-a0bb-5be0e943e581","eventType":"team.create.success","timestamp":"2025-12-02T17:12:05.692Z","outcome":"success","userId":"cf646ab1-6b31-4e4b-8668-59a8a056313a","teamId":"a514d9ad-5609-4009-a7ca-1c2094c1aa12","teamName":"}D#T","metadata":{"slug":"dt","planId":"free"}}
[2025-12-02T17:12:05.701Z] [App] [INFO] {"eventId":"35a903f4-86ba-40d7-84c5-f5aa8ec86cc4","eventType":"team.invitation.create.success","timestamp":"2025-12-02T17:12:05.701Z","outcome":"success","userId":"cf646ab1-6b31-4e4b-8668-59a8a056313a","teamId":"a514d9ad-5609-4009-a7ca-1c2094c1aa12","metadata":{"invitationId":"94c6f8f4-9d1b-4a94-a612-3ffbbc0790a2","email":"invitee-1764695525692-0.22522772979232153@example.com","managementRole":"TEAM_OWNER","operationalRole":"TEAM_VIEWER"}}
[2025-12-02T17:12:05.722Z] [App] [INFO] {"eventId":"22b71328-4dd1-4000-a9f8-f84b96b3fba8","eventType":"team.member.add.success","timestamp":"2025-12-02T17:12:05.722Z","outcome":"success","userId":"cf646ab1-6b31-4e4b-8668-59a8a056313a","teamId":"a514d9ad-5609-4009-a7ca-1c2094c1aa12","metadata":{"addedUserId":"edab20d3-d23c-4b1d-a839-4fe1b4790274","managementRole":"TEAM_OWNER","operationalRole":"TEAM_VIEWER"}}
[2025-12-02T17:12:05.722Z] [App] [INFO] {"eventId":"d2003f79-fa42-4b54-830e-58857dfd6f15","eventType":"team.invitation.accept.success","timestamp":"2025-12-02T17:12:05.722Z","outcome":"success","userId":"edab20d3-d23c-4b1d-a839-4fe1b4790274","teamId":"a514d9ad-5609-4009-a7ca-1c2094c1aa12","metadata":{"invitationId":"94c6f8f4-9d1b-4a94-a612-3ffbbc0790a2"}}
[2025-12-02T17:12:05.735Z] [App] [INFO] {"eventId":"e55a6c51-6d35-408c-8d23-72d6eb4cd941","eventType":"team.create.success","timestamp":"2025-12-02T17:12:05.734Z","outcome":"success","userId":"d141d29e-40f3-44cf-9245-890bdce51956","teamId":"7a63f3a6-7cd2-4826-ac35-d5aeb34b626b","teamName":"L7q;$[.r31","metadata":{"slug":"l7qr31","planId":"free"}}
[2025-12-02T17:12:05.747Z] [App] [INFO] {"eventId":"6c84c044-f8a2-4f58-b2a9-5738337c8028","eventType":"team.invitation.create.success","timestamp":"2025-12-02T17:12:05.747Z","outcome":"success","userId":"d141d29e-40f3-44cf-9245-890bdce51956","teamId":"7a63f3a6-7cd2-4826-ac35-d5aeb34b626b","metadata":{"invitationId":"98cd4633-b025-4001-9c68-5e5f22ebf9bb","email":"invitee-1764695525737-0.3025897102268754@example.com","managementRole":null,"operationalRole":"TEAM_MEMBER"}}
[2025-12-02T17:12:05.756Z] [App] [INFO] {"eventId":"431360ae-057b-4fa5-991b-2b56b502921f","eventType":"team.member.add.success","timestamp":"2025-12-02T17:12:05.756Z","outcome":"success","userId":"d141d29e-40f3-44cf-9245-890bdce51956","teamId":"7a63f3a6-7cd2-4826-ac35-d5aeb34b626b","metadata":{"addedUserId":"ed1f05a9-52ab-41c2-933f-b654cd8c05c2","managementRole":null,"operationalRole":"TEAM_MEMBER"}}
[2025-12-02T17:12:05.758Z] [App] [INFO] {"eventId":"a6c40e9a-3326-4ef4-9dca-693845e01a05","eventType":"team.invitation.accept.success","timestamp":"2025-12-02T17:12:05.758Z","outcome":"success","userId":"ed1f05a9-52ab-41c2-933f-b654cd8c05c2","teamId":"7a63f3a6-7cd2-4826-ac35-d5aeb34b626b","metadata":{"invitationId":"98cd4633-b025-4001-9c68-5e5f22ebf9bb"}}
[2025-12-02T17:12:05.769Z] [App] [INFO] {"eventId":"d76c1d59-a72c-46a0-bea2-a2f612128652","eventType":"team.create.success","timestamp":"2025-12-02T17:12:05.769Z","outcome":"success","userId":"b3ccf534-f8c2-4f23-a4f2-70da8fd89d88","teamId":"6fafcd52-cddc-4934-9d57-af7ef862907b","teamName":"`w`xs","metadata":{"slug":"wxs","planId":"free"}}
[2025-12-02T17:12:05.776Z] [App] [INFO] {"eventId":"e300291d-77ec-47c7-b258-e4aa88abd8f5","eventType":"team.invitation.create.success","timestamp":"2025-12-02T17:12:05.776Z","outcome":"success","userId":"b3ccf534-f8c2-4f23-a4f2-70da8fd89d88","teamId":"6fafcd52-cddc-4934-9d57-af7ef862907b","metadata":{"invitationId":"8885c48a-8edd-451a-8f5f-f6f2ae10c28d","email":"invitee-1764695525769-0.31905990110303617@example.com","managementRole":null,"operationalRole":"TEAM_VIEWER"}}
[2025-12-02T17:12:05.780Z] [App] [INFO] {"eventId":"73fd706d-fe99-4129-b3dd-f2a7b2cb3868","eventType":"team.member.add.success","timestamp":"2025-12-02T17:12:05.779Z","outcome":"success","userId":"b3ccf534-f8c2-4f23-a4f2-70da8fd89d88","teamId":"6fafcd52-cddc-4934-9d57-af7ef862907b","metadata":{"addedUserId":"7fcf1e3e-1f53-4861-982b-39d27ef0deed","managementRole":null,"operationalRole":"TEAM_VIEWER"}}
[2025-12-02T17:12:05.780Z] [App] [INFO] {"eventId":"feb20ac2-9558-4c56-aa4e-ef7e9984c78d","eventType":"team.invitation.accept.success","timestamp":"2025-12-02T17:12:05.780Z","outcome":"success","userId":"7fcf1e3e-1f53-4861-982b-39d27ef0deed","teamId":"6fafcd52-cddc-4934-9d57-af7ef862907b","metadata":{"invitationId":"8885c48a-8edd-451a-8f5f-f6f2ae10c28d"}}
[2025-12-02T17:12:05.782Z] [App] [INFO] {"eventId":"d67a8aa1-703e-4124-857b-bb895e6cb974","eventType":"team.create.success","timestamp":"2025-12-02T17:12:05.782Z","outcome":"success","userId":"bcb1f797-0047-4f46-b13f-7eaeca88116f","teamId":"8d2e8186-cf76-44e1-bc3f-9b6cbc698e73","teamName":"orR@(:IpWB","metadata":{"slug":"orripwb","planId":"free"}}
[2025-12-02T17:12:05.785Z] [App] [INFO] {"eventId":"de0460a2-6d13-4366-a7a4-17b0f11d210d","eventType":"team.invitation.create.success","timestamp":"2025-12-02T17:12:05.785Z","outcome":"success","userId":"bcb1f797-0047-4f46-b13f-7eaeca88116f","teamId":"8d2e8186-cf76-44e1-bc3f-9b6cbc698e73","metadata":{"invitationId":"a5d24433-66d5-4bcf-847f-00a8dc912663","email":"invitee-1764695525782-0.4517698312094578@example.com","managementRole":null,"operationalRole":"TEAM_MEMBER"}}
[2025-12-02T17:12:05.788Z] [App] [INFO] {"eventId":"bb607410-5653-4339-8465-0c267f1ade82","eventType":"team.member.add.success","timestamp":"2025-12-02T17:12:05.788Z","outcome":"success","userId":"bcb1f797-0047-4f46-b13f-7eaeca88116f","teamId":"8d2e8186-cf76-44e1-bc3f-9b6cbc698e73","metadata":{"addedUserId":"d85baf48-eb27-4b82-95f5-c70c53186202","managementRole":null,"operationalRole":"TEAM_MEMBER"}}
[2025-12-02T17:12:05.788Z] [App] [INFO] {"eventId":"6baaf2e0-1940-4fbd-a07b-31f7543c3846","eventType":"team.invitation.accept.success","timestamp":"2025-12-02T17:12:05.788Z","outcome":"success","userId":"d85baf48-eb27-4b82-95f5-c70c53186202","teamId":"8d2e8186-cf76-44e1-bc3f-9b6cbc698e73","metadata":{"invitationId":"a5d24433-66d5-4bcf-847f-00a8dc912663"}}

stdout | src/server/auth/__tests__/rbac.test.ts > RBAC - Property-Based Tests > Property 20: Editor roles mark billable seats
[2025-12-02T17:12:07.048Z] [App] [INFO] rbac.assign_role.success {
  userId: 'f29c956a-9b9f-4bd5-85d7-58992cabcb0b',
  role: 'TEAM_MEMBER',
  resourceType: 'team',
  resourceId: '49ac9498-6136-4c4c-a430-0836e43ce489',
  roleId: '6290b0a9-a381-4334-b823-b19e8b230b32'
}
[2025-12-02T17:12:07.049Z] [App] [INFO] rbac.assign_role.success {
  userId: 'f29c956a-9b9f-4bd5-85d7-58992cabcb0b',
  role: 'PROJECT_OWNER',
  resourceType: 'project',
  resourceId: '998f6010-5deb-4c12-8d5d-e3a848289b3c',
  roleId: '08629d93-18f5-4dd8-957c-3f5328b1b861'
}
[2025-12-02T17:12:07.051Z] [App] [INFO] rbac.update_role.success {
  userId: 'f29c956a-9b9f-4bd5-85d7-58992cabcb0b',
  oldRole: 'TEAM_MEMBER',
  newRole: 'TEAM_EDITOR',
  resourceType: 'team',
  resourceId: '49ac9498-6136-4c4c-a430-0836e43ce489'
}
[2025-12-02T17:12:07.051Z] [App] [INFO] rbac.update_billable_seats { teamId: '49ac9498-6136-4c4c-a430-0836e43ce489', billableSeats: 1 }
[2025-12-02T17:12:07.060Z] [App] [INFO] rbac.assign_role.success {
  userId: 'f29c956a-9b9f-4bd5-85d7-58992cabcb0b',
  role: 'TEAM_OWNER',
  resourceType: 'team',
  resourceId: '49ac9498-6136-4c4c-a430-0836e43ce489',
  roleId: '6c85e6bb-2c9c-44cb-9862-d8516a83b201'
}

stdout | src/server/teams/__tests__/invitations.property.test.ts > Team Invitation Properties > Property 9: Invalid invitations are rejected
[2025-12-02T17:12:05.953Z] [App] [INFO] {"eventId":"29656e7f-137d-4324-bd19-5b945908c01a","eventType":"team.create.success","timestamp":"2025-12-02T17:12:05.953Z","outcome":"success","userId":"1dac4e71-e120-4446-a577-a6cbf2a47f89","teamId":"61b161e3-faa2-46e2-963b-789175953613","teamName":"key","metadata":{"slug":"key","planId":"free"}}
[2025-12-02T17:12:05.956Z] [App] [INFO] {"eventId":"bfbc3adf-1625-4120-a647-24bf609fdf2c","eventType":"team.invitation.create.success","timestamp":"2025-12-02T17:12:05.956Z","outcome":"success","userId":"1dac4e71-e120-4446-a577-a6cbf2a47f89","teamId":"61b161e3-faa2-46e2-963b-789175953613","metadata":{"invitationId":"8b6a9607-169c-4714-96ab-1960b2dc1e94","email":"invitee-1764695525953-0.05278201727088916@example.com","operationalRole":"TEAM_MEMBER"}}
[2025-12-02T17:12:05.965Z] [App] [INFO] {"eventId":"ef18893d-278b-403a-ae12-7a7d1927a57d","eventType":"team.member.add.success","timestamp":"2025-12-02T17:12:05.964Z","outcome":"success","userId":"1dac4e71-e120-4446-a577-a6cbf2a47f89","teamId":"61b161e3-faa2-46e2-963b-789175953613","metadata":{"addedUserId":"2360d518-5b73-4e95-8fdb-19f183d59776","managementRole":null,"operationalRole":"TEAM_MEMBER"}}
[2025-12-02T17:12:05.965Z] [App] [INFO] {"eventId":"ac33410a-f223-447f-81fc-4f062bc78e5a","eventType":"team.invitation.accept.success","timestamp":"2025-12-02T17:12:05.965Z","outcome":"success","userId":"2360d518-5b73-4e95-8fdb-19f183d59776","teamId":"61b161e3-faa2-46e2-963b-789175953613","metadata":{"invitationId":"8b6a9607-169c-4714-96ab-1960b2dc1e94"}}
[2025-12-02T17:12:05.976Z] [App] [INFO] {"eventId":"2941a342-e2d0-4464-97b7-b04190f0f2d3","eventType":"team.create.success","timestamp":"2025-12-02T17:12:05.976Z","outcome":"success","userId":"40a5463a-3b04-42df-b77a-4365b4cb503c","teamId":"882b6cff-a62c-45d1-9702-db9b419133ce","teamName":"?)(-\"apZ>-=-h","metadata":{"slug":"apz-h","planId":"free"}}
[2025-12-02T17:12:05.987Z] [App] [INFO] {"eventId":"c35b0fdf-8646-4bf7-9a66-33245b0306e7","eventType":"team.invitation.create.success","timestamp":"2025-12-02T17:12:05.987Z","outcome":"success","userId":"40a5463a-3b04-42df-b77a-4365b4cb503c","teamId":"882b6cff-a62c-45d1-9702-db9b419133ce","metadata":{"invitationId":"e77de633-b99a-47ab-b797-a0041e706564","email":"invitee-1764695525976-0.15131373848837737@example.com","operationalRole":"TEAM_MEMBER"}}
[2025-12-02T17:12:05.989Z] [App] [INFO] {"eventId":"bf4d8933-d877-4df3-aee5-f1e5a20c0c27","eventType":"team.member.add.success","timestamp":"2025-12-02T17:12:05.989Z","outcome":"success","userId":"40a5463a-3b04-42df-b77a-4365b4cb503c","teamId":"882b6cff-a62c-45d1-9702-db9b419133ce","metadata":{"addedUserId":"3053602c-9177-4a9d-a335-90e8ffa1a421","managementRole":null,"operationalRole":"TEAM_MEMBER"}}
[2025-12-02T17:12:05.989Z] [App] [INFO] {"eventId":"c0219f7b-7af1-4424-8d75-ae3487201f0e","eventType":"team.invitation.accept.success","timestamp":"2025-12-02T17:12:05.989Z","outcome":"success","userId":"3053602c-9177-4a9d-a335-90e8ffa1a421","teamId":"882b6cff-a62c-45d1-9702-db9b419133ce","metadata":{"invitationId":"e77de633-b99a-47ab-b797-a0041e706564"}}
[2025-12-02T17:12:06.000Z] [App] [INFO] {"eventId":"764b6ef4-28cf-4c2d-83bc-f914c6c6a84c","eventType":"team.create.success","timestamp":"2025-12-02T17:12:06.000Z","outcome":"success","userId":"406533f3-e5d7-410a-ba3b-5d627e922313","teamId":"13b0256b-a5b5-4855-9b68-2bff8688d555","teamName":"~#EV","metadata":{"slug":"ev","planId":"free"}}
[2025-12-02T17:12:06.002Z] [App] [INFO] {"eventId":"279e0746-1c61-4a33-93f9-41607a61c425","eventType":"team.invitation.create.success","timestamp":"2025-12-02T17:12:06.002Z","outcome":"success","userId":"406533f3-e5d7-410a-ba3b-5d627e922313","teamId":"13b0256b-a5b5-4855-9b68-2bff8688d555","metadata":{"invitationId":"ab8a4b88-fbe1-47c4-a86b-9bd6d483bd30","email":"invitee-1764695526000-0.7662017833758732@example.com","operationalRole":"TEAM_MEMBER"}}
[2025-12-02T17:12:06.005Z] [App] [INFO] {"eventId":"f515080d-8e88-4c33-9413-a6ccb78264e7","eventType":"team.member.add.success","timestamp":"2025-12-02T17:12:06.005Z","outcome":"success","userId":"406533f3-e5d7-410a-ba3b-5d627e922313","teamId":"13b0256b-a5b5-4855-9b68-2bff8688d555","metadata":{"addedUserId":"a72eeccc-c20e-4368-a589-0fbb12bc3beb","managementRole":null,"operationalRole":"TEAM_MEMBER"}}
[2025-12-02T17:12:06.006Z] [App] [INFO] {"eventId":"a456942c-21c9-421b-b34f-943b3dcd0440","eventType":"team.invitation.accept.success","timestamp":"2025-12-02T17:12:06.006Z","outcome":"success","userId":"a72eeccc-c20e-4368-a589-0fbb12bc3beb","teamId":"13b0256b-a5b5-4855-9b68-2bff8688d555","metadata":{"invitationId":"ab8a4b88-fbe1-47c4-a86b-9bd6d483bd30"}}
[2025-12-02T17:12:06.008Z] [App] [INFO] {"eventId":"1d320d26-a330-46ea-b852-b6be273800f1","eventType":"team.create.success","timestamp":"2025-12-02T17:12:06.008Z","outcome":"success","userId":"13f36ebf-681f-47d9-a8e6-2a8425349b21","teamId":"45b3e057-56d1-419d-9a8c-8bccc597dfab","teamName":"ref","metadata":{"slug":"ref","planId":"free"}}
[2025-12-02T17:12:06.018Z] [App] [INFO] {"eventId":"6c40e5ee-0fb1-41c9-a3c8-e82127209c3d","eventType":"team.invitation.create.success","timestamp":"2025-12-02T17:12:06.018Z","outcome":"success","userId":"13f36ebf-681f-47d9-a8e6-2a8425349b21","teamId":"45b3e057-56d1-419d-9a8c-8bccc597dfab","metadata":{"invitationId":"855fcca1-b7f5-4dec-bfdb-8fc07232297c","email":"invitee-1764695526008-0.20201477024043657@example.com","operationalRole":"TEAM_MEMBER"}}
[2025-12-02T17:12:06.026Z] [App] [INFO] {"eventId":"f3559732-6b1a-4947-997d-213274fc9df7","eventType":"team.member.add.success","timestamp":"2025-12-02T17:12:06.026Z","outcome":"success","userId":"13f36ebf-681f-47d9-a8e6-2a8425349b21","teamId":"45b3e057-56d1-419d-9a8c-8bccc597dfab","metadata":{"addedUserId":"f6923f01-dbd1-4670-b27c-3c4f3ad65c1c","managementRole":null,"operationalRole":"TEAM_MEMBER"}}
[2025-12-02T17:12:06.033Z] [App] [INFO] {"eventId":"813362f4-8079-4079-b2a1-2ff90759af9d","eventType":"team.invitation.accept.success","timestamp":"2025-12-02T17:12:06.033Z","outcome":"success","userId":"f6923f01-dbd1-4670-b27c-3c4f3ad65c1c","teamId":"45b3e057-56d1-419d-9a8c-8bccc597dfab","metadata":{"invitationId":"855fcca1-b7f5-4dec-bfdb-8fc07232297c"}}
[2025-12-02T17:12:06.037Z] [App] [INFO] {"eventId":"a4ba83a8-1b64-40d3-a6f5-6695ffa6e3be","eventType":"team.create.success","timestamp":"2025-12-02T17:12:06.037Z","outcome":"success","userId":"589fa68d-251e-49b4-a8a8-a08eedb604df","teamId":"15250add-4c99-45de-a964-57bd2f5b7694","teamName":"@~dKH89*8mZ4","metadata":{"slug":"dkh898mz4","planId":"free"}}
[2025-12-02T17:12:06.051Z] [App] [INFO] {"eventId":"f90bab17-bfea-475a-be50-5774c3f625cf","eventType":"team.invitation.create.success","timestamp":"2025-12-02T17:12:06.051Z","outcome":"success","userId":"589fa68d-251e-49b4-a8a8-a08eedb604df","teamId":"15250add-4c99-45de-a964-57bd2f5b7694","metadata":{"invitationId":"2882235d-aa0b-4471-af59-39b50b90384f","email":"invitee-1764695526037-0.5297606015725024@example.com","operationalRole":"TEAM_MEMBER"}}
[2025-12-02T17:12:06.056Z] [App] [INFO] {"eventId":"2ed3da86-c4d3-4b55-8ddd-9a31ff50a4c5","eventType":"team.member.add.success","timestamp":"2025-12-02T17:12:06.056Z","outcome":"success","userId":"589fa68d-251e-49b4-a8a8-a08eedb604df","teamId":"15250add-4c99-45de-a964-57bd2f5b7694","metadata":{"addedUserId":"08ca64bb-cd08-4277-93f6-e4e9df460ca2","managementRole":null,"operationalRole":"TEAM_MEMBER"}}
[2025-12-02T17:12:06.056Z] [App] [INFO] {"eventId":"36d40332-c160-4bc0-9b8e-6561426039df","eventType":"team.invitation.accept.success","timestamp":"2025-12-02T17:12:06.056Z","outcome":"success","userId":"08ca64bb-cd08-4277-93f6-e4e9df460ca2","teamId":"15250add-4c99-45de-a964-57bd2f5b7694","metadata":{"invitationId":"2882235d-aa0b-4471-af59-39b50b90384f"}}
[2025-12-02T17:12:06.088Z] [App] [INFO] {"eventId":"d5e1939f-a5e8-46bb-a6fa-487ffffe2b9c","eventType":"team.create.success","timestamp":"2025-12-02T17:12:06.088Z","outcome":"success","userId":"5a788f23-a62b-44fa-acd5-3148dd73a7ac","teamId":"4178d58c-d5b3-4388-8837-31cd8472ee13","teamName":"0[?2B ","metadata":{"slug":"02b","planId":"free"}}
[2025-12-02T17:12:06.099Z] [App] [INFO] {"eventId":"0dc8b6f0-1687-4f7c-9602-a7ffc50209b4","eventType":"team.invitation.create.success","timestamp":"2025-12-02T17:12:06.099Z","outcome":"success","userId":"5a788f23-a62b-44fa-acd5-3148dd73a7ac","teamId":"4178d58c-d5b3-4388-8837-31cd8472ee13","metadata":{"invitationId":"ee009319-20fe-4ed3-b5d6-f320a2bdfcd7","email":"invitee-1764695526088-0.07084129095296077@example.com","operationalRole":"TEAM_MEMBER"}}
[2025-12-02T17:12:06.117Z] [App] [INFO] {"eventId":"c104a8eb-38ed-499c-a3a2-fd1356685158","eventType":"team.member.add.success","timestamp":"2025-12-02T17:12:06.117Z","outcome":"success","userId":"5a788f23-a62b-44fa-acd5-3148dd73a7ac","teamId":"4178d58c-d5b3-4388-8837-31cd8472ee13","metadata":{"addedUserId":"bcb0db8c-4d5c-4539-9a53-1fc9cfeb11a9","managementRole":null,"operationalRole":"TEAM_MEMBER"}}
[2025-12-02T17:12:06.117Z] [App] [INFO] {"eventId":"644f5e78-0cba-4635-bb3d-3356e5281b8b","eventType":"team.invitation.accept.success","timestamp":"2025-12-02T17:12:06.117Z","outcome":"success","userId":"bcb0db8c-4d5c-4539-9a53-1fc9cfeb11a9","teamId":"4178d58c-d5b3-4388-8837-31cd8472ee13","metadata":{"invitationId":"ee009319-20fe-4ed3-b5d6-f320a2bdfcd7"}}
[2025-12-02T17:12:06.119Z] [App] [INFO] {"eventId":"a74cf7be-71bb-44a9-a40e-710ce02cf401","eventType":"team.create.success","timestamp":"2025-12-02T17:12:06.119Z","outcome":"success","userId":"b6382636-8384-45aa-80f2-689a3260888a","teamId":"8a572316-1067-4652-8372-903ce30f5952","teamName":"_hQg","metadata":{"slug":"hqg","planId":"free"}}
[2025-12-02T17:12:06.121Z] [App] [INFO] {"eventId":"dcfb8686-f100-4c80-8254-a558966457a8","eventType":"team.invitation.create.success","timestamp":"2025-12-02T17:12:06.121Z","outcome":"success","userId":"b6382636-8384-45aa-80f2-689a3260888a","teamId":"8a572316-1067-4652-8372-903ce30f5952","metadata":{"invitationId":"71c54a11-963f-41ed-a45f-e93159e249bb","email":"invitee-1764695526119-0.8604386971434552@example.com","operationalRole":"TEAM_MEMBER"}}
[2025-12-02T17:12:06.124Z] [App] [INFO] {"eventId":"3895bc43-596d-4177-b57a-829d1fbb66a7","eventType":"team.member.add.success","timestamp":"2025-12-02T17:12:06.124Z","outcome":"success","userId":"b6382636-8384-45aa-80f2-689a3260888a","teamId":"8a572316-1067-4652-8372-903ce30f5952","metadata":{"addedUserId":"8091320f-d733-4219-966c-70a9188d6e0e","managementRole":null,"operationalRole":"TEAM_MEMBER"}}
[2025-12-02T17:12:06.124Z] [App] [INFO] {"eventId":"d129b9b7-c87e-4b50-8c4a-f16e2bb01956","eventType":"team.invitation.accept.success","timestamp":"2025-12-02T17:12:06.124Z","outcome":"success","userId":"8091320f-d733-4219-966c-70a9188d6e0e","teamId":"8a572316-1067-4652-8372-903ce30f5952","metadata":{"invitationId":"71c54a11-963f-41ed-a45f-e93159e249bb"}}
[2025-12-02T17:12:06.126Z] [App] [INFO] {"eventId":"44ff91fe-2c30-4f1f-9f82-c8e807787319","eventType":"team.create.success","timestamp":"2025-12-02T17:12:06.126Z","outcome":"success","userId":"6985a881-61b0-4a7f-9991-15847d330777","teamId":"99f00437-3c5a-4753-90b0-55f7d27230a1","teamName":"ng","metadata":{"slug":"ng","planId":"free"}}
[2025-12-02T17:12:06.133Z] [App] [INFO] {"eventId":"a299dd9a-8c01-4894-b861-e0e09d4eb103","eventType":"team.invitation.create.success","timestamp":"2025-12-02T17:12:06.133Z","outcome":"success","userId":"6985a881-61b0-4a7f-9991-15847d330777","teamId":"99f00437-3c5a-4753-90b0-55f7d27230a1","metadata":{"invitationId":"a0379719-53c0-4f48-bae4-0aac7a53c6c4","email":"invitee-1764695526126-0.014139192297451197@example.com","operationalRole":"TEAM_MEMBER"}}
[2025-12-02T17:12:06.138Z] [App] [INFO] {"eventId":"8058832c-505d-449d-9327-e4cf6316bb06","eventType":"team.member.add.success","timestamp":"2025-12-02T17:12:06.138Z","outcome":"success","userId":"6985a881-61b0-4a7f-9991-15847d330777","teamId":"99f00437-3c5a-4753-90b0-55f7d27230a1","metadata":{"addedUserId":"13124fdf-862c-4280-affd-d486a9644c69","managementRole":null,"operationalRole":"TEAM_MEMBER"}}
[2025-12-02T17:12:06.138Z] [App] [INFO] {"eventId":"e8ac69c2-860f-4d40-995b-503151cd28a8","eventType":"team.invitation.accept.success","timestamp":"2025-12-02T17:12:06.138Z","outcome":"success","userId":"13124fdf-862c-4280-affd-d486a9644c69","teamId":"99f00437-3c5a-4753-90b0-55f7d27230a1","metadata":{"invitationId":"a0379719-53c0-4f48-bae4-0aac7a53c6c4"}}
[2025-12-02T17:12:06.148Z] [App] [INFO] {"eventId":"6ec77a6a-ea98-44ae-999b-2f9eba432a65","eventType":"team.create.success","timestamp":"2025-12-02T17:12:06.148Z","outcome":"success","userId":"4285149f-59ae-41a7-8d0d-f3d29a28780e","teamId":"ad7071a7-5142-48ae-b6b2-6fc33e9e25f7","teamName":"rnhTg!AH'","metadata":{"slug":"rnhtgah","planId":"free"}}
[2025-12-02T17:12:06.152Z] [App] [INFO] {"eventId":"2ffb04b0-9d5b-492a-8a1f-f2ca9cacaf14","eventType":"team.invitation.create.success","timestamp":"2025-12-02T17:12:06.152Z","outcome":"success","userId":"4285149f-59ae-41a7-8d0d-f3d29a28780e","teamId":"ad7071a7-5142-48ae-b6b2-6fc33e9e25f7","metadata":{"invitationId":"9140e0f4-fc24-4cfa-9f07-0053281d32c1","email":"invitee-1764695526148-0.548900814695981@example.com","operationalRole":"TEAM_MEMBER"}}
[2025-12-02T17:12:06.154Z] [App] [INFO] {"eventId":"fe210940-04a8-4501-baab-bfee19bc4216","eventType":"team.member.add.success","timestamp":"2025-12-02T17:12:06.154Z","outcome":"success","userId":"4285149f-59ae-41a7-8d0d-f3d29a28780e","teamId":"ad7071a7-5142-48ae-b6b2-6fc33e9e25f7","metadata":{"addedUserId":"80fc9d67-41f7-41d5-b5b5-d555f6072627","managementRole":null,"operationalRole":"TEAM_MEMBER"}}
[2025-12-02T17:12:06.155Z] [App] [INFO] {"eventId":"742739e5-a9ad-4d19-b107-204278d959a6","eventType":"team.invitation.accept.success","timestamp":"2025-12-02T17:12:06.155Z","outcome":"success","userId":"80fc9d67-41f7-41d5-b5b5-d555f6072627","teamId":"ad7071a7-5142-48ae-b6b2-6fc33e9e25f7","metadata":{"invitationId":"9140e0f4-fc24-4cfa-9f07-0053281d32c1"}}
[2025-12-02T17:12:06.157Z] [App] [INFO] {"eventId":"698e894e-39ed-4282-9b17-32c913a38998","eventType":"team.create.success","timestamp":"2025-12-02T17:12:06.157Z","outcome":"success","userId":"30c6226a-f42a-4630-83f8-4c959b236495","teamId":"c074a575-27ad-4006-8a52-ff305f474e09","teamName":"j)F","metadata":{"slug":"jf","planId":"free"}}
[2025-12-02T17:12:06.159Z] [App] [INFO] {"eventId":"c784605f-6df2-4510-b475-2ea76f86606c","eventType":"team.invitation.create.success","timestamp":"2025-12-02T17:12:06.159Z","outcome":"success","userId":"30c6226a-f42a-4630-83f8-4c959b236495","teamId":"c074a575-27ad-4006-8a52-ff305f474e09","metadata":{"invitationId":"172333cf-7eb3-43f3-a8ee-977559664880","email":"invitee-1764695526157-0.4354627847026007@example.com","operationalRole":"TEAM_MEMBER"}}
[2025-12-02T17:12:06.170Z] [App] [INFO] {"eventId":"b2d08d2f-5d5e-4fda-93d3-c9ebab378b7d","eventType":"team.member.add.success","timestamp":"2025-12-02T17:12:06.170Z","outcome":"success","userId":"30c6226a-f42a-4630-83f8-4c959b236495","teamId":"c074a575-27ad-4006-8a52-ff305f474e09","metadata":{"addedUserId":"7ebe2c67-5b38-4ad4-b99e-ad9de5d7f09d","managementRole":null,"operationalRole":"TEAM_MEMBER"}}
[2025-12-02T17:12:06.173Z] [App] [INFO] {"eventId":"b637f7c1-d4e6-4814-988a-87d918db03bd","eventType":"team.invitation.accept.success","timestamp":"2025-12-02T17:12:06.173Z","outcome":"success","userId":"7ebe2c67-5b38-4ad4-b99e-ad9de5d7f09d","teamId":"c074a575-27ad-4006-8a52-ff305f474e09","metadata":{"invitationId":"172333cf-7eb3-43f3-a8ee-977559664880"}}
[2025-12-02T17:12:06.189Z] [App] [INFO] {"eventId":"3e6a1236-1f7a-4e37-8f4c-b203117559cd","eventType":"team.create.success","timestamp":"2025-12-02T17:12:06.189Z","outcome":"success","userId":"c17889a3-3866-4f24-9959-7f8c3464eaf1","teamId":"4ad98975-09a5-4414-9eca-0beab92a79d1","teamName":"B`g!","metadata":{"slug":"bg","planId":"free"}}
[2025-12-02T17:12:06.199Z] [App] [INFO] {"eventId":"4d13edb9-3520-4675-8beb-5b5659007767","eventType":"team.invitation.create.success","timestamp":"2025-12-02T17:12:06.199Z","outcome":"success","userId":"c17889a3-3866-4f24-9959-7f8c3464eaf1","teamId":"4ad98975-09a5-4414-9eca-0beab92a79d1","metadata":{"invitationId":"6f253190-1f60-4238-92db-6fd4794e01e9","email":"invitee-1764695526189-0.9753138667472332@example.com","operationalRole":"TEAM_MEMBER"}}
[2025-12-02T17:12:06.209Z] [App] [INFO] {"eventId":"6ed51d89-9396-4884-b4a6-113b4ff6255f","eventType":"team.member.add.success","timestamp":"2025-12-02T17:12:06.209Z","outcome":"success","userId":"c17889a3-3866-4f24-9959-7f8c3464eaf1","teamId":"4ad98975-09a5-4414-9eca-0beab92a79d1","metadata":{"addedUserId":"a790e628-0dcd-4e63-ab00-e8c4df93dfe6","managementRole":null,"operationalRole":"TEAM_MEMBER"}}
[2025-12-02T17:12:06.210Z] [App] [INFO] {"eventId":"31990e46-305c-4987-9508-b5f4b4ed3444","eventType":"team.invitation.accept.success","timestamp":"2025-12-02T17:12:06.210Z","outcome":"success","userId":"a790e628-0dcd-4e63-ab00-e8c4df93dfe6","teamId":"4ad98975-09a5-4414-9eca-0beab92a79d1","metadata":{"invitationId":"6f253190-1f60-4238-92db-6fd4794e01e9"}}
[2025-12-02T17:12:06.221Z] [App] [INFO] {"eventId":"d6047ffd-4074-4ed5-8816-701f2a9629ce","eventType":"team.create.success","timestamp":"2025-12-02T17:12:06.221Z","outcome":"success","userId":"6031cc6c-7eda-47ec-a16b-d0ba17d8c2da","teamId":"55cfb4fb-8acc-4b85-817a-4851e50b9892","teamName":"9+-:K^)","metadata":{"slug":"9-k","planId":"free"}}
[2025-12-02T17:12:06.225Z] [App] [INFO] {"eventId":"2ef31949-5669-4ffd-af1c-6e6a80e00f8f","eventType":"team.invitation.create.success","timestamp":"2025-12-02T17:12:06.225Z","outcome":"success","userId":"6031cc6c-7eda-47ec-a16b-d0ba17d8c2da","teamId":"55cfb4fb-8acc-4b85-817a-4851e50b9892","metadata":{"invitationId":"810557ad-1cee-4151-9c93-54b91e3c75ac","email":"invitee-1764695526221-0.390901451536126@example.com","operationalRole":"TEAM_MEMBER"}}
[2025-12-02T17:12:06.231Z] [App] [INFO] {"eventId":"b8f51dfe-5ea2-4c43-8ef6-7e18c8de5eeb","eventType":"team.member.add.success","timestamp":"2025-12-02T17:12:06.230Z","outcome":"success","userId":"6031cc6c-7eda-47ec-a16b-d0ba17d8c2da","teamId":"55cfb4fb-8acc-4b85-817a-4851e50b9892","metadata":{"addedUserId":"07009c5d-b8a9-4f8f-b26c-7e80fe6c04ec","managementRole":null,"operationalRole":"TEAM_MEMBER"}}
[2025-12-02T17:12:06.232Z] [App] [INFO] {"eventId":"1136bcda-b498-4c67-9d6f-a76b66187ff1","eventType":"team.invitation.accept.success","timestamp":"2025-12-02T17:12:06.232Z","outcome":"success","userId":"07009c5d-b8a9-4f8f-b26c-7e80fe6c04ec","teamId":"55cfb4fb-8acc-4b85-817a-4851e50b9892","metadata":{"invitationId":"810557ad-1cee-4151-9c93-54b91e3c75ac"}}
[2025-12-02T17:12:06.236Z] [App] [INFO] {"eventId":"1c9afe0f-c422-49d5-aa8f-a370bd0370b6","eventType":"team.create.success","timestamp":"2025-12-02T17:12:06.236Z","outcome":"success","userId":"9adf7e26-7d8c-43b9-9266-ba4da50f66ed","teamId":"acec46f3-d477-4969-920d-b23029fce95b","teamName":"sqrN=>VZk1BK<","metadata":{"slug":"sqrnvzk1bk","planId":"free"}}
[2025-12-02T17:12:06.241Z] [App] [INFO] {"eventId":"5706b080-dcb1-4bdb-8561-eea2753ed293","eventType":"team.invitation.create.success","timestamp":"2025-12-02T17:12:06.241Z","outcome":"success","userId":"9adf7e26-7d8c-43b9-9266-ba4da50f66ed","teamId":"acec46f3-d477-4969-920d-b23029fce95b","metadata":{"invitationId":"9e71c31d-8054-48dd-a089-03011f9ce936","email":"invitee-1764695526237-0.6039420533716718@example.com","operationalRole":"TEAM_MEMBER"}}
[2025-12-02T17:12:06.251Z] [App] [INFO] {"eventId":"b2bf416b-7bcc-42e6-bec8-14724e424d55","eventType":"team.member.add.success","timestamp":"2025-12-02T17:12:06.251Z","outcome":"success","userId":"9adf7e26-7d8c-43b9-9266-ba4da50f66ed","teamId":"acec46f3-d477-4969-920d-b23029fce95b","metadata":{"addedUserId":"8d11286d-b1f6-4074-9788-1174a4d73407","managementRole":null,"operationalRole":"TEAM_MEMBER"}}
[2025-12-02T17:12:06.252Z] [App] [INFO] {"eventId":"4fdda6bb-ee2f-4a24-b875-0235b2fc6fcf","eventType":"team.invitation.accept.success","timestamp":"2025-12-02T17:12:06.252Z","outcome":"success","userId":"8d11286d-b1f6-4074-9788-1174a4d73407","teamId":"acec46f3-d477-4969-920d-b23029fce95b","metadata":{"invitationId":"9e71c31d-8054-48dd-a089-03011f9ce936"}}
[2025-12-02T17:12:06.262Z] [App] [INFO] {"eventId":"d96769a5-9720-4d0b-a2f4-ec5ab135e6e1","eventType":"team.create.success","timestamp":"2025-12-02T17:12:06.262Z","outcome":"success","userId":"e7a26b1f-a963-490d-96da-027c98c9d3f6","teamId":"c89728b9-445c-4c22-87be-4ae262b18a06","teamName":"9CfbFl","metadata":{"slug":"9cfbfl","planId":"free"}}
[2025-12-02T17:12:06.271Z] [App] [INFO] {"eventId":"b253a394-5b39-4e39-a346-c03f750d70ae","eventType":"team.invitation.create.success","timestamp":"2025-12-02T17:12:06.271Z","outcome":"success","userId":"e7a26b1f-a963-490d-96da-027c98c9d3f6","teamId":"c89728b9-445c-4c22-87be-4ae262b18a06","metadata":{"invitationId":"d1130b15-56f0-46f7-b5ca-41a846f9eb9a","email":"invitee-1764695526262-0.21215690110288266@example.com","operationalRole":"TEAM_MEMBER"}}
[2025-12-02T17:12:06.280Z] [App] [INFO] {"eventId":"9a3f97c9-4707-41c4-bdd9-d6ff8b3a1781","eventType":"team.member.add.success","timestamp":"2025-12-02T17:12:06.280Z","outcome":"success","userId":"e7a26b1f-a963-490d-96da-027c98c9d3f6","teamId":"c89728b9-445c-4c22-87be-4ae262b18a06","metadata":{"addedUserId":"24680394-4789-436c-8d74-639cc6372f74","managementRole":null,"operationalRole":"TEAM_MEMBER"}}
[2025-12-02T17:12:06.281Z] [App] [INFO] {"eventId":"6b310495-800b-4396-8fa1-7c0180690d47","eventType":"team.invitation.accept.success","timestamp":"2025-12-02T17:12:06.281Z","outcome":"success","userId":"24680394-4789-436c-8d74-639cc6372f74","teamId":"c89728b9-445c-4c22-87be-4ae262b18a06","metadata":{"invitationId":"d1130b15-56f0-46f7-b5ca-41a846f9eb9a"}}
[2025-12-02T17:12:06.290Z] [App] [INFO] {"eventId":"0b49ceac-cad5-4ad1-9af4-57357d1a3ef9","eventType":"team.create.success","timestamp":"2025-12-02T17:12:06.290Z","outcome":"success","userId":"e32d9af4-3b41-4b62-b36c-af4efba583b0","teamId":"e6f89f10-b0e2-45ac-a908-ad7cb6817732","teamName":"]Zz0>?cRNxUO","metadata":{"slug":"zz0crnxuo","planId":"free"}}
[2025-12-02T17:12:06.297Z] [App] [INFO] {"eventId":"e15c9bd1-ce51-40cd-a15c-42c9b5b9ae77","eventType":"team.invitation.create.success","timestamp":"2025-12-02T17:12:06.297Z","outcome":"success","userId":"e32d9af4-3b41-4b62-b36c-af4efba583b0","teamId":"e6f89f10-b0e2-45ac-a908-ad7cb6817732","metadata":{"invitationId":"384d47f3-d6d4-4664-bf01-839033d14e1a","email":"invitee-1764695526290-0.708720881965235@example.com","operationalRole":"TEAM_MEMBER"}}
[2025-12-02T17:12:06.303Z] [App] [INFO] {"eventId":"2e563976-d1bb-484a-89c1-cc9b14cea92c","eventType":"team.member.add.success","timestamp":"2025-12-02T17:12:06.303Z","outcome":"success","userId":"e32d9af4-3b41-4b62-b36c-af4efba583b0","teamId":"e6f89f10-b0e2-45ac-a908-ad7cb6817732","metadata":{"addedUserId":"78c01119-0742-49b9-b868-8f9e633e4058","managementRole":null,"operationalRole":"TEAM_MEMBER"}}
[2025-12-02T17:12:06.304Z] [App] [INFO] {"eventId":"2e0bc607-3edf-4ffa-909a-56f1a1fcdc11","eventType":"team.invitation.accept.success","timestamp":"2025-12-02T17:12:06.304Z","outcome":"success","userId":"78c01119-0742-49b9-b868-8f9e633e4058","teamId":"e6f89f10-b0e2-45ac-a908-ad7cb6817732","metadata":{"invitationId":"384d47f3-d6d4-4664-bf01-839033d14e1a"}}
[2025-12-02T17:12:06.349Z] [App] [INFO] {"eventId":"c2c62466-dc94-4afa-a750-95ed81303049","eventType":"team.create.success","timestamp":"2025-12-02T17:12:06.349Z","outcome":"success","userId":"6ac5a79a-92cb-4937-a868-4d248b117eed","teamId":"ac75f170-518d-451c-a910-2d9d978eeb96","teamName":"Dc4@d8(@;I0nR","metadata":{"slug":"dc4d8i0nr","planId":"free"}}
[2025-12-02T17:12:06.419Z] [App] [INFO] {"eventId":"d7e78e7c-4e20-4937-80a1-f1b681a9a91b","eventType":"team.invitation.create.success","timestamp":"2025-12-02T17:12:06.419Z","outcome":"success","userId":"6ac5a79a-92cb-4937-a868-4d248b117eed","teamId":"ac75f170-518d-451c-a910-2d9d978eeb96","metadata":{"invitationId":"3370fbd5-e3f4-411e-88a6-5d9696a06029","email":"invitee-1764695526349-0.397272306620182@example.com","operationalRole":"TEAM_MEMBER"}}
[2025-12-02T17:12:06.443Z] [App] [INFO] {"eventId":"cb650f2a-4f51-4ea5-a3a4-f5de55e3f473","eventType":"team.member.add.success","timestamp":"2025-12-02T17:12:06.443Z","outcome":"success","userId":"6ac5a79a-92cb-4937-a868-4d248b117eed","teamId":"ac75f170-518d-451c-a910-2d9d978eeb96","metadata":{"addedUserId":"a760b243-c264-4d0b-84dd-85661e26f018","managementRole":null,"operationalRole":"TEAM_MEMBER"}}
[2025-12-02T17:12:06.445Z] [App] [INFO] {"eventId":"869ee5d7-ff87-42e2-b17e-52570b1af0ac","eventType":"team.invitation.accept.success","timestamp":"2025-12-02T17:12:06.444Z","outcome":"success","userId":"a760b243-c264-4d0b-84dd-85661e26f018","teamId":"ac75f170-518d-451c-a910-2d9d978eeb96","metadata":{"invitationId":"3370fbd5-e3f4-411e-88a6-5d9696a06029"}}
[2025-12-02T17:12:06.454Z] [App] [INFO] {"eventId":"266ed15d-2843-42b2-aebd-1c503c29824b","eventType":"team.create.success","timestamp":"2025-12-02T17:12:06.453Z","outcome":"success","userId":"dc15de49-611b-47cf-ba49-92b1564ce79f","teamId":"ab053743-b401-4d71-9877-ed65433cfd17","teamName":"LkcCpsHK5Zql","metadata":{"slug":"lkccpshk5zql","planId":"free"}}
[2025-12-02T17:12:06.458Z] [App] [INFO] {"eventId":"3ff95a7f-1534-466c-8747-0e87341e358b","eventType":"team.invitation.create.success","timestamp":"2025-12-02T17:12:06.458Z","outcome":"success","userId":"dc15de49-611b-47cf-ba49-92b1564ce79f","teamId":"ab053743-b401-4d71-9877-ed65433cfd17","metadata":{"invitationId":"5cef1901-3c04-4799-98fe-bf11cb8a9747","email":"invitee-1764695526454-0.44950711628993656@example.com","operationalRole":"TEAM_MEMBER"}}
[2025-12-02T17:12:06.460Z] [App] [INFO] {"eventId":"c849bc4a-74a0-497e-82e8-7931a4ee51cc","eventType":"team.member.add.success","timestamp":"2025-12-02T17:12:06.460Z","outcome":"success","userId":"dc15de49-611b-47cf-ba49-92b1564ce79f","teamId":"ab053743-b401-4d71-9877-ed65433cfd17","metadata":{"addedUserId":"902e12a0-aa36-4140-9fa5-213132a85cab","managementRole":null,"operationalRole":"TEAM_MEMBER"}}
[2025-12-02T17:12:06.460Z] [App] [INFO] {"eventId":"5f3f20e6-0e21-4a3e-98d3-2e016e7bf49b","eventType":"team.invitation.accept.success","timestamp":"2025-12-02T17:12:06.460Z","outcome":"success","userId":"902e12a0-aa36-4140-9fa5-213132a85cab","teamId":"ab053743-b401-4d71-9877-ed65433cfd17","metadata":{"invitationId":"5cef1901-3c04-4799-98fe-bf11cb8a9747"}}
[2025-12-02T17:12:06.470Z] [App] [INFO] {"eventId":"3fa35456-1cdd-4e15-ba31-5d7fc8d8ee3e","eventType":"team.create.success","timestamp":"2025-12-02T17:12:06.470Z","outcome":"success","userId":"57b8e542-e05e-4006-83dd-08abc81df2eb","teamId":"18b3cef0-7ebb-4e4e-a100-1755363278b9","teamName":"]S|K4'Y<e:W","metadata":{"slug":"sk4yew","planId":"free"}}
[2025-12-02T17:12:06.485Z] [App] [INFO] {"eventId":"6bbbc482-5ed0-4a23-9873-8cc32d52b8f7","eventType":"team.invitation.create.success","timestamp":"2025-12-02T17:12:06.485Z","outcome":"success","userId":"57b8e542-e05e-4006-83dd-08abc81df2eb","teamId":"18b3cef0-7ebb-4e4e-a100-1755363278b9","metadata":{"invitationId":"a8aae2f4-ac8c-4b0b-8628-6c8c653d5465","email":"invitee-1764695526470-0.5870122650990487@example.com","operationalRole":"TEAM_MEMBER"}}
[2025-12-02T17:12:06.504Z] [App] [INFO] {"eventId":"c4a475ae-51d0-4b55-8e78-1353b3058824","eventType":"team.member.add.success","timestamp":"2025-12-02T17:12:06.504Z","outcome":"success","userId":"57b8e542-e05e-4006-83dd-08abc81df2eb","teamId":"18b3cef0-7ebb-4e4e-a100-1755363278b9","metadata":{"addedUserId":"dc3fd016-593b-45ff-8890-aab074acfcf2","managementRole":null,"operationalRole":"TEAM_MEMBER"}}
[2025-12-02T17:12:06.504Z] [App] [INFO] {"eventId":"7b6cdc57-6f3c-47a8-9754-a7cd172ab2d0","eventType":"team.invitation.accept.success","timestamp":"2025-12-02T17:12:06.504Z","outcome":"success","userId":"dc3fd016-593b-45ff-8890-aab074acfcf2","teamId":"18b3cef0-7ebb-4e4e-a100-1755363278b9","metadata":{"invitationId":"a8aae2f4-ac8c-4b0b-8628-6c8c653d5465"}}
[2025-12-02T17:12:06.508Z] [App] [INFO] {"eventId":"506ed132-d73e-4a47-87d0-4e024cbc3436","eventType":"team.create.success","timestamp":"2025-12-02T17:12:06.508Z","outcome":"success","userId":"e02b274f-f3d4-4250-8473-fd9b44494e70","teamId":"64237b15-f3dd-434e-909a-8d99c7ff2736","teamName":"hvoLHq","metadata":{"slug":"hvolhq","planId":"free"}}
[2025-12-02T17:12:06.513Z] [App] [INFO] {"eventId":"fbf75ad8-7e0d-45d7-8f32-3434b747d817","eventType":"team.invitation.create.success","timestamp":"2025-12-02T17:12:06.513Z","outcome":"success","userId":"e02b274f-f3d4-4250-8473-fd9b44494e70","teamId":"64237b15-f3dd-434e-909a-8d99c7ff2736","metadata":{"invitationId":"b3a04222-24c0-431d-abcd-416735a1584d","email":"invitee-1764695526508-0.7709476065194552@example.com","operationalRole":"TEAM_MEMBER"}}
[2025-12-02T17:12:06.515Z] [App] [INFO] {"eventId":"1872a65d-856b-4792-89ee-663faeb8770a","eventType":"team.member.add.success","timestamp":"2025-12-02T17:12:06.515Z","outcome":"success","userId":"e02b274f-f3d4-4250-8473-fd9b44494e70","teamId":"64237b15-f3dd-434e-909a-8d99c7ff2736","metadata":{"addedUserId":"968fe39d-1b5a-4270-b061-2731f3973390","managementRole":null,"operationalRole":"TEAM_MEMBER"}}
[2025-12-02T17:12:06.515Z] [App] [INFO] {"eventId":"e09f5343-4edc-463a-a220-d70685b3a269","eventType":"team.invitation.accept.success","timestamp":"2025-12-02T17:12:06.515Z","outcome":"success","userId":"968fe39d-1b5a-4270-b061-2731f3973390","teamId":"64237b15-f3dd-434e-909a-8d99c7ff2736","metadata":{"invitationId":"b3a04222-24c0-431d-abcd-416735a1584d"}}
[2025-12-02T17:12:06.517Z] [App] [INFO] {"eventId":"b7156e1b-258e-471d-a2f9-41b51b847ae0","eventType":"team.create.success","timestamp":"2025-12-02T17:12:06.517Z","outcome":"success","userId":"1452c488-d872-46be-b953-7cc3d016e3b4","teamId":"4129fcfe-005f-4471-9418-57084a1a3178","teamName":"~E&sa(Tst","metadata":{"slug":"esatst","planId":"free"}}
[2025-12-02T17:12:06.520Z] [App] [INFO] {"eventId":"f1643494-a737-42aa-abad-f26bbb2c56a5","eventType":"team.invitation.create.success","timestamp":"2025-12-02T17:12:06.520Z","outcome":"success","userId":"1452c488-d872-46be-b953-7cc3d016e3b4","teamId":"4129fcfe-005f-4471-9418-57084a1a3178","metadata":{"invitationId":"55954e29-2909-4c44-a86f-6834c2607118","email":"invitee-1764695526518-0.3463561877593031@example.com","operationalRole":"TEAM_MEMBER"}}
[2025-12-02T17:12:06.522Z] [App] [INFO] {"eventId":"78452199-e50e-43b6-b2d1-8a800bd460d3","eventType":"team.member.add.success","timestamp":"2025-12-02T17:12:06.522Z","outcome":"success","userId":"1452c488-d872-46be-b953-7cc3d016e3b4","teamId":"4129fcfe-005f-4471-9418-57084a1a3178","metadata":{"addedUserId":"35758a2a-eaea-4bba-afbd-e36208f8baaf","managementRole":null,"operationalRole":"TEAM_MEMBER"}}
[2025-12-02T17:12:06.522Z] [App] [INFO] {"eventId":"cfdb6713-65de-47f1-a27e-fc5179a58731","eventType":"team.invitation.accept.success","timestamp":"2025-12-02T17:12:06.522Z","outcome":"success","userId":"35758a2a-eaea-4bba-afbd-e36208f8baaf","teamId":"4129fcfe-005f-4471-9418-57084a1a3178","metadata":{"invitationId":"55954e29-2909-4c44-a86f-6834c2607118"}}

stderr | src/server/teams/__tests__/invitations.property.test.ts > Team Invitation Properties > Property 9: Invalid invitations are rejected
[2025-12-02T17:12:05.956Z] [App] [WARN] {"eventId":"4a0726c1-16b5-4bdf-979b-a847948a3b32","eventType":"team.invitation.accept.failure","timestamp":"2025-12-02T17:12:05.956Z","outcome":"failure","userId":"2360d518-5b73-4e95-8fdb-19f183d59776","errorCode":"INVALID_TOKEN","errorMessage":"Invalid invitation token"}
[2025-12-02T17:12:05.966Z] [App] [WARN] {"eventId":"2c9275f2-fda1-44d8-b00b-49ba2f5c4856","eventType":"team.invitation.accept.failure","timestamp":"2025-12-02T17:12:05.966Z","outcome":"failure","userId":"2360d518-5b73-4e95-8fdb-19f183d59776","teamId":"61b161e3-faa2-46e2-963b-789175953613","errorCode":"INVITATION_USED","errorMessage":"Invitation already used","metadata":{"invitationId":"8b6a9607-169c-4714-96ab-1960b2dc1e94"}}
[2025-12-02T17:12:05.987Z] [App] [WARN] {"eventId":"73177d26-252c-4ecf-8a70-041977a42857","eventType":"team.invitation.accept.failure","timestamp":"2025-12-02T17:12:05.987Z","outcome":"failure","userId":"3053602c-9177-4a9d-a335-90e8ffa1a421","errorCode":"INVALID_TOKEN","errorMessage":"Invalid invitation token"}
[2025-12-02T17:12:05.989Z] [App] [WARN] {"eventId":"e44f6395-f227-40fd-934d-3b24d29f8cb6","eventType":"team.invitation.accept.failure","timestamp":"2025-12-02T17:12:05.989Z","outcome":"failure","userId":"3053602c-9177-4a9d-a335-90e8ffa1a421","teamId":"882b6cff-a62c-45d1-9702-db9b419133ce","errorCode":"INVITATION_USED","errorMessage":"Invitation already used","metadata":{"invitationId":"e77de633-b99a-47ab-b797-a0041e706564"}}
[2025-12-02T17:12:06.003Z] [App] [WARN] {"eventId":"92a045d3-7a28-4a35-889c-0b753f6db731","eventType":"team.invitation.accept.failure","timestamp":"2025-12-02T17:12:06.003Z","outcome":"failure","userId":"a72eeccc-c20e-4368-a589-0fbb12bc3beb","errorCode":"INVALID_TOKEN","errorMessage":"Invalid invitation token"}
[2025-12-02T17:12:06.006Z] [App] [WARN] {"eventId":"3ac808ca-54e9-429c-86e5-4c6baf23a562","eventType":"team.invitation.accept.failure","timestamp":"2025-12-02T17:12:06.006Z","outcome":"failure","userId":"a72eeccc-c20e-4368-a589-0fbb12bc3beb","teamId":"13b0256b-a5b5-4855-9b68-2bff8688d555","errorCode":"INVITATION_USED","errorMessage":"Invitation already used","metadata":{"invitationId":"ab8a4b88-fbe1-47c4-a86b-9bd6d483bd30"}}
[2025-12-02T17:12:06.021Z] [App] [WARN] {"eventId":"9963d6a1-7139-421f-a7ed-f5a5f2aa2eee","eventType":"team.invitation.accept.failure","timestamp":"2025-12-02T17:12:06.020Z","outcome":"failure","userId":"f6923f01-dbd1-4670-b27c-3c4f3ad65c1c","errorCode":"INVALID_TOKEN","errorMessage":"Invalid invitation token"}
[2025-12-02T17:12:06.035Z] [App] [WARN] {"eventId":"d4f530e6-6432-4042-a930-dec207fb23b0","eventType":"team.invitation.accept.failure","timestamp":"2025-12-02T17:12:06.035Z","outcome":"failure","userId":"f6923f01-dbd1-4670-b27c-3c4f3ad65c1c","teamId":"45b3e057-56d1-419d-9a8c-8bccc597dfab","errorCode":"INVITATION_USED","errorMessage":"Invitation already used","metadata":{"invitationId":"855fcca1-b7f5-4dec-bfdb-8fc07232297c"}}
[2025-12-02T17:12:06.052Z] [App] [WARN] {"eventId":"8482b6c2-6598-4d15-8997-46c58d32bfe3","eventType":"team.invitation.accept.failure","timestamp":"2025-12-02T17:12:06.052Z","outcome":"failure","userId":"08ca64bb-cd08-4277-93f6-e4e9df460ca2","errorCode":"INVALID_TOKEN","errorMessage":"Invalid invitation token"}
[2025-12-02T17:12:06.056Z] [App] [WARN] {"eventId":"4c64e8d3-19d6-4595-9634-641d01815ea9","eventType":"team.invitation.accept.failure","timestamp":"2025-12-02T17:12:06.056Z","outcome":"failure","userId":"08ca64bb-cd08-4277-93f6-e4e9df460ca2","teamId":"15250add-4c99-45de-a964-57bd2f5b7694","errorCode":"INVITATION_USED","errorMessage":"Invitation already used","metadata":{"invitationId":"2882235d-aa0b-4471-af59-39b50b90384f"}}
[2025-12-02T17:12:06.109Z] [App] [WARN] {"eventId":"4c7279e2-a3d4-467f-adaf-f9027fef804d","eventType":"team.invitation.accept.failure","timestamp":"2025-12-02T17:12:06.109Z","outcome":"failure","userId":"bcb0db8c-4d5c-4539-9a53-1fc9cfeb11a9","errorCode":"INVALID_TOKEN","errorMessage":"Invalid invitation token"}
[2025-12-02T17:12:06.118Z] [App] [WARN] {"eventId":"d8f3396b-4773-4650-8145-8a947793bc9d","eventType":"team.invitation.accept.failure","timestamp":"2025-12-02T17:12:06.118Z","outcome":"failure","userId":"bcb0db8c-4d5c-4539-9a53-1fc9cfeb11a9","teamId":"4178d58c-d5b3-4388-8837-31cd8472ee13","errorCode":"INVITATION_USED","errorMessage":"Invitation already used","metadata":{"invitationId":"ee009319-20fe-4ed3-b5d6-f320a2bdfcd7"}}
[2025-12-02T17:12:06.122Z] [App] [WARN] {"eventId":"f7fb70f7-0d89-48be-991c-b65381fbe430","eventType":"team.invitation.accept.failure","timestamp":"2025-12-02T17:12:06.122Z","outcome":"failure","userId":"8091320f-d733-4219-966c-70a9188d6e0e","errorCode":"INVALID_TOKEN","errorMessage":"Invalid invitation token"}
[2025-12-02T17:12:06.125Z] [App] [WARN] {"eventId":"67c82bce-a997-4927-bc19-da4f3705b534","eventType":"team.invitation.accept.failure","timestamp":"2025-12-02T17:12:06.124Z","outcome":"failure","userId":"8091320f-d733-4219-966c-70a9188d6e0e","teamId":"8a572316-1067-4652-8372-903ce30f5952","errorCode":"INVITATION_USED","errorMessage":"Invitation already used","metadata":{"invitationId":"71c54a11-963f-41ed-a45f-e93159e249bb"}}
[2025-12-02T17:12:06.135Z] [App] [WARN] {"eventId":"320b9241-f405-4a77-8963-cc2a0cde21e7","eventType":"team.invitation.accept.failure","timestamp":"2025-12-02T17:12:06.134Z","outcome":"failure","userId":"13124fdf-862c-4280-affd-d486a9644c69","errorCode":"INVALID_TOKEN","errorMessage":"Invalid invitation token"}
[2025-12-02T17:12:06.139Z] [App] [WARN] {"eventId":"074ce78c-2743-499b-b3f9-9eb0739e3a1e","eventType":"team.invitation.accept.failure","timestamp":"2025-12-02T17:12:06.139Z","outcome":"failure","userId":"13124fdf-862c-4280-affd-d486a9644c69","teamId":"99f00437-3c5a-4753-90b0-55f7d27230a1","errorCode":"INVITATION_USED","errorMessage":"Invitation already used","metadata":{"invitationId":"a0379719-53c0-4f48-bae4-0aac7a53c6c4"}}
[2025-12-02T17:12:06.153Z] [App] [WARN] {"eventId":"4a250d15-fffd-4fa6-b202-8f81d4aef671","eventType":"team.invitation.accept.failure","timestamp":"2025-12-02T17:12:06.153Z","outcome":"failure","userId":"80fc9d67-41f7-41d5-b5b5-d555f6072627","errorCode":"INVALID_TOKEN","errorMessage":"Invalid invitation token"}
[2025-12-02T17:12:06.155Z] [App] [WARN] {"eventId":"d06e5acf-467b-4cf2-8223-4755286513e4","eventType":"team.invitation.accept.failure","timestamp":"2025-12-02T17:12:06.155Z","outcome":"failure","userId":"80fc9d67-41f7-41d5-b5b5-d555f6072627","teamId":"ad7071a7-5142-48ae-b6b2-6fc33e9e25f7","errorCode":"INVITATION_USED","errorMessage":"Invitation already used","metadata":{"invitationId":"9140e0f4-fc24-4cfa-9f07-0053281d32c1"}}
[2025-12-02T17:12:06.159Z] [App] [WARN] {"eventId":"500d0b91-0ff3-4d26-8f61-d2c5af659da7","eventType":"team.invitation.accept.failure","timestamp":"2025-12-02T17:12:06.159Z","outcome":"failure","userId":"7ebe2c67-5b38-4ad4-b99e-ad9de5d7f09d","errorCode":"INVALID_TOKEN","errorMessage":"Invalid invitation token"}
[2025-12-02T17:12:06.176Z] [App] [WARN] {"eventId":"16991e2e-226b-4331-8113-f4202d9e6a0f","eventType":"team.invitation.accept.failure","timestamp":"2025-12-02T17:12:06.176Z","outcome":"failure","userId":"7ebe2c67-5b38-4ad4-b99e-ad9de5d7f09d","teamId":"c074a575-27ad-4006-8a52-ff305f474e09","errorCode":"INVITATION_USED","errorMessage":"Invitation already used","metadata":{"invitationId":"172333cf-7eb3-43f3-a8ee-977559664880"}}
[2025-12-02T17:12:06.201Z] [App] [WARN] {"eventId":"f3d71914-2c8e-4642-ad9a-d7eb2c52e361","eventType":"team.invitation.accept.failure","timestamp":"2025-12-02T17:12:06.201Z","outcome":"failure","userId":"a790e628-0dcd-4e63-ab00-e8c4df93dfe6","errorCode":"INVALID_TOKEN","errorMessage":"Invalid invitation token"}
[2025-12-02T17:12:06.214Z] [App] [WARN] {"eventId":"e64eb9d4-74d1-4ad8-aaa8-12d6a6b67ae0","eventType":"team.invitation.accept.failure","timestamp":"2025-12-02T17:12:06.214Z","outcome":"failure","userId":"a790e628-0dcd-4e63-ab00-e8c4df93dfe6","teamId":"4ad98975-09a5-4414-9eca-0beab92a79d1","errorCode":"INVITATION_USED","errorMessage":"Invitation already used","metadata":{"invitationId":"6f253190-1f60-4238-92db-6fd4794e01e9"}}
[2025-12-02T17:12:06.226Z] [App] [WARN] {"eventId":"8bb7e34b-dad8-43e6-91e5-81b099bd90e2","eventType":"team.invitation.accept.failure","timestamp":"2025-12-02T17:12:06.226Z","outcome":"failure","userId":"07009c5d-b8a9-4f8f-b26c-7e80fe6c04ec","errorCode":"INVALID_TOKEN","errorMessage":"Invalid invitation token"}
[2025-12-02T17:12:06.233Z] [App] [WARN] {"eventId":"66594ec5-fd82-43f0-bdff-732838628bed","eventType":"team.invitation.accept.failure","timestamp":"2025-12-02T17:12:06.233Z","outcome":"failure","userId":"07009c5d-b8a9-4f8f-b26c-7e80fe6c04ec","teamId":"55cfb4fb-8acc-4b85-817a-4851e50b9892","errorCode":"INVITATION_USED","errorMessage":"Invitation already used","metadata":{"invitationId":"810557ad-1cee-4151-9c93-54b91e3c75ac"}}
[2025-12-02T17:12:06.242Z] [App] [WARN] {"eventId":"6897efdb-ef59-4ba9-b978-d0d7e0e0c524","eventType":"team.invitation.accept.failure","timestamp":"2025-12-02T17:12:06.242Z","outcome":"failure","userId":"8d11286d-b1f6-4074-9788-1174a4d73407","errorCode":"INVALID_TOKEN","errorMessage":"Invalid invitation token"}
[2025-12-02T17:12:06.254Z] [App] [WARN] {"eventId":"8300d232-3932-4c70-bd5e-10b12c533b2e","eventType":"team.invitation.accept.failure","timestamp":"2025-12-02T17:12:06.254Z","outcome":"failure","userId":"8d11286d-b1f6-4074-9788-1174a4d73407","teamId":"acec46f3-d477-4969-920d-b23029fce95b","errorCode":"INVITATION_USED","errorMessage":"Invitation already used","metadata":{"invitationId":"9e71c31d-8054-48dd-a089-03011f9ce936"}}
[2025-12-02T17:12:06.273Z] [App] [WARN] {"eventId":"ae6c3794-dcb7-4c44-9c36-57f820f46a52","eventType":"team.invitation.accept.failure","timestamp":"2025-12-02T17:12:06.273Z","outcome":"failure","userId":"24680394-4789-436c-8d74-639cc6372f74","errorCode":"INVALID_TOKEN","errorMessage":"Invalid invitation token"}
[2025-12-02T17:12:06.283Z] [App] [WARN] {"eventId":"9a0fe852-8b4d-4db9-9950-6960aa85e200","eventType":"team.invitation.accept.failure","timestamp":"2025-12-02T17:12:06.283Z","outcome":"failure","userId":"24680394-4789-436c-8d74-639cc6372f74","teamId":"c89728b9-445c-4c22-87be-4ae262b18a06","errorCode":"INVITATION_USED","errorMessage":"Invitation already used","metadata":{"invitationId":"d1130b15-56f0-46f7-b5ca-41a846f9eb9a"}}
[2025-12-02T17:12:06.297Z] [App] [WARN] {"eventId":"8c24c798-2e0d-4a65-bfa7-2dfee75768fb","eventType":"team.invitation.accept.failure","timestamp":"2025-12-02T17:12:06.297Z","outcome":"failure","userId":"78c01119-0742-49b9-b868-8f9e633e4058","errorCode":"INVALID_TOKEN","errorMessage":"Invalid invitation token"}
[2025-12-02T17:12:06.306Z] [App] [WARN] {"eventId":"08892860-1495-4a4e-8282-d1216cba1a38","eventType":"team.invitation.accept.failure","timestamp":"2025-12-02T17:12:06.306Z","outcome":"failure","userId":"78c01119-0742-49b9-b868-8f9e633e4058","teamId":"e6f89f10-b0e2-45ac-a908-ad7cb6817732","errorCode":"INVITATION_USED","errorMessage":"Invitation already used","metadata":{"invitationId":"384d47f3-d6d4-4664-bf01-839033d14e1a"}}
[2025-12-02T17:12:06.424Z] [App] [WARN] {"eventId":"30b3ae80-7202-4724-a0ed-affb74126184","eventType":"team.invitation.accept.failure","timestamp":"2025-12-02T17:12:06.424Z","outcome":"failure","userId":"a760b243-c264-4d0b-84dd-85661e26f018","errorCode":"INVALID_TOKEN","errorMessage":"Invalid invitation token"}
[2025-12-02T17:12:06.447Z] [App] [WARN] {"eventId":"7513e85f-d8f9-43f6-b5ab-eb4c0b104548","eventType":"team.invitation.accept.failure","timestamp":"2025-12-02T17:12:06.447Z","outcome":"failure","userId":"a760b243-c264-4d0b-84dd-85661e26f018","teamId":"ac75f170-518d-451c-a910-2d9d978eeb96","errorCode":"INVITATION_USED","errorMessage":"Invitation already used","metadata":{"invitationId":"3370fbd5-e3f4-411e-88a6-5d9696a06029"}}
[2025-12-02T17:12:06.459Z] [App] [WARN] {"eventId":"cb13fcfb-d7ac-4b02-b69f-2fa837d46b56","eventType":"team.invitation.accept.failure","timestamp":"2025-12-02T17:12:06.459Z","outcome":"failure","userId":"902e12a0-aa36-4140-9fa5-213132a85cab","errorCode":"INVALID_TOKEN","errorMessage":"Invalid invitation token"}
[2025-12-02T17:12:06.462Z] [App] [WARN] {"eventId":"c68dae0a-d8c0-41b5-afff-846c1c1f2ca0","eventType":"team.invitation.accept.failure","timestamp":"2025-12-02T17:12:06.462Z","outcome":"failure","userId":"902e12a0-aa36-4140-9fa5-213132a85cab","teamId":"ab053743-b401-4d71-9877-ed65433cfd17","errorCode":"INVITATION_USED","errorMessage":"Invitation already used","metadata":{"invitationId":"5cef1901-3c04-4799-98fe-bf11cb8a9747"}}
[2025-12-02T17:12:06.500Z] [App] [WARN] {"eventId":"2e02dab0-7fab-4143-ab8c-b4a19e4ef474","eventType":"team.invitation.accept.failure","timestamp":"2025-12-02T17:12:06.500Z","outcome":"failure","userId":"dc3fd016-593b-45ff-8890-aab074acfcf2","errorCode":"INVALID_TOKEN","errorMessage":"Invalid invitation token"}
[2025-12-02T17:12:06.504Z] [App] [WARN] {"eventId":"cf9dd5b9-9f3e-4a84-83ef-90fa0ab0d329","eventType":"team.invitation.accept.failure","timestamp":"2025-12-02T17:12:06.504Z","outcome":"failure","userId":"dc3fd016-593b-45ff-8890-aab074acfcf2","teamId":"18b3cef0-7ebb-4e4e-a100-1755363278b9","errorCode":"INVITATION_USED","errorMessage":"Invitation already used","metadata":{"invitationId":"a8aae2f4-ac8c-4b0b-8628-6c8c653d5465"}}
[2025-12-02T17:12:06.513Z] [App] [WARN] {"eventId":"52e355ad-c95b-4dcc-ad18-b13dcff133f3","eventType":"team.invitation.accept.failure","timestamp":"2025-12-02T17:12:06.513Z","outcome":"failure","userId":"968fe39d-1b5a-4270-b061-2731f3973390","errorCode":"INVALID_TOKEN","errorMessage":"Invalid invitation token"}
[2025-12-02T17:12:06.515Z] [App] [WARN] {"eventId":"95be7efb-eae2-4f35-b661-3929afca1866","eventType":"team.invitation.accept.failure","timestamp":"2025-12-02T17:12:06.515Z","outcome":"failure","userId":"968fe39d-1b5a-4270-b061-2731f3973390","teamId":"64237b15-f3dd-434e-909a-8d99c7ff2736","errorCode":"INVITATION_USED","errorMessage":"Invitation already used","metadata":{"invitationId":"b3a04222-24c0-431d-abcd-416735a1584d"}}
[2025-12-02T17:12:06.520Z] [App] [WARN] {"eventId":"9ece3a22-5fcd-4827-86c3-1f5efd0786cc","eventType":"team.invitation.accept.failure","timestamp":"2025-12-02T17:12:06.520Z","outcome":"failure","userId":"35758a2a-eaea-4bba-afbd-e36208f8baaf","errorCode":"INVALID_TOKEN","errorMessage":"Invalid invitation token"}
[2025-12-02T17:12:06.522Z] [App] [WARN] {"eventId":"6780fe05-69a2-4e86-885f-541c8a90a3a2","eventType":"team.invitation.accept.failure","timestamp":"2025-12-02T17:12:06.522Z","outcome":"failure","userId":"35758a2a-eaea-4bba-afbd-e36208f8baaf","teamId":"4129fcfe-005f-4471-9418-57084a1a3178","errorCode":"INVITATION_USED","errorMessage":"Invitation already used","metadata":{"invitationId":"55954e29-2909-4c44-a86f-6834c2607118"}}

stdout | src/server/teams/__tests__/invitations.property.test.ts > Team Invitation Properties > Property 12: Invitation rate limiting enforced
[2025-12-02T17:12:06.645Z] [App] [INFO] {"eventId":"dbd6cf84-b84a-4a38-8828-8d85381d69d8","eventType":"team.create.success","timestamp":"2025-12-02T17:12:06.645Z","outcome":"success","userId":"f459748a-56df-40c7-b868-874674d99f81","teamId":"560ee274-ce87-4c3c-994a-f9e41baa7817","teamName":"$03X#","metadata":{"slug":"03x","planId":"free"}}
[2025-12-02T17:12:06.649Z] [App] [INFO] {"eventId":"6f49f6f1-6570-40dd-b455-0c9a3c4f828a","eventType":"team.invitation.create.success","timestamp":"2025-12-02T17:12:06.649Z","outcome":"success","userId":"f459748a-56df-40c7-b868-874674d99f81","teamId":"560ee274-ce87-4c3c-994a-f9e41baa7817","metadata":{"invitationId":"1a208c73-715c-441e-bc55-5a42a5345013","email":"invitee-0-1764695526645@example.com","operationalRole":"TEAM_MEMBER"}}
[2025-12-02T17:12:06.650Z] [App] [INFO] {"eventId":"0bd16b60-12f2-4b77-9442-268adcf4e841","eventType":"team.invitation.create.success","timestamp":"2025-12-02T17:12:06.650Z","outcome":"success","userId":"f459748a-56df-40c7-b868-874674d99f81","teamId":"560ee274-ce87-4c3c-994a-f9e41baa7817","metadata":{"invitationId":"38f90af4-a340-4fd9-b8c9-ba78b441760c","email":"invitee-1-1764695526649@example.com","operationalRole":"TEAM_MEMBER"}}
[2025-12-02T17:12:06.652Z] [App] [INFO] {"eventId":"142ab124-860f-49fa-bc51-107fa224823c","eventType":"team.invitation.create.success","timestamp":"2025-12-02T17:12:06.652Z","outcome":"success","userId":"f459748a-56df-40c7-b868-874674d99f81","teamId":"560ee274-ce87-4c3c-994a-f9e41baa7817","metadata":{"invitationId":"0af17d81-ba35-4cfd-8c0f-603e24810cc1","email":"invitee-2-1764695526650@example.com","operationalRole":"TEAM_MEMBER"}}
[2025-12-02T17:12:06.654Z] [App] [INFO] {"eventId":"add58e75-5153-43e2-b042-71de6be26f21","eventType":"team.invitation.create.success","timestamp":"2025-12-02T17:12:06.654Z","outcome":"success","userId":"f459748a-56df-40c7-b868-874674d99f81","teamId":"560ee274-ce87-4c3c-994a-f9e41baa7817","metadata":{"invitationId":"14b3445f-7308-43e6-b668-8d6588265402","email":"invitee-3-1764695526652@example.com","operationalRole":"TEAM_MEMBER"}}
[2025-12-02T17:12:06.656Z] [App] [INFO] {"eventId":"dcc1621f-7c8f-4b25-b331-60c9dc3c222d","eventType":"team.invitation.create.success","timestamp":"2025-12-02T17:12:06.656Z","outcome":"success","userId":"f459748a-56df-40c7-b868-874674d99f81","teamId":"560ee274-ce87-4c3c-994a-f9e41baa7817","metadata":{"invitationId":"6676d7fb-bece-4cd4-8600-7f26700400ac","email":"invitee-4-1764695526654@example.com","operationalRole":"TEAM_MEMBER"}}
[2025-12-02T17:12:06.657Z] [App] [INFO] {"eventId":"bc72d6a8-2ef6-41c5-9c46-d6841b8579a1","eventType":"team.invitation.create.success","timestamp":"2025-12-02T17:12:06.657Z","outcome":"success","userId":"f459748a-56df-40c7-b868-874674d99f81","teamId":"560ee274-ce87-4c3c-994a-f9e41baa7817","metadata":{"invitationId":"45f7c08d-a541-42e7-9daa-40201f974547","email":"invitee-5-1764695526656@example.com","operationalRole":"TEAM_MEMBER"}}
[2025-12-02T17:12:06.659Z] [App] [INFO] {"eventId":"7a89ee14-ca7e-4d83-bf95-3d4cf71b0135","eventType":"team.invitation.create.success","timestamp":"2025-12-02T17:12:06.659Z","outcome":"success","userId":"f459748a-56df-40c7-b868-874674d99f81","teamId":"560ee274-ce87-4c3c-994a-f9e41baa7817","metadata":{"invitationId":"3bc47c1a-8555-4378-b0d6-40fc5802eb65","email":"invitee-6-1764695526657@example.com","operationalRole":"TEAM_MEMBER"}}
[2025-12-02T17:12:06.660Z] [App] [INFO] {"eventId":"4381b720-297b-4c9b-94b8-ff4ddc8acfe4","eventType":"team.invitation.create.success","timestamp":"2025-12-02T17:12:06.660Z","outcome":"success","userId":"f459748a-56df-40c7-b868-874674d99f81","teamId":"560ee274-ce87-4c3c-994a-f9e41baa7817","metadata":{"invitationId":"10e51f29-ce76-432c-8e2c-6565ff44633f","email":"invitee-7-1764695526659@example.com","operationalRole":"TEAM_MEMBER"}}
[2025-12-02T17:12:06.668Z] [App] [INFO] {"eventId":"b9831d2b-ffae-4f58-ae7c-42db4faeb334","eventType":"team.invitation.create.success","timestamp":"2025-12-02T17:12:06.668Z","outcome":"success","userId":"f459748a-56df-40c7-b868-874674d99f81","teamId":"560ee274-ce87-4c3c-994a-f9e41baa7817","metadata":{"invitationId":"2823bc76-2845-4918-8f79-f81348fac931","email":"invitee-8-1764695526660@example.com","operationalRole":"TEAM_MEMBER"}}
[2025-12-02T17:12:06.673Z] [App] [INFO] {"eventId":"75a63f69-a7e9-450b-a24f-e24f79e6ce0b","eventType":"team.invitation.create.success","timestamp":"2025-12-02T17:12:06.673Z","outcome":"success","userId":"f459748a-56df-40c7-b868-874674d99f81","teamId":"560ee274-ce87-4c3c-994a-f9e41baa7817","metadata":{"invitationId":"076acc29-a3eb-49ec-bb05-7fbdc70b3a71","email":"invitee-9-1764695526668@example.com","operationalRole":"TEAM_MEMBER"}}
[2025-12-02T17:12:06.676Z] [App] [INFO] {"eventId":"8bb0fe40-fe94-4e3e-b143-1be618e46c33","eventType":"team.create.success","timestamp":"2025-12-02T17:12:06.676Z","outcome":"success","userId":"ba5a5355-1418-40aa-8123-188057b5f790","teamId":"cbff16d8-38ea-47c7-9e92-cd7b269f1c4c","teamName":"\"FK","metadata":{"slug":"fk","planId":"free"}}
[2025-12-02T17:12:06.677Z] [App] [INFO] {"eventId":"307c0ac4-ffd6-4d69-afdb-361beb04306d","eventType":"team.invitation.create.success","timestamp":"2025-12-02T17:12:06.677Z","outcome":"success","userId":"ba5a5355-1418-40aa-8123-188057b5f790","teamId":"cbff16d8-38ea-47c7-9e92-cd7b269f1c4c","metadata":{"invitationId":"fd989444-fb89-41ea-9fa4-100f81f778df","email":"invitee-0-1764695526676@example.com","operationalRole":"TEAM_MEMBER"}}
[2025-12-02T17:12:06.684Z] [App] [INFO] {"eventId":"d3ae1aa8-fbf8-444b-8cf1-2e28fd257200","eventType":"team.invitation.create.success","timestamp":"2025-12-02T17:12:06.684Z","outcome":"success","userId":"ba5a5355-1418-40aa-8123-188057b5f790","teamId":"cbff16d8-38ea-47c7-9e92-cd7b269f1c4c","metadata":{"invitationId":"5f8e1759-9080-4f0e-b551-2f7299ab2f00","email":"invitee-1-1764695526677@example.com","operationalRole":"TEAM_MEMBER"}}
[2025-12-02T17:12:06.689Z] [App] [INFO] {"eventId":"e7e008e8-5373-4b56-b447-b1069fbd161b","eventType":"team.invitation.create.success","timestamp":"2025-12-02T17:12:06.689Z","outcome":"success","userId":"ba5a5355-1418-40aa-8123-188057b5f790","teamId":"cbff16d8-38ea-47c7-9e92-cd7b269f1c4c","metadata":{"invitationId":"eab3de05-8822-421d-8746-a55d006e3c10","email":"invitee-2-1764695526684@example.com","operationalRole":"TEAM_MEMBER"}}
[2025-12-02T17:12:06.696Z] [App] [INFO] {"eventId":"1bf1ab9a-01b3-4521-93b3-8b5372ab5464","eventType":"team.invitation.create.success","timestamp":"2025-12-02T17:12:06.696Z","outcome":"success","userId":"ba5a5355-1418-40aa-8123-188057b5f790","teamId":"cbff16d8-38ea-47c7-9e92-cd7b269f1c4c","metadata":{"invitationId":"7d1a5d8c-ce7b-4350-8308-5ec12738cb4c","email":"invitee-3-1764695526689@example.com","operationalRole":"TEAM_MEMBER"}}
[2025-12-02T17:12:06.704Z] [App] [INFO] {"eventId":"26ffa380-193b-42a4-8458-859cd0c0bdec","eventType":"team.invitation.create.success","timestamp":"2025-12-02T17:12:06.704Z","outcome":"success","userId":"ba5a5355-1418-40aa-8123-188057b5f790","teamId":"cbff16d8-38ea-47c7-9e92-cd7b269f1c4c","metadata":{"invitationId":"0e1080b0-23cc-43e3-9e23-ecbea524112c","email":"invitee-4-1764695526697@example.com","operationalRole":"TEAM_MEMBER"}}
[2025-12-02T17:12:06.707Z] [App] [INFO] {"eventId":"ab5d21f6-97b3-4903-ba67-5b45ad519b68","eventType":"team.invitation.create.success","timestamp":"2025-12-02T17:12:06.707Z","outcome":"success","userId":"ba5a5355-1418-40aa-8123-188057b5f790","teamId":"cbff16d8-38ea-47c7-9e92-cd7b269f1c4c","metadata":{"invitationId":"378ffb9f-d228-49f5-9bb9-0fd9089ac4f0","email":"invitee-5-1764695526704@example.com","operationalRole":"TEAM_MEMBER"}}
[2025-12-02T17:12:06.709Z] [App] [INFO] {"eventId":"24debb47-07d8-4ac1-be78-09c6a277a1bb","eventType":"team.invitation.create.success","timestamp":"2025-12-02T17:12:06.709Z","outcome":"success","userId":"ba5a5355-1418-40aa-8123-188057b5f790","teamId":"cbff16d8-38ea-47c7-9e92-cd7b269f1c4c","metadata":{"invitationId":"f1b1f202-aec3-413a-b711-4a106385175f","email":"invitee-6-1764695526707@example.com","operationalRole":"TEAM_MEMBER"}}
[2025-12-02T17:12:06.711Z] [App] [INFO] {"eventId":"de37ae32-f811-4eb5-8c5c-571043c22ac2","eventType":"team.invitation.create.success","timestamp":"2025-12-02T17:12:06.711Z","outcome":"success","userId":"ba5a5355-1418-40aa-8123-188057b5f790","teamId":"cbff16d8-38ea-47c7-9e92-cd7b269f1c4c","metadata":{"invitationId":"1fd35f94-f329-4b50-b837-18b7e237b4b7","email":"invitee-7-1764695526709@example.com","operationalRole":"TEAM_MEMBER"}}
[2025-12-02T17:12:06.714Z] [App] [INFO] {"eventId":"69fda247-7391-4f33-a317-26d6c31eb4d6","eventType":"team.invitation.create.success","timestamp":"2025-12-02T17:12:06.714Z","outcome":"success","userId":"ba5a5355-1418-40aa-8123-188057b5f790","teamId":"cbff16d8-38ea-47c7-9e92-cd7b269f1c4c","metadata":{"invitationId":"f56f1acb-080a-4c74-aec8-9cb30d202ccb","email":"invitee-8-1764695526711@example.com","operationalRole":"TEAM_MEMBER"}}
[2025-12-02T17:12:06.716Z] [App] [INFO] {"eventId":"acf2d20c-757d-44a1-b57c-ee3ccd7c4adf","eventType":"team.invitation.create.success","timestamp":"2025-12-02T17:12:06.716Z","outcome":"success","userId":"ba5a5355-1418-40aa-8123-188057b5f790","teamId":"cbff16d8-38ea-47c7-9e92-cd7b269f1c4c","metadata":{"invitationId":"ecdd3635-6c39-411a-bbff-3dd58f39f09d","email":"invitee-9-1764695526714@example.com","operationalRole":"TEAM_MEMBER"}}
[2025-12-02T17:12:06.720Z] [App] [INFO] {"eventId":"869d0700-4f49-4e1e-a241-882c84e181a7","eventType":"team.create.success","timestamp":"2025-12-02T17:12:06.719Z","outcome":"success","userId":"28f45f75-5733-4a52-82a3-d521262ef09b","teamId":"7ef43913-ebaa-4601-99a7-5fed8f4cc2f5","teamName":"en","metadata":{"slug":"en","planId":"free"}}
[2025-12-02T17:12:06.724Z] [App] [INFO] {"eventId":"cde37871-39c9-464d-ab85-6e4987fdac71","eventType":"team.invitation.create.success","timestamp":"2025-12-02T17:12:06.724Z","outcome":"success","userId":"28f45f75-5733-4a52-82a3-d521262ef09b","teamId":"7ef43913-ebaa-4601-99a7-5fed8f4cc2f5","metadata":{"invitationId":"4e17cc0b-6e70-4d6f-aa93-677ecbb6f99d","email":"invitee-0-1764695526720@example.com","operationalRole":"TEAM_MEMBER"}}
[2025-12-02T17:12:06.726Z] [App] [INFO] {"eventId":"2d42d616-140b-4b75-8757-fd7085bfd5d1","eventType":"team.invitation.create.success","timestamp":"2025-12-02T17:12:06.726Z","outcome":"success","userId":"28f45f75-5733-4a52-82a3-d521262ef09b","teamId":"7ef43913-ebaa-4601-99a7-5fed8f4cc2f5","metadata":{"invitationId":"3c1caa29-50a2-448a-b68f-ab25281e1836","email":"invitee-1-1764695526724@example.com","operationalRole":"TEAM_MEMBER"}}
[2025-12-02T17:12:06.734Z] [App] [INFO] {"eventId":"daee41a1-d862-4436-9120-09b82841c8aa","eventType":"team.invitation.create.success","timestamp":"2025-12-02T17:12:06.734Z","outcome":"success","userId":"28f45f75-5733-4a52-82a3-d521262ef09b","teamId":"7ef43913-ebaa-4601-99a7-5fed8f4cc2f5","metadata":{"invitationId":"69b3f147-1f5b-4d2c-9c7a-63900526ef3b","email":"invitee-2-1764695526726@example.com","operationalRole":"TEAM_MEMBER"}}
[2025-12-02T17:12:06.739Z] [App] [INFO] {"eventId":"dcd16af0-2899-4b7a-8132-2e8c11189aec","eventType":"team.invitation.create.success","timestamp":"2025-12-02T17:12:06.739Z","outcome":"success","userId":"28f45f75-5733-4a52-82a3-d521262ef09b","teamId":"7ef43913-ebaa-4601-99a7-5fed8f4cc2f5","metadata":{"invitationId":"7c30be32-e6ec-4254-89a9-c6118f574b0b","email":"invitee-3-1764695526734@example.com","operationalRole":"TEAM_MEMBER"}}
[2025-12-02T17:12:06.741Z] [App] [INFO] {"eventId":"6dd4c5f9-313f-45c0-8881-ddefd0062dad","eventType":"team.invitation.create.success","timestamp":"2025-12-02T17:12:06.741Z","outcome":"success","userId":"28f45f75-5733-4a52-82a3-d521262ef09b","teamId":"7ef43913-ebaa-4601-99a7-5fed8f4cc2f5","metadata":{"invitationId":"e92af1e5-c2e9-4500-be92-166a5499bfad","email":"invitee-4-1764695526739@example.com","operationalRole":"TEAM_MEMBER"}}
[2025-12-02T17:12:06.746Z] [App] [INFO] {"eventId":"662c6899-ce43-42e9-9aac-988808c0de87","eventType":"team.invitation.create.success","timestamp":"2025-12-02T17:12:06.746Z","outcome":"success","userId":"28f45f75-5733-4a52-82a3-d521262ef09b","teamId":"7ef43913-ebaa-4601-99a7-5fed8f4cc2f5","metadata":{"invitationId":"aafb26fb-dae8-42b1-ab2c-f68dc8d4a8f9","email":"invitee-5-1764695526741@example.com","operationalRole":"TEAM_MEMBER"}}
[2025-12-02T17:12:06.749Z] [App] [INFO] {"eventId":"9835d9ff-8d8d-49a9-b112-d24adbaa4450","eventType":"team.invitation.create.success","timestamp":"2025-12-02T17:12:06.749Z","outcome":"success","userId":"28f45f75-5733-4a52-82a3-d521262ef09b","teamId":"7ef43913-ebaa-4601-99a7-5fed8f4cc2f5","metadata":{"invitationId":"37b9b8db-ec7e-4d2e-8713-23e45d75e31e","email":"invitee-6-1764695526746@example.com","operationalRole":"TEAM_MEMBER"}}
[2025-12-02T17:12:06.751Z] [App] [INFO] {"eventId":"183f7770-6756-4cea-85ad-08c7680a354d","eventType":"team.invitation.create.success","timestamp":"2025-12-02T17:12:06.751Z","outcome":"success","userId":"28f45f75-5733-4a52-82a3-d521262ef09b","teamId":"7ef43913-ebaa-4601-99a7-5fed8f4cc2f5","metadata":{"invitationId":"cf53a2ba-709d-4adb-bdd2-4aaab739030a","email":"invitee-7-1764695526749@example.com","operationalRole":"TEAM_MEMBER"}}
[2025-12-02T17:12:06.753Z] [App] [INFO] {"eventId":"49db8f07-d7d2-4c7f-ab69-89dde0309f6b","eventType":"team.invitation.create.success","timestamp":"2025-12-02T17:12:06.753Z","outcome":"success","userId":"28f45f75-5733-4a52-82a3-d521262ef09b","teamId":"7ef43913-ebaa-4601-99a7-5fed8f4cc2f5","metadata":{"invitationId":"6cce2755-5686-491b-889a-a16ace5e7080","email":"invitee-8-1764695526751@example.com","operationalRole":"TEAM_MEMBER"}}
[2025-12-02T17:12:06.763Z] [App] [INFO] {"eventId":"a6034c82-40a2-4c1f-8bd9-9461e7456bcf","eventType":"team.invitation.create.success","timestamp":"2025-12-02T17:12:06.763Z","outcome":"success","userId":"28f45f75-5733-4a52-82a3-d521262ef09b","teamId":"7ef43913-ebaa-4601-99a7-5fed8f4cc2f5","metadata":{"invitationId":"50eb0261-e9e7-48db-9adf-3b7366cce5f6","email":"invitee-9-1764695526753@example.com","operationalRole":"TEAM_MEMBER"}}
[2025-12-02T17:12:06.766Z] [App] [INFO] {"eventId":"d0237583-88d1-40bb-b5f5-2f82ea3cc72b","eventType":"team.create.success","timestamp":"2025-12-02T17:12:06.766Z","outcome":"success","userId":"73820e2e-2376-4566-b60f-7a512f763702","teamId":"c665f9df-5d84-4f12-a60a-aeb2e41aa527","teamName":"G*2hR0x3V","metadata":{"slug":"g2hr0x3v","planId":"free"}}
[2025-12-02T17:12:06.768Z] [App] [INFO] {"eventId":"ee9030a7-6b0d-4f75-83d9-212810de3be7","eventType":"team.invitation.create.success","timestamp":"2025-12-02T17:12:06.768Z","outcome":"success","userId":"73820e2e-2376-4566-b60f-7a512f763702","teamId":"c665f9df-5d84-4f12-a60a-aeb2e41aa527","metadata":{"invitationId":"c1028a8d-c289-4c81-aa49-9abc1e3a7f4e","email":"invitee-0-1764695526766@example.com","operationalRole":"TEAM_MEMBER"}}
[2025-12-02T17:12:06.769Z] [App] [INFO] {"eventId":"c8a67700-646c-4a27-a157-7fc2090aab38","eventType":"team.invitation.create.success","timestamp":"2025-12-02T17:12:06.769Z","outcome":"success","userId":"73820e2e-2376-4566-b60f-7a512f763702","teamId":"c665f9df-5d84-4f12-a60a-aeb2e41aa527","metadata":{"invitationId":"402757f9-a6f6-45a4-aa5b-f3d23d75bf0c","email":"invitee-1-1764695526768@example.com","operationalRole":"TEAM_MEMBER"}}
[2025-12-02T17:12:06.771Z] [App] [INFO] {"eventId":"e2cc0b8d-84c9-403b-9f46-e724a710953d","eventType":"team.invitation.create.success","timestamp":"2025-12-02T17:12:06.771Z","outcome":"success","userId":"73820e2e-2376-4566-b60f-7a512f763702","teamId":"c665f9df-5d84-4f12-a60a-aeb2e41aa527","metadata":{"invitationId":"dd390326-d0cf-4845-8ca9-5fc237dc98c5","email":"invitee-2-1764695526769@example.com","operationalRole":"TEAM_MEMBER"}}
[2025-12-02T17:12:06.772Z] [App] [INFO] {"eventId":"52cc2fe8-d10f-4317-8f4a-ec5f61226986","eventType":"team.invitation.create.success","timestamp":"2025-12-02T17:12:06.772Z","outcome":"success","userId":"73820e2e-2376-4566-b60f-7a512f763702","teamId":"c665f9df-5d84-4f12-a60a-aeb2e41aa527","metadata":{"invitationId":"d4dbe8a1-bfbb-4f53-bfe4-b9b11c47ab90","email":"invitee-3-1764695526771@example.com","operationalRole":"TEAM_MEMBER"}}
[2025-12-02T17:12:06.774Z] [App] [INFO] {"eventId":"68891cea-63f8-4efd-81b7-75ce4520e038","eventType":"team.invitation.create.success","timestamp":"2025-12-02T17:12:06.774Z","outcome":"success","userId":"73820e2e-2376-4566-b60f-7a512f763702","teamId":"c665f9df-5d84-4f12-a60a-aeb2e41aa527","metadata":{"invitationId":"2e6eac3f-cc17-423a-a430-918da6e104cf","email":"invitee-4-1764695526772@example.com","operationalRole":"TEAM_MEMBER"}}
[2025-12-02T17:12:06.775Z] [App] [INFO] {"eventId":"8ca41378-5e9c-4d45-978d-07d8aea38b53","eventType":"team.invitation.create.success","timestamp":"2025-12-02T17:12:06.775Z","outcome":"success","userId":"73820e2e-2376-4566-b60f-7a512f763702","teamId":"c665f9df-5d84-4f12-a60a-aeb2e41aa527","metadata":{"invitationId":"d091f76e-c58e-4685-8b7a-02d9eff27f79","email":"invitee-5-1764695526774@example.com","operationalRole":"TEAM_MEMBER"}}
[2025-12-02T17:12:06.776Z] [App] [INFO] {"eventId":"d5dd8feb-13bd-49a9-839d-4d72e9032015","eventType":"team.invitation.create.success","timestamp":"2025-12-02T17:12:06.776Z","outcome":"success","userId":"73820e2e-2376-4566-b60f-7a512f763702","teamId":"c665f9df-5d84-4f12-a60a-aeb2e41aa527","metadata":{"invitationId":"15631cb8-2c7e-4b7a-9e7b-4dc020dd897a","email":"invitee-6-1764695526775@example.com","operationalRole":"TEAM_MEMBER"}}
[2025-12-02T17:12:06.792Z] [App] [INFO] {"eventId":"58ae02a0-4a59-4c83-97dc-43f81fd2f375","eventType":"team.invitation.create.success","timestamp":"2025-12-02T17:12:06.792Z","outcome":"success","userId":"73820e2e-2376-4566-b60f-7a512f763702","teamId":"c665f9df-5d84-4f12-a60a-aeb2e41aa527","metadata":{"invitationId":"e825aa71-cdf3-4629-82a5-ff475d88a680","email":"invitee-7-1764695526776@example.com","operationalRole":"TEAM_MEMBER"}}
[2025-12-02T17:12:06.795Z] [App] [INFO] {"eventId":"c1550f5a-ac61-4326-8972-b62069dae940","eventType":"team.invitation.create.success","timestamp":"2025-12-02T17:12:06.795Z","outcome":"success","userId":"73820e2e-2376-4566-b60f-7a512f763702","teamId":"c665f9df-5d84-4f12-a60a-aeb2e41aa527","metadata":{"invitationId":"fc844291-bc3f-4f2c-8db7-e4396c0a74ae","email":"invitee-8-1764695526792@example.com","operationalRole":"TEAM_MEMBER"}}
[2025-12-02T17:12:06.797Z] [App] [INFO] {"eventId":"6bb1c719-2349-45ac-921f-0172e96c0753","eventType":"team.invitation.create.success","timestamp":"2025-12-02T17:12:06.797Z","outcome":"success","userId":"73820e2e-2376-4566-b60f-7a512f763702","teamId":"c665f9df-5d84-4f12-a60a-aeb2e41aa527","metadata":{"invitationId":"b3b5489a-3123-439d-836d-57441c8f84fb","email":"invitee-9-1764695526795@example.com","operationalRole":"TEAM_MEMBER"}}
[2025-12-02T17:12:06.799Z] [App] [INFO] {"eventId":"fceb1b13-4828-45a9-a34c-d15328c5dc26","eventType":"team.create.success","timestamp":"2025-12-02T17:12:06.799Z","outcome":"success","userId":"5f75cd42-f65a-4d3b-93d0-86815d264ead","teamId":"e35e3c11-7877-4ac3-8cd0-093d0d86cfe2","teamName":"\"P:-DrAgY=eO","metadata":{"slug":"p-dragyeo","planId":"free"}}
[2025-12-02T17:12:06.801Z] [App] [INFO] {"eventId":"4e5c867e-e321-4d30-9664-bd212ec4874a","eventType":"team.invitation.create.success","timestamp":"2025-12-02T17:12:06.801Z","outcome":"success","userId":"5f75cd42-f65a-4d3b-93d0-86815d264ead","teamId":"e35e3c11-7877-4ac3-8cd0-093d0d86cfe2","metadata":{"invitationId":"8707c531-a60a-4be6-8b20-cc595533093a","email":"invitee-0-1764695526799@example.com","operationalRole":"TEAM_MEMBER"}}
[2025-12-02T17:12:06.813Z] [App] [INFO] {"eventId":"9e5e91c6-566a-4082-b7b8-eaa6b48f1d72","eventType":"team.invitation.create.success","timestamp":"2025-12-02T17:12:06.813Z","outcome":"success","userId":"5f75cd42-f65a-4d3b-93d0-86815d264ead","teamId":"e35e3c11-7877-4ac3-8cd0-093d0d86cfe2","metadata":{"invitationId":"f9025c00-ccb0-4876-acc1-3ba8e37ce01c","email":"invitee-1-1764695526801@example.com","operationalRole":"TEAM_MEMBER"}}
[2025-12-02T17:12:06.815Z] [App] [INFO] {"eventId":"43cfeae0-6d1f-4295-b4dd-1f8cd585dfe4","eventType":"team.invitation.create.success","timestamp":"2025-12-02T17:12:06.815Z","outcome":"success","userId":"5f75cd42-f65a-4d3b-93d0-86815d264ead","teamId":"e35e3c11-7877-4ac3-8cd0-093d0d86cfe2","metadata":{"invitationId":"f8e48362-12e9-4e5c-965c-0c0695c1c7ba","email":"invitee-2-1764695526813@example.com","operationalRole":"TEAM_MEMBER"}}
[2025-12-02T17:12:06.817Z] [App] [INFO] {"eventId":"3cd93951-d743-4380-b180-11a61bb27323","eventType":"team.invitation.create.success","timestamp":"2025-12-02T17:12:06.817Z","outcome":"success","userId":"5f75cd42-f65a-4d3b-93d0-86815d264ead","teamId":"e35e3c11-7877-4ac3-8cd0-093d0d86cfe2","metadata":{"invitationId":"c06ff1ad-6eba-48c7-a804-f3edcca909e1","email":"invitee-3-1764695526815@example.com","operationalRole":"TEAM_MEMBER"}}
[2025-12-02T17:12:06.818Z] [App] [INFO] {"eventId":"0ea3ce34-82ca-4769-9ba9-b24d8925f17a","eventType":"team.invitation.create.success","timestamp":"2025-12-02T17:12:06.818Z","outcome":"success","userId":"5f75cd42-f65a-4d3b-93d0-86815d264ead","teamId":"e35e3c11-7877-4ac3-8cd0-093d0d86cfe2","metadata":{"invitationId":"8a81feed-14e5-45cd-b9a6-a61cf84200c2","email":"invitee-4-1764695526817@example.com","operationalRole":"TEAM_MEMBER"}}
[2025-12-02T17:12:06.839Z] [App] [INFO] {"eventId":"fd17e31f-3d4d-424c-b05b-1f84837f903b","eventType":"team.invitation.create.success","timestamp":"2025-12-02T17:12:06.839Z","outcome":"success","userId":"5f75cd42-f65a-4d3b-93d0-86815d264ead","teamId":"e35e3c11-7877-4ac3-8cd0-093d0d86cfe2","metadata":{"invitationId":"5c2402e3-d4c9-4de7-91aa-77a587dac5db","email":"invitee-5-1764695526818@example.com","operationalRole":"TEAM_MEMBER"}}
[2025-12-02T17:12:06.859Z] [App] [INFO] {"eventId":"acd15bc7-9a5e-4145-85bb-747267e0887b","eventType":"team.invitation.create.success","timestamp":"2025-12-02T17:12:06.859Z","outcome":"success","userId":"5f75cd42-f65a-4d3b-93d0-86815d264ead","teamId":"e35e3c11-7877-4ac3-8cd0-093d0d86cfe2","metadata":{"invitationId":"5e361d58-07f1-4e36-a303-96f83849e369","email":"invitee-6-1764695526839@example.com","operationalRole":"TEAM_MEMBER"}}
[2025-12-02T17:12:06.866Z] [App] [INFO] {"eventId":"a1ee59e2-627f-477c-b055-6045a906b444","eventType":"team.invitation.create.success","timestamp":"2025-12-02T17:12:06.866Z","outcome":"success","userId":"5f75cd42-f65a-4d3b-93d0-86815d264ead","teamId":"e35e3c11-7877-4ac3-8cd0-093d0d86cfe2","metadata":{"invitationId":"91228d97-8056-489c-afdd-32db3e22cddb","email":"invitee-7-1764695526859@example.com","operationalRole":"TEAM_MEMBER"}}
[2025-12-02T17:12:06.877Z] [App] [INFO] {"eventId":"c27d49c5-c5b6-4426-8500-0a882bd9f80b","eventType":"team.invitation.create.success","timestamp":"2025-12-02T17:12:06.877Z","outcome":"success","userId":"5f75cd42-f65a-4d3b-93d0-86815d264ead","teamId":"e35e3c11-7877-4ac3-8cd0-093d0d86cfe2","metadata":{"invitationId":"537d1ddf-ade1-4c2b-a67e-fc63759b1c49","email":"invitee-8-1764695526866@example.com","operationalRole":"TEAM_MEMBER"}}
[2025-12-02T17:12:06.916Z] [App] [INFO] {"eventId":"178e4cf8-104d-4b69-8af0-53cc00e2da48","eventType":"team.invitation.create.success","timestamp":"2025-12-02T17:12:06.916Z","outcome":"success","userId":"5f75cd42-f65a-4d3b-93d0-86815d264ead","teamId":"e35e3c11-7877-4ac3-8cd0-093d0d86cfe2","metadata":{"invitationId":"443ae7ad-3248-4bbe-b27d-69bb7e4edd6d","email":"invitee-9-1764695526877@example.com","operationalRole":"TEAM_MEMBER"}}

stderr | src/server/teams/__tests__/invitations.property.test.ts > Team Invitation Properties > Property 12: Invitation rate limiting enforced
[2025-12-02T17:12:06.674Z] [App] [WARN] {"eventId":"53d87233-9443-43bc-948a-ca9d26e10448","eventType":"team.invitation.create.failure","timestamp":"2025-12-02T17:12:06.674Z","outcome":"failure","userId":"f459748a-56df-40c7-b868-874674d99f81","teamId":"560ee274-ce87-4c3c-994a-f9e41baa7817","errorCode":"RATE_LIMIT_EXCEEDED","errorMessage":"Invitation rate limit exceeded (10 per hour)","metadata":{"email":"invitee-11-1764695526674@example.com","count":10}}
[2025-12-02T17:12:06.717Z] [App] [WARN] {"eventId":"0cad95ff-d0ff-4d7d-8428-9254a430841c","eventType":"team.invitation.create.failure","timestamp":"2025-12-02T17:12:06.717Z","outcome":"failure","userId":"ba5a5355-1418-40aa-8123-188057b5f790","teamId":"cbff16d8-38ea-47c7-9e92-cd7b269f1c4c","errorCode":"RATE_LIMIT_EXCEEDED","errorMessage":"Invitation rate limit exceeded (10 per hour)","metadata":{"email":"invitee-11-1764695526716@example.com","count":10}}
[2025-12-02T17:12:06.764Z] [App] [WARN] {"eventId":"8fde45d6-094d-4b7b-9fb3-52f18bf2641b","eventType":"team.invitation.create.failure","timestamp":"2025-12-02T17:12:06.764Z","outcome":"failure","userId":"28f45f75-5733-4a52-82a3-d521262ef09b","teamId":"7ef43913-ebaa-4601-99a7-5fed8f4cc2f5","errorCode":"RATE_LIMIT_EXCEEDED","errorMessage":"Invitation rate limit exceeded (10 per hour)","metadata":{"email":"invitee-11-1764695526763@example.com","count":10}}
[2025-12-02T17:12:06.798Z] [App] [WARN] {"eventId":"f4c06896-a7f1-4a24-9f4d-e3d35ea3af4f","eventType":"team.invitation.create.failure","timestamp":"2025-12-02T17:12:06.798Z","outcome":"failure","userId":"73820e2e-2376-4566-b60f-7a512f763702","teamId":"c665f9df-5d84-4f12-a60a-aeb2e41aa527","errorCode":"RATE_LIMIT_EXCEEDED","errorMessage":"Invitation rate limit exceeded (10 per hour)","metadata":{"email":"invitee-11-1764695526797@example.com","count":10}}
[2025-12-02T17:12:06.917Z] [App] [WARN] {"eventId":"e71db2de-41d3-4491-a73f-f79e49a51743","eventType":"team.invitation.create.failure","timestamp":"2025-12-02T17:12:06.917Z","outcome":"failure","userId":"5f75cd42-f65a-4d3b-93d0-86815d264ead","teamId":"e35e3c11-7877-4ac3-8cd0-093d0d86cfe2","errorCode":"RATE_LIMIT_EXCEEDED","errorMessage":"Invitation rate limit exceeded (10 per hour)","metadata":{"email":"invitee-11-1764695526916@example.com","count":10}}

 ✓ src/server/teams/__tests__/invitations.property.test.ts (4 tests) 2449ms
   ✓ Team Invitation Properties > Property 6: Invitations have 7-day expiration 508ms
   ✓ Team Invitation Properties > Property 7: Invitation acceptance adds user with correct roles 796ms
   ✓ Team Invitation Properties > Property 9: Invalid invitations are rejected 714ms
   ✓ Team Invitation Properties > Property 12: Invitation rate limiting enforced 390ms
 ✓ src/server/teams/__tests__/team-name-validation.property.test.ts (7 tests) 887ms
stdout | src/server/auth/__tests__/rbac.test.ts > RBAC - Property-Based Tests > Property 20: Editor roles mark billable seats
[2025-12-02T17:12:07.307Z] [App] [INFO] rbac.assign_role.success {
  userId: '09adafe2-ee4d-4d91-97e9-f226c683f5cf',
  role: 'TEAM_EDITOR',
  resourceType: 'team',
  resourceId: '49ac9498-6136-4c4c-a430-0836e43ce489',
  roleId: 'c9484504-3391-41fc-8d6f-b46f891855f2'
}
[2025-12-02T17:12:07.309Z] [App] [INFO] rbac.update_billable_seats { teamId: '49ac9498-6136-4c4c-a430-0836e43ce489', billableSeats: 2 }
[2025-12-02T17:12:07.313Z] [App] [INFO] rbac.remove_role.success {
  userId: '09adafe2-ee4d-4d91-97e9-f226c683f5cf',
  role: 'TEAM_EDITOR',
  resourceType: 'team',
  resourceId: '49ac9498-6136-4c4c-a430-0836e43ce489'
}
[2025-12-02T17:12:07.314Z] [App] [INFO] rbac.update_billable_seats { teamId: '49ac9498-6136-4c4c-a430-0836e43ce489', billableSeats: 1 }

stdout | src/server/auth/__tests__/rbac.test.ts > RBAC - Property-Based Tests > Property 20: Editor roles mark billable seats
[2025-12-02T17:12:07.742Z] [App] [INFO] rbac.assign_role.success {
  userId: '7f5b6187-cef0-40ff-96cf-2b07b744ea22',
  role: 'TEAM_MEMBER',
  resourceType: 'team',
  resourceId: 'ec49e2c1-bdab-4d95-a81f-542692f58cf1',
  roleId: 'd373b00d-840e-43f4-a96f-940fe956aa58'
}
[2025-12-02T17:12:07.746Z] [App] [INFO] rbac.assign_role.success {
  userId: '7f5b6187-cef0-40ff-96cf-2b07b744ea22',
  role: 'PROJECT_EDITOR',
  resourceType: 'project',
  resourceId: 'b214e3b0-f7b5-410c-9612-e42483e9da08',
  roleId: '8881da2c-a9f4-4f15-bf95-0e83b9c00b28'
}
[2025-12-02T17:12:07.747Z] [App] [INFO] rbac.update_role.success {
  userId: '7f5b6187-cef0-40ff-96cf-2b07b744ea22',
  oldRole: 'TEAM_MEMBER',
  newRole: 'TEAM_EDITOR',
  resourceType: 'team',
  resourceId: 'ec49e2c1-bdab-4d95-a81f-542692f58cf1'
}
[2025-12-02T17:12:07.748Z] [App] [INFO] rbac.update_billable_seats { teamId: 'ec49e2c1-bdab-4d95-a81f-542692f58cf1', billableSeats: 1 }
[2025-12-02T17:12:07.749Z] [App] [INFO] rbac.assign_role.success {
  userId: '7f5b6187-cef0-40ff-96cf-2b07b744ea22',
  role: 'TEAM_OWNER',
  resourceType: 'team',
  resourceId: 'ec49e2c1-bdab-4d95-a81f-542692f58cf1',
  roleId: '59bb615f-acad-4f4b-a546-368fe452bac6'
}

stdout | src/server/auth/__tests__/rbac.test.ts > RBAC - Property-Based Tests > Property 20: Editor roles mark billable seats
[2025-12-02T17:12:07.940Z] [App] [INFO] rbac.assign_role.success {
  userId: '688e0661-ca9d-41d3-ac91-62721160a436',
  role: 'TEAM_EDITOR',
  resourceType: 'team',
  resourceId: 'ec49e2c1-bdab-4d95-a81f-542692f58cf1',
  roleId: '4d3d0980-2963-4b8a-abdf-7312f172d5f5'
}
[2025-12-02T17:12:07.942Z] [App] [INFO] rbac.update_billable_seats { teamId: 'ec49e2c1-bdab-4d95-a81f-542692f58cf1', billableSeats: 2 }
[2025-12-02T17:12:07.946Z] [App] [INFO] rbac.remove_role.success {
  userId: '688e0661-ca9d-41d3-ac91-62721160a436',
  role: 'TEAM_EDITOR',
  resourceType: 'team',
  resourceId: 'ec49e2c1-bdab-4d95-a81f-542692f58cf1'
}
[2025-12-02T17:12:07.948Z] [App] [INFO] rbac.update_billable_seats { teamId: 'ec49e2c1-bdab-4d95-a81f-542692f58cf1', billableSeats: 1 }

stdout | src/server/auth/__tests__/rbac.test.ts > RBAC - Property-Based Tests > Property 20: Editor roles mark billable seats
[2025-12-02T17:12:08.114Z] [App] [INFO] rbac.assign_role.success {
  userId: '87b2701b-51ad-4da6-b448-e8ea7e7b12e8',
  role: 'TEAM_MEMBER',
  resourceType: 'team',
  resourceId: '552eea67-6cfa-4d9a-aba8-5190f327bf1e',
  roleId: 'c9042130-0dc4-43b1-8d21-741b8087319a'
}
[2025-12-02T17:12:08.116Z] [App] [INFO] rbac.assign_role.success {
  userId: '87b2701b-51ad-4da6-b448-e8ea7e7b12e8',
  role: 'PROJECT_EDITOR',
  resourceType: 'project',
  resourceId: '4e70b8a2-d874-4f14-a625-8925401c89ce',
  roleId: 'd0b934a9-502d-4cc8-92ac-4dff673e6cd8'
}
[2025-12-02T17:12:08.117Z] [App] [INFO] rbac.update_role.success {
  userId: '87b2701b-51ad-4da6-b448-e8ea7e7b12e8',
  oldRole: 'TEAM_MEMBER',
  newRole: 'TEAM_EDITOR',
  resourceType: 'team',
  resourceId: '552eea67-6cfa-4d9a-aba8-5190f327bf1e'
}
[2025-12-02T17:12:08.117Z] [App] [INFO] rbac.update_billable_seats { teamId: '552eea67-6cfa-4d9a-aba8-5190f327bf1e', billableSeats: 1 }
[2025-12-02T17:12:08.119Z] [App] [INFO] rbac.assign_role.success {
  userId: '87b2701b-51ad-4da6-b448-e8ea7e7b12e8',
  role: 'TEAM_OWNER',
  resourceType: 'team',
  resourceId: '552eea67-6cfa-4d9a-aba8-5190f327bf1e',
  roleId: '48fe654b-6520-406f-955c-aef4a5bba26c'
}

stdout | src/server/auth/__tests__/rbac.test.ts > RBAC - Property-Based Tests > Property 20: Editor roles mark billable seats
[2025-12-02T17:12:08.258Z] [App] [INFO] rbac.assign_role.success {
  userId: '6eb2e0a4-2c1e-4886-9fb2-2c1fa0e7ae9a',
  role: 'TEAM_EDITOR',
  resourceType: 'team',
  resourceId: '552eea67-6cfa-4d9a-aba8-5190f327bf1e',
  roleId: '1f6d308f-958c-4616-86a6-16ca15fa99bb'
}
[2025-12-02T17:12:08.259Z] [App] [INFO] rbac.update_billable_seats { teamId: '552eea67-6cfa-4d9a-aba8-5190f327bf1e', billableSeats: 2 }
[2025-12-02T17:12:08.260Z] [App] [INFO] rbac.remove_role.success {
  userId: '6eb2e0a4-2c1e-4886-9fb2-2c1fa0e7ae9a',
  role: 'TEAM_EDITOR',
  resourceType: 'team',
  resourceId: '552eea67-6cfa-4d9a-aba8-5190f327bf1e'
}
[2025-12-02T17:12:08.260Z] [App] [INFO] rbac.update_billable_seats { teamId: '552eea67-6cfa-4d9a-aba8-5190f327bf1e', billableSeats: 1 }

stdout | src/server/auth/__tests__/rbac.test.ts > RBAC - Property-Based Tests > Property 20: Editor roles mark billable seats
[2025-12-02T17:12:08.529Z] [App] [INFO] rbac.assign_role.success {
  userId: '15e73333-90bc-4f31-9f14-91ce10f11fde',
  role: 'TEAM_MEMBER',
  resourceType: 'team',
  resourceId: '9fcee883-b86a-41a6-8f43-192acf9c7381',
  roleId: '47fbcba0-26ce-41d6-98d2-935fd9253301'
}
[2025-12-02T17:12:08.531Z] [App] [INFO] rbac.assign_role.success {
  userId: '15e73333-90bc-4f31-9f14-91ce10f11fde',
  role: 'PROJECT_EDITOR',
  resourceType: 'project',
  resourceId: '7c72575a-c657-4f85-b07c-fa2ae021e303',
  roleId: '2fed2206-e376-4bd4-94fa-c7f197b5f0a7'
}
[2025-12-02T17:12:08.532Z] [App] [INFO] rbac.update_role.success {
  userId: '15e73333-90bc-4f31-9f14-91ce10f11fde',
  oldRole: 'TEAM_MEMBER',
  newRole: 'TEAM_EDITOR',
  resourceType: 'team',
  resourceId: '9fcee883-b86a-41a6-8f43-192acf9c7381'
}
[2025-12-02T17:12:08.533Z] [App] [INFO] rbac.update_billable_seats { teamId: '9fcee883-b86a-41a6-8f43-192acf9c7381', billableSeats: 1 }
[2025-12-02T17:12:08.534Z] [App] [INFO] rbac.assign_role.success {
  userId: '15e73333-90bc-4f31-9f14-91ce10f11fde',
  role: 'TEAM_OWNER',
  resourceType: 'team',
  resourceId: '9fcee883-b86a-41a6-8f43-192acf9c7381',
  roleId: '3f28f805-959d-42bf-8ecc-01e3f9e7512d'
}

stdout | src/server/auth/__tests__/rbac.test.ts > RBAC - Property-Based Tests > Property 20: Editor roles mark billable seats
[2025-12-02T17:12:08.870Z] [App] [INFO] rbac.assign_role.success {
  userId: '0519cb3d-eb70-44ec-9089-c7b3f1a34425',
  role: 'TEAM_EDITOR',
  resourceType: 'team',
  resourceId: '9fcee883-b86a-41a6-8f43-192acf9c7381',
  roleId: 'b786215c-bed5-4f50-99c1-e1a2f5bfd934'
}
[2025-12-02T17:12:08.871Z] [App] [INFO] rbac.update_billable_seats { teamId: '9fcee883-b86a-41a6-8f43-192acf9c7381', billableSeats: 2 }
[2025-12-02T17:12:08.874Z] [App] [INFO] rbac.remove_role.success {
  userId: '0519cb3d-eb70-44ec-9089-c7b3f1a34425',
  role: 'TEAM_EDITOR',
  resourceType: 'team',
  resourceId: '9fcee883-b86a-41a6-8f43-192acf9c7381'
}
[2025-12-02T17:12:08.876Z] [App] [INFO] rbac.update_billable_seats { teamId: '9fcee883-b86a-41a6-8f43-192acf9c7381', billableSeats: 1 }

stdout | src/server/auth/__tests__/rbac.test.ts > RBAC - Property-Based Tests > Property 20: Editor roles mark billable seats
[2025-12-02T17:12:09.041Z] [App] [INFO] rbac.assign_role.success {
  userId: '577bcc09-9180-42b5-bf8b-949ea15039ed',
  role: 'TEAM_MEMBER',
  resourceType: 'team',
  resourceId: '947bd8ec-f107-431c-ac81-bc2d197d39bc',
  roleId: 'ed99ff0c-9a6e-47d5-8883-cf7515c00188'
}
[2025-12-02T17:12:09.050Z] [App] [INFO] rbac.assign_role.success {
  userId: '577bcc09-9180-42b5-bf8b-949ea15039ed',
  role: 'PROJECT_OWNER',
  resourceType: 'project',
  resourceId: 'adb10d95-e147-4b95-a2a2-7cb13cdd3af6',
  roleId: '9c112604-d8c7-4d0b-bdad-b8d8222525c2'
}
[2025-12-02T17:12:09.054Z] [App] [INFO] rbac.update_role.success {
  userId: '577bcc09-9180-42b5-bf8b-949ea15039ed',
  oldRole: 'TEAM_MEMBER',
  newRole: 'TEAM_EDITOR',
  resourceType: 'team',
  resourceId: '947bd8ec-f107-431c-ac81-bc2d197d39bc'
}
[2025-12-02T17:12:09.057Z] [App] [INFO] rbac.update_billable_seats { teamId: '947bd8ec-f107-431c-ac81-bc2d197d39bc', billableSeats: 1 }
[2025-12-02T17:12:09.074Z] [App] [INFO] rbac.assign_role.success {
  userId: '577bcc09-9180-42b5-bf8b-949ea15039ed',
  role: 'TEAM_OWNER',
  resourceType: 'team',
  resourceId: '947bd8ec-f107-431c-ac81-bc2d197d39bc',
  roleId: '70e55817-1c8a-4d60-b222-b4faa5377a7e'
}

stdout | src/server/auth/__tests__/rbac.test.ts > RBAC - Property-Based Tests > Property 20: Editor roles mark billable seats
[2025-12-02T17:12:09.266Z] [App] [INFO] rbac.assign_role.success {
  userId: '533d3ee0-4b00-4cb8-8829-6690a65a1320',
  role: 'TEAM_EDITOR',
  resourceType: 'team',
  resourceId: '947bd8ec-f107-431c-ac81-bc2d197d39bc',
  roleId: '142fac7d-f73c-43c1-91b7-e6353037032a'
}
[2025-12-02T17:12:09.267Z] [App] [INFO] rbac.update_billable_seats { teamId: '947bd8ec-f107-431c-ac81-bc2d197d39bc', billableSeats: 2 }
[2025-12-02T17:12:09.267Z] [App] [INFO] rbac.remove_role.success {
  userId: '533d3ee0-4b00-4cb8-8829-6690a65a1320',
  role: 'TEAM_EDITOR',
  resourceType: 'team',
  resourceId: '947bd8ec-f107-431c-ac81-bc2d197d39bc'
}
[2025-12-02T17:12:09.268Z] [App] [INFO] rbac.update_billable_seats { teamId: '947bd8ec-f107-431c-ac81-bc2d197d39bc', billableSeats: 1 }

 ✓ src/features/teams/hooks/use-switch-team.property.test.ts (3 tests) 1188ms
   ✓ Property 35: Team switching updates database and cookie > switching teams updates database lastActiveTeamId 472ms
   ✓ Property 35: Team switching updates database and cookie > switching to any team in user's team list updates context correctly 316ms
   ✓ Property 35: Team switching updates database and cookie > multiple consecutive team switches maintain consistency 387ms
stdout | src/server/auth/__tests__/rbac.test.ts > RBAC - Property-Based Tests > Property 20: Editor roles mark billable seats
[2025-12-02T17:12:09.607Z] [App] [INFO] rbac.assign_role.success {
  userId: '25ac0ade-5cf8-4b93-860f-f7fb5d316d8b',
  role: 'TEAM_MEMBER',
  resourceType: 'team',
  resourceId: '2cf18190-22e0-4a12-8ab4-2bd08b635625',
  roleId: '5f27cc30-2bc8-4e9c-9c9c-70d7660e1641'
}
[2025-12-02T17:12:09.615Z] [App] [INFO] rbac.assign_role.success {
  userId: '25ac0ade-5cf8-4b93-860f-f7fb5d316d8b',
  role: 'PROJECT_OWNER',
  resourceType: 'project',
  resourceId: '2eecc238-7b1f-4658-b2e7-257566b8c365',
  roleId: '58f7978f-1cc8-4e8c-838a-b59b976c2c23'
}
[2025-12-02T17:12:09.619Z] [App] [INFO] rbac.update_role.success {
  userId: '25ac0ade-5cf8-4b93-860f-f7fb5d316d8b',
  oldRole: 'TEAM_MEMBER',
  newRole: 'TEAM_EDITOR',
  resourceType: 'team',
  resourceId: '2cf18190-22e0-4a12-8ab4-2bd08b635625'
}
[2025-12-02T17:12:09.621Z] [App] [INFO] rbac.update_billable_seats { teamId: '2cf18190-22e0-4a12-8ab4-2bd08b635625', billableSeats: 1 }
[2025-12-02T17:12:09.626Z] [App] [INFO] rbac.assign_role.success {
  userId: '25ac0ade-5cf8-4b93-860f-f7fb5d316d8b',
  role: 'TEAM_OWNER',
  resourceType: 'team',
  resourceId: '2cf18190-22e0-4a12-8ab4-2bd08b635625',
  roleId: 'b09fc1a5-2fe7-4b5c-b5df-0e16248a527f'
}

stdout | src/server/auth/__tests__/rbac.test.ts > RBAC - Property-Based Tests > Property 20: Editor roles mark billable seats
[2025-12-02T17:12:10.017Z] [App] [INFO] rbac.assign_role.success {
  userId: 'f5b31cf4-e2d8-46e3-8b68-03760be9f59a',
  role: 'TEAM_EDITOR',
  resourceType: 'team',
  resourceId: '2cf18190-22e0-4a12-8ab4-2bd08b635625',
  roleId: '0a67ce96-63b7-4037-852c-74f2a8dfd1e7'
}
[2025-12-02T17:12:10.018Z] [App] [INFO] rbac.update_billable_seats { teamId: '2cf18190-22e0-4a12-8ab4-2bd08b635625', billableSeats: 2 }
[2025-12-02T17:12:10.019Z] [App] [INFO] rbac.remove_role.success {
  userId: 'f5b31cf4-e2d8-46e3-8b68-03760be9f59a',
  role: 'TEAM_EDITOR',
  resourceType: 'team',
  resourceId: '2cf18190-22e0-4a12-8ab4-2bd08b635625'
}
[2025-12-02T17:12:10.020Z] [App] [INFO] rbac.update_billable_seats { teamId: '2cf18190-22e0-4a12-8ab4-2bd08b635625', billableSeats: 1 }

stdout | src/server/auth/__tests__/rbac.test.ts > RBAC - Property-Based Tests > Property 20: Editor roles mark billable seats
[2025-12-02T17:12:10.306Z] [App] [INFO] rbac.assign_role.success {
  userId: '7164e3e6-1cc1-41b4-8067-f040d6d487a0',
  role: 'TEAM_MEMBER',
  resourceType: 'team',
  resourceId: 'd2047a82-7def-4f9d-b453-ad6b9c55cd1b',
  roleId: 'f4ffdb3a-19fe-4e04-bb6d-57b82d17a894'
}
[2025-12-02T17:12:10.310Z] [App] [INFO] rbac.assign_role.success {
  userId: '7164e3e6-1cc1-41b4-8067-f040d6d487a0',
  role: 'PROJECT_EDITOR',
  resourceType: 'project',
  resourceId: '32228b39-dcc1-40e5-acb4-0d8401911c5a',
  roleId: '50c29ae4-f389-4b7a-9c14-75e84e35977e'
}
[2025-12-02T17:12:10.313Z] [App] [INFO] rbac.update_role.success {
  userId: '7164e3e6-1cc1-41b4-8067-f040d6d487a0',
  oldRole: 'TEAM_MEMBER',
  newRole: 'TEAM_EDITOR',
  resourceType: 'team',
  resourceId: 'd2047a82-7def-4f9d-b453-ad6b9c55cd1b'
}
[2025-12-02T17:12:10.314Z] [App] [INFO] rbac.update_billable_seats { teamId: 'd2047a82-7def-4f9d-b453-ad6b9c55cd1b', billableSeats: 1 }
[2025-12-02T17:12:10.319Z] [App] [INFO] rbac.assign_role.success {
  userId: '7164e3e6-1cc1-41b4-8067-f040d6d487a0',
  role: 'TEAM_OWNER',
  resourceType: 'team',
  resourceId: 'd2047a82-7def-4f9d-b453-ad6b9c55cd1b',
  roleId: 'd0f52ae0-7653-4b68-8e40-8e97bda76807'
}

stdout | src/server/auth/__tests__/rbac.test.ts > RBAC - Property-Based Tests > Property 20: Editor roles mark billable seats
[2025-12-02T17:12:10.659Z] [App] [INFO] rbac.assign_role.success {
  userId: 'f1eca01d-4ea8-4b70-aac5-d445f9e4f1a8',
  role: 'TEAM_EDITOR',
  resourceType: 'team',
  resourceId: 'd2047a82-7def-4f9d-b453-ad6b9c55cd1b',
  roleId: '54518d86-2cb9-4fcc-af6e-9e449984e0d4'
}
[2025-12-02T17:12:10.661Z] [App] [INFO] rbac.update_billable_seats { teamId: 'd2047a82-7def-4f9d-b453-ad6b9c55cd1b', billableSeats: 2 }
[2025-12-02T17:12:10.663Z] [App] [INFO] rbac.remove_role.success {
  userId: 'f1eca01d-4ea8-4b70-aac5-d445f9e4f1a8',
  role: 'TEAM_EDITOR',
  resourceType: 'team',
  resourceId: 'd2047a82-7def-4f9d-b453-ad6b9c55cd1b'
}
[2025-12-02T17:12:10.663Z] [App] [INFO] rbac.update_billable_seats { teamId: 'd2047a82-7def-4f9d-b453-ad6b9c55cd1b', billableSeats: 1 }

stdout | src/server/auth/__tests__/rbac.test.ts > RBAC - Property-Based Tests > Property 20: Editor roles mark billable seats
[2025-12-02T17:12:10.851Z] [App] [INFO] rbac.assign_role.success {
  userId: '26d6699d-42fc-41f8-9392-3dfd95ad874e',
  role: 'TEAM_MEMBER',
  resourceType: 'team',
  resourceId: 'f0982388-b047-42e1-a131-3e8fbcaa67e0',
  roleId: 'b1d89c68-9c8f-4511-86e2-1bc015274823'
}
[2025-12-02T17:12:10.853Z] [App] [INFO] rbac.assign_role.success {
  userId: '26d6699d-42fc-41f8-9392-3dfd95ad874e',
  role: 'PROJECT_EDITOR',
  resourceType: 'project',
  resourceId: '8920ff55-8bd3-4e3a-a399-1face9ea2211',
  roleId: '1dff327c-5d42-4bf8-b202-e2118b379c1a'
}
[2025-12-02T17:12:10.855Z] [App] [INFO] rbac.update_role.success {
  userId: '26d6699d-42fc-41f8-9392-3dfd95ad874e',
  oldRole: 'TEAM_MEMBER',
  newRole: 'TEAM_EDITOR',
  resourceType: 'team',
  resourceId: 'f0982388-b047-42e1-a131-3e8fbcaa67e0'
}
[2025-12-02T17:12:10.856Z] [App] [INFO] rbac.update_billable_seats { teamId: 'f0982388-b047-42e1-a131-3e8fbcaa67e0', billableSeats: 1 }
[2025-12-02T17:12:10.866Z] [App] [INFO] rbac.assign_role.success {
  userId: '26d6699d-42fc-41f8-9392-3dfd95ad874e',
  role: 'TEAM_OWNER',
  resourceType: 'team',
  resourceId: 'f0982388-b047-42e1-a131-3e8fbcaa67e0',
  roleId: 'd864e27e-e0e4-4b01-80f0-9ec41faf397a'
}

stdout | src/server/auth/__tests__/rbac.test.ts > RBAC - Property-Based Tests > Property 20: Editor roles mark billable seats
[2025-12-02T17:12:11.109Z] [App] [INFO] rbac.assign_role.success {
  userId: 'c06df731-a93e-407e-86a0-6c7a928676d3',
  role: 'TEAM_EDITOR',
  resourceType: 'team',
  resourceId: 'f0982388-b047-42e1-a131-3e8fbcaa67e0',
  roleId: 'c2c2f1e4-16e6-4ec8-84ed-34dfbc8d7d39'
}
[2025-12-02T17:12:11.110Z] [App] [INFO] rbac.update_billable_seats { teamId: 'f0982388-b047-42e1-a131-3e8fbcaa67e0', billableSeats: 2 }
[2025-12-02T17:12:11.111Z] [App] [INFO] rbac.remove_role.success {
  userId: 'c06df731-a93e-407e-86a0-6c7a928676d3',
  role: 'TEAM_EDITOR',
  resourceType: 'team',
  resourceId: 'f0982388-b047-42e1-a131-3e8fbcaa67e0'
}
[2025-12-02T17:12:11.112Z] [App] [INFO] rbac.update_billable_seats { teamId: 'f0982388-b047-42e1-a131-3e8fbcaa67e0', billableSeats: 1 }

stdout | src/server/auth/__tests__/rbac.test.ts > RBAC - Property-Based Tests > Property 20: Editor roles mark billable seats
[2025-12-02T17:12:11.325Z] [App] [INFO] rbac.assign_role.success {
  userId: 'a8ee8a07-bf57-4217-af34-0c3cf4934b27',
  role: 'TEAM_MEMBER',
  resourceType: 'team',
  resourceId: 'ff439459-8c90-46f2-974d-884e96d1b2d7',
  roleId: '19e6ef7c-2af7-4bf1-9e59-50101d640ee4'
}
[2025-12-02T17:12:11.330Z] [App] [INFO] rbac.assign_role.success {
  userId: 'a8ee8a07-bf57-4217-af34-0c3cf4934b27',
  role: 'PROJECT_EDITOR',
  resourceType: 'project',
  resourceId: 'c0eefb4f-4174-40a8-8d61-383eaacacbe3',
  roleId: 'b359174d-524c-41ee-9faf-77a82b73abae'
}
[2025-12-02T17:12:11.332Z] [App] [INFO] rbac.update_role.success {
  userId: 'a8ee8a07-bf57-4217-af34-0c3cf4934b27',
  oldRole: 'TEAM_MEMBER',
  newRole: 'TEAM_EDITOR',
  resourceType: 'team',
  resourceId: 'ff439459-8c90-46f2-974d-884e96d1b2d7'
}
[2025-12-02T17:12:11.334Z] [App] [INFO] rbac.update_billable_seats { teamId: 'ff439459-8c90-46f2-974d-884e96d1b2d7', billableSeats: 1 }
[2025-12-02T17:12:11.337Z] [App] [INFO] rbac.assign_role.success {
  userId: 'a8ee8a07-bf57-4217-af34-0c3cf4934b27',
  role: 'TEAM_OWNER',
  resourceType: 'team',
  resourceId: 'ff439459-8c90-46f2-974d-884e96d1b2d7',
  roleId: '0c47ed59-7dad-4ed3-9ba9-61531332e128'
}

stdout | src/server/auth/__tests__/rbac.test.ts > RBAC - Property-Based Tests > Property 20: Editor roles mark billable seats
[2025-12-02T17:12:11.492Z] [App] [INFO] rbac.assign_role.success {
  userId: 'b0f1f0c5-f82d-46bf-924c-101b529d0dfc',
  role: 'TEAM_EDITOR',
  resourceType: 'team',
  resourceId: 'ff439459-8c90-46f2-974d-884e96d1b2d7',
  roleId: '001d3d7f-f801-47f1-ab50-588a692dd5b3'
}
[2025-12-02T17:12:11.492Z] [App] [INFO] rbac.update_billable_seats { teamId: 'ff439459-8c90-46f2-974d-884e96d1b2d7', billableSeats: 2 }
[2025-12-02T17:12:11.493Z] [App] [INFO] rbac.remove_role.success {
  userId: 'b0f1f0c5-f82d-46bf-924c-101b529d0dfc',
  role: 'TEAM_EDITOR',
  resourceType: 'team',
  resourceId: 'ff439459-8c90-46f2-974d-884e96d1b2d7'
}
[2025-12-02T17:12:11.493Z] [App] [INFO] rbac.update_billable_seats { teamId: 'ff439459-8c90-46f2-974d-884e96d1b2d7', billableSeats: 1 }

stdout | src/server/auth/__tests__/rbac.test.ts > RBAC - Property-Based Tests > Property 20: Editor roles mark billable seats
[2025-12-02T17:12:11.653Z] [App] [INFO] rbac.assign_role.success {
  userId: '8df55b73-26b2-4779-aa14-16b65d36edb7',
  role: 'TEAM_MEMBER',
  resourceType: 'team',
  resourceId: '65470169-c251-413e-86ce-7538715191e9',
  roleId: 'bfb90bf3-d120-4c09-a21e-fc21ebffe6ff'
}
[2025-12-02T17:12:11.654Z] [App] [INFO] rbac.assign_role.success {
  userId: '8df55b73-26b2-4779-aa14-16b65d36edb7',
  role: 'PROJECT_OWNER',
  resourceType: 'project',
  resourceId: 'c96817fa-e981-4d70-8fe6-df17c17a5c0e',
  roleId: 'af3ebf21-42ef-4c46-a102-83191371241f'
}
[2025-12-02T17:12:11.655Z] [App] [INFO] rbac.update_role.success {
  userId: '8df55b73-26b2-4779-aa14-16b65d36edb7',
  oldRole: 'TEAM_MEMBER',
  newRole: 'TEAM_EDITOR',
  resourceType: 'team',
  resourceId: '65470169-c251-413e-86ce-7538715191e9'
}
[2025-12-02T17:12:11.656Z] [App] [INFO] rbac.update_billable_seats { teamId: '65470169-c251-413e-86ce-7538715191e9', billableSeats: 1 }
[2025-12-02T17:12:11.657Z] [App] [INFO] rbac.assign_role.success {
  userId: '8df55b73-26b2-4779-aa14-16b65d36edb7',
  role: 'TEAM_OWNER',
  resourceType: 'team',
  resourceId: '65470169-c251-413e-86ce-7538715191e9',
  roleId: 'c46d9c22-6d33-463d-ad53-79d76e0fd6ae'
}

 ✓ src/app/(protected)/layout.test.tsx (4 tests) 411ms
stdout | src/server/auth/__tests__/rbac.test.ts > RBAC - Property-Based Tests > Property 20: Editor roles mark billable seats
[2025-12-02T17:12:11.825Z] [App] [INFO] rbac.assign_role.success {
  userId: '52775f05-ee83-4707-9e29-2a86fbc9a6d3',
  role: 'TEAM_EDITOR',
  resourceType: 'team',
  resourceId: '65470169-c251-413e-86ce-7538715191e9',
  roleId: '99543cfc-deb9-42bb-a122-1de187493a38'
}
[2025-12-02T17:12:11.825Z] [App] [INFO] rbac.update_billable_seats { teamId: '65470169-c251-413e-86ce-7538715191e9', billableSeats: 2 }
[2025-12-02T17:12:11.826Z] [App] [INFO] rbac.remove_role.success {
  userId: '52775f05-ee83-4707-9e29-2a86fbc9a6d3',
  role: 'TEAM_EDITOR',
  resourceType: 'team',
  resourceId: '65470169-c251-413e-86ce-7538715191e9'
}
[2025-12-02T17:12:11.826Z] [App] [INFO] rbac.update_billable_seats { teamId: '65470169-c251-413e-86ce-7538715191e9', billableSeats: 1 }

 ✓ src/server/teams/__tests__/slug.property.test.ts (8 tests) 1039ms
stdout | src/server/auth/__tests__/rbac.test.ts > RBAC - Property-Based Tests > Property 20: Editor roles mark billable seats
[2025-12-02T17:12:11.986Z] [App] [INFO] rbac.assign_role.success {
  userId: 'b29e1e9a-89b3-4b04-a36d-2ecdcb54ce1e',
  role: 'TEAM_MEMBER',
  resourceType: 'team',
  resourceId: 'a82aea0f-e212-4274-a508-13d844d5e2f8',
  roleId: 'dcf6c7fe-c2e0-4192-ab60-72e1b854117e'
}
[2025-12-02T17:12:11.992Z] [App] [INFO] rbac.assign_role.success {
  userId: 'b29e1e9a-89b3-4b04-a36d-2ecdcb54ce1e',
  role: 'PROJECT_OWNER',
  resourceType: 'project',
  resourceId: '61dc1021-56a1-4c8c-bf3f-e05f9f10b4d0',
  roleId: 'cac2d05a-ea7b-49a9-afa1-58e81067da2f'
}
[2025-12-02T17:12:11.994Z] [App] [INFO] rbac.update_role.success {
  userId: 'b29e1e9a-89b3-4b04-a36d-2ecdcb54ce1e',
  oldRole: 'TEAM_MEMBER',
  newRole: 'TEAM_EDITOR',
  resourceType: 'team',
  resourceId: 'a82aea0f-e212-4274-a508-13d844d5e2f8'
}
[2025-12-02T17:12:11.995Z] [App] [INFO] rbac.update_billable_seats { teamId: 'a82aea0f-e212-4274-a508-13d844d5e2f8', billableSeats: 1 }
[2025-12-02T17:12:11.997Z] [App] [INFO] rbac.assign_role.success {
  userId: 'b29e1e9a-89b3-4b04-a36d-2ecdcb54ce1e',
  role: 'TEAM_OWNER',
  resourceType: 'team',
  resourceId: 'a82aea0f-e212-4274-a508-13d844d5e2f8',
  roleId: '7edccdb0-4db1-4c6c-8228-b0414e9756e9'
}

stdout | src/server/auth/__tests__/rbac.test.ts > RBAC - Property-Based Tests > Property 20: Editor roles mark billable seats
[2025-12-02T17:12:12.164Z] [App] [INFO] rbac.assign_role.success {
  userId: 'f34c32b7-8a6c-42c3-81bd-19213b2b0acd',
  role: 'TEAM_EDITOR',
  resourceType: 'team',
  resourceId: 'a82aea0f-e212-4274-a508-13d844d5e2f8',
  roleId: 'c8fd392f-4aea-4a23-a5f8-413a1a9dfd67'
}
[2025-12-02T17:12:12.164Z] [App] [INFO] rbac.update_billable_seats { teamId: 'a82aea0f-e212-4274-a508-13d844d5e2f8', billableSeats: 2 }
[2025-12-02T17:12:12.165Z] [App] [INFO] rbac.remove_role.success {
  userId: 'f34c32b7-8a6c-42c3-81bd-19213b2b0acd',
  role: 'TEAM_EDITOR',
  resourceType: 'team',
  resourceId: 'a82aea0f-e212-4274-a508-13d844d5e2f8'
}
[2025-12-02T17:12:12.165Z] [App] [INFO] rbac.update_billable_seats { teamId: 'a82aea0f-e212-4274-a508-13d844d5e2f8', billableSeats: 1 }

stdout | src/server/auth/__tests__/rbac.test.ts > RBAC - Property-Based Tests > Property 20: Editor roles mark billable seats
[2025-12-02T17:12:12.428Z] [App] [INFO] rbac.assign_role.success {
  userId: '201718e4-d675-409b-912d-4ccad865337e',
  role: 'TEAM_MEMBER',
  resourceType: 'team',
  resourceId: 'e7e8d290-e371-47fb-9b3f-297aa65a94dc',
  roleId: 'a9547395-8c3c-4536-b478-a30b7f540670'
}
[2025-12-02T17:12:12.431Z] [App] [INFO] rbac.assign_role.success {
  userId: '201718e4-d675-409b-912d-4ccad865337e',
  role: 'PROJECT_EDITOR',
  resourceType: 'project',
  resourceId: '846bfc20-c83e-4a99-94fd-342c6eb5c4c3',
  roleId: 'ccbc136b-2247-4cc9-b9f5-871631aa65bc'
}
[2025-12-02T17:12:12.432Z] [App] [INFO] rbac.update_role.success {
  userId: '201718e4-d675-409b-912d-4ccad865337e',
  oldRole: 'TEAM_MEMBER',
  newRole: 'TEAM_EDITOR',
  resourceType: 'team',
  resourceId: 'e7e8d290-e371-47fb-9b3f-297aa65a94dc'
}
[2025-12-02T17:12:12.432Z] [App] [INFO] rbac.update_billable_seats { teamId: 'e7e8d290-e371-47fb-9b3f-297aa65a94dc', billableSeats: 1 }
[2025-12-02T17:12:12.433Z] [App] [INFO] rbac.assign_role.success {
  userId: '201718e4-d675-409b-912d-4ccad865337e',
  role: 'TEAM_OWNER',
  resourceType: 'team',
  resourceId: 'e7e8d290-e371-47fb-9b3f-297aa65a94dc',
  roleId: '62958b91-4866-41b1-b41e-a4f03951d434'
}

stdout | src/server/auth/__tests__/rbac.test.ts > RBAC - Property-Based Tests > Property 20: Editor roles mark billable seats
[2025-12-02T17:12:12.632Z] [App] [INFO] rbac.assign_role.success {
  userId: '7bacb78a-53ba-4758-a0e5-df7ddf32a22f',
  role: 'TEAM_EDITOR',
  resourceType: 'team',
  resourceId: 'e7e8d290-e371-47fb-9b3f-297aa65a94dc',
  roleId: '9d9b0b3d-b37b-481b-b4a7-5db98fcc3811'
}
[2025-12-02T17:12:12.634Z] [App] [INFO] rbac.update_billable_seats { teamId: 'e7e8d290-e371-47fb-9b3f-297aa65a94dc', billableSeats: 2 }
[2025-12-02T17:12:12.636Z] [App] [INFO] rbac.remove_role.success {
  userId: '7bacb78a-53ba-4758-a0e5-df7ddf32a22f',
  role: 'TEAM_EDITOR',
  resourceType: 'team',
  resourceId: 'e7e8d290-e371-47fb-9b3f-297aa65a94dc'
}
[2025-12-02T17:12:12.636Z] [App] [INFO] rbac.update_billable_seats { teamId: 'e7e8d290-e371-47fb-9b3f-297aa65a94dc', billableSeats: 1 }

stdout | src/server/auth/__tests__/rbac.test.ts > RBAC - Property-Based Tests > Property 20: Editor roles mark billable seats
[2025-12-02T17:12:12.799Z] [App] [INFO] rbac.assign_role.success {
  userId: '256bd53f-5490-4044-ab14-272df0791511',
  role: 'TEAM_MEMBER',
  resourceType: 'team',
  resourceId: 'f8313041-8467-4f41-bee5-cbf45bd9ec86',
  roleId: '6a443c64-71f5-4566-b60c-9fe7e13ef22c'
}
[2025-12-02T17:12:12.800Z] [App] [INFO] rbac.assign_role.success {
  userId: '256bd53f-5490-4044-ab14-272df0791511',
  role: 'PROJECT_EDITOR',
  resourceType: 'project',
  resourceId: 'd21fc257-d825-43cc-bc0f-24efc20c0b29',
  roleId: 'd078753d-d8ba-47cf-97e1-b748f0166486'
}
[2025-12-02T17:12:12.801Z] [App] [INFO] rbac.update_role.success {
  userId: '256bd53f-5490-4044-ab14-272df0791511',
  oldRole: 'TEAM_MEMBER',
  newRole: 'TEAM_EDITOR',
  resourceType: 'team',
  resourceId: 'f8313041-8467-4f41-bee5-cbf45bd9ec86'
}
[2025-12-02T17:12:12.801Z] [App] [INFO] rbac.update_billable_seats { teamId: 'f8313041-8467-4f41-bee5-cbf45bd9ec86', billableSeats: 1 }
[2025-12-02T17:12:12.806Z] [App] [INFO] rbac.assign_role.success {
  userId: '256bd53f-5490-4044-ab14-272df0791511',
  role: 'TEAM_OWNER',
  resourceType: 'team',
  resourceId: 'f8313041-8467-4f41-bee5-cbf45bd9ec86',
  roleId: 'd47c4b9b-f162-4feb-8824-eb5e0a112f75'
}

stdout | src/server/auth/__tests__/rbac.test.ts > RBAC - Property-Based Tests > Property 20: Editor roles mark billable seats
[2025-12-02T17:12:12.969Z] [App] [INFO] rbac.assign_role.success {
  userId: 'b909daa7-f51e-4b86-86c3-195c2d354e2f',
  role: 'TEAM_EDITOR',
  resourceType: 'team',
  resourceId: 'f8313041-8467-4f41-bee5-cbf45bd9ec86',
  roleId: '6529e09f-33f8-4ea1-98db-0b2619741249'
}
[2025-12-02T17:12:12.969Z] [App] [INFO] rbac.update_billable_seats { teamId: 'f8313041-8467-4f41-bee5-cbf45bd9ec86', billableSeats: 2 }
[2025-12-02T17:12:12.970Z] [App] [INFO] rbac.remove_role.success {
  userId: 'b909daa7-f51e-4b86-86c3-195c2d354e2f',
  role: 'TEAM_EDITOR',
  resourceType: 'team',
  resourceId: 'f8313041-8467-4f41-bee5-cbf45bd9ec86'
}
[2025-12-02T17:12:12.970Z] [App] [INFO] rbac.update_billable_seats { teamId: 'f8313041-8467-4f41-bee5-cbf45bd9ec86', billableSeats: 1 }

stdout | src/server/auth/__tests__/rbac.test.ts > RBAC - Property-Based Tests > Property 20: Editor roles mark billable seats
[2025-12-02T17:12:13.168Z] [App] [INFO] rbac.assign_role.success {
  userId: 'ee080c9f-921f-42f9-9a0a-9a390e84628a',
  role: 'TEAM_MEMBER',
  resourceType: 'team',
  resourceId: '5bf565c8-7d6a-441d-8c00-873d2dc1323a',
  roleId: 'b23c9f8c-f982-4069-a8c3-d071444ec2c4'
}
[2025-12-02T17:12:13.175Z] [App] [INFO] rbac.assign_role.success {
  userId: 'ee080c9f-921f-42f9-9a0a-9a390e84628a',
  role: 'PROJECT_OWNER',
  resourceType: 'project',
  resourceId: 'f085bcf2-033e-4480-a120-2e495cd2d89b',
  roleId: '61868e4c-14fb-441c-8700-7018bd858fdb'
}
[2025-12-02T17:12:13.179Z] [App] [INFO] rbac.update_role.success {
  userId: 'ee080c9f-921f-42f9-9a0a-9a390e84628a',
  oldRole: 'TEAM_MEMBER',
  newRole: 'TEAM_EDITOR',
  resourceType: 'team',
  resourceId: '5bf565c8-7d6a-441d-8c00-873d2dc1323a'
}
[2025-12-02T17:12:13.181Z] [App] [INFO] rbac.update_billable_seats { teamId: '5bf565c8-7d6a-441d-8c00-873d2dc1323a', billableSeats: 1 }
[2025-12-02T17:12:13.187Z] [App] [INFO] rbac.assign_role.success {
  userId: 'ee080c9f-921f-42f9-9a0a-9a390e84628a',
  role: 'TEAM_OWNER',
  resourceType: 'team',
  resourceId: '5bf565c8-7d6a-441d-8c00-873d2dc1323a',
  roleId: '47868863-a414-4e35-95cf-560b808a615f'
}

stdout | src/server/auth/__tests__/rbac.test.ts > RBAC - Property-Based Tests > Property 20: Editor roles mark billable seats
[2025-12-02T17:12:13.428Z] [App] [INFO] rbac.assign_role.success {
  userId: '5e0875b8-a9d8-41da-8eb4-901e10456795',
  role: 'TEAM_EDITOR',
  resourceType: 'team',
  resourceId: '5bf565c8-7d6a-441d-8c00-873d2dc1323a',
  roleId: 'efd0cc94-5495-453b-8a4d-5cae510ff3eb'
}
[2025-12-02T17:12:13.429Z] [App] [INFO] rbac.update_billable_seats { teamId: '5bf565c8-7d6a-441d-8c00-873d2dc1323a', billableSeats: 2 }
[2025-12-02T17:12:13.432Z] [App] [INFO] rbac.remove_role.success {
  userId: '5e0875b8-a9d8-41da-8eb4-901e10456795',
  role: 'TEAM_EDITOR',
  resourceType: 'team',
  resourceId: '5bf565c8-7d6a-441d-8c00-873d2dc1323a'
}
[2025-12-02T17:12:13.433Z] [App] [INFO] rbac.update_billable_seats { teamId: '5bf565c8-7d6a-441d-8c00-873d2dc1323a', billableSeats: 1 }

stdout | src/server/auth/__tests__/rbac.test.ts > RBAC - Property-Based Tests > Property 20: Editor roles mark billable seats
[2025-12-02T17:12:13.607Z] [App] [INFO] rbac.assign_role.success {
  userId: 'f8870c80-f4c3-47b4-ad45-97e7b33c259f',
  role: 'TEAM_MEMBER',
  resourceType: 'team',
  resourceId: '80f91c1b-ae97-4161-baa0-74a8bc950372',
  roleId: '117e8fd2-023b-4725-85dc-d8fac36f62ed'
}
[2025-12-02T17:12:13.611Z] [App] [INFO] rbac.assign_role.success {
  userId: 'f8870c80-f4c3-47b4-ad45-97e7b33c259f',
  role: 'PROJECT_EDITOR',
  resourceType: 'project',
  resourceId: '149c9d42-d4c9-46b8-aea7-1aeba89afd7a',
  roleId: 'a5c66a71-f129-4ebc-8b89-e88ca8a29048'
}
[2025-12-02T17:12:13.613Z] [App] [INFO] rbac.update_role.success {
  userId: 'f8870c80-f4c3-47b4-ad45-97e7b33c259f',
  oldRole: 'TEAM_MEMBER',
  newRole: 'TEAM_EDITOR',
  resourceType: 'team',
  resourceId: '80f91c1b-ae97-4161-baa0-74a8bc950372'
}
[2025-12-02T17:12:13.613Z] [App] [INFO] rbac.update_billable_seats { teamId: '80f91c1b-ae97-4161-baa0-74a8bc950372', billableSeats: 1 }
[2025-12-02T17:12:13.615Z] [App] [INFO] rbac.assign_role.success {
  userId: 'f8870c80-f4c3-47b4-ad45-97e7b33c259f',
  role: 'TEAM_OWNER',
  resourceType: 'team',
  resourceId: '80f91c1b-ae97-4161-baa0-74a8bc950372',
  roleId: 'fe621b15-7b3e-4569-81cf-515e2d1cf5a2'
}

 ✓ src/features/auth/hooks/__tests__/use-session.test.tsx (3 tests) 628ms
stdout | src/server/auth/__tests__/rbac.test.ts > RBAC - Property-Based Tests > Property 20: Editor roles mark billable seats
[2025-12-02T17:12:13.740Z] [App] [INFO] rbac.assign_role.success {
  userId: '42046d4c-216d-496a-abbd-d1d4e64e2e1a',
  role: 'TEAM_EDITOR',
  resourceType: 'team',
  resourceId: '80f91c1b-ae97-4161-baa0-74a8bc950372',
  roleId: '72a68c48-73ea-4e05-bc2e-ea611fea1d8a'
}
[2025-12-02T17:12:13.740Z] [App] [INFO] rbac.update_billable_seats { teamId: '80f91c1b-ae97-4161-baa0-74a8bc950372', billableSeats: 2 }
[2025-12-02T17:12:13.741Z] [App] [INFO] rbac.remove_role.success {
  userId: '42046d4c-216d-496a-abbd-d1d4e64e2e1a',
  role: 'TEAM_EDITOR',
  resourceType: 'team',
  resourceId: '80f91c1b-ae97-4161-baa0-74a8bc950372'
}
[2025-12-02T17:12:13.741Z] [App] [INFO] rbac.update_billable_seats { teamId: '80f91c1b-ae97-4161-baa0-74a8bc950372', billableSeats: 1 }

stdout | src/server/auth/__tests__/rbac.test.ts > RBAC - Property-Based Tests > Property 20: Editor roles mark billable seats
[2025-12-02T17:12:13.945Z] [App] [INFO] rbac.assign_role.success {
  userId: 'dd29540e-9bdf-420d-b2e1-a2fcf5aeb21f',
  role: 'TEAM_MEMBER',
  resourceType: 'team',
  resourceId: 'f6dc5813-e806-42be-bf61-e2efe3349f68',
  roleId: '210d4041-f52a-40c7-8bdb-0ab01b0696f1'
}
[2025-12-02T17:12:13.947Z] [App] [INFO] rbac.assign_role.success {
  userId: 'dd29540e-9bdf-420d-b2e1-a2fcf5aeb21f',
  role: 'PROJECT_EDITOR',
  resourceType: 'project',
  resourceId: '04496945-74c7-440a-a74a-708b1e949790',
  roleId: '25551bb2-53f4-4067-a3dd-ada4bb7daed2'
}
[2025-12-02T17:12:13.948Z] [App] [INFO] rbac.update_role.success {
  userId: 'dd29540e-9bdf-420d-b2e1-a2fcf5aeb21f',
  oldRole: 'TEAM_MEMBER',
  newRole: 'TEAM_EDITOR',
  resourceType: 'team',
  resourceId: 'f6dc5813-e806-42be-bf61-e2efe3349f68'
}
[2025-12-02T17:12:13.948Z] [App] [INFO] rbac.update_billable_seats { teamId: 'f6dc5813-e806-42be-bf61-e2efe3349f68', billableSeats: 1 }
[2025-12-02T17:12:13.950Z] [App] [INFO] rbac.assign_role.success {
  userId: 'dd29540e-9bdf-420d-b2e1-a2fcf5aeb21f',
  role: 'TEAM_OWNER',
  resourceType: 'team',
  resourceId: 'f6dc5813-e806-42be-bf61-e2efe3349f68',
  roleId: '9eb4df32-4e33-4911-9597-5c5ecd12332a'
}

stdout | src/server/auth/__tests__/rbac.test.ts > RBAC - Property-Based Tests > Property 20: Editor roles mark billable seats
[2025-12-02T17:12:14.242Z] [App] [INFO] rbac.assign_role.success {
  userId: 'c06372a6-a2f6-47d9-859c-ca90f405854e',
  role: 'TEAM_EDITOR',
  resourceType: 'team',
  resourceId: 'f6dc5813-e806-42be-bf61-e2efe3349f68',
  roleId: 'd1dd317f-bfcb-432d-9e1a-e64369e48e4e'
}
[2025-12-02T17:12:14.243Z] [App] [INFO] rbac.update_billable_seats { teamId: 'f6dc5813-e806-42be-bf61-e2efe3349f68', billableSeats: 2 }
[2025-12-02T17:12:14.247Z] [App] [INFO] rbac.remove_role.success {
  userId: 'c06372a6-a2f6-47d9-859c-ca90f405854e',
  role: 'TEAM_EDITOR',
  resourceType: 'team',
  resourceId: 'f6dc5813-e806-42be-bf61-e2efe3349f68'
}
[2025-12-02T17:12:14.248Z] [App] [INFO] rbac.update_billable_seats { teamId: 'f6dc5813-e806-42be-bf61-e2efe3349f68', billableSeats: 1 }

stdout | src/server/auth/__tests__/rbac.test.ts > RBAC - Property-Based Tests > Property 20: Editor roles mark billable seats
[2025-12-02T17:12:14.547Z] [App] [INFO] rbac.assign_role.success {
  userId: '0e428b89-8595-4d5e-9ea2-bf40193be4bd',
  role: 'TEAM_MEMBER',
  resourceType: 'team',
  resourceId: 'c2967503-6913-4c21-a636-4c9491c8cf0a',
  roleId: 'ed66c6a6-dd6b-426a-9135-8ba535618cee'
}
[2025-12-02T17:12:14.549Z] [App] [INFO] rbac.assign_role.success {
  userId: '0e428b89-8595-4d5e-9ea2-bf40193be4bd',
  role: 'PROJECT_EDITOR',
  resourceType: 'project',
  resourceId: '0effbf1d-2a19-4854-8097-17f7f14bdc30',
  roleId: 'ace818bc-8089-4809-8c29-523623745685'
}
[2025-12-02T17:12:14.550Z] [App] [INFO] rbac.update_role.success {
  userId: '0e428b89-8595-4d5e-9ea2-bf40193be4bd',
  oldRole: 'TEAM_MEMBER',
  newRole: 'TEAM_EDITOR',
  resourceType: 'team',
  resourceId: 'c2967503-6913-4c21-a636-4c9491c8cf0a'
}
[2025-12-02T17:12:14.551Z] [App] [INFO] rbac.update_billable_seats { teamId: 'c2967503-6913-4c21-a636-4c9491c8cf0a', billableSeats: 1 }
[2025-12-02T17:12:14.552Z] [App] [INFO] rbac.assign_role.success {
  userId: '0e428b89-8595-4d5e-9ea2-bf40193be4bd',
  role: 'TEAM_OWNER',
  resourceType: 'team',
  resourceId: 'c2967503-6913-4c21-a636-4c9491c8cf0a',
  roleId: '844f314c-04d7-4b45-8a04-4afb7a0dcef1'
}

stdout | src/server/auth/__tests__/rbac.test.ts > RBAC - Property-Based Tests > Property 20: Editor roles mark billable seats
[2025-12-02T17:12:14.697Z] [App] [INFO] rbac.assign_role.success {
  userId: '000ed4fb-22c8-4f0e-bdec-346dffbe65d6',
  role: 'TEAM_EDITOR',
  resourceType: 'team',
  resourceId: 'c2967503-6913-4c21-a636-4c9491c8cf0a',
  roleId: 'a92dda96-3137-4043-9b55-bc65391eb95e'
}
[2025-12-02T17:12:14.697Z] [App] [INFO] rbac.update_billable_seats { teamId: 'c2967503-6913-4c21-a636-4c9491c8cf0a', billableSeats: 2 }
[2025-12-02T17:12:14.698Z] [App] [INFO] rbac.remove_role.success {
  userId: '000ed4fb-22c8-4f0e-bdec-346dffbe65d6',
  role: 'TEAM_EDITOR',
  resourceType: 'team',
  resourceId: 'c2967503-6913-4c21-a636-4c9491c8cf0a'
}
[2025-12-02T17:12:14.698Z] [App] [INFO] rbac.update_billable_seats { teamId: 'c2967503-6913-4c21-a636-4c9491c8cf0a', billableSeats: 1 }

stdout | src/server/auth/__tests__/rbac.test.ts > RBAC - Property-Based Tests > Property 20: Editor roles mark billable seats
[2025-12-02T17:12:14.890Z] [App] [INFO] rbac.assign_role.success {
  userId: 'c0d5db22-441e-46f7-a457-2581d36da567',
  role: 'TEAM_MEMBER',
  resourceType: 'team',
  resourceId: '624cecc7-f4e3-43fb-bf96-8cb786b699f6',
  roleId: '2697ee3f-90f1-4c76-b73a-f47e6337ec2f'
}
[2025-12-02T17:12:14.892Z] [App] [INFO] rbac.assign_role.success {
  userId: 'c0d5db22-441e-46f7-a457-2581d36da567',
  role: 'PROJECT_EDITOR',
  resourceType: 'project',
  resourceId: '708470e1-420a-43c1-86bf-475b56ac9e8c',
  roleId: 'd8b93b3f-7d4b-4646-9659-5b37b9ae536a'
}
[2025-12-02T17:12:14.893Z] [App] [INFO] rbac.update_role.success {
  userId: 'c0d5db22-441e-46f7-a457-2581d36da567',
  oldRole: 'TEAM_MEMBER',
  newRole: 'TEAM_EDITOR',
  resourceType: 'team',
  resourceId: '624cecc7-f4e3-43fb-bf96-8cb786b699f6'
}
[2025-12-02T17:12:14.894Z] [App] [INFO] rbac.update_billable_seats { teamId: '624cecc7-f4e3-43fb-bf96-8cb786b699f6', billableSeats: 1 }
[2025-12-02T17:12:14.897Z] [App] [INFO] rbac.assign_role.success {
  userId: 'c0d5db22-441e-46f7-a457-2581d36da567',
  role: 'TEAM_OWNER',
  resourceType: 'team',
  resourceId: '624cecc7-f4e3-43fb-bf96-8cb786b699f6',
  roleId: '543b064a-bb41-4fef-b1fc-def1df4ea572'
}

stdout | src/server/auth/__tests__/rbac.test.ts > RBAC - Property-Based Tests > Property 20: Editor roles mark billable seats
[2025-12-02T17:12:15.060Z] [App] [INFO] rbac.assign_role.success {
  userId: '61f8a697-a1a2-4fa7-a561-74bcb9ce02d4',
  role: 'TEAM_EDITOR',
  resourceType: 'team',
  resourceId: '624cecc7-f4e3-43fb-bf96-8cb786b699f6',
  roleId: 'af10bd66-d1ac-45aa-a20b-054547b3b35d'
}
[2025-12-02T17:12:15.073Z] [App] [INFO] rbac.update_billable_seats { teamId: '624cecc7-f4e3-43fb-bf96-8cb786b699f6', billableSeats: 2 }
[2025-12-02T17:12:15.075Z] [App] [INFO] rbac.remove_role.success {
  userId: '61f8a697-a1a2-4fa7-a561-74bcb9ce02d4',
  role: 'TEAM_EDITOR',
  resourceType: 'team',
  resourceId: '624cecc7-f4e3-43fb-bf96-8cb786b699f6'
}
[2025-12-02T17:12:15.078Z] [App] [INFO] rbac.update_billable_seats { teamId: '624cecc7-f4e3-43fb-bf96-8cb786b699f6', billableSeats: 1 }

stdout | src/server/auth/__tests__/rbac.test.ts > RBAC - Property-Based Tests > Property 20: Editor roles mark billable seats
[2025-12-02T17:12:15.280Z] [App] [INFO] rbac.assign_role.success {
  userId: '2408b499-724a-4ec3-94e6-cfd0b9764b72',
  role: 'TEAM_MEMBER',
  resourceType: 'team',
  resourceId: 'e393627f-99ba-4d76-8007-9a13fbd7d7a5',
  roleId: '12be3cd6-655f-4f77-805a-fb656b29b90d'
}
[2025-12-02T17:12:15.282Z] [App] [INFO] rbac.assign_role.success {
  userId: '2408b499-724a-4ec3-94e6-cfd0b9764b72',
  role: 'PROJECT_OWNER',
  resourceType: 'project',
  resourceId: '45fe501f-5693-4035-82a7-76eb24f82c21',
  roleId: 'dd5d47c7-050f-449c-a60b-b742a5a468e0'
}
[2025-12-02T17:12:15.283Z] [App] [INFO] rbac.update_role.success {
  userId: '2408b499-724a-4ec3-94e6-cfd0b9764b72',
  oldRole: 'TEAM_MEMBER',
  newRole: 'TEAM_EDITOR',
  resourceType: 'team',
  resourceId: 'e393627f-99ba-4d76-8007-9a13fbd7d7a5'
}
[2025-12-02T17:12:15.283Z] [App] [INFO] rbac.update_billable_seats { teamId: 'e393627f-99ba-4d76-8007-9a13fbd7d7a5', billableSeats: 1 }
[2025-12-02T17:12:15.285Z] [App] [INFO] rbac.assign_role.success {
  userId: '2408b499-724a-4ec3-94e6-cfd0b9764b72',
  role: 'TEAM_OWNER',
  resourceType: 'team',
  resourceId: 'e393627f-99ba-4d76-8007-9a13fbd7d7a5',
  roleId: '01217198-d91e-40e8-9786-90f27f93989f'
}

stdout | src/server/auth/__tests__/rbac.test.ts > RBAC - Property-Based Tests > Property 20: Editor roles mark billable seats
[2025-12-02T17:12:15.487Z] [App] [INFO] rbac.assign_role.success {
  userId: 'e1678f82-7c32-4f25-bd6e-9250534ba6fb',
  role: 'TEAM_EDITOR',
  resourceType: 'team',
  resourceId: 'e393627f-99ba-4d76-8007-9a13fbd7d7a5',
  roleId: 'df660cca-8fc0-4266-9210-737b447e1ec5'
}
[2025-12-02T17:12:15.487Z] [App] [INFO] rbac.update_billable_seats { teamId: 'e393627f-99ba-4d76-8007-9a13fbd7d7a5', billableSeats: 2 }
[2025-12-02T17:12:15.488Z] [App] [INFO] rbac.remove_role.success {
  userId: 'e1678f82-7c32-4f25-bd6e-9250534ba6fb',
  role: 'TEAM_EDITOR',
  resourceType: 'team',
  resourceId: 'e393627f-99ba-4d76-8007-9a13fbd7d7a5'
}
[2025-12-02T17:12:15.489Z] [App] [INFO] rbac.update_billable_seats { teamId: 'e393627f-99ba-4d76-8007-9a13fbd7d7a5', billableSeats: 1 }

stdout | src/server/auth/__tests__/rbac.test.ts > RBAC - Property-Based Tests > Property 20: Editor roles mark billable seats
[2025-12-02T17:12:15.635Z] [App] [INFO] rbac.assign_role.success {
  userId: 'd8aac915-424b-4654-82e2-bb591041c9d6',
  role: 'TEAM_MEMBER',
  resourceType: 'team',
  resourceId: '26f149c4-03bf-4b80-accc-3223dfebf5f9',
  roleId: 'd72893fb-9f63-4b83-a4be-8a0c771d360d'
}
[2025-12-02T17:12:15.641Z] [App] [INFO] rbac.assign_role.success {
  userId: 'd8aac915-424b-4654-82e2-bb591041c9d6',
  role: 'PROJECT_OWNER',
  resourceType: 'project',
  resourceId: 'a63f0cdf-6591-47b0-ac03-4adf2df6f648',
  roleId: '4ff05ab8-8a56-4e99-97b5-12bb4c05bc2f'
}
[2025-12-02T17:12:15.645Z] [App] [INFO] rbac.update_role.success {
  userId: 'd8aac915-424b-4654-82e2-bb591041c9d6',
  oldRole: 'TEAM_MEMBER',
  newRole: 'TEAM_EDITOR',
  resourceType: 'team',
  resourceId: '26f149c4-03bf-4b80-accc-3223dfebf5f9'
}
[2025-12-02T17:12:15.646Z] [App] [INFO] rbac.update_billable_seats { teamId: '26f149c4-03bf-4b80-accc-3223dfebf5f9', billableSeats: 1 }
[2025-12-02T17:12:15.650Z] [App] [INFO] rbac.assign_role.success {
  userId: 'd8aac915-424b-4654-82e2-bb591041c9d6',
  role: 'TEAM_OWNER',
  resourceType: 'team',
  resourceId: '26f149c4-03bf-4b80-accc-3223dfebf5f9',
  roleId: 'a42dc822-0575-471d-9482-5d7d270d0a14'
}

stdout | src/server/auth/__tests__/rbac.test.ts > RBAC - Property-Based Tests > Property 20: Editor roles mark billable seats
[2025-12-02T17:12:15.853Z] [App] [INFO] rbac.assign_role.success {
  userId: 'e8d4ffe4-ca78-4985-b6e4-5418d69dd5d2',
  role: 'TEAM_EDITOR',
  resourceType: 'team',
  resourceId: '26f149c4-03bf-4b80-accc-3223dfebf5f9',
  roleId: 'b930a17b-7400-4f8a-be9c-879794c590d5'
}
[2025-12-02T17:12:15.854Z] [App] [INFO] rbac.update_billable_seats { teamId: '26f149c4-03bf-4b80-accc-3223dfebf5f9', billableSeats: 2 }
[2025-12-02T17:12:15.855Z] [App] [INFO] rbac.remove_role.success {
  userId: 'e8d4ffe4-ca78-4985-b6e4-5418d69dd5d2',
  role: 'TEAM_EDITOR',
  resourceType: 'team',
  resourceId: '26f149c4-03bf-4b80-accc-3223dfebf5f9'
}
[2025-12-02T17:12:15.855Z] [App] [INFO] rbac.update_billable_seats { teamId: '26f149c4-03bf-4b80-accc-3223dfebf5f9', billableSeats: 1 }

stdout | src/server/auth/__tests__/rbac.test.ts > RBAC - Property-Based Tests > Property 20: Editor roles mark billable seats
[2025-12-02T17:12:16.136Z] [App] [INFO] rbac.assign_role.success {
  userId: 'bc5fb324-27df-4ca9-a550-769e2a827926',
  role: 'TEAM_MEMBER',
  resourceType: 'team',
  resourceId: '082e35a0-51c2-4e5a-8fa3-50e02521143f',
  roleId: '4ad68d2e-226d-4116-8047-a7793c712bd1'
}
[2025-12-02T17:12:16.137Z] [App] [INFO] rbac.assign_role.success {
  userId: 'bc5fb324-27df-4ca9-a550-769e2a827926',
  role: 'PROJECT_EDITOR',
  resourceType: 'project',
  resourceId: '8b6bf672-8e16-420d-9130-7d4e35fdec20',
  roleId: '33f54cef-06a2-496c-af6b-dd2350752220'
}
[2025-12-02T17:12:16.138Z] [App] [INFO] rbac.update_role.success {
  userId: 'bc5fb324-27df-4ca9-a550-769e2a827926',
  oldRole: 'TEAM_MEMBER',
  newRole: 'TEAM_EDITOR',
  resourceType: 'team',
  resourceId: '082e35a0-51c2-4e5a-8fa3-50e02521143f'
}
[2025-12-02T17:12:16.139Z] [App] [INFO] rbac.update_billable_seats { teamId: '082e35a0-51c2-4e5a-8fa3-50e02521143f', billableSeats: 1 }
[2025-12-02T17:12:16.140Z] [App] [INFO] rbac.assign_role.success {
  userId: 'bc5fb324-27df-4ca9-a550-769e2a827926',
  role: 'TEAM_OWNER',
  resourceType: 'team',
  resourceId: '082e35a0-51c2-4e5a-8fa3-50e02521143f',
  roleId: '66616d26-7ab8-43a4-8694-58f26df8e0f5'
}

stdout | src/server/auth/__tests__/rbac.test.ts > RBAC - Property-Based Tests > Property 20: Editor roles mark billable seats
[2025-12-02T17:12:16.596Z] [App] [INFO] rbac.assign_role.success {
  userId: 'caa4eb88-0a04-42cf-8276-9e916f8daa34',
  role: 'TEAM_EDITOR',
  resourceType: 'team',
  resourceId: '082e35a0-51c2-4e5a-8fa3-50e02521143f',
  roleId: '6cde5cfa-78c9-401c-bc13-9ac5acd19614'
}
[2025-12-02T17:12:16.597Z] [App] [INFO] rbac.update_billable_seats { teamId: '082e35a0-51c2-4e5a-8fa3-50e02521143f', billableSeats: 2 }
[2025-12-02T17:12:16.598Z] [App] [INFO] rbac.remove_role.success {
  userId: 'caa4eb88-0a04-42cf-8276-9e916f8daa34',
  role: 'TEAM_EDITOR',
  resourceType: 'team',
  resourceId: '082e35a0-51c2-4e5a-8fa3-50e02521143f'
}
[2025-12-02T17:12:16.598Z] [App] [INFO] rbac.update_billable_seats { teamId: '082e35a0-51c2-4e5a-8fa3-50e02521143f', billableSeats: 1 }

stderr | src/lib/__tests__/url-validator.test.ts > validateEmailUrl > in production environment > should throw error for localhost URLs
[URL_VALIDATION_ERROR] test-context: Generated URL uses localhost in production environment {
  context: 'test-context',
  generatedUrl: 'http://localhost:3000/verify-email-confirm?token=abc123',
  environment: 'production',
  expectedBase: 'http://localhost:3000',
  hostname: 'localhost'
}

stderr | src/lib/__tests__/url-validator.test.ts > validateEmailUrl > in production environment > should throw error for 127.0.0.1 URLs
[URL_VALIDATION_ERROR] test-context: Generated URL uses localhost in production environment {
  context: 'test-context',
  generatedUrl: 'http://127.0.0.1:3000/verify-email-confirm?token=abc123',
  environment: 'production',
  expectedBase: 'http://localhost:3000',
  hostname: '127.0.0.1'
}

stderr | src/lib/__tests__/url-validator.test.ts > validateEmailUrl > in production environment > should include configuration hint in error message
[URL_VALIDATION_ERROR] test: Generated URL uses localhost in production environment {
  context: 'test',
  generatedUrl: 'http://localhost:3000/verify-email-confirm?token=abc123',
  environment: 'production',
  expectedBase: 'http://localhost:3000',
  hostname: 'localhost'
}

stderr | src/lib/__tests__/url-validator.test.ts > validateEmailUrl > error handling > should not throw on TypeError from URL parsing
[URL_VALIDATION_ERROR] test: Invalid URL format: definitely-not-a-url TypeError: Invalid URL: definitely-not-a-url
    at new URLImpl (/Users/BYKHD/Documents/GitHub/ui-syncup/node_modules/whatwg-url/lib/URL-impl.js:20:13)
    at Object.exports.setup (/Users/BYKHD/Documents/GitHub/ui-syncup/node_modules/whatwg-url/lib/URL.js:54:12)
    at new URL (/Users/BYKHD/Documents/GitHub/ui-syncup/node_modules/whatwg-url/lib/URL.js:115:22)
    at Module.validateEmailUrl (/Users/BYKHD/Documents/GitHub/ui-syncup/src/lib/url-validator.ts:13:20)
    at /Users/BYKHD/Documents/GitHub/ui-syncup/src/lib/__tests__/url-validator.test.ts:168:20
    at Proxy.assertThrows (file:///Users/BYKHD/Documents/GitHub/ui-syncup/node_modules/chai/index.js:2767:5)
    at Proxy.methodWrapper (file:///Users/BYKHD/Documents/GitHub/ui-syncup/node_modules/chai/index.js:1686:25)
    at Proxy.<anonymous> (file:///Users/BYKHD/Documents/GitHub/ui-syncup/node_modules/@vitest/expect/dist/index.js:1029:16)
    at Proxy.overwritingMethodWrapper (file:///Users/BYKHD/Documents/GitHub/ui-syncup/node_modules/chai/index.js:1735:33)
    at Proxy.<anonymous> (file:///Users/BYKHD/Documents/GitHub/ui-syncup/node_modules/@vitest/expect/dist/index.js:1509:21)

 ✓ src/lib/__tests__/url-validator.test.ts (13 tests) 1610ms
   ✓ validateEmailUrl > error handling > should not throw on TypeError from URL parsing 302ms
stdout | src/server/auth/__tests__/rbac.test.ts > RBAC - Property-Based Tests > Property 20: Editor roles mark billable seats
[2025-12-02T17:12:16.829Z] [App] [INFO] rbac.assign_role.success {
  userId: '58da46d3-94e9-4dca-af11-61be12414ae7',
  role: 'TEAM_MEMBER',
  resourceType: 'team',
  resourceId: 'baa070ae-37fe-48d1-9c11-4a3ef7f8f20e',
  roleId: '00fc36e6-e40d-4c3b-94a1-3e358ed84cad'
}
[2025-12-02T17:12:16.831Z] [App] [INFO] rbac.assign_role.success {
  userId: '58da46d3-94e9-4dca-af11-61be12414ae7',
  role: 'PROJECT_EDITOR',
  resourceType: 'project',
  resourceId: '9c263040-2fdd-4f94-a9eb-b70585f3bd7f',
  roleId: '50b7472c-4e5e-4c86-a8f9-baa6dafce700'
}
[2025-12-02T17:12:16.832Z] [App] [INFO] rbac.update_role.success {
  userId: '58da46d3-94e9-4dca-af11-61be12414ae7',
  oldRole: 'TEAM_MEMBER',
  newRole: 'TEAM_EDITOR',
  resourceType: 'team',
  resourceId: 'baa070ae-37fe-48d1-9c11-4a3ef7f8f20e'
}
[2025-12-02T17:12:16.833Z] [App] [INFO] rbac.update_billable_seats { teamId: 'baa070ae-37fe-48d1-9c11-4a3ef7f8f20e', billableSeats: 1 }
[2025-12-02T17:12:16.836Z] [App] [INFO] rbac.assign_role.success {
  userId: '58da46d3-94e9-4dca-af11-61be12414ae7',
  role: 'TEAM_OWNER',
  resourceType: 'team',
  resourceId: 'baa070ae-37fe-48d1-9c11-4a3ef7f8f20e',
  roleId: '29574c4a-618a-4003-93c1-b60c2df043b7'
}

stdout | src/server/auth/__tests__/rbac.test.ts > RBAC - Property-Based Tests > Property 20: Editor roles mark billable seats
[2025-12-02T17:12:16.988Z] [App] [INFO] rbac.assign_role.success {
  userId: '71fa4372-472b-4c13-96e2-c4169f20f834',
  role: 'TEAM_EDITOR',
  resourceType: 'team',
  resourceId: 'baa070ae-37fe-48d1-9c11-4a3ef7f8f20e',
  roleId: '1bf766d3-4ef7-4f4e-b25e-6ba2e9cda575'
}
[2025-12-02T17:12:16.988Z] [App] [INFO] rbac.update_billable_seats { teamId: 'baa070ae-37fe-48d1-9c11-4a3ef7f8f20e', billableSeats: 2 }
[2025-12-02T17:12:16.989Z] [App] [INFO] rbac.remove_role.success {
  userId: '71fa4372-472b-4c13-96e2-c4169f20f834',
  role: 'TEAM_EDITOR',
  resourceType: 'team',
  resourceId: 'baa070ae-37fe-48d1-9c11-4a3ef7f8f20e'
}
[2025-12-02T17:12:16.989Z] [App] [INFO] rbac.update_billable_seats { teamId: 'baa070ae-37fe-48d1-9c11-4a3ef7f8f20e', billableSeats: 1 }

stdout | src/server/auth/__tests__/rbac.test.ts > RBAC - Property-Based Tests > Property 20: Editor roles mark billable seats
[2025-12-02T17:12:17.187Z] [App] [INFO] rbac.assign_role.success {
  userId: '29afac2d-1724-4523-ab59-b40fb90e456d',
  role: 'TEAM_MEMBER',
  resourceType: 'team',
  resourceId: '22b41b96-2988-4ac6-b2ce-d5b0de4caabb',
  roleId: 'b6f87409-3a39-4fdf-a708-0983503b54ea'
}
[2025-12-02T17:12:17.192Z] [App] [INFO] rbac.assign_role.success {
  userId: '29afac2d-1724-4523-ab59-b40fb90e456d',
  role: 'PROJECT_EDITOR',
  resourceType: 'project',
  resourceId: '9a95bcff-a0ba-43ce-887d-868de8d92f42',
  roleId: 'f24e3323-37da-49e9-aed9-1a426e7e0480'
}
[2025-12-02T17:12:17.201Z] [App] [INFO] rbac.update_role.success {
  userId: '29afac2d-1724-4523-ab59-b40fb90e456d',
  oldRole: 'TEAM_MEMBER',
  newRole: 'TEAM_EDITOR',
  resourceType: 'team',
  resourceId: '22b41b96-2988-4ac6-b2ce-d5b0de4caabb'
}
[2025-12-02T17:12:17.203Z] [App] [INFO] rbac.update_billable_seats { teamId: '22b41b96-2988-4ac6-b2ce-d5b0de4caabb', billableSeats: 1 }
[2025-12-02T17:12:17.213Z] [App] [INFO] rbac.assign_role.success {
  userId: '29afac2d-1724-4523-ab59-b40fb90e456d',
  role: 'TEAM_OWNER',
  resourceType: 'team',
  resourceId: '22b41b96-2988-4ac6-b2ce-d5b0de4caabb',
  roleId: '007c765e-ed13-43ec-8fc0-32d7b8910d17'
}

 ✓ src/server/email/__tests__/render-template.test.tsx (12 tests) 1768ms
   ✓ Email Template Rendering > renderTemplate > should render security alert email template for password change 300ms
stdout | src/server/auth/__tests__/rbac.test.ts > RBAC - Property-Based Tests > Property 20: Editor roles mark billable seats
[2025-12-02T17:12:17.397Z] [App] [INFO] rbac.assign_role.success {
  userId: '9ad1c7df-72c3-41ce-a0f8-976fbe98a0c5',
  role: 'TEAM_EDITOR',
  resourceType: 'team',
  resourceId: '22b41b96-2988-4ac6-b2ce-d5b0de4caabb',
  roleId: '0e8faa42-e7d1-4430-8d14-5cc538d3f760'
}
[2025-12-02T17:12:17.398Z] [App] [INFO] rbac.update_billable_seats { teamId: '22b41b96-2988-4ac6-b2ce-d5b0de4caabb', billableSeats: 2 }
[2025-12-02T17:12:17.399Z] [App] [INFO] rbac.remove_role.success {
  userId: '9ad1c7df-72c3-41ce-a0f8-976fbe98a0c5',
  role: 'TEAM_EDITOR',
  resourceType: 'team',
  resourceId: '22b41b96-2988-4ac6-b2ce-d5b0de4caabb'
}
[2025-12-02T17:12:17.399Z] [App] [INFO] rbac.update_billable_seats { teamId: '22b41b96-2988-4ac6-b2ce-d5b0de4caabb', billableSeats: 1 }

stdout | src/server/auth/__tests__/rbac.test.ts > RBAC - Property-Based Tests > Property 20: Editor roles mark billable seats
[2025-12-02T17:12:17.588Z] [App] [INFO] rbac.assign_role.success {
  userId: '35fc3dc2-5ecd-4c88-98cd-8ce9be102a24',
  role: 'TEAM_MEMBER',
  resourceType: 'team',
  resourceId: '516720a3-d2ac-4f96-9bfc-181fdf08fc42',
  roleId: '6d904e38-bd20-4073-a381-22d4de8ff05f'
}
[2025-12-02T17:12:17.593Z] [App] [INFO] rbac.assign_role.success {
  userId: '35fc3dc2-5ecd-4c88-98cd-8ce9be102a24',
  role: 'PROJECT_EDITOR',
  resourceType: 'project',
  resourceId: 'b71e8dd5-dc80-4f5e-91d2-71e5eda10b59',
  roleId: '3041e72d-17e1-4029-9db0-45d9bc81f3fd'
}
[2025-12-02T17:12:17.597Z] [App] [INFO] rbac.update_role.success {
  userId: '35fc3dc2-5ecd-4c88-98cd-8ce9be102a24',
  oldRole: 'TEAM_MEMBER',
  newRole: 'TEAM_EDITOR',
  resourceType: 'team',
  resourceId: '516720a3-d2ac-4f96-9bfc-181fdf08fc42'
}
[2025-12-02T17:12:17.597Z] [App] [INFO] rbac.update_billable_seats { teamId: '516720a3-d2ac-4f96-9bfc-181fdf08fc42', billableSeats: 1 }
[2025-12-02T17:12:17.600Z] [App] [INFO] rbac.assign_role.success {
  userId: '35fc3dc2-5ecd-4c88-98cd-8ce9be102a24',
  role: 'TEAM_OWNER',
  resourceType: 'team',
  resourceId: '516720a3-d2ac-4f96-9bfc-181fdf08fc42',
  roleId: '13f1f3e7-81db-41c4-8cb7-151463d1581d'
}

stdout | src/server/auth/__tests__/rbac.test.ts > RBAC - Property-Based Tests > Property 20: Editor roles mark billable seats
[2025-12-02T17:12:17.839Z] [App] [INFO] rbac.assign_role.success {
  userId: 'fc9bfb90-c1a7-4767-9f50-8e661cb10c74',
  role: 'TEAM_EDITOR',
  resourceType: 'team',
  resourceId: '516720a3-d2ac-4f96-9bfc-181fdf08fc42',
  roleId: 'ed2eb9f0-c6b0-4e03-82cd-80cfa5391f78'
}
[2025-12-02T17:12:17.839Z] [App] [INFO] rbac.update_billable_seats { teamId: '516720a3-d2ac-4f96-9bfc-181fdf08fc42', billableSeats: 2 }
[2025-12-02T17:12:17.840Z] [App] [INFO] rbac.remove_role.success {
  userId: 'fc9bfb90-c1a7-4767-9f50-8e661cb10c74',
  role: 'TEAM_EDITOR',
  resourceType: 'team',
  resourceId: '516720a3-d2ac-4f96-9bfc-181fdf08fc42'
}
[2025-12-02T17:12:17.841Z] [App] [INFO] rbac.update_billable_seats { teamId: '516720a3-d2ac-4f96-9bfc-181fdf08fc42', billableSeats: 1 }

 ✓ src/server/projects/__tests__/default-values.property.test.ts (6 tests) 525ms
stdout | src/server/auth/__tests__/rbac.test.ts > RBAC - Property-Based Tests > Property 20: Editor roles mark billable seats
[2025-12-02T17:12:18.013Z] [App] [INFO] rbac.assign_role.success {
  userId: '14de19a5-04c3-4742-8056-8de5889bf58d',
  role: 'TEAM_MEMBER',
  resourceType: 'team',
  resourceId: '9b6a90ed-6dee-4b8d-8aa3-f32126a45aff',
  roleId: '4cbc47f9-eb0d-4698-bda5-b685215988ee'
}
[2025-12-02T17:12:18.015Z] [App] [INFO] rbac.assign_role.success {
  userId: '14de19a5-04c3-4742-8056-8de5889bf58d',
  role: 'PROJECT_EDITOR',
  resourceType: 'project',
  resourceId: '6263d983-ccc1-4a47-b3b1-e22f8df56b4a',
  roleId: 'b230a3ac-60a0-4ac5-a96d-93c0eca374e5'
}
[2025-12-02T17:12:18.016Z] [App] [INFO] rbac.update_role.success {
  userId: '14de19a5-04c3-4742-8056-8de5889bf58d',
  oldRole: 'TEAM_MEMBER',
  newRole: 'TEAM_EDITOR',
  resourceType: 'team',
  resourceId: '9b6a90ed-6dee-4b8d-8aa3-f32126a45aff'
}
[2025-12-02T17:12:18.016Z] [App] [INFO] rbac.update_billable_seats { teamId: '9b6a90ed-6dee-4b8d-8aa3-f32126a45aff', billableSeats: 1 }
[2025-12-02T17:12:18.021Z] [App] [INFO] rbac.assign_role.success {
  userId: '14de19a5-04c3-4742-8056-8de5889bf58d',
  role: 'TEAM_OWNER',
  resourceType: 'team',
  resourceId: '9b6a90ed-6dee-4b8d-8aa3-f32126a45aff',
  roleId: '1f8514dc-b466-4bbf-9b09-7d24d1f01179'
}

stdout | src/server/auth/__tests__/rbac.test.ts > RBAC - Property-Based Tests > Property 20: Editor roles mark billable seats
[2025-12-02T17:12:18.189Z] [App] [INFO] rbac.assign_role.success {
  userId: '731dd9b6-dcc5-4bd2-8a5d-b60981f88938',
  role: 'TEAM_EDITOR',
  resourceType: 'team',
  resourceId: '9b6a90ed-6dee-4b8d-8aa3-f32126a45aff',
  roleId: '4bc62f50-9099-4c20-af22-6d457b97c081'
}
[2025-12-02T17:12:18.190Z] [App] [INFO] rbac.update_billable_seats { teamId: '9b6a90ed-6dee-4b8d-8aa3-f32126a45aff', billableSeats: 2 }
[2025-12-02T17:12:18.193Z] [App] [INFO] rbac.remove_role.success {
  userId: '731dd9b6-dcc5-4bd2-8a5d-b60981f88938',
  role: 'TEAM_EDITOR',
  resourceType: 'team',
  resourceId: '9b6a90ed-6dee-4b8d-8aa3-f32126a45aff'
}
[2025-12-02T17:12:18.194Z] [App] [INFO] rbac.update_billable_seats { teamId: '9b6a90ed-6dee-4b8d-8aa3-f32126a45aff', billableSeats: 1 }

stdout | src/server/auth/__tests__/rbac.test.ts > RBAC - Property-Based Tests > Property 20: Editor roles mark billable seats
[2025-12-02T17:12:18.584Z] [App] [INFO] rbac.assign_role.success {
  userId: 'b9d0a230-d949-4c39-9985-e391859c0659',
  role: 'TEAM_MEMBER',
  resourceType: 'team',
  resourceId: '22b0e7e3-a76f-4caf-bdc9-a204e8443356',
  roleId: 'cad1eb29-4713-4058-af82-9eb0c10614de'
}
[2025-12-02T17:12:18.599Z] [App] [INFO] rbac.assign_role.success {
  userId: 'b9d0a230-d949-4c39-9985-e391859c0659',
  role: 'PROJECT_OWNER',
  resourceType: 'project',
  resourceId: '4daf3958-034c-4d21-a570-d5c8d5ab3957',
  roleId: '81e74a01-b412-4b99-9790-4a470c38a393'
}
[2025-12-02T17:12:18.609Z] [App] [INFO] rbac.update_role.success {
  userId: 'b9d0a230-d949-4c39-9985-e391859c0659',
  oldRole: 'TEAM_MEMBER',
  newRole: 'TEAM_EDITOR',
  resourceType: 'team',
  resourceId: '22b0e7e3-a76f-4caf-bdc9-a204e8443356'
}
[2025-12-02T17:12:18.622Z] [App] [INFO] rbac.update_billable_seats { teamId: '22b0e7e3-a76f-4caf-bdc9-a204e8443356', billableSeats: 1 }
[2025-12-02T17:12:18.630Z] [App] [INFO] rbac.assign_role.success {
  userId: 'b9d0a230-d949-4c39-9985-e391859c0659',
  role: 'TEAM_OWNER',
  resourceType: 'team',
  resourceId: '22b0e7e3-a76f-4caf-bdc9-a204e8443356',
  roleId: '26806e0a-bfb9-4af4-8ad1-0e9d2df37c12'
}

stdout | src/server/auth/__tests__/rbac.test.ts > RBAC - Property-Based Tests > Property 20: Editor roles mark billable seats
[2025-12-02T17:12:18.897Z] [App] [INFO] rbac.assign_role.success {
  userId: 'd2f7718a-1185-4c17-863d-5bd237f9406c',
  role: 'TEAM_EDITOR',
  resourceType: 'team',
  resourceId: '22b0e7e3-a76f-4caf-bdc9-a204e8443356',
  roleId: '16708d71-c1f1-41c9-9787-5cfec513c3d9'
}
[2025-12-02T17:12:18.899Z] [App] [INFO] rbac.update_billable_seats { teamId: '22b0e7e3-a76f-4caf-bdc9-a204e8443356', billableSeats: 2 }
[2025-12-02T17:12:18.900Z] [App] [INFO] rbac.remove_role.success {
  userId: 'd2f7718a-1185-4c17-863d-5bd237f9406c',
  role: 'TEAM_EDITOR',
  resourceType: 'team',
  resourceId: '22b0e7e3-a76f-4caf-bdc9-a204e8443356'
}
[2025-12-02T17:12:18.900Z] [App] [INFO] rbac.update_billable_seats { teamId: '22b0e7e3-a76f-4caf-bdc9-a204e8443356', billableSeats: 1 }

stdout | src/server/auth/__tests__/rbac.test.ts > RBAC - Property-Based Tests > Property 20: Editor roles mark billable seats
[2025-12-02T17:12:19.072Z] [App] [INFO] rbac.assign_role.success {
  userId: '5be30d1d-de64-4fbb-9cc9-09222564f516',
  role: 'TEAM_MEMBER',
  resourceType: 'team',
  resourceId: '6d2ffcf4-bc3b-4495-8b90-b5984a34e0e5',
  roleId: 'b7481e5e-e796-4c0d-86c0-12882710e150'
}
[2025-12-02T17:12:19.074Z] [App] [INFO] rbac.assign_role.success {
  userId: '5be30d1d-de64-4fbb-9cc9-09222564f516',
  role: 'PROJECT_OWNER',
  resourceType: 'project',
  resourceId: '75f916d3-24a5-4476-ae84-1594f4ff8883',
  roleId: '404a36db-0acb-4716-8aba-cdff05b19dbb'
}
[2025-12-02T17:12:19.075Z] [App] [INFO] rbac.update_role.success {
  userId: '5be30d1d-de64-4fbb-9cc9-09222564f516',
  oldRole: 'TEAM_MEMBER',
  newRole: 'TEAM_EDITOR',
  resourceType: 'team',
  resourceId: '6d2ffcf4-bc3b-4495-8b90-b5984a34e0e5'
}
[2025-12-02T17:12:19.076Z] [App] [INFO] rbac.update_billable_seats { teamId: '6d2ffcf4-bc3b-4495-8b90-b5984a34e0e5', billableSeats: 1 }
[2025-12-02T17:12:19.077Z] [App] [INFO] rbac.assign_role.success {
  userId: '5be30d1d-de64-4fbb-9cc9-09222564f516',
  role: 'TEAM_OWNER',
  resourceType: 'team',
  resourceId: '6d2ffcf4-bc3b-4495-8b90-b5984a34e0e5',
  roleId: '13e65adc-eacf-4511-9d88-6787a7343756'
}

stdout | src/server/auth/__tests__/rbac.test.ts > RBAC - Property-Based Tests > Property 20: Editor roles mark billable seats
[2025-12-02T17:12:19.234Z] [App] [INFO] rbac.assign_role.success {
  userId: 'ca04b61b-dce3-4ce4-bfb8-8fb1cfe0bb6b',
  role: 'TEAM_EDITOR',
  resourceType: 'team',
  resourceId: '6d2ffcf4-bc3b-4495-8b90-b5984a34e0e5',
  roleId: 'd73892a0-6a47-464e-a58c-5418fd3adefc'
}
[2025-12-02T17:12:19.236Z] [App] [INFO] rbac.update_billable_seats { teamId: '6d2ffcf4-bc3b-4495-8b90-b5984a34e0e5', billableSeats: 2 }
[2025-12-02T17:12:19.242Z] [App] [INFO] rbac.remove_role.success {
  userId: 'ca04b61b-dce3-4ce4-bfb8-8fb1cfe0bb6b',
  role: 'TEAM_EDITOR',
  resourceType: 'team',
  resourceId: '6d2ffcf4-bc3b-4495-8b90-b5984a34e0e5'
}
[2025-12-02T17:12:19.245Z] [App] [INFO] rbac.update_billable_seats { teamId: '6d2ffcf4-bc3b-4495-8b90-b5984a34e0e5', billableSeats: 1 }

stdout | src/server/auth/__tests__/rbac.test.ts > RBAC - Property-Based Tests > Property 20: Editor roles mark billable seats
[2025-12-02T17:12:19.426Z] [App] [INFO] rbac.assign_role.success {
  userId: '1ce189e0-2b41-4e9a-9ffe-85bde3b4e825',
  role: 'TEAM_MEMBER',
  resourceType: 'team',
  resourceId: 'd971d062-4965-4468-93da-42e651aa4fd6',
  roleId: 'a8bf412f-d77d-49cb-a6b1-faae75142d8c'
}
[2025-12-02T17:12:19.432Z] [App] [INFO] rbac.assign_role.success {
  userId: '1ce189e0-2b41-4e9a-9ffe-85bde3b4e825',
  role: 'PROJECT_EDITOR',
  resourceType: 'project',
  resourceId: 'e7422882-f325-4c1c-9942-d5ad0208456e',
  roleId: '17d3f3ae-7d4d-46e9-b672-e7c5f602ae1a'
}
[2025-12-02T17:12:19.433Z] [App] [INFO] rbac.update_role.success {
  userId: '1ce189e0-2b41-4e9a-9ffe-85bde3b4e825',
  oldRole: 'TEAM_MEMBER',
  newRole: 'TEAM_EDITOR',
  resourceType: 'team',
  resourceId: 'd971d062-4965-4468-93da-42e651aa4fd6'
}
[2025-12-02T17:12:19.433Z] [App] [INFO] rbac.update_billable_seats { teamId: 'd971d062-4965-4468-93da-42e651aa4fd6', billableSeats: 1 }
[2025-12-02T17:12:19.436Z] [App] [INFO] rbac.assign_role.success {
  userId: '1ce189e0-2b41-4e9a-9ffe-85bde3b4e825',
  role: 'TEAM_OWNER',
  resourceType: 'team',
  resourceId: 'd971d062-4965-4468-93da-42e651aa4fd6',
  roleId: '39d129a4-ea22-43cd-852c-4d5f399b3032'
}

stdout | src/server/auth/__tests__/rbac.test.ts > RBAC - Property-Based Tests > Property 20: Editor roles mark billable seats
[2025-12-02T17:12:19.872Z] [App] [INFO] rbac.assign_role.success {
  userId: 'a2042519-a8f5-42cb-a914-253b618bbb7b',
  role: 'TEAM_EDITOR',
  resourceType: 'team',
  resourceId: 'd971d062-4965-4468-93da-42e651aa4fd6',
  roleId: 'a82835ae-0c2d-44a3-8c10-d0b422c42a6b'
}
[2025-12-02T17:12:19.873Z] [App] [INFO] rbac.update_billable_seats { teamId: 'd971d062-4965-4468-93da-42e651aa4fd6', billableSeats: 2 }
[2025-12-02T17:12:19.876Z] [App] [INFO] rbac.remove_role.success {
  userId: 'a2042519-a8f5-42cb-a914-253b618bbb7b',
  role: 'TEAM_EDITOR',
  resourceType: 'team',
  resourceId: 'd971d062-4965-4468-93da-42e651aa4fd6'
}
[2025-12-02T17:12:19.879Z] [App] [INFO] rbac.update_billable_seats { teamId: 'd971d062-4965-4468-93da-42e651aa4fd6', billableSeats: 1 }

stdout | src/server/auth/__tests__/rbac.test.ts > RBAC - Property-Based Tests > Property 20: Editor roles mark billable seats
[2025-12-02T17:12:20.152Z] [App] [INFO] rbac.assign_role.success {
  userId: '6b9aacdd-29c4-4470-8c85-10eb12a6c257',
  role: 'TEAM_MEMBER',
  resourceType: 'team',
  resourceId: '933e0345-5095-4b36-942c-f194479f295f',
  roleId: 'ef503fd2-2301-44a4-b07d-d77053005061'
}
[2025-12-02T17:12:20.158Z] [App] [INFO] rbac.assign_role.success {
  userId: '6b9aacdd-29c4-4470-8c85-10eb12a6c257',
  role: 'PROJECT_OWNER',
  resourceType: 'project',
  resourceId: 'b3e53cc4-452f-4af5-9ede-7578f6bee692',
  roleId: '80e1340a-cdda-4585-9660-ca01c7b314cd'
}
[2025-12-02T17:12:20.169Z] [App] [INFO] rbac.update_role.success {
  userId: '6b9aacdd-29c4-4470-8c85-10eb12a6c257',
  oldRole: 'TEAM_MEMBER',
  newRole: 'TEAM_EDITOR',
  resourceType: 'team',
  resourceId: '933e0345-5095-4b36-942c-f194479f295f'
}
[2025-12-02T17:12:20.170Z] [App] [INFO] rbac.update_billable_seats { teamId: '933e0345-5095-4b36-942c-f194479f295f', billableSeats: 1 }
[2025-12-02T17:12:20.171Z] [App] [INFO] rbac.assign_role.success {
  userId: '6b9aacdd-29c4-4470-8c85-10eb12a6c257',
  role: 'TEAM_OWNER',
  resourceType: 'team',
  resourceId: '933e0345-5095-4b36-942c-f194479f295f',
  roleId: '1a2e2621-58a4-49d7-beca-bf45504eb370'
}

 ✓ src/server/projects/__tests__/soft-deletion.property.test.ts (6 tests) 648ms
stdout | src/server/auth/__tests__/rbac.test.ts > RBAC - Property-Based Tests > Property 20: Editor roles mark billable seats
[2025-12-02T17:12:20.368Z] [App] [INFO] rbac.assign_role.success {
  userId: '12377118-0de3-4b7d-af28-a68971b72325',
  role: 'TEAM_EDITOR',
  resourceType: 'team',
  resourceId: '933e0345-5095-4b36-942c-f194479f295f',
  roleId: '368320d2-f1f9-4154-95fd-4b2e1b492d66'
}
[2025-12-02T17:12:20.368Z] [App] [INFO] rbac.update_billable_seats { teamId: '933e0345-5095-4b36-942c-f194479f295f', billableSeats: 2 }
[2025-12-02T17:12:20.373Z] [App] [INFO] rbac.remove_role.success {
  userId: '12377118-0de3-4b7d-af28-a68971b72325',
  role: 'TEAM_EDITOR',
  resourceType: 'team',
  resourceId: '933e0345-5095-4b36-942c-f194479f295f'
}
[2025-12-02T17:12:20.375Z] [App] [INFO] rbac.update_billable_seats { teamId: '933e0345-5095-4b36-942c-f194479f295f', billableSeats: 1 }

stdout | src/server/auth/__tests__/rbac.test.ts > RBAC - Property-Based Tests > Property 20: Editor roles mark billable seats
[2025-12-02T17:12:20.727Z] [App] [INFO] rbac.assign_role.success {
  userId: '86011e3c-b8cb-4000-b5a5-70050ce96d0c',
  role: 'TEAM_MEMBER',
  resourceType: 'team',
  resourceId: '8555aea7-4600-464f-ab54-e933b6697612',
  roleId: 'ee4b80d2-b3e1-4c38-be88-7201b67aacd8'
}
[2025-12-02T17:12:20.733Z] [App] [INFO] rbac.assign_role.success {
  userId: '86011e3c-b8cb-4000-b5a5-70050ce96d0c',
  role: 'PROJECT_EDITOR',
  resourceType: 'project',
  resourceId: 'e26de769-d228-4886-9425-86e4dda502d4',
  roleId: '569f3438-4f2f-47ef-9835-a8beaf52c993'
}
[2025-12-02T17:12:20.738Z] [App] [INFO] rbac.update_role.success {
  userId: '86011e3c-b8cb-4000-b5a5-70050ce96d0c',
  oldRole: 'TEAM_MEMBER',
  newRole: 'TEAM_EDITOR',
  resourceType: 'team',
  resourceId: '8555aea7-4600-464f-ab54-e933b6697612'
}
[2025-12-02T17:12:20.739Z] [App] [INFO] rbac.update_billable_seats { teamId: '8555aea7-4600-464f-ab54-e933b6697612', billableSeats: 1 }
[2025-12-02T17:12:20.747Z] [App] [INFO] rbac.assign_role.success {
  userId: '86011e3c-b8cb-4000-b5a5-70050ce96d0c',
  role: 'TEAM_OWNER',
  resourceType: 'team',
  resourceId: '8555aea7-4600-464f-ab54-e933b6697612',
  roleId: '44c65ac7-155f-438c-b688-ab477ade29db'
}

stdout | src/server/auth/__tests__/rbac.test.ts > RBAC - Property-Based Tests > Property 20: Editor roles mark billable seats
[2025-12-02T17:12:21.176Z] [App] [INFO] rbac.assign_role.success {
  userId: 'cc9eec4f-15b8-4208-b535-887881b96235',
  role: 'TEAM_EDITOR',
  resourceType: 'team',
  resourceId: '8555aea7-4600-464f-ab54-e933b6697612',
  roleId: '7261f9fe-a1ea-47cf-8526-95288a63c9ab'
}
[2025-12-02T17:12:21.177Z] [App] [INFO] rbac.update_billable_seats { teamId: '8555aea7-4600-464f-ab54-e933b6697612', billableSeats: 2 }
[2025-12-02T17:12:21.180Z] [App] [INFO] rbac.remove_role.success {
  userId: 'cc9eec4f-15b8-4208-b535-887881b96235',
  role: 'TEAM_EDITOR',
  resourceType: 'team',
  resourceId: '8555aea7-4600-464f-ab54-e933b6697612'
}
[2025-12-02T17:12:21.180Z] [App] [INFO] rbac.update_billable_seats { teamId: '8555aea7-4600-464f-ab54-e933b6697612', billableSeats: 1 }

stdout | src/server/auth/__tests__/rbac.test.ts > RBAC - Property-Based Tests > Property 20: Editor roles mark billable seats
[2025-12-02T17:12:21.345Z] [App] [INFO] rbac.assign_role.success {
  userId: '4a7be338-6f84-4f8d-9197-6b5c9e6d53b3',
  role: 'TEAM_MEMBER',
  resourceType: 'team',
  resourceId: 'c15ac838-9eb3-4cfa-ae32-ceaef8d787f6',
  roleId: '272e85bc-ce30-47ce-992c-3f1d5d9e165c'
}
[2025-12-02T17:12:21.348Z] [App] [INFO] rbac.assign_role.success {
  userId: '4a7be338-6f84-4f8d-9197-6b5c9e6d53b3',
  role: 'PROJECT_OWNER',
  resourceType: 'project',
  resourceId: 'e59ee86f-954e-4823-baa1-fb630ab40898',
  roleId: 'f7a864ad-81b1-43a4-b3d5-a7ff9e647851'
}
[2025-12-02T17:12:21.349Z] [App] [INFO] rbac.update_role.success {
  userId: '4a7be338-6f84-4f8d-9197-6b5c9e6d53b3',
  oldRole: 'TEAM_MEMBER',
  newRole: 'TEAM_EDITOR',
  resourceType: 'team',
  resourceId: 'c15ac838-9eb3-4cfa-ae32-ceaef8d787f6'
}
[2025-12-02T17:12:21.349Z] [App] [INFO] rbac.update_billable_seats { teamId: 'c15ac838-9eb3-4cfa-ae32-ceaef8d787f6', billableSeats: 1 }
[2025-12-02T17:12:21.351Z] [App] [INFO] rbac.assign_role.success {
  userId: '4a7be338-6f84-4f8d-9197-6b5c9e6d53b3',
  role: 'TEAM_OWNER',
  resourceType: 'team',
  resourceId: 'c15ac838-9eb3-4cfa-ae32-ceaef8d787f6',
  roleId: '7568e7c9-a35a-4574-aa6b-7c726eeaf7f6'
}

stdout | src/server/auth/__tests__/rbac.test.ts > RBAC - Property-Based Tests > Property 20: Editor roles mark billable seats
[2025-12-02T17:12:21.504Z] [App] [INFO] rbac.assign_role.success {
  userId: 'e9dfe98b-d48a-494d-bf21-0c2cb18be003',
  role: 'TEAM_EDITOR',
  resourceType: 'team',
  resourceId: 'c15ac838-9eb3-4cfa-ae32-ceaef8d787f6',
  roleId: 'f5cbfb9f-7102-4fc3-9a13-5812a28a821f'
}
[2025-12-02T17:12:21.506Z] [App] [INFO] rbac.update_billable_seats { teamId: 'c15ac838-9eb3-4cfa-ae32-ceaef8d787f6', billableSeats: 2 }
[2025-12-02T17:12:21.509Z] [App] [INFO] rbac.remove_role.success {
  userId: 'e9dfe98b-d48a-494d-bf21-0c2cb18be003',
  role: 'TEAM_EDITOR',
  resourceType: 'team',
  resourceId: 'c15ac838-9eb3-4cfa-ae32-ceaef8d787f6'
}
[2025-12-02T17:12:21.510Z] [App] [INFO] rbac.update_billable_seats { teamId: 'c15ac838-9eb3-4cfa-ae32-ceaef8d787f6', billableSeats: 1 }

 ✓ src/server/teams/__tests__/ownership-transfer.property.test.ts (3 tests) 573ms
stdout | src/server/auth/__tests__/rbac.test.ts > RBAC - Property-Based Tests > Property 20: Editor roles mark billable seats
[2025-12-02T17:12:21.727Z] [App] [INFO] rbac.assign_role.success {
  userId: 'bd6b6a02-7347-4884-b222-361387b2ed83',
  role: 'TEAM_MEMBER',
  resourceType: 'team',
  resourceId: 'a64defb8-a523-4058-83b1-7bbe00c83744',
  roleId: '7c15950d-97ab-4e12-b0ed-1c305990b156'
}
[2025-12-02T17:12:21.729Z] [App] [INFO] rbac.assign_role.success {
  userId: 'bd6b6a02-7347-4884-b222-361387b2ed83',
  role: 'PROJECT_EDITOR',
  resourceType: 'project',
  resourceId: 'a5548e91-96c0-44f4-8dff-a7dd640c7f88',
  roleId: 'df903062-d48c-4095-810d-4333cacf7324'
}
[2025-12-02T17:12:21.731Z] [App] [INFO] rbac.update_role.success {
  userId: 'bd6b6a02-7347-4884-b222-361387b2ed83',
  oldRole: 'TEAM_MEMBER',
  newRole: 'TEAM_EDITOR',
  resourceType: 'team',
  resourceId: 'a64defb8-a523-4058-83b1-7bbe00c83744'
}
[2025-12-02T17:12:21.731Z] [App] [INFO] rbac.update_billable_seats { teamId: 'a64defb8-a523-4058-83b1-7bbe00c83744', billableSeats: 1 }
[2025-12-02T17:12:21.733Z] [App] [INFO] rbac.assign_role.success {
  userId: 'bd6b6a02-7347-4884-b222-361387b2ed83',
  role: 'TEAM_OWNER',
  resourceType: 'team',
  resourceId: 'a64defb8-a523-4058-83b1-7bbe00c83744',
  roleId: '469fb83a-5b17-478c-8654-d9737fa6c9a0'
}

stdout | src/server/auth/__tests__/rbac.test.ts > RBAC - Property-Based Tests > Property 20: Editor roles mark billable seats
[2025-12-02T17:12:21.952Z] [App] [INFO] rbac.assign_role.success {
  userId: '3be2dfa5-4ffc-4a44-a6e2-3aa3f5b1e97f',
  role: 'TEAM_EDITOR',
  resourceType: 'team',
  resourceId: 'a64defb8-a523-4058-83b1-7bbe00c83744',
  roleId: '61e83b1f-ee1b-4ecc-afcf-3c6717cea242'
}
[2025-12-02T17:12:21.952Z] [App] [INFO] rbac.update_billable_seats { teamId: 'a64defb8-a523-4058-83b1-7bbe00c83744', billableSeats: 2 }
[2025-12-02T17:12:21.957Z] [App] [INFO] rbac.remove_role.success {
  userId: '3be2dfa5-4ffc-4a44-a6e2-3aa3f5b1e97f',
  role: 'TEAM_EDITOR',
  resourceType: 'team',
  resourceId: 'a64defb8-a523-4058-83b1-7bbe00c83744'
}
[2025-12-02T17:12:21.958Z] [App] [INFO] rbac.update_billable_seats { teamId: 'a64defb8-a523-4058-83b1-7bbe00c83744', billableSeats: 1 }

stdout | src/server/auth/__tests__/rbac.test.ts > RBAC - Property-Based Tests > Property 20: Editor roles mark billable seats
[2025-12-02T17:12:22.121Z] [App] [INFO] rbac.assign_role.success {
  userId: 'a8e38f52-5b43-41f4-babe-12f8ac82b181',
  role: 'TEAM_MEMBER',
  resourceType: 'team',
  resourceId: 'eafafdb2-d903-455f-80c1-47ab982b94af',
  roleId: '439985c5-d658-4f1b-a839-09acc506fcdc'
}
[2025-12-02T17:12:22.127Z] [App] [INFO] rbac.assign_role.success {
  userId: 'a8e38f52-5b43-41f4-babe-12f8ac82b181',
  role: 'PROJECT_EDITOR',
  resourceType: 'project',
  resourceId: '220f2819-df23-4d32-b324-5f484c338551',
  roleId: '619b579e-7258-463a-98af-0d277e1604f5'
}
[2025-12-02T17:12:22.131Z] [App] [INFO] rbac.update_role.success {
  userId: 'a8e38f52-5b43-41f4-babe-12f8ac82b181',
  oldRole: 'TEAM_MEMBER',
  newRole: 'TEAM_EDITOR',
  resourceType: 'team',
  resourceId: 'eafafdb2-d903-455f-80c1-47ab982b94af'
}
[2025-12-02T17:12:22.131Z] [App] [INFO] rbac.update_billable_seats { teamId: 'eafafdb2-d903-455f-80c1-47ab982b94af', billableSeats: 1 }
[2025-12-02T17:12:22.133Z] [App] [INFO] rbac.assign_role.success {
  userId: 'a8e38f52-5b43-41f4-babe-12f8ac82b181',
  role: 'TEAM_OWNER',
  resourceType: 'team',
  resourceId: 'eafafdb2-d903-455f-80c1-47ab982b94af',
  roleId: '59a6849c-e749-4002-9b45-69f4f87e9828'
}

 ✓ src/server/projects/__tests__/project-stats.property.test.ts (5 tests) 418ms
stdout | src/server/auth/__tests__/rbac.test.ts > RBAC - Property-Based Tests > Property 20: Editor roles mark billable seats
[2025-12-02T17:12:22.308Z] [App] [INFO] rbac.assign_role.success {
  userId: 'b31bcb0b-d5e2-480f-a156-59ba4786e6f8',
  role: 'TEAM_EDITOR',
  resourceType: 'team',
  resourceId: 'eafafdb2-d903-455f-80c1-47ab982b94af',
  roleId: '83c26c5e-fde0-4de5-acb1-45489f980dd7'
}
[2025-12-02T17:12:22.310Z] [App] [INFO] rbac.update_billable_seats { teamId: 'eafafdb2-d903-455f-80c1-47ab982b94af', billableSeats: 2 }
[2025-12-02T17:12:22.312Z] [App] [INFO] rbac.remove_role.success {
  userId: 'b31bcb0b-d5e2-480f-a156-59ba4786e6f8',
  role: 'TEAM_EDITOR',
  resourceType: 'team',
  resourceId: 'eafafdb2-d903-455f-80c1-47ab982b94af'
}
[2025-12-02T17:12:22.313Z] [App] [INFO] rbac.update_billable_seats { teamId: 'eafafdb2-d903-455f-80c1-47ab982b94af', billableSeats: 1 }

stdout | src/server/auth/__tests__/rbac.test.ts > RBAC - Property-Based Tests > Property 20: Editor roles mark billable seats
[2025-12-02T17:12:22.457Z] [App] [INFO] rbac.assign_role.success {
  userId: '00bcc817-45c1-4372-b9b8-783627a1b040',
  role: 'TEAM_MEMBER',
  resourceType: 'team',
  resourceId: '2b08f0a5-4bcf-482a-9a15-e2196e3fa484',
  roleId: '214f1abf-1dce-4670-9a09-4100948f6108'
}
[2025-12-02T17:12:22.459Z] [App] [INFO] rbac.assign_role.success {
  userId: '00bcc817-45c1-4372-b9b8-783627a1b040',
  role: 'PROJECT_EDITOR',
  resourceType: 'project',
  resourceId: '861b8ba5-8f32-4aac-8836-ccb506cab891',
  roleId: '230a8ea2-a07b-4db4-9a37-9eea08999a7f'
}
[2025-12-02T17:12:22.460Z] [App] [INFO] rbac.update_role.success {
  userId: '00bcc817-45c1-4372-b9b8-783627a1b040',
  oldRole: 'TEAM_MEMBER',
  newRole: 'TEAM_EDITOR',
  resourceType: 'team',
  resourceId: '2b08f0a5-4bcf-482a-9a15-e2196e3fa484'
}
[2025-12-02T17:12:22.460Z] [App] [INFO] rbac.update_billable_seats { teamId: '2b08f0a5-4bcf-482a-9a15-e2196e3fa484', billableSeats: 1 }
[2025-12-02T17:12:22.463Z] [App] [INFO] rbac.assign_role.success {
  userId: '00bcc817-45c1-4372-b9b8-783627a1b040',
  role: 'TEAM_OWNER',
  resourceType: 'team',
  resourceId: '2b08f0a5-4bcf-482a-9a15-e2196e3fa484',
  roleId: '5f02ccd7-6a73-43e0-ad3c-406997d6705a'
}

stdout | src/server/auth/__tests__/rbac.test.ts > RBAC - Property-Based Tests > Property 20: Editor roles mark billable seats
[2025-12-02T17:12:22.604Z] [App] [INFO] rbac.assign_role.success {
  userId: 'ab10d889-02f9-40c7-841c-c311b525d351',
  role: 'TEAM_EDITOR',
  resourceType: 'team',
  resourceId: '2b08f0a5-4bcf-482a-9a15-e2196e3fa484',
  roleId: '50652197-072d-4f1e-b100-c70a3bf51a4d'
}
[2025-12-02T17:12:22.604Z] [App] [INFO] rbac.update_billable_seats { teamId: '2b08f0a5-4bcf-482a-9a15-e2196e3fa484', billableSeats: 2 }
[2025-12-02T17:12:22.605Z] [App] [INFO] rbac.remove_role.success {
  userId: 'ab10d889-02f9-40c7-841c-c311b525d351',
  role: 'TEAM_EDITOR',
  resourceType: 'team',
  resourceId: '2b08f0a5-4bcf-482a-9a15-e2196e3fa484'
}
[2025-12-02T17:12:22.605Z] [App] [INFO] rbac.update_billable_seats { teamId: '2b08f0a5-4bcf-482a-9a15-e2196e3fa484', billableSeats: 1 }

stdout | src/server/auth/__tests__/rbac.test.ts > RBAC - Property-Based Tests > Property 20: Editor roles mark billable seats
[2025-12-02T17:12:22.859Z] [App] [INFO] rbac.assign_role.success {
  userId: '03fd7fab-b7ad-4951-9896-a56bfa75b1ea',
  role: 'TEAM_MEMBER',
  resourceType: 'team',
  resourceId: 'f7b2169e-252a-4e71-9b5e-ef92c1f717bb',
  roleId: 'b07885ce-8877-446b-a930-9009bda35851'
}
[2025-12-02T17:12:22.872Z] [App] [INFO] rbac.assign_role.success {
  userId: '03fd7fab-b7ad-4951-9896-a56bfa75b1ea',
  role: 'PROJECT_OWNER',
  resourceType: 'project',
  resourceId: '0f2da2fb-d98b-4afe-8262-28083633a5ff',
  roleId: '2ae87949-e70e-4d34-8121-e57de0db1445'
}
[2025-12-02T17:12:22.887Z] [App] [INFO] rbac.update_role.success {
  userId: '03fd7fab-b7ad-4951-9896-a56bfa75b1ea',
  oldRole: 'TEAM_MEMBER',
  newRole: 'TEAM_EDITOR',
  resourceType: 'team',
  resourceId: 'f7b2169e-252a-4e71-9b5e-ef92c1f717bb'
}
[2025-12-02T17:12:22.888Z] [App] [INFO] rbac.update_billable_seats { teamId: 'f7b2169e-252a-4e71-9b5e-ef92c1f717bb', billableSeats: 1 }
[2025-12-02T17:12:22.905Z] [App] [INFO] rbac.assign_role.success {
  userId: '03fd7fab-b7ad-4951-9896-a56bfa75b1ea',
  role: 'TEAM_OWNER',
  resourceType: 'team',
  resourceId: 'f7b2169e-252a-4e71-9b5e-ef92c1f717bb',
  roleId: '63d3c954-5d70-4fef-bd38-110ea17148c6'
}

stdout | src/server/auth/__tests__/rbac.test.ts > RBAC - Property-Based Tests > Property 20: Editor roles mark billable seats
[2025-12-02T17:12:23.130Z] [App] [INFO] rbac.assign_role.success {
  userId: 'a0166c57-b757-4c43-be1f-8541b68a1df7',
  role: 'TEAM_EDITOR',
  resourceType: 'team',
  resourceId: 'f7b2169e-252a-4e71-9b5e-ef92c1f717bb',
  roleId: '8228983e-2782-42fc-a460-cad1fd45cf5c'
}
[2025-12-02T17:12:23.130Z] [App] [INFO] rbac.update_billable_seats { teamId: 'f7b2169e-252a-4e71-9b5e-ef92c1f717bb', billableSeats: 2 }
[2025-12-02T17:12:23.131Z] [App] [INFO] rbac.remove_role.success {
  userId: 'a0166c57-b757-4c43-be1f-8541b68a1df7',
  role: 'TEAM_EDITOR',
  resourceType: 'team',
  resourceId: 'f7b2169e-252a-4e71-9b5e-ef92c1f717bb'
}
[2025-12-02T17:12:23.131Z] [App] [INFO] rbac.update_billable_seats { teamId: 'f7b2169e-252a-4e71-9b5e-ef92c1f717bb', billableSeats: 1 }

stdout | src/server/auth/__tests__/rbac.test.ts > RBAC - Property-Based Tests > Property 20: Editor roles mark billable seats
[2025-12-02T17:12:23.313Z] [App] [INFO] rbac.assign_role.success {
  userId: '8fb76d12-99b4-4798-8db3-de56b7215338',
  role: 'TEAM_MEMBER',
  resourceType: 'team',
  resourceId: '97233c5a-3ac6-4ec3-8c2c-ed2823cb63fa',
  roleId: 'ce413eec-093a-4b4a-8e23-f59cbea2cccd'
}
[2025-12-02T17:12:23.314Z] [App] [INFO] rbac.assign_role.success {
  userId: '8fb76d12-99b4-4798-8db3-de56b7215338',
  role: 'PROJECT_EDITOR',
  resourceType: 'project',
  resourceId: 'aadfb79e-9c61-47da-86cc-5d9cec99dc16',
  roleId: '2ffaa835-42fd-481d-bc7a-cc3a33d84ada'
}
[2025-12-02T17:12:23.315Z] [App] [INFO] rbac.update_role.success {
  userId: '8fb76d12-99b4-4798-8db3-de56b7215338',
  oldRole: 'TEAM_MEMBER',
  newRole: 'TEAM_EDITOR',
  resourceType: 'team',
  resourceId: '97233c5a-3ac6-4ec3-8c2c-ed2823cb63fa'
}
[2025-12-02T17:12:23.316Z] [App] [INFO] rbac.update_billable_seats { teamId: '97233c5a-3ac6-4ec3-8c2c-ed2823cb63fa', billableSeats: 1 }
[2025-12-02T17:12:23.317Z] [App] [INFO] rbac.assign_role.success {
  userId: '8fb76d12-99b4-4798-8db3-de56b7215338',
  role: 'TEAM_OWNER',
  resourceType: 'team',
  resourceId: '97233c5a-3ac6-4ec3-8c2c-ed2823cb63fa',
  roleId: '75bf98d8-021f-4c8b-8d00-a241128e93ae'
}

stdout | src/server/auth/__tests__/rbac.test.ts > RBAC - Property-Based Tests > Property 20: Editor roles mark billable seats
[2025-12-02T17:12:23.459Z] [App] [INFO] rbac.assign_role.success {
  userId: '11dae09a-e30e-4632-b8a5-5b617c2e0649',
  role: 'TEAM_EDITOR',
  resourceType: 'team',
  resourceId: '97233c5a-3ac6-4ec3-8c2c-ed2823cb63fa',
  roleId: 'b3525a29-90d4-4a8f-a4c7-fa1549dbea95'
}
[2025-12-02T17:12:23.460Z] [App] [INFO] rbac.update_billable_seats { teamId: '97233c5a-3ac6-4ec3-8c2c-ed2823cb63fa', billableSeats: 2 }
[2025-12-02T17:12:23.462Z] [App] [INFO] rbac.remove_role.success {
  userId: '11dae09a-e30e-4632-b8a5-5b617c2e0649',
  role: 'TEAM_EDITOR',
  resourceType: 'team',
  resourceId: '97233c5a-3ac6-4ec3-8c2c-ed2823cb63fa'
}
[2025-12-02T17:12:23.462Z] [App] [INFO] rbac.update_billable_seats { teamId: '97233c5a-3ac6-4ec3-8c2c-ed2823cb63fa', billableSeats: 1 }

stdout | src/server/auth/__tests__/rbac.test.ts > RBAC - Property-Based Tests > Property 20: Editor roles mark billable seats
[2025-12-02T17:12:23.600Z] [App] [INFO] rbac.assign_role.success {
  userId: '5e498968-c8dc-4266-a587-933b34574dce',
  role: 'TEAM_MEMBER',
  resourceType: 'team',
  resourceId: '0760ac67-d884-44a6-b67c-41d33a468da0',
  roleId: '8b7d7b35-2d10-4083-99bc-ba7f845df4b6'
}
[2025-12-02T17:12:23.601Z] [App] [INFO] rbac.assign_role.success {
  userId: '5e498968-c8dc-4266-a587-933b34574dce',
  role: 'PROJECT_EDITOR',
  resourceType: 'project',
  resourceId: '4435b598-763a-4289-b94d-f8262241717c',
  roleId: '822171e2-127f-4fc5-951f-a244ffdbb8bb'
}
[2025-12-02T17:12:23.603Z] [App] [INFO] rbac.update_role.success {
  userId: '5e498968-c8dc-4266-a587-933b34574dce',
  oldRole: 'TEAM_MEMBER',
  newRole: 'TEAM_EDITOR',
  resourceType: 'team',
  resourceId: '0760ac67-d884-44a6-b67c-41d33a468da0'
}
[2025-12-02T17:12:23.603Z] [App] [INFO] rbac.update_billable_seats { teamId: '0760ac67-d884-44a6-b67c-41d33a468da0', billableSeats: 1 }
[2025-12-02T17:12:23.604Z] [App] [INFO] rbac.assign_role.success {
  userId: '5e498968-c8dc-4266-a587-933b34574dce',
  role: 'TEAM_OWNER',
  resourceType: 'team',
  resourceId: '0760ac67-d884-44a6-b67c-41d33a468da0',
  roleId: '57fb8ca8-80c5-4f71-b6ef-68b8e7002c5c'
}

stdout | src/server/auth/__tests__/rbac.test.ts > RBAC - Property-Based Tests > Property 20: Editor roles mark billable seats
[2025-12-02T17:12:23.791Z] [App] [INFO] rbac.assign_role.success {
  userId: '57ad6951-4def-4ac2-969a-d375e9de4a6b',
  role: 'TEAM_EDITOR',
  resourceType: 'team',
  resourceId: '0760ac67-d884-44a6-b67c-41d33a468da0',
  roleId: 'e6f696e1-7585-4caa-8566-bb12bed7bb69'
}
[2025-12-02T17:12:23.791Z] [App] [INFO] rbac.update_billable_seats { teamId: '0760ac67-d884-44a6-b67c-41d33a468da0', billableSeats: 2 }
[2025-12-02T17:12:23.792Z] [App] [INFO] rbac.remove_role.success {
  userId: '57ad6951-4def-4ac2-969a-d375e9de4a6b',
  role: 'TEAM_EDITOR',
  resourceType: 'team',
  resourceId: '0760ac67-d884-44a6-b67c-41d33a468da0'
}
[2025-12-02T17:12:23.792Z] [App] [INFO] rbac.update_billable_seats { teamId: '0760ac67-d884-44a6-b67c-41d33a468da0', billableSeats: 1 }

stdout | src/server/auth/__tests__/rbac.test.ts > RBAC - Property-Based Tests > Property 20: Editor roles mark billable seats
[2025-12-02T17:12:24.122Z] [App] [INFO] rbac.assign_role.success {
  userId: 'fe41ca13-ac33-4f02-8971-877ff723e8c7',
  role: 'TEAM_MEMBER',
  resourceType: 'team',
  resourceId: '4d614a7b-5e35-46b0-b896-953b5a6ac708',
  roleId: '4ef022d0-3dc6-494b-b690-3c7102ac6af4'
}
[2025-12-02T17:12:24.124Z] [App] [INFO] rbac.assign_role.success {
  userId: 'fe41ca13-ac33-4f02-8971-877ff723e8c7',
  role: 'PROJECT_EDITOR',
  resourceType: 'project',
  resourceId: 'e392e25c-d945-4137-b26e-d25b32e626f3',
  roleId: '1b028f1e-adca-4df3-954a-12b159c324ec'
}
[2025-12-02T17:12:24.125Z] [App] [INFO] rbac.update_role.success {
  userId: 'fe41ca13-ac33-4f02-8971-877ff723e8c7',
  oldRole: 'TEAM_MEMBER',
  newRole: 'TEAM_EDITOR',
  resourceType: 'team',
  resourceId: '4d614a7b-5e35-46b0-b896-953b5a6ac708'
}
[2025-12-02T17:12:24.125Z] [App] [INFO] rbac.update_billable_seats { teamId: '4d614a7b-5e35-46b0-b896-953b5a6ac708', billableSeats: 1 }
[2025-12-02T17:12:24.131Z] [App] [INFO] rbac.assign_role.success {
  userId: 'fe41ca13-ac33-4f02-8971-877ff723e8c7',
  role: 'TEAM_OWNER',
  resourceType: 'team',
  resourceId: '4d614a7b-5e35-46b0-b896-953b5a6ac708',
  roleId: 'be72ed63-78e7-4748-b98d-62c96d7e7fb9'
}

stderr | src/lib/__tests__/env.test.ts > Environment Variable Validation > should provide helpful error messages for missing variables
❌ Environment variable validation failed:

Missing required variables:
  - NEXT_PUBLIC_APP_URL
  - NEXT_PUBLIC_API_URL
  - DATABASE_URL
  - SUPABASE_URL
  - SUPABASE_ANON_KEY
  - SUPABASE_SERVICE_ROLE_KEY
  - R2_ACCOUNT_ID
  - R2_ACCESS_KEY_ID
  - R2_SECRET_ACCESS_KEY
  - R2_BUCKET_NAME
  - R2_PUBLIC_URL
  - GOOGLE_CLIENT_ID
  - GOOGLE_CLIENT_SECRET
  - GOOGLE_REDIRECT_URI
  - BETTER_AUTH_SECRET
  - BETTER_AUTH_URL
  - RESEND_API_KEY
  - RESEND_FROM_EMAIL

Please check your environment configuration:
  • Local development: Copy .env.example to .env.local and populate values
  • Vercel deployment: Set variables in Project Settings → Environment Variables
  • See docs/DEPLOYMENT.md for detailed setup instructions


stdout | src/server/auth/__tests__/rbac.test.ts > RBAC - Property-Based Tests > Property 20: Editor roles mark billable seats
[2025-12-02T17:12:24.345Z] [App] [INFO] rbac.assign_role.success {
  userId: 'b1a04179-6a8c-498f-a87f-08594c688492',
  role: 'TEAM_EDITOR',
  resourceType: 'team',
  resourceId: '4d614a7b-5e35-46b0-b896-953b5a6ac708',
  roleId: '192b11f0-af7a-49cd-a31c-3ad916abe635'
}
[2025-12-02T17:12:24.346Z] [App] [INFO] rbac.update_billable_seats { teamId: '4d614a7b-5e35-46b0-b896-953b5a6ac708', billableSeats: 2 }
[2025-12-02T17:12:24.347Z] [App] [INFO] rbac.remove_role.success {
  userId: 'b1a04179-6a8c-498f-a87f-08594c688492',
  role: 'TEAM_EDITOR',
  resourceType: 'team',
  resourceId: '4d614a7b-5e35-46b0-b896-953b5a6ac708'
}
[2025-12-02T17:12:24.347Z] [App] [INFO] rbac.update_billable_seats { teamId: '4d614a7b-5e35-46b0-b896-953b5a6ac708', billableSeats: 1 }

stderr | src/lib/__tests__/env.test.ts > Environment Variable Validation > should validate URL format for URL fields
❌ Environment variable validation failed:

Invalid variable values:
  - NEXT_PUBLIC_APP_URL: Invalid url

Please check your environment configuration:
  • Local development: Copy .env.example to .env.local and populate values
  • Vercel deployment: Set variables in Project Settings → Environment Variables
  • See docs/DEPLOYMENT.md for detailed setup instructions


stdout | src/server/auth/__tests__/rbac.test.ts > RBAC - Property-Based Tests > Property 20: Editor roles mark billable seats
[2025-12-02T17:12:24.503Z] [App] [INFO] rbac.assign_role.success {
  userId: 'ce5b80e5-d1d9-4f26-b2ec-ce0dbff1a324',
  role: 'TEAM_MEMBER',
  resourceType: 'team',
  resourceId: '34d2ad76-5096-42b1-a931-ae41d4efe055',
  roleId: '98f82c4b-f39c-431c-aad8-7147785d6f67'
}
[2025-12-02T17:12:24.504Z] [App] [INFO] rbac.assign_role.success {
  userId: 'ce5b80e5-d1d9-4f26-b2ec-ce0dbff1a324',
  role: 'PROJECT_OWNER',
  resourceType: 'project',
  resourceId: 'dc00b0d3-85a5-4f05-bce9-a3de874a01b0',
  roleId: '1cb82d43-58ef-4c1f-a683-bb5c11f895ee'
}
[2025-12-02T17:12:24.506Z] [App] [INFO] rbac.update_role.success {
  userId: 'ce5b80e5-d1d9-4f26-b2ec-ce0dbff1a324',
  oldRole: 'TEAM_MEMBER',
  newRole: 'TEAM_EDITOR',
  resourceType: 'team',
  resourceId: '34d2ad76-5096-42b1-a931-ae41d4efe055'
}
[2025-12-02T17:12:24.506Z] [App] [INFO] rbac.update_billable_seats { teamId: '34d2ad76-5096-42b1-a931-ae41d4efe055', billableSeats: 1 }
[2025-12-02T17:12:24.507Z] [App] [INFO] rbac.assign_role.success {
  userId: 'ce5b80e5-d1d9-4f26-b2ec-ce0dbff1a324',
  role: 'TEAM_OWNER',
  resourceType: 'team',
  resourceId: '34d2ad76-5096-42b1-a931-ae41d4efe055',
  roleId: '0c47a955-dd6f-446f-88ef-4a1c31e834e6'
}

stderr | src/lib/__tests__/env.test.ts > Environment Variable Validation > should validate minimum length for BETTER_AUTH_SECRET
❌ Environment variable validation failed:

Invalid variable values:
  - BETTER_AUTH_SECRET: String must contain at least 32 character(s)

Please check your environment configuration:
  • Local development: Copy .env.example to .env.local and populate values
  • Vercel deployment: Set variables in Project Settings → Environment Variables
  • See docs/DEPLOYMENT.md for detailed setup instructions


 ✓ src/lib/__tests__/env.test.ts (4 tests) 742ms
stdout | src/server/auth/__tests__/rbac.test.ts > RBAC - Property-Based Tests > Property 20: Editor roles mark billable seats
[2025-12-02T17:12:24.637Z] [App] [INFO] rbac.assign_role.success {
  userId: '2a4f92eb-2077-4eaf-91a3-02611281f96f',
  role: 'TEAM_EDITOR',
  resourceType: 'team',
  resourceId: '34d2ad76-5096-42b1-a931-ae41d4efe055',
  roleId: 'bf409b8b-be66-42d0-b104-5a65d7aec7f1'
}
[2025-12-02T17:12:24.637Z] [App] [INFO] rbac.update_billable_seats { teamId: '34d2ad76-5096-42b1-a931-ae41d4efe055', billableSeats: 2 }
[2025-12-02T17:12:24.638Z] [App] [INFO] rbac.remove_role.success {
  userId: '2a4f92eb-2077-4eaf-91a3-02611281f96f',
  role: 'TEAM_EDITOR',
  resourceType: 'team',
  resourceId: '34d2ad76-5096-42b1-a931-ae41d4efe055'
}
[2025-12-02T17:12:24.638Z] [App] [INFO] rbac.update_billable_seats { teamId: '34d2ad76-5096-42b1-a931-ae41d4efe055', billableSeats: 1 }

stdout | src/server/auth/__tests__/rbac.test.ts > RBAC - Property-Based Tests > Property 20: Editor roles mark billable seats
[2025-12-02T17:12:24.835Z] [App] [INFO] rbac.assign_role.success {
  userId: '287a4832-dbf5-45d6-a495-f93e5733b72b',
  role: 'TEAM_MEMBER',
  resourceType: 'team',
  resourceId: '4c92af03-76e8-4398-ad7f-3c8545a3b71c',
  roleId: '16740dae-9127-4525-b71e-1cb9dff87190'
}
[2025-12-02T17:12:24.837Z] [App] [INFO] rbac.assign_role.success {
  userId: '287a4832-dbf5-45d6-a495-f93e5733b72b',
  role: 'PROJECT_OWNER',
  resourceType: 'project',
  resourceId: '188bca83-3750-4272-a842-02af4032842f',
  roleId: 'd109f599-67d6-439e-9654-9d4e5f813a7e'
}
[2025-12-02T17:12:24.838Z] [App] [INFO] rbac.update_role.success {
  userId: '287a4832-dbf5-45d6-a495-f93e5733b72b',
  oldRole: 'TEAM_MEMBER',
  newRole: 'TEAM_EDITOR',
  resourceType: 'team',
  resourceId: '4c92af03-76e8-4398-ad7f-3c8545a3b71c'
}
[2025-12-02T17:12:24.838Z] [App] [INFO] rbac.update_billable_seats { teamId: '4c92af03-76e8-4398-ad7f-3c8545a3b71c', billableSeats: 1 }
[2025-12-02T17:12:24.840Z] [App] [INFO] rbac.assign_role.success {
  userId: '287a4832-dbf5-45d6-a495-f93e5733b72b',
  role: 'TEAM_OWNER',
  resourceType: 'team',
  resourceId: '4c92af03-76e8-4398-ad7f-3c8545a3b71c',
  roleId: '9c1e85d9-5177-40e5-913e-f9ae761ac086'
}

stdout | src/server/auth/__tests__/rbac.test.ts > RBAC - Property-Based Tests > Property 20: Editor roles mark billable seats
[2025-12-02T17:12:25.126Z] [App] [INFO] rbac.assign_role.success {
  userId: '7af26ece-af77-4784-8893-30a693a6229d',
  role: 'TEAM_EDITOR',
  resourceType: 'team',
  resourceId: '4c92af03-76e8-4398-ad7f-3c8545a3b71c',
  roleId: 'f25ba1be-de2d-4ba4-b22c-27c070b2bda7'
}
[2025-12-02T17:12:25.127Z] [App] [INFO] rbac.update_billable_seats { teamId: '4c92af03-76e8-4398-ad7f-3c8545a3b71c', billableSeats: 2 }
[2025-12-02T17:12:25.138Z] [App] [INFO] rbac.remove_role.success {
  userId: '7af26ece-af77-4784-8893-30a693a6229d',
  role: 'TEAM_EDITOR',
  resourceType: 'team',
  resourceId: '4c92af03-76e8-4398-ad7f-3c8545a3b71c'
}
[2025-12-02T17:12:25.140Z] [App] [INFO] rbac.update_billable_seats { teamId: '4c92af03-76e8-4398-ad7f-3c8545a3b71c', billableSeats: 1 }

 ✓ src/server/projects/__tests__/project-service.property.test.ts (3 tests | 1 skipped) 295ms
stdout | src/server/auth/__tests__/rbac.test.ts > RBAC - Property-Based Tests > Property 20: Editor roles mark billable seats
[2025-12-02T17:12:25.438Z] [App] [INFO] rbac.assign_role.success {
  userId: '7874f883-e464-47d6-9de3-dda539b530d3',
  role: 'TEAM_MEMBER',
  resourceType: 'team',
  resourceId: '60f2d889-1382-4327-85c8-1519a37dead1',
  roleId: 'b4b307e1-c799-45d3-a575-a19a12214e80'
}
[2025-12-02T17:12:25.440Z] [App] [INFO] rbac.assign_role.success {
  userId: '7874f883-e464-47d6-9de3-dda539b530d3',
  role: 'PROJECT_OWNER',
  resourceType: 'project',
  resourceId: '31dc7d14-cea9-4d96-9a32-1cc884b88472',
  roleId: '31b5a4b2-6f18-4263-9420-5a14d61b3a74'
}
[2025-12-02T17:12:25.441Z] [App] [INFO] rbac.update_role.success {
  userId: '7874f883-e464-47d6-9de3-dda539b530d3',
  oldRole: 'TEAM_MEMBER',
  newRole: 'TEAM_EDITOR',
  resourceType: 'team',
  resourceId: '60f2d889-1382-4327-85c8-1519a37dead1'
}
[2025-12-02T17:12:25.442Z] [App] [INFO] rbac.update_billable_seats { teamId: '60f2d889-1382-4327-85c8-1519a37dead1', billableSeats: 1 }
[2025-12-02T17:12:25.443Z] [App] [INFO] rbac.assign_role.success {
  userId: '7874f883-e464-47d6-9de3-dda539b530d3',
  role: 'TEAM_OWNER',
  resourceType: 'team',
  resourceId: '60f2d889-1382-4327-85c8-1519a37dead1',
  roleId: 'b62b8f44-a5fb-41ab-9e05-762166270e47'
}

stdout | src/server/auth/__tests__/rbac.test.ts > RBAC - Property-Based Tests > Property 20: Editor roles mark billable seats
[2025-12-02T17:12:25.612Z] [App] [INFO] rbac.assign_role.success {
  userId: '46c31b73-480c-41af-aa71-006e250f14d0',
  role: 'TEAM_EDITOR',
  resourceType: 'team',
  resourceId: '60f2d889-1382-4327-85c8-1519a37dead1',
  roleId: '87408630-3646-4219-ba4f-a81e08ea8397'
}
[2025-12-02T17:12:25.613Z] [App] [INFO] rbac.update_billable_seats { teamId: '60f2d889-1382-4327-85c8-1519a37dead1', billableSeats: 2 }
[2025-12-02T17:12:25.614Z] [App] [INFO] rbac.remove_role.success {
  userId: '46c31b73-480c-41af-aa71-006e250f14d0',
  role: 'TEAM_EDITOR',
  resourceType: 'team',
  resourceId: '60f2d889-1382-4327-85c8-1519a37dead1'
}
[2025-12-02T17:12:25.614Z] [App] [INFO] rbac.update_billable_seats { teamId: '60f2d889-1382-4327-85c8-1519a37dead1', billableSeats: 1 }

stdout | src/server/auth/__tests__/rbac.test.ts > RBAC - Property-Based Tests > Property 20: Editor roles mark billable seats
[2025-12-02T17:12:25.760Z] [App] [INFO] rbac.assign_role.success {
  userId: 'c6685536-e73b-49fc-8921-c694d59ec292',
  role: 'TEAM_MEMBER',
  resourceType: 'team',
  resourceId: '07b49b3d-6b0b-42a8-bbb6-b11044885bcb',
  roleId: '8dd489a2-fd44-416c-89e9-0c3776dd9502'
}
[2025-12-02T17:12:25.766Z] [App] [INFO] rbac.assign_role.success {
  userId: 'c6685536-e73b-49fc-8921-c694d59ec292',
  role: 'PROJECT_OWNER',
  resourceType: 'project',
  resourceId: '27dd4403-cfc9-4a40-a7aa-88d1ecb1068b',
  roleId: 'd1cfe3ea-971f-42bc-a0d1-33b8c9a3e5f7'
}
[2025-12-02T17:12:25.770Z] [App] [INFO] rbac.update_role.success {
  userId: 'c6685536-e73b-49fc-8921-c694d59ec292',
  oldRole: 'TEAM_MEMBER',
  newRole: 'TEAM_EDITOR',
  resourceType: 'team',
  resourceId: '07b49b3d-6b0b-42a8-bbb6-b11044885bcb'
}
[2025-12-02T17:12:25.771Z] [App] [INFO] rbac.update_billable_seats { teamId: '07b49b3d-6b0b-42a8-bbb6-b11044885bcb', billableSeats: 1 }
[2025-12-02T17:12:25.773Z] [App] [INFO] rbac.assign_role.success {
  userId: 'c6685536-e73b-49fc-8921-c694d59ec292',
  role: 'TEAM_OWNER',
  resourceType: 'team',
  resourceId: '07b49b3d-6b0b-42a8-bbb6-b11044885bcb',
  roleId: 'ff30468a-cb1e-4c2e-b74f-02c0f5404877'
}

stdout | src/server/auth/__tests__/rbac.test.ts > RBAC - Property-Based Tests > Property 20: Editor roles mark billable seats
[2025-12-02T17:12:25.960Z] [App] [INFO] rbac.assign_role.success {
  userId: '6a9b6387-eef7-4f98-96b1-bbdf0f4a42cf',
  role: 'TEAM_EDITOR',
  resourceType: 'team',
  resourceId: '07b49b3d-6b0b-42a8-bbb6-b11044885bcb',
  roleId: 'bb9f9270-2ebd-4674-81d1-d0c8c3f9ec38'
}
[2025-12-02T17:12:25.964Z] [App] [INFO] rbac.update_billable_seats { teamId: '07b49b3d-6b0b-42a8-bbb6-b11044885bcb', billableSeats: 2 }
[2025-12-02T17:12:25.968Z] [App] [INFO] rbac.remove_role.success {
  userId: '6a9b6387-eef7-4f98-96b1-bbdf0f4a42cf',
  role: 'TEAM_EDITOR',
  resourceType: 'team',
  resourceId: '07b49b3d-6b0b-42a8-bbb6-b11044885bcb'
}
[2025-12-02T17:12:25.969Z] [App] [INFO] rbac.update_billable_seats { teamId: '07b49b3d-6b0b-42a8-bbb6-b11044885bcb', billableSeats: 1 }

stdout | src/server/auth/__tests__/rbac.test.ts > RBAC - Property-Based Tests > Property 20: Editor roles mark billable seats
[2025-12-02T17:12:26.109Z] [App] [INFO] rbac.assign_role.success {
  userId: '439e7f0b-657e-40ba-b164-e4733f898f25',
  role: 'TEAM_MEMBER',
  resourceType: 'team',
  resourceId: '9528b062-c7e9-45e8-a138-e942f525c7a6',
  roleId: '68ab4366-c9f1-4868-b658-540891b8b885'
}
[2025-12-02T17:12:26.113Z] [App] [INFO] rbac.assign_role.success {
  userId: '439e7f0b-657e-40ba-b164-e4733f898f25',
  role: 'PROJECT_EDITOR',
  resourceType: 'project',
  resourceId: '30631d0d-24e8-4650-8435-2e9f8d9923c3',
  roleId: '47fb26ab-8bb6-4308-bf3b-fbcd4f56bcea'
}
[2025-12-02T17:12:26.115Z] [App] [INFO] rbac.update_role.success {
  userId: '439e7f0b-657e-40ba-b164-e4733f898f25',
  oldRole: 'TEAM_MEMBER',
  newRole: 'TEAM_EDITOR',
  resourceType: 'team',
  resourceId: '9528b062-c7e9-45e8-a138-e942f525c7a6'
}
[2025-12-02T17:12:26.115Z] [App] [INFO] rbac.update_billable_seats { teamId: '9528b062-c7e9-45e8-a138-e942f525c7a6', billableSeats: 1 }
[2025-12-02T17:12:26.116Z] [App] [INFO] rbac.assign_role.success {
  userId: '439e7f0b-657e-40ba-b164-e4733f898f25',
  role: 'TEAM_OWNER',
  resourceType: 'team',
  resourceId: '9528b062-c7e9-45e8-a138-e942f525c7a6',
  roleId: 'fe09b026-932b-4909-a4b7-58f22186bf68'
}

stdout | src/server/auth/__tests__/rbac.test.ts > RBAC - Property-Based Tests > Property 20: Editor roles mark billable seats
[2025-12-02T17:12:26.279Z] [App] [INFO] rbac.assign_role.success {
  userId: '759184e3-5087-4245-87c4-0fcbfb12e284',
  role: 'TEAM_EDITOR',
  resourceType: 'team',
  resourceId: '9528b062-c7e9-45e8-a138-e942f525c7a6',
  roleId: '308d4c6f-91eb-4bad-84b6-84f6d5abda9e'
}
[2025-12-02T17:12:26.280Z] [App] [INFO] rbac.update_billable_seats { teamId: '9528b062-c7e9-45e8-a138-e942f525c7a6', billableSeats: 2 }
[2025-12-02T17:12:26.281Z] [App] [INFO] rbac.remove_role.success {
  userId: '759184e3-5087-4245-87c4-0fcbfb12e284',
  role: 'TEAM_EDITOR',
  resourceType: 'team',
  resourceId: '9528b062-c7e9-45e8-a138-e942f525c7a6'
}
[2025-12-02T17:12:26.281Z] [App] [INFO] rbac.update_billable_seats { teamId: '9528b062-c7e9-45e8-a138-e942f525c7a6', billableSeats: 1 }

stdout | src/server/auth/__tests__/rbac.test.ts > RBAC - Property-Based Tests > Property 20: Editor roles mark billable seats
[2025-12-02T17:12:26.464Z] [App] [INFO] rbac.assign_role.success {
  userId: 'e869583b-8fb2-43d3-a29b-388623db629a',
  role: 'TEAM_MEMBER',
  resourceType: 'team',
  resourceId: 'bc335909-6629-47f4-8f40-619caf674f05',
  roleId: '8309fcb2-446a-4d09-ac2f-1f09b95170d4'
}
[2025-12-02T17:12:26.465Z] [App] [INFO] rbac.assign_role.success {
  userId: 'e869583b-8fb2-43d3-a29b-388623db629a',
  role: 'PROJECT_EDITOR',
  resourceType: 'project',
  resourceId: '69778094-9394-4fd5-a9ea-a243af47b367',
  roleId: '5a29497a-ec41-49a6-9c1f-c0d5a9747a64'
}
[2025-12-02T17:12:26.466Z] [App] [INFO] rbac.update_role.success {
  userId: 'e869583b-8fb2-43d3-a29b-388623db629a',
  oldRole: 'TEAM_MEMBER',
  newRole: 'TEAM_EDITOR',
  resourceType: 'team',
  resourceId: 'bc335909-6629-47f4-8f40-619caf674f05'
}
[2025-12-02T17:12:26.467Z] [App] [INFO] rbac.update_billable_seats { teamId: 'bc335909-6629-47f4-8f40-619caf674f05', billableSeats: 1 }
[2025-12-02T17:12:26.468Z] [App] [INFO] rbac.assign_role.success {
  userId: 'e869583b-8fb2-43d3-a29b-388623db629a',
  role: 'TEAM_OWNER',
  resourceType: 'team',
  resourceId: 'bc335909-6629-47f4-8f40-619caf674f05',
  roleId: '87770237-420b-4cf7-8743-caa43b5eb371'
}

 ✓ src/features/auth/hooks/__tests__/use-onboarding.test.tsx (6 tests) 828ms
stdout | src/server/auth/__tests__/rbac.test.ts > RBAC - Property-Based Tests > Property 20: Editor roles mark billable seats
[2025-12-02T17:12:27.012Z] [App] [INFO] rbac.assign_role.success {
  userId: 'b391ec38-2492-47e1-92ae-d646688f402d',
  role: 'TEAM_EDITOR',
  resourceType: 'team',
  resourceId: 'bc335909-6629-47f4-8f40-619caf674f05',
  roleId: '2236b72a-acff-4584-8d1e-126b47cff5fb'
}
[2025-12-02T17:12:27.013Z] [App] [INFO] rbac.update_billable_seats { teamId: 'bc335909-6629-47f4-8f40-619caf674f05', billableSeats: 2 }
[2025-12-02T17:12:27.014Z] [App] [INFO] rbac.remove_role.success {
  userId: 'b391ec38-2492-47e1-92ae-d646688f402d',
  role: 'TEAM_EDITOR',
  resourceType: 'team',
  resourceId: 'bc335909-6629-47f4-8f40-619caf674f05'
}
[2025-12-02T17:12:27.014Z] [App] [INFO] rbac.update_billable_seats { teamId: 'bc335909-6629-47f4-8f40-619caf674f05', billableSeats: 1 }

stdout | src/server/auth/__tests__/rbac.test.ts > RBAC - Property-Based Tests > Property 20: Editor roles mark billable seats
[2025-12-02T17:12:27.241Z] [App] [INFO] rbac.assign_role.success {
  userId: '67b0971b-43aa-4195-8c81-95a8260b2435',
  role: 'TEAM_MEMBER',
  resourceType: 'team',
  resourceId: 'c6ff0423-9fad-4389-9c21-f19350d6e68f',
  roleId: 'f2f165ac-5448-4995-84a9-aca046911536'
}
[2025-12-02T17:12:27.243Z] [App] [INFO] rbac.assign_role.success {
  userId: '67b0971b-43aa-4195-8c81-95a8260b2435',
  role: 'PROJECT_OWNER',
  resourceType: 'project',
  resourceId: 'b35d9ff4-2571-40b5-8722-adddb34e42b7',
  roleId: '22811edf-47c7-4d4b-98a9-704f07032cef'
}
[2025-12-02T17:12:27.244Z] [App] [INFO] rbac.update_role.success {
  userId: '67b0971b-43aa-4195-8c81-95a8260b2435',
  oldRole: 'TEAM_MEMBER',
  newRole: 'TEAM_EDITOR',
  resourceType: 'team',
  resourceId: 'c6ff0423-9fad-4389-9c21-f19350d6e68f'
}
[2025-12-02T17:12:27.244Z] [App] [INFO] rbac.update_billable_seats { teamId: 'c6ff0423-9fad-4389-9c21-f19350d6e68f', billableSeats: 1 }
[2025-12-02T17:12:27.255Z] [App] [INFO] rbac.assign_role.success {
  userId: '67b0971b-43aa-4195-8c81-95a8260b2435',
  role: 'TEAM_OWNER',
  resourceType: 'team',
  resourceId: 'c6ff0423-9fad-4389-9c21-f19350d6e68f',
  roleId: 'de9d7179-57b3-4ba0-9733-6878fd3ee7d0'
}

stdout | src/server/auth/__tests__/rbac.test.ts > RBAC - Property-Based Tests > Property 20: Editor roles mark billable seats
[2025-12-02T17:12:27.411Z] [App] [INFO] rbac.assign_role.success {
  userId: '10a30db2-6d01-4638-b8cb-9632280199c5',
  role: 'TEAM_EDITOR',
  resourceType: 'team',
  resourceId: 'c6ff0423-9fad-4389-9c21-f19350d6e68f',
  roleId: '4f00f8a6-c41e-4f3a-aa80-74ce7419b608'
}
[2025-12-02T17:12:27.412Z] [App] [INFO] rbac.update_billable_seats { teamId: 'c6ff0423-9fad-4389-9c21-f19350d6e68f', billableSeats: 2 }
[2025-12-02T17:12:27.413Z] [App] [INFO] rbac.remove_role.success {
  userId: '10a30db2-6d01-4638-b8cb-9632280199c5',
  role: 'TEAM_EDITOR',
  resourceType: 'team',
  resourceId: 'c6ff0423-9fad-4389-9c21-f19350d6e68f'
}
[2025-12-02T17:12:27.413Z] [App] [INFO] rbac.update_billable_seats { teamId: 'c6ff0423-9fad-4389-9c21-f19350d6e68f', billableSeats: 1 }

stdout | src/server/auth/__tests__/rbac.test.ts > RBAC - Property-Based Tests > Property 20: Editor roles mark billable seats
[2025-12-02T17:12:27.657Z] [App] [INFO] rbac.assign_role.success {
  userId: '11bd98f1-ac71-4290-ba44-3450bf8c159c',
  role: 'TEAM_MEMBER',
  resourceType: 'team',
  resourceId: 'c3869b9c-4a44-4a1a-b082-40d6377f4544',
  roleId: 'fae7fa6c-83e7-4d48-8b5e-2c5b61f7e1b6'
}
[2025-12-02T17:12:27.659Z] [App] [INFO] rbac.assign_role.success {
  userId: '11bd98f1-ac71-4290-ba44-3450bf8c159c',
  role: 'PROJECT_EDITOR',
  resourceType: 'project',
  resourceId: '431b8917-6377-4064-bb8f-9edf36976fff',
  roleId: 'd6b8e119-434a-4e74-8ccd-fbbbb657cf7b'
}
[2025-12-02T17:12:27.660Z] [App] [INFO] rbac.update_role.success {
  userId: '11bd98f1-ac71-4290-ba44-3450bf8c159c',
  oldRole: 'TEAM_MEMBER',
  newRole: 'TEAM_EDITOR',
  resourceType: 'team',
  resourceId: 'c3869b9c-4a44-4a1a-b082-40d6377f4544'
}
[2025-12-02T17:12:27.661Z] [App] [INFO] rbac.update_billable_seats { teamId: 'c3869b9c-4a44-4a1a-b082-40d6377f4544', billableSeats: 1 }
[2025-12-02T17:12:27.669Z] [App] [INFO] rbac.assign_role.success {
  userId: '11bd98f1-ac71-4290-ba44-3450bf8c159c',
  role: 'TEAM_OWNER',
  resourceType: 'team',
  resourceId: 'c3869b9c-4a44-4a1a-b082-40d6377f4544',
  roleId: 'fd5bda93-3497-48ea-9973-89a76a337037'
}

stdout | src/server/auth/__tests__/rbac.test.ts > RBAC - Property-Based Tests > Property 20: Editor roles mark billable seats
[2025-12-02T17:12:28.009Z] [App] [INFO] rbac.assign_role.success {
  userId: '02f4ce7b-e6e8-41d1-92fe-422e21275a8d',
  role: 'TEAM_EDITOR',
  resourceType: 'team',
  resourceId: 'c3869b9c-4a44-4a1a-b082-40d6377f4544',
  roleId: 'f5975286-b76e-407d-8b04-e4c417e7ecff'
}
[2025-12-02T17:12:28.010Z] [App] [INFO] rbac.update_billable_seats { teamId: 'c3869b9c-4a44-4a1a-b082-40d6377f4544', billableSeats: 2 }
[2025-12-02T17:12:28.014Z] [App] [INFO] rbac.remove_role.success {
  userId: '02f4ce7b-e6e8-41d1-92fe-422e21275a8d',
  role: 'TEAM_EDITOR',
  resourceType: 'team',
  resourceId: 'c3869b9c-4a44-4a1a-b082-40d6377f4544'
}
[2025-12-02T17:12:28.014Z] [App] [INFO] rbac.update_billable_seats { teamId: 'c3869b9c-4a44-4a1a-b082-40d6377f4544', billableSeats: 1 }

stdout | src/server/auth/__tests__/rbac.test.ts > RBAC - Property-Based Tests > Property 20: Editor roles mark billable seats
[2025-12-02T17:12:28.214Z] [App] [INFO] rbac.assign_role.success {
  userId: '6a54bb6d-0d18-4820-b932-a4c3cfe7c695',
  role: 'TEAM_MEMBER',
  resourceType: 'team',
  resourceId: 'cfc08a77-a755-4f64-8eae-62b4c03cc498',
  roleId: '4906c930-db54-41f8-93e2-e025b557055f'
}
[2025-12-02T17:12:28.216Z] [App] [INFO] rbac.assign_role.success {
  userId: '6a54bb6d-0d18-4820-b932-a4c3cfe7c695',
  role: 'PROJECT_OWNER',
  resourceType: 'project',
  resourceId: '6c841809-652f-4734-8e06-bcebcc46829d',
  roleId: '0f53c913-dbcd-4f10-978a-c0a54af4d573'
}
[2025-12-02T17:12:28.217Z] [App] [INFO] rbac.update_role.success {
  userId: '6a54bb6d-0d18-4820-b932-a4c3cfe7c695',
  oldRole: 'TEAM_MEMBER',
  newRole: 'TEAM_EDITOR',
  resourceType: 'team',
  resourceId: 'cfc08a77-a755-4f64-8eae-62b4c03cc498'
}
[2025-12-02T17:12:28.218Z] [App] [INFO] rbac.update_billable_seats { teamId: 'cfc08a77-a755-4f64-8eae-62b4c03cc498', billableSeats: 1 }
[2025-12-02T17:12:28.219Z] [App] [INFO] rbac.assign_role.success {
  userId: '6a54bb6d-0d18-4820-b932-a4c3cfe7c695',
  role: 'TEAM_OWNER',
  resourceType: 'team',
  resourceId: 'cfc08a77-a755-4f64-8eae-62b4c03cc498',
  roleId: '64b94d63-68b8-45be-b811-f7c583480333'
}

stdout | src/server/auth/__tests__/rbac.test.ts > RBAC - Property-Based Tests > Property 20: Editor roles mark billable seats
[2025-12-02T17:12:28.382Z] [App] [INFO] rbac.assign_role.success {
  userId: '0f91f477-98ad-44a1-9424-67ebff90ae1a',
  role: 'TEAM_EDITOR',
  resourceType: 'team',
  resourceId: 'cfc08a77-a755-4f64-8eae-62b4c03cc498',
  roleId: '600f5240-3c65-42d7-a579-81732a743da9'
}
[2025-12-02T17:12:28.383Z] [App] [INFO] rbac.update_billable_seats { teamId: 'cfc08a77-a755-4f64-8eae-62b4c03cc498', billableSeats: 2 }
[2025-12-02T17:12:28.383Z] [App] [INFO] rbac.remove_role.success {
  userId: '0f91f477-98ad-44a1-9424-67ebff90ae1a',
  role: 'TEAM_EDITOR',
  resourceType: 'team',
  resourceId: 'cfc08a77-a755-4f64-8eae-62b4c03cc498'
}
[2025-12-02T17:12:28.384Z] [App] [INFO] rbac.update_billable_seats { teamId: 'cfc08a77-a755-4f64-8eae-62b4c03cc498', billableSeats: 1 }

stdout | src/server/auth/__tests__/rbac.test.ts > RBAC - Property-Based Tests > Property 20: Editor roles mark billable seats
[2025-12-02T17:12:28.566Z] [App] [INFO] rbac.assign_role.success {
  userId: 'd40de37c-6480-4ef7-8a02-f4a09102a297',
  role: 'TEAM_MEMBER',
  resourceType: 'team',
  resourceId: '120aa915-da14-4f3e-892e-928c89eef0c8',
  roleId: 'cdcb64a0-db7c-4a53-993d-e7bfd84d72e4'
}
[2025-12-02T17:12:28.568Z] [App] [INFO] rbac.assign_role.success {
  userId: 'd40de37c-6480-4ef7-8a02-f4a09102a297',
  role: 'PROJECT_OWNER',
  resourceType: 'project',
  resourceId: '933eff86-a5bc-4757-9fcf-6f30695af61f',
  roleId: '1a98e76f-21ee-4d99-99b0-9f8f584ea256'
}
[2025-12-02T17:12:28.569Z] [App] [INFO] rbac.update_role.success {
  userId: 'd40de37c-6480-4ef7-8a02-f4a09102a297',
  oldRole: 'TEAM_MEMBER',
  newRole: 'TEAM_EDITOR',
  resourceType: 'team',
  resourceId: '120aa915-da14-4f3e-892e-928c89eef0c8'
}
[2025-12-02T17:12:28.570Z] [App] [INFO] rbac.update_billable_seats { teamId: '120aa915-da14-4f3e-892e-928c89eef0c8', billableSeats: 1 }
[2025-12-02T17:12:28.571Z] [App] [INFO] rbac.assign_role.success {
  userId: 'd40de37c-6480-4ef7-8a02-f4a09102a297',
  role: 'TEAM_OWNER',
  resourceType: 'team',
  resourceId: '120aa915-da14-4f3e-892e-928c89eef0c8',
  roleId: 'e0d4dbf5-1405-450c-a73e-f56dcd07399d'
}

stdout | src/server/auth/__tests__/rbac.test.ts > RBAC - Property-Based Tests > Property 20: Editor roles mark billable seats
[2025-12-02T17:12:28.901Z] [App] [INFO] rbac.assign_role.success {
  userId: '6da51459-c954-4a02-b7f7-c464610e5fa8',
  role: 'TEAM_EDITOR',
  resourceType: 'team',
  resourceId: '120aa915-da14-4f3e-892e-928c89eef0c8',
  roleId: '6737d91a-4838-459e-b776-999c093ff8d9'
}
[2025-12-02T17:12:28.902Z] [App] [INFO] rbac.update_billable_seats { teamId: '120aa915-da14-4f3e-892e-928c89eef0c8', billableSeats: 2 }
[2025-12-02T17:12:28.903Z] [App] [INFO] rbac.remove_role.success {
  userId: '6da51459-c954-4a02-b7f7-c464610e5fa8',
  role: 'TEAM_EDITOR',
  resourceType: 'team',
  resourceId: '120aa915-da14-4f3e-892e-928c89eef0c8'
}
[2025-12-02T17:12:28.903Z] [App] [INFO] rbac.update_billable_seats { teamId: '120aa915-da14-4f3e-892e-928c89eef0c8', billableSeats: 1 }

 ✓ src/features/team-settings/hooks/__tests__/use-team-settings.test.tsx (4 tests) 793ms
   ✓ useTeamSettings > should submit form and update team 355ms
stdout | src/server/auth/__tests__/rbac.test.ts > RBAC - Property-Based Tests > Property 20: Editor roles mark billable seats
[2025-12-02T17:12:29.114Z] [App] [INFO] rbac.assign_role.success {
  userId: 'fcef3e60-89b5-49e8-b854-ebf4e74c2dd0',
  role: 'TEAM_MEMBER',
  resourceType: 'team',
  resourceId: 'afee6bac-1c0e-4f2f-8f72-d86a87ed8178',
  roleId: 'adf8c20d-b94d-497e-b8ad-90f552cb4457'
}
[2025-12-02T17:12:29.115Z] [App] [INFO] rbac.assign_role.success {
  userId: 'fcef3e60-89b5-49e8-b854-ebf4e74c2dd0',
  role: 'PROJECT_OWNER',
  resourceType: 'project',
  resourceId: '35d357ea-1682-434a-ad7c-ab4bd9ba2435',
  roleId: '5b594e30-2653-406d-b0e1-92890606e0e7'
}
[2025-12-02T17:12:29.118Z] [App] [INFO] rbac.update_role.success {
  userId: 'fcef3e60-89b5-49e8-b854-ebf4e74c2dd0',
  oldRole: 'TEAM_MEMBER',
  newRole: 'TEAM_EDITOR',
  resourceType: 'team',
  resourceId: 'afee6bac-1c0e-4f2f-8f72-d86a87ed8178'
}
[2025-12-02T17:12:29.120Z] [App] [INFO] rbac.update_billable_seats { teamId: 'afee6bac-1c0e-4f2f-8f72-d86a87ed8178', billableSeats: 1 }
[2025-12-02T17:12:29.122Z] [App] [INFO] rbac.assign_role.success {
  userId: 'fcef3e60-89b5-49e8-b854-ebf4e74c2dd0',
  role: 'TEAM_OWNER',
  resourceType: 'team',
  resourceId: 'afee6bac-1c0e-4f2f-8f72-d86a87ed8178',
  roleId: '3a5ce27d-a63b-4888-b826-aa97cabfdbb3'
}

stdout | src/server/auth/__tests__/rbac.test.ts > RBAC - Property-Based Tests > Property 20: Editor roles mark billable seats
[2025-12-02T17:12:29.395Z] [App] [INFO] rbac.assign_role.success {
  userId: 'a4174bce-ee67-4c23-bf78-d5ff7b13efec',
  role: 'TEAM_EDITOR',
  resourceType: 'team',
  resourceId: 'afee6bac-1c0e-4f2f-8f72-d86a87ed8178',
  roleId: '69576d64-a07b-4d9a-a1d2-0221b895a215'
}
[2025-12-02T17:12:29.396Z] [App] [INFO] rbac.update_billable_seats { teamId: 'afee6bac-1c0e-4f2f-8f72-d86a87ed8178', billableSeats: 2 }
[2025-12-02T17:12:29.397Z] [App] [INFO] rbac.remove_role.success {
  userId: 'a4174bce-ee67-4c23-bf78-d5ff7b13efec',
  role: 'TEAM_EDITOR',
  resourceType: 'team',
  resourceId: 'afee6bac-1c0e-4f2f-8f72-d86a87ed8178'
}
[2025-12-02T17:12:29.398Z] [App] [INFO] rbac.update_billable_seats { teamId: 'afee6bac-1c0e-4f2f-8f72-d86a87ed8178', billableSeats: 1 }

stderr | src/server/auth/__tests__/verify-email.property.test.ts > Property 5: Valid verification marks user as verified > should not verify user with invalid token signature
{"eventId":"f772696f-e56f-4329-95a2-8e2271543dc8","eventType":"auth.token.tampered","timestamp":"2025-12-02T17:12:29.672Z","outcome":"failure","userId":"404e66e0-eaf2-4107-8d39-83da19e71b92","errorCode":"INVALID_TOKEN_SIGNATURE","errorMessage":"Token signature is invalid","metadata":{"tokenType":"email_verification","reason":"invalid_signature"}}

stdout | src/server/auth/__tests__/rbac.test.ts > RBAC - Property-Based Tests > Property 20: Editor roles mark billable seats
[2025-12-02T17:12:29.648Z] [App] [INFO] rbac.assign_role.success {
  userId: '6eaa59c2-9d22-4f4d-b804-dc9c7af74634',
  role: 'TEAM_MEMBER',
  resourceType: 'team',
  resourceId: '4f987fed-025a-4909-8580-5663cca192d1',
  roleId: 'f500b189-0e13-4adc-90fc-60e1e053edb3'
}
[2025-12-02T17:12:29.658Z] [App] [INFO] rbac.assign_role.success {
  userId: '6eaa59c2-9d22-4f4d-b804-dc9c7af74634',
  role: 'PROJECT_EDITOR',
  resourceType: 'project',
  resourceId: 'f50cc8d2-74c6-47a6-be0c-f89c4f30868f',
  roleId: '733d75af-cf08-45de-beaa-03972298b191'
}
[2025-12-02T17:12:29.680Z] [App] [INFO] rbac.update_role.success {
  userId: '6eaa59c2-9d22-4f4d-b804-dc9c7af74634',
  oldRole: 'TEAM_MEMBER',
  newRole: 'TEAM_EDITOR',
  resourceType: 'team',
  resourceId: '4f987fed-025a-4909-8580-5663cca192d1'
}
[2025-12-02T17:12:29.691Z] [App] [INFO] rbac.update_billable_seats { teamId: '4f987fed-025a-4909-8580-5663cca192d1', billableSeats: 1 }
[2025-12-02T17:12:29.704Z] [App] [INFO] rbac.assign_role.success {
  userId: '6eaa59c2-9d22-4f4d-b804-dc9c7af74634',
  role: 'TEAM_OWNER',
  resourceType: 'team',
  resourceId: '4f987fed-025a-4909-8580-5663cca192d1',
  roleId: '4e82e9ce-eb9d-4d98-b8f1-d8c155e37436'
}

 ✓ src/lib/__tests__/db.test.ts (4 tests) 999ms
   ✓ Database Client > should close database connection when closeDatabase is called 398ms
stderr | src/server/auth/__tests__/verify-email.property.test.ts > Property 5: Valid verification marks user as verified > should not verify user with invalid token signature
{"eventId":"03caf612-3c65-4606-be25-d90dfd286dc6","eventType":"auth.token.tampered","timestamp":"2025-12-02T17:12:30.186Z","outcome":"failure","userId":"8450a852-a4cc-4d38-b640-8c176696d0f9","errorCode":"INVALID_TOKEN_SIGNATURE","errorMessage":"Token signature is invalid","metadata":{"tokenType":"email_verification","reason":"invalid_signature"}}

stdout | src/server/auth/__tests__/rbac.test.ts > RBAC - Property-Based Tests > Property 20: Editor roles mark billable seats
[2025-12-02T17:12:30.217Z] [App] [INFO] rbac.assign_role.success {
  userId: '0cc9f546-4e17-42a7-a3c3-d057f4a679a6',
  role: 'TEAM_EDITOR',
  resourceType: 'team',
  resourceId: '4f987fed-025a-4909-8580-5663cca192d1',
  roleId: '96b2f2a6-052b-482e-9475-531177b8c536'
}
[2025-12-02T17:12:30.219Z] [App] [INFO] rbac.update_billable_seats { teamId: '4f987fed-025a-4909-8580-5663cca192d1', billableSeats: 2 }
[2025-12-02T17:12:30.222Z] [App] [INFO] rbac.remove_role.success {
  userId: '0cc9f546-4e17-42a7-a3c3-d057f4a679a6',
  role: 'TEAM_EDITOR',
  resourceType: 'team',
  resourceId: '4f987fed-025a-4909-8580-5663cca192d1'
}
[2025-12-02T17:12:30.223Z] [App] [INFO] rbac.update_billable_seats { teamId: '4f987fed-025a-4909-8580-5663cca192d1', billableSeats: 1 }

stdout | src/server/auth/__tests__/rbac.test.ts > RBAC - Property-Based Tests > Property 20: Editor roles mark billable seats
[2025-12-02T17:12:30.491Z] [App] [INFO] rbac.assign_role.success {
  userId: '497f6f8e-ff8a-456a-b3a7-f9fd7fc2cc9b',
  role: 'TEAM_MEMBER',
  resourceType: 'team',
  resourceId: 'dccbd096-21f7-4f62-af35-fb2c4663b791',
  roleId: '78ec1678-667b-4d43-a382-a89d0f1a2ff5'
}
[2025-12-02T17:12:30.497Z] [App] [INFO] rbac.assign_role.success {
  userId: '497f6f8e-ff8a-456a-b3a7-f9fd7fc2cc9b',
  role: 'PROJECT_EDITOR',
  resourceType: 'project',
  resourceId: '690e9349-6d90-45e1-991f-e3c4f4982914',
  roleId: 'f12cc1de-f890-4b04-84bc-cb3770cdbed3'
}
[2025-12-02T17:12:30.504Z] [App] [INFO] rbac.update_role.success {
  userId: '497f6f8e-ff8a-456a-b3a7-f9fd7fc2cc9b',
  oldRole: 'TEAM_MEMBER',
  newRole: 'TEAM_EDITOR',
  resourceType: 'team',
  resourceId: 'dccbd096-21f7-4f62-af35-fb2c4663b791'
}
[2025-12-02T17:12:30.505Z] [App] [INFO] rbac.update_billable_seats { teamId: 'dccbd096-21f7-4f62-af35-fb2c4663b791', billableSeats: 1 }
[2025-12-02T17:12:30.513Z] [App] [INFO] rbac.assign_role.success {
  userId: '497f6f8e-ff8a-456a-b3a7-f9fd7fc2cc9b',
  role: 'TEAM_OWNER',
  resourceType: 'team',
  resourceId: 'dccbd096-21f7-4f62-af35-fb2c4663b791',
  roleId: '2daf20ef-c05a-4420-b740-6bb51a78d049'
}

stderr | src/server/auth/__tests__/verify-email.property.test.ts > Property 5: Valid verification marks user as verified > should not verify user with invalid token signature
{"eventId":"fa4303f6-5b7c-49de-afa4-c05225bcd942","eventType":"auth.token.tampered","timestamp":"2025-12-02T17:12:30.566Z","outcome":"failure","userId":"2e286527-2d9b-454b-a3a0-7f80aaa1ad76","errorCode":"INVALID_TOKEN_SIGNATURE","errorMessage":"Token signature is invalid","metadata":{"tokenType":"email_verification","reason":"invalid_signature"}}

stderr | src/server/auth/__tests__/verify-email.property.test.ts > Property 5: Valid verification marks user as verified > should not verify user with invalid token signature
{"eventId":"66f990e7-7999-4d88-a92a-f5c6f03bb9ba","eventType":"auth.token.tampered","timestamp":"2025-12-02T17:12:30.769Z","outcome":"failure","userId":"804726b1-bd83-4666-a6a2-ab3f8bf2733c","errorCode":"INVALID_TOKEN_SIGNATURE","errorMessage":"Token signature is invalid","metadata":{"tokenType":"email_verification","reason":"invalid_signature"}}

stdout | src/server/auth/__tests__/rbac.test.ts > RBAC - Property-Based Tests > Property 20: Editor roles mark billable seats
[2025-12-02T17:12:30.773Z] [App] [INFO] rbac.assign_role.success {
  userId: 'ad039169-7038-4933-ad4d-a5ac9643a7d7',
  role: 'TEAM_EDITOR',
  resourceType: 'team',
  resourceId: 'dccbd096-21f7-4f62-af35-fb2c4663b791',
  roleId: 'f78878eb-6530-4022-bda6-3354de2d9b4c'
}
[2025-12-02T17:12:30.774Z] [App] [INFO] rbac.update_billable_seats { teamId: 'dccbd096-21f7-4f62-af35-fb2c4663b791', billableSeats: 2 }
[2025-12-02T17:12:30.777Z] [App] [INFO] rbac.remove_role.success {
  userId: 'ad039169-7038-4933-ad4d-a5ac9643a7d7',
  role: 'TEAM_EDITOR',
  resourceType: 'team',
  resourceId: 'dccbd096-21f7-4f62-af35-fb2c4663b791'
}
[2025-12-02T17:12:30.779Z] [App] [INFO] rbac.update_billable_seats { teamId: 'dccbd096-21f7-4f62-af35-fb2c4663b791', billableSeats: 1 }

stdout | src/server/auth/__tests__/rbac.test.ts > RBAC - Property-Based Tests > Property 20: Editor roles mark billable seats
[2025-12-02T17:12:31.033Z] [App] [INFO] rbac.assign_role.success {
  userId: '7b5bd2e2-c478-4b64-9638-6b313447a0e4',
  role: 'TEAM_MEMBER',
  resourceType: 'team',
  resourceId: 'ece2b0e4-145b-45fa-9bde-9e95696bce5f',
  roleId: '3d0f5774-4e1a-4e84-a3e5-70ddad257793'
}
[2025-12-02T17:12:31.035Z] [App] [INFO] rbac.assign_role.success {
  userId: '7b5bd2e2-c478-4b64-9638-6b313447a0e4',
  role: 'PROJECT_EDITOR',
  resourceType: 'project',
  resourceId: 'c955fd48-4107-4dbd-9b6a-3a27bf7f13ec',
  roleId: 'fdeaf2cc-528c-48a1-a8a8-2b4d40352a02'
}
[2025-12-02T17:12:31.037Z] [App] [INFO] rbac.update_role.success {
  userId: '7b5bd2e2-c478-4b64-9638-6b313447a0e4',
  oldRole: 'TEAM_MEMBER',
  newRole: 'TEAM_EDITOR',
  resourceType: 'team',
  resourceId: 'ece2b0e4-145b-45fa-9bde-9e95696bce5f'
}
[2025-12-02T17:12:31.037Z] [App] [INFO] rbac.update_billable_seats { teamId: 'ece2b0e4-145b-45fa-9bde-9e95696bce5f', billableSeats: 1 }
[2025-12-02T17:12:31.041Z] [App] [INFO] rbac.assign_role.success {
  userId: '7b5bd2e2-c478-4b64-9638-6b313447a0e4',
  role: 'TEAM_OWNER',
  resourceType: 'team',
  resourceId: 'ece2b0e4-145b-45fa-9bde-9e95696bce5f',
  roleId: '885d6be3-aace-48d2-98f9-253088ee02ef'
}

stderr | src/server/auth/__tests__/verify-email.property.test.ts > Property 5: Valid verification marks user as verified > should not verify user with invalid token signature
{"eventId":"982df20e-2d2c-4abf-bcb9-b6701d9cda68","eventType":"auth.token.tampered","timestamp":"2025-12-02T17:12:31.057Z","outcome":"failure","userId":"ac6d19a3-9b6b-45b9-a63a-73699fd8abb9","errorCode":"INVALID_TOKEN_SIGNATURE","errorMessage":"Token signature is invalid","metadata":{"tokenType":"email_verification","reason":"invalid_signature"}}

stderr | src/server/auth/__tests__/verify-email.property.test.ts > Property 5: Valid verification marks user as verified > should not verify user with invalid token signature
{"eventId":"0124ac43-215c-4e60-9196-a00a16c43bdf","eventType":"auth.token.tampered","timestamp":"2025-12-02T17:12:31.286Z","outcome":"failure","userId":"f2b6adea-daa9-4825-bb9c-d0182a315105","errorCode":"INVALID_TOKEN_SIGNATURE","errorMessage":"Token signature is invalid","metadata":{"tokenType":"email_verification","reason":"invalid_signature"}}

stdout | src/server/auth/__tests__/rbac.test.ts > RBAC - Property-Based Tests > Property 20: Editor roles mark billable seats
[2025-12-02T17:12:31.300Z] [App] [INFO] rbac.assign_role.success {
  userId: '46898f1a-510c-4fe8-8b1b-df88527d5a85',
  role: 'TEAM_EDITOR',
  resourceType: 'team',
  resourceId: 'ece2b0e4-145b-45fa-9bde-9e95696bce5f',
  roleId: 'bfe6fd17-4c6a-4765-a97d-5fe1fe75ec85'
}
[2025-12-02T17:12:31.304Z] [App] [INFO] rbac.update_billable_seats { teamId: 'ece2b0e4-145b-45fa-9bde-9e95696bce5f', billableSeats: 2 }
[2025-12-02T17:12:31.317Z] [App] [INFO] rbac.remove_role.success {
  userId: '46898f1a-510c-4fe8-8b1b-df88527d5a85',
  role: 'TEAM_EDITOR',
  resourceType: 'team',
  resourceId: 'ece2b0e4-145b-45fa-9bde-9e95696bce5f'
}
[2025-12-02T17:12:31.317Z] [App] [INFO] rbac.update_billable_seats { teamId: 'ece2b0e4-145b-45fa-9bde-9e95696bce5f', billableSeats: 1 }

stdout | src/server/auth/__tests__/rbac.test.ts > RBAC - Property-Based Tests > Property 20: Editor roles mark billable seats
[2025-12-02T17:12:31.525Z] [App] [INFO] rbac.assign_role.success {
  userId: '1069f20c-09a2-4b70-893f-cbbd874d7795',
  role: 'TEAM_MEMBER',
  resourceType: 'team',
  resourceId: 'ff63bd56-7b56-4b20-b189-c7eebb388b7c',
  roleId: '02bbfd55-6802-4789-9f57-a8fed6c204d6'
}
[2025-12-02T17:12:31.527Z] [App] [INFO] rbac.assign_role.success {
  userId: '1069f20c-09a2-4b70-893f-cbbd874d7795',
  role: 'PROJECT_OWNER',
  resourceType: 'project',
  resourceId: 'a75e7beb-c035-470c-be98-290bfbd9bd8e',
  roleId: '5a09200f-b8fd-4fdb-a7a8-8d19899f822e'
}
[2025-12-02T17:12:31.531Z] [App] [INFO] rbac.update_role.success {
  userId: '1069f20c-09a2-4b70-893f-cbbd874d7795',
  oldRole: 'TEAM_MEMBER',
  newRole: 'TEAM_EDITOR',
  resourceType: 'team',
  resourceId: 'ff63bd56-7b56-4b20-b189-c7eebb388b7c'
}
[2025-12-02T17:12:31.532Z] [App] [INFO] rbac.update_billable_seats { teamId: 'ff63bd56-7b56-4b20-b189-c7eebb388b7c', billableSeats: 1 }
[2025-12-02T17:12:31.533Z] [App] [INFO] rbac.assign_role.success {
  userId: '1069f20c-09a2-4b70-893f-cbbd874d7795',
  role: 'TEAM_OWNER',
  resourceType: 'team',
  resourceId: 'ff63bd56-7b56-4b20-b189-c7eebb388b7c',
  roleId: 'fc861039-5920-4329-aa1d-74aa4d947492'
}

stderr | src/server/auth/__tests__/verify-email.property.test.ts > Property 5: Valid verification marks user as verified > should not verify user with invalid token signature
{"eventId":"80642191-283f-416a-a736-4d22ee1e932d","eventType":"auth.token.tampered","timestamp":"2025-12-02T17:12:31.565Z","outcome":"failure","errorCode":"INVALID_TOKEN_FORMAT","errorMessage":"Token format is invalid","metadata":{"tokenType":"email_verification","reason":"invalid_format"}}

stdout | src/server/auth/__tests__/rbac.test.ts > RBAC - Property-Based Tests > Property 20: Editor roles mark billable seats
[2025-12-02T17:12:31.842Z] [App] [INFO] rbac.assign_role.success {
  userId: 'a342fd38-19aa-46d6-90f1-d2729cfdac25',
  role: 'TEAM_EDITOR',
  resourceType: 'team',
  resourceId: 'ff63bd56-7b56-4b20-b189-c7eebb388b7c',
  roleId: '84fd2b81-ae06-4faa-9e74-df93f01eb50b'
}
[2025-12-02T17:12:31.851Z] [App] [INFO] rbac.update_billable_seats { teamId: 'ff63bd56-7b56-4b20-b189-c7eebb388b7c', billableSeats: 2 }
[2025-12-02T17:12:31.883Z] [App] [INFO] rbac.remove_role.success {
  userId: 'a342fd38-19aa-46d6-90f1-d2729cfdac25',
  role: 'TEAM_EDITOR',
  resourceType: 'team',
  resourceId: 'ff63bd56-7b56-4b20-b189-c7eebb388b7c'
}
[2025-12-02T17:12:31.890Z] [App] [INFO] rbac.update_billable_seats { teamId: 'ff63bd56-7b56-4b20-b189-c7eebb388b7c', billableSeats: 1 }

stderr | src/server/auth/__tests__/verify-email.property.test.ts > Property 5: Valid verification marks user as verified > should not verify user with invalid token signature
{"eventId":"a6678148-366e-44ff-91ca-ae05bde389a7","eventType":"auth.token.tampered","timestamp":"2025-12-02T17:12:32.054Z","outcome":"failure","userId":"4d85fc4d-2ed8-48f0-9876-02f6ab93302a","errorCode":"INVALID_TOKEN_SIGNATURE","errorMessage":"Token signature is invalid","metadata":{"tokenType":"email_verification","reason":"invalid_signature"}}

stderr | src/server/auth/__tests__/verify-email.property.test.ts > Property 5: Valid verification marks user as verified > should not verify user with invalid token signature
{"eventId":"2e0b6850-c4d7-4131-a53b-5b1bfd44186b","eventType":"auth.token.tampered","timestamp":"2025-12-02T17:12:32.417Z","outcome":"failure","userId":"f2730322-63f7-489e-b3bc-5bf41d8efed2","errorCode":"INVALID_TOKEN_SIGNATURE","errorMessage":"Token signature is invalid","metadata":{"tokenType":"email_verification","reason":"invalid_signature"}}

stdout | src/server/auth/__tests__/rbac.test.ts > RBAC - Property-Based Tests > Property 20: Editor roles mark billable seats
[2025-12-02T17:12:32.410Z] [App] [INFO] rbac.assign_role.success {
  userId: 'd5a5f577-2962-4ac4-a8bb-1142ae5f6d54',
  role: 'TEAM_MEMBER',
  resourceType: 'team',
  resourceId: '2804096d-c95d-4b19-8825-8526a5a9a909',
  roleId: 'b2eb9a2a-e48e-47ca-8040-034c19dbb5c5'
}
[2025-12-02T17:12:32.415Z] [App] [INFO] rbac.assign_role.success {
  userId: 'd5a5f577-2962-4ac4-a8bb-1142ae5f6d54',
  role: 'PROJECT_OWNER',
  resourceType: 'project',
  resourceId: 'cc0ee9f1-6a41-48d5-93d1-d7e4ed8a74a8',
  roleId: '72786a48-d68d-4c5f-9ef8-8bd26a20c5c5'
}
[2025-12-02T17:12:32.418Z] [App] [INFO] rbac.update_role.success {
  userId: 'd5a5f577-2962-4ac4-a8bb-1142ae5f6d54',
  oldRole: 'TEAM_MEMBER',
  newRole: 'TEAM_EDITOR',
  resourceType: 'team',
  resourceId: '2804096d-c95d-4b19-8825-8526a5a9a909'
}
[2025-12-02T17:12:32.419Z] [App] [INFO] rbac.update_billable_seats { teamId: '2804096d-c95d-4b19-8825-8526a5a9a909', billableSeats: 1 }
[2025-12-02T17:12:32.424Z] [App] [INFO] rbac.assign_role.success {
  userId: 'd5a5f577-2962-4ac4-a8bb-1142ae5f6d54',
  role: 'TEAM_OWNER',
  resourceType: 'team',
  resourceId: '2804096d-c95d-4b19-8825-8526a5a9a909',
  roleId: '8335a6c8-1a06-4b71-85ad-58b35df5d9ba'
}

 ✓ src/server/projects/__tests__/utils.property.test.ts (4 tests) 819ms
stderr | src/server/auth/__tests__/verify-email.property.test.ts > Property 5: Valid verification marks user as verified > should not verify user with invalid token signature
{"eventId":"fca6adb8-d130-4608-b51e-379a883566f8","eventType":"auth.token.tampered","timestamp":"2025-12-02T17:12:32.597Z","outcome":"failure","errorCode":"INVALID_TOKEN_FORMAT","errorMessage":"Token format is invalid","metadata":{"tokenType":"email_verification","reason":"invalid_format"}}

stdout | src/server/auth/__tests__/rbac.test.ts > RBAC - Property-Based Tests > Property 20: Editor roles mark billable seats
[2025-12-02T17:12:32.609Z] [App] [INFO] rbac.assign_role.success {
  userId: '52d6b1eb-0c10-43de-9aaf-d92fd776e0ad',
  role: 'TEAM_EDITOR',
  resourceType: 'team',
  resourceId: '2804096d-c95d-4b19-8825-8526a5a9a909',
  roleId: 'c363bc88-52f3-40bb-9900-72bb6754d9df'
}
[2025-12-02T17:12:32.610Z] [App] [INFO] rbac.update_billable_seats { teamId: '2804096d-c95d-4b19-8825-8526a5a9a909', billableSeats: 2 }
[2025-12-02T17:12:32.612Z] [App] [INFO] rbac.remove_role.success {
  userId: '52d6b1eb-0c10-43de-9aaf-d92fd776e0ad',
  role: 'TEAM_EDITOR',
  resourceType: 'team',
  resourceId: '2804096d-c95d-4b19-8825-8526a5a9a909'
}
[2025-12-02T17:12:32.614Z] [App] [INFO] rbac.update_billable_seats { teamId: '2804096d-c95d-4b19-8825-8526a5a9a909', billableSeats: 1 }

stderr | src/server/auth/__tests__/verify-email.property.test.ts > Property 5: Valid verification marks user as verified > should not verify user with invalid token signature
{"eventId":"b5c22e80-44c6-411e-a849-27077aff3e25","eventType":"auth.token.tampered","timestamp":"2025-12-02T17:12:32.948Z","outcome":"failure","userId":"55f14718-10d4-47f7-83b6-3e7dbb991ae4","errorCode":"INVALID_TOKEN_SIGNATURE","errorMessage":"Token signature is invalid","metadata":{"tokenType":"email_verification","reason":"invalid_signature"}}

stdout | src/server/auth/__tests__/rbac.test.ts > RBAC - Property-Based Tests > Property 20: Editor roles mark billable seats
[2025-12-02T17:12:32.927Z] [App] [INFO] rbac.assign_role.success {
  userId: '06921f48-7740-47c3-aaa0-050ed17f9491',
  role: 'TEAM_MEMBER',
  resourceType: 'team',
  resourceId: 'edb0cdc3-ed33-4503-b175-9c4b546b26d4',
  roleId: 'b45aaa82-813f-411f-a393-4e0b9e78ab10'
}
[2025-12-02T17:12:32.938Z] [App] [INFO] rbac.assign_role.success {
  userId: '06921f48-7740-47c3-aaa0-050ed17f9491',
  role: 'PROJECT_EDITOR',
  resourceType: 'project',
  resourceId: '0a0f2f62-4a84-4b17-885e-85720ab52a61',
  roleId: 'ef221da4-9fe8-4722-83ff-4069febcfee6'
}
[2025-12-02T17:12:32.939Z] [App] [INFO] rbac.update_role.success {
  userId: '06921f48-7740-47c3-aaa0-050ed17f9491',
  oldRole: 'TEAM_MEMBER',
  newRole: 'TEAM_EDITOR',
  resourceType: 'team',
  resourceId: 'edb0cdc3-ed33-4503-b175-9c4b546b26d4'
}
[2025-12-02T17:12:32.939Z] [App] [INFO] rbac.update_billable_seats { teamId: 'edb0cdc3-ed33-4503-b175-9c4b546b26d4', billableSeats: 1 }
[2025-12-02T17:12:32.951Z] [App] [INFO] rbac.assign_role.success {
  userId: '06921f48-7740-47c3-aaa0-050ed17f9491',
  role: 'TEAM_OWNER',
  resourceType: 'team',
  resourceId: 'edb0cdc3-ed33-4503-b175-9c4b546b26d4',
  roleId: '5789c2bf-9cf0-49aa-89fb-b0956a1191b8'
}

stderr | src/server/auth/__tests__/verify-email.property.test.ts > Property 5: Valid verification marks user as verified > should not verify user with invalid token signature
{"eventId":"71be793c-dd43-4a84-91c9-1568663a33af","eventType":"auth.token.tampered","timestamp":"2025-12-02T17:12:33.095Z","outcome":"failure","userId":"e5cd1937-f42a-445d-a731-b6617949d019","errorCode":"INVALID_TOKEN_SIGNATURE","errorMessage":"Token signature is invalid","metadata":{"tokenType":"email_verification","reason":"invalid_signature"}}

stdout | src/server/auth/__tests__/rbac.test.ts > RBAC - Property-Based Tests > Property 20: Editor roles mark billable seats
[2025-12-02T17:12:33.126Z] [App] [INFO] rbac.assign_role.success {
  userId: '3e513f0d-1296-45f5-bbc0-717bb9673868',
  role: 'TEAM_EDITOR',
  resourceType: 'team',
  resourceId: 'edb0cdc3-ed33-4503-b175-9c4b546b26d4',
  roleId: '1bb01b9f-6935-4292-a899-188352a30e2f'
}
[2025-12-02T17:12:33.130Z] [App] [INFO] rbac.update_billable_seats { teamId: 'edb0cdc3-ed33-4503-b175-9c4b546b26d4', billableSeats: 2 }
[2025-12-02T17:12:33.132Z] [App] [INFO] rbac.remove_role.success {
  userId: '3e513f0d-1296-45f5-bbc0-717bb9673868',
  role: 'TEAM_EDITOR',
  resourceType: 'team',
  resourceId: 'edb0cdc3-ed33-4503-b175-9c4b546b26d4'
}
[2025-12-02T17:12:33.132Z] [App] [INFO] rbac.update_billable_seats { teamId: 'edb0cdc3-ed33-4503-b175-9c4b546b26d4', billableSeats: 1 }

stderr | src/server/auth/__tests__/verify-email.property.test.ts > Property 5: Valid verification marks user as verified > should not verify user with invalid token signature
{"eventId":"4f3287b0-71a6-424f-ba18-bcd56a374e7f","eventType":"auth.token.tampered","timestamp":"2025-12-02T17:12:33.321Z","outcome":"failure","userId":"778fed0e-bedd-4c63-8bba-9cd1b3484afa","errorCode":"INVALID_TOKEN_SIGNATURE","errorMessage":"Token signature is invalid","metadata":{"tokenType":"email_verification","reason":"invalid_signature"}}

stdout | src/server/auth/__tests__/rbac.test.ts > RBAC - Property-Based Tests > Property 20: Editor roles mark billable seats
[2025-12-02T17:12:33.319Z] [App] [INFO] rbac.assign_role.success {
  userId: '61e80975-0f36-4a56-81b3-937b969ac73e',
  role: 'TEAM_MEMBER',
  resourceType: 'team',
  resourceId: 'b47faa39-84e7-4ec0-9296-20fe82a181b7',
  roleId: 'db16a9b6-6e1d-4366-a503-855ca371b9cd'
}
[2025-12-02T17:12:33.324Z] [App] [INFO] rbac.assign_role.success {
  userId: '61e80975-0f36-4a56-81b3-937b969ac73e',
  role: 'PROJECT_EDITOR',
  resourceType: 'project',
  resourceId: '1896782c-a836-4f89-a64f-b75b9a23d4d4',
  roleId: 'a9e6c4a0-b787-48cb-821c-3dd0034e274f'
}
[2025-12-02T17:12:33.338Z] [App] [INFO] rbac.update_role.success {
  userId: '61e80975-0f36-4a56-81b3-937b969ac73e',
  oldRole: 'TEAM_MEMBER',
  newRole: 'TEAM_EDITOR',
  resourceType: 'team',
  resourceId: 'b47faa39-84e7-4ec0-9296-20fe82a181b7'
}
[2025-12-02T17:12:33.344Z] [App] [INFO] rbac.update_billable_seats { teamId: 'b47faa39-84e7-4ec0-9296-20fe82a181b7', billableSeats: 1 }
[2025-12-02T17:12:33.379Z] [App] [INFO] rbac.assign_role.success {
  userId: '61e80975-0f36-4a56-81b3-937b969ac73e',
  role: 'TEAM_OWNER',
  resourceType: 'team',
  resourceId: 'b47faa39-84e7-4ec0-9296-20fe82a181b7',
  roleId: '6b1b4828-2203-47ed-a56f-caa561b434f3'
}

stderr | src/server/auth/__tests__/verify-email.property.test.ts > Property 5: Valid verification marks user as verified > should not verify user with invalid token signature
{"eventId":"24a2584a-fc9a-470f-bec2-3567d2ba76ef","eventType":"auth.token.tampered","timestamp":"2025-12-02T17:12:33.597Z","outcome":"failure","userId":"888a4c0e-6380-4425-9bff-f44cddc313d7","errorCode":"INVALID_TOKEN_SIGNATURE","errorMessage":"Token signature is invalid","metadata":{"tokenType":"email_verification","reason":"invalid_signature"}}

stdout | src/server/auth/__tests__/rbac.test.ts > RBAC - Property-Based Tests > Property 20: Editor roles mark billable seats
[2025-12-02T17:12:33.661Z] [App] [INFO] rbac.assign_role.success {
  userId: '0c19be2f-eb90-42c3-892b-4cd0099dfd24',
  role: 'TEAM_EDITOR',
  resourceType: 'team',
  resourceId: 'b47faa39-84e7-4ec0-9296-20fe82a181b7',
  roleId: '5bf50ede-cf5a-4af6-a4db-a0d12be86f6a'
}
[2025-12-02T17:12:33.662Z] [App] [INFO] rbac.update_billable_seats { teamId: 'b47faa39-84e7-4ec0-9296-20fe82a181b7', billableSeats: 2 }
[2025-12-02T17:12:33.663Z] [App] [INFO] rbac.remove_role.success {
  userId: '0c19be2f-eb90-42c3-892b-4cd0099dfd24',
  role: 'TEAM_EDITOR',
  resourceType: 'team',
  resourceId: 'b47faa39-84e7-4ec0-9296-20fe82a181b7'
}
[2025-12-02T17:12:33.664Z] [App] [INFO] rbac.update_billable_seats { teamId: 'b47faa39-84e7-4ec0-9296-20fe82a181b7', billableSeats: 1 }

stderr | src/server/auth/__tests__/verify-email.property.test.ts > Property 5: Valid verification marks user as verified > should not verify user with invalid token signature
{"eventId":"17054e6d-4ae4-4f17-88c4-6b3a95465cd8","eventType":"auth.token.tampered","timestamp":"2025-12-02T17:12:33.776Z","outcome":"failure","userId":"59bda225-67fb-47ee-8e63-ad2fd9f72357","errorCode":"INVALID_TOKEN_SIGNATURE","errorMessage":"Token signature is invalid","metadata":{"tokenType":"email_verification","reason":"invalid_signature"}}

stdout | src/server/auth/__tests__/rbac.test.ts > RBAC - Property-Based Tests > Property 20: Editor roles mark billable seats
[2025-12-02T17:12:33.799Z] [App] [INFO] rbac.assign_role.success {
  userId: 'a0b06b7c-b286-4cbd-92b7-26c4018af52b',
  role: 'TEAM_MEMBER',
  resourceType: 'team',
  resourceId: '20ba6b42-c7b3-4d29-8e63-477e4ea1e33e',
  roleId: '23000eaf-952f-49cd-98e3-67ec4ef5678a'
}
[2025-12-02T17:12:33.802Z] [App] [INFO] rbac.assign_role.success {
  userId: 'a0b06b7c-b286-4cbd-92b7-26c4018af52b',
  role: 'PROJECT_EDITOR',
  resourceType: 'project',
  resourceId: 'd70fda5c-701b-40ed-9b14-3d24e12ca022',
  roleId: '4bd18df3-5814-48ee-8a41-9380f758758e'
}
[2025-12-02T17:12:33.804Z] [App] [INFO] rbac.update_role.success {
  userId: 'a0b06b7c-b286-4cbd-92b7-26c4018af52b',
  oldRole: 'TEAM_MEMBER',
  newRole: 'TEAM_EDITOR',
  resourceType: 'team',
  resourceId: '20ba6b42-c7b3-4d29-8e63-477e4ea1e33e'
}
[2025-12-02T17:12:33.804Z] [App] [INFO] rbac.update_billable_seats { teamId: '20ba6b42-c7b3-4d29-8e63-477e4ea1e33e', billableSeats: 1 }
[2025-12-02T17:12:33.806Z] [App] [INFO] rbac.assign_role.success {
  userId: 'a0b06b7c-b286-4cbd-92b7-26c4018af52b',
  role: 'TEAM_OWNER',
  resourceType: 'team',
  resourceId: '20ba6b42-c7b3-4d29-8e63-477e4ea1e33e',
  roleId: 'fc7c20bd-331a-414e-acc4-8528cd515ce4'
}

stderr | src/server/auth/__tests__/verify-email.property.test.ts > Property 5: Valid verification marks user as verified > should not verify user with invalid token signature
{"eventId":"7671c1e5-a0a2-4e0b-b695-f2bf6fd6e74d","eventType":"auth.token.tampered","timestamp":"2025-12-02T17:12:33.980Z","outcome":"failure","userId":"05080320-3a81-4036-a85e-d7c7c39b9957","errorCode":"INVALID_TOKEN_SIGNATURE","errorMessage":"Token signature is invalid","metadata":{"tokenType":"email_verification","reason":"invalid_signature"}}

stdout | src/server/auth/__tests__/rbac.test.ts > RBAC - Property-Based Tests > Property 20: Editor roles mark billable seats
[2025-12-02T17:12:33.982Z] [App] [INFO] rbac.assign_role.success {
  userId: '5b835e4c-d483-4d6f-9b69-f38c6353253a',
  role: 'TEAM_EDITOR',
  resourceType: 'team',
  resourceId: '20ba6b42-c7b3-4d29-8e63-477e4ea1e33e',
  roleId: 'eb8ce1ab-6e3c-4334-8e65-3b5134eb0f61'
}
[2025-12-02T17:12:33.983Z] [App] [INFO] rbac.update_billable_seats { teamId: '20ba6b42-c7b3-4d29-8e63-477e4ea1e33e', billableSeats: 2 }
[2025-12-02T17:12:33.984Z] [App] [INFO] rbac.remove_role.success {
  userId: '5b835e4c-d483-4d6f-9b69-f38c6353253a',
  role: 'TEAM_EDITOR',
  resourceType: 'team',
  resourceId: '20ba6b42-c7b3-4d29-8e63-477e4ea1e33e'
}
[2025-12-02T17:12:33.985Z] [App] [INFO] rbac.update_billable_seats { teamId: '20ba6b42-c7b3-4d29-8e63-477e4ea1e33e', billableSeats: 1 }

stdout | src/server/auth/__tests__/rbac.test.ts > RBAC - Property-Based Tests > Property 20: Editor roles mark billable seats
[2025-12-02T17:12:34.163Z] [App] [INFO] rbac.assign_role.success {
  userId: '685da1f0-d426-4d16-a38c-c67948f061ca',
  role: 'TEAM_MEMBER',
  resourceType: 'team',
  resourceId: 'e94ce869-74bc-4c54-9128-b7e83ec7b7fd',
  roleId: 'aba3b2dc-9ff2-42fc-9dce-5ae4d49c4d84'
}
[2025-12-02T17:12:34.169Z] [App] [INFO] rbac.assign_role.success {
  userId: '685da1f0-d426-4d16-a38c-c67948f061ca',
  role: 'PROJECT_EDITOR',
  resourceType: 'project',
  resourceId: '6b9f5e94-e0ac-41d7-bad8-b27452467502',
  roleId: '78be34ec-56b4-4701-a464-abc88f74864f'
}
[2025-12-02T17:12:34.171Z] [App] [INFO] rbac.update_role.success {
  userId: '685da1f0-d426-4d16-a38c-c67948f061ca',
  oldRole: 'TEAM_MEMBER',
  newRole: 'TEAM_EDITOR',
  resourceType: 'team',
  resourceId: 'e94ce869-74bc-4c54-9128-b7e83ec7b7fd'
}
[2025-12-02T17:12:34.172Z] [App] [INFO] rbac.update_billable_seats { teamId: 'e94ce869-74bc-4c54-9128-b7e83ec7b7fd', billableSeats: 1 }
[2025-12-02T17:12:34.183Z] [App] [INFO] rbac.assign_role.success {
  userId: '685da1f0-d426-4d16-a38c-c67948f061ca',
  role: 'TEAM_OWNER',
  resourceType: 'team',
  resourceId: 'e94ce869-74bc-4c54-9128-b7e83ec7b7fd',
  roleId: '15c45e82-8679-4913-978b-949ae2a441c7'
}

stderr | src/server/auth/__tests__/verify-email.property.test.ts > Property 5: Valid verification marks user as verified > should not verify user with invalid token signature
{"eventId":"94eba578-0c9a-402b-a5c0-7bac17e60b8d","eventType":"auth.token.tampered","timestamp":"2025-12-02T17:12:34.281Z","outcome":"failure","userId":"93f359fe-3e90-46ed-ab5c-03fd7d4a3776","errorCode":"INVALID_TOKEN_SIGNATURE","errorMessage":"Token signature is invalid","metadata":{"tokenType":"email_verification","reason":"invalid_signature"}}

stdout | src/server/auth/__tests__/rbac.test.ts > RBAC - Property-Based Tests > Property 20: Editor roles mark billable seats
[2025-12-02T17:12:34.424Z] [App] [INFO] rbac.assign_role.success {
  userId: '73471d0a-d526-4a20-a5f6-b904539a1d43',
  role: 'TEAM_EDITOR',
  resourceType: 'team',
  resourceId: 'e94ce869-74bc-4c54-9128-b7e83ec7b7fd',
  roleId: '9572ca53-ef8d-4c2c-9699-28d6672ed3c8'
}
[2025-12-02T17:12:34.424Z] [App] [INFO] rbac.update_billable_seats { teamId: 'e94ce869-74bc-4c54-9128-b7e83ec7b7fd', billableSeats: 2 }
[2025-12-02T17:12:34.425Z] [App] [INFO] rbac.remove_role.success {
  userId: '73471d0a-d526-4a20-a5f6-b904539a1d43',
  role: 'TEAM_EDITOR',
  resourceType: 'team',
  resourceId: 'e94ce869-74bc-4c54-9128-b7e83ec7b7fd'
}
[2025-12-02T17:12:34.425Z] [App] [INFO] rbac.update_billable_seats { teamId: 'e94ce869-74bc-4c54-9128-b7e83ec7b7fd', billableSeats: 1 }

stderr | src/server/auth/__tests__/verify-email.property.test.ts > Property 5: Valid verification marks user as verified > should not verify user with invalid token signature
{"eventId":"39ba9779-5ac0-4b6a-abee-55ebe9c04592","eventType":"auth.token.tampered","timestamp":"2025-12-02T17:12:34.489Z","outcome":"failure","errorCode":"INVALID_TOKEN_FORMAT","errorMessage":"Token format is invalid","metadata":{"tokenType":"email_verification","reason":"invalid_format"}}

stdout | src/server/teams/__tests__/get-members.integration.test.ts > Integration Test: Get Team Members > should return all team members including owner and admin
[2025-12-02T17:12:34.372Z] [App] [INFO] {"eventId":"ff200cf7-4626-4c76-94d2-493b3fd9ea28","eventType":"team.create.success","timestamp":"2025-12-02T17:12:34.372Z","outcome":"success","userId":"7aaee386-e6b1-41c3-958f-37150db26e85","teamId":"43d853f5-0bfb-40ae-bc97-1fdc0208ae5a","teamName":"Get Members Team","metadata":{"slug":"get-members-team","planId":"free"}}
[2025-12-02T17:12:34.376Z] [App] [INFO] {"eventId":"f9425d30-ac8f-4953-b872-fc36274d98af","eventType":"team.member.add.success","timestamp":"2025-12-02T17:12:34.376Z","outcome":"success","userId":"7aaee386-e6b1-41c3-958f-37150db26e85","teamId":"43d853f5-0bfb-40ae-bc97-1fdc0208ae5a","metadata":{"addedUserId":"e17947fc-9d6c-40ea-98e4-a4a2d102d2c6","managementRole":"TEAM_ADMIN","operationalRole":"TEAM_MEMBER"}}
[2025-12-02T17:12:34.381Z] [App] [INFO] {"eventId":"b86dccf8-f428-439f-8bcb-1de8c7839827","eventType":"team.member.add.success","timestamp":"2025-12-02T17:12:34.381Z","outcome":"success","userId":"7aaee386-e6b1-41c3-958f-37150db26e85","teamId":"43d853f5-0bfb-40ae-bc97-1fdc0208ae5a","metadata":{"addedUserId":"0c759796-1a0f-4270-9436-6c6901aa50a9","operationalRole":"TEAM_MEMBER"}}

 ✓ src/server/teams/__tests__/get-members.integration.test.ts (1 test) 227ms
stdout | Object.info (/Users/BYKHD/Documents/GitHub/ui-syncup/src/lib/logger.ts:175:15)
[2025-12-02T17:12:34.542Z] [App] [INFO] email.worker.sigterm

stderr | src/server/auth/__tests__/verify-email.property.test.ts > Property 5: Valid verification marks user as verified > should not verify user with invalid token signature
{"eventId":"a5848fbe-7baa-4f45-ab7f-7fc12748aaff","eventType":"auth.token.tampered","timestamp":"2025-12-02T17:12:34.619Z","outcome":"failure","userId":"cc3cfc95-716e-4ae1-b26b-45568489a4f7","errorCode":"INVALID_TOKEN_SIGNATURE","errorMessage":"Token signature is invalid","metadata":{"tokenType":"email_verification","reason":"invalid_signature"}}

stdout | src/server/auth/__tests__/rbac.test.ts > RBAC - Property-Based Tests > Property 20: Editor roles mark billable seats
[2025-12-02T17:12:34.617Z] [App] [INFO] rbac.assign_role.success {
  userId: 'c8e6743a-f73e-4529-ba15-4b87ede3008b',
  role: 'TEAM_MEMBER',
  resourceType: 'team',
  resourceId: '5e27484b-1f71-473f-9b92-69f59205b7c1',
  roleId: '3312b9c2-5d6a-44b4-b656-cb634cde461a'
}
[2025-12-02T17:12:34.622Z] [App] [INFO] rbac.assign_role.success {
  userId: 'c8e6743a-f73e-4529-ba15-4b87ede3008b',
  role: 'PROJECT_OWNER',
  resourceType: 'project',
  resourceId: '7d7114a0-edb0-42bc-8076-89ea888ea8f6',
  roleId: '04f569af-8b6d-4878-8cfe-fbadc7514fb1'
}
[2025-12-02T17:12:34.623Z] [App] [INFO] rbac.update_role.success {
  userId: 'c8e6743a-f73e-4529-ba15-4b87ede3008b',
  oldRole: 'TEAM_MEMBER',
  newRole: 'TEAM_EDITOR',
  resourceType: 'team',
  resourceId: '5e27484b-1f71-473f-9b92-69f59205b7c1'
}
[2025-12-02T17:12:34.624Z] [App] [INFO] rbac.update_billable_seats { teamId: '5e27484b-1f71-473f-9b92-69f59205b7c1', billableSeats: 1 }
[2025-12-02T17:12:34.625Z] [App] [INFO] rbac.assign_role.success {
  userId: 'c8e6743a-f73e-4529-ba15-4b87ede3008b',
  role: 'TEAM_OWNER',
  resourceType: 'team',
  resourceId: '5e27484b-1f71-473f-9b92-69f59205b7c1',
  roleId: '5710c62f-b2ab-4392-9b07-f8089cdc684a'
}

stderr | src/server/auth/__tests__/verify-email.property.test.ts > Property 5: Valid verification marks user as verified > should not verify user with invalid token signature
{"eventId":"c4620277-6d17-4c44-a4cf-0dad6990b6e3","eventType":"auth.token.tampered","timestamp":"2025-12-02T17:12:34.796Z","outcome":"failure","userId":"979dd8f8-47f3-4ad6-9abe-32133aadc480","errorCode":"INVALID_TOKEN_SIGNATURE","errorMessage":"Token signature is invalid","metadata":{"tokenType":"email_verification","reason":"invalid_signature"}}

stdout | src/server/auth/__tests__/rbac.test.ts > RBAC - Property-Based Tests > Property 20: Editor roles mark billable seats
[2025-12-02T17:12:34.808Z] [App] [INFO] rbac.assign_role.success {
  userId: '7e53440f-99f1-4e19-a70e-f955e4a87779',
  role: 'TEAM_EDITOR',
  resourceType: 'team',
  resourceId: '5e27484b-1f71-473f-9b92-69f59205b7c1',
  roleId: 'b52bffd1-1cef-4528-901f-ab477e88e699'
}
[2025-12-02T17:12:34.809Z] [App] [INFO] rbac.update_billable_seats { teamId: '5e27484b-1f71-473f-9b92-69f59205b7c1', billableSeats: 2 }
[2025-12-02T17:12:34.810Z] [App] [INFO] rbac.remove_role.success {
  userId: '7e53440f-99f1-4e19-a70e-f955e4a87779',
  role: 'TEAM_EDITOR',
  resourceType: 'team',
  resourceId: '5e27484b-1f71-473f-9b92-69f59205b7c1'
}
[2025-12-02T17:12:34.810Z] [App] [INFO] rbac.update_billable_seats { teamId: '5e27484b-1f71-473f-9b92-69f59205b7c1', billableSeats: 1 }

 ✓ src/lib/__tests__/storage.test.ts (4 tests) 517ms
stderr | src/server/auth/__tests__/verify-email.property.test.ts > Property 5: Valid verification marks user as verified > should not verify user with invalid token signature
{"eventId":"58ed9524-7b9b-47d6-b97f-bb051db85950","eventType":"auth.token.tampered","timestamp":"2025-12-02T17:12:35.028Z","outcome":"failure","userId":"40e6af1a-ab49-4958-ab57-a07490fd191d","errorCode":"INVALID_TOKEN_SIGNATURE","errorMessage":"Token signature is invalid","metadata":{"tokenType":"email_verification","reason":"invalid_signature"}}

stdout | src/server/auth/__tests__/rbac.test.ts > RBAC - Property-Based Tests > Property 20: Editor roles mark billable seats
[2025-12-02T17:12:35.072Z] [App] [INFO] rbac.assign_role.success {
  userId: 'f7247dc2-1b11-4f4f-9834-83955e616929',
  role: 'TEAM_MEMBER',
  resourceType: 'team',
  resourceId: 'b6d86657-e4e3-4c22-b622-a57910f76ff8',
  roleId: 'cbcb1dc4-6f21-4889-a149-c69cc2f2568a'
}
[2025-12-02T17:12:35.075Z] [App] [INFO] rbac.assign_role.success {
  userId: 'f7247dc2-1b11-4f4f-9834-83955e616929',
  role: 'PROJECT_OWNER',
  resourceType: 'project',
  resourceId: 'cadb056c-ebba-4837-a536-0bc873d24fb0',
  roleId: 'b9379e98-1d39-4e3e-ae7f-a801ff368838'
}
[2025-12-02T17:12:35.081Z] [App] [INFO] rbac.update_role.success {
  userId: 'f7247dc2-1b11-4f4f-9834-83955e616929',
  oldRole: 'TEAM_MEMBER',
  newRole: 'TEAM_EDITOR',
  resourceType: 'team',
  resourceId: 'b6d86657-e4e3-4c22-b622-a57910f76ff8'
}
[2025-12-02T17:12:35.082Z] [App] [INFO] rbac.update_billable_seats { teamId: 'b6d86657-e4e3-4c22-b622-a57910f76ff8', billableSeats: 1 }
[2025-12-02T17:12:35.085Z] [App] [INFO] rbac.assign_role.success {
  userId: 'f7247dc2-1b11-4f4f-9834-83955e616929',
  role: 'TEAM_OWNER',
  resourceType: 'team',
  resourceId: 'b6d86657-e4e3-4c22-b622-a57910f76ff8',
  roleId: '64bcde23-bf4c-42d4-831a-9ac08bc6c798'
}

stdout | src/server/auth/__tests__/rbac.test.ts > RBAC - Property-Based Tests > Property 20: Editor roles mark billable seats
[2025-12-02T17:12:35.397Z] [App] [INFO] rbac.assign_role.success {
  userId: 'bf4f10fd-9e2a-4d67-8dbd-fd0795f64398',
  role: 'TEAM_EDITOR',
  resourceType: 'team',
  resourceId: 'b6d86657-e4e3-4c22-b622-a57910f76ff8',
  roleId: 'a01e444e-b641-407b-9461-f97175b9c7a3'
}
[2025-12-02T17:12:35.397Z] [App] [INFO] rbac.update_billable_seats { teamId: 'b6d86657-e4e3-4c22-b622-a57910f76ff8', billableSeats: 2 }
[2025-12-02T17:12:35.398Z] [App] [INFO] rbac.remove_role.success {
  userId: 'bf4f10fd-9e2a-4d67-8dbd-fd0795f64398',
  role: 'TEAM_EDITOR',
  resourceType: 'team',
  resourceId: 'b6d86657-e4e3-4c22-b622-a57910f76ff8'
}
[2025-12-02T17:12:35.398Z] [App] [INFO] rbac.update_billable_seats { teamId: 'b6d86657-e4e3-4c22-b622-a57910f76ff8', billableSeats: 1 }

stderr | src/server/auth/__tests__/verify-email.property.test.ts > Property 5: Valid verification marks user as verified > should not verify user with invalid token signature
{"eventId":"f93d9aa9-b2a3-44f6-a14e-9f5b0be6064f","eventType":"auth.token.tampered","timestamp":"2025-12-02T17:12:35.434Z","outcome":"failure","userId":"a736f4be-ff59-4684-8da0-592a7485bac6","errorCode":"INVALID_TOKEN_SIGNATURE","errorMessage":"Token signature is invalid","metadata":{"tokenType":"email_verification","reason":"invalid_signature"}}

stderr | src/server/auth/__tests__/verify-email.property.test.ts > Property 5: Valid verification marks user as verified > should not verify user with invalid token signature
{"eventId":"1abc70b8-8551-476d-9a41-7e86508e2c66","eventType":"auth.token.tampered","timestamp":"2025-12-02T17:12:35.614Z","outcome":"failure","userId":"14d9622b-ac85-4769-8493-bfffaef7af97","errorCode":"INVALID_TOKEN_SIGNATURE","errorMessage":"Token signature is invalid","metadata":{"tokenType":"email_verification","reason":"invalid_signature"}}

stdout | src/server/auth/__tests__/rbac.test.ts > RBAC - Property-Based Tests > Property 20: Editor roles mark billable seats
[2025-12-02T17:12:35.629Z] [App] [INFO] rbac.assign_role.success {
  userId: 'd185b2c0-937c-4bd7-94b9-cbbfcb990df4',
  role: 'TEAM_MEMBER',
  resourceType: 'team',
  resourceId: '32a405fd-dc1b-4c68-968a-cbe7d6437f2d',
  roleId: 'ade095e1-e137-47f4-8b0b-9981b0980d86'
}
[2025-12-02T17:12:35.631Z] [App] [INFO] rbac.assign_role.success {
  userId: 'd185b2c0-937c-4bd7-94b9-cbbfcb990df4',
  role: 'PROJECT_EDITOR',
  resourceType: 'project',
  resourceId: '51d84760-0188-48a2-8e93-ef2ad2c907b0',
  roleId: 'ecae2e68-2218-405e-9931-cbf6845db37e'
}
[2025-12-02T17:12:35.632Z] [App] [INFO] rbac.update_role.success {
  userId: 'd185b2c0-937c-4bd7-94b9-cbbfcb990df4',
  oldRole: 'TEAM_MEMBER',
  newRole: 'TEAM_EDITOR',
  resourceType: 'team',
  resourceId: '32a405fd-dc1b-4c68-968a-cbe7d6437f2d'
}
[2025-12-02T17:12:35.632Z] [App] [INFO] rbac.update_billable_seats { teamId: '32a405fd-dc1b-4c68-968a-cbe7d6437f2d', billableSeats: 1 }
[2025-12-02T17:12:35.634Z] [App] [INFO] rbac.assign_role.success {
  userId: 'd185b2c0-937c-4bd7-94b9-cbbfcb990df4',
  role: 'TEAM_OWNER',
  resourceType: 'team',
  resourceId: '32a405fd-dc1b-4c68-968a-cbe7d6437f2d',
  roleId: 'b6ee0af5-9fd4-42e0-b14c-c73a9249bf5d'
}

stderr | src/server/auth/__tests__/verify-email.property.test.ts > Property 5: Valid verification marks user as verified > should not verify user with invalid token signature
{"eventId":"a3e25fe1-5b39-4c43-96f6-d5decd819577","eventType":"auth.token.tampered","timestamp":"2025-12-02T17:12:35.767Z","outcome":"failure","errorCode":"INVALID_TOKEN_FORMAT","errorMessage":"Token format is invalid","metadata":{"tokenType":"email_verification","reason":"invalid_format"}}

stdout | src/server/auth/__tests__/rbac.test.ts > RBAC - Property-Based Tests > Property 20: Editor roles mark billable seats
[2025-12-02T17:12:35.810Z] [App] [INFO] rbac.assign_role.success {
  userId: 'd55d336e-fc0a-41ce-94fd-eea0aa01eb27',
  role: 'TEAM_EDITOR',
  resourceType: 'team',
  resourceId: '32a405fd-dc1b-4c68-968a-cbe7d6437f2d',
  roleId: 'a605cd09-9ca1-46e1-90df-5a95da9f5cb7'
}
[2025-12-02T17:12:35.811Z] [App] [INFO] rbac.update_billable_seats { teamId: '32a405fd-dc1b-4c68-968a-cbe7d6437f2d', billableSeats: 2 }
[2025-12-02T17:12:35.813Z] [App] [INFO] rbac.remove_role.success {
  userId: 'd55d336e-fc0a-41ce-94fd-eea0aa01eb27',
  role: 'TEAM_EDITOR',
  resourceType: 'team',
  resourceId: '32a405fd-dc1b-4c68-968a-cbe7d6437f2d'
}
[2025-12-02T17:12:35.814Z] [App] [INFO] rbac.update_billable_seats { teamId: '32a405fd-dc1b-4c68-968a-cbe7d6437f2d', billableSeats: 1 }

stderr | src/server/auth/__tests__/verify-email.property.test.ts > Property 5: Valid verification marks user as verified > should not verify user with invalid token signature
{"eventId":"00c68a8b-252e-4474-bb61-cd5b8b0cfdaf","eventType":"auth.token.tampered","timestamp":"2025-12-02T17:12:35.916Z","outcome":"failure","errorCode":"INVALID_TOKEN_FORMAT","errorMessage":"Token format is invalid","metadata":{"tokenType":"email_verification","reason":"invalid_format"}}

stdout | src/server/auth/__tests__/rbac.test.ts > RBAC - Property-Based Tests > Property 20: Editor roles mark billable seats
[2025-12-02T17:12:35.970Z] [App] [INFO] rbac.assign_role.success {
  userId: 'bad2545b-af7f-4243-8642-80a9faacc8b2',
  role: 'TEAM_MEMBER',
  resourceType: 'team',
  resourceId: '37c77bec-49c4-4f04-88e7-c8aa11b7aab2',
  roleId: '66851380-abde-4be7-9a27-d650c384ba65'
}
[2025-12-02T17:12:35.971Z] [App] [INFO] rbac.assign_role.success {
  userId: 'bad2545b-af7f-4243-8642-80a9faacc8b2',
  role: 'PROJECT_EDITOR',
  resourceType: 'project',
  resourceId: '1140aa10-d937-46b3-b5f6-efcb9927d80d',
  roleId: 'f29e174a-83ff-42df-8f19-d480d43a92e4'
}
[2025-12-02T17:12:35.972Z] [App] [INFO] rbac.update_role.success {
  userId: 'bad2545b-af7f-4243-8642-80a9faacc8b2',
  oldRole: 'TEAM_MEMBER',
  newRole: 'TEAM_EDITOR',
  resourceType: 'team',
  resourceId: '37c77bec-49c4-4f04-88e7-c8aa11b7aab2'
}
[2025-12-02T17:12:35.973Z] [App] [INFO] rbac.update_billable_seats { teamId: '37c77bec-49c4-4f04-88e7-c8aa11b7aab2', billableSeats: 1 }
[2025-12-02T17:12:35.974Z] [App] [INFO] rbac.assign_role.success {
  userId: 'bad2545b-af7f-4243-8642-80a9faacc8b2',
  role: 'TEAM_OWNER',
  resourceType: 'team',
  resourceId: '37c77bec-49c4-4f04-88e7-c8aa11b7aab2',
  roleId: '6aaad7da-e7ff-4860-85de-8ac4661fd7ea'
}

stderr | src/server/auth/__tests__/verify-email.property.test.ts > Property 5: Valid verification marks user as verified > should not verify user with invalid token signature
{"eventId":"59f4c168-0d95-4e14-8249-19bf739bb062","eventType":"auth.token.tampered","timestamp":"2025-12-02T17:12:36.166Z","outcome":"failure","userId":"ba1f4e34-de1f-43aa-87da-16bcfb050d02","errorCode":"INVALID_TOKEN_SIGNATURE","errorMessage":"Token signature is invalid","metadata":{"tokenType":"email_verification","reason":"invalid_signature"}}

stdout | src/server/auth/__tests__/rbac.test.ts > RBAC - Property-Based Tests > Property 20: Editor roles mark billable seats
[2025-12-02T17:12:36.223Z] [App] [INFO] rbac.assign_role.success {
  userId: '2b50fb38-4801-4cf4-8960-e86de38ed162',
  role: 'TEAM_EDITOR',
  resourceType: 'team',
  resourceId: '37c77bec-49c4-4f04-88e7-c8aa11b7aab2',
  roleId: '1dba379e-9e11-46aa-9e24-07e9aa148cfc'
}
[2025-12-02T17:12:36.224Z] [App] [INFO] rbac.update_billable_seats { teamId: '37c77bec-49c4-4f04-88e7-c8aa11b7aab2', billableSeats: 2 }
[2025-12-02T17:12:36.226Z] [App] [INFO] rbac.remove_role.success {
  userId: '2b50fb38-4801-4cf4-8960-e86de38ed162',
  role: 'TEAM_EDITOR',
  resourceType: 'team',
  resourceId: '37c77bec-49c4-4f04-88e7-c8aa11b7aab2'
}
[2025-12-02T17:12:36.226Z] [App] [INFO] rbac.update_billable_seats { teamId: '37c77bec-49c4-4f04-88e7-c8aa11b7aab2', billableSeats: 1 }

stderr | src/server/auth/__tests__/verify-email.property.test.ts > Property 5: Valid verification marks user as verified > should not verify user with invalid token signature
{"eventId":"838e4c4f-0b75-4ff9-80c5-fd760b7de716","eventType":"auth.token.tampered","timestamp":"2025-12-02T17:12:36.488Z","outcome":"failure","userId":"e9745ab7-eefd-4acd-8b07-3a27d2688429","errorCode":"INVALID_TOKEN_SIGNATURE","errorMessage":"Token signature is invalid","metadata":{"tokenType":"email_verification","reason":"invalid_signature"}}

stdout | src/server/auth/__tests__/rbac.test.ts > RBAC - Property-Based Tests > Property 20: Editor roles mark billable seats
[2025-12-02T17:12:36.583Z] [App] [INFO] rbac.assign_role.success {
  userId: '28b76c4f-624d-4973-a8aa-86ef5f025e6f',
  role: 'TEAM_MEMBER',
  resourceType: 'team',
  resourceId: '2c12782d-4a44-4aa1-a533-758344fcc025',
  roleId: '6dd30623-4514-47e4-bbee-e997920dadc3'
}
[2025-12-02T17:12:36.585Z] [App] [INFO] rbac.assign_role.success {
  userId: '28b76c4f-624d-4973-a8aa-86ef5f025e6f',
  role: 'PROJECT_OWNER',
  resourceType: 'project',
  resourceId: '493f813a-32e1-4dd3-a371-5c422b83c3e5',
  roleId: 'cc1688a2-7dc6-401a-8d0a-fb4b55311184'
}
[2025-12-02T17:12:36.592Z] [App] [INFO] rbac.update_role.success {
  userId: '28b76c4f-624d-4973-a8aa-86ef5f025e6f',
  oldRole: 'TEAM_MEMBER',
  newRole: 'TEAM_EDITOR',
  resourceType: 'team',
  resourceId: '2c12782d-4a44-4aa1-a533-758344fcc025'
}
[2025-12-02T17:12:36.593Z] [App] [INFO] rbac.update_billable_seats { teamId: '2c12782d-4a44-4aa1-a533-758344fcc025', billableSeats: 1 }
[2025-12-02T17:12:36.610Z] [App] [INFO] rbac.assign_role.success {
  userId: '28b76c4f-624d-4973-a8aa-86ef5f025e6f',
  role: 'TEAM_OWNER',
  resourceType: 'team',
  resourceId: '2c12782d-4a44-4aa1-a533-758344fcc025',
  roleId: 'af129b98-bb1b-4121-9896-b85f9b6c7425'
}

stderr | src/server/auth/__tests__/verify-email.property.test.ts > Property 5: Valid verification marks user as verified > should not verify user with invalid token signature
{"eventId":"0a84c4cc-a1f5-45cb-83b4-fab2ac9c982c","eventType":"auth.token.tampered","timestamp":"2025-12-02T17:12:37.388Z","outcome":"failure","userId":"0cb34e38-e728-471a-9152-a25a75c3e154","errorCode":"INVALID_TOKEN_SIGNATURE","errorMessage":"Token signature is invalid","metadata":{"tokenType":"email_verification","reason":"invalid_signature"}}

stdout | src/server/auth/__tests__/rbac.test.ts > RBAC - Property-Based Tests > Property 20: Editor roles mark billable seats
[2025-12-02T17:12:37.899Z] [App] [INFO] rbac.assign_role.success {
  userId: 'c0cd9889-45d5-44f1-bad0-292da41b442d',
  role: 'TEAM_EDITOR',
  resourceType: 'team',
  resourceId: '2c12782d-4a44-4aa1-a533-758344fcc025',
  roleId: 'cea8f98d-d8ea-47c6-a76e-9e481293223c'
}
[2025-12-02T17:12:37.906Z] [App] [INFO] rbac.update_billable_seats { teamId: '2c12782d-4a44-4aa1-a533-758344fcc025', billableSeats: 2 }
[2025-12-02T17:12:37.922Z] [App] [INFO] rbac.remove_role.success {
  userId: 'c0cd9889-45d5-44f1-bad0-292da41b442d',
  role: 'TEAM_EDITOR',
  resourceType: 'team',
  resourceId: '2c12782d-4a44-4aa1-a533-758344fcc025'
}
[2025-12-02T17:12:37.924Z] [App] [INFO] rbac.update_billable_seats { teamId: '2c12782d-4a44-4aa1-a533-758344fcc025', billableSeats: 1 }

 ✓ src/lib/__tests__/auth-config.test.ts (3 tests) 1648ms
   ✓ Auth Configuration > should create Google OAuth configuration from environment variables 348ms
   ✓ Auth Configuration > should include required OAuth scopes for Google 1116ms
stderr | src/server/auth/__tests__/verify-email.property.test.ts > Property 5: Valid verification marks user as verified > should not verify user with invalid token signature
{"eventId":"ea94f79b-6f2a-42cf-a324-138eaa6c6ed2","eventType":"auth.token.tampered","timestamp":"2025-12-02T17:12:38.301Z","outcome":"failure","errorCode":"INVALID_TOKEN_FORMAT","errorMessage":"Token format is invalid","metadata":{"tokenType":"email_verification","reason":"invalid_format"}}

stdout | src/server/auth/__tests__/rbac.test.ts > RBAC - Property-Based Tests > Property 20: Editor roles mark billable seats
[2025-12-02T17:12:38.517Z] [App] [INFO] rbac.assign_role.success {
  userId: '6cacab60-afae-4521-bbb1-04d7ded10778',
  role: 'TEAM_MEMBER',
  resourceType: 'team',
  resourceId: '0a4ca5e0-46b4-4cff-84d6-841dab4a1e16',
  roleId: 'b6d73790-212d-4236-925b-2ee8383d297d'
}
[2025-12-02T17:12:38.521Z] [App] [INFO] rbac.assign_role.success {
  userId: '6cacab60-afae-4521-bbb1-04d7ded10778',
  role: 'PROJECT_OWNER',
  resourceType: 'project',
  resourceId: '212ac183-8466-453d-86c6-85077aca0cc8',
  roleId: 'a4f561ca-87aa-4de1-acea-92b7d4690175'
}
[2025-12-02T17:12:38.527Z] [App] [INFO] rbac.update_role.success {
  userId: '6cacab60-afae-4521-bbb1-04d7ded10778',
  oldRole: 'TEAM_MEMBER',
  newRole: 'TEAM_EDITOR',
  resourceType: 'team',
  resourceId: '0a4ca5e0-46b4-4cff-84d6-841dab4a1e16'
}
[2025-12-02T17:12:38.529Z] [App] [INFO] rbac.update_billable_seats { teamId: '0a4ca5e0-46b4-4cff-84d6-841dab4a1e16', billableSeats: 1 }
[2025-12-02T17:12:38.532Z] [App] [INFO] rbac.assign_role.success {
  userId: '6cacab60-afae-4521-bbb1-04d7ded10778',
  role: 'TEAM_OWNER',
  resourceType: 'team',
  resourceId: '0a4ca5e0-46b4-4cff-84d6-841dab4a1e16',
  roleId: 'd268d6ec-8a13-42f7-90a6-ad4bfc769f34'
}

stderr | src/server/auth/__tests__/verify-email.property.test.ts > Property 5: Valid verification marks user as verified > should not verify user with invalid token signature
{"eventId":"7ea23896-60c5-4666-9cba-9a224e7f86ef","eventType":"auth.token.tampered","timestamp":"2025-12-02T17:12:38.619Z","outcome":"failure","userId":"932fb48b-5df4-4417-b156-c7b6cbbcca16","errorCode":"INVALID_TOKEN_SIGNATURE","errorMessage":"Token signature is invalid","metadata":{"tokenType":"email_verification","reason":"invalid_signature"}}

stdout | src/server/auth/__tests__/rbac.test.ts > RBAC - Property-Based Tests > Property 20: Editor roles mark billable seats
[2025-12-02T17:12:38.757Z] [App] [INFO] rbac.assign_role.success {
  userId: 'c237c7a8-277c-4486-aa41-7f5641fd38ee',
  role: 'TEAM_EDITOR',
  resourceType: 'team',
  resourceId: '0a4ca5e0-46b4-4cff-84d6-841dab4a1e16',
  roleId: 'b5b40aad-47fb-4a38-a27a-07705bbcc098'
}
[2025-12-02T17:12:38.758Z] [App] [INFO] rbac.update_billable_seats { teamId: '0a4ca5e0-46b4-4cff-84d6-841dab4a1e16', billableSeats: 2 }
[2025-12-02T17:12:38.765Z] [App] [INFO] rbac.remove_role.success {
  userId: 'c237c7a8-277c-4486-aa41-7f5641fd38ee',
  role: 'TEAM_EDITOR',
  resourceType: 'team',
  resourceId: '0a4ca5e0-46b4-4cff-84d6-841dab4a1e16'
}
[2025-12-02T17:12:38.766Z] [App] [INFO] rbac.update_billable_seats { teamId: '0a4ca5e0-46b4-4cff-84d6-841dab4a1e16', billableSeats: 1 }

stderr | src/server/auth/__tests__/verify-email.property.test.ts > Property 5: Valid verification marks user as verified > should not verify user with invalid token signature
{"eventId":"39af511d-2e4f-4f43-b274-46bede25a63c","eventType":"auth.token.tampered","timestamp":"2025-12-02T17:12:39.403Z","outcome":"failure","userId":"1813cef6-3c12-4243-9ac4-aa3d4fdbe53c","errorCode":"INVALID_TOKEN_SIGNATURE","errorMessage":"Token signature is invalid","metadata":{"tokenType":"email_verification","reason":"invalid_signature"}}

stdout | src/server/auth/__tests__/rbac.test.ts > RBAC - Property-Based Tests > Property 20: Editor roles mark billable seats
[2025-12-02T17:12:39.455Z] [App] [INFO] rbac.assign_role.success {
  userId: 'b5e60f62-19ce-4387-8a16-43249cd00212',
  role: 'TEAM_MEMBER',
  resourceType: 'team',
  resourceId: '982dfa6e-c15c-4f7c-92d7-c6204371cb9f',
  roleId: '88133af6-d810-4751-8100-2453acbab120'
}
[2025-12-02T17:12:39.477Z] [App] [INFO] rbac.assign_role.success {
  userId: 'b5e60f62-19ce-4387-8a16-43249cd00212',
  role: 'PROJECT_EDITOR',
  resourceType: 'project',
  resourceId: '4d594ff4-55c5-45d9-8228-677beda5a1f5',
  roleId: '6b108943-62e3-4302-8254-4cf14ef91f41'
}
[2025-12-02T17:12:39.499Z] [App] [INFO] rbac.update_role.success {
  userId: 'b5e60f62-19ce-4387-8a16-43249cd00212',
  oldRole: 'TEAM_MEMBER',
  newRole: 'TEAM_EDITOR',
  resourceType: 'team',
  resourceId: '982dfa6e-c15c-4f7c-92d7-c6204371cb9f'
}
[2025-12-02T17:12:39.500Z] [App] [INFO] rbac.update_billable_seats { teamId: '982dfa6e-c15c-4f7c-92d7-c6204371cb9f', billableSeats: 1 }
[2025-12-02T17:12:39.513Z] [App] [INFO] rbac.assign_role.success {
  userId: 'b5e60f62-19ce-4387-8a16-43249cd00212',
  role: 'TEAM_OWNER',
  resourceType: 'team',
  resourceId: '982dfa6e-c15c-4f7c-92d7-c6204371cb9f',
  roleId: 'e959f6c4-010b-440c-9fe4-4f407c8959cf'
}

stderr | src/server/auth/__tests__/verify-email.property.test.ts > Property 5: Valid verification marks user as verified > should not verify user with invalid token signature
{"eventId":"866c2e9c-8ab4-4f6b-b3c9-0a5e7030c34d","eventType":"auth.token.tampered","timestamp":"2025-12-02T17:12:39.886Z","outcome":"failure","userId":"402a0fef-4d04-44ab-ae2d-337f00e97da0","errorCode":"INVALID_TOKEN_SIGNATURE","errorMessage":"Token signature is invalid","metadata":{"tokenType":"email_verification","reason":"invalid_signature"}}

stdout | src/server/auth/__tests__/rbac.test.ts > RBAC - Property-Based Tests > Property 20: Editor roles mark billable seats
[2025-12-02T17:12:39.898Z] [App] [INFO] rbac.assign_role.success {
  userId: '2c6c35c4-9c9f-4eec-aa17-2e0f93c71eba',
  role: 'TEAM_EDITOR',
  resourceType: 'team',
  resourceId: '982dfa6e-c15c-4f7c-92d7-c6204371cb9f',
  roleId: '2d01d1a7-f3ad-40aa-a5ef-4e25ae308112'
}
[2025-12-02T17:12:39.900Z] [App] [INFO] rbac.update_billable_seats { teamId: '982dfa6e-c15c-4f7c-92d7-c6204371cb9f', billableSeats: 2 }
[2025-12-02T17:12:39.907Z] [App] [INFO] rbac.remove_role.success {
  userId: '2c6c35c4-9c9f-4eec-aa17-2e0f93c71eba',
  role: 'TEAM_EDITOR',
  resourceType: 'team',
  resourceId: '982dfa6e-c15c-4f7c-92d7-c6204371cb9f'
}
[2025-12-02T17:12:39.909Z] [App] [INFO] rbac.update_billable_seats { teamId: '982dfa6e-c15c-4f7c-92d7-c6204371cb9f', billableSeats: 1 }

stderr | src/server/auth/__tests__/verify-email.property.test.ts > Property 5: Valid verification marks user as verified > should not verify user with invalid token signature
{"eventId":"b6005e39-fa3d-4dab-87f6-4117d285e465","eventType":"auth.token.tampered","timestamp":"2025-12-02T17:12:40.171Z","outcome":"failure","userId":"2c6ce604-3190-4410-b8c4-85d81d22eb83","errorCode":"INVALID_TOKEN_SIGNATURE","errorMessage":"Token signature is invalid","metadata":{"tokenType":"email_verification","reason":"invalid_signature"}}

stdout | src/server/auth/__tests__/rbac.test.ts > RBAC - Property-Based Tests > Property 20: Editor roles mark billable seats
[2025-12-02T17:12:40.221Z] [App] [INFO] rbac.assign_role.success {
  userId: 'be08e9a7-959f-4326-b9d3-97c4476d702a',
  role: 'TEAM_MEMBER',
  resourceType: 'team',
  resourceId: '32f4f3e5-5b7e-441d-8afc-ee6539172858',
  roleId: '2d22257d-077d-4bec-bd34-024f45969d49'
}
[2025-12-02T17:12:40.226Z] [App] [INFO] rbac.assign_role.success {
  userId: 'be08e9a7-959f-4326-b9d3-97c4476d702a',
  role: 'PROJECT_OWNER',
  resourceType: 'project',
  resourceId: '8e115d40-029c-4f6f-bafd-00cc57da8851',
  roleId: '4b0ac095-78d8-4cd2-b52d-a41b1c706af4'
}
[2025-12-02T17:12:40.232Z] [App] [INFO] rbac.update_role.success {
  userId: 'be08e9a7-959f-4326-b9d3-97c4476d702a',
  oldRole: 'TEAM_MEMBER',
  newRole: 'TEAM_EDITOR',
  resourceType: 'team',
  resourceId: '32f4f3e5-5b7e-441d-8afc-ee6539172858'
}
[2025-12-02T17:12:40.233Z] [App] [INFO] rbac.update_billable_seats { teamId: '32f4f3e5-5b7e-441d-8afc-ee6539172858', billableSeats: 1 }
[2025-12-02T17:12:40.240Z] [App] [INFO] rbac.assign_role.success {
  userId: 'be08e9a7-959f-4326-b9d3-97c4476d702a',
  role: 'TEAM_OWNER',
  resourceType: 'team',
  resourceId: '32f4f3e5-5b7e-441d-8afc-ee6539172858',
  roleId: '23626de8-5ff2-4f9e-8ee6-e545271a8fbe'
}

stderr | src/server/auth/__tests__/verify-email.property.test.ts > Property 5: Valid verification marks user as verified > should not verify user with invalid token signature
{"eventId":"d8f1c418-bd90-4020-b480-cde14611fb8b","eventType":"auth.token.tampered","timestamp":"2025-12-02T17:12:40.481Z","outcome":"failure","userId":"9caf2f75-11cb-404a-abec-e0988995ee6f","errorCode":"INVALID_TOKEN_SIGNATURE","errorMessage":"Token signature is invalid","metadata":{"tokenType":"email_verification","reason":"invalid_signature"}}

stdout | src/server/auth/__tests__/rbac.test.ts > RBAC - Property-Based Tests > Property 20: Editor roles mark billable seats
[2025-12-02T17:12:40.540Z] [App] [INFO] rbac.assign_role.success {
  userId: '27809539-9fec-4812-abdb-8339551b8983',
  role: 'TEAM_EDITOR',
  resourceType: 'team',
  resourceId: '32f4f3e5-5b7e-441d-8afc-ee6539172858',
  roleId: '10dd5a55-de10-4800-8ead-28d80eb407cc'
}
[2025-12-02T17:12:40.540Z] [App] [INFO] rbac.update_billable_seats { teamId: '32f4f3e5-5b7e-441d-8afc-ee6539172858', billableSeats: 2 }
[2025-12-02T17:12:40.541Z] [App] [INFO] rbac.remove_role.success {
  userId: '27809539-9fec-4812-abdb-8339551b8983',
  role: 'TEAM_EDITOR',
  resourceType: 'team',
  resourceId: '32f4f3e5-5b7e-441d-8afc-ee6539172858'
}
[2025-12-02T17:12:40.542Z] [App] [INFO] rbac.update_billable_seats { teamId: '32f4f3e5-5b7e-441d-8afc-ee6539172858', billableSeats: 1 }

stderr | src/server/auth/__tests__/verify-email.property.test.ts > Property 5: Valid verification marks user as verified > should not verify user with invalid token signature
{"eventId":"7bb10bb1-d7c4-456f-b9fd-2a9637960b01","eventType":"auth.token.tampered","timestamp":"2025-12-02T17:12:40.813Z","outcome":"failure","userId":"d3009264-01d0-439b-a7a3-94e44a3e551b","errorCode":"INVALID_TOKEN_SIGNATURE","errorMessage":"Token signature is invalid","metadata":{"tokenType":"email_verification","reason":"invalid_signature"}}

stdout | src/server/auth/__tests__/rbac.test.ts > RBAC - Property-Based Tests > Property 20: Editor roles mark billable seats
[2025-12-02T17:12:41.038Z] [App] [INFO] rbac.assign_role.success {
  userId: '27c46fe6-fcb0-457b-97a5-6fa0bf65a757',
  role: 'TEAM_MEMBER',
  resourceType: 'team',
  resourceId: '6faafffe-98af-429b-9485-231624b007eb',
  roleId: '1d3d8fca-aa8e-4b9d-94c8-bf72390baf33'
}
[2025-12-02T17:12:41.050Z] [App] [INFO] rbac.assign_role.success {
  userId: '27c46fe6-fcb0-457b-97a5-6fa0bf65a757',
  role: 'PROJECT_OWNER',
  resourceType: 'project',
  resourceId: '9c51af09-875b-45f1-990f-0b4ee3c9b376',
  roleId: '6974ba30-fcbc-45f1-8e13-8399a47de3c8'
}
[2025-12-02T17:12:41.055Z] [App] [INFO] rbac.update_role.success {
  userId: '27c46fe6-fcb0-457b-97a5-6fa0bf65a757',
  oldRole: 'TEAM_MEMBER',
  newRole: 'TEAM_EDITOR',
  resourceType: 'team',
  resourceId: '6faafffe-98af-429b-9485-231624b007eb'
}
[2025-12-02T17:12:41.057Z] [App] [INFO] rbac.update_billable_seats { teamId: '6faafffe-98af-429b-9485-231624b007eb', billableSeats: 1 }
[2025-12-02T17:12:41.069Z] [App] [INFO] rbac.assign_role.success {
  userId: '27c46fe6-fcb0-457b-97a5-6fa0bf65a757',
  role: 'TEAM_OWNER',
  resourceType: 'team',
  resourceId: '6faafffe-98af-429b-9485-231624b007eb',
  roleId: '4d9e3b76-69d6-43ed-b7f9-3015fee7c70a'
}

stdout | src/server/auth/__tests__/rbac.test.ts > RBAC - Property-Based Tests > Property 20: Editor roles mark billable seats
[2025-12-02T17:12:41.382Z] [App] [INFO] rbac.assign_role.success {
  userId: 'fc16f731-1239-4a0f-b935-4ac9ddf1a663',
  role: 'TEAM_EDITOR',
  resourceType: 'team',
  resourceId: '6faafffe-98af-429b-9485-231624b007eb',
  roleId: '2d8c8e76-c96d-4261-a8da-2796bdc572e3'
}
[2025-12-02T17:12:41.385Z] [App] [INFO] rbac.update_billable_seats { teamId: '6faafffe-98af-429b-9485-231624b007eb', billableSeats: 2 }
[2025-12-02T17:12:41.388Z] [App] [INFO] rbac.remove_role.success {
  userId: 'fc16f731-1239-4a0f-b935-4ac9ddf1a663',
  role: 'TEAM_EDITOR',
  resourceType: 'team',
  resourceId: '6faafffe-98af-429b-9485-231624b007eb'
}
[2025-12-02T17:12:41.388Z] [App] [INFO] rbac.update_billable_seats { teamId: '6faafffe-98af-429b-9485-231624b007eb', billableSeats: 1 }

stderr | src/server/auth/__tests__/verify-email.property.test.ts > Property 5: Valid verification marks user as verified > should not verify user with invalid token signature
{"eventId":"93818de3-f7a8-418d-b63b-030447adb556","eventType":"auth.token.tampered","timestamp":"2025-12-02T17:12:41.646Z","outcome":"failure","userId":"32072950-0d72-4170-b00a-d42cfde89009","errorCode":"INVALID_TOKEN_SIGNATURE","errorMessage":"Token signature is invalid","metadata":{"tokenType":"email_verification","reason":"invalid_signature"}}

stdout | src/server/auth/__tests__/rbac.test.ts > RBAC - Property-Based Tests > Property 20: Editor roles mark billable seats
[2025-12-02T17:12:41.853Z] [App] [INFO] rbac.assign_role.success {
  userId: '75ef150f-030d-41e7-9b6a-9b27b6bf30a0',
  role: 'TEAM_MEMBER',
  resourceType: 'team',
  resourceId: '872fd684-4e22-49fd-bdca-5492d7393daf',
  roleId: '0c344be7-6fc4-417e-821a-7cb96b2a76ff'
}
[2025-12-02T17:12:41.855Z] [App] [INFO] rbac.assign_role.success {
  userId: '75ef150f-030d-41e7-9b6a-9b27b6bf30a0',
  role: 'PROJECT_OWNER',
  resourceType: 'project',
  resourceId: '06dee423-4131-4efc-b4ae-34914cac3950',
  roleId: '3ea8974e-3d9a-462d-9bfd-65e2dd3e977f'
}
[2025-12-02T17:12:41.856Z] [App] [INFO] rbac.update_role.success {
  userId: '75ef150f-030d-41e7-9b6a-9b27b6bf30a0',
  oldRole: 'TEAM_MEMBER',
  newRole: 'TEAM_EDITOR',
  resourceType: 'team',
  resourceId: '872fd684-4e22-49fd-bdca-5492d7393daf'
}
[2025-12-02T17:12:41.856Z] [App] [INFO] rbac.update_billable_seats { teamId: '872fd684-4e22-49fd-bdca-5492d7393daf', billableSeats: 1 }
[2025-12-02T17:12:41.857Z] [App] [INFO] rbac.assign_role.success {
  userId: '75ef150f-030d-41e7-9b6a-9b27b6bf30a0',
  role: 'TEAM_OWNER',
  resourceType: 'team',
  resourceId: '872fd684-4e22-49fd-bdca-5492d7393daf',
  roleId: 'ef0be66c-7fbc-4cbe-bcf5-db971a33dae0'
}

stderr | src/server/auth/__tests__/verify-email.property.test.ts > Property 5: Valid verification marks user as verified > should not verify user with invalid token signature
{"eventId":"981a9620-45b0-4d45-afa9-9a5cf6c1b914","eventType":"auth.token.tampered","timestamp":"2025-12-02T17:12:41.953Z","outcome":"failure","userId":"cca7e323-f016-4751-9ac5-a083f9866400","errorCode":"INVALID_TOKEN_SIGNATURE","errorMessage":"Token signature is invalid","metadata":{"tokenType":"email_verification","reason":"invalid_signature"}}

 ✓ src/lib/__tests__/health-check.test.ts (4 tests) 964ms
stdout | src/server/auth/__tests__/rbac.test.ts > RBAC - Property-Based Tests > Property 20: Editor roles mark billable seats
[2025-12-02T17:12:42.148Z] [App] [INFO] rbac.assign_role.success {
  userId: '38b336dd-9a3b-4ae4-a50e-50cda80b1d06',
  role: 'TEAM_EDITOR',
  resourceType: 'team',
  resourceId: '872fd684-4e22-49fd-bdca-5492d7393daf',
  roleId: '66f105f0-2173-492e-bf8e-016b6dc0beb2'
}
[2025-12-02T17:12:42.148Z] [App] [INFO] rbac.update_billable_seats { teamId: '872fd684-4e22-49fd-bdca-5492d7393daf', billableSeats: 2 }
[2025-12-02T17:12:42.149Z] [App] [INFO] rbac.remove_role.success {
  userId: '38b336dd-9a3b-4ae4-a50e-50cda80b1d06',
  role: 'TEAM_EDITOR',
  resourceType: 'team',
  resourceId: '872fd684-4e22-49fd-bdca-5492d7393daf'
}
[2025-12-02T17:12:42.150Z] [App] [INFO] rbac.update_billable_seats { teamId: '872fd684-4e22-49fd-bdca-5492d7393daf', billableSeats: 1 }

stderr | src/server/auth/__tests__/verify-email.property.test.ts > Property 5: Valid verification marks user as verified > should not verify user with invalid token signature
{"eventId":"a7fbba30-ebde-49e5-953f-851255640e2f","eventType":"auth.token.tampered","timestamp":"2025-12-02T17:12:42.237Z","outcome":"failure","userId":"7c6002b8-6c69-4423-b5bb-5eff94f712ad","errorCode":"INVALID_TOKEN_SIGNATURE","errorMessage":"Token signature is invalid","metadata":{"tokenType":"email_verification","reason":"invalid_signature"}}

stdout | src/server/auth/__tests__/rbac.test.ts > RBAC - Property-Based Tests > Property 20: Editor roles mark billable seats
[2025-12-02T17:12:42.666Z] [App] [INFO] rbac.assign_role.success {
  userId: '17d41ee9-48d0-471d-93c2-e0a7c787314f',
  role: 'TEAM_MEMBER',
  resourceType: 'team',
  resourceId: 'df62d2a2-c4f1-47ae-adf2-ced1b990dcda',
  roleId: '76835810-1160-4019-b305-ec394d22bad2'
}
[2025-12-02T17:12:42.668Z] [App] [INFO] rbac.assign_role.success {
  userId: '17d41ee9-48d0-471d-93c2-e0a7c787314f',
  role: 'PROJECT_EDITOR',
  resourceType: 'project',
  resourceId: 'ca6a3f92-7cbd-4509-99d5-1807bb63f854',
  roleId: '8907c3be-e195-4ba1-90c2-6ed50a1f478d'
}
[2025-12-02T17:12:42.674Z] [App] [INFO] rbac.update_role.success {
  userId: '17d41ee9-48d0-471d-93c2-e0a7c787314f',
  oldRole: 'TEAM_MEMBER',
  newRole: 'TEAM_EDITOR',
  resourceType: 'team',
  resourceId: 'df62d2a2-c4f1-47ae-adf2-ced1b990dcda'
}
[2025-12-02T17:12:42.676Z] [App] [INFO] rbac.update_billable_seats { teamId: 'df62d2a2-c4f1-47ae-adf2-ced1b990dcda', billableSeats: 1 }
[2025-12-02T17:12:42.681Z] [App] [INFO] rbac.assign_role.success {
  userId: '17d41ee9-48d0-471d-93c2-e0a7c787314f',
  role: 'TEAM_OWNER',
  resourceType: 'team',
  resourceId: 'df62d2a2-c4f1-47ae-adf2-ced1b990dcda',
  roleId: '0b2a912a-a501-4f12-ab4a-af2b4fa31393'
}

stderr | src/server/auth/__tests__/verify-email.property.test.ts > Property 5: Valid verification marks user as verified > should not verify user with invalid token signature
{"eventId":"47badf48-1dbe-4878-aace-a34262ee541b","eventType":"auth.token.tampered","timestamp":"2025-12-02T17:12:42.710Z","outcome":"failure","userId":"11dd40e8-717e-4e92-bd6d-c036e4a0cb14","errorCode":"INVALID_TOKEN_SIGNATURE","errorMessage":"Token signature is invalid","metadata":{"tokenType":"email_verification","reason":"invalid_signature"}}

stdout | src/server/auth/__tests__/rbac.test.ts > RBAC - Property-Based Tests > Property 20: Editor roles mark billable seats
[2025-12-02T17:12:42.910Z] [App] [INFO] rbac.assign_role.success {
  userId: 'd8328c96-8870-4823-8112-0037efe5a3a6',
  role: 'TEAM_EDITOR',
  resourceType: 'team',
  resourceId: 'df62d2a2-c4f1-47ae-adf2-ced1b990dcda',
  roleId: 'dad289ce-4aaa-4eef-9012-9f40eebf260c'
}
[2025-12-02T17:12:42.911Z] [App] [INFO] rbac.update_billable_seats { teamId: 'df62d2a2-c4f1-47ae-adf2-ced1b990dcda', billableSeats: 2 }
[2025-12-02T17:12:42.913Z] [App] [INFO] rbac.remove_role.success {
  userId: 'd8328c96-8870-4823-8112-0037efe5a3a6',
  role: 'TEAM_EDITOR',
  resourceType: 'team',
  resourceId: 'df62d2a2-c4f1-47ae-adf2-ced1b990dcda'
}
[2025-12-02T17:12:42.913Z] [App] [INFO] rbac.update_billable_seats { teamId: 'df62d2a2-c4f1-47ae-adf2-ced1b990dcda', billableSeats: 1 }

stderr | src/server/auth/__tests__/verify-email.property.test.ts > Property 5: Valid verification marks user as verified > should not verify user with invalid token signature
{"eventId":"4ebf3e4b-3eb7-4e4a-a51c-bad38d5c8898","eventType":"auth.token.tampered","timestamp":"2025-12-02T17:12:42.930Z","outcome":"failure","userId":"8d8d638e-8234-4a4e-ac52-5ffb1dbdd632","errorCode":"INVALID_TOKEN_SIGNATURE","errorMessage":"Token signature is invalid","metadata":{"tokenType":"email_verification","reason":"invalid_signature"}}

stderr | src/server/auth/__tests__/verify-email.property.test.ts > Property 5: Valid verification marks user as verified > should not verify user with invalid token signature
{"eventId":"f154c7c0-9918-47ee-adbd-518c44dbccf3","eventType":"auth.token.tampered","timestamp":"2025-12-02T17:12:43.057Z","outcome":"failure","userId":"574f2c34-388f-4138-b3f6-ca83af84f777","errorCode":"INVALID_TOKEN_SIGNATURE","errorMessage":"Token signature is invalid","metadata":{"tokenType":"email_verification","reason":"invalid_signature"}}

stdout | src/server/auth/__tests__/rbac.test.ts > RBAC - Property-Based Tests > Property 20: Editor roles mark billable seats
[2025-12-02T17:12:43.056Z] [App] [INFO] rbac.assign_role.success {
  userId: '263c34f1-11cd-43b7-8216-7edf095eab01',
  role: 'TEAM_MEMBER',
  resourceType: 'team',
  resourceId: '199f0e7c-a5cf-43b2-b885-ade5eac55a8d',
  roleId: '570b531f-6d66-4dab-84a2-4e012fc1e1e9'
}
[2025-12-02T17:12:43.058Z] [App] [INFO] rbac.assign_role.success {
  userId: '263c34f1-11cd-43b7-8216-7edf095eab01',
  role: 'PROJECT_OWNER',
  resourceType: 'project',
  resourceId: 'e5c17e47-e8b4-4edf-997a-0f7902593574',
  roleId: 'e998c69e-b089-4aed-9ed5-920e9d96b01e'
}
[2025-12-02T17:12:43.059Z] [App] [INFO] rbac.update_role.success {
  userId: '263c34f1-11cd-43b7-8216-7edf095eab01',
  oldRole: 'TEAM_MEMBER',
  newRole: 'TEAM_EDITOR',
  resourceType: 'team',
  resourceId: '199f0e7c-a5cf-43b2-b885-ade5eac55a8d'
}
[2025-12-02T17:12:43.059Z] [App] [INFO] rbac.update_billable_seats { teamId: '199f0e7c-a5cf-43b2-b885-ade5eac55a8d', billableSeats: 1 }
[2025-12-02T17:12:43.061Z] [App] [INFO] rbac.assign_role.success {
  userId: '263c34f1-11cd-43b7-8216-7edf095eab01',
  role: 'TEAM_OWNER',
  resourceType: 'team',
  resourceId: '199f0e7c-a5cf-43b2-b885-ade5eac55a8d',
  roleId: 'b0abdc78-4002-4f30-b438-076ae7c7c136'
}

 ✓ src/features/projects/components/project-icon-selector.test.tsx (3 tests) 1788ms
   ✓ ProjectIconSelector > renders trigger button with selected icon 590ms
   ✓ ProjectIconSelector > opens popover and shows command input when trigger is clicked 747ms
   ✓ ProjectIconSelector > calls onChange and closes popover when an icon is selected 435ms
stderr | src/server/auth/__tests__/verify-email.property.test.ts > Property 5: Valid verification marks user as verified > should not verify user with invalid token signature
{"eventId":"6c5d26a9-206a-4529-9373-a99dc88d2250","eventType":"auth.token.tampered","timestamp":"2025-12-02T17:12:43.241Z","outcome":"failure","userId":"8c752ff8-f385-451d-af24-007104a707a3","errorCode":"INVALID_TOKEN_SIGNATURE","errorMessage":"Token signature is invalid","metadata":{"tokenType":"email_verification","reason":"invalid_signature"}}

stdout | src/server/auth/__tests__/rbac.test.ts > RBAC - Property-Based Tests > Property 20: Editor roles mark billable seats
[2025-12-02T17:12:43.244Z] [App] [INFO] rbac.assign_role.success {
  userId: 'fa0c8255-7b3e-437a-ae62-7b1174f7ca95',
  role: 'TEAM_EDITOR',
  resourceType: 'team',
  resourceId: '199f0e7c-a5cf-43b2-b885-ade5eac55a8d',
  roleId: 'f0550b43-d69c-4502-abc3-7f387f54f84a'
}
[2025-12-02T17:12:43.245Z] [App] [INFO] rbac.update_billable_seats { teamId: '199f0e7c-a5cf-43b2-b885-ade5eac55a8d', billableSeats: 2 }
[2025-12-02T17:12:43.246Z] [App] [INFO] rbac.remove_role.success {
  userId: 'fa0c8255-7b3e-437a-ae62-7b1174f7ca95',
  role: 'TEAM_EDITOR',
  resourceType: 'team',
  resourceId: '199f0e7c-a5cf-43b2-b885-ade5eac55a8d'
}
[2025-12-02T17:12:43.247Z] [App] [INFO] rbac.update_billable_seats { teamId: '199f0e7c-a5cf-43b2-b885-ade5eac55a8d', billableSeats: 1 }

stderr | src/server/auth/__tests__/verify-email.property.test.ts > Property 5: Valid verification marks user as verified > should not verify user with invalid token signature
{"eventId":"384fc261-c0b2-4054-8936-8dd9b2ac412a","eventType":"auth.token.tampered","timestamp":"2025-12-02T17:12:43.498Z","outcome":"failure","userId":"3d8e4bef-11ad-4e91-86c7-9fb048b159ba","errorCode":"INVALID_TOKEN_SIGNATURE","errorMessage":"Token signature is invalid","metadata":{"tokenType":"email_verification","reason":"invalid_signature"}}

stdout | src/server/auth/__tests__/rbac.test.ts > RBAC - Property-Based Tests > Property 20: Editor roles mark billable seats
[2025-12-02T17:12:43.507Z] [App] [INFO] rbac.assign_role.success {
  userId: '3c568fe6-dc5a-47ee-915e-f3a7330dc0ea',
  role: 'TEAM_MEMBER',
  resourceType: 'team',
  resourceId: '81506fba-ffa3-4487-aca3-96f57a5ac066',
  roleId: 'f362c64f-6982-43f6-95b8-5411ca0563ba'
}
[2025-12-02T17:12:43.508Z] [App] [INFO] rbac.assign_role.success {
  userId: '3c568fe6-dc5a-47ee-915e-f3a7330dc0ea',
  role: 'PROJECT_EDITOR',
  resourceType: 'project',
  resourceId: '12664bdd-39de-43d7-a7e8-8d4f534778e8',
  roleId: 'b37d37a4-a184-4d32-a08a-997506ab7680'
}
[2025-12-02T17:12:43.509Z] [App] [INFO] rbac.update_role.success {
  userId: '3c568fe6-dc5a-47ee-915e-f3a7330dc0ea',
  oldRole: 'TEAM_MEMBER',
  newRole: 'TEAM_EDITOR',
  resourceType: 'team',
  resourceId: '81506fba-ffa3-4487-aca3-96f57a5ac066'
}
[2025-12-02T17:12:43.510Z] [App] [INFO] rbac.update_billable_seats { teamId: '81506fba-ffa3-4487-aca3-96f57a5ac066', billableSeats: 1 }
[2025-12-02T17:12:43.522Z] [App] [INFO] rbac.assign_role.success {
  userId: '3c568fe6-dc5a-47ee-915e-f3a7330dc0ea',
  role: 'TEAM_OWNER',
  resourceType: 'team',
  resourceId: '81506fba-ffa3-4487-aca3-96f57a5ac066',
  roleId: '64eed656-6c5e-4051-bf0d-eba6b31dcbef'
}

stdout | src/server/auth/__tests__/rbac.test.ts > RBAC - Property-Based Tests > Property 20: Editor roles mark billable seats
[2025-12-02T17:12:43.706Z] [App] [INFO] rbac.assign_role.success {
  userId: '191f0c99-057b-4f80-96e0-7aac646979ba',
  role: 'TEAM_EDITOR',
  resourceType: 'team',
  resourceId: '81506fba-ffa3-4487-aca3-96f57a5ac066',
  roleId: '69646d5c-2e5a-429f-ba32-70645f5b6dff'
}
[2025-12-02T17:12:43.706Z] [App] [INFO] rbac.update_billable_seats { teamId: '81506fba-ffa3-4487-aca3-96f57a5ac066', billableSeats: 2 }
[2025-12-02T17:12:43.707Z] [App] [INFO] rbac.remove_role.success {
  userId: '191f0c99-057b-4f80-96e0-7aac646979ba',
  role: 'TEAM_EDITOR',
  resourceType: 'team',
  resourceId: '81506fba-ffa3-4487-aca3-96f57a5ac066'
}
[2025-12-02T17:12:43.708Z] [App] [INFO] rbac.update_billable_seats { teamId: '81506fba-ffa3-4487-aca3-96f57a5ac066', billableSeats: 1 }

stderr | src/server/auth/__tests__/verify-email.property.test.ts > Property 5: Valid verification marks user as verified > should not verify user with invalid token signature
{"eventId":"8a166e92-7ef7-4bbc-b87a-a3e1e33339a0","eventType":"auth.token.tampered","timestamp":"2025-12-02T17:12:43.709Z","outcome":"failure","userId":"ffd6fc89-b131-4ee9-9fb4-a7e7c4752c55","errorCode":"INVALID_TOKEN_SIGNATURE","errorMessage":"Token signature is invalid","metadata":{"tokenType":"email_verification","reason":"invalid_signature"}}

 ✓ src/lib/__tests__/config.test.ts (2 tests) 227ms
stderr | src/server/auth/__tests__/verify-email.property.test.ts > Property 5: Valid verification marks user as verified > should not verify user with invalid token signature
{"eventId":"f41c20b2-ff86-4dd3-a85f-c3d6e373f77a","eventType":"auth.token.tampered","timestamp":"2025-12-02T17:12:43.858Z","outcome":"failure","userId":"fecd391b-8174-4ad5-8684-b922a53e1c91","errorCode":"INVALID_TOKEN_SIGNATURE","errorMessage":"Token signature is invalid","metadata":{"tokenType":"email_verification","reason":"invalid_signature"}}

stdout | src/server/auth/__tests__/rbac.test.ts > RBAC - Property-Based Tests > Property 20: Editor roles mark billable seats
[2025-12-02T17:12:43.857Z] [App] [INFO] rbac.assign_role.success {
  userId: 'e67e4f6a-4d22-46cd-b49f-066cf36f5dff',
  role: 'TEAM_MEMBER',
  resourceType: 'team',
  resourceId: 'b8f310db-c9d2-4435-816b-213a2993a072',
  roleId: 'd2177167-ca2d-4395-a398-7667f80ed819'
}
[2025-12-02T17:12:43.859Z] [App] [INFO] rbac.assign_role.success {
  userId: 'e67e4f6a-4d22-46cd-b49f-066cf36f5dff',
  role: 'PROJECT_EDITOR',
  resourceType: 'project',
  resourceId: '9694edd0-4e2e-4b13-acd8-b780c1764322',
  roleId: '2faab879-2d13-47eb-90e5-c38fc6dfdbc4'
}
[2025-12-02T17:12:43.860Z] [App] [INFO] rbac.update_role.success {
  userId: 'e67e4f6a-4d22-46cd-b49f-066cf36f5dff',
  oldRole: 'TEAM_MEMBER',
  newRole: 'TEAM_EDITOR',
  resourceType: 'team',
  resourceId: 'b8f310db-c9d2-4435-816b-213a2993a072'
}
[2025-12-02T17:12:43.861Z] [App] [INFO] rbac.update_billable_seats { teamId: 'b8f310db-c9d2-4435-816b-213a2993a072', billableSeats: 1 }
[2025-12-02T17:12:43.864Z] [App] [INFO] rbac.assign_role.success {
  userId: 'e67e4f6a-4d22-46cd-b49f-066cf36f5dff',
  role: 'TEAM_OWNER',
  resourceType: 'team',
  resourceId: 'b8f310db-c9d2-4435-816b-213a2993a072',
  roleId: 'a7d28fdf-dbc6-4c1a-b719-675a1b3f2613'
}

stderr | src/server/auth/__tests__/verify-email.property.test.ts > Property 5: Valid verification marks user as verified > should not verify user with invalid token signature
{"eventId":"7de2121f-47c9-477b-8c77-4754a01014af","eventType":"auth.token.tampered","timestamp":"2025-12-02T17:12:44.015Z","outcome":"failure","userId":"601d5279-1d1c-4a42-a24e-92057f021ca9","errorCode":"INVALID_TOKEN_SIGNATURE","errorMessage":"Token signature is invalid","metadata":{"tokenType":"email_verification","reason":"invalid_signature"}}

stdout | src/server/auth/__tests__/rbac.test.ts > RBAC - Property-Based Tests > Property 20: Editor roles mark billable seats
[2025-12-02T17:12:44.023Z] [App] [INFO] rbac.assign_role.success {
  userId: '3c6d283d-09de-42f3-bf98-7bed520e4db7',
  role: 'TEAM_EDITOR',
  resourceType: 'team',
  resourceId: 'b8f310db-c9d2-4435-816b-213a2993a072',
  roleId: '44b5109d-2262-44e3-89a9-274a74aff25e'
}
[2025-12-02T17:12:44.023Z] [App] [INFO] rbac.update_billable_seats { teamId: 'b8f310db-c9d2-4435-816b-213a2993a072', billableSeats: 2 }
[2025-12-02T17:12:44.024Z] [App] [INFO] rbac.remove_role.success {
  userId: '3c6d283d-09de-42f3-bf98-7bed520e4db7',
  role: 'TEAM_EDITOR',
  resourceType: 'team',
  resourceId: 'b8f310db-c9d2-4435-816b-213a2993a072'
}
[2025-12-02T17:12:44.024Z] [App] [INFO] rbac.update_billable_seats { teamId: 'b8f310db-c9d2-4435-816b-213a2993a072', billableSeats: 1 }

stderr | src/server/auth/__tests__/verify-email.property.test.ts > Property 5: Valid verification marks user as verified > should not verify user with invalid token signature
{"eventId":"0d14a39a-a18c-4820-b918-97f97c3275b0","eventType":"auth.token.tampered","timestamp":"2025-12-02T17:12:44.171Z","outcome":"failure","userId":"7d58c5bb-092c-4a16-80b9-7a7d2aeedb17","errorCode":"INVALID_TOKEN_SIGNATURE","errorMessage":"Token signature is invalid","metadata":{"tokenType":"email_verification","reason":"invalid_signature"}}

stdout | src/server/auth/__tests__/rbac.test.ts > RBAC - Property-Based Tests > Property 20: Editor roles mark billable seats
[2025-12-02T17:12:44.183Z] [App] [INFO] rbac.assign_role.success {
  userId: '933546bd-c129-4952-aecc-c342395e3319',
  role: 'TEAM_MEMBER',
  resourceType: 'team',
  resourceId: '922049a9-fbe9-4fc1-b549-a149a8213891',
  roleId: '27400679-9763-4742-ba8e-f2fa67783f08'
}
[2025-12-02T17:12:44.185Z] [App] [INFO] rbac.assign_role.success {
  userId: '933546bd-c129-4952-aecc-c342395e3319',
  role: 'PROJECT_OWNER',
  resourceType: 'project',
  resourceId: '360f3a1f-7e9d-4cbe-89b7-9b68d4ccd5f8',
  roleId: 'd2eaf551-d2f2-4bbf-91ef-2b24e11026e2'
}
[2025-12-02T17:12:44.194Z] [App] [INFO] rbac.update_role.success {
  userId: '933546bd-c129-4952-aecc-c342395e3319',
  oldRole: 'TEAM_MEMBER',
  newRole: 'TEAM_EDITOR',
  resourceType: 'team',
  resourceId: '922049a9-fbe9-4fc1-b549-a149a8213891'
}
[2025-12-02T17:12:44.198Z] [App] [INFO] rbac.update_billable_seats { teamId: '922049a9-fbe9-4fc1-b549-a149a8213891', billableSeats: 1 }
[2025-12-02T17:12:44.201Z] [App] [INFO] rbac.assign_role.success {
  userId: '933546bd-c129-4952-aecc-c342395e3319',
  role: 'TEAM_OWNER',
  resourceType: 'team',
  resourceId: '922049a9-fbe9-4fc1-b549-a149a8213891',
  roleId: '122e8185-cc60-45cf-ae6e-54a2d1eb3778'
}

stderr | src/server/auth/__tests__/verify-email.property.test.ts > Property 5: Valid verification marks user as verified > should not verify user with invalid token signature
{"eventId":"c9bfae23-4ac1-458f-b9bf-31fd4a6628ca","eventType":"auth.token.tampered","timestamp":"2025-12-02T17:12:44.499Z","outcome":"failure","userId":"1e81b28c-a98d-48e3-946c-5c374860a6ae","errorCode":"INVALID_TOKEN_SIGNATURE","errorMessage":"Token signature is invalid","metadata":{"tokenType":"email_verification","reason":"invalid_signature"}}

stdout | src/server/auth/__tests__/rbac.test.ts > RBAC - Property-Based Tests > Property 20: Editor roles mark billable seats
[2025-12-02T17:12:44.586Z] [App] [INFO] rbac.assign_role.success {
  userId: '3c8f7df2-93e2-42c9-8115-f5d2cab23bea',
  role: 'TEAM_EDITOR',
  resourceType: 'team',
  resourceId: '922049a9-fbe9-4fc1-b549-a149a8213891',
  roleId: '058ceda4-00e6-4652-b292-12d2cd7a8736'
}
[2025-12-02T17:12:44.589Z] [App] [INFO] rbac.update_billable_seats { teamId: '922049a9-fbe9-4fc1-b549-a149a8213891', billableSeats: 2 }
[2025-12-02T17:12:44.591Z] [App] [INFO] rbac.remove_role.success {
  userId: '3c8f7df2-93e2-42c9-8115-f5d2cab23bea',
  role: 'TEAM_EDITOR',
  resourceType: 'team',
  resourceId: '922049a9-fbe9-4fc1-b549-a149a8213891'
}
[2025-12-02T17:12:44.591Z] [App] [INFO] rbac.update_billable_seats { teamId: '922049a9-fbe9-4fc1-b549-a149a8213891', billableSeats: 1 }

stderr | src/server/auth/__tests__/verify-email.property.test.ts > Property 5: Valid verification marks user as verified > should not verify user with invalid token signature
{"eventId":"4f349f0a-9695-48a7-b1f0-eeb5649fa903","eventType":"auth.token.tampered","timestamp":"2025-12-02T17:12:44.654Z","outcome":"failure","userId":"8a37b7b5-7952-4fb8-9345-f9fc89d3fa0f","errorCode":"INVALID_TOKEN_SIGNATURE","errorMessage":"Token signature is invalid","metadata":{"tokenType":"email_verification","reason":"invalid_signature"}}

stdout | src/server/auth/__tests__/rbac.test.ts > RBAC - Property-Based Tests > Property 20: Editor roles mark billable seats
[2025-12-02T17:12:44.815Z] [App] [INFO] rbac.assign_role.success {
  userId: '7006b86e-dc51-476f-9350-9bb27a55ede8',
  role: 'TEAM_MEMBER',
  resourceType: 'team',
  resourceId: '28f7a9c3-951f-4dcd-882b-555929164d06',
  roleId: '15d71acd-15cc-4b5a-8a08-7a7cf0685bba'
}
[2025-12-02T17:12:44.822Z] [App] [INFO] rbac.assign_role.success {
  userId: '7006b86e-dc51-476f-9350-9bb27a55ede8',
  role: 'PROJECT_EDITOR',
  resourceType: 'project',
  resourceId: '6e9a8068-cf8d-41bf-a537-a9066e59bb3f',
  roleId: '6a7b4f20-fd3e-456a-a168-4c9718d63fd2'
}
[2025-12-02T17:12:44.831Z] [App] [INFO] rbac.update_role.success {
  userId: '7006b86e-dc51-476f-9350-9bb27a55ede8',
  oldRole: 'TEAM_MEMBER',
  newRole: 'TEAM_EDITOR',
  resourceType: 'team',
  resourceId: '28f7a9c3-951f-4dcd-882b-555929164d06'
}
[2025-12-02T17:12:44.832Z] [App] [INFO] rbac.update_billable_seats { teamId: '28f7a9c3-951f-4dcd-882b-555929164d06', billableSeats: 1 }
[2025-12-02T17:12:44.838Z] [App] [INFO] rbac.assign_role.success {
  userId: '7006b86e-dc51-476f-9350-9bb27a55ede8',
  role: 'TEAM_OWNER',
  resourceType: 'team',
  resourceId: '28f7a9c3-951f-4dcd-882b-555929164d06',
  roleId: '2cffaf2c-df9b-4fb3-b294-3876f1e8716d'
}

stderr | src/server/auth/__tests__/verify-email.property.test.ts > Property 5: Valid verification marks user as verified > should not verify user with invalid token signature
{"eventId":"53b2939f-ccd9-4dc6-b527-9bf296e8d42e","eventType":"auth.token.tampered","timestamp":"2025-12-02T17:12:45.006Z","outcome":"failure","userId":"ccb01bf9-f295-4cc6-a457-ec840e493eb2","errorCode":"INVALID_TOKEN_SIGNATURE","errorMessage":"Token signature is invalid","metadata":{"tokenType":"email_verification","reason":"invalid_signature"}}

stdout | src/server/auth/__tests__/rbac.test.ts > RBAC - Property-Based Tests > Property 20: Editor roles mark billable seats
[2025-12-02T17:12:45.180Z] [App] [INFO] rbac.assign_role.success {
  userId: '97ccfbd7-48b0-4874-b6ee-359b343f139a',
  role: 'TEAM_EDITOR',
  resourceType: 'team',
  resourceId: '28f7a9c3-951f-4dcd-882b-555929164d06',
  roleId: 'adb01bf4-3799-4d5a-b031-329d59de834a'
}
[2025-12-02T17:12:45.182Z] [App] [INFO] rbac.update_billable_seats { teamId: '28f7a9c3-951f-4dcd-882b-555929164d06', billableSeats: 2 }
[2025-12-02T17:12:45.223Z] [App] [INFO] rbac.remove_role.success {
  userId: '97ccfbd7-48b0-4874-b6ee-359b343f139a',
  role: 'TEAM_EDITOR',
  resourceType: 'team',
  resourceId: '28f7a9c3-951f-4dcd-882b-555929164d06'
}
[2025-12-02T17:12:45.225Z] [App] [INFO] rbac.update_billable_seats { teamId: '28f7a9c3-951f-4dcd-882b-555929164d06', billableSeats: 1 }

stderr | src/server/auth/__tests__/verify-email.property.test.ts > Property 5: Valid verification marks user as verified > should not verify user with invalid token signature
{"eventId":"8db66aa8-7ca5-4a4e-8c1b-5d13b476e40d","eventType":"auth.token.tampered","timestamp":"2025-12-02T17:12:45.420Z","outcome":"failure","userId":"b5955a11-4767-48f9-8184-e3e89a461c34","errorCode":"INVALID_TOKEN_SIGNATURE","errorMessage":"Token signature is invalid","metadata":{"tokenType":"email_verification","reason":"invalid_signature"}}

 ↓ src/server/auth/__tests__/remaining-properties.property.test.ts (1 test | 1 skipped)
stdout | src/server/auth/__tests__/rbac.test.ts > RBAC - Property-Based Tests > Property 20: Editor roles mark billable seats
[2025-12-02T17:12:45.554Z] [App] [INFO] rbac.assign_role.success {
  userId: '3b094d63-2935-4d6b-957d-df8be2b9bc33',
  role: 'TEAM_MEMBER',
  resourceType: 'team',
  resourceId: '64da05a4-88e9-42f6-be9e-fa572ad786cf',
  roleId: 'c0dfe375-2337-4003-abfa-8418091f5336'
}
[2025-12-02T17:12:45.557Z] [App] [INFO] rbac.assign_role.success {
  userId: '3b094d63-2935-4d6b-957d-df8be2b9bc33',
  role: 'PROJECT_OWNER',
  resourceType: 'project',
  resourceId: '2443e21e-cb96-42a3-b888-10ba5413b1f7',
  roleId: 'ee78fc41-7453-49ef-952c-b97c8b66a613'
}
[2025-12-02T17:12:45.559Z] [App] [INFO] rbac.update_role.success {
  userId: '3b094d63-2935-4d6b-957d-df8be2b9bc33',
  oldRole: 'TEAM_MEMBER',
  newRole: 'TEAM_EDITOR',
  resourceType: 'team',
  resourceId: '64da05a4-88e9-42f6-be9e-fa572ad786cf'
}
[2025-12-02T17:12:45.559Z] [App] [INFO] rbac.update_billable_seats { teamId: '64da05a4-88e9-42f6-be9e-fa572ad786cf', billableSeats: 1 }
[2025-12-02T17:12:45.562Z] [App] [INFO] rbac.assign_role.success {
  userId: '3b094d63-2935-4d6b-957d-df8be2b9bc33',
  role: 'TEAM_OWNER',
  resourceType: 'team',
  resourceId: '64da05a4-88e9-42f6-be9e-fa572ad786cf',
  roleId: '9db77753-e2ff-4b1b-b01e-cc78a5412e94'
}

stderr | src/server/auth/__tests__/verify-email.property.test.ts > Property 5: Valid verification marks user as verified > should not verify user with invalid token signature
{"eventId":"eb2ae241-25eb-453e-8b65-5d79dba086e9","eventType":"auth.token.tampered","timestamp":"2025-12-02T17:12:45.597Z","outcome":"failure","userId":"55093070-5434-4fe4-a668-a1d877d6edd3","errorCode":"INVALID_TOKEN_SIGNATURE","errorMessage":"Token signature is invalid","metadata":{"tokenType":"email_verification","reason":"invalid_signature"}}

stdout | src/server/auth/__tests__/rbac.test.ts > RBAC - Property-Based Tests > Property 20: Editor roles mark billable seats
[2025-12-02T17:12:45.713Z] [App] [INFO] rbac.assign_role.success {
  userId: '24830aeb-c616-4e73-a0ca-19b57779675d',
  role: 'TEAM_EDITOR',
  resourceType: 'team',
  resourceId: '64da05a4-88e9-42f6-be9e-fa572ad786cf',
  roleId: '0fe7eee6-b019-432a-85cd-c6e1272aa492'
}
[2025-12-02T17:12:45.714Z] [App] [INFO] rbac.update_billable_seats { teamId: '64da05a4-88e9-42f6-be9e-fa572ad786cf', billableSeats: 2 }
[2025-12-02T17:12:45.715Z] [App] [INFO] rbac.remove_role.success {
  userId: '24830aeb-c616-4e73-a0ca-19b57779675d',
  role: 'TEAM_EDITOR',
  resourceType: 'team',
  resourceId: '64da05a4-88e9-42f6-be9e-fa572ad786cf'
}
[2025-12-02T17:12:45.715Z] [App] [INFO] rbac.update_billable_seats { teamId: '64da05a4-88e9-42f6-be9e-fa572ad786cf', billableSeats: 1 }

stderr | src/server/auth/__tests__/verify-email.property.test.ts > Property 5: Valid verification marks user as verified > should not verify user with invalid token signature
{"eventId":"9f5d6ce5-0942-480e-b09f-1e220890ad96","eventType":"auth.token.tampered","timestamp":"2025-12-02T17:12:45.770Z","outcome":"failure","errorCode":"INVALID_TOKEN_FORMAT","errorMessage":"Token format is invalid","metadata":{"tokenType":"email_verification","reason":"invalid_format"}}

stdout | src/server/auth/__tests__/rbac.test.ts > RBAC - Property-Based Tests > Property 20: Editor roles mark billable seats
[2025-12-02T17:12:45.902Z] [App] [INFO] rbac.assign_role.success {
  userId: '03c2825f-6776-4e87-b751-1cf16a325d67',
  role: 'TEAM_MEMBER',
  resourceType: 'team',
  resourceId: '0c665c0f-c849-4b6a-ab29-c159717e7b0d',
  roleId: 'c444fd7e-e67b-42dc-93e0-124e0f78e0b0'
}
[2025-12-02T17:12:45.906Z] [App] [INFO] rbac.assign_role.success {
  userId: '03c2825f-6776-4e87-b751-1cf16a325d67',
  role: 'PROJECT_OWNER',
  resourceType: 'project',
  resourceId: '1e6de37b-4b3a-49d8-bffa-0a9c1df73c1d',
  roleId: 'b8966388-04da-4c95-b5da-610ced0894f4'
}
[2025-12-02T17:12:45.909Z] [App] [INFO] rbac.update_role.success {
  userId: '03c2825f-6776-4e87-b751-1cf16a325d67',
  oldRole: 'TEAM_MEMBER',
  newRole: 'TEAM_EDITOR',
  resourceType: 'team',
  resourceId: '0c665c0f-c849-4b6a-ab29-c159717e7b0d'
}
[2025-12-02T17:12:45.909Z] [App] [INFO] rbac.update_billable_seats { teamId: '0c665c0f-c849-4b6a-ab29-c159717e7b0d', billableSeats: 1 }
[2025-12-02T17:12:45.913Z] [App] [INFO] rbac.assign_role.success {
  userId: '03c2825f-6776-4e87-b751-1cf16a325d67',
  role: 'TEAM_OWNER',
  resourceType: 'team',
  resourceId: '0c665c0f-c849-4b6a-ab29-c159717e7b0d',
  roleId: '3cbd9e61-8862-498e-b1c1-c341873bed5e'
}

stderr | src/server/auth/__tests__/verify-email.property.test.ts > Property 5: Valid verification marks user as verified > should not verify user with invalid token signature
{"eventId":"f9a3d7d3-ef54-44b4-b90d-a06b5fe6bb97","eventType":"auth.token.tampered","timestamp":"2025-12-02T17:12:45.917Z","outcome":"failure","userId":"421e5f32-48b5-4eb7-9899-efa929fe9398","errorCode":"INVALID_TOKEN_SIGNATURE","errorMessage":"Token signature is invalid","metadata":{"tokenType":"email_verification","reason":"invalid_signature"}}

stdout | src/server/auth/__tests__/rbac.test.ts > RBAC - Property-Based Tests > Property 20: Editor roles mark billable seats
[2025-12-02T17:12:46.042Z] [App] [INFO] rbac.assign_role.success {
  userId: 'd8b97131-6293-4a10-9135-0691b740dab9',
  role: 'TEAM_EDITOR',
  resourceType: 'team',
  resourceId: '0c665c0f-c849-4b6a-ab29-c159717e7b0d',
  roleId: 'f9eb6b3e-3599-48a5-b918-9a7a1e51dd8b'
}
[2025-12-02T17:12:46.042Z] [App] [INFO] rbac.update_billable_seats { teamId: '0c665c0f-c849-4b6a-ab29-c159717e7b0d', billableSeats: 2 }
[2025-12-02T17:12:46.044Z] [App] [INFO] rbac.remove_role.success {
  userId: 'd8b97131-6293-4a10-9135-0691b740dab9',
  role: 'TEAM_EDITOR',
  resourceType: 'team',
  resourceId: '0c665c0f-c849-4b6a-ab29-c159717e7b0d'
}
[2025-12-02T17:12:46.046Z] [App] [INFO] rbac.update_billable_seats { teamId: '0c665c0f-c849-4b6a-ab29-c159717e7b0d', billableSeats: 1 }

stderr | src/server/auth/__tests__/verify-email.property.test.ts > Property 5: Valid verification marks user as verified > should not verify user with invalid token signature
{"eventId":"febd31b2-0e52-4fb4-b58c-852a6812790b","eventType":"auth.token.tampered","timestamp":"2025-12-02T17:12:46.054Z","outcome":"failure","userId":"cee9d55b-ec3a-4ebe-a0eb-5eddad3faf96","errorCode":"INVALID_TOKEN_SIGNATURE","errorMessage":"Token signature is invalid","metadata":{"tokenType":"email_verification","reason":"invalid_signature"}}

stdout | src/server/auth/__tests__/rbac.test.ts > RBAC - Property-Based Tests > Property 20: Editor roles mark billable seats
[2025-12-02T17:12:46.172Z] [App] [INFO] rbac.assign_role.success {
  userId: '91cac534-a94e-4d2f-adbc-2242ea1cbb19',
  role: 'TEAM_MEMBER',
  resourceType: 'team',
  resourceId: 'e172e0a0-c448-49ab-9179-94bd519ac58d',
  roleId: '444d64f1-805a-4305-8ce9-2bbd59cb8732'
}
[2025-12-02T17:12:46.174Z] [App] [INFO] rbac.assign_role.success {
  userId: '91cac534-a94e-4d2f-adbc-2242ea1cbb19',
  role: 'PROJECT_OWNER',
  resourceType: 'project',
  resourceId: '71d82780-9755-403a-a3db-4f8193b23b4d',
  roleId: '5a158282-2e7c-432c-958e-97c15b5e836e'
}
[2025-12-02T17:12:46.175Z] [App] [INFO] rbac.update_role.success {
  userId: '91cac534-a94e-4d2f-adbc-2242ea1cbb19',
  oldRole: 'TEAM_MEMBER',
  newRole: 'TEAM_EDITOR',
  resourceType: 'team',
  resourceId: 'e172e0a0-c448-49ab-9179-94bd519ac58d'
}
[2025-12-02T17:12:46.175Z] [App] [INFO] rbac.update_billable_seats { teamId: 'e172e0a0-c448-49ab-9179-94bd519ac58d', billableSeats: 1 }
[2025-12-02T17:12:46.176Z] [App] [INFO] rbac.assign_role.success {
  userId: '91cac534-a94e-4d2f-adbc-2242ea1cbb19',
  role: 'TEAM_OWNER',
  resourceType: 'team',
  resourceId: 'e172e0a0-c448-49ab-9179-94bd519ac58d',
  roleId: 'b40e2b6a-9b88-4956-a07c-8b53dadbebff'
}

stderr | src/server/auth/__tests__/verify-email.property.test.ts > Property 5: Valid verification marks user as verified > should not verify user with invalid token signature
{"eventId":"94570119-62cb-4663-8857-7555d6b85609","eventType":"auth.token.tampered","timestamp":"2025-12-02T17:12:46.175Z","outcome":"failure","userId":"e1a821bf-d98a-4fcb-899c-6ad3a4167360","errorCode":"INVALID_TOKEN_SIGNATURE","errorMessage":"Token signature is invalid","metadata":{"tokenType":"email_verification","reason":"invalid_signature"}}

stderr | src/server/auth/__tests__/verify-email.property.test.ts > Property 5: Valid verification marks user as verified > should not verify user with invalid token signature
{"eventId":"bf244c8a-9f48-4dc8-a8b1-8f58c64f1830","eventType":"auth.token.tampered","timestamp":"2025-12-02T17:12:46.330Z","outcome":"failure","userId":"9e3836ea-8af1-4285-b164-9436691d59be","errorCode":"INVALID_TOKEN_SIGNATURE","errorMessage":"Token signature is invalid","metadata":{"tokenType":"email_verification","reason":"invalid_signature"}}

stdout | src/server/auth/__tests__/rbac.test.ts > RBAC - Property-Based Tests > Property 20: Editor roles mark billable seats
[2025-12-02T17:12:46.329Z] [App] [INFO] rbac.assign_role.success {
  userId: '4d9d26bc-3f6c-44c6-b9bf-3b79faf4c604',
  role: 'TEAM_EDITOR',
  resourceType: 'team',
  resourceId: 'e172e0a0-c448-49ab-9179-94bd519ac58d',
  roleId: '545a8bdf-8950-491b-9cd6-31e3a7b8d1e2'
}
[2025-12-02T17:12:46.330Z] [App] [INFO] rbac.update_billable_seats { teamId: 'e172e0a0-c448-49ab-9179-94bd519ac58d', billableSeats: 2 }
[2025-12-02T17:12:46.331Z] [App] [INFO] rbac.remove_role.success {
  userId: '4d9d26bc-3f6c-44c6-b9bf-3b79faf4c604',
  role: 'TEAM_EDITOR',
  resourceType: 'team',
  resourceId: 'e172e0a0-c448-49ab-9179-94bd519ac58d'
}
[2025-12-02T17:12:46.332Z] [App] [INFO] rbac.update_billable_seats { teamId: 'e172e0a0-c448-49ab-9179-94bd519ac58d', billableSeats: 1 }

stderr | src/server/auth/__tests__/verify-email.property.test.ts > Property 5: Valid verification marks user as verified > should not verify user with invalid token signature
{"eventId":"649fb684-8bdc-4a15-8f55-a338f8c913d7","eventType":"auth.token.tampered","timestamp":"2025-12-02T17:12:46.811Z","outcome":"failure","userId":"718f0abb-59d1-48eb-82db-eda400772921","errorCode":"INVALID_TOKEN_SIGNATURE","errorMessage":"Token signature is invalid","metadata":{"tokenType":"email_verification","reason":"invalid_signature"}}

stdout | src/server/auth/__tests__/rbac.test.ts > RBAC - Property-Based Tests > Property 20: Editor roles mark billable seats
[2025-12-02T17:12:46.806Z] [App] [INFO] rbac.assign_role.success {
  userId: '5f375efa-f39d-4165-843a-13c50b93d8fe',
  role: 'TEAM_MEMBER',
  resourceType: 'team',
  resourceId: '9ac85040-e7d7-4e22-b234-23d153b741c7',
  roleId: 'af96e2b4-1515-4902-9e0f-e550bf4121ad'
}
[2025-12-02T17:12:46.810Z] [App] [INFO] rbac.assign_role.success {
  userId: '5f375efa-f39d-4165-843a-13c50b93d8fe',
  role: 'PROJECT_OWNER',
  resourceType: 'project',
  resourceId: 'f911b955-c47d-4fb8-956e-335509826a4e',
  roleId: '8f6d801c-5648-48e7-8573-a804c3910626'
}
[2025-12-02T17:12:46.813Z] [App] [INFO] rbac.update_role.success {
  userId: '5f375efa-f39d-4165-843a-13c50b93d8fe',
  oldRole: 'TEAM_MEMBER',
  newRole: 'TEAM_EDITOR',
  resourceType: 'team',
  resourceId: '9ac85040-e7d7-4e22-b234-23d153b741c7'
}
[2025-12-02T17:12:46.815Z] [App] [INFO] rbac.update_billable_seats { teamId: '9ac85040-e7d7-4e22-b234-23d153b741c7', billableSeats: 1 }
[2025-12-02T17:12:46.820Z] [App] [INFO] rbac.assign_role.success {
  userId: '5f375efa-f39d-4165-843a-13c50b93d8fe',
  role: 'TEAM_OWNER',
  resourceType: 'team',
  resourceId: '9ac85040-e7d7-4e22-b234-23d153b741c7',
  roleId: '12450fde-2975-4470-acd5-3898ee5c8743'
}

stdout | src/server/auth/__tests__/rbac.test.ts > RBAC - Property-Based Tests > Property 20: Editor roles mark billable seats
[2025-12-02T17:12:47.325Z] [App] [INFO] rbac.assign_role.success {
  userId: '6c136e88-fc38-47c3-bb3c-7f8a3c46894c',
  role: 'TEAM_EDITOR',
  resourceType: 'team',
  resourceId: '9ac85040-e7d7-4e22-b234-23d153b741c7',
  roleId: '0c65d4f7-183c-492f-abf1-ed23f5087557'
}
[2025-12-02T17:12:47.333Z] [App] [INFO] rbac.update_billable_seats { teamId: '9ac85040-e7d7-4e22-b234-23d153b741c7', billableSeats: 2 }
[2025-12-02T17:12:47.348Z] [App] [INFO] rbac.remove_role.success {
  userId: '6c136e88-fc38-47c3-bb3c-7f8a3c46894c',
  role: 'TEAM_EDITOR',
  resourceType: 'team',
  resourceId: '9ac85040-e7d7-4e22-b234-23d153b741c7'
}
[2025-12-02T17:12:47.351Z] [App] [INFO] rbac.update_billable_seats { teamId: '9ac85040-e7d7-4e22-b234-23d153b741c7', billableSeats: 1 }

stderr | src/server/auth/__tests__/verify-email.property.test.ts > Property 5: Valid verification marks user as verified > should not verify user with invalid token signature
{"eventId":"ec9a307e-f00b-4fe6-bc39-78ce897960a9","eventType":"auth.token.tampered","timestamp":"2025-12-02T17:12:47.400Z","outcome":"failure","userId":"74c8903b-4d66-4d77-b7ba-f68c12bacef1","errorCode":"INVALID_TOKEN_SIGNATURE","errorMessage":"Token signature is invalid","metadata":{"tokenType":"email_verification","reason":"invalid_signature"}}

stderr | src/server/auth/__tests__/verify-email.property.test.ts > Property 5: Valid verification marks user as verified > should not verify user with invalid token signature
{"eventId":"5c07d650-0e72-4989-bf20-d6583d5dbcce","eventType":"auth.token.tampered","timestamp":"2025-12-02T17:12:47.737Z","outcome":"failure","userId":"2c1d2f52-da9e-4d36-bdda-4c353465249a","errorCode":"INVALID_TOKEN_SIGNATURE","errorMessage":"Token signature is invalid","metadata":{"tokenType":"email_verification","reason":"invalid_signature"}}

stdout | src/server/auth/__tests__/rbac.test.ts > RBAC - Property-Based Tests > Property 20: Editor roles mark billable seats
[2025-12-02T17:12:47.763Z] [App] [INFO] rbac.assign_role.success {
  userId: 'c0158bf7-21cd-43e5-86ef-cf36e05812b7',
  role: 'TEAM_MEMBER',
  resourceType: 'team',
  resourceId: 'd2327195-b004-4cca-ab4a-ef4c151e859d',
  roleId: '6c94d0bb-2618-48a4-bb1a-cfe55db293d7'
}
[2025-12-02T17:12:47.780Z] [App] [INFO] rbac.assign_role.success {
  userId: 'c0158bf7-21cd-43e5-86ef-cf36e05812b7',
  role: 'PROJECT_EDITOR',
  resourceType: 'project',
  resourceId: '05a49dac-3b9d-4416-927d-da23392812e3',
  roleId: 'd2e88a78-9525-42e0-ac9b-7bcaa45312fc'
}
[2025-12-02T17:12:47.788Z] [App] [INFO] rbac.update_role.success {
  userId: 'c0158bf7-21cd-43e5-86ef-cf36e05812b7',
  oldRole: 'TEAM_MEMBER',
  newRole: 'TEAM_EDITOR',
  resourceType: 'team',
  resourceId: 'd2327195-b004-4cca-ab4a-ef4c151e859d'
}
[2025-12-02T17:12:47.788Z] [App] [INFO] rbac.update_billable_seats { teamId: 'd2327195-b004-4cca-ab4a-ef4c151e859d', billableSeats: 1 }
[2025-12-02T17:12:47.791Z] [App] [INFO] rbac.assign_role.success {
  userId: 'c0158bf7-21cd-43e5-86ef-cf36e05812b7',
  role: 'TEAM_OWNER',
  resourceType: 'team',
  resourceId: 'd2327195-b004-4cca-ab4a-ef4c151e859d',
  roleId: '59708919-8697-4ada-8565-b67d017b2237'
}

stderr | src/server/auth/__tests__/verify-email.property.test.ts > Property 5: Valid verification marks user as verified > should not verify user with invalid token signature
{"eventId":"6fba3c1c-321d-44ee-a347-35aabcdbe57f","eventType":"auth.token.tampered","timestamp":"2025-12-02T17:12:47.973Z","outcome":"failure","userId":"414794b5-add2-4d64-b250-4b62db209fc6","errorCode":"INVALID_TOKEN_SIGNATURE","errorMessage":"Token signature is invalid","metadata":{"tokenType":"email_verification","reason":"invalid_signature"}}

stdout | src/server/auth/__tests__/rbac.test.ts > RBAC - Property-Based Tests > Property 20: Editor roles mark billable seats
[2025-12-02T17:12:48.006Z] [App] [INFO] rbac.assign_role.success {
  userId: '17d92b0f-aa1f-45f1-9950-ed51a57bdaa2',
  role: 'TEAM_EDITOR',
  resourceType: 'team',
  resourceId: 'd2327195-b004-4cca-ab4a-ef4c151e859d',
  roleId: 'c4aec873-b477-4fff-ab58-b86a112e1a83'
}
[2025-12-02T17:12:48.007Z] [App] [INFO] rbac.update_billable_seats { teamId: 'd2327195-b004-4cca-ab4a-ef4c151e859d', billableSeats: 2 }
[2025-12-02T17:12:48.010Z] [App] [INFO] rbac.remove_role.success {
  userId: '17d92b0f-aa1f-45f1-9950-ed51a57bdaa2',
  role: 'TEAM_EDITOR',
  resourceType: 'team',
  resourceId: 'd2327195-b004-4cca-ab4a-ef4c151e859d'
}
[2025-12-02T17:12:48.010Z] [App] [INFO] rbac.update_billable_seats { teamId: 'd2327195-b004-4cca-ab4a-ef4c151e859d', billableSeats: 1 }

stderr | src/server/auth/__tests__/verify-email.property.test.ts > Property 5: Valid verification marks user as verified > should not verify user with invalid token signature
{"eventId":"ab812a9d-ba97-4bc3-ad5b-49a9fbf4121f","eventType":"auth.token.tampered","timestamp":"2025-12-02T17:12:48.121Z","outcome":"failure","userId":"7e5ac71e-8cbb-4b16-841d-a35e8794f4e2","errorCode":"INVALID_TOKEN_SIGNATURE","errorMessage":"Token signature is invalid","metadata":{"tokenType":"email_verification","reason":"invalid_signature"}}

stdout | src/server/auth/__tests__/rbac.test.ts > RBAC - Property-Based Tests > Property 20: Editor roles mark billable seats
[2025-12-02T17:12:48.177Z] [App] [INFO] rbac.assign_role.success {
  userId: '9f88e1b9-a846-423b-a840-81d62877f2e9',
  role: 'TEAM_MEMBER',
  resourceType: 'team',
  resourceId: '8f8647cd-b204-45d0-81d8-e350f40507dd',
  roleId: '2029fa24-74f0-4f1f-ab73-0fdd6b26fe31'
}
[2025-12-02T17:12:48.185Z] [App] [INFO] rbac.assign_role.success {
  userId: '9f88e1b9-a846-423b-a840-81d62877f2e9',
  role: 'PROJECT_EDITOR',
  resourceType: 'project',
  resourceId: 'f40524fd-212d-4ac2-a236-7cbd92b5f487',
  roleId: 'd0ef8637-ea72-4110-ae31-f8e29c8f0763'
}
[2025-12-02T17:12:48.187Z] [App] [INFO] rbac.update_role.success {
  userId: '9f88e1b9-a846-423b-a840-81d62877f2e9',
  oldRole: 'TEAM_MEMBER',
  newRole: 'TEAM_EDITOR',
  resourceType: 'team',
  resourceId: '8f8647cd-b204-45d0-81d8-e350f40507dd'
}
[2025-12-02T17:12:48.187Z] [App] [INFO] rbac.update_billable_seats { teamId: '8f8647cd-b204-45d0-81d8-e350f40507dd', billableSeats: 1 }
[2025-12-02T17:12:48.189Z] [App] [INFO] rbac.assign_role.success {
  userId: '9f88e1b9-a846-423b-a840-81d62877f2e9',
  role: 'TEAM_OWNER',
  resourceType: 'team',
  resourceId: '8f8647cd-b204-45d0-81d8-e350f40507dd',
  roleId: '5d8fefd2-91eb-4bb2-80ad-e131ef00a7ac'
}

stderr | src/server/auth/__tests__/verify-email.property.test.ts > Property 5: Valid verification marks user as verified > should not verify user with invalid token signature
{"eventId":"68f6d23d-ccb9-432b-8233-e6982060524f","eventType":"auth.token.tampered","timestamp":"2025-12-02T17:12:48.283Z","outcome":"failure","userId":"cb578b4b-856f-487b-abe9-195b5dc573b0","errorCode":"INVALID_TOKEN_SIGNATURE","errorMessage":"Token signature is invalid","metadata":{"tokenType":"email_verification","reason":"invalid_signature"}}

stdout | src/server/auth/__tests__/rbac.test.ts > RBAC - Property-Based Tests > Property 20: Editor roles mark billable seats
[2025-12-02T17:12:48.317Z] [App] [INFO] rbac.assign_role.success {
  userId: '50791fc8-1fc6-4cdb-b882-5d4aef6ecce9',
  role: 'TEAM_EDITOR',
  resourceType: 'team',
  resourceId: '8f8647cd-b204-45d0-81d8-e350f40507dd',
  roleId: 'f77be792-d201-4354-8d98-779d31494878'
}
[2025-12-02T17:12:48.318Z] [App] [INFO] rbac.update_billable_seats { teamId: '8f8647cd-b204-45d0-81d8-e350f40507dd', billableSeats: 2 }
[2025-12-02T17:12:48.319Z] [App] [INFO] rbac.remove_role.success {
  userId: '50791fc8-1fc6-4cdb-b882-5d4aef6ecce9',
  role: 'TEAM_EDITOR',
  resourceType: 'team',
  resourceId: '8f8647cd-b204-45d0-81d8-e350f40507dd'
}
[2025-12-02T17:12:48.320Z] [App] [INFO] rbac.update_billable_seats { teamId: '8f8647cd-b204-45d0-81d8-e350f40507dd', billableSeats: 1 }

stderr | src/server/auth/__tests__/verify-email.property.test.ts > Property 5: Valid verification marks user as verified > should not verify user with invalid token signature
{"eventId":"ca531ba7-f7d5-4df7-9a0e-f0690d74e8c1","eventType":"auth.token.tampered","timestamp":"2025-12-02T17:12:48.477Z","outcome":"failure","userId":"afc51b3f-949c-4551-86ed-4a4f50e5ff16","errorCode":"INVALID_TOKEN_SIGNATURE","errorMessage":"Token signature is invalid","metadata":{"tokenType":"email_verification","reason":"invalid_signature"}}

stdout | src/server/auth/__tests__/rbac.test.ts > RBAC - Property-Based Tests > Property 20: Editor roles mark billable seats
[2025-12-02T17:12:48.539Z] [App] [INFO] rbac.assign_role.success {
  userId: '203fb1de-12b0-4653-9980-3cdbca3d3151',
  role: 'TEAM_MEMBER',
  resourceType: 'team',
  resourceId: 'aca9f9c8-9438-450f-8e7b-827820c90dfc',
  roleId: '1ab7e7c8-307b-48bb-bbd8-b6d4aa910685'
}
[2025-12-02T17:12:48.543Z] [App] [INFO] rbac.assign_role.success {
  userId: '203fb1de-12b0-4653-9980-3cdbca3d3151',
  role: 'PROJECT_EDITOR',
  resourceType: 'project',
  resourceId: 'b5ed0946-56b6-4955-a818-6afb2dbf8e8e',
  roleId: '0ef64cae-5fcf-4b0d-b29c-265de95cf555'
}
[2025-12-02T17:12:48.550Z] [App] [INFO] rbac.update_role.success {
  userId: '203fb1de-12b0-4653-9980-3cdbca3d3151',
  oldRole: 'TEAM_MEMBER',
  newRole: 'TEAM_EDITOR',
  resourceType: 'team',
  resourceId: 'aca9f9c8-9438-450f-8e7b-827820c90dfc'
}
[2025-12-02T17:12:48.551Z] [App] [INFO] rbac.update_billable_seats { teamId: 'aca9f9c8-9438-450f-8e7b-827820c90dfc', billableSeats: 1 }
[2025-12-02T17:12:48.556Z] [App] [INFO] rbac.assign_role.success {
  userId: '203fb1de-12b0-4653-9980-3cdbca3d3151',
  role: 'TEAM_OWNER',
  resourceType: 'team',
  resourceId: 'aca9f9c8-9438-450f-8e7b-827820c90dfc',
  roleId: 'cca2377d-f8f3-4e4b-8c31-2a798c59d206'
}

stderr | src/server/auth/__tests__/verify-email.property.test.ts > Property 5: Valid verification marks user as verified > should not verify user with invalid token signature
{"eventId":"4352b22c-f669-44b9-abd5-a70a21c175e1","eventType":"auth.token.tampered","timestamp":"2025-12-02T17:12:48.687Z","outcome":"failure","userId":"c5899117-5b35-4863-8c7b-925287676921","errorCode":"INVALID_TOKEN_SIGNATURE","errorMessage":"Token signature is invalid","metadata":{"tokenType":"email_verification","reason":"invalid_signature"}}

stdout | src/server/auth/__tests__/rbac.test.ts > RBAC - Property-Based Tests > Property 20: Editor roles mark billable seats
[2025-12-02T17:12:48.754Z] [App] [INFO] rbac.assign_role.success {
  userId: '33af1150-a119-4b52-9d59-d0f39c481e46',
  role: 'TEAM_EDITOR',
  resourceType: 'team',
  resourceId: 'aca9f9c8-9438-450f-8e7b-827820c90dfc',
  roleId: '692d1baa-7b52-42f0-863e-0041263c9a73'
}
[2025-12-02T17:12:48.755Z] [App] [INFO] rbac.update_billable_seats { teamId: 'aca9f9c8-9438-450f-8e7b-827820c90dfc', billableSeats: 2 }
[2025-12-02T17:12:48.756Z] [App] [INFO] rbac.remove_role.success {
  userId: '33af1150-a119-4b52-9d59-d0f39c481e46',
  role: 'TEAM_EDITOR',
  resourceType: 'team',
  resourceId: 'aca9f9c8-9438-450f-8e7b-827820c90dfc'
}
[2025-12-02T17:12:48.757Z] [App] [INFO] rbac.update_billable_seats { teamId: 'aca9f9c8-9438-450f-8e7b-827820c90dfc', billableSeats: 1 }

stderr | src/server/auth/__tests__/verify-email.property.test.ts > Property 5: Valid verification marks user as verified > should not verify user with invalid token signature
{"eventId":"0fcb4bc5-14c3-44a7-a2ad-5475191ad8f3","eventType":"auth.token.tampered","timestamp":"2025-12-02T17:12:48.843Z","outcome":"failure","userId":"0080e9e6-46a9-43df-8c02-ff082e9de24f","errorCode":"INVALID_TOKEN_SIGNATURE","errorMessage":"Token signature is invalid","metadata":{"tokenType":"email_verification","reason":"invalid_signature"}}

stdout | src/server/auth/__tests__/rbac.test.ts > RBAC - Property-Based Tests > Property 20: Editor roles mark billable seats
[2025-12-02T17:12:48.915Z] [App] [INFO] rbac.assign_role.success {
  userId: 'd9f6be6b-60df-4dda-b03f-ef04a2b1b4e9',
  role: 'TEAM_MEMBER',
  resourceType: 'team',
  resourceId: '1240d900-6a5a-4d69-836a-64cb7253bbc1',
  roleId: '63475583-fc53-4ac0-8d3f-6f76fec23872'
}
[2025-12-02T17:12:48.918Z] [App] [INFO] rbac.assign_role.success {
  userId: 'd9f6be6b-60df-4dda-b03f-ef04a2b1b4e9',
  role: 'PROJECT_OWNER',
  resourceType: 'project',
  resourceId: '045b11b9-5c6e-44c9-9b5f-3ffc96f8930a',
  roleId: '073a40c4-6025-49f5-a13e-2232e8894cdb'
}
[2025-12-02T17:12:48.919Z] [App] [INFO] rbac.update_role.success {
  userId: 'd9f6be6b-60df-4dda-b03f-ef04a2b1b4e9',
  oldRole: 'TEAM_MEMBER',
  newRole: 'TEAM_EDITOR',
  resourceType: 'team',
  resourceId: '1240d900-6a5a-4d69-836a-64cb7253bbc1'
}
[2025-12-02T17:12:48.919Z] [App] [INFO] rbac.update_billable_seats { teamId: '1240d900-6a5a-4d69-836a-64cb7253bbc1', billableSeats: 1 }
[2025-12-02T17:12:48.921Z] [App] [INFO] rbac.assign_role.success {
  userId: 'd9f6be6b-60df-4dda-b03f-ef04a2b1b4e9',
  role: 'TEAM_OWNER',
  resourceType: 'team',
  resourceId: '1240d900-6a5a-4d69-836a-64cb7253bbc1',
  roleId: '71907647-f7c8-47a3-98f7-e3c459dc20a3'
}

stderr | src/server/auth/__tests__/verify-email.property.test.ts > Property 5: Valid verification marks user as verified > should not verify user with invalid token signature
{"eventId":"95edd451-d966-41e5-b32e-8b1425a124b6","eventType":"auth.token.tampered","timestamp":"2025-12-02T17:12:48.988Z","outcome":"failure","userId":"e4775237-8a5d-479c-8e56-5ed1f3d3d7a4","errorCode":"INVALID_TOKEN_SIGNATURE","errorMessage":"Token signature is invalid","metadata":{"tokenType":"email_verification","reason":"invalid_signature"}}

stdout | src/server/auth/__tests__/rbac.test.ts > RBAC - Property-Based Tests > Property 20: Editor roles mark billable seats
[2025-12-02T17:12:49.049Z] [App] [INFO] rbac.assign_role.success {
  userId: 'c6faaa17-3ec0-4bca-8a95-b9f944c75296',
  role: 'TEAM_EDITOR',
  resourceType: 'team',
  resourceId: '1240d900-6a5a-4d69-836a-64cb7253bbc1',
  roleId: 'ca025970-7aba-46f5-a7a5-fe91277d6afa'
}
[2025-12-02T17:12:49.050Z] [App] [INFO] rbac.update_billable_seats { teamId: '1240d900-6a5a-4d69-836a-64cb7253bbc1', billableSeats: 2 }
[2025-12-02T17:12:49.051Z] [App] [INFO] rbac.remove_role.success {
  userId: 'c6faaa17-3ec0-4bca-8a95-b9f944c75296',
  role: 'TEAM_EDITOR',
  resourceType: 'team',
  resourceId: '1240d900-6a5a-4d69-836a-64cb7253bbc1'
}
[2025-12-02T17:12:49.052Z] [App] [INFO] rbac.update_billable_seats { teamId: '1240d900-6a5a-4d69-836a-64cb7253bbc1', billableSeats: 1 }

stderr | src/server/auth/__tests__/verify-email.property.test.ts > Property 5: Valid verification marks user as verified > should not verify user with invalid token signature
{"eventId":"06195a51-5c9e-4347-81de-f5424fff7313","eventType":"auth.token.tampered","timestamp":"2025-12-02T17:12:49.099Z","outcome":"failure","userId":"15341abf-ea76-42c5-bf5f-803ab13688c7","errorCode":"INVALID_TOKEN_SIGNATURE","errorMessage":"Token signature is invalid","metadata":{"tokenType":"email_verification","reason":"invalid_signature"}}

 ✓ src/server/auth/__tests__/signup.property.test.ts (7 tests) 44773ms
   ✓ Property 1: Valid registration creates user with hashed password > should hash passwords securely for any valid password 6631ms
   ✓ Property 1: Valid registration creates user with hashed password > should create different hashes for the same password 7696ms
   ✓ Property 1: Valid registration creates user with hashed password > should verify password multiple times consistently 8483ms
   ✓ Property 1: Valid registration creates user with hashed password > should reject incorrect passwords consistently 11444ms
   ✓ Property 1: Valid registration creates user with hashed password > should handle edge cases in password content 10361ms
stdout | src/server/auth/__tests__/rbac.test.ts > RBAC - Property-Based Tests > Property 20: Editor roles mark billable seats
[2025-12-02T17:12:49.191Z] [App] [INFO] rbac.assign_role.success {
  userId: '5552411b-1523-4959-bbd6-99bcb923ea69',
  role: 'TEAM_MEMBER',
  resourceType: 'team',
  resourceId: 'c6a540eb-5deb-426a-b85b-4705e5b6b6f1',
  roleId: 'b09349f5-ce32-4881-9758-f936f2a6cceb'
}
[2025-12-02T17:12:49.196Z] [App] [INFO] rbac.assign_role.success {
  userId: '5552411b-1523-4959-bbd6-99bcb923ea69',
  role: 'PROJECT_OWNER',
  resourceType: 'project',
  resourceId: 'c19e711a-3206-4b5a-9e37-cd10b1846376',
  roleId: '1054b3d5-2ae0-4145-b020-6d281dbc8d4a'
}
[2025-12-02T17:12:49.201Z] [App] [INFO] rbac.update_role.success {
  userId: '5552411b-1523-4959-bbd6-99bcb923ea69',
  oldRole: 'TEAM_MEMBER',
  newRole: 'TEAM_EDITOR',
  resourceType: 'team',
  resourceId: 'c6a540eb-5deb-426a-b85b-4705e5b6b6f1'
}
[2025-12-02T17:12:49.202Z] [App] [INFO] rbac.update_billable_seats { teamId: 'c6a540eb-5deb-426a-b85b-4705e5b6b6f1', billableSeats: 1 }
[2025-12-02T17:12:49.203Z] [App] [INFO] rbac.assign_role.success {
  userId: '5552411b-1523-4959-bbd6-99bcb923ea69',
  role: 'TEAM_OWNER',
  resourceType: 'team',
  resourceId: 'c6a540eb-5deb-426a-b85b-4705e5b6b6f1',
  roleId: '22b5bc78-306b-48ba-ac20-708d83e190c9'
}

stderr | src/server/auth/__tests__/verify-email.property.test.ts > Property 5: Valid verification marks user as verified > should not verify user with invalid token signature
{"eventId":"a3093832-af47-4bcc-9cb5-3d96d53c3f36","eventType":"auth.token.tampered","timestamp":"2025-12-02T17:12:49.230Z","outcome":"failure","userId":"806ee8a2-6b52-47c3-864f-65320170d6ea","errorCode":"INVALID_TOKEN_SIGNATURE","errorMessage":"Token signature is invalid","metadata":{"tokenType":"email_verification","reason":"invalid_signature"}}

stdout | src/server/auth/__tests__/rbac.test.ts > RBAC - Property-Based Tests > Property 20: Editor roles mark billable seats
[2025-12-02T17:12:49.332Z] [App] [INFO] rbac.assign_role.success {
  userId: 'ff859d87-0526-4730-961e-55b9cc080bbc',
  role: 'TEAM_EDITOR',
  resourceType: 'team',
  resourceId: 'c6a540eb-5deb-426a-b85b-4705e5b6b6f1',
  roleId: '0617f0b3-a293-45ff-8d1b-ebe12cf12c66'
}
[2025-12-02T17:12:49.333Z] [App] [INFO] rbac.update_billable_seats { teamId: 'c6a540eb-5deb-426a-b85b-4705e5b6b6f1', billableSeats: 2 }
[2025-12-02T17:12:49.334Z] [App] [INFO] rbac.remove_role.success {
  userId: 'ff859d87-0526-4730-961e-55b9cc080bbc',
  role: 'TEAM_EDITOR',
  resourceType: 'team',
  resourceId: 'c6a540eb-5deb-426a-b85b-4705e5b6b6f1'
}
[2025-12-02T17:12:49.335Z] [App] [INFO] rbac.update_billable_seats { teamId: 'c6a540eb-5deb-426a-b85b-4705e5b6b6f1', billableSeats: 1 }

stderr | src/server/auth/__tests__/verify-email.property.test.ts > Property 5: Valid verification marks user as verified > should not verify user with invalid token signature
{"eventId":"8873916a-85f8-427c-ad21-1fbda80f3f7d","eventType":"auth.token.tampered","timestamp":"2025-12-02T17:12:49.373Z","outcome":"failure","userId":"54fcdf09-3566-419d-b225-173f23e426c3","errorCode":"INVALID_TOKEN_SIGNATURE","errorMessage":"Token signature is invalid","metadata":{"tokenType":"email_verification","reason":"invalid_signature"}}

stdout | src/server/auth/__tests__/rbac.test.ts > RBAC - Property-Based Tests > Property 20: Editor roles mark billable seats
[2025-12-02T17:12:49.458Z] [App] [INFO] rbac.assign_role.success {
  userId: 'c901a3a1-e8e8-44b2-9113-f8d227592205',
  role: 'TEAM_MEMBER',
  resourceType: 'team',
  resourceId: 'ec3e4778-02e0-4bde-851b-cdfda9b4c6d0',
  roleId: 'b3452bd6-e1f7-46b8-8db2-8d8f92fbc7b1'
}
[2025-12-02T17:12:49.459Z] [App] [INFO] rbac.assign_role.success {
  userId: 'c901a3a1-e8e8-44b2-9113-f8d227592205',
  role: 'PROJECT_EDITOR',
  resourceType: 'project',
  resourceId: 'f76fc9f3-527e-4e21-a0b7-1c4d82f2a445',
  roleId: '83e043ab-07e6-4032-b8f6-1ba552380b56'
}
[2025-12-02T17:12:49.460Z] [App] [INFO] rbac.update_role.success {
  userId: 'c901a3a1-e8e8-44b2-9113-f8d227592205',
  oldRole: 'TEAM_MEMBER',
  newRole: 'TEAM_EDITOR',
  resourceType: 'team',
  resourceId: 'ec3e4778-02e0-4bde-851b-cdfda9b4c6d0'
}
[2025-12-02T17:12:49.461Z] [App] [INFO] rbac.update_billable_seats { teamId: 'ec3e4778-02e0-4bde-851b-cdfda9b4c6d0', billableSeats: 1 }
[2025-12-02T17:12:49.464Z] [App] [INFO] rbac.assign_role.success {
  userId: 'c901a3a1-e8e8-44b2-9113-f8d227592205',
  role: 'TEAM_OWNER',
  resourceType: 'team',
  resourceId: 'ec3e4778-02e0-4bde-851b-cdfda9b4c6d0',
  roleId: 'a8b9706e-5708-4bd4-8a46-5eb703584095'
}

stderr | src/server/auth/__tests__/verify-email.property.test.ts > Property 5: Valid verification marks user as verified > should not verify user with invalid token signature
{"eventId":"1fd28ed3-eaa7-4cd9-9b8a-cd997e816f81","eventType":"auth.token.tampered","timestamp":"2025-12-02T17:12:49.482Z","outcome":"failure","userId":"74c21c4c-b092-4586-b790-f966da6a8c58","errorCode":"INVALID_TOKEN_SIGNATURE","errorMessage":"Token signature is invalid","metadata":{"tokenType":"email_verification","reason":"invalid_signature"}}

stderr | src/server/auth/__tests__/verify-email.property.test.ts > Property 5: Valid verification marks user as verified > should not verify user with invalid token signature
{"eventId":"0561f2a4-5228-40e5-bec8-3383c8b4404d","eventType":"auth.token.tampered","timestamp":"2025-12-02T17:12:49.596Z","outcome":"failure","userId":"02c55cf0-36c4-41ef-8b86-275c44489df9","errorCode":"INVALID_TOKEN_SIGNATURE","errorMessage":"Token signature is invalid","metadata":{"tokenType":"email_verification","reason":"invalid_signature"}}

stdout | src/server/auth/__tests__/rbac.test.ts > RBAC - Property-Based Tests > Property 20: Editor roles mark billable seats
[2025-12-02T17:12:49.579Z] [App] [INFO] rbac.assign_role.success {
  userId: 'a11db600-ac7f-4cd6-808f-c384e6f5adf4',
  role: 'TEAM_EDITOR',
  resourceType: 'team',
  resourceId: 'ec3e4778-02e0-4bde-851b-cdfda9b4c6d0',
  roleId: '22917bc4-2967-4c0b-91ee-7a7c66d088f4'
}
[2025-12-02T17:12:49.580Z] [App] [INFO] rbac.update_billable_seats { teamId: 'ec3e4778-02e0-4bde-851b-cdfda9b4c6d0', billableSeats: 2 }
[2025-12-02T17:12:49.581Z] [App] [INFO] rbac.remove_role.success {
  userId: 'a11db600-ac7f-4cd6-808f-c384e6f5adf4',
  role: 'TEAM_EDITOR',
  resourceType: 'team',
  resourceId: 'ec3e4778-02e0-4bde-851b-cdfda9b4c6d0'
}
[2025-12-02T17:12:49.581Z] [App] [INFO] rbac.update_billable_seats { teamId: 'ec3e4778-02e0-4bde-851b-cdfda9b4c6d0', billableSeats: 1 }

stderr | src/server/auth/__tests__/verify-email.property.test.ts > Property 5: Valid verification marks user as verified > should not verify user with invalid token signature
{"eventId":"93e8c848-ff2e-4228-866a-c10c06ae27fb","eventType":"auth.token.tampered","timestamp":"2025-12-02T17:12:49.720Z","outcome":"failure","userId":"a9822fec-bfd7-48e5-a3c6-863f1cef8548","errorCode":"INVALID_TOKEN_SIGNATURE","errorMessage":"Token signature is invalid","metadata":{"tokenType":"email_verification","reason":"invalid_signature"}}

stderr | src/server/auth/__tests__/verify-email.property.test.ts > Property 5: Valid verification marks user as verified > should not verify user with invalid token signature
{"eventId":"974c9b5c-6be4-450d-919e-80f8e9079556","eventType":"auth.token.tampered","timestamp":"2025-12-02T17:12:49.834Z","outcome":"failure","userId":"d3eb67d4-b3a4-4467-a404-74a7c4fcc308","errorCode":"INVALID_TOKEN_SIGNATURE","errorMessage":"Token signature is invalid","metadata":{"tokenType":"email_verification","reason":"invalid_signature"}}

stdout | src/server/auth/__tests__/rbac.test.ts > RBAC - Property-Based Tests > Edge case: Unverified users can have roles assigned
[2025-12-02T17:12:49.828Z] [App] [INFO] rbac.assign_role.success {
  userId: '2048364b-ea8c-4543-93e0-6a7d4b966d8c',
  role: 'TEAM_MEMBER',
  resourceType: 'team',
  resourceId: '7227f89a-d7c6-4dd2-bc2a-ed6c76fc10a2',
  roleId: '5ed31f39-6e23-466d-9b22-bdc30d4f3419'
}

stderr | src/server/auth/__tests__/verify-email.property.test.ts > Property 5: Valid verification marks user as verified > should not verify user with invalid token signature
{"eventId":"80940e5a-efff-45a1-88d2-14b6b4e96a9b","eventType":"auth.token.tampered","timestamp":"2025-12-02T17:12:49.950Z","outcome":"failure","errorCode":"INVALID_TOKEN_FORMAT","errorMessage":"Token format is invalid","metadata":{"tokenType":"email_verification","reason":"invalid_format"}}

stderr | src/server/auth/__tests__/verify-email.property.test.ts > Property 5: Valid verification marks user as verified > should not verify user with invalid token signature
{"eventId":"a135a6b3-a844-4508-8b18-f9f5801aca52","eventType":"auth.token.tampered","timestamp":"2025-12-02T17:12:50.061Z","outcome":"failure","userId":"f1ebe4c9-a9d8-4039-8c89-67fbb9a09404","errorCode":"INVALID_TOKEN_SIGNATURE","errorMessage":"Token signature is invalid","metadata":{"tokenType":"email_verification","reason":"invalid_signature"}}

stderr | src/server/auth/__tests__/verify-email.property.test.ts > Property 5: Valid verification marks user as verified > should not verify user with invalid token signature
{"eventId":"27cd6d6c-cf35-4eb6-8af4-c5626f8ba635","eventType":"auth.token.tampered","timestamp":"2025-12-02T17:12:50.181Z","outcome":"failure","userId":"9fe484e5-ebdf-4420-8cf5-c3f3e7aae0c4","errorCode":"INVALID_TOKEN_SIGNATURE","errorMessage":"Token signature is invalid","metadata":{"tokenType":"email_verification","reason":"invalid_signature"}}

stdout | src/server/auth/__tests__/rbac.test.ts > RBAC - Property-Based Tests > Edge case: User can have multiple roles in different resources
[2025-12-02T17:12:50.137Z] [App] [INFO] rbac.assign_role.success {
  userId: '0298334a-1c13-4616-a90e-979404aa5011',
  role: 'TEAM_OWNER',
  resourceType: 'team',
  resourceId: '11b9b0be-9789-4f30-a747-6ff32030015d',
  roleId: 'b31c741f-cde5-4030-ab92-dbe02899742e'
}
[2025-12-02T17:12:50.137Z] [App] [INFO] rbac.assign_role.success {
  userId: '0298334a-1c13-4616-a90e-979404aa5011',
  role: 'TEAM_MEMBER',
  resourceType: 'team',
  resourceId: '4c5f2239-f1f8-4643-b206-3e7c958b3ff6',
  roleId: 'af8df84e-a4d6-4421-a8bf-90126aad6ae1'
}
[2025-12-02T17:12:50.138Z] [App] [INFO] rbac.assign_role.success {
  userId: '0298334a-1c13-4616-a90e-979404aa5011',
  role: 'PROJECT_EDITOR',
  resourceType: 'project',
  resourceId: 'b40c1869-a1ba-4048-90cf-6b8e96957806',
  roleId: '378e6b71-2577-46be-8e88-5a6ec8e48b8f'
}

 ✓ src/server/auth/__tests__/rbac.test.ts (8 tests) 102402ms
   ✓ RBAC - Property-Based Tests > Property 18: Verified users receive default roles 22493ms
   ✓ RBAC - Property-Based Tests > Property: Role assignment is idempotent 10767ms
   ✓ RBAC - Property-Based Tests > Property: Role assignment validates role type 4452ms
   ✓ RBAC - Property-Based Tests > Property: Multiple users can have the same role 13358ms
   ✓ RBAC - Property-Based Tests > Property 20: Editor roles mark billable seats 50716ms
stderr | src/server/auth/__tests__/verify-email.property.test.ts > Property 5: Valid verification marks user as verified > should not verify user with invalid token signature
{"eventId":"7e78752d-f280-449b-ad42-9909ce5fbedf","eventType":"auth.token.tampered","timestamp":"2025-12-02T17:12:50.617Z","outcome":"failure","userId":"71a97f9c-e15b-4e9b-bfb7-d11d7e016783","errorCode":"INVALID_TOKEN_SIGNATURE","errorMessage":"Token signature is invalid","metadata":{"tokenType":"email_verification","reason":"invalid_signature"}}

stderr | src/server/auth/__tests__/verify-email.property.test.ts > Property 5: Valid verification marks user as verified > should not verify user with invalid token signature
{"eventId":"cbd9f43e-7812-4c0e-8f77-c44491e4a5eb","eventType":"auth.token.tampered","timestamp":"2025-12-02T17:12:50.766Z","outcome":"failure","userId":"37106e59-fb4e-4760-9a4a-8b39ca2a2987","errorCode":"INVALID_TOKEN_SIGNATURE","errorMessage":"Token signature is invalid","metadata":{"tokenType":"email_verification","reason":"invalid_signature"}}

stderr | src/server/auth/__tests__/verify-email.property.test.ts > Property 5: Valid verification marks user as verified > should not verify user with invalid token signature
{"eventId":"9d35a4c2-dbb4-47fe-a1c0-7e8ee0bbfac6","eventType":"auth.token.tampered","timestamp":"2025-12-02T17:12:50.912Z","outcome":"failure","errorCode":"INVALID_TOKEN_FORMAT","errorMessage":"Token format is invalid","metadata":{"tokenType":"email_verification","reason":"invalid_format"}}

stderr | src/server/auth/__tests__/verify-email.property.test.ts > Property 5: Valid verification marks user as verified > should not verify user with invalid token signature
{"eventId":"c7708303-1d93-4525-98e2-294917d42f87","eventType":"auth.token.tampered","timestamp":"2025-12-02T17:12:51.021Z","outcome":"failure","errorCode":"INVALID_TOKEN_FORMAT","errorMessage":"Token format is invalid","metadata":{"tokenType":"email_verification","reason":"invalid_format"}}

stderr | src/server/auth/__tests__/verify-email.property.test.ts > Property 5: Valid verification marks user as verified > should not verify user with invalid token signature
{"eventId":"cf267c52-ea3b-47b3-8c01-7f6d2f473f74","eventType":"auth.token.tampered","timestamp":"2025-12-02T17:12:51.114Z","outcome":"failure","userId":"4abd8c4d-0711-4c18-9cca-85766e511607","errorCode":"INVALID_TOKEN_SIGNATURE","errorMessage":"Token signature is invalid","metadata":{"tokenType":"email_verification","reason":"invalid_signature"}}

stderr | src/server/auth/__tests__/verify-email.property.test.ts > Property 5: Valid verification marks user as verified > should not verify user with invalid token signature
{"eventId":"bcd63d45-cf70-48eb-b86f-f96ca9b93ea8","eventType":"auth.token.tampered","timestamp":"2025-12-02T17:12:51.224Z","outcome":"failure","userId":"260ed1aa-cc14-4a36-8a23-9d13fc69cbd6","errorCode":"INVALID_TOKEN_SIGNATURE","errorMessage":"Token signature is invalid","metadata":{"tokenType":"email_verification","reason":"invalid_signature"}}

stderr | src/server/auth/__tests__/verify-email.property.test.ts > Property 5: Valid verification marks user as verified > should not verify user with invalid token signature
{"eventId":"ecdfed8f-9ba0-4d39-98c9-2a9aa08d2a40","eventType":"auth.token.tampered","timestamp":"2025-12-02T17:12:51.325Z","outcome":"failure","userId":"9965dec4-c608-49d4-91e2-d0db8d81663a","errorCode":"INVALID_TOKEN_SIGNATURE","errorMessage":"Token signature is invalid","metadata":{"tokenType":"email_verification","reason":"invalid_signature"}}

stderr | src/server/auth/__tests__/verify-email.property.test.ts > Property 5: Valid verification marks user as verified > should not verify user with invalid token signature
{"eventId":"bd406117-9ad1-4c94-a52d-7348c976a9eb","eventType":"auth.token.tampered","timestamp":"2025-12-02T17:12:51.422Z","outcome":"failure","userId":"f1adafd5-9cb1-41c2-91d3-7b3f08de5b91","errorCode":"INVALID_TOKEN_SIGNATURE","errorMessage":"Token signature is invalid","metadata":{"tokenType":"email_verification","reason":"invalid_signature"}}

stderr | src/server/auth/__tests__/verify-email.property.test.ts > Property 5: Valid verification marks user as verified > should not verify user with invalid token signature
{"eventId":"8e29aab0-068a-4f08-bfba-c621cb38acb7","eventType":"auth.token.tampered","timestamp":"2025-12-02T17:12:51.515Z","outcome":"failure","userId":"56d8bc9a-ea56-4a01-84d8-7b35256f0d40","errorCode":"INVALID_TOKEN_SIGNATURE","errorMessage":"Token signature is invalid","metadata":{"tokenType":"email_verification","reason":"invalid_signature"}}

stderr | src/server/auth/__tests__/verify-email.property.test.ts > Property 5: Valid verification marks user as verified > should not verify user with invalid token signature
{"eventId":"9c649637-07ea-49a8-847b-b847b4d76712","eventType":"auth.token.tampered","timestamp":"2025-12-02T17:12:51.611Z","outcome":"failure","userId":"275f1744-801a-4245-b148-145d77bb0796","errorCode":"INVALID_TOKEN_SIGNATURE","errorMessage":"Token signature is invalid","metadata":{"tokenType":"email_verification","reason":"invalid_signature"}}

stderr | src/server/auth/__tests__/verify-email.property.test.ts > Property 5: Valid verification marks user as verified > should not verify user with invalid token signature
{"eventId":"95dae702-1062-42e2-8d78-e7672000ddc1","eventType":"auth.token.tampered","timestamp":"2025-12-02T17:12:51.716Z","outcome":"failure","userId":"d55f6b56-9a2f-4a5d-bb57-6402bff6f555","errorCode":"INVALID_TOKEN_SIGNATURE","errorMessage":"Token signature is invalid","metadata":{"tokenType":"email_verification","reason":"invalid_signature"}}

stderr | src/server/auth/__tests__/verify-email.property.test.ts > Property 5: Valid verification marks user as verified > should not verify user with invalid token signature
{"eventId":"807828e8-64e8-4494-b82b-cc13fa74bcd6","eventType":"auth.token.tampered","timestamp":"2025-12-02T17:12:51.830Z","outcome":"failure","userId":"dc90d857-15c5-4ff6-8e30-ae5b903f2aae","errorCode":"INVALID_TOKEN_SIGNATURE","errorMessage":"Token signature is invalid","metadata":{"tokenType":"email_verification","reason":"invalid_signature"}}

stderr | src/server/auth/__tests__/verify-email.property.test.ts > Property 5: Valid verification marks user as verified > should not verify user with invalid token signature
{"eventId":"e87a40c9-7e63-4e14-8fd2-429f1ecff60f","eventType":"auth.token.tampered","timestamp":"2025-12-02T17:12:51.957Z","outcome":"failure","userId":"452510a6-661b-41a8-83a9-9d33ac63dbc4","errorCode":"INVALID_TOKEN_SIGNATURE","errorMessage":"Token signature is invalid","metadata":{"tokenType":"email_verification","reason":"invalid_signature"}}

stderr | src/server/auth/__tests__/verify-email.property.test.ts > Property 5: Valid verification marks user as verified > should not verify user with invalid token signature
{"eventId":"084ade5c-2d80-42e9-9012-e42541c15922","eventType":"auth.token.tampered","timestamp":"2025-12-02T17:12:52.070Z","outcome":"failure","userId":"c862d906-4654-43c5-a95c-c08a943b3d5c","errorCode":"INVALID_TOKEN_SIGNATURE","errorMessage":"Token signature is invalid","metadata":{"tokenType":"email_verification","reason":"invalid_signature"}}

stderr | src/server/auth/__tests__/verify-email.property.test.ts > Property 5: Valid verification marks user as verified > should not verify user with invalid token signature
{"eventId":"a4c55af7-54a7-4ebb-82ea-f7abcfca8f35","eventType":"auth.token.tampered","timestamp":"2025-12-02T17:12:52.225Z","outcome":"failure","userId":"1cda198f-6934-4d3c-9723-837a9390bc71","errorCode":"INVALID_TOKEN_SIGNATURE","errorMessage":"Token signature is invalid","metadata":{"tokenType":"email_verification","reason":"invalid_signature"}}

stderr | src/server/auth/__tests__/verify-email.property.test.ts > Property 5: Valid verification marks user as verified > should not verify user with invalid token signature
{"eventId":"3ec8dc8f-7802-4852-af3d-ebea527f47cb","eventType":"auth.token.tampered","timestamp":"2025-12-02T17:12:52.335Z","outcome":"failure","userId":"d4f56115-c53e-436e-83d0-ac15329b1cd9","errorCode":"INVALID_TOKEN_SIGNATURE","errorMessage":"Token signature is invalid","metadata":{"tokenType":"email_verification","reason":"invalid_signature"}}

stderr | src/server/auth/__tests__/verify-email.property.test.ts > Property 5: Valid verification marks user as verified > should not verify user with invalid token signature
{"eventId":"c2dd9f36-6064-4050-9672-f02607b3dcbf","eventType":"auth.token.tampered","timestamp":"2025-12-02T17:12:52.443Z","outcome":"failure","userId":"2abc794b-2291-4a71-99ae-acb0c00ff32c","errorCode":"INVALID_TOKEN_SIGNATURE","errorMessage":"Token signature is invalid","metadata":{"tokenType":"email_verification","reason":"invalid_signature"}}

stderr | src/server/auth/__tests__/verify-email.property.test.ts > Property 5: Valid verification marks user as verified > should not verify user with invalid token signature
{"eventId":"e773095a-4ce9-41d0-a763-850b3fca8121","eventType":"auth.token.tampered","timestamp":"2025-12-02T17:12:52.548Z","outcome":"failure","userId":"2919bc88-9e0a-40bc-ba32-39d633390fe8","errorCode":"INVALID_TOKEN_SIGNATURE","errorMessage":"Token signature is invalid","metadata":{"tokenType":"email_verification","reason":"invalid_signature"}}

stderr | src/server/auth/__tests__/verify-email.property.test.ts > Property 5: Valid verification marks user as verified > should not verify user with invalid token signature
{"eventId":"6fc7102b-171b-40d9-a1f3-da368c603193","eventType":"auth.token.tampered","timestamp":"2025-12-02T17:12:52.640Z","outcome":"failure","errorCode":"INVALID_TOKEN_FORMAT","errorMessage":"Token format is invalid","metadata":{"tokenType":"email_verification","reason":"invalid_format"}}

stderr | src/server/auth/__tests__/verify-email.property.test.ts > Property 5: Valid verification marks user as verified > should not verify user with invalid token signature
{"eventId":"54942d54-a4c2-42ec-86e7-68d3d5510386","eventType":"auth.token.tampered","timestamp":"2025-12-02T17:12:52.735Z","outcome":"failure","userId":"a247415a-8f45-45fd-908f-faf6de192083","errorCode":"INVALID_TOKEN_SIGNATURE","errorMessage":"Token signature is invalid","metadata":{"tokenType":"email_verification","reason":"invalid_signature"}}

stderr | src/server/auth/__tests__/verify-email.property.test.ts > Property 5: Valid verification marks user as verified > should not verify user with invalid token signature
{"eventId":"c687110b-a514-4fad-961b-d26dceb9e2f3","eventType":"auth.token.tampered","timestamp":"2025-12-02T17:12:52.826Z","outcome":"failure","userId":"6dcc0f09-3e42-40f8-ad47-678e5e7f5024","errorCode":"INVALID_TOKEN_SIGNATURE","errorMessage":"Token signature is invalid","metadata":{"tokenType":"email_verification","reason":"invalid_signature"}}

stderr | src/server/auth/__tests__/verify-email.property.test.ts > Property 5: Valid verification marks user as verified > should not verify user with invalid token signature
{"eventId":"63724e60-abee-475c-b632-8d8b47aea6aa","eventType":"auth.token.tampered","timestamp":"2025-12-02T17:12:52.923Z","outcome":"failure","errorCode":"INVALID_TOKEN_FORMAT","errorMessage":"Token format is invalid","metadata":{"tokenType":"email_verification","reason":"invalid_format"}}

stderr | src/server/auth/__tests__/verify-email.property.test.ts > Property 5: Valid verification marks user as verified > should not verify user with invalid token signature
{"eventId":"e1a4cf9d-9c83-4cbe-8d22-2c6084d25891","eventType":"auth.token.tampered","timestamp":"2025-12-02T17:12:53.021Z","outcome":"failure","userId":"1790c47d-83ca-4bbe-938f-824779a6f287","errorCode":"INVALID_TOKEN_SIGNATURE","errorMessage":"Token signature is invalid","metadata":{"tokenType":"email_verification","reason":"invalid_signature"}}

 ✓ src/server/auth/__tests__/password.test.ts (8 tests) 46962ms
   ✓ Password Hashing - Property-Based Tests > Property 23: Passwords are hashed securely 13237ms
   ✓ Password Hashing - Property-Based Tests > Property: Different passwords produce different hashes 8871ms
   ✓ Password Hashing - Property-Based Tests > Property: Multiple hashes of same password all verify correctly 24172ms
   ✓ Password Hashing - Property-Based Tests > Property: Verification time is consistent 417ms
 ✓ src/server/auth/__tests__/verify-email.property.test.ts (6 tests) 90595ms
   ✓ Property 5: Valid verification marks user as verified > should mark user as verified when using valid token 24116ms
   ✓ Property 5: Valid verification marks user as verified > should not verify user with expired token 2286ms
   ✓ Property 5: Valid verification marks user as verified > should not verify user with already-used token 22457ms
   ✓ Property 5: Valid verification marks user as verified > should not verify user with invalid token signature 23731ms
   ✓ Property 5: Valid verification marks user as verified > should handle verification idempotently for already-verified users 9417ms
   ✓ Property 5: Valid verification marks user as verified > should preserve user data when marking as verified 8574ms

 Test Files  69 passed | 1 skipped (70)
      Tests  518 passed | 6 skipped | 1 todo (525)
   Start at  00:10:56
   Duration  134.21s (transform 3.26s, setup 240.84s, collect 24.71s, tests 456.28s, environment 44.72s, prepare 4.99s)

